ARM GAS  C:\Users\Lamp\AppData\Local\Temp\cczIA9Lp.s 			page 1


   1              		.cpu cortex-m3
   2              		.arch armv7-m
   3              		.fpu softvfp
   4              		.eabi_attribute 20, 1
   5              		.eabi_attribute 21, 1
   6              		.eabi_attribute 23, 3
   7              		.eabi_attribute 24, 1
   8              		.eabi_attribute 25, 1
   9              		.eabi_attribute 26, 1
  10              		.eabi_attribute 30, 1
  11              		.eabi_attribute 34, 1
  12              		.eabi_attribute 18, 4
  13              		.file	"arm_fir_init_q7.c"
  14              		.text
  15              	.Ltext0:
  16              		.cfi_sections	.debug_frame
  17              		.file 1 "Drivers/CMSIS/DSP/Source/FilteringFunctions/arm_fir_init_q7.c"
  18              		.section	.text.arm_fir_init_q7,"ax",%progbits
  19              		.align	1
  20              		.global	arm_fir_init_q7
  21              		.syntax unified
  22              		.thumb
  23              		.thumb_func
  25              	arm_fir_init_q7:
  26              	.LVL0:
  27              	.LFB100:
   1:Drivers/CMSIS/DSP/Source/FilteringFunctions/arm_fir_init_q7.c **** /* ----------------------------------------------------------------------
   2:Drivers/CMSIS/DSP/Source/FilteringFunctions/arm_fir_init_q7.c ****  * Project:      CMSIS DSP Library
   3:Drivers/CMSIS/DSP/Source/FilteringFunctions/arm_fir_init_q7.c ****  * Title:        arm_fir_init_q7.c
   4:Drivers/CMSIS/DSP/Source/FilteringFunctions/arm_fir_init_q7.c ****  * Description:  Q7 FIR filter initialization function
   5:Drivers/CMSIS/DSP/Source/FilteringFunctions/arm_fir_init_q7.c ****  *
   6:Drivers/CMSIS/DSP/Source/FilteringFunctions/arm_fir_init_q7.c ****  * $Date:        27. January 2017
   7:Drivers/CMSIS/DSP/Source/FilteringFunctions/arm_fir_init_q7.c ****  * $Revision:    V.1.5.1
   8:Drivers/CMSIS/DSP/Source/FilteringFunctions/arm_fir_init_q7.c ****  *
   9:Drivers/CMSIS/DSP/Source/FilteringFunctions/arm_fir_init_q7.c ****  * Target Processor: Cortex-M cores
  10:Drivers/CMSIS/DSP/Source/FilteringFunctions/arm_fir_init_q7.c ****  * -------------------------------------------------------------------- */
  11:Drivers/CMSIS/DSP/Source/FilteringFunctions/arm_fir_init_q7.c **** /*
  12:Drivers/CMSIS/DSP/Source/FilteringFunctions/arm_fir_init_q7.c ****  * Copyright (C) 2010-2017 ARM Limited or its affiliates. All rights reserved.
  13:Drivers/CMSIS/DSP/Source/FilteringFunctions/arm_fir_init_q7.c ****  *
  14:Drivers/CMSIS/DSP/Source/FilteringFunctions/arm_fir_init_q7.c ****  * SPDX-License-Identifier: Apache-2.0
  15:Drivers/CMSIS/DSP/Source/FilteringFunctions/arm_fir_init_q7.c ****  *
  16:Drivers/CMSIS/DSP/Source/FilteringFunctions/arm_fir_init_q7.c ****  * Licensed under the Apache License, Version 2.0 (the License); you may
  17:Drivers/CMSIS/DSP/Source/FilteringFunctions/arm_fir_init_q7.c ****  * not use this file except in compliance with the License.
  18:Drivers/CMSIS/DSP/Source/FilteringFunctions/arm_fir_init_q7.c ****  * You may obtain a copy of the License at
  19:Drivers/CMSIS/DSP/Source/FilteringFunctions/arm_fir_init_q7.c ****  *
  20:Drivers/CMSIS/DSP/Source/FilteringFunctions/arm_fir_init_q7.c ****  * www.apache.org/licenses/LICENSE-2.0
  21:Drivers/CMSIS/DSP/Source/FilteringFunctions/arm_fir_init_q7.c ****  *
  22:Drivers/CMSIS/DSP/Source/FilteringFunctions/arm_fir_init_q7.c ****  * Unless required by applicable law or agreed to in writing, software
  23:Drivers/CMSIS/DSP/Source/FilteringFunctions/arm_fir_init_q7.c ****  * distributed under the License is distributed on an AS IS BASIS, WITHOUT
  24:Drivers/CMSIS/DSP/Source/FilteringFunctions/arm_fir_init_q7.c ****  * WARRANTIES OR CONDITIONS OF ANY KIND, either express or implied.
  25:Drivers/CMSIS/DSP/Source/FilteringFunctions/arm_fir_init_q7.c ****  * See the License for the specific language governing permissions and
  26:Drivers/CMSIS/DSP/Source/FilteringFunctions/arm_fir_init_q7.c ****  * limitations under the License.
  27:Drivers/CMSIS/DSP/Source/FilteringFunctions/arm_fir_init_q7.c ****  */
  28:Drivers/CMSIS/DSP/Source/FilteringFunctions/arm_fir_init_q7.c **** 
  29:Drivers/CMSIS/DSP/Source/FilteringFunctions/arm_fir_init_q7.c **** #include "arm_math.h"
  30:Drivers/CMSIS/DSP/Source/FilteringFunctions/arm_fir_init_q7.c **** 
  31:Drivers/CMSIS/DSP/Source/FilteringFunctions/arm_fir_init_q7.c **** /**
ARM GAS  C:\Users\Lamp\AppData\Local\Temp\cczIA9Lp.s 			page 2


  32:Drivers/CMSIS/DSP/Source/FilteringFunctions/arm_fir_init_q7.c ****  * @ingroup groupFilters
  33:Drivers/CMSIS/DSP/Source/FilteringFunctions/arm_fir_init_q7.c ****  */
  34:Drivers/CMSIS/DSP/Source/FilteringFunctions/arm_fir_init_q7.c **** 
  35:Drivers/CMSIS/DSP/Source/FilteringFunctions/arm_fir_init_q7.c **** /**
  36:Drivers/CMSIS/DSP/Source/FilteringFunctions/arm_fir_init_q7.c ****  * @addtogroup FIR
  37:Drivers/CMSIS/DSP/Source/FilteringFunctions/arm_fir_init_q7.c ****  * @{
  38:Drivers/CMSIS/DSP/Source/FilteringFunctions/arm_fir_init_q7.c ****  */
  39:Drivers/CMSIS/DSP/Source/FilteringFunctions/arm_fir_init_q7.c **** /**
  40:Drivers/CMSIS/DSP/Source/FilteringFunctions/arm_fir_init_q7.c ****  * @param[in,out] *S points to an instance of the Q7 FIR filter structure.
  41:Drivers/CMSIS/DSP/Source/FilteringFunctions/arm_fir_init_q7.c ****  * @param[in] 	  numTaps  Number of filter coefficients in the filter.
  42:Drivers/CMSIS/DSP/Source/FilteringFunctions/arm_fir_init_q7.c ****  * @param[in] 	  *pCoeffs points to the filter coefficients buffer.
  43:Drivers/CMSIS/DSP/Source/FilteringFunctions/arm_fir_init_q7.c ****  * @param[in]     *pState points to the state buffer.
  44:Drivers/CMSIS/DSP/Source/FilteringFunctions/arm_fir_init_q7.c ****  * @param[in]     blockSize number of samples that are processed per call.
  45:Drivers/CMSIS/DSP/Source/FilteringFunctions/arm_fir_init_q7.c ****  * @return     	  none
  46:Drivers/CMSIS/DSP/Source/FilteringFunctions/arm_fir_init_q7.c ****  *
  47:Drivers/CMSIS/DSP/Source/FilteringFunctions/arm_fir_init_q7.c ****  * <b>Description:</b>
  48:Drivers/CMSIS/DSP/Source/FilteringFunctions/arm_fir_init_q7.c ****  * \par
  49:Drivers/CMSIS/DSP/Source/FilteringFunctions/arm_fir_init_q7.c ****  * <code>pCoeffs</code> points to the array of filter coefficients stored in time reversed order:
  50:Drivers/CMSIS/DSP/Source/FilteringFunctions/arm_fir_init_q7.c ****  * <pre>
  51:Drivers/CMSIS/DSP/Source/FilteringFunctions/arm_fir_init_q7.c ****  *    {b[numTaps-1], b[numTaps-2], b[N-2], ..., b[1], b[0]}
  52:Drivers/CMSIS/DSP/Source/FilteringFunctions/arm_fir_init_q7.c ****  * </pre>
  53:Drivers/CMSIS/DSP/Source/FilteringFunctions/arm_fir_init_q7.c ****  * \par
  54:Drivers/CMSIS/DSP/Source/FilteringFunctions/arm_fir_init_q7.c ****  * <code>pState</code> points to the array of state variables.
  55:Drivers/CMSIS/DSP/Source/FilteringFunctions/arm_fir_init_q7.c ****  * <code>pState</code> is of length <code>numTaps+blockSize-1</code> samples, where <code>blockSize
  56:Drivers/CMSIS/DSP/Source/FilteringFunctions/arm_fir_init_q7.c ****  */
  57:Drivers/CMSIS/DSP/Source/FilteringFunctions/arm_fir_init_q7.c **** 
  58:Drivers/CMSIS/DSP/Source/FilteringFunctions/arm_fir_init_q7.c **** void arm_fir_init_q7(
  59:Drivers/CMSIS/DSP/Source/FilteringFunctions/arm_fir_init_q7.c ****   arm_fir_instance_q7 * S,
  60:Drivers/CMSIS/DSP/Source/FilteringFunctions/arm_fir_init_q7.c ****   uint16_t numTaps,
  61:Drivers/CMSIS/DSP/Source/FilteringFunctions/arm_fir_init_q7.c ****   q7_t * pCoeffs,
  62:Drivers/CMSIS/DSP/Source/FilteringFunctions/arm_fir_init_q7.c ****   q7_t * pState,
  63:Drivers/CMSIS/DSP/Source/FilteringFunctions/arm_fir_init_q7.c ****   uint32_t blockSize)
  64:Drivers/CMSIS/DSP/Source/FilteringFunctions/arm_fir_init_q7.c **** {
  28              		.loc 1 64 1 view -0
  29              		.cfi_startproc
  30              		@ args = 4, pretend = 0, frame = 0
  31              		@ frame_needed = 0, uses_anonymous_args = 0
  32              		.loc 1 64 1 is_stmt 0 view .LVU1
  33 0000 38B5     		push	{r3, r4, r5, lr}
  34              	.LCFI0:
  35              		.cfi_def_cfa_offset 16
  36              		.cfi_offset 3, -16
  37              		.cfi_offset 4, -12
  38              		.cfi_offset 5, -8
  39              		.cfi_offset 14, -4
  40 0002 0446     		mov	r4, r0
  41 0004 1D46     		mov	r5, r3
  65:Drivers/CMSIS/DSP/Source/FilteringFunctions/arm_fir_init_q7.c **** 
  66:Drivers/CMSIS/DSP/Source/FilteringFunctions/arm_fir_init_q7.c ****   /* Assign filter taps */
  67:Drivers/CMSIS/DSP/Source/FilteringFunctions/arm_fir_init_q7.c ****   S->numTaps = numTaps;
  42              		.loc 1 67 3 is_stmt 1 view .LVU2
  43              		.loc 1 67 14 is_stmt 0 view .LVU3
  44 0006 0180     		strh	r1, [r0]	@ movhi
  68:Drivers/CMSIS/DSP/Source/FilteringFunctions/arm_fir_init_q7.c **** 
  69:Drivers/CMSIS/DSP/Source/FilteringFunctions/arm_fir_init_q7.c ****   /* Assign coefficient pointer */
  70:Drivers/CMSIS/DSP/Source/FilteringFunctions/arm_fir_init_q7.c ****   S->pCoeffs = pCoeffs;
  45              		.loc 1 70 3 is_stmt 1 view .LVU4
ARM GAS  C:\Users\Lamp\AppData\Local\Temp\cczIA9Lp.s 			page 3


  46              		.loc 1 70 14 is_stmt 0 view .LVU5
  47 0008 8260     		str	r2, [r0, #8]
  71:Drivers/CMSIS/DSP/Source/FilteringFunctions/arm_fir_init_q7.c **** 
  72:Drivers/CMSIS/DSP/Source/FilteringFunctions/arm_fir_init_q7.c ****   /* Clear the state buffer.  The size is always (blockSize + numTaps - 1) */
  73:Drivers/CMSIS/DSP/Source/FilteringFunctions/arm_fir_init_q7.c ****   memset(pState, 0, (numTaps + (blockSize - 1U)) * sizeof(q7_t));
  48              		.loc 1 73 3 is_stmt 1 view .LVU6
  49              		.loc 1 73 30 is_stmt 0 view .LVU7
  50 000a 049B     		ldr	r3, [sp, #16]
  51              	.LVL1:
  52              		.loc 1 73 30 view .LVU8
  53 000c 1944     		add	r1, r1, r3
  54              	.LVL2:
  55              		.loc 1 73 3 view .LVU9
  56 000e 4A1E     		subs	r2, r1, #1
  57              	.LVL3:
  58              		.loc 1 73 3 view .LVU10
  59 0010 0021     		movs	r1, #0
  60 0012 2846     		mov	r0, r5
  61              	.LVL4:
  62              		.loc 1 73 3 view .LVU11
  63 0014 FFF7FEFF 		bl	memset
  64              	.LVL5:
  74:Drivers/CMSIS/DSP/Source/FilteringFunctions/arm_fir_init_q7.c **** 
  75:Drivers/CMSIS/DSP/Source/FilteringFunctions/arm_fir_init_q7.c ****   /* Assign state pointer */
  76:Drivers/CMSIS/DSP/Source/FilteringFunctions/arm_fir_init_q7.c ****   S->pState = pState;
  65              		.loc 1 76 3 is_stmt 1 view .LVU12
  66              		.loc 1 76 13 is_stmt 0 view .LVU13
  67 0018 6560     		str	r5, [r4, #4]
  77:Drivers/CMSIS/DSP/Source/FilteringFunctions/arm_fir_init_q7.c **** 
  78:Drivers/CMSIS/DSP/Source/FilteringFunctions/arm_fir_init_q7.c **** }
  68              		.loc 1 78 1 view .LVU14
  69 001a 38BD     		pop	{r3, r4, r5, pc}
  70              		.loc 1 78 1 view .LVU15
  71              		.cfi_endproc
  72              	.LFE100:
  74              		.text
  75              	.Letext0:
  76              		.file 2 "C:/ARM GNU Toolchain/arm-none-eabi/include/machine/_default_types.h"
  77              		.file 3 "C:/ARM GNU Toolchain/arm-none-eabi/include/sys/_stdint.h"
  78              		.file 4 "C:/ARM GNU Toolchain/lib/gcc/arm-none-eabi/13.3.1/include/stddef.h"
  79              		.file 5 "Drivers/CMSIS/DSP/Include/arm_math.h"
  80              		.file 6 "C:/ARM GNU Toolchain/arm-none-eabi/include/string.h"
  81              		.file 7 "<built-in>"
ARM GAS  C:\Users\Lamp\AppData\Local\Temp\cczIA9Lp.s 			page 4


DEFINED SYMBOLS
                            *ABS*:00000000 arm_fir_init_q7.c
C:\Users\Lamp\AppData\Local\Temp\cczIA9Lp.s:19     .text.arm_fir_init_q7:00000000 $t
C:\Users\Lamp\AppData\Local\Temp\cczIA9Lp.s:25     .text.arm_fir_init_q7:00000000 arm_fir_init_q7

UNDEFINED SYMBOLS
memset
