ARM GAS  C:\Users\Lamp\AppData\Local\Temp\ccJwE3rM.s 			page 1


   1              		.cpu cortex-m3
   2              		.arch armv7-m
   3              		.fpu softvfp
   4              		.eabi_attribute 20, 1
   5              		.eabi_attribute 21, 1
   6              		.eabi_attribute 23, 3
   7              		.eabi_attribute 24, 1
   8              		.eabi_attribute 25, 1
   9              		.eabi_attribute 26, 1
  10              		.eabi_attribute 30, 1
  11              		.eabi_attribute 34, 1
  12              		.eabi_attribute 18, 4
  13              		.file	"arm_scale_q31.c"
  14              		.text
  15              	.Ltext0:
  16              		.cfi_sections	.debug_frame
  17              		.file 1 "Drivers/CMSIS/DSP/Source/BasicMathFunctions/arm_scale_q31.c"
  18              		.section	.text.arm_scale_q31,"ax",%progbits
  19              		.align	1
  20              		.global	arm_scale_q31
  21              		.syntax unified
  22              		.thumb
  23              		.thumb_func
  25              	arm_scale_q31:
  26              	.LVL0:
  27              	.LFB100:
   1:Drivers/CMSIS/DSP/Source/BasicMathFunctions/arm_scale_q31.c **** /* ----------------------------------------------------------------------
   2:Drivers/CMSIS/DSP/Source/BasicMathFunctions/arm_scale_q31.c ****  * Project:      CMSIS DSP Library
   3:Drivers/CMSIS/DSP/Source/BasicMathFunctions/arm_scale_q31.c ****  * Title:        arm_scale_q31.c
   4:Drivers/CMSIS/DSP/Source/BasicMathFunctions/arm_scale_q31.c ****  * Description:  Multiplies a Q31 vector by a scalar
   5:Drivers/CMSIS/DSP/Source/BasicMathFunctions/arm_scale_q31.c ****  *
   6:Drivers/CMSIS/DSP/Source/BasicMathFunctions/arm_scale_q31.c ****  * $Date:        27. January 2017
   7:Drivers/CMSIS/DSP/Source/BasicMathFunctions/arm_scale_q31.c ****  * $Revision:    V.1.5.1
   8:Drivers/CMSIS/DSP/Source/BasicMathFunctions/arm_scale_q31.c ****  *
   9:Drivers/CMSIS/DSP/Source/BasicMathFunctions/arm_scale_q31.c ****  * Target Processor: Cortex-M cores
  10:Drivers/CMSIS/DSP/Source/BasicMathFunctions/arm_scale_q31.c ****  * -------------------------------------------------------------------- */
  11:Drivers/CMSIS/DSP/Source/BasicMathFunctions/arm_scale_q31.c **** /*
  12:Drivers/CMSIS/DSP/Source/BasicMathFunctions/arm_scale_q31.c ****  * Copyright (C) 2010-2017 ARM Limited or its affiliates. All rights reserved.
  13:Drivers/CMSIS/DSP/Source/BasicMathFunctions/arm_scale_q31.c ****  *
  14:Drivers/CMSIS/DSP/Source/BasicMathFunctions/arm_scale_q31.c ****  * SPDX-License-Identifier: Apache-2.0
  15:Drivers/CMSIS/DSP/Source/BasicMathFunctions/arm_scale_q31.c ****  *
  16:Drivers/CMSIS/DSP/Source/BasicMathFunctions/arm_scale_q31.c ****  * Licensed under the Apache License, Version 2.0 (the License); you may
  17:Drivers/CMSIS/DSP/Source/BasicMathFunctions/arm_scale_q31.c ****  * not use this file except in compliance with the License.
  18:Drivers/CMSIS/DSP/Source/BasicMathFunctions/arm_scale_q31.c ****  * You may obtain a copy of the License at
  19:Drivers/CMSIS/DSP/Source/BasicMathFunctions/arm_scale_q31.c ****  *
  20:Drivers/CMSIS/DSP/Source/BasicMathFunctions/arm_scale_q31.c ****  * www.apache.org/licenses/LICENSE-2.0
  21:Drivers/CMSIS/DSP/Source/BasicMathFunctions/arm_scale_q31.c ****  *
  22:Drivers/CMSIS/DSP/Source/BasicMathFunctions/arm_scale_q31.c ****  * Unless required by applicable law or agreed to in writing, software
  23:Drivers/CMSIS/DSP/Source/BasicMathFunctions/arm_scale_q31.c ****  * distributed under the License is distributed on an AS IS BASIS, WITHOUT
  24:Drivers/CMSIS/DSP/Source/BasicMathFunctions/arm_scale_q31.c ****  * WARRANTIES OR CONDITIONS OF ANY KIND, either express or implied.
  25:Drivers/CMSIS/DSP/Source/BasicMathFunctions/arm_scale_q31.c ****  * See the License for the specific language governing permissions and
  26:Drivers/CMSIS/DSP/Source/BasicMathFunctions/arm_scale_q31.c ****  * limitations under the License.
  27:Drivers/CMSIS/DSP/Source/BasicMathFunctions/arm_scale_q31.c ****  */
  28:Drivers/CMSIS/DSP/Source/BasicMathFunctions/arm_scale_q31.c **** 
  29:Drivers/CMSIS/DSP/Source/BasicMathFunctions/arm_scale_q31.c **** #include "arm_math.h"
  30:Drivers/CMSIS/DSP/Source/BasicMathFunctions/arm_scale_q31.c **** 
  31:Drivers/CMSIS/DSP/Source/BasicMathFunctions/arm_scale_q31.c **** /**
ARM GAS  C:\Users\Lamp\AppData\Local\Temp\ccJwE3rM.s 			page 2


  32:Drivers/CMSIS/DSP/Source/BasicMathFunctions/arm_scale_q31.c ****  * @ingroup groupMath
  33:Drivers/CMSIS/DSP/Source/BasicMathFunctions/arm_scale_q31.c ****  */
  34:Drivers/CMSIS/DSP/Source/BasicMathFunctions/arm_scale_q31.c **** 
  35:Drivers/CMSIS/DSP/Source/BasicMathFunctions/arm_scale_q31.c **** /**
  36:Drivers/CMSIS/DSP/Source/BasicMathFunctions/arm_scale_q31.c ****  * @addtogroup scale
  37:Drivers/CMSIS/DSP/Source/BasicMathFunctions/arm_scale_q31.c ****  * @{
  38:Drivers/CMSIS/DSP/Source/BasicMathFunctions/arm_scale_q31.c ****  */
  39:Drivers/CMSIS/DSP/Source/BasicMathFunctions/arm_scale_q31.c **** 
  40:Drivers/CMSIS/DSP/Source/BasicMathFunctions/arm_scale_q31.c **** /**
  41:Drivers/CMSIS/DSP/Source/BasicMathFunctions/arm_scale_q31.c ****  * @brief Multiplies a Q31 vector by a scalar.
  42:Drivers/CMSIS/DSP/Source/BasicMathFunctions/arm_scale_q31.c ****  * @param[in]       *pSrc points to the input vector
  43:Drivers/CMSIS/DSP/Source/BasicMathFunctions/arm_scale_q31.c ****  * @param[in]       scaleFract fractional portion of the scale value
  44:Drivers/CMSIS/DSP/Source/BasicMathFunctions/arm_scale_q31.c ****  * @param[in]       shift number of bits to shift the result by
  45:Drivers/CMSIS/DSP/Source/BasicMathFunctions/arm_scale_q31.c ****  * @param[out]      *pDst points to the output vector
  46:Drivers/CMSIS/DSP/Source/BasicMathFunctions/arm_scale_q31.c ****  * @param[in]       blockSize number of samples in the vector
  47:Drivers/CMSIS/DSP/Source/BasicMathFunctions/arm_scale_q31.c ****  * @return none.
  48:Drivers/CMSIS/DSP/Source/BasicMathFunctions/arm_scale_q31.c ****  *
  49:Drivers/CMSIS/DSP/Source/BasicMathFunctions/arm_scale_q31.c ****  * <b>Scaling and Overflow Behavior:</b>
  50:Drivers/CMSIS/DSP/Source/BasicMathFunctions/arm_scale_q31.c ****  * \par
  51:Drivers/CMSIS/DSP/Source/BasicMathFunctions/arm_scale_q31.c ****  * The input data <code>*pSrc</code> and <code>scaleFract</code> are in 1.31 format.
  52:Drivers/CMSIS/DSP/Source/BasicMathFunctions/arm_scale_q31.c ****  * These are multiplied to yield a 2.62 intermediate result and this is shifted with saturation to 
  53:Drivers/CMSIS/DSP/Source/BasicMathFunctions/arm_scale_q31.c ****  */
  54:Drivers/CMSIS/DSP/Source/BasicMathFunctions/arm_scale_q31.c **** 
  55:Drivers/CMSIS/DSP/Source/BasicMathFunctions/arm_scale_q31.c **** void arm_scale_q31(
  56:Drivers/CMSIS/DSP/Source/BasicMathFunctions/arm_scale_q31.c ****   q31_t * pSrc,
  57:Drivers/CMSIS/DSP/Source/BasicMathFunctions/arm_scale_q31.c ****   q31_t scaleFract,
  58:Drivers/CMSIS/DSP/Source/BasicMathFunctions/arm_scale_q31.c ****   int8_t shift,
  59:Drivers/CMSIS/DSP/Source/BasicMathFunctions/arm_scale_q31.c ****   q31_t * pDst,
  60:Drivers/CMSIS/DSP/Source/BasicMathFunctions/arm_scale_q31.c ****   uint32_t blockSize)
  61:Drivers/CMSIS/DSP/Source/BasicMathFunctions/arm_scale_q31.c **** {
  28              		.loc 1 61 1 view -0
  29              		.cfi_startproc
  30              		@ args = 4, pretend = 0, frame = 0
  31              		@ frame_needed = 0, uses_anonymous_args = 0
  32              		.loc 1 61 1 is_stmt 0 view .LVU1
  33 0000 30B5     		push	{r4, r5, lr}
  34              	.LCFI0:
  35              		.cfi_def_cfa_offset 12
  36              		.cfi_offset 4, -12
  37              		.cfi_offset 5, -8
  38              		.cfi_offset 14, -4
  39 0002 039C     		ldr	r4, [sp, #12]
  62:Drivers/CMSIS/DSP/Source/BasicMathFunctions/arm_scale_q31.c ****   int8_t kShift = shift + 1;                     /* Shift to apply after scaling */
  40              		.loc 1 62 3 is_stmt 1 view .LVU2
  41              		.loc 1 62 25 is_stmt 0 view .LVU3
  42 0004 0132     		adds	r2, r2, #1
  43              	.LVL1:
  44              		.loc 1 62 10 view .LVU4
  45 0006 4FFA82FC 		sxtb	ip, r2
  46              	.LVL2:
  63:Drivers/CMSIS/DSP/Source/BasicMathFunctions/arm_scale_q31.c ****   int8_t sign = (kShift & 0x80);
  47              		.loc 1 63 3 is_stmt 1 view .LVU5
  64:Drivers/CMSIS/DSP/Source/BasicMathFunctions/arm_scale_q31.c ****   uint32_t blkCnt;                               /* loop counter */
  48              		.loc 1 64 3 view .LVU6
  65:Drivers/CMSIS/DSP/Source/BasicMathFunctions/arm_scale_q31.c ****   q31_t in, out;
  49              		.loc 1 65 3 view .LVU7
  66:Drivers/CMSIS/DSP/Source/BasicMathFunctions/arm_scale_q31.c **** 
ARM GAS  C:\Users\Lamp\AppData\Local\Temp\ccJwE3rM.s 			page 3


  67:Drivers/CMSIS/DSP/Source/BasicMathFunctions/arm_scale_q31.c **** #if defined (ARM_MATH_DSP)
  68:Drivers/CMSIS/DSP/Source/BasicMathFunctions/arm_scale_q31.c **** 
  69:Drivers/CMSIS/DSP/Source/BasicMathFunctions/arm_scale_q31.c **** /* Run the below code for Cortex-M4 and Cortex-M3 */
  70:Drivers/CMSIS/DSP/Source/BasicMathFunctions/arm_scale_q31.c **** 
  71:Drivers/CMSIS/DSP/Source/BasicMathFunctions/arm_scale_q31.c ****   q31_t in1, in2, in3, in4;                      /* temporary input variables */
  72:Drivers/CMSIS/DSP/Source/BasicMathFunctions/arm_scale_q31.c ****   q31_t out1, out2, out3, out4;                  /* temporary output variabels */
  73:Drivers/CMSIS/DSP/Source/BasicMathFunctions/arm_scale_q31.c **** 
  74:Drivers/CMSIS/DSP/Source/BasicMathFunctions/arm_scale_q31.c **** 
  75:Drivers/CMSIS/DSP/Source/BasicMathFunctions/arm_scale_q31.c ****   /*loop Unrolling */
  76:Drivers/CMSIS/DSP/Source/BasicMathFunctions/arm_scale_q31.c ****   blkCnt = blockSize >> 2U;
  77:Drivers/CMSIS/DSP/Source/BasicMathFunctions/arm_scale_q31.c **** 
  78:Drivers/CMSIS/DSP/Source/BasicMathFunctions/arm_scale_q31.c ****   if (sign == 0U)
  79:Drivers/CMSIS/DSP/Source/BasicMathFunctions/arm_scale_q31.c ****   {
  80:Drivers/CMSIS/DSP/Source/BasicMathFunctions/arm_scale_q31.c ****     /* First part of the processing with loop unrolling.  Compute 4 outputs at a time.
  81:Drivers/CMSIS/DSP/Source/BasicMathFunctions/arm_scale_q31.c ****      ** a second loop below computes the remaining 1 to 3 samples. */
  82:Drivers/CMSIS/DSP/Source/BasicMathFunctions/arm_scale_q31.c ****     while (blkCnt > 0U)
  83:Drivers/CMSIS/DSP/Source/BasicMathFunctions/arm_scale_q31.c ****     {
  84:Drivers/CMSIS/DSP/Source/BasicMathFunctions/arm_scale_q31.c ****       /* read four inputs from source */
  85:Drivers/CMSIS/DSP/Source/BasicMathFunctions/arm_scale_q31.c ****       in1 = *pSrc;
  86:Drivers/CMSIS/DSP/Source/BasicMathFunctions/arm_scale_q31.c ****       in2 = *(pSrc + 1);
  87:Drivers/CMSIS/DSP/Source/BasicMathFunctions/arm_scale_q31.c ****       in3 = *(pSrc + 2);
  88:Drivers/CMSIS/DSP/Source/BasicMathFunctions/arm_scale_q31.c ****       in4 = *(pSrc + 3);
  89:Drivers/CMSIS/DSP/Source/BasicMathFunctions/arm_scale_q31.c **** 
  90:Drivers/CMSIS/DSP/Source/BasicMathFunctions/arm_scale_q31.c ****       /* multiply input with scaler value */
  91:Drivers/CMSIS/DSP/Source/BasicMathFunctions/arm_scale_q31.c ****       in1 = ((q63_t) in1 * scaleFract) >> 32;
  92:Drivers/CMSIS/DSP/Source/BasicMathFunctions/arm_scale_q31.c ****       in2 = ((q63_t) in2 * scaleFract) >> 32;
  93:Drivers/CMSIS/DSP/Source/BasicMathFunctions/arm_scale_q31.c ****       in3 = ((q63_t) in3 * scaleFract) >> 32;
  94:Drivers/CMSIS/DSP/Source/BasicMathFunctions/arm_scale_q31.c ****       in4 = ((q63_t) in4 * scaleFract) >> 32;
  95:Drivers/CMSIS/DSP/Source/BasicMathFunctions/arm_scale_q31.c **** 
  96:Drivers/CMSIS/DSP/Source/BasicMathFunctions/arm_scale_q31.c ****       /* apply shifting */
  97:Drivers/CMSIS/DSP/Source/BasicMathFunctions/arm_scale_q31.c ****       out1 = in1 << kShift;
  98:Drivers/CMSIS/DSP/Source/BasicMathFunctions/arm_scale_q31.c ****       out2 = in2 << kShift;
  99:Drivers/CMSIS/DSP/Source/BasicMathFunctions/arm_scale_q31.c **** 
 100:Drivers/CMSIS/DSP/Source/BasicMathFunctions/arm_scale_q31.c ****       /* saturate the results. */
 101:Drivers/CMSIS/DSP/Source/BasicMathFunctions/arm_scale_q31.c ****       if (in1 != (out1 >> kShift))
 102:Drivers/CMSIS/DSP/Source/BasicMathFunctions/arm_scale_q31.c ****         out1 = 0x7FFFFFFF ^ (in1 >> 31);
 103:Drivers/CMSIS/DSP/Source/BasicMathFunctions/arm_scale_q31.c **** 
 104:Drivers/CMSIS/DSP/Source/BasicMathFunctions/arm_scale_q31.c ****       if (in2 != (out2 >> kShift))
 105:Drivers/CMSIS/DSP/Source/BasicMathFunctions/arm_scale_q31.c ****         out2 = 0x7FFFFFFF ^ (in2 >> 31);
 106:Drivers/CMSIS/DSP/Source/BasicMathFunctions/arm_scale_q31.c **** 
 107:Drivers/CMSIS/DSP/Source/BasicMathFunctions/arm_scale_q31.c ****       out3 = in3 << kShift;
 108:Drivers/CMSIS/DSP/Source/BasicMathFunctions/arm_scale_q31.c ****       out4 = in4 << kShift;
 109:Drivers/CMSIS/DSP/Source/BasicMathFunctions/arm_scale_q31.c **** 
 110:Drivers/CMSIS/DSP/Source/BasicMathFunctions/arm_scale_q31.c ****       *pDst = out1;
 111:Drivers/CMSIS/DSP/Source/BasicMathFunctions/arm_scale_q31.c ****       *(pDst + 1) = out2;
 112:Drivers/CMSIS/DSP/Source/BasicMathFunctions/arm_scale_q31.c **** 
 113:Drivers/CMSIS/DSP/Source/BasicMathFunctions/arm_scale_q31.c ****       if (in3 != (out3 >> kShift))
 114:Drivers/CMSIS/DSP/Source/BasicMathFunctions/arm_scale_q31.c ****         out3 = 0x7FFFFFFF ^ (in3 >> 31);
 115:Drivers/CMSIS/DSP/Source/BasicMathFunctions/arm_scale_q31.c **** 
 116:Drivers/CMSIS/DSP/Source/BasicMathFunctions/arm_scale_q31.c ****       if (in4 != (out4 >> kShift))
 117:Drivers/CMSIS/DSP/Source/BasicMathFunctions/arm_scale_q31.c ****         out4 = 0x7FFFFFFF ^ (in4 >> 31);
 118:Drivers/CMSIS/DSP/Source/BasicMathFunctions/arm_scale_q31.c **** 
 119:Drivers/CMSIS/DSP/Source/BasicMathFunctions/arm_scale_q31.c ****       /* Store result destination */
 120:Drivers/CMSIS/DSP/Source/BasicMathFunctions/arm_scale_q31.c ****       *(pDst + 2) = out3;
 121:Drivers/CMSIS/DSP/Source/BasicMathFunctions/arm_scale_q31.c ****       *(pDst + 3) = out4;
 122:Drivers/CMSIS/DSP/Source/BasicMathFunctions/arm_scale_q31.c **** 
 123:Drivers/CMSIS/DSP/Source/BasicMathFunctions/arm_scale_q31.c ****       /* Update pointers to process next sampels */
ARM GAS  C:\Users\Lamp\AppData\Local\Temp\ccJwE3rM.s 			page 4


 124:Drivers/CMSIS/DSP/Source/BasicMathFunctions/arm_scale_q31.c ****       pSrc += 4U;
 125:Drivers/CMSIS/DSP/Source/BasicMathFunctions/arm_scale_q31.c ****       pDst += 4U;
 126:Drivers/CMSIS/DSP/Source/BasicMathFunctions/arm_scale_q31.c **** 
 127:Drivers/CMSIS/DSP/Source/BasicMathFunctions/arm_scale_q31.c ****       /* Decrement the loop counter */
 128:Drivers/CMSIS/DSP/Source/BasicMathFunctions/arm_scale_q31.c ****       blkCnt--;
 129:Drivers/CMSIS/DSP/Source/BasicMathFunctions/arm_scale_q31.c ****     }
 130:Drivers/CMSIS/DSP/Source/BasicMathFunctions/arm_scale_q31.c **** 
 131:Drivers/CMSIS/DSP/Source/BasicMathFunctions/arm_scale_q31.c ****   }
 132:Drivers/CMSIS/DSP/Source/BasicMathFunctions/arm_scale_q31.c ****   else
 133:Drivers/CMSIS/DSP/Source/BasicMathFunctions/arm_scale_q31.c ****   {
 134:Drivers/CMSIS/DSP/Source/BasicMathFunctions/arm_scale_q31.c ****     /* First part of the processing with loop unrolling.  Compute 4 outputs at a time.
 135:Drivers/CMSIS/DSP/Source/BasicMathFunctions/arm_scale_q31.c ****      ** a second loop below computes the remaining 1 to 3 samples. */
 136:Drivers/CMSIS/DSP/Source/BasicMathFunctions/arm_scale_q31.c ****     while (blkCnt > 0U)
 137:Drivers/CMSIS/DSP/Source/BasicMathFunctions/arm_scale_q31.c ****     {
 138:Drivers/CMSIS/DSP/Source/BasicMathFunctions/arm_scale_q31.c ****       /* read four inputs from source */
 139:Drivers/CMSIS/DSP/Source/BasicMathFunctions/arm_scale_q31.c ****       in1 = *pSrc;
 140:Drivers/CMSIS/DSP/Source/BasicMathFunctions/arm_scale_q31.c ****       in2 = *(pSrc + 1);
 141:Drivers/CMSIS/DSP/Source/BasicMathFunctions/arm_scale_q31.c ****       in3 = *(pSrc + 2);
 142:Drivers/CMSIS/DSP/Source/BasicMathFunctions/arm_scale_q31.c ****       in4 = *(pSrc + 3);
 143:Drivers/CMSIS/DSP/Source/BasicMathFunctions/arm_scale_q31.c **** 
 144:Drivers/CMSIS/DSP/Source/BasicMathFunctions/arm_scale_q31.c ****       /* multiply input with scaler value */
 145:Drivers/CMSIS/DSP/Source/BasicMathFunctions/arm_scale_q31.c ****       in1 = ((q63_t) in1 * scaleFract) >> 32;
 146:Drivers/CMSIS/DSP/Source/BasicMathFunctions/arm_scale_q31.c ****       in2 = ((q63_t) in2 * scaleFract) >> 32;
 147:Drivers/CMSIS/DSP/Source/BasicMathFunctions/arm_scale_q31.c ****       in3 = ((q63_t) in3 * scaleFract) >> 32;
 148:Drivers/CMSIS/DSP/Source/BasicMathFunctions/arm_scale_q31.c ****       in4 = ((q63_t) in4 * scaleFract) >> 32;
 149:Drivers/CMSIS/DSP/Source/BasicMathFunctions/arm_scale_q31.c **** 
 150:Drivers/CMSIS/DSP/Source/BasicMathFunctions/arm_scale_q31.c ****       /* apply shifting */
 151:Drivers/CMSIS/DSP/Source/BasicMathFunctions/arm_scale_q31.c ****       out1 = in1 >> -kShift;
 152:Drivers/CMSIS/DSP/Source/BasicMathFunctions/arm_scale_q31.c ****       out2 = in2 >> -kShift;
 153:Drivers/CMSIS/DSP/Source/BasicMathFunctions/arm_scale_q31.c **** 
 154:Drivers/CMSIS/DSP/Source/BasicMathFunctions/arm_scale_q31.c ****       out3 = in3 >> -kShift;
 155:Drivers/CMSIS/DSP/Source/BasicMathFunctions/arm_scale_q31.c ****       out4 = in4 >> -kShift;
 156:Drivers/CMSIS/DSP/Source/BasicMathFunctions/arm_scale_q31.c **** 
 157:Drivers/CMSIS/DSP/Source/BasicMathFunctions/arm_scale_q31.c ****       /* Store result destination */
 158:Drivers/CMSIS/DSP/Source/BasicMathFunctions/arm_scale_q31.c ****       *pDst = out1;
 159:Drivers/CMSIS/DSP/Source/BasicMathFunctions/arm_scale_q31.c ****       *(pDst + 1) = out2;
 160:Drivers/CMSIS/DSP/Source/BasicMathFunctions/arm_scale_q31.c **** 
 161:Drivers/CMSIS/DSP/Source/BasicMathFunctions/arm_scale_q31.c ****       *(pDst + 2) = out3;
 162:Drivers/CMSIS/DSP/Source/BasicMathFunctions/arm_scale_q31.c ****       *(pDst + 3) = out4;
 163:Drivers/CMSIS/DSP/Source/BasicMathFunctions/arm_scale_q31.c **** 
 164:Drivers/CMSIS/DSP/Source/BasicMathFunctions/arm_scale_q31.c ****       /* Update pointers to process next sampels */
 165:Drivers/CMSIS/DSP/Source/BasicMathFunctions/arm_scale_q31.c ****       pSrc += 4U;
 166:Drivers/CMSIS/DSP/Source/BasicMathFunctions/arm_scale_q31.c ****       pDst += 4U;
 167:Drivers/CMSIS/DSP/Source/BasicMathFunctions/arm_scale_q31.c **** 
 168:Drivers/CMSIS/DSP/Source/BasicMathFunctions/arm_scale_q31.c ****       /* Decrement the loop counter */
 169:Drivers/CMSIS/DSP/Source/BasicMathFunctions/arm_scale_q31.c ****       blkCnt--;
 170:Drivers/CMSIS/DSP/Source/BasicMathFunctions/arm_scale_q31.c ****     }
 171:Drivers/CMSIS/DSP/Source/BasicMathFunctions/arm_scale_q31.c ****   }
 172:Drivers/CMSIS/DSP/Source/BasicMathFunctions/arm_scale_q31.c ****   /* If the blockSize is not a multiple of 4, compute any remaining output samples here.
 173:Drivers/CMSIS/DSP/Source/BasicMathFunctions/arm_scale_q31.c ****    ** No loop unrolling is used. */
 174:Drivers/CMSIS/DSP/Source/BasicMathFunctions/arm_scale_q31.c ****   blkCnt = blockSize % 0x4U;
 175:Drivers/CMSIS/DSP/Source/BasicMathFunctions/arm_scale_q31.c **** 
 176:Drivers/CMSIS/DSP/Source/BasicMathFunctions/arm_scale_q31.c **** #else
 177:Drivers/CMSIS/DSP/Source/BasicMathFunctions/arm_scale_q31.c **** 
 178:Drivers/CMSIS/DSP/Source/BasicMathFunctions/arm_scale_q31.c ****   /* Run the below code for Cortex-M0 */
 179:Drivers/CMSIS/DSP/Source/BasicMathFunctions/arm_scale_q31.c **** 
 180:Drivers/CMSIS/DSP/Source/BasicMathFunctions/arm_scale_q31.c ****   /* Initialize blkCnt with number of samples */
ARM GAS  C:\Users\Lamp\AppData\Local\Temp\ccJwE3rM.s 			page 5


 181:Drivers/CMSIS/DSP/Source/BasicMathFunctions/arm_scale_q31.c ****   blkCnt = blockSize;
  50              		.loc 1 181 3 view .LVU8
 182:Drivers/CMSIS/DSP/Source/BasicMathFunctions/arm_scale_q31.c **** 
 183:Drivers/CMSIS/DSP/Source/BasicMathFunctions/arm_scale_q31.c **** #endif /* #if defined (ARM_MATH_DSP) */
 184:Drivers/CMSIS/DSP/Source/BasicMathFunctions/arm_scale_q31.c **** 
 185:Drivers/CMSIS/DSP/Source/BasicMathFunctions/arm_scale_q31.c ****   if (sign == 0)
  51              		.loc 1 185 3 view .LVU9
  52              		.loc 1 185 6 is_stmt 0 view .LVU10
  53 000a BCF1000F 		cmp	ip, #0
  54 000e 07DA     		bge	.L2
  55 0010 2CE0     		b	.L3
  56              	.LVL3:
  57              	.L9:
 186:Drivers/CMSIS/DSP/Source/BasicMathFunctions/arm_scale_q31.c ****   {
 187:Drivers/CMSIS/DSP/Source/BasicMathFunctions/arm_scale_q31.c **** 	  while (blkCnt > 0U)
 188:Drivers/CMSIS/DSP/Source/BasicMathFunctions/arm_scale_q31.c **** 	  {
 189:Drivers/CMSIS/DSP/Source/BasicMathFunctions/arm_scale_q31.c **** 		/* C = A * scale */
 190:Drivers/CMSIS/DSP/Source/BasicMathFunctions/arm_scale_q31.c **** 		/* Scale the input and then store the result in the destination buffer. */
 191:Drivers/CMSIS/DSP/Source/BasicMathFunctions/arm_scale_q31.c **** 		in = *pSrc++;
 192:Drivers/CMSIS/DSP/Source/BasicMathFunctions/arm_scale_q31.c **** 		in = ((q63_t) in * scaleFract) >> 32;
 193:Drivers/CMSIS/DSP/Source/BasicMathFunctions/arm_scale_q31.c **** 
 194:Drivers/CMSIS/DSP/Source/BasicMathFunctions/arm_scale_q31.c **** 		out = in << kShift;
 195:Drivers/CMSIS/DSP/Source/BasicMathFunctions/arm_scale_q31.c **** 
 196:Drivers/CMSIS/DSP/Source/BasicMathFunctions/arm_scale_q31.c **** 		if (in != (out >> kShift))
 197:Drivers/CMSIS/DSP/Source/BasicMathFunctions/arm_scale_q31.c **** 			out = 0x7FFFFFFF ^ (in >> 31);
  58              		.loc 1 197 4 is_stmt 1 view .LVU11
  59              		.loc 1 197 8 is_stmt 0 view .LVU12
  60 0012 6FF00045 		mvn	r5, #-2147483648
  61              	.LVL4:
  62              		.loc 1 197 8 view .LVU13
  63 0016 85EAE275 		eor	r5, r5, r2, asr #31
  64              	.LVL5:
  65              	.L4:
 198:Drivers/CMSIS/DSP/Source/BasicMathFunctions/arm_scale_q31.c **** 
 199:Drivers/CMSIS/DSP/Source/BasicMathFunctions/arm_scale_q31.c **** 		*pDst++ = out;
  66              		.loc 1 199 3 is_stmt 1 view .LVU14
  67              		.loc 1 199 11 is_stmt 0 view .LVU15
  68 001a 43F8045B 		str	r5, [r3], #4
  69              	.LVL6:
 200:Drivers/CMSIS/DSP/Source/BasicMathFunctions/arm_scale_q31.c **** 
 201:Drivers/CMSIS/DSP/Source/BasicMathFunctions/arm_scale_q31.c **** 		/* Decrement the loop counter */
 202:Drivers/CMSIS/DSP/Source/BasicMathFunctions/arm_scale_q31.c **** 		blkCnt--;
  70              		.loc 1 202 3 is_stmt 1 view .LVU16
  71              		.loc 1 202 9 is_stmt 0 view .LVU17
  72 001e 013C     		subs	r4, r4, #1
  73              	.LVL7:
  74              	.L2:
 187:Drivers/CMSIS/DSP/Source/BasicMathFunctions/arm_scale_q31.c **** 	  {
  75              		.loc 1 187 18 is_stmt 1 view .LVU18
  76 0020 34B3     		cbz	r4, .L1
 191:Drivers/CMSIS/DSP/Source/BasicMathFunctions/arm_scale_q31.c **** 		in = ((q63_t) in * scaleFract) >> 32;
  77              		.loc 1 191 3 view .LVU19
  78              	.LVL8:
 191:Drivers/CMSIS/DSP/Source/BasicMathFunctions/arm_scale_q31.c **** 		in = ((q63_t) in * scaleFract) >> 32;
  79              		.loc 1 191 6 is_stmt 0 view .LVU20
  80 0022 50F8045B 		ldr	r5, [r0], #4
  81              	.LVL9:
ARM GAS  C:\Users\Lamp\AppData\Local\Temp\ccJwE3rM.s 			page 6


 192:Drivers/CMSIS/DSP/Source/BasicMathFunctions/arm_scale_q31.c **** 
  82              		.loc 1 192 3 is_stmt 1 view .LVU21
 192:Drivers/CMSIS/DSP/Source/BasicMathFunctions/arm_scale_q31.c **** 
  83              		.loc 1 192 9 is_stmt 0 view .LVU22
  84 0026 EA17     		asrs	r2, r5, #31
 192:Drivers/CMSIS/DSP/Source/BasicMathFunctions/arm_scale_q31.c **** 
  85              		.loc 1 192 20 view .LVU23
  86 0028 4FEAE17E 		asr	lr, r1, #31
  87 002c 01FB02F2 		mul	r2, r1, r2
  88 0030 05FB0E22 		mla	r2, r5, lr, r2
  89 0034 A1FB055E 		umull	r5, lr, r1, r5
  90              	.LVL10:
 192:Drivers/CMSIS/DSP/Source/BasicMathFunctions/arm_scale_q31.c **** 
  91              		.loc 1 192 20 view .LVU24
  92 0038 7244     		add	r2, r2, lr
  93              	.LVL11:
 194:Drivers/CMSIS/DSP/Source/BasicMathFunctions/arm_scale_q31.c **** 
  94              		.loc 1 194 3 is_stmt 1 view .LVU25
 194:Drivers/CMSIS/DSP/Source/BasicMathFunctions/arm_scale_q31.c **** 
  95              		.loc 1 194 7 is_stmt 0 view .LVU26
  96 003a 02FA0CF5 		lsl	r5, r2, ip
  97              	.LVL12:
 196:Drivers/CMSIS/DSP/Source/BasicMathFunctions/arm_scale_q31.c **** 			out = 0x7FFFFFFF ^ (in >> 31);
  98              		.loc 1 196 3 is_stmt 1 view .LVU27
 196:Drivers/CMSIS/DSP/Source/BasicMathFunctions/arm_scale_q31.c **** 			out = 0x7FFFFFFF ^ (in >> 31);
  99              		.loc 1 196 18 is_stmt 0 view .LVU28
 100 003e 45FA0CFE 		asr	lr, r5, ip
 196:Drivers/CMSIS/DSP/Source/BasicMathFunctions/arm_scale_q31.c **** 			out = 0x7FFFFFFF ^ (in >> 31);
 101              		.loc 1 196 6 view .LVU29
 102 0042 9645     		cmp	lr, r2
 103 0044 E5D1     		bne	.L9
 104 0046 E8E7     		b	.L4
 105              	.LVL13:
 106              	.L7:
 203:Drivers/CMSIS/DSP/Source/BasicMathFunctions/arm_scale_q31.c **** 	  }
 204:Drivers/CMSIS/DSP/Source/BasicMathFunctions/arm_scale_q31.c ****   }
 205:Drivers/CMSIS/DSP/Source/BasicMathFunctions/arm_scale_q31.c ****   else
 206:Drivers/CMSIS/DSP/Source/BasicMathFunctions/arm_scale_q31.c ****   {
 207:Drivers/CMSIS/DSP/Source/BasicMathFunctions/arm_scale_q31.c **** 	  while (blkCnt > 0U)
 208:Drivers/CMSIS/DSP/Source/BasicMathFunctions/arm_scale_q31.c **** 	  {
 209:Drivers/CMSIS/DSP/Source/BasicMathFunctions/arm_scale_q31.c **** 		/* C = A * scale */
 210:Drivers/CMSIS/DSP/Source/BasicMathFunctions/arm_scale_q31.c **** 		/* Scale the input and then store the result in the destination buffer. */
 211:Drivers/CMSIS/DSP/Source/BasicMathFunctions/arm_scale_q31.c **** 		in = *pSrc++;
 107              		.loc 1 211 3 is_stmt 1 view .LVU30
 108              		.loc 1 211 6 is_stmt 0 view .LVU31
 109 0048 50F8045B 		ldr	r5, [r0], #4
 110              	.LVL14:
 212:Drivers/CMSIS/DSP/Source/BasicMathFunctions/arm_scale_q31.c **** 		in = ((q63_t) in * scaleFract) >> 32;
 111              		.loc 1 212 3 is_stmt 1 view .LVU32
 112              		.loc 1 212 9 is_stmt 0 view .LVU33
 113 004c EA17     		asrs	r2, r5, #31
 114              		.loc 1 212 20 view .LVU34
 115 004e 4FEAE17E 		asr	lr, r1, #31
 116 0052 01FB02F2 		mul	r2, r1, r2
 117 0056 05FB0E22 		mla	r2, r5, lr, r2
 118 005a A1FB055E 		umull	r5, lr, r1, r5
 119              	.LVL15:
ARM GAS  C:\Users\Lamp\AppData\Local\Temp\ccJwE3rM.s 			page 7


 120              		.loc 1 212 20 view .LVU35
 121 005e 7244     		add	r2, r2, lr
 122              	.LVL16:
 213:Drivers/CMSIS/DSP/Source/BasicMathFunctions/arm_scale_q31.c **** 
 214:Drivers/CMSIS/DSP/Source/BasicMathFunctions/arm_scale_q31.c **** 		out = in >> -kShift;
 123              		.loc 1 214 3 is_stmt 1 view .LVU36
 124              		.loc 1 214 15 is_stmt 0 view .LVU37
 125 0060 CCF10005 		rsb	r5, ip, #0
 126              		.loc 1 214 7 view .LVU38
 127 0064 2A41     		asrs	r2, r2, r5
 128              	.LVL17:
 215:Drivers/CMSIS/DSP/Source/BasicMathFunctions/arm_scale_q31.c **** 
 216:Drivers/CMSIS/DSP/Source/BasicMathFunctions/arm_scale_q31.c **** 		*pDst++ = out;
 129              		.loc 1 216 3 is_stmt 1 view .LVU39
 130              		.loc 1 216 11 is_stmt 0 view .LVU40
 131 0066 43F8042B 		str	r2, [r3], #4
 132              	.LVL18:
 217:Drivers/CMSIS/DSP/Source/BasicMathFunctions/arm_scale_q31.c **** 
 218:Drivers/CMSIS/DSP/Source/BasicMathFunctions/arm_scale_q31.c **** 		/* Decrement the loop counter */
 219:Drivers/CMSIS/DSP/Source/BasicMathFunctions/arm_scale_q31.c **** 		blkCnt--;
 133              		.loc 1 219 3 is_stmt 1 view .LVU41
 134              		.loc 1 219 9 is_stmt 0 view .LVU42
 135 006a 013C     		subs	r4, r4, #1
 136              	.LVL19:
 137              	.L3:
 207:Drivers/CMSIS/DSP/Source/BasicMathFunctions/arm_scale_q31.c **** 	  {
 138              		.loc 1 207 18 is_stmt 1 view .LVU43
 139 006c 002C     		cmp	r4, #0
 140 006e EBD1     		bne	.L7
 141              	.L1:
 220:Drivers/CMSIS/DSP/Source/BasicMathFunctions/arm_scale_q31.c **** 	  }
 221:Drivers/CMSIS/DSP/Source/BasicMathFunctions/arm_scale_q31.c **** 
 222:Drivers/CMSIS/DSP/Source/BasicMathFunctions/arm_scale_q31.c ****   }
 223:Drivers/CMSIS/DSP/Source/BasicMathFunctions/arm_scale_q31.c **** }
 142              		.loc 1 223 1 is_stmt 0 view .LVU44
 143 0070 30BD     		pop	{r4, r5, pc}
 144              		.loc 1 223 1 view .LVU45
 145              		.cfi_endproc
 146              	.LFE100:
 148              		.text
 149              	.Letext0:
 150              		.file 2 "C:/ARM GNU Toolchain/arm-none-eabi/include/machine/_default_types.h"
 151              		.file 3 "C:/ARM GNU Toolchain/arm-none-eabi/include/sys/_stdint.h"
 152              		.file 4 "Drivers/CMSIS/DSP/Include/arm_math.h"
ARM GAS  C:\Users\Lamp\AppData\Local\Temp\ccJwE3rM.s 			page 8


DEFINED SYMBOLS
                            *ABS*:00000000 arm_scale_q31.c
C:\Users\Lamp\AppData\Local\Temp\ccJwE3rM.s:19     .text.arm_scale_q31:00000000 $t
C:\Users\Lamp\AppData\Local\Temp\ccJwE3rM.s:25     .text.arm_scale_q31:00000000 arm_scale_q31

NO UNDEFINED SYMBOLS
