ARM GAS  C:\Users\Lamp\AppData\Local\Temp\cci1eNqp.s 			page 1


   1              		.cpu cortex-m3
   2              		.arch armv7-m
   3              		.fpu softvfp
   4              		.eabi_attribute 20, 1
   5              		.eabi_attribute 21, 1
   6              		.eabi_attribute 23, 3
   7              		.eabi_attribute 24, 1
   8              		.eabi_attribute 25, 1
   9              		.eabi_attribute 26, 1
  10              		.eabi_attribute 30, 1
  11              		.eabi_attribute 34, 1
  12              		.eabi_attribute 18, 4
  13              		.file	"arm_mat_scale_q15.c"
  14              		.text
  15              	.Ltext0:
  16              		.cfi_sections	.debug_frame
  17              		.file 1 "Drivers/CMSIS/DSP/Source/MatrixFunctions/arm_mat_scale_q15.c"
  18              		.section	.text.arm_mat_scale_q15,"ax",%progbits
  19              		.align	1
  20              		.global	arm_mat_scale_q15
  21              		.syntax unified
  22              		.thumb
  23              		.thumb_func
  25              	arm_mat_scale_q15:
  26              	.LVL0:
  27              	.LFB100:
   1:Drivers/CMSIS/DSP/Source/MatrixFunctions/arm_mat_scale_q15.c **** /* ----------------------------------------------------------------------
   2:Drivers/CMSIS/DSP/Source/MatrixFunctions/arm_mat_scale_q15.c ****  * Project:      CMSIS DSP Library
   3:Drivers/CMSIS/DSP/Source/MatrixFunctions/arm_mat_scale_q15.c ****  * Title:        arm_mat_scale_q15.c
   4:Drivers/CMSIS/DSP/Source/MatrixFunctions/arm_mat_scale_q15.c ****  * Description:  Multiplies a Q15 matrix by a scalar
   5:Drivers/CMSIS/DSP/Source/MatrixFunctions/arm_mat_scale_q15.c ****  *
   6:Drivers/CMSIS/DSP/Source/MatrixFunctions/arm_mat_scale_q15.c ****  * $Date:        27. January 2017
   7:Drivers/CMSIS/DSP/Source/MatrixFunctions/arm_mat_scale_q15.c ****  * $Revision:    V.1.5.1
   8:Drivers/CMSIS/DSP/Source/MatrixFunctions/arm_mat_scale_q15.c ****  *
   9:Drivers/CMSIS/DSP/Source/MatrixFunctions/arm_mat_scale_q15.c ****  * Target Processor: Cortex-M cores
  10:Drivers/CMSIS/DSP/Source/MatrixFunctions/arm_mat_scale_q15.c ****  * -------------------------------------------------------------------- */
  11:Drivers/CMSIS/DSP/Source/MatrixFunctions/arm_mat_scale_q15.c **** /*
  12:Drivers/CMSIS/DSP/Source/MatrixFunctions/arm_mat_scale_q15.c ****  * Copyright (C) 2010-2017 ARM Limited or its affiliates. All rights reserved.
  13:Drivers/CMSIS/DSP/Source/MatrixFunctions/arm_mat_scale_q15.c ****  *
  14:Drivers/CMSIS/DSP/Source/MatrixFunctions/arm_mat_scale_q15.c ****  * SPDX-License-Identifier: Apache-2.0
  15:Drivers/CMSIS/DSP/Source/MatrixFunctions/arm_mat_scale_q15.c ****  *
  16:Drivers/CMSIS/DSP/Source/MatrixFunctions/arm_mat_scale_q15.c ****  * Licensed under the Apache License, Version 2.0 (the License); you may
  17:Drivers/CMSIS/DSP/Source/MatrixFunctions/arm_mat_scale_q15.c ****  * not use this file except in compliance with the License.
  18:Drivers/CMSIS/DSP/Source/MatrixFunctions/arm_mat_scale_q15.c ****  * You may obtain a copy of the License at
  19:Drivers/CMSIS/DSP/Source/MatrixFunctions/arm_mat_scale_q15.c ****  *
  20:Drivers/CMSIS/DSP/Source/MatrixFunctions/arm_mat_scale_q15.c ****  * www.apache.org/licenses/LICENSE-2.0
  21:Drivers/CMSIS/DSP/Source/MatrixFunctions/arm_mat_scale_q15.c ****  *
  22:Drivers/CMSIS/DSP/Source/MatrixFunctions/arm_mat_scale_q15.c ****  * Unless required by applicable law or agreed to in writing, software
  23:Drivers/CMSIS/DSP/Source/MatrixFunctions/arm_mat_scale_q15.c ****  * distributed under the License is distributed on an AS IS BASIS, WITHOUT
  24:Drivers/CMSIS/DSP/Source/MatrixFunctions/arm_mat_scale_q15.c ****  * WARRANTIES OR CONDITIONS OF ANY KIND, either express or implied.
  25:Drivers/CMSIS/DSP/Source/MatrixFunctions/arm_mat_scale_q15.c ****  * See the License for the specific language governing permissions and
  26:Drivers/CMSIS/DSP/Source/MatrixFunctions/arm_mat_scale_q15.c ****  * limitations under the License.
  27:Drivers/CMSIS/DSP/Source/MatrixFunctions/arm_mat_scale_q15.c ****  */
  28:Drivers/CMSIS/DSP/Source/MatrixFunctions/arm_mat_scale_q15.c **** 
  29:Drivers/CMSIS/DSP/Source/MatrixFunctions/arm_mat_scale_q15.c **** #include "arm_math.h"
  30:Drivers/CMSIS/DSP/Source/MatrixFunctions/arm_mat_scale_q15.c **** 
  31:Drivers/CMSIS/DSP/Source/MatrixFunctions/arm_mat_scale_q15.c **** /**
ARM GAS  C:\Users\Lamp\AppData\Local\Temp\cci1eNqp.s 			page 2


  32:Drivers/CMSIS/DSP/Source/MatrixFunctions/arm_mat_scale_q15.c ****  * @ingroup groupMatrix
  33:Drivers/CMSIS/DSP/Source/MatrixFunctions/arm_mat_scale_q15.c ****  */
  34:Drivers/CMSIS/DSP/Source/MatrixFunctions/arm_mat_scale_q15.c **** 
  35:Drivers/CMSIS/DSP/Source/MatrixFunctions/arm_mat_scale_q15.c **** /**
  36:Drivers/CMSIS/DSP/Source/MatrixFunctions/arm_mat_scale_q15.c ****  * @addtogroup MatrixScale
  37:Drivers/CMSIS/DSP/Source/MatrixFunctions/arm_mat_scale_q15.c ****  * @{
  38:Drivers/CMSIS/DSP/Source/MatrixFunctions/arm_mat_scale_q15.c ****  */
  39:Drivers/CMSIS/DSP/Source/MatrixFunctions/arm_mat_scale_q15.c **** 
  40:Drivers/CMSIS/DSP/Source/MatrixFunctions/arm_mat_scale_q15.c **** /**
  41:Drivers/CMSIS/DSP/Source/MatrixFunctions/arm_mat_scale_q15.c ****  * @brief Q15 matrix scaling.
  42:Drivers/CMSIS/DSP/Source/MatrixFunctions/arm_mat_scale_q15.c ****  * @param[in]       *pSrc points to input matrix
  43:Drivers/CMSIS/DSP/Source/MatrixFunctions/arm_mat_scale_q15.c ****  * @param[in]       scaleFract fractional portion of the scale factor
  44:Drivers/CMSIS/DSP/Source/MatrixFunctions/arm_mat_scale_q15.c ****  * @param[in]       shift number of bits to shift the result by
  45:Drivers/CMSIS/DSP/Source/MatrixFunctions/arm_mat_scale_q15.c ****  * @param[out]      *pDst points to output matrix structure
  46:Drivers/CMSIS/DSP/Source/MatrixFunctions/arm_mat_scale_q15.c ****  * @return     		The function returns either
  47:Drivers/CMSIS/DSP/Source/MatrixFunctions/arm_mat_scale_q15.c ****  * <code>ARM_MATH_SIZE_MISMATCH</code> or <code>ARM_MATH_SUCCESS</code> based on the outcome of siz
  48:Drivers/CMSIS/DSP/Source/MatrixFunctions/arm_mat_scale_q15.c ****  *
  49:Drivers/CMSIS/DSP/Source/MatrixFunctions/arm_mat_scale_q15.c ****  * @details
  50:Drivers/CMSIS/DSP/Source/MatrixFunctions/arm_mat_scale_q15.c ****  * <b>Scaling and Overflow Behavior:</b>
  51:Drivers/CMSIS/DSP/Source/MatrixFunctions/arm_mat_scale_q15.c ****  * \par
  52:Drivers/CMSIS/DSP/Source/MatrixFunctions/arm_mat_scale_q15.c ****  * The input data <code>*pSrc</code> and <code>scaleFract</code> are in 1.15 format.
  53:Drivers/CMSIS/DSP/Source/MatrixFunctions/arm_mat_scale_q15.c ****  * These are multiplied to yield a 2.30 intermediate result and this is shifted with saturation to 
  54:Drivers/CMSIS/DSP/Source/MatrixFunctions/arm_mat_scale_q15.c ****  */
  55:Drivers/CMSIS/DSP/Source/MatrixFunctions/arm_mat_scale_q15.c **** 
  56:Drivers/CMSIS/DSP/Source/MatrixFunctions/arm_mat_scale_q15.c **** arm_status arm_mat_scale_q15(
  57:Drivers/CMSIS/DSP/Source/MatrixFunctions/arm_mat_scale_q15.c ****   const arm_matrix_instance_q15 * pSrc,
  58:Drivers/CMSIS/DSP/Source/MatrixFunctions/arm_mat_scale_q15.c ****   q15_t scaleFract,
  59:Drivers/CMSIS/DSP/Source/MatrixFunctions/arm_mat_scale_q15.c ****   int32_t shift,
  60:Drivers/CMSIS/DSP/Source/MatrixFunctions/arm_mat_scale_q15.c ****   arm_matrix_instance_q15 * pDst)
  61:Drivers/CMSIS/DSP/Source/MatrixFunctions/arm_mat_scale_q15.c **** {
  28              		.loc 1 61 1 view -0
  29              		.cfi_startproc
  30              		@ args = 0, pretend = 0, frame = 0
  31              		@ frame_needed = 0, uses_anonymous_args = 0
  32              		.loc 1 61 1 is_stmt 0 view .LVU1
  33 0000 10B5     		push	{r4, lr}
  34              	.LCFI0:
  35              		.cfi_def_cfa_offset 8
  36              		.cfi_offset 4, -8
  37              		.cfi_offset 14, -4
  38 0002 0446     		mov	r4, r0
  62:Drivers/CMSIS/DSP/Source/MatrixFunctions/arm_mat_scale_q15.c ****   q15_t *pIn = pSrc->pData;                      /* input data matrix pointer */
  39              		.loc 1 62 3 is_stmt 1 view .LVU2
  40              		.loc 1 62 10 is_stmt 0 view .LVU3
  41 0004 D0F804C0 		ldr	ip, [r0, #4]
  42              	.LVL1:
  63:Drivers/CMSIS/DSP/Source/MatrixFunctions/arm_mat_scale_q15.c ****   q15_t *pOut = pDst->pData;                     /* output data matrix pointer */
  43              		.loc 1 63 3 is_stmt 1 view .LVU4
  44              		.loc 1 63 10 is_stmt 0 view .LVU5
  45 0008 5868     		ldr	r0, [r3, #4]
  46              	.LVL2:
  64:Drivers/CMSIS/DSP/Source/MatrixFunctions/arm_mat_scale_q15.c ****   uint32_t numSamples;                           /* total number of elements in the matrix */
  47              		.loc 1 64 3 is_stmt 1 view .LVU6
  65:Drivers/CMSIS/DSP/Source/MatrixFunctions/arm_mat_scale_q15.c ****   int32_t totShift = 15 - shift;                 /* total shift to apply after scaling */
  48              		.loc 1 65 3 view .LVU7
  49              		.loc 1 65 11 is_stmt 0 view .LVU8
  50 000a C2F10F0E 		rsb	lr, r2, #15
ARM GAS  C:\Users\Lamp\AppData\Local\Temp\cci1eNqp.s 			page 3


  51              	.LVL3:
  66:Drivers/CMSIS/DSP/Source/MatrixFunctions/arm_mat_scale_q15.c ****   uint32_t blkCnt;                               /* loop counters */
  52              		.loc 1 66 3 is_stmt 1 view .LVU9
  67:Drivers/CMSIS/DSP/Source/MatrixFunctions/arm_mat_scale_q15.c ****   arm_status status;                             /* status of matrix scaling     */
  53              		.loc 1 67 3 view .LVU10
  68:Drivers/CMSIS/DSP/Source/MatrixFunctions/arm_mat_scale_q15.c **** 
  69:Drivers/CMSIS/DSP/Source/MatrixFunctions/arm_mat_scale_q15.c **** #if defined (ARM_MATH_DSP)
  70:Drivers/CMSIS/DSP/Source/MatrixFunctions/arm_mat_scale_q15.c **** 
  71:Drivers/CMSIS/DSP/Source/MatrixFunctions/arm_mat_scale_q15.c ****   q15_t in1, in2, in3, in4;
  72:Drivers/CMSIS/DSP/Source/MatrixFunctions/arm_mat_scale_q15.c ****   q31_t out1, out2, out3, out4;
  73:Drivers/CMSIS/DSP/Source/MatrixFunctions/arm_mat_scale_q15.c ****   q31_t inA1, inA2;
  74:Drivers/CMSIS/DSP/Source/MatrixFunctions/arm_mat_scale_q15.c **** 
  75:Drivers/CMSIS/DSP/Source/MatrixFunctions/arm_mat_scale_q15.c **** #endif //     #if defined (ARM_MATH_DSP)
  76:Drivers/CMSIS/DSP/Source/MatrixFunctions/arm_mat_scale_q15.c **** 
  77:Drivers/CMSIS/DSP/Source/MatrixFunctions/arm_mat_scale_q15.c **** #ifdef ARM_MATH_MATRIX_CHECK
  78:Drivers/CMSIS/DSP/Source/MatrixFunctions/arm_mat_scale_q15.c ****   /* Check for matrix mismatch */
  79:Drivers/CMSIS/DSP/Source/MatrixFunctions/arm_mat_scale_q15.c ****   if ((pSrc->numRows != pDst->numRows) || (pSrc->numCols != pDst->numCols))
  80:Drivers/CMSIS/DSP/Source/MatrixFunctions/arm_mat_scale_q15.c ****   {
  81:Drivers/CMSIS/DSP/Source/MatrixFunctions/arm_mat_scale_q15.c ****     /* Set status as ARM_MATH_SIZE_MISMATCH */
  82:Drivers/CMSIS/DSP/Source/MatrixFunctions/arm_mat_scale_q15.c ****     status = ARM_MATH_SIZE_MISMATCH;
  83:Drivers/CMSIS/DSP/Source/MatrixFunctions/arm_mat_scale_q15.c ****   }
  84:Drivers/CMSIS/DSP/Source/MatrixFunctions/arm_mat_scale_q15.c ****   else
  85:Drivers/CMSIS/DSP/Source/MatrixFunctions/arm_mat_scale_q15.c **** #endif //    #ifdef ARM_MATH_MATRIX_CHECK
  86:Drivers/CMSIS/DSP/Source/MatrixFunctions/arm_mat_scale_q15.c ****   {
  87:Drivers/CMSIS/DSP/Source/MatrixFunctions/arm_mat_scale_q15.c ****     /* Total number of samples in the input matrix */
  88:Drivers/CMSIS/DSP/Source/MatrixFunctions/arm_mat_scale_q15.c ****     numSamples = (uint32_t) pSrc->numRows * pSrc->numCols;
  54              		.loc 1 88 5 view .LVU11
  55              		.loc 1 88 33 is_stmt 0 view .LVU12
  56 000e 2288     		ldrh	r2, [r4]
  57              	.LVL4:
  58              		.loc 1 88 49 view .LVU13
  59 0010 6388     		ldrh	r3, [r4, #2]
  60              	.LVL5:
  61              		.loc 1 88 16 view .LVU14
  62 0012 03FB02F2 		mul	r2, r3, r2
  63              	.LVL6:
  89:Drivers/CMSIS/DSP/Source/MatrixFunctions/arm_mat_scale_q15.c **** 
  90:Drivers/CMSIS/DSP/Source/MatrixFunctions/arm_mat_scale_q15.c **** #if defined (ARM_MATH_DSP)
  91:Drivers/CMSIS/DSP/Source/MatrixFunctions/arm_mat_scale_q15.c **** 
  92:Drivers/CMSIS/DSP/Source/MatrixFunctions/arm_mat_scale_q15.c ****     /* Run the below code for Cortex-M4 and Cortex-M3 */
  93:Drivers/CMSIS/DSP/Source/MatrixFunctions/arm_mat_scale_q15.c ****     /* Loop Unrolling */
  94:Drivers/CMSIS/DSP/Source/MatrixFunctions/arm_mat_scale_q15.c ****     blkCnt = numSamples >> 2;
  95:Drivers/CMSIS/DSP/Source/MatrixFunctions/arm_mat_scale_q15.c **** 
  96:Drivers/CMSIS/DSP/Source/MatrixFunctions/arm_mat_scale_q15.c ****     /* First part of the processing with loop unrolling.  Compute 4 outputs at a time.
  97:Drivers/CMSIS/DSP/Source/MatrixFunctions/arm_mat_scale_q15.c ****      ** a second loop below computes the remaining 1 to 3 samples. */
  98:Drivers/CMSIS/DSP/Source/MatrixFunctions/arm_mat_scale_q15.c ****     while (blkCnt > 0U)
  99:Drivers/CMSIS/DSP/Source/MatrixFunctions/arm_mat_scale_q15.c ****     {
 100:Drivers/CMSIS/DSP/Source/MatrixFunctions/arm_mat_scale_q15.c ****       /* C(m,n) = A(m,n) * k */
 101:Drivers/CMSIS/DSP/Source/MatrixFunctions/arm_mat_scale_q15.c ****       /* Scale, saturate and then store the results in the destination buffer. */
 102:Drivers/CMSIS/DSP/Source/MatrixFunctions/arm_mat_scale_q15.c ****       /* Reading 2 inputs from memory */
 103:Drivers/CMSIS/DSP/Source/MatrixFunctions/arm_mat_scale_q15.c ****       inA1 = _SIMD32_OFFSET(pIn);
 104:Drivers/CMSIS/DSP/Source/MatrixFunctions/arm_mat_scale_q15.c ****       inA2 = _SIMD32_OFFSET(pIn + 2);
 105:Drivers/CMSIS/DSP/Source/MatrixFunctions/arm_mat_scale_q15.c **** 
 106:Drivers/CMSIS/DSP/Source/MatrixFunctions/arm_mat_scale_q15.c ****       /* C = A * scale */
 107:Drivers/CMSIS/DSP/Source/MatrixFunctions/arm_mat_scale_q15.c ****       /* Scale the inputs and then store the 2 results in the destination buffer
 108:Drivers/CMSIS/DSP/Source/MatrixFunctions/arm_mat_scale_q15.c ****        * in single cycle by packing the outputs */
 109:Drivers/CMSIS/DSP/Source/MatrixFunctions/arm_mat_scale_q15.c ****       out1 = (q31_t) ((q15_t) (inA1 >> 16) * scaleFract);
ARM GAS  C:\Users\Lamp\AppData\Local\Temp\cci1eNqp.s 			page 4


 110:Drivers/CMSIS/DSP/Source/MatrixFunctions/arm_mat_scale_q15.c ****       out2 = (q31_t) ((q15_t) inA1 * scaleFract);
 111:Drivers/CMSIS/DSP/Source/MatrixFunctions/arm_mat_scale_q15.c ****       out3 = (q31_t) ((q15_t) (inA2 >> 16) * scaleFract);
 112:Drivers/CMSIS/DSP/Source/MatrixFunctions/arm_mat_scale_q15.c ****       out4 = (q31_t) ((q15_t) inA2 * scaleFract);
 113:Drivers/CMSIS/DSP/Source/MatrixFunctions/arm_mat_scale_q15.c **** 
 114:Drivers/CMSIS/DSP/Source/MatrixFunctions/arm_mat_scale_q15.c ****       out1 = out1 >> totShift;
 115:Drivers/CMSIS/DSP/Source/MatrixFunctions/arm_mat_scale_q15.c ****       inA1 = _SIMD32_OFFSET(pIn + 4);
 116:Drivers/CMSIS/DSP/Source/MatrixFunctions/arm_mat_scale_q15.c ****       out2 = out2 >> totShift;
 117:Drivers/CMSIS/DSP/Source/MatrixFunctions/arm_mat_scale_q15.c ****       inA2 = _SIMD32_OFFSET(pIn + 6);
 118:Drivers/CMSIS/DSP/Source/MatrixFunctions/arm_mat_scale_q15.c ****       out3 = out3 >> totShift;
 119:Drivers/CMSIS/DSP/Source/MatrixFunctions/arm_mat_scale_q15.c ****       out4 = out4 >> totShift;
 120:Drivers/CMSIS/DSP/Source/MatrixFunctions/arm_mat_scale_q15.c **** 
 121:Drivers/CMSIS/DSP/Source/MatrixFunctions/arm_mat_scale_q15.c ****       in1 = (q15_t) (__SSAT(out1, 16));
 122:Drivers/CMSIS/DSP/Source/MatrixFunctions/arm_mat_scale_q15.c ****       in2 = (q15_t) (__SSAT(out2, 16));
 123:Drivers/CMSIS/DSP/Source/MatrixFunctions/arm_mat_scale_q15.c ****       in3 = (q15_t) (__SSAT(out3, 16));
 124:Drivers/CMSIS/DSP/Source/MatrixFunctions/arm_mat_scale_q15.c ****       in4 = (q15_t) (__SSAT(out4, 16));
 125:Drivers/CMSIS/DSP/Source/MatrixFunctions/arm_mat_scale_q15.c **** 
 126:Drivers/CMSIS/DSP/Source/MatrixFunctions/arm_mat_scale_q15.c ****       _SIMD32_OFFSET(pOut) = __PKHBT(in2, in1, 16);
 127:Drivers/CMSIS/DSP/Source/MatrixFunctions/arm_mat_scale_q15.c ****       _SIMD32_OFFSET(pOut + 2) = __PKHBT(in4, in3, 16);
 128:Drivers/CMSIS/DSP/Source/MatrixFunctions/arm_mat_scale_q15.c **** 
 129:Drivers/CMSIS/DSP/Source/MatrixFunctions/arm_mat_scale_q15.c ****       /* update pointers to process next sampels */
 130:Drivers/CMSIS/DSP/Source/MatrixFunctions/arm_mat_scale_q15.c ****       pIn += 4U;
 131:Drivers/CMSIS/DSP/Source/MatrixFunctions/arm_mat_scale_q15.c ****       pOut += 4U;
 132:Drivers/CMSIS/DSP/Source/MatrixFunctions/arm_mat_scale_q15.c **** 
 133:Drivers/CMSIS/DSP/Source/MatrixFunctions/arm_mat_scale_q15.c **** 
 134:Drivers/CMSIS/DSP/Source/MatrixFunctions/arm_mat_scale_q15.c ****       /* Decrement the numSamples loop counter */
 135:Drivers/CMSIS/DSP/Source/MatrixFunctions/arm_mat_scale_q15.c ****       blkCnt--;
 136:Drivers/CMSIS/DSP/Source/MatrixFunctions/arm_mat_scale_q15.c ****     }
 137:Drivers/CMSIS/DSP/Source/MatrixFunctions/arm_mat_scale_q15.c **** 
 138:Drivers/CMSIS/DSP/Source/MatrixFunctions/arm_mat_scale_q15.c ****     /* If the numSamples is not a multiple of 4, compute any remaining output samples here.
 139:Drivers/CMSIS/DSP/Source/MatrixFunctions/arm_mat_scale_q15.c ****      ** No loop unrolling is used. */
 140:Drivers/CMSIS/DSP/Source/MatrixFunctions/arm_mat_scale_q15.c ****     blkCnt = numSamples % 0x4U;
 141:Drivers/CMSIS/DSP/Source/MatrixFunctions/arm_mat_scale_q15.c **** 
 142:Drivers/CMSIS/DSP/Source/MatrixFunctions/arm_mat_scale_q15.c **** #else
 143:Drivers/CMSIS/DSP/Source/MatrixFunctions/arm_mat_scale_q15.c **** 
 144:Drivers/CMSIS/DSP/Source/MatrixFunctions/arm_mat_scale_q15.c ****     /* Run the below code for Cortex-M0 */
 145:Drivers/CMSIS/DSP/Source/MatrixFunctions/arm_mat_scale_q15.c **** 
 146:Drivers/CMSIS/DSP/Source/MatrixFunctions/arm_mat_scale_q15.c ****     /* Initialize blkCnt with number of samples */
 147:Drivers/CMSIS/DSP/Source/MatrixFunctions/arm_mat_scale_q15.c ****     blkCnt = numSamples;
  64              		.loc 1 147 5 is_stmt 1 view .LVU15
 148:Drivers/CMSIS/DSP/Source/MatrixFunctions/arm_mat_scale_q15.c **** 
 149:Drivers/CMSIS/DSP/Source/MatrixFunctions/arm_mat_scale_q15.c **** #endif /* #if defined (ARM_MATH_DSP) */
 150:Drivers/CMSIS/DSP/Source/MatrixFunctions/arm_mat_scale_q15.c **** 
 151:Drivers/CMSIS/DSP/Source/MatrixFunctions/arm_mat_scale_q15.c ****     while (blkCnt > 0U)
  65              		.loc 1 151 5 view .LVU16
  66              		.loc 1 151 11 is_stmt 0 view .LVU17
  67 0016 0AE0     		b	.L2
  68              	.LVL7:
  69              	.L3:
 152:Drivers/CMSIS/DSP/Source/MatrixFunctions/arm_mat_scale_q15.c ****     {
 153:Drivers/CMSIS/DSP/Source/MatrixFunctions/arm_mat_scale_q15.c ****       /* C(m,n) = A(m,n) * k */
 154:Drivers/CMSIS/DSP/Source/MatrixFunctions/arm_mat_scale_q15.c ****       /* Scale, saturate and then store the results in the destination buffer. */
 155:Drivers/CMSIS/DSP/Source/MatrixFunctions/arm_mat_scale_q15.c ****       *pOut++ =
  70              		.loc 1 155 7 is_stmt 1 view .LVU18
  71              	.LBB2:
 156:Drivers/CMSIS/DSP/Source/MatrixFunctions/arm_mat_scale_q15.c ****         (q15_t) (__SSAT(((q31_t) (*pIn++) * scaleFract) >> totShift, 16));
  72              		.loc 1 156 18 view .LVU19
  73              		.loc 1 156 18 is_stmt 0 view .LVU20
ARM GAS  C:\Users\Lamp\AppData\Local\Temp\cci1eNqp.s 			page 5


  74 0018 3CF9023B 		ldrsh	r3, [ip], #2
  75              	.LVL8:
  76              		.loc 1 156 18 view .LVU21
  77 001c 01FB03F3 		mul	r3, r1, r3
  78 0020 43FA0EF3 		asr	r3, r3, lr
  79              	.LVL9:
  80              		.loc 1 156 18 is_stmt 1 view .LVU22
  81              		.syntax unified
  82              	@ 156 "Drivers/CMSIS/DSP/Source/MatrixFunctions/arm_mat_scale_q15.c" 1
  83 0024 03F30F03 		ssat r3, #16, r3
  84              	@ 0 "" 2
  85              	.LVL10:
  86              		.loc 1 156 18 view .LVU23
  87              		.loc 1 156 18 is_stmt 0 view .LVU24
  88              		.thumb
  89              		.syntax unified
  90              	.LBE2:
 155:Drivers/CMSIS/DSP/Source/MatrixFunctions/arm_mat_scale_q15.c ****         (q15_t) (__SSAT(((q31_t) (*pIn++) * scaleFract) >> totShift, 16));
  91              		.loc 1 155 15 view .LVU25
  92 0028 20F8023B 		strh	r3, [r0], #2	@ movhi
  93              	.LVL11:
 157:Drivers/CMSIS/DSP/Source/MatrixFunctions/arm_mat_scale_q15.c **** 
 158:Drivers/CMSIS/DSP/Source/MatrixFunctions/arm_mat_scale_q15.c ****       /* Decrement the numSamples loop counter */
 159:Drivers/CMSIS/DSP/Source/MatrixFunctions/arm_mat_scale_q15.c ****       blkCnt--;
  94              		.loc 1 159 7 is_stmt 1 view .LVU26
  95              		.loc 1 159 13 is_stmt 0 view .LVU27
  96 002c 013A     		subs	r2, r2, #1
  97              	.LVL12:
  98              	.L2:
 151:Drivers/CMSIS/DSP/Source/MatrixFunctions/arm_mat_scale_q15.c ****     {
  99              		.loc 1 151 19 is_stmt 1 view .LVU28
 100 002e 002A     		cmp	r2, #0
 101 0030 F2D1     		bne	.L3
 160:Drivers/CMSIS/DSP/Source/MatrixFunctions/arm_mat_scale_q15.c ****     }
 161:Drivers/CMSIS/DSP/Source/MatrixFunctions/arm_mat_scale_q15.c ****     /* Set status as ARM_MATH_SUCCESS */
 162:Drivers/CMSIS/DSP/Source/MatrixFunctions/arm_mat_scale_q15.c ****     status = ARM_MATH_SUCCESS;
 102              		.loc 1 162 5 view .LVU29
 103              	.LVL13:
 163:Drivers/CMSIS/DSP/Source/MatrixFunctions/arm_mat_scale_q15.c ****   }
 164:Drivers/CMSIS/DSP/Source/MatrixFunctions/arm_mat_scale_q15.c **** 
 165:Drivers/CMSIS/DSP/Source/MatrixFunctions/arm_mat_scale_q15.c ****   /* Return to application */
 166:Drivers/CMSIS/DSP/Source/MatrixFunctions/arm_mat_scale_q15.c ****   return (status);
 104              		.loc 1 166 3 view .LVU30
 167:Drivers/CMSIS/DSP/Source/MatrixFunctions/arm_mat_scale_q15.c **** }
 105              		.loc 1 167 1 is_stmt 0 view .LVU31
 106 0032 0020     		movs	r0, #0
 107              	.LVL14:
 108              		.loc 1 167 1 view .LVU32
 109 0034 10BD     		pop	{r4, pc}
 110              		.loc 1 167 1 view .LVU33
 111              		.cfi_endproc
 112              	.LFE100:
 114              		.text
 115              	.Letext0:
 116              		.file 2 "C:/ARM GNU Toolchain/arm-none-eabi/include/machine/_default_types.h"
 117              		.file 3 "C:/ARM GNU Toolchain/arm-none-eabi/include/sys/_stdint.h"
 118              		.file 4 "Drivers/CMSIS/DSP/Include/arm_math.h"
ARM GAS  C:\Users\Lamp\AppData\Local\Temp\cci1eNqp.s 			page 6


ARM GAS  C:\Users\Lamp\AppData\Local\Temp\cci1eNqp.s 			page 7


DEFINED SYMBOLS
                            *ABS*:00000000 arm_mat_scale_q15.c
C:\Users\Lamp\AppData\Local\Temp\cci1eNqp.s:19     .text.arm_mat_scale_q15:00000000 $t
C:\Users\Lamp\AppData\Local\Temp\cci1eNqp.s:25     .text.arm_mat_scale_q15:00000000 arm_mat_scale_q15

NO UNDEFINED SYMBOLS
