ARM GAS  C:\Users\Lamp\AppData\Local\Temp\ccY3hQxU.s 			page 1


   1              		.cpu cortex-m3
   2              		.arch armv7-m
   3              		.fpu softvfp
   4              		.eabi_attribute 20, 1
   5              		.eabi_attribute 21, 1
   6              		.eabi_attribute 23, 3
   7              		.eabi_attribute 24, 1
   8              		.eabi_attribute 25, 1
   9              		.eabi_attribute 26, 1
  10              		.eabi_attribute 30, 1
  11              		.eabi_attribute 34, 1
  12              		.eabi_attribute 18, 4
  13              		.file	"arm_cmplx_conj_f32.c"
  14              		.text
  15              	.Ltext0:
  16              		.cfi_sections	.debug_frame
  17              		.file 1 "Drivers/CMSIS/DSP/Source/ComplexMathFunctions/arm_cmplx_conj_f32.c"
  18              		.section	.text.arm_cmplx_conj_f32,"ax",%progbits
  19              		.align	1
  20              		.global	arm_cmplx_conj_f32
  21              		.syntax unified
  22              		.thumb
  23              		.thumb_func
  25              	arm_cmplx_conj_f32:
  26              	.LVL0:
  27              	.LFB100:
   1:Drivers/CMSIS/DSP/Source/ComplexMathFunctions/arm_cmplx_conj_f32.c **** /* ----------------------------------------------------------------------
   2:Drivers/CMSIS/DSP/Source/ComplexMathFunctions/arm_cmplx_conj_f32.c ****  * Project:      CMSIS DSP Library
   3:Drivers/CMSIS/DSP/Source/ComplexMathFunctions/arm_cmplx_conj_f32.c ****  * Title:        arm_cmplx_conj_f32.c
   4:Drivers/CMSIS/DSP/Source/ComplexMathFunctions/arm_cmplx_conj_f32.c ****  * Description:  Floating-point complex conjugate
   5:Drivers/CMSIS/DSP/Source/ComplexMathFunctions/arm_cmplx_conj_f32.c ****  *
   6:Drivers/CMSIS/DSP/Source/ComplexMathFunctions/arm_cmplx_conj_f32.c ****  * $Date:        27. January 2017
   7:Drivers/CMSIS/DSP/Source/ComplexMathFunctions/arm_cmplx_conj_f32.c ****  * $Revision:    V.1.5.1
   8:Drivers/CMSIS/DSP/Source/ComplexMathFunctions/arm_cmplx_conj_f32.c ****  *
   9:Drivers/CMSIS/DSP/Source/ComplexMathFunctions/arm_cmplx_conj_f32.c ****  * Target Processor: Cortex-M cores
  10:Drivers/CMSIS/DSP/Source/ComplexMathFunctions/arm_cmplx_conj_f32.c ****  * -------------------------------------------------------------------- */
  11:Drivers/CMSIS/DSP/Source/ComplexMathFunctions/arm_cmplx_conj_f32.c **** /*
  12:Drivers/CMSIS/DSP/Source/ComplexMathFunctions/arm_cmplx_conj_f32.c ****  * Copyright (C) 2010-2017 ARM Limited or its affiliates. All rights reserved.
  13:Drivers/CMSIS/DSP/Source/ComplexMathFunctions/arm_cmplx_conj_f32.c ****  *
  14:Drivers/CMSIS/DSP/Source/ComplexMathFunctions/arm_cmplx_conj_f32.c ****  * SPDX-License-Identifier: Apache-2.0
  15:Drivers/CMSIS/DSP/Source/ComplexMathFunctions/arm_cmplx_conj_f32.c ****  *
  16:Drivers/CMSIS/DSP/Source/ComplexMathFunctions/arm_cmplx_conj_f32.c ****  * Licensed under the Apache License, Version 2.0 (the License); you may
  17:Drivers/CMSIS/DSP/Source/ComplexMathFunctions/arm_cmplx_conj_f32.c ****  * not use this file except in compliance with the License.
  18:Drivers/CMSIS/DSP/Source/ComplexMathFunctions/arm_cmplx_conj_f32.c ****  * You may obtain a copy of the License at
  19:Drivers/CMSIS/DSP/Source/ComplexMathFunctions/arm_cmplx_conj_f32.c ****  *
  20:Drivers/CMSIS/DSP/Source/ComplexMathFunctions/arm_cmplx_conj_f32.c ****  * www.apache.org/licenses/LICENSE-2.0
  21:Drivers/CMSIS/DSP/Source/ComplexMathFunctions/arm_cmplx_conj_f32.c ****  *
  22:Drivers/CMSIS/DSP/Source/ComplexMathFunctions/arm_cmplx_conj_f32.c ****  * Unless required by applicable law or agreed to in writing, software
  23:Drivers/CMSIS/DSP/Source/ComplexMathFunctions/arm_cmplx_conj_f32.c ****  * distributed under the License is distributed on an AS IS BASIS, WITHOUT
  24:Drivers/CMSIS/DSP/Source/ComplexMathFunctions/arm_cmplx_conj_f32.c ****  * WARRANTIES OR CONDITIONS OF ANY KIND, either express or implied.
  25:Drivers/CMSIS/DSP/Source/ComplexMathFunctions/arm_cmplx_conj_f32.c ****  * See the License for the specific language governing permissions and
  26:Drivers/CMSIS/DSP/Source/ComplexMathFunctions/arm_cmplx_conj_f32.c ****  * limitations under the License.
  27:Drivers/CMSIS/DSP/Source/ComplexMathFunctions/arm_cmplx_conj_f32.c ****  */
  28:Drivers/CMSIS/DSP/Source/ComplexMathFunctions/arm_cmplx_conj_f32.c **** 
  29:Drivers/CMSIS/DSP/Source/ComplexMathFunctions/arm_cmplx_conj_f32.c **** #include "arm_math.h"
  30:Drivers/CMSIS/DSP/Source/ComplexMathFunctions/arm_cmplx_conj_f32.c **** 
  31:Drivers/CMSIS/DSP/Source/ComplexMathFunctions/arm_cmplx_conj_f32.c **** /**
ARM GAS  C:\Users\Lamp\AppData\Local\Temp\ccY3hQxU.s 			page 2


  32:Drivers/CMSIS/DSP/Source/ComplexMathFunctions/arm_cmplx_conj_f32.c ****  * @ingroup groupCmplxMath
  33:Drivers/CMSIS/DSP/Source/ComplexMathFunctions/arm_cmplx_conj_f32.c ****  */
  34:Drivers/CMSIS/DSP/Source/ComplexMathFunctions/arm_cmplx_conj_f32.c **** 
  35:Drivers/CMSIS/DSP/Source/ComplexMathFunctions/arm_cmplx_conj_f32.c **** /**
  36:Drivers/CMSIS/DSP/Source/ComplexMathFunctions/arm_cmplx_conj_f32.c ****  * @defgroup cmplx_conj Complex Conjugate
  37:Drivers/CMSIS/DSP/Source/ComplexMathFunctions/arm_cmplx_conj_f32.c ****  *
  38:Drivers/CMSIS/DSP/Source/ComplexMathFunctions/arm_cmplx_conj_f32.c ****  * Conjugates the elements of a complex data vector.
  39:Drivers/CMSIS/DSP/Source/ComplexMathFunctions/arm_cmplx_conj_f32.c ****  *
  40:Drivers/CMSIS/DSP/Source/ComplexMathFunctions/arm_cmplx_conj_f32.c ****  * The <code>pSrc</code> points to the source data and
  41:Drivers/CMSIS/DSP/Source/ComplexMathFunctions/arm_cmplx_conj_f32.c ****  * <code>pDst</code> points to the where the result should be written.
  42:Drivers/CMSIS/DSP/Source/ComplexMathFunctions/arm_cmplx_conj_f32.c ****  * <code>numSamples</code> specifies the number of complex samples
  43:Drivers/CMSIS/DSP/Source/ComplexMathFunctions/arm_cmplx_conj_f32.c ****  * and the data in each array is stored in an interleaved fashion
  44:Drivers/CMSIS/DSP/Source/ComplexMathFunctions/arm_cmplx_conj_f32.c ****  * (real, imag, real, imag, ...).
  45:Drivers/CMSIS/DSP/Source/ComplexMathFunctions/arm_cmplx_conj_f32.c ****  * Each array has a total of <code>2*numSamples</code> values.
  46:Drivers/CMSIS/DSP/Source/ComplexMathFunctions/arm_cmplx_conj_f32.c ****  * The underlying algorithm is used:
  47:Drivers/CMSIS/DSP/Source/ComplexMathFunctions/arm_cmplx_conj_f32.c ****  *
  48:Drivers/CMSIS/DSP/Source/ComplexMathFunctions/arm_cmplx_conj_f32.c ****  * <pre>
  49:Drivers/CMSIS/DSP/Source/ComplexMathFunctions/arm_cmplx_conj_f32.c ****  * for(n=0; n<numSamples; n++) {
  50:Drivers/CMSIS/DSP/Source/ComplexMathFunctions/arm_cmplx_conj_f32.c ****  *     pDst[(2*n)+0)] = pSrc[(2*n)+0];     // real part
  51:Drivers/CMSIS/DSP/Source/ComplexMathFunctions/arm_cmplx_conj_f32.c ****  *     pDst[(2*n)+1)] = -pSrc[(2*n)+1];    // imag part
  52:Drivers/CMSIS/DSP/Source/ComplexMathFunctions/arm_cmplx_conj_f32.c ****  * }
  53:Drivers/CMSIS/DSP/Source/ComplexMathFunctions/arm_cmplx_conj_f32.c ****  * </pre>
  54:Drivers/CMSIS/DSP/Source/ComplexMathFunctions/arm_cmplx_conj_f32.c ****  *
  55:Drivers/CMSIS/DSP/Source/ComplexMathFunctions/arm_cmplx_conj_f32.c ****  * There are separate functions for floating-point, Q15, and Q31 data types.
  56:Drivers/CMSIS/DSP/Source/ComplexMathFunctions/arm_cmplx_conj_f32.c ****  */
  57:Drivers/CMSIS/DSP/Source/ComplexMathFunctions/arm_cmplx_conj_f32.c **** 
  58:Drivers/CMSIS/DSP/Source/ComplexMathFunctions/arm_cmplx_conj_f32.c **** /**
  59:Drivers/CMSIS/DSP/Source/ComplexMathFunctions/arm_cmplx_conj_f32.c ****  * @addtogroup cmplx_conj
  60:Drivers/CMSIS/DSP/Source/ComplexMathFunctions/arm_cmplx_conj_f32.c ****  * @{
  61:Drivers/CMSIS/DSP/Source/ComplexMathFunctions/arm_cmplx_conj_f32.c ****  */
  62:Drivers/CMSIS/DSP/Source/ComplexMathFunctions/arm_cmplx_conj_f32.c **** 
  63:Drivers/CMSIS/DSP/Source/ComplexMathFunctions/arm_cmplx_conj_f32.c **** /**
  64:Drivers/CMSIS/DSP/Source/ComplexMathFunctions/arm_cmplx_conj_f32.c ****  * @brief  Floating-point complex conjugate.
  65:Drivers/CMSIS/DSP/Source/ComplexMathFunctions/arm_cmplx_conj_f32.c ****  * @param  *pSrc points to the input vector
  66:Drivers/CMSIS/DSP/Source/ComplexMathFunctions/arm_cmplx_conj_f32.c ****  * @param  *pDst points to the output vector
  67:Drivers/CMSIS/DSP/Source/ComplexMathFunctions/arm_cmplx_conj_f32.c ****  * @param  numSamples number of complex samples in each vector
  68:Drivers/CMSIS/DSP/Source/ComplexMathFunctions/arm_cmplx_conj_f32.c ****  * @return none.
  69:Drivers/CMSIS/DSP/Source/ComplexMathFunctions/arm_cmplx_conj_f32.c ****  */
  70:Drivers/CMSIS/DSP/Source/ComplexMathFunctions/arm_cmplx_conj_f32.c **** 
  71:Drivers/CMSIS/DSP/Source/ComplexMathFunctions/arm_cmplx_conj_f32.c **** void arm_cmplx_conj_f32(
  72:Drivers/CMSIS/DSP/Source/ComplexMathFunctions/arm_cmplx_conj_f32.c ****   float32_t * pSrc,
  73:Drivers/CMSIS/DSP/Source/ComplexMathFunctions/arm_cmplx_conj_f32.c ****   float32_t * pDst,
  74:Drivers/CMSIS/DSP/Source/ComplexMathFunctions/arm_cmplx_conj_f32.c ****   uint32_t numSamples)
  75:Drivers/CMSIS/DSP/Source/ComplexMathFunctions/arm_cmplx_conj_f32.c **** {
  28              		.loc 1 75 1 view -0
  29              		.cfi_startproc
  30              		@ args = 0, pretend = 0, frame = 0
  31              		@ frame_needed = 0, uses_anonymous_args = 0
  76:Drivers/CMSIS/DSP/Source/ComplexMathFunctions/arm_cmplx_conj_f32.c ****   uint32_t blkCnt;                               /* loop counter */
  32              		.loc 1 76 3 view .LVU1
  77:Drivers/CMSIS/DSP/Source/ComplexMathFunctions/arm_cmplx_conj_f32.c **** 
  78:Drivers/CMSIS/DSP/Source/ComplexMathFunctions/arm_cmplx_conj_f32.c **** #if defined (ARM_MATH_DSP)
  79:Drivers/CMSIS/DSP/Source/ComplexMathFunctions/arm_cmplx_conj_f32.c **** 
  80:Drivers/CMSIS/DSP/Source/ComplexMathFunctions/arm_cmplx_conj_f32.c ****   /* Run the below code for Cortex-M4 and Cortex-M3 */
  81:Drivers/CMSIS/DSP/Source/ComplexMathFunctions/arm_cmplx_conj_f32.c ****   float32_t inR1, inR2, inR3, inR4;
  82:Drivers/CMSIS/DSP/Source/ComplexMathFunctions/arm_cmplx_conj_f32.c ****   float32_t inI1, inI2, inI3, inI4;
  83:Drivers/CMSIS/DSP/Source/ComplexMathFunctions/arm_cmplx_conj_f32.c **** 
ARM GAS  C:\Users\Lamp\AppData\Local\Temp\ccY3hQxU.s 			page 3


  84:Drivers/CMSIS/DSP/Source/ComplexMathFunctions/arm_cmplx_conj_f32.c ****   /*loop Unrolling */
  85:Drivers/CMSIS/DSP/Source/ComplexMathFunctions/arm_cmplx_conj_f32.c ****   blkCnt = numSamples >> 2U;
  86:Drivers/CMSIS/DSP/Source/ComplexMathFunctions/arm_cmplx_conj_f32.c **** 
  87:Drivers/CMSIS/DSP/Source/ComplexMathFunctions/arm_cmplx_conj_f32.c ****   /* First part of the processing with loop unrolling.  Compute 4 outputs at a time.
  88:Drivers/CMSIS/DSP/Source/ComplexMathFunctions/arm_cmplx_conj_f32.c ****    ** a second loop below computes the remaining 1 to 3 samples. */
  89:Drivers/CMSIS/DSP/Source/ComplexMathFunctions/arm_cmplx_conj_f32.c ****   while (blkCnt > 0U)
  90:Drivers/CMSIS/DSP/Source/ComplexMathFunctions/arm_cmplx_conj_f32.c ****   {
  91:Drivers/CMSIS/DSP/Source/ComplexMathFunctions/arm_cmplx_conj_f32.c ****     /* C[0]+jC[1] = A[0]+ j (-1) A[1] */
  92:Drivers/CMSIS/DSP/Source/ComplexMathFunctions/arm_cmplx_conj_f32.c ****     /* Calculate Complex Conjugate and then store the results in the destination buffer. */
  93:Drivers/CMSIS/DSP/Source/ComplexMathFunctions/arm_cmplx_conj_f32.c ****     /* read real input samples */
  94:Drivers/CMSIS/DSP/Source/ComplexMathFunctions/arm_cmplx_conj_f32.c ****     inR1 = pSrc[0];
  95:Drivers/CMSIS/DSP/Source/ComplexMathFunctions/arm_cmplx_conj_f32.c ****     /* store real samples to destination */
  96:Drivers/CMSIS/DSP/Source/ComplexMathFunctions/arm_cmplx_conj_f32.c ****     pDst[0] = inR1;
  97:Drivers/CMSIS/DSP/Source/ComplexMathFunctions/arm_cmplx_conj_f32.c ****     inR2 = pSrc[2];
  98:Drivers/CMSIS/DSP/Source/ComplexMathFunctions/arm_cmplx_conj_f32.c ****     pDst[2] = inR2;
  99:Drivers/CMSIS/DSP/Source/ComplexMathFunctions/arm_cmplx_conj_f32.c ****     inR3 = pSrc[4];
 100:Drivers/CMSIS/DSP/Source/ComplexMathFunctions/arm_cmplx_conj_f32.c ****     pDst[4] = inR3;
 101:Drivers/CMSIS/DSP/Source/ComplexMathFunctions/arm_cmplx_conj_f32.c ****     inR4 = pSrc[6];
 102:Drivers/CMSIS/DSP/Source/ComplexMathFunctions/arm_cmplx_conj_f32.c ****     pDst[6] = inR4;
 103:Drivers/CMSIS/DSP/Source/ComplexMathFunctions/arm_cmplx_conj_f32.c **** 
 104:Drivers/CMSIS/DSP/Source/ComplexMathFunctions/arm_cmplx_conj_f32.c ****     /* read imaginary input samples */
 105:Drivers/CMSIS/DSP/Source/ComplexMathFunctions/arm_cmplx_conj_f32.c ****     inI1 = pSrc[1];
 106:Drivers/CMSIS/DSP/Source/ComplexMathFunctions/arm_cmplx_conj_f32.c ****     inI2 = pSrc[3];
 107:Drivers/CMSIS/DSP/Source/ComplexMathFunctions/arm_cmplx_conj_f32.c **** 
 108:Drivers/CMSIS/DSP/Source/ComplexMathFunctions/arm_cmplx_conj_f32.c ****     /* conjugate input */
 109:Drivers/CMSIS/DSP/Source/ComplexMathFunctions/arm_cmplx_conj_f32.c ****     inI1 = -inI1;
 110:Drivers/CMSIS/DSP/Source/ComplexMathFunctions/arm_cmplx_conj_f32.c **** 
 111:Drivers/CMSIS/DSP/Source/ComplexMathFunctions/arm_cmplx_conj_f32.c ****     /* read imaginary input samples */
 112:Drivers/CMSIS/DSP/Source/ComplexMathFunctions/arm_cmplx_conj_f32.c ****     inI3 = pSrc[5];
 113:Drivers/CMSIS/DSP/Source/ComplexMathFunctions/arm_cmplx_conj_f32.c **** 
 114:Drivers/CMSIS/DSP/Source/ComplexMathFunctions/arm_cmplx_conj_f32.c ****     /* conjugate input */
 115:Drivers/CMSIS/DSP/Source/ComplexMathFunctions/arm_cmplx_conj_f32.c ****     inI2 = -inI2;
 116:Drivers/CMSIS/DSP/Source/ComplexMathFunctions/arm_cmplx_conj_f32.c **** 
 117:Drivers/CMSIS/DSP/Source/ComplexMathFunctions/arm_cmplx_conj_f32.c ****     /* read imaginary input samples */
 118:Drivers/CMSIS/DSP/Source/ComplexMathFunctions/arm_cmplx_conj_f32.c ****     inI4 = pSrc[7];
 119:Drivers/CMSIS/DSP/Source/ComplexMathFunctions/arm_cmplx_conj_f32.c **** 
 120:Drivers/CMSIS/DSP/Source/ComplexMathFunctions/arm_cmplx_conj_f32.c ****     /* conjugate input */
 121:Drivers/CMSIS/DSP/Source/ComplexMathFunctions/arm_cmplx_conj_f32.c ****     inI3 = -inI3;
 122:Drivers/CMSIS/DSP/Source/ComplexMathFunctions/arm_cmplx_conj_f32.c **** 
 123:Drivers/CMSIS/DSP/Source/ComplexMathFunctions/arm_cmplx_conj_f32.c ****     /* store imaginary samples to destination */
 124:Drivers/CMSIS/DSP/Source/ComplexMathFunctions/arm_cmplx_conj_f32.c ****     pDst[1] = inI1;
 125:Drivers/CMSIS/DSP/Source/ComplexMathFunctions/arm_cmplx_conj_f32.c ****     pDst[3] = inI2;
 126:Drivers/CMSIS/DSP/Source/ComplexMathFunctions/arm_cmplx_conj_f32.c **** 
 127:Drivers/CMSIS/DSP/Source/ComplexMathFunctions/arm_cmplx_conj_f32.c ****     /* conjugate input */
 128:Drivers/CMSIS/DSP/Source/ComplexMathFunctions/arm_cmplx_conj_f32.c ****     inI4 = -inI4;
 129:Drivers/CMSIS/DSP/Source/ComplexMathFunctions/arm_cmplx_conj_f32.c **** 
 130:Drivers/CMSIS/DSP/Source/ComplexMathFunctions/arm_cmplx_conj_f32.c ****     /* store imaginary samples to destination */
 131:Drivers/CMSIS/DSP/Source/ComplexMathFunctions/arm_cmplx_conj_f32.c ****     pDst[5] = inI3;
 132:Drivers/CMSIS/DSP/Source/ComplexMathFunctions/arm_cmplx_conj_f32.c **** 
 133:Drivers/CMSIS/DSP/Source/ComplexMathFunctions/arm_cmplx_conj_f32.c ****     /* increment source pointer by 8 to process next sampels */
 134:Drivers/CMSIS/DSP/Source/ComplexMathFunctions/arm_cmplx_conj_f32.c ****     pSrc += 8U;
 135:Drivers/CMSIS/DSP/Source/ComplexMathFunctions/arm_cmplx_conj_f32.c **** 
 136:Drivers/CMSIS/DSP/Source/ComplexMathFunctions/arm_cmplx_conj_f32.c ****     /* store imaginary sample to destination */
 137:Drivers/CMSIS/DSP/Source/ComplexMathFunctions/arm_cmplx_conj_f32.c ****     pDst[7] = inI4;
 138:Drivers/CMSIS/DSP/Source/ComplexMathFunctions/arm_cmplx_conj_f32.c **** 
 139:Drivers/CMSIS/DSP/Source/ComplexMathFunctions/arm_cmplx_conj_f32.c ****     /* increment destination pointer by 8 to store next samples */
 140:Drivers/CMSIS/DSP/Source/ComplexMathFunctions/arm_cmplx_conj_f32.c ****     pDst += 8U;
ARM GAS  C:\Users\Lamp\AppData\Local\Temp\ccY3hQxU.s 			page 4


 141:Drivers/CMSIS/DSP/Source/ComplexMathFunctions/arm_cmplx_conj_f32.c **** 
 142:Drivers/CMSIS/DSP/Source/ComplexMathFunctions/arm_cmplx_conj_f32.c ****     /* Decrement the loop counter */
 143:Drivers/CMSIS/DSP/Source/ComplexMathFunctions/arm_cmplx_conj_f32.c ****     blkCnt--;
 144:Drivers/CMSIS/DSP/Source/ComplexMathFunctions/arm_cmplx_conj_f32.c ****   }
 145:Drivers/CMSIS/DSP/Source/ComplexMathFunctions/arm_cmplx_conj_f32.c **** 
 146:Drivers/CMSIS/DSP/Source/ComplexMathFunctions/arm_cmplx_conj_f32.c ****   /* If the numSamples is not a multiple of 4, compute any remaining output samples here.
 147:Drivers/CMSIS/DSP/Source/ComplexMathFunctions/arm_cmplx_conj_f32.c ****    ** No loop unrolling is used. */
 148:Drivers/CMSIS/DSP/Source/ComplexMathFunctions/arm_cmplx_conj_f32.c ****   blkCnt = numSamples % 0x4U;
 149:Drivers/CMSIS/DSP/Source/ComplexMathFunctions/arm_cmplx_conj_f32.c **** 
 150:Drivers/CMSIS/DSP/Source/ComplexMathFunctions/arm_cmplx_conj_f32.c **** #else
 151:Drivers/CMSIS/DSP/Source/ComplexMathFunctions/arm_cmplx_conj_f32.c **** 
 152:Drivers/CMSIS/DSP/Source/ComplexMathFunctions/arm_cmplx_conj_f32.c ****   /* Run the below code for Cortex-M0 */
 153:Drivers/CMSIS/DSP/Source/ComplexMathFunctions/arm_cmplx_conj_f32.c ****   blkCnt = numSamples;
  33              		.loc 1 153 3 view .LVU2
 154:Drivers/CMSIS/DSP/Source/ComplexMathFunctions/arm_cmplx_conj_f32.c **** 
 155:Drivers/CMSIS/DSP/Source/ComplexMathFunctions/arm_cmplx_conj_f32.c **** #endif /* #if defined (ARM_MATH_DSP) */
 156:Drivers/CMSIS/DSP/Source/ComplexMathFunctions/arm_cmplx_conj_f32.c **** 
 157:Drivers/CMSIS/DSP/Source/ComplexMathFunctions/arm_cmplx_conj_f32.c ****   while (blkCnt > 0U)
  34              		.loc 1 157 3 view .LVU3
  35              		.loc 1 157 17 view .LVU4
  36 0000 8AB1     		cbz	r2, .L7
  75:Drivers/CMSIS/DSP/Source/ComplexMathFunctions/arm_cmplx_conj_f32.c ****   uint32_t blkCnt;                               /* loop counter */
  37              		.loc 1 75 1 is_stmt 0 view .LVU5
  38 0002 00B5     		push	{lr}
  39              	.LCFI0:
  40              		.cfi_def_cfa_offset 4
  41              		.cfi_offset 14, -4
  42              	.LVL1:
  43              	.L3:
 158:Drivers/CMSIS/DSP/Source/ComplexMathFunctions/arm_cmplx_conj_f32.c ****   {
 159:Drivers/CMSIS/DSP/Source/ComplexMathFunctions/arm_cmplx_conj_f32.c ****     /* realOut + j (imagOut) = realIn + j (-1) imagIn */
 160:Drivers/CMSIS/DSP/Source/ComplexMathFunctions/arm_cmplx_conj_f32.c ****     /* Calculate Complex Conjugate and then store the results in the destination buffer. */
 161:Drivers/CMSIS/DSP/Source/ComplexMathFunctions/arm_cmplx_conj_f32.c ****     *pDst++ = *pSrc++;
  44              		.loc 1 161 5 is_stmt 1 view .LVU6
  45              		.loc 1 161 15 is_stmt 0 view .LVU7
  46 0004 0346     		mov	r3, r0
  47 0006 53F808EB 		ldr	lr, [r3], #8	@ float
  48              		.loc 1 161 13 view .LVU8
  49 000a 8C46     		mov	ip, r1
  50 000c 4CF808EB 		str	lr, [ip], #8	@ float
 162:Drivers/CMSIS/DSP/Source/ComplexMathFunctions/arm_cmplx_conj_f32.c ****     *pDst++ = -*pSrc++;
  51              		.loc 1 162 5 is_stmt 1 view .LVU9
  52              	.LVL2:
  53              		.loc 1 162 16 is_stmt 0 view .LVU10
  54 0010 4068     		ldr	r0, [r0, #4]	@ float
  55              	.LVL3:
  56              		.loc 1 162 15 view .LVU11
  57 0012 00F10040 		add	r0, r0, #-2147483648
  58              		.loc 1 162 13 view .LVU12
  59 0016 4860     		str	r0, [r1, #4]	@ float
 163:Drivers/CMSIS/DSP/Source/ComplexMathFunctions/arm_cmplx_conj_f32.c **** 
 164:Drivers/CMSIS/DSP/Source/ComplexMathFunctions/arm_cmplx_conj_f32.c ****     /* Decrement the loop counter */
 165:Drivers/CMSIS/DSP/Source/ComplexMathFunctions/arm_cmplx_conj_f32.c ****     blkCnt--;
  60              		.loc 1 165 5 is_stmt 1 view .LVU13
  61              		.loc 1 165 11 is_stmt 0 view .LVU14
  62 0018 013A     		subs	r2, r2, #1
  63              	.LVL4:
ARM GAS  C:\Users\Lamp\AppData\Local\Temp\ccY3hQxU.s 			page 5


 162:Drivers/CMSIS/DSP/Source/ComplexMathFunctions/arm_cmplx_conj_f32.c ****     *pDst++ = -*pSrc++;
  64              		.loc 1 162 10 view .LVU15
  65 001a 6146     		mov	r1, ip
 162:Drivers/CMSIS/DSP/Source/ComplexMathFunctions/arm_cmplx_conj_f32.c ****     *pDst++ = -*pSrc++;
  66              		.loc 1 162 21 view .LVU16
  67 001c 1846     		mov	r0, r3
 157:Drivers/CMSIS/DSP/Source/ComplexMathFunctions/arm_cmplx_conj_f32.c ****   {
  68              		.loc 1 157 17 is_stmt 1 view .LVU17
  69 001e 002A     		cmp	r2, #0
  70 0020 F0D1     		bne	.L3
 166:Drivers/CMSIS/DSP/Source/ComplexMathFunctions/arm_cmplx_conj_f32.c ****   }
 167:Drivers/CMSIS/DSP/Source/ComplexMathFunctions/arm_cmplx_conj_f32.c **** }
  71              		.loc 1 167 1 is_stmt 0 view .LVU18
  72 0022 5DF804FB 		ldr	pc, [sp], #4
  73              	.LVL5:
  74              	.L7:
  75              	.LCFI1:
  76              		.cfi_def_cfa_offset 0
  77              		.cfi_restore 14
  78              		.loc 1 167 1 view .LVU19
  79 0026 7047     		bx	lr
  80              		.cfi_endproc
  81              	.LFE100:
  83              		.text
  84              	.Letext0:
  85              		.file 2 "C:/ARM GNU Toolchain/arm-none-eabi/include/machine/_default_types.h"
  86              		.file 3 "C:/ARM GNU Toolchain/arm-none-eabi/include/sys/_stdint.h"
  87              		.file 4 "Drivers/CMSIS/DSP/Include/arm_math.h"
ARM GAS  C:\Users\Lamp\AppData\Local\Temp\ccY3hQxU.s 			page 6


DEFINED SYMBOLS
                            *ABS*:00000000 arm_cmplx_conj_f32.c
C:\Users\Lamp\AppData\Local\Temp\ccY3hQxU.s:19     .text.arm_cmplx_conj_f32:00000000 $t
C:\Users\Lamp\AppData\Local\Temp\ccY3hQxU.s:25     .text.arm_cmplx_conj_f32:00000000 arm_cmplx_conj_f32

NO UNDEFINED SYMBOLS
