ARM GAS  C:\Users\Lamp\AppData\Local\Temp\ccUQQQY2.s 			page 1


   1              		.cpu cortex-m3
   2              		.arch armv7-m
   3              		.fpu softvfp
   4              		.eabi_attribute 20, 1
   5              		.eabi_attribute 21, 1
   6              		.eabi_attribute 23, 3
   7              		.eabi_attribute 24, 1
   8              		.eabi_attribute 25, 1
   9              		.eabi_attribute 26, 1
  10              		.eabi_attribute 30, 1
  11              		.eabi_attribute 34, 1
  12              		.eabi_attribute 18, 4
  13              		.file	"arm_mat_trans_q31.c"
  14              		.text
  15              	.Ltext0:
  16              		.cfi_sections	.debug_frame
  17              		.file 1 "Drivers/CMSIS/DSP/Source/MatrixFunctions/arm_mat_trans_q31.c"
  18              		.section	.text.arm_mat_trans_q31,"ax",%progbits
  19              		.align	1
  20              		.global	arm_mat_trans_q31
  21              		.syntax unified
  22              		.thumb
  23              		.thumb_func
  25              	arm_mat_trans_q31:
  26              	.LVL0:
  27              	.LFB100:
   1:Drivers/CMSIS/DSP/Source/MatrixFunctions/arm_mat_trans_q31.c **** /* ----------------------------------------------------------------------
   2:Drivers/CMSIS/DSP/Source/MatrixFunctions/arm_mat_trans_q31.c ****  * Project:      CMSIS DSP Library
   3:Drivers/CMSIS/DSP/Source/MatrixFunctions/arm_mat_trans_q31.c ****  * Title:        arm_mat_trans_q31.c
   4:Drivers/CMSIS/DSP/Source/MatrixFunctions/arm_mat_trans_q31.c ****  * Description:  Q31 matrix transpose
   5:Drivers/CMSIS/DSP/Source/MatrixFunctions/arm_mat_trans_q31.c ****  *
   6:Drivers/CMSIS/DSP/Source/MatrixFunctions/arm_mat_trans_q31.c ****  * $Date:        27. January 2017
   7:Drivers/CMSIS/DSP/Source/MatrixFunctions/arm_mat_trans_q31.c ****  * $Revision:    V.1.5.1
   8:Drivers/CMSIS/DSP/Source/MatrixFunctions/arm_mat_trans_q31.c ****  *
   9:Drivers/CMSIS/DSP/Source/MatrixFunctions/arm_mat_trans_q31.c ****  * Target Processor: Cortex-M cores
  10:Drivers/CMSIS/DSP/Source/MatrixFunctions/arm_mat_trans_q31.c ****  * -------------------------------------------------------------------- */
  11:Drivers/CMSIS/DSP/Source/MatrixFunctions/arm_mat_trans_q31.c **** /*
  12:Drivers/CMSIS/DSP/Source/MatrixFunctions/arm_mat_trans_q31.c ****  * Copyright (C) 2010-2017 ARM Limited or its affiliates. All rights reserved.
  13:Drivers/CMSIS/DSP/Source/MatrixFunctions/arm_mat_trans_q31.c ****  *
  14:Drivers/CMSIS/DSP/Source/MatrixFunctions/arm_mat_trans_q31.c ****  * SPDX-License-Identifier: Apache-2.0
  15:Drivers/CMSIS/DSP/Source/MatrixFunctions/arm_mat_trans_q31.c ****  *
  16:Drivers/CMSIS/DSP/Source/MatrixFunctions/arm_mat_trans_q31.c ****  * Licensed under the Apache License, Version 2.0 (the License); you may
  17:Drivers/CMSIS/DSP/Source/MatrixFunctions/arm_mat_trans_q31.c ****  * not use this file except in compliance with the License.
  18:Drivers/CMSIS/DSP/Source/MatrixFunctions/arm_mat_trans_q31.c ****  * You may obtain a copy of the License at
  19:Drivers/CMSIS/DSP/Source/MatrixFunctions/arm_mat_trans_q31.c ****  *
  20:Drivers/CMSIS/DSP/Source/MatrixFunctions/arm_mat_trans_q31.c ****  * www.apache.org/licenses/LICENSE-2.0
  21:Drivers/CMSIS/DSP/Source/MatrixFunctions/arm_mat_trans_q31.c ****  *
  22:Drivers/CMSIS/DSP/Source/MatrixFunctions/arm_mat_trans_q31.c ****  * Unless required by applicable law or agreed to in writing, software
  23:Drivers/CMSIS/DSP/Source/MatrixFunctions/arm_mat_trans_q31.c ****  * distributed under the License is distributed on an AS IS BASIS, WITHOUT
  24:Drivers/CMSIS/DSP/Source/MatrixFunctions/arm_mat_trans_q31.c ****  * WARRANTIES OR CONDITIONS OF ANY KIND, either express or implied.
  25:Drivers/CMSIS/DSP/Source/MatrixFunctions/arm_mat_trans_q31.c ****  * See the License for the specific language governing permissions and
  26:Drivers/CMSIS/DSP/Source/MatrixFunctions/arm_mat_trans_q31.c ****  * limitations under the License.
  27:Drivers/CMSIS/DSP/Source/MatrixFunctions/arm_mat_trans_q31.c ****  */
  28:Drivers/CMSIS/DSP/Source/MatrixFunctions/arm_mat_trans_q31.c **** 
  29:Drivers/CMSIS/DSP/Source/MatrixFunctions/arm_mat_trans_q31.c **** #include "arm_math.h"
  30:Drivers/CMSIS/DSP/Source/MatrixFunctions/arm_mat_trans_q31.c **** 
  31:Drivers/CMSIS/DSP/Source/MatrixFunctions/arm_mat_trans_q31.c **** /**
ARM GAS  C:\Users\Lamp\AppData\Local\Temp\ccUQQQY2.s 			page 2


  32:Drivers/CMSIS/DSP/Source/MatrixFunctions/arm_mat_trans_q31.c ****  * @ingroup groupMatrix
  33:Drivers/CMSIS/DSP/Source/MatrixFunctions/arm_mat_trans_q31.c ****  */
  34:Drivers/CMSIS/DSP/Source/MatrixFunctions/arm_mat_trans_q31.c **** 
  35:Drivers/CMSIS/DSP/Source/MatrixFunctions/arm_mat_trans_q31.c **** /**
  36:Drivers/CMSIS/DSP/Source/MatrixFunctions/arm_mat_trans_q31.c ****  * @addtogroup MatrixTrans
  37:Drivers/CMSIS/DSP/Source/MatrixFunctions/arm_mat_trans_q31.c ****  * @{
  38:Drivers/CMSIS/DSP/Source/MatrixFunctions/arm_mat_trans_q31.c ****  */
  39:Drivers/CMSIS/DSP/Source/MatrixFunctions/arm_mat_trans_q31.c **** 
  40:Drivers/CMSIS/DSP/Source/MatrixFunctions/arm_mat_trans_q31.c **** /*
  41:Drivers/CMSIS/DSP/Source/MatrixFunctions/arm_mat_trans_q31.c ****   * @brief Q31 matrix transpose.
  42:Drivers/CMSIS/DSP/Source/MatrixFunctions/arm_mat_trans_q31.c ****   * @param[in]  *pSrc points to the input matrix
  43:Drivers/CMSIS/DSP/Source/MatrixFunctions/arm_mat_trans_q31.c ****   * @param[out] *pDst points to the output matrix
  44:Drivers/CMSIS/DSP/Source/MatrixFunctions/arm_mat_trans_q31.c ****   * @return 	The function returns either  <code>ARM_MATH_SIZE_MISMATCH</code>
  45:Drivers/CMSIS/DSP/Source/MatrixFunctions/arm_mat_trans_q31.c ****   * or <code>ARM_MATH_SUCCESS</code> based on the outcome of size checking.
  46:Drivers/CMSIS/DSP/Source/MatrixFunctions/arm_mat_trans_q31.c ****  */
  47:Drivers/CMSIS/DSP/Source/MatrixFunctions/arm_mat_trans_q31.c **** 
  48:Drivers/CMSIS/DSP/Source/MatrixFunctions/arm_mat_trans_q31.c **** arm_status arm_mat_trans_q31(
  49:Drivers/CMSIS/DSP/Source/MatrixFunctions/arm_mat_trans_q31.c ****   const arm_matrix_instance_q31 * pSrc,
  50:Drivers/CMSIS/DSP/Source/MatrixFunctions/arm_mat_trans_q31.c ****   arm_matrix_instance_q31 * pDst)
  51:Drivers/CMSIS/DSP/Source/MatrixFunctions/arm_mat_trans_q31.c **** {
  28              		.loc 1 51 1 view -0
  29              		.cfi_startproc
  30              		@ args = 0, pretend = 0, frame = 0
  31              		@ frame_needed = 0, uses_anonymous_args = 0
  32              		.loc 1 51 1 is_stmt 0 view .LVU1
  33 0000 70B5     		push	{r4, r5, r6, lr}
  34              	.LCFI0:
  35              		.cfi_def_cfa_offset 16
  36              		.cfi_offset 4, -16
  37              		.cfi_offset 5, -12
  38              		.cfi_offset 6, -8
  39              		.cfi_offset 14, -4
  52:Drivers/CMSIS/DSP/Source/MatrixFunctions/arm_mat_trans_q31.c ****   q31_t *pIn = pSrc->pData;                      /* input data matrix pointer  */
  40              		.loc 1 52 3 is_stmt 1 view .LVU2
  41              		.loc 1 52 10 is_stmt 0 view .LVU3
  42 0002 4368     		ldr	r3, [r0, #4]
  43              	.LVL1:
  53:Drivers/CMSIS/DSP/Source/MatrixFunctions/arm_mat_trans_q31.c ****   q31_t *pOut = pDst->pData;                     /* output data matrix pointer  */
  44              		.loc 1 53 3 is_stmt 1 view .LVU4
  45              		.loc 1 53 10 is_stmt 0 view .LVU5
  46 0004 4E68     		ldr	r6, [r1, #4]
  47              	.LVL2:
  54:Drivers/CMSIS/DSP/Source/MatrixFunctions/arm_mat_trans_q31.c ****   q31_t *px;                                     /* Temporary output data matrix pointer */
  48              		.loc 1 54 3 is_stmt 1 view .LVU6
  55:Drivers/CMSIS/DSP/Source/MatrixFunctions/arm_mat_trans_q31.c ****   uint16_t nRows = pSrc->numRows;                /* number of nRows */
  49              		.loc 1 55 3 view .LVU7
  50              		.loc 1 55 12 is_stmt 0 view .LVU8
  51 0006 B0F800C0 		ldrh	ip, [r0]
  52              	.LVL3:
  56:Drivers/CMSIS/DSP/Source/MatrixFunctions/arm_mat_trans_q31.c ****   uint16_t nColumns = pSrc->numCols;             /* number of nColumns  */
  53              		.loc 1 56 3 is_stmt 1 view .LVU9
  54              		.loc 1 56 12 is_stmt 0 view .LVU10
  55 000a 4588     		ldrh	r5, [r0, #2]
  56              	.LVL4:
  57:Drivers/CMSIS/DSP/Source/MatrixFunctions/arm_mat_trans_q31.c **** 
  58:Drivers/CMSIS/DSP/Source/MatrixFunctions/arm_mat_trans_q31.c **** #if defined (ARM_MATH_DSP)
  59:Drivers/CMSIS/DSP/Source/MatrixFunctions/arm_mat_trans_q31.c **** 
ARM GAS  C:\Users\Lamp\AppData\Local\Temp\ccUQQQY2.s 			page 3


  60:Drivers/CMSIS/DSP/Source/MatrixFunctions/arm_mat_trans_q31.c ****   /* Run the below code for Cortex-M4 and Cortex-M3 */
  61:Drivers/CMSIS/DSP/Source/MatrixFunctions/arm_mat_trans_q31.c **** 
  62:Drivers/CMSIS/DSP/Source/MatrixFunctions/arm_mat_trans_q31.c ****   uint16_t blkCnt, i = 0U, row = nRows;          /* loop counters */
  63:Drivers/CMSIS/DSP/Source/MatrixFunctions/arm_mat_trans_q31.c ****   arm_status status;                             /* status of matrix transpose */
  64:Drivers/CMSIS/DSP/Source/MatrixFunctions/arm_mat_trans_q31.c **** 
  65:Drivers/CMSIS/DSP/Source/MatrixFunctions/arm_mat_trans_q31.c **** 
  66:Drivers/CMSIS/DSP/Source/MatrixFunctions/arm_mat_trans_q31.c **** #ifdef ARM_MATH_MATRIX_CHECK
  67:Drivers/CMSIS/DSP/Source/MatrixFunctions/arm_mat_trans_q31.c **** 
  68:Drivers/CMSIS/DSP/Source/MatrixFunctions/arm_mat_trans_q31.c **** 
  69:Drivers/CMSIS/DSP/Source/MatrixFunctions/arm_mat_trans_q31.c ****   /* Check for matrix mismatch condition */
  70:Drivers/CMSIS/DSP/Source/MatrixFunctions/arm_mat_trans_q31.c ****   if ((pSrc->numRows != pDst->numCols) || (pSrc->numCols != pDst->numRows))
  71:Drivers/CMSIS/DSP/Source/MatrixFunctions/arm_mat_trans_q31.c ****   {
  72:Drivers/CMSIS/DSP/Source/MatrixFunctions/arm_mat_trans_q31.c ****     /* Set status as ARM_MATH_SIZE_MISMATCH */
  73:Drivers/CMSIS/DSP/Source/MatrixFunctions/arm_mat_trans_q31.c ****     status = ARM_MATH_SIZE_MISMATCH;
  74:Drivers/CMSIS/DSP/Source/MatrixFunctions/arm_mat_trans_q31.c ****   }
  75:Drivers/CMSIS/DSP/Source/MatrixFunctions/arm_mat_trans_q31.c ****   else
  76:Drivers/CMSIS/DSP/Source/MatrixFunctions/arm_mat_trans_q31.c **** #endif /*    #ifdef ARM_MATH_MATRIX_CHECK    */
  77:Drivers/CMSIS/DSP/Source/MatrixFunctions/arm_mat_trans_q31.c **** 
  78:Drivers/CMSIS/DSP/Source/MatrixFunctions/arm_mat_trans_q31.c ****   {
  79:Drivers/CMSIS/DSP/Source/MatrixFunctions/arm_mat_trans_q31.c ****     /* Matrix transpose by exchanging the rows with columns */
  80:Drivers/CMSIS/DSP/Source/MatrixFunctions/arm_mat_trans_q31.c ****     /* row loop     */
  81:Drivers/CMSIS/DSP/Source/MatrixFunctions/arm_mat_trans_q31.c ****     do
  82:Drivers/CMSIS/DSP/Source/MatrixFunctions/arm_mat_trans_q31.c ****     {
  83:Drivers/CMSIS/DSP/Source/MatrixFunctions/arm_mat_trans_q31.c ****       /* Apply loop unrolling and exchange the columns with row elements */
  84:Drivers/CMSIS/DSP/Source/MatrixFunctions/arm_mat_trans_q31.c ****       blkCnt = nColumns >> 2U;
  85:Drivers/CMSIS/DSP/Source/MatrixFunctions/arm_mat_trans_q31.c **** 
  86:Drivers/CMSIS/DSP/Source/MatrixFunctions/arm_mat_trans_q31.c ****       /* The pointer px is set to starting address of the column being processed */
  87:Drivers/CMSIS/DSP/Source/MatrixFunctions/arm_mat_trans_q31.c ****       px = pOut + i;
  88:Drivers/CMSIS/DSP/Source/MatrixFunctions/arm_mat_trans_q31.c **** 
  89:Drivers/CMSIS/DSP/Source/MatrixFunctions/arm_mat_trans_q31.c ****       /* First part of the processing with loop unrolling.  Compute 4 outputs at a time.
  90:Drivers/CMSIS/DSP/Source/MatrixFunctions/arm_mat_trans_q31.c ****        ** a second loop below computes the remaining 1 to 3 samples. */
  91:Drivers/CMSIS/DSP/Source/MatrixFunctions/arm_mat_trans_q31.c ****       while (blkCnt > 0U)
  92:Drivers/CMSIS/DSP/Source/MatrixFunctions/arm_mat_trans_q31.c ****       {
  93:Drivers/CMSIS/DSP/Source/MatrixFunctions/arm_mat_trans_q31.c ****         /* Read and store the input element in the destination */
  94:Drivers/CMSIS/DSP/Source/MatrixFunctions/arm_mat_trans_q31.c ****         *px = *pIn++;
  95:Drivers/CMSIS/DSP/Source/MatrixFunctions/arm_mat_trans_q31.c **** 
  96:Drivers/CMSIS/DSP/Source/MatrixFunctions/arm_mat_trans_q31.c ****         /* Update the pointer px to point to the next row of the transposed matrix */
  97:Drivers/CMSIS/DSP/Source/MatrixFunctions/arm_mat_trans_q31.c ****         px += nRows;
  98:Drivers/CMSIS/DSP/Source/MatrixFunctions/arm_mat_trans_q31.c **** 
  99:Drivers/CMSIS/DSP/Source/MatrixFunctions/arm_mat_trans_q31.c ****         /* Read and store the input element in the destination */
 100:Drivers/CMSIS/DSP/Source/MatrixFunctions/arm_mat_trans_q31.c ****         *px = *pIn++;
 101:Drivers/CMSIS/DSP/Source/MatrixFunctions/arm_mat_trans_q31.c **** 
 102:Drivers/CMSIS/DSP/Source/MatrixFunctions/arm_mat_trans_q31.c ****         /* Update the pointer px to point to the next row of the transposed matrix */
 103:Drivers/CMSIS/DSP/Source/MatrixFunctions/arm_mat_trans_q31.c ****         px += nRows;
 104:Drivers/CMSIS/DSP/Source/MatrixFunctions/arm_mat_trans_q31.c **** 
 105:Drivers/CMSIS/DSP/Source/MatrixFunctions/arm_mat_trans_q31.c ****         /* Read and store the input element in the destination */
 106:Drivers/CMSIS/DSP/Source/MatrixFunctions/arm_mat_trans_q31.c ****         *px = *pIn++;
 107:Drivers/CMSIS/DSP/Source/MatrixFunctions/arm_mat_trans_q31.c **** 
 108:Drivers/CMSIS/DSP/Source/MatrixFunctions/arm_mat_trans_q31.c ****         /* Update the pointer px to point to the next row of the transposed matrix */
 109:Drivers/CMSIS/DSP/Source/MatrixFunctions/arm_mat_trans_q31.c ****         px += nRows;
 110:Drivers/CMSIS/DSP/Source/MatrixFunctions/arm_mat_trans_q31.c **** 
 111:Drivers/CMSIS/DSP/Source/MatrixFunctions/arm_mat_trans_q31.c ****         /* Read and store the input element in the destination */
 112:Drivers/CMSIS/DSP/Source/MatrixFunctions/arm_mat_trans_q31.c ****         *px = *pIn++;
 113:Drivers/CMSIS/DSP/Source/MatrixFunctions/arm_mat_trans_q31.c **** 
 114:Drivers/CMSIS/DSP/Source/MatrixFunctions/arm_mat_trans_q31.c ****         /* Update the pointer px to point to the next row of the transposed matrix */
 115:Drivers/CMSIS/DSP/Source/MatrixFunctions/arm_mat_trans_q31.c ****         px += nRows;
 116:Drivers/CMSIS/DSP/Source/MatrixFunctions/arm_mat_trans_q31.c **** 
ARM GAS  C:\Users\Lamp\AppData\Local\Temp\ccUQQQY2.s 			page 4


 117:Drivers/CMSIS/DSP/Source/MatrixFunctions/arm_mat_trans_q31.c ****         /* Decrement the column loop counter */
 118:Drivers/CMSIS/DSP/Source/MatrixFunctions/arm_mat_trans_q31.c ****         blkCnt--;
 119:Drivers/CMSIS/DSP/Source/MatrixFunctions/arm_mat_trans_q31.c ****       }
 120:Drivers/CMSIS/DSP/Source/MatrixFunctions/arm_mat_trans_q31.c **** 
 121:Drivers/CMSIS/DSP/Source/MatrixFunctions/arm_mat_trans_q31.c ****       /* Perform matrix transpose for last 3 samples here. */
 122:Drivers/CMSIS/DSP/Source/MatrixFunctions/arm_mat_trans_q31.c ****       blkCnt = nColumns % 0x4U;
 123:Drivers/CMSIS/DSP/Source/MatrixFunctions/arm_mat_trans_q31.c **** 
 124:Drivers/CMSIS/DSP/Source/MatrixFunctions/arm_mat_trans_q31.c ****       while (blkCnt > 0U)
 125:Drivers/CMSIS/DSP/Source/MatrixFunctions/arm_mat_trans_q31.c ****       {
 126:Drivers/CMSIS/DSP/Source/MatrixFunctions/arm_mat_trans_q31.c ****         /* Read and store the input element in the destination */
 127:Drivers/CMSIS/DSP/Source/MatrixFunctions/arm_mat_trans_q31.c ****         *px = *pIn++;
 128:Drivers/CMSIS/DSP/Source/MatrixFunctions/arm_mat_trans_q31.c **** 
 129:Drivers/CMSIS/DSP/Source/MatrixFunctions/arm_mat_trans_q31.c ****         /* Update the pointer px to point to the next row of the transposed matrix */
 130:Drivers/CMSIS/DSP/Source/MatrixFunctions/arm_mat_trans_q31.c ****         px += nRows;
 131:Drivers/CMSIS/DSP/Source/MatrixFunctions/arm_mat_trans_q31.c **** 
 132:Drivers/CMSIS/DSP/Source/MatrixFunctions/arm_mat_trans_q31.c ****         /* Decrement the column loop counter */
 133:Drivers/CMSIS/DSP/Source/MatrixFunctions/arm_mat_trans_q31.c ****         blkCnt--;
 134:Drivers/CMSIS/DSP/Source/MatrixFunctions/arm_mat_trans_q31.c ****       }
 135:Drivers/CMSIS/DSP/Source/MatrixFunctions/arm_mat_trans_q31.c **** 
 136:Drivers/CMSIS/DSP/Source/MatrixFunctions/arm_mat_trans_q31.c **** #else
 137:Drivers/CMSIS/DSP/Source/MatrixFunctions/arm_mat_trans_q31.c **** 
 138:Drivers/CMSIS/DSP/Source/MatrixFunctions/arm_mat_trans_q31.c ****   /* Run the below code for Cortex-M0 */
 139:Drivers/CMSIS/DSP/Source/MatrixFunctions/arm_mat_trans_q31.c **** 
 140:Drivers/CMSIS/DSP/Source/MatrixFunctions/arm_mat_trans_q31.c ****   uint16_t col, i = 0U, row = nRows;             /* loop counters */
  57              		.loc 1 140 3 is_stmt 1 view .LVU11
  58              		.loc 1 140 25 is_stmt 0 view .LVU12
  59 000c 6446     		mov	r4, ip
  60              		.loc 1 140 17 view .LVU13
  61 000e 4FF0000E 		mov	lr, #0
  62 0012 0FE0     		b	.L4
  63              	.LVL5:
  64              	.L3:
 141:Drivers/CMSIS/DSP/Source/MatrixFunctions/arm_mat_trans_q31.c ****   arm_status status;                             /* status of matrix transpose */
 142:Drivers/CMSIS/DSP/Source/MatrixFunctions/arm_mat_trans_q31.c **** 
 143:Drivers/CMSIS/DSP/Source/MatrixFunctions/arm_mat_trans_q31.c **** 
 144:Drivers/CMSIS/DSP/Source/MatrixFunctions/arm_mat_trans_q31.c **** #ifdef ARM_MATH_MATRIX_CHECK
 145:Drivers/CMSIS/DSP/Source/MatrixFunctions/arm_mat_trans_q31.c **** 
 146:Drivers/CMSIS/DSP/Source/MatrixFunctions/arm_mat_trans_q31.c ****   /* Check for matrix mismatch condition */
 147:Drivers/CMSIS/DSP/Source/MatrixFunctions/arm_mat_trans_q31.c ****   if ((pSrc->numRows != pDst->numCols) || (pSrc->numCols != pDst->numRows))
 148:Drivers/CMSIS/DSP/Source/MatrixFunctions/arm_mat_trans_q31.c ****   {
 149:Drivers/CMSIS/DSP/Source/MatrixFunctions/arm_mat_trans_q31.c ****     /* Set status as ARM_MATH_SIZE_MISMATCH */
 150:Drivers/CMSIS/DSP/Source/MatrixFunctions/arm_mat_trans_q31.c ****     status = ARM_MATH_SIZE_MISMATCH;
 151:Drivers/CMSIS/DSP/Source/MatrixFunctions/arm_mat_trans_q31.c ****   }
 152:Drivers/CMSIS/DSP/Source/MatrixFunctions/arm_mat_trans_q31.c ****   else
 153:Drivers/CMSIS/DSP/Source/MatrixFunctions/arm_mat_trans_q31.c **** #endif /*    #ifdef ARM_MATH_MATRIX_CHECK    */
 154:Drivers/CMSIS/DSP/Source/MatrixFunctions/arm_mat_trans_q31.c **** 
 155:Drivers/CMSIS/DSP/Source/MatrixFunctions/arm_mat_trans_q31.c ****   {
 156:Drivers/CMSIS/DSP/Source/MatrixFunctions/arm_mat_trans_q31.c ****     /* Matrix transpose by exchanging the rows with columns */
 157:Drivers/CMSIS/DSP/Source/MatrixFunctions/arm_mat_trans_q31.c ****     /* row loop     */
 158:Drivers/CMSIS/DSP/Source/MatrixFunctions/arm_mat_trans_q31.c ****     do
 159:Drivers/CMSIS/DSP/Source/MatrixFunctions/arm_mat_trans_q31.c ****     {
 160:Drivers/CMSIS/DSP/Source/MatrixFunctions/arm_mat_trans_q31.c ****       /* The pointer px is set to starting address of the column being processed */
 161:Drivers/CMSIS/DSP/Source/MatrixFunctions/arm_mat_trans_q31.c ****       px = pOut + i;
 162:Drivers/CMSIS/DSP/Source/MatrixFunctions/arm_mat_trans_q31.c **** 
 163:Drivers/CMSIS/DSP/Source/MatrixFunctions/arm_mat_trans_q31.c ****       /* Initialize column loop counter */
 164:Drivers/CMSIS/DSP/Source/MatrixFunctions/arm_mat_trans_q31.c ****       col = nColumns;
 165:Drivers/CMSIS/DSP/Source/MatrixFunctions/arm_mat_trans_q31.c **** 
ARM GAS  C:\Users\Lamp\AppData\Local\Temp\ccUQQQY2.s 			page 5


 166:Drivers/CMSIS/DSP/Source/MatrixFunctions/arm_mat_trans_q31.c ****       while (col > 0U)
 167:Drivers/CMSIS/DSP/Source/MatrixFunctions/arm_mat_trans_q31.c ****       {
 168:Drivers/CMSIS/DSP/Source/MatrixFunctions/arm_mat_trans_q31.c ****         /* Read and store the input element in the destination */
 169:Drivers/CMSIS/DSP/Source/MatrixFunctions/arm_mat_trans_q31.c ****         *px = *pIn++;
  65              		.loc 1 169 9 is_stmt 1 view .LVU14
  66              		.loc 1 169 15 is_stmt 0 view .LVU15
  67 0014 53F8040B 		ldr	r0, [r3], #4
  68              	.LVL6:
  69              		.loc 1 169 13 view .LVU16
  70 0018 0860     		str	r0, [r1]
 170:Drivers/CMSIS/DSP/Source/MatrixFunctions/arm_mat_trans_q31.c **** 
 171:Drivers/CMSIS/DSP/Source/MatrixFunctions/arm_mat_trans_q31.c ****         /* Update the pointer px to point to the next row of the transposed matrix */
 172:Drivers/CMSIS/DSP/Source/MatrixFunctions/arm_mat_trans_q31.c ****         px += nRows;
  71              		.loc 1 172 9 is_stmt 1 view .LVU17
  72              		.loc 1 172 12 is_stmt 0 view .LVU18
  73 001a 01EB8C01 		add	r1, r1, ip, lsl #2
  74              	.LVL7:
 173:Drivers/CMSIS/DSP/Source/MatrixFunctions/arm_mat_trans_q31.c **** 
 174:Drivers/CMSIS/DSP/Source/MatrixFunctions/arm_mat_trans_q31.c ****         /* Decrement the column loop counter */
 175:Drivers/CMSIS/DSP/Source/MatrixFunctions/arm_mat_trans_q31.c ****         col--;
  75              		.loc 1 175 9 is_stmt 1 view .LVU19
  76              		.loc 1 175 12 is_stmt 0 view .LVU20
  77 001e 013A     		subs	r2, r2, #1
  78              	.LVL8:
  79              		.loc 1 175 12 view .LVU21
  80 0020 92B2     		uxth	r2, r2
  81              	.LVL9:
  82              	.L2:
 166:Drivers/CMSIS/DSP/Source/MatrixFunctions/arm_mat_trans_q31.c ****       {
  83              		.loc 1 166 18 is_stmt 1 view .LVU22
  84 0022 002A     		cmp	r2, #0
  85 0024 F6D1     		bne	.L3
 176:Drivers/CMSIS/DSP/Source/MatrixFunctions/arm_mat_trans_q31.c ****       }
 177:Drivers/CMSIS/DSP/Source/MatrixFunctions/arm_mat_trans_q31.c **** 
 178:Drivers/CMSIS/DSP/Source/MatrixFunctions/arm_mat_trans_q31.c **** #endif /* #if defined (ARM_MATH_DSP) */
 179:Drivers/CMSIS/DSP/Source/MatrixFunctions/arm_mat_trans_q31.c **** 
 180:Drivers/CMSIS/DSP/Source/MatrixFunctions/arm_mat_trans_q31.c ****       i++;
  86              		.loc 1 180 7 view .LVU23
  87              		.loc 1 180 8 is_stmt 0 view .LVU24
  88 0026 0EF1010E 		add	lr, lr, #1
  89              	.LVL10:
  90              		.loc 1 180 8 view .LVU25
  91 002a 1FFA8EFE 		uxth	lr, lr
  92              	.LVL11:
 181:Drivers/CMSIS/DSP/Source/MatrixFunctions/arm_mat_trans_q31.c **** 
 182:Drivers/CMSIS/DSP/Source/MatrixFunctions/arm_mat_trans_q31.c ****       /* Decrement the row loop counter */
 183:Drivers/CMSIS/DSP/Source/MatrixFunctions/arm_mat_trans_q31.c ****       row--;
  93              		.loc 1 183 7 is_stmt 1 view .LVU26
  94              		.loc 1 183 10 is_stmt 0 view .LVU27
  95 002e 013C     		subs	r4, r4, #1
  96              	.LVL12:
  97              		.loc 1 183 10 view .LVU28
  98 0030 A4B2     		uxth	r4, r4
  99              	.LVL13:
 184:Drivers/CMSIS/DSP/Source/MatrixFunctions/arm_mat_trans_q31.c **** 
 185:Drivers/CMSIS/DSP/Source/MatrixFunctions/arm_mat_trans_q31.c ****     }
 186:Drivers/CMSIS/DSP/Source/MatrixFunctions/arm_mat_trans_q31.c ****     while (row > 0U);            /* row loop end */
ARM GAS  C:\Users\Lamp\AppData\Local\Temp\ccUQQQY2.s 			page 6


 100              		.loc 1 186 16 is_stmt 1 view .LVU29
 101 0032 1CB1     		cbz	r4, .L6
 102              	.LVL14:
 103              	.L4:
 141:Drivers/CMSIS/DSP/Source/MatrixFunctions/arm_mat_trans_q31.c **** 
 104              		.loc 1 141 3 view .LVU30
 158:Drivers/CMSIS/DSP/Source/MatrixFunctions/arm_mat_trans_q31.c ****     {
 105              		.loc 1 158 5 view .LVU31
 161:Drivers/CMSIS/DSP/Source/MatrixFunctions/arm_mat_trans_q31.c **** 
 106              		.loc 1 161 7 view .LVU32
 161:Drivers/CMSIS/DSP/Source/MatrixFunctions/arm_mat_trans_q31.c **** 
 107              		.loc 1 161 10 is_stmt 0 view .LVU33
 108 0034 06EB8E01 		add	r1, r6, lr, lsl #2
 109              	.LVL15:
 164:Drivers/CMSIS/DSP/Source/MatrixFunctions/arm_mat_trans_q31.c **** 
 110              		.loc 1 164 7 is_stmt 1 view .LVU34
 166:Drivers/CMSIS/DSP/Source/MatrixFunctions/arm_mat_trans_q31.c ****       {
 111              		.loc 1 166 7 view .LVU35
 164:Drivers/CMSIS/DSP/Source/MatrixFunctions/arm_mat_trans_q31.c **** 
 112              		.loc 1 164 11 is_stmt 0 view .LVU36
 113 0038 2A46     		mov	r2, r5
 166:Drivers/CMSIS/DSP/Source/MatrixFunctions/arm_mat_trans_q31.c ****       {
 114              		.loc 1 166 13 view .LVU37
 115 003a F2E7     		b	.L2
 116              	.LVL16:
 117              	.L6:
 187:Drivers/CMSIS/DSP/Source/MatrixFunctions/arm_mat_trans_q31.c **** 
 188:Drivers/CMSIS/DSP/Source/MatrixFunctions/arm_mat_trans_q31.c ****     /* set status as ARM_MATH_SUCCESS */
 189:Drivers/CMSIS/DSP/Source/MatrixFunctions/arm_mat_trans_q31.c ****     status = ARM_MATH_SUCCESS;
 118              		.loc 1 189 5 is_stmt 1 view .LVU38
 190:Drivers/CMSIS/DSP/Source/MatrixFunctions/arm_mat_trans_q31.c ****   }
 191:Drivers/CMSIS/DSP/Source/MatrixFunctions/arm_mat_trans_q31.c **** 
 192:Drivers/CMSIS/DSP/Source/MatrixFunctions/arm_mat_trans_q31.c ****   /* Return to application */
 193:Drivers/CMSIS/DSP/Source/MatrixFunctions/arm_mat_trans_q31.c ****   return (status);
 119              		.loc 1 193 3 view .LVU39
 194:Drivers/CMSIS/DSP/Source/MatrixFunctions/arm_mat_trans_q31.c **** }
 120              		.loc 1 194 1 is_stmt 0 view .LVU40
 121 003c 0020     		movs	r0, #0
 122 003e 70BD     		pop	{r4, r5, r6, pc}
 123              		.loc 1 194 1 view .LVU41
 124              		.cfi_endproc
 125              	.LFE100:
 127              		.text
 128              	.Letext0:
 129              		.file 2 "C:/ARM GNU Toolchain/arm-none-eabi/include/machine/_default_types.h"
 130              		.file 3 "C:/ARM GNU Toolchain/arm-none-eabi/include/sys/_stdint.h"
 131              		.file 4 "Drivers/CMSIS/DSP/Include/arm_math.h"
ARM GAS  C:\Users\Lamp\AppData\Local\Temp\ccUQQQY2.s 			page 7


DEFINED SYMBOLS
                            *ABS*:00000000 arm_mat_trans_q31.c
C:\Users\Lamp\AppData\Local\Temp\ccUQQQY2.s:19     .text.arm_mat_trans_q31:00000000 $t
C:\Users\Lamp\AppData\Local\Temp\ccUQQQY2.s:25     .text.arm_mat_trans_q31:00000000 arm_mat_trans_q31

NO UNDEFINED SYMBOLS
