ARM GAS  C:\Users\Lamp\AppData\Local\Temp\cc0yGnvM.s 			page 1


   1              		.cpu cortex-m3
   2              		.arch armv7-m
   3              		.fpu softvfp
   4              		.eabi_attribute 20, 1
   5              		.eabi_attribute 21, 1
   6              		.eabi_attribute 23, 3
   7              		.eabi_attribute 24, 1
   8              		.eabi_attribute 25, 1
   9              		.eabi_attribute 26, 1
  10              		.eabi_attribute 30, 1
  11              		.eabi_attribute 34, 1
  12              		.eabi_attribute 18, 4
  13              		.file	"arm_const_structs.c"
  14              		.text
  15              	.Ltext0:
  16              		.cfi_sections	.debug_frame
  17              		.file 1 "Drivers/CMSIS/DSP/Source/CommonTables/arm_const_structs.c"
  18              		.global	arm_rfft_sR_q15_len8192
  19              		.section	.rodata.arm_rfft_sR_q15_len8192,"a"
  20              		.align	2
  23              	arm_rfft_sR_q15_len8192:
  24 0000 00200000 		.word	8192
  25 0004 00       		.byte	0
  26 0005 01       		.byte	1
  27 0006 0000     		.space	2
  28 0008 01000000 		.word	1
  29 000c 00000000 		.word	realCoefAQ15
  30 0010 00000000 		.word	realCoefBQ15
  31 0014 00000000 		.word	arm_cfft_sR_q15_len4096
  32              		.global	arm_rfft_sR_q15_len4096
  33              		.section	.rodata.arm_rfft_sR_q15_len4096,"a"
  34              		.align	2
  37              	arm_rfft_sR_q15_len4096:
  38 0000 00100000 		.word	4096
  39 0004 00       		.byte	0
  40 0005 01       		.byte	1
  41 0006 0000     		.space	2
  42 0008 02000000 		.word	2
  43 000c 00000000 		.word	realCoefAQ15
  44 0010 00000000 		.word	realCoefBQ15
  45 0014 00000000 		.word	arm_cfft_sR_q15_len2048
  46              		.global	arm_rfft_sR_q15_len2048
  47              		.section	.rodata.arm_rfft_sR_q15_len2048,"a"
  48              		.align	2
  51              	arm_rfft_sR_q15_len2048:
  52 0000 00080000 		.word	2048
  53 0004 00       		.byte	0
  54 0005 01       		.byte	1
  55 0006 0000     		.space	2
  56 0008 04000000 		.word	4
  57 000c 00000000 		.word	realCoefAQ15
  58 0010 00000000 		.word	realCoefBQ15
  59 0014 00000000 		.word	arm_cfft_sR_q15_len1024
  60              		.global	arm_rfft_sR_q15_len1024
  61              		.section	.rodata.arm_rfft_sR_q15_len1024,"a"
  62              		.align	2
  65              	arm_rfft_sR_q15_len1024:
ARM GAS  C:\Users\Lamp\AppData\Local\Temp\cc0yGnvM.s 			page 2


  66 0000 00040000 		.word	1024
  67 0004 00       		.byte	0
  68 0005 01       		.byte	1
  69 0006 0000     		.space	2
  70 0008 08000000 		.word	8
  71 000c 00000000 		.word	realCoefAQ15
  72 0010 00000000 		.word	realCoefBQ15
  73 0014 00000000 		.word	arm_cfft_sR_q15_len512
  74              		.global	arm_rfft_sR_q15_len512
  75              		.section	.rodata.arm_rfft_sR_q15_len512,"a"
  76              		.align	2
  79              	arm_rfft_sR_q15_len512:
  80 0000 00020000 		.word	512
  81 0004 00       		.byte	0
  82 0005 01       		.byte	1
  83 0006 0000     		.space	2
  84 0008 10000000 		.word	16
  85 000c 00000000 		.word	realCoefAQ15
  86 0010 00000000 		.word	realCoefBQ15
  87 0014 00000000 		.word	arm_cfft_sR_q15_len256
  88              		.global	arm_rfft_sR_q15_len256
  89              		.section	.rodata.arm_rfft_sR_q15_len256,"a"
  90              		.align	2
  93              	arm_rfft_sR_q15_len256:
  94 0000 00010000 		.word	256
  95 0004 00       		.byte	0
  96 0005 01       		.byte	1
  97 0006 0000     		.space	2
  98 0008 20000000 		.word	32
  99 000c 00000000 		.word	realCoefAQ15
 100 0010 00000000 		.word	realCoefBQ15
 101 0014 00000000 		.word	arm_cfft_sR_q15_len128
 102              		.global	arm_rfft_sR_q15_len128
 103              		.section	.rodata.arm_rfft_sR_q15_len128,"a"
 104              		.align	2
 107              	arm_rfft_sR_q15_len128:
 108 0000 80000000 		.word	128
 109 0004 00       		.byte	0
 110 0005 01       		.byte	1
 111 0006 0000     		.space	2
 112 0008 40000000 		.word	64
 113 000c 00000000 		.word	realCoefAQ15
 114 0010 00000000 		.word	realCoefBQ15
 115 0014 00000000 		.word	arm_cfft_sR_q15_len64
 116              		.global	arm_rfft_sR_q15_len64
 117              		.section	.rodata.arm_rfft_sR_q15_len64,"a"
 118              		.align	2
 121              	arm_rfft_sR_q15_len64:
 122 0000 40000000 		.word	64
 123 0004 00       		.byte	0
 124 0005 01       		.byte	1
 125 0006 0000     		.space	2
 126 0008 80000000 		.word	128
 127 000c 00000000 		.word	realCoefAQ15
 128 0010 00000000 		.word	realCoefBQ15
 129 0014 00000000 		.word	arm_cfft_sR_q15_len32
 130              		.global	arm_rfft_sR_q15_len32
ARM GAS  C:\Users\Lamp\AppData\Local\Temp\cc0yGnvM.s 			page 3


 131              		.section	.rodata.arm_rfft_sR_q15_len32,"a"
 132              		.align	2
 135              	arm_rfft_sR_q15_len32:
 136 0000 20000000 		.word	32
 137 0004 00       		.byte	0
 138 0005 01       		.byte	1
 139 0006 0000     		.space	2
 140 0008 00010000 		.word	256
 141 000c 00000000 		.word	realCoefAQ15
 142 0010 00000000 		.word	realCoefBQ15
 143 0014 00000000 		.word	arm_cfft_sR_q15_len16
 144              		.global	arm_rfft_sR_q31_len8192
 145              		.section	.rodata.arm_rfft_sR_q31_len8192,"a"
 146              		.align	2
 149              	arm_rfft_sR_q31_len8192:
 150 0000 00200000 		.word	8192
 151 0004 00       		.byte	0
 152 0005 01       		.byte	1
 153 0006 0000     		.space	2
 154 0008 01000000 		.word	1
 155 000c 00000000 		.word	realCoefAQ31
 156 0010 00000000 		.word	realCoefBQ31
 157 0014 00000000 		.word	arm_cfft_sR_q31_len4096
 158              		.global	arm_rfft_sR_q31_len4096
 159              		.section	.rodata.arm_rfft_sR_q31_len4096,"a"
 160              		.align	2
 163              	arm_rfft_sR_q31_len4096:
 164 0000 00100000 		.word	4096
 165 0004 00       		.byte	0
 166 0005 01       		.byte	1
 167 0006 0000     		.space	2
 168 0008 02000000 		.word	2
 169 000c 00000000 		.word	realCoefAQ31
 170 0010 00000000 		.word	realCoefBQ31
 171 0014 00000000 		.word	arm_cfft_sR_q31_len2048
 172              		.global	arm_rfft_sR_q31_len2048
 173              		.section	.rodata.arm_rfft_sR_q31_len2048,"a"
 174              		.align	2
 177              	arm_rfft_sR_q31_len2048:
 178 0000 00080000 		.word	2048
 179 0004 00       		.byte	0
 180 0005 01       		.byte	1
 181 0006 0000     		.space	2
 182 0008 04000000 		.word	4
 183 000c 00000000 		.word	realCoefAQ31
 184 0010 00000000 		.word	realCoefBQ31
 185 0014 00000000 		.word	arm_cfft_sR_q31_len1024
 186              		.global	arm_rfft_sR_q31_len1024
 187              		.section	.rodata.arm_rfft_sR_q31_len1024,"a"
 188              		.align	2
 191              	arm_rfft_sR_q31_len1024:
 192 0000 00040000 		.word	1024
 193 0004 00       		.byte	0
 194 0005 01       		.byte	1
 195 0006 0000     		.space	2
 196 0008 08000000 		.word	8
 197 000c 00000000 		.word	realCoefAQ31
ARM GAS  C:\Users\Lamp\AppData\Local\Temp\cc0yGnvM.s 			page 4


 198 0010 00000000 		.word	realCoefBQ31
 199 0014 00000000 		.word	arm_cfft_sR_q31_len512
 200              		.global	arm_rfft_sR_q31_len512
 201              		.section	.rodata.arm_rfft_sR_q31_len512,"a"
 202              		.align	2
 205              	arm_rfft_sR_q31_len512:
 206 0000 00020000 		.word	512
 207 0004 00       		.byte	0
 208 0005 01       		.byte	1
 209 0006 0000     		.space	2
 210 0008 10000000 		.word	16
 211 000c 00000000 		.word	realCoefAQ31
 212 0010 00000000 		.word	realCoefBQ31
 213 0014 00000000 		.word	arm_cfft_sR_q31_len256
 214              		.global	arm_rfft_sR_q31_len256
 215              		.section	.rodata.arm_rfft_sR_q31_len256,"a"
 216              		.align	2
 219              	arm_rfft_sR_q31_len256:
 220 0000 00010000 		.word	256
 221 0004 00       		.byte	0
 222 0005 01       		.byte	1
 223 0006 0000     		.space	2
 224 0008 20000000 		.word	32
 225 000c 00000000 		.word	realCoefAQ31
 226 0010 00000000 		.word	realCoefBQ31
 227 0014 00000000 		.word	arm_cfft_sR_q31_len128
 228              		.global	arm_rfft_sR_q31_len128
 229              		.section	.rodata.arm_rfft_sR_q31_len128,"a"
 230              		.align	2
 233              	arm_rfft_sR_q31_len128:
 234 0000 80000000 		.word	128
 235 0004 00       		.byte	0
 236 0005 01       		.byte	1
 237 0006 0000     		.space	2
 238 0008 40000000 		.word	64
 239 000c 00000000 		.word	realCoefAQ31
 240 0010 00000000 		.word	realCoefBQ31
 241 0014 00000000 		.word	arm_cfft_sR_q31_len64
 242              		.global	arm_rfft_sR_q31_len64
 243              		.section	.rodata.arm_rfft_sR_q31_len64,"a"
 244              		.align	2
 247              	arm_rfft_sR_q31_len64:
 248 0000 40000000 		.word	64
 249 0004 00       		.byte	0
 250 0005 01       		.byte	1
 251 0006 0000     		.space	2
 252 0008 80000000 		.word	128
 253 000c 00000000 		.word	realCoefAQ31
 254 0010 00000000 		.word	realCoefBQ31
 255 0014 00000000 		.word	arm_cfft_sR_q31_len32
 256              		.global	arm_rfft_sR_q31_len32
 257              		.section	.rodata.arm_rfft_sR_q31_len32,"a"
 258              		.align	2
 261              	arm_rfft_sR_q31_len32:
 262 0000 20000000 		.word	32
 263 0004 00       		.byte	0
 264 0005 01       		.byte	1
ARM GAS  C:\Users\Lamp\AppData\Local\Temp\cc0yGnvM.s 			page 5


 265 0006 0000     		.space	2
 266 0008 00010000 		.word	256
 267 000c 00000000 		.word	realCoefAQ31
 268 0010 00000000 		.word	realCoefBQ31
 269 0014 00000000 		.word	arm_cfft_sR_q31_len16
 270              		.global	arm_rfft_fast_sR_f32_len4096
 271              		.section	.rodata.arm_rfft_fast_sR_f32_len4096,"a"
 272              		.align	2
 275              	arm_rfft_fast_sR_f32_len4096:
 276 0000 0008     		.short	2048
 277 0002 0000     		.space	2
 278 0004 00000000 		.word	twiddleCoef_2048
 279 0008 00000000 		.word	armBitRevIndexTable2048
 280 000c E00E     		.short	3808
 281 000e 0000     		.space	2
 282 0010 0010     		.short	4096
 283 0012 0000     		.space	2
 284 0014 00000000 		.word	twiddleCoef_rfft_4096
 285              		.global	arm_rfft_fast_sR_f32_len2048
 286              		.section	.rodata.arm_rfft_fast_sR_f32_len2048,"a"
 287              		.align	2
 290              	arm_rfft_fast_sR_f32_len2048:
 291 0000 0004     		.short	1024
 292 0002 0000     		.space	2
 293 0004 00000000 		.word	twiddleCoef_1024
 294 0008 00000000 		.word	armBitRevIndexTable1024
 295 000c 0807     		.short	1800
 296 000e 0000     		.space	2
 297 0010 0008     		.short	2048
 298 0012 0000     		.space	2
 299 0014 00000000 		.word	twiddleCoef_rfft_2048
 300              		.global	arm_rfft_fast_sR_f32_len1024
 301              		.section	.rodata.arm_rfft_fast_sR_f32_len1024,"a"
 302              		.align	2
 305              	arm_rfft_fast_sR_f32_len1024:
 306 0000 0002     		.short	512
 307 0002 0000     		.space	2
 308 0004 00000000 		.word	twiddleCoef_512
 309 0008 00000000 		.word	armBitRevIndexTable512
 310 000c C001     		.short	448
 311 000e 0000     		.space	2
 312 0010 0004     		.short	1024
 313 0012 0000     		.space	2
 314 0014 00000000 		.word	twiddleCoef_rfft_1024
 315              		.global	arm_rfft_fast_sR_f32_len512
 316              		.section	.rodata.arm_rfft_fast_sR_f32_len512,"a"
 317              		.align	2
 320              	arm_rfft_fast_sR_f32_len512:
 321 0000 0001     		.short	256
 322 0002 0000     		.space	2
 323 0004 00000000 		.word	twiddleCoef_256
 324 0008 00000000 		.word	armBitRevIndexTable256
 325 000c B801     		.short	440
 326 000e 0000     		.space	2
 327 0010 0002     		.short	512
 328 0012 0000     		.space	2
 329 0014 00000000 		.word	twiddleCoef_rfft_512
ARM GAS  C:\Users\Lamp\AppData\Local\Temp\cc0yGnvM.s 			page 6


 330              		.global	arm_rfft_fast_sR_f32_len256
 331              		.section	.rodata.arm_rfft_fast_sR_f32_len256,"a"
 332              		.align	2
 335              	arm_rfft_fast_sR_f32_len256:
 336 0000 8000     		.short	128
 337 0002 0000     		.space	2
 338 0004 00000000 		.word	twiddleCoef_128
 339 0008 00000000 		.word	armBitRevIndexTable128
 340 000c D000     		.short	208
 341 000e 0000     		.space	2
 342 0010 0001     		.short	256
 343 0012 0000     		.space	2
 344 0014 00000000 		.word	twiddleCoef_rfft_256
 345              		.global	arm_rfft_fast_sR_f32_len128
 346              		.section	.rodata.arm_rfft_fast_sR_f32_len128,"a"
 347              		.align	2
 350              	arm_rfft_fast_sR_f32_len128:
 351 0000 4000     		.short	64
 352 0002 0000     		.space	2
 353 0004 00000000 		.word	twiddleCoef_64
 354 0008 00000000 		.word	armBitRevIndexTable64
 355 000c 3800     		.short	56
 356 000e 0000     		.space	2
 357 0010 8000     		.short	128
 358 0012 0000     		.space	2
 359 0014 00000000 		.word	twiddleCoef_rfft_128
 360              		.global	arm_rfft_fast_sR_f32_len64
 361              		.section	.rodata.arm_rfft_fast_sR_f32_len64,"a"
 362              		.align	2
 365              	arm_rfft_fast_sR_f32_len64:
 366 0000 2000     		.short	32
 367 0002 0000     		.space	2
 368 0004 00000000 		.word	twiddleCoef_32
 369 0008 00000000 		.word	armBitRevIndexTable32
 370 000c 3000     		.short	48
 371 000e 0000     		.space	2
 372 0010 4000     		.short	64
 373 0012 0000     		.space	2
 374 0014 00000000 		.word	twiddleCoef_rfft_64
 375              		.global	arm_rfft_fast_sR_f32_len32
 376              		.section	.rodata.arm_rfft_fast_sR_f32_len32,"a"
 377              		.align	2
 380              	arm_rfft_fast_sR_f32_len32:
 381 0000 1000     		.short	16
 382 0002 0000     		.space	2
 383 0004 00000000 		.word	twiddleCoef_32
 384 0008 00000000 		.word	armBitRevIndexTable32
 385 000c 1400     		.short	20
 386 000e 0000     		.space	2
 387 0010 2000     		.short	32
 388 0012 0000     		.space	2
 389 0014 00000000 		.word	twiddleCoef_rfft_32
 390              		.global	arm_cfft_sR_q15_len4096
 391              		.section	.rodata.arm_cfft_sR_q15_len4096,"a"
 392              		.align	2
 395              	arm_cfft_sR_q15_len4096:
 396 0000 0010     		.short	4096
ARM GAS  C:\Users\Lamp\AppData\Local\Temp\cc0yGnvM.s 			page 7


 397 0002 0000     		.space	2
 398 0004 00000000 		.word	twiddleCoef_4096_q15
 399 0008 00000000 		.word	armBitRevIndexTable_fixed_4096
 400 000c C00F     		.short	4032
 401 000e 0000     		.space	2
 402              		.global	arm_cfft_sR_q15_len2048
 403              		.section	.rodata.arm_cfft_sR_q15_len2048,"a"
 404              		.align	2
 407              	arm_cfft_sR_q15_len2048:
 408 0000 0008     		.short	2048
 409 0002 0000     		.space	2
 410 0004 00000000 		.word	twiddleCoef_2048_q15
 411 0008 00000000 		.word	armBitRevIndexTable_fixed_2048
 412 000c C007     		.short	1984
 413 000e 0000     		.space	2
 414              		.global	arm_cfft_sR_q15_len1024
 415              		.section	.rodata.arm_cfft_sR_q15_len1024,"a"
 416              		.align	2
 419              	arm_cfft_sR_q15_len1024:
 420 0000 0004     		.short	1024
 421 0002 0000     		.space	2
 422 0004 00000000 		.word	twiddleCoef_1024_q15
 423 0008 00000000 		.word	armBitRevIndexTable_fixed_1024
 424 000c E003     		.short	992
 425 000e 0000     		.space	2
 426              		.global	arm_cfft_sR_q15_len512
 427              		.section	.rodata.arm_cfft_sR_q15_len512,"a"
 428              		.align	2
 431              	arm_cfft_sR_q15_len512:
 432 0000 0002     		.short	512
 433 0002 0000     		.space	2
 434 0004 00000000 		.word	twiddleCoef_512_q15
 435 0008 00000000 		.word	armBitRevIndexTable_fixed_512
 436 000c E001     		.short	480
 437 000e 0000     		.space	2
 438              		.global	arm_cfft_sR_q15_len256
 439              		.section	.rodata.arm_cfft_sR_q15_len256,"a"
 440              		.align	2
 443              	arm_cfft_sR_q15_len256:
 444 0000 0001     		.short	256
 445 0002 0000     		.space	2
 446 0004 00000000 		.word	twiddleCoef_256_q15
 447 0008 00000000 		.word	armBitRevIndexTable_fixed_256
 448 000c F000     		.short	240
 449 000e 0000     		.space	2
 450              		.global	arm_cfft_sR_q15_len128
 451              		.section	.rodata.arm_cfft_sR_q15_len128,"a"
 452              		.align	2
 455              	arm_cfft_sR_q15_len128:
 456 0000 8000     		.short	128
 457 0002 0000     		.space	2
 458 0004 00000000 		.word	twiddleCoef_128_q15
 459 0008 00000000 		.word	armBitRevIndexTable_fixed_128
 460 000c 7000     		.short	112
 461 000e 0000     		.space	2
 462              		.global	arm_cfft_sR_q15_len64
 463              		.section	.rodata.arm_cfft_sR_q15_len64,"a"
ARM GAS  C:\Users\Lamp\AppData\Local\Temp\cc0yGnvM.s 			page 8


 464              		.align	2
 467              	arm_cfft_sR_q15_len64:
 468 0000 4000     		.short	64
 469 0002 0000     		.space	2
 470 0004 00000000 		.word	twiddleCoef_64_q15
 471 0008 00000000 		.word	armBitRevIndexTable_fixed_64
 472 000c 3800     		.short	56
 473 000e 0000     		.space	2
 474              		.global	arm_cfft_sR_q15_len32
 475              		.section	.rodata.arm_cfft_sR_q15_len32,"a"
 476              		.align	2
 479              	arm_cfft_sR_q15_len32:
 480 0000 2000     		.short	32
 481 0002 0000     		.space	2
 482 0004 00000000 		.word	twiddleCoef_32_q15
 483 0008 00000000 		.word	armBitRevIndexTable_fixed_32
 484 000c 1800     		.short	24
 485 000e 0000     		.space	2
 486              		.global	arm_cfft_sR_q15_len16
 487              		.section	.rodata.arm_cfft_sR_q15_len16,"a"
 488              		.align	2
 491              	arm_cfft_sR_q15_len16:
 492 0000 1000     		.short	16
 493 0002 0000     		.space	2
 494 0004 00000000 		.word	twiddleCoef_16_q15
 495 0008 00000000 		.word	armBitRevIndexTable_fixed_16
 496 000c 0C00     		.short	12
 497 000e 0000     		.space	2
 498              		.global	arm_cfft_sR_q31_len4096
 499              		.section	.rodata.arm_cfft_sR_q31_len4096,"a"
 500              		.align	2
 503              	arm_cfft_sR_q31_len4096:
 504 0000 0010     		.short	4096
 505 0002 0000     		.space	2
 506 0004 00000000 		.word	twiddleCoef_4096_q31
 507 0008 00000000 		.word	armBitRevIndexTable_fixed_4096
 508 000c C00F     		.short	4032
 509 000e 0000     		.space	2
 510              		.global	arm_cfft_sR_q31_len2048
 511              		.section	.rodata.arm_cfft_sR_q31_len2048,"a"
 512              		.align	2
 515              	arm_cfft_sR_q31_len2048:
 516 0000 0008     		.short	2048
 517 0002 0000     		.space	2
 518 0004 00000000 		.word	twiddleCoef_2048_q31
 519 0008 00000000 		.word	armBitRevIndexTable_fixed_2048
 520 000c C007     		.short	1984
 521 000e 0000     		.space	2
 522              		.global	arm_cfft_sR_q31_len1024
 523              		.section	.rodata.arm_cfft_sR_q31_len1024,"a"
 524              		.align	2
 527              	arm_cfft_sR_q31_len1024:
 528 0000 0004     		.short	1024
 529 0002 0000     		.space	2
 530 0004 00000000 		.word	twiddleCoef_1024_q31
 531 0008 00000000 		.word	armBitRevIndexTable_fixed_1024
 532 000c E003     		.short	992
ARM GAS  C:\Users\Lamp\AppData\Local\Temp\cc0yGnvM.s 			page 9


 533 000e 0000     		.space	2
 534              		.global	arm_cfft_sR_q31_len512
 535              		.section	.rodata.arm_cfft_sR_q31_len512,"a"
 536              		.align	2
 539              	arm_cfft_sR_q31_len512:
 540 0000 0002     		.short	512
 541 0002 0000     		.space	2
 542 0004 00000000 		.word	twiddleCoef_512_q31
 543 0008 00000000 		.word	armBitRevIndexTable_fixed_512
 544 000c E001     		.short	480
 545 000e 0000     		.space	2
 546              		.global	arm_cfft_sR_q31_len256
 547              		.section	.rodata.arm_cfft_sR_q31_len256,"a"
 548              		.align	2
 551              	arm_cfft_sR_q31_len256:
 552 0000 0001     		.short	256
 553 0002 0000     		.space	2
 554 0004 00000000 		.word	twiddleCoef_256_q31
 555 0008 00000000 		.word	armBitRevIndexTable_fixed_256
 556 000c F000     		.short	240
 557 000e 0000     		.space	2
 558              		.global	arm_cfft_sR_q31_len128
 559              		.section	.rodata.arm_cfft_sR_q31_len128,"a"
 560              		.align	2
 563              	arm_cfft_sR_q31_len128:
 564 0000 8000     		.short	128
 565 0002 0000     		.space	2
 566 0004 00000000 		.word	twiddleCoef_128_q31
 567 0008 00000000 		.word	armBitRevIndexTable_fixed_128
 568 000c 7000     		.short	112
 569 000e 0000     		.space	2
 570              		.global	arm_cfft_sR_q31_len64
 571              		.section	.rodata.arm_cfft_sR_q31_len64,"a"
 572              		.align	2
 575              	arm_cfft_sR_q31_len64:
 576 0000 4000     		.short	64
 577 0002 0000     		.space	2
 578 0004 00000000 		.word	twiddleCoef_64_q31
 579 0008 00000000 		.word	armBitRevIndexTable_fixed_64
 580 000c 3800     		.short	56
 581 000e 0000     		.space	2
 582              		.global	arm_cfft_sR_q31_len32
 583              		.section	.rodata.arm_cfft_sR_q31_len32,"a"
 584              		.align	2
 587              	arm_cfft_sR_q31_len32:
 588 0000 2000     		.short	32
 589 0002 0000     		.space	2
 590 0004 00000000 		.word	twiddleCoef_32_q31
 591 0008 00000000 		.word	armBitRevIndexTable_fixed_32
 592 000c 1800     		.short	24
 593 000e 0000     		.space	2
 594              		.global	arm_cfft_sR_q31_len16
 595              		.section	.rodata.arm_cfft_sR_q31_len16,"a"
 596              		.align	2
 599              	arm_cfft_sR_q31_len16:
 600 0000 1000     		.short	16
 601 0002 0000     		.space	2
ARM GAS  C:\Users\Lamp\AppData\Local\Temp\cc0yGnvM.s 			page 10


 602 0004 00000000 		.word	twiddleCoef_16_q31
 603 0008 00000000 		.word	armBitRevIndexTable_fixed_16
 604 000c 0C00     		.short	12
 605 000e 0000     		.space	2
 606              		.global	arm_cfft_sR_f32_len4096
 607              		.section	.rodata.arm_cfft_sR_f32_len4096,"a"
 608              		.align	2
 611              	arm_cfft_sR_f32_len4096:
 612 0000 0010     		.short	4096
 613 0002 0000     		.space	2
 614 0004 00000000 		.word	twiddleCoef_4096
 615 0008 00000000 		.word	armBitRevIndexTable4096
 616 000c C00F     		.short	4032
 617 000e 0000     		.space	2
 618              		.global	arm_cfft_sR_f32_len2048
 619              		.section	.rodata.arm_cfft_sR_f32_len2048,"a"
 620              		.align	2
 623              	arm_cfft_sR_f32_len2048:
 624 0000 0008     		.short	2048
 625 0002 0000     		.space	2
 626 0004 00000000 		.word	twiddleCoef_2048
 627 0008 00000000 		.word	armBitRevIndexTable2048
 628 000c E00E     		.short	3808
 629 000e 0000     		.space	2
 630              		.global	arm_cfft_sR_f32_len1024
 631              		.section	.rodata.arm_cfft_sR_f32_len1024,"a"
 632              		.align	2
 635              	arm_cfft_sR_f32_len1024:
 636 0000 0004     		.short	1024
 637 0002 0000     		.space	2
 638 0004 00000000 		.word	twiddleCoef_1024
 639 0008 00000000 		.word	armBitRevIndexTable1024
 640 000c 0807     		.short	1800
 641 000e 0000     		.space	2
 642              		.global	arm_cfft_sR_f32_len512
 643              		.section	.rodata.arm_cfft_sR_f32_len512,"a"
 644              		.align	2
 647              	arm_cfft_sR_f32_len512:
 648 0000 0002     		.short	512
 649 0002 0000     		.space	2
 650 0004 00000000 		.word	twiddleCoef_512
 651 0008 00000000 		.word	armBitRevIndexTable512
 652 000c C001     		.short	448
 653 000e 0000     		.space	2
 654              		.global	arm_cfft_sR_f32_len256
 655              		.section	.rodata.arm_cfft_sR_f32_len256,"a"
 656              		.align	2
 659              	arm_cfft_sR_f32_len256:
 660 0000 0001     		.short	256
 661 0002 0000     		.space	2
 662 0004 00000000 		.word	twiddleCoef_256
 663 0008 00000000 		.word	armBitRevIndexTable256
 664 000c B801     		.short	440
 665 000e 0000     		.space	2
 666              		.global	arm_cfft_sR_f32_len128
 667              		.section	.rodata.arm_cfft_sR_f32_len128,"a"
 668              		.align	2
ARM GAS  C:\Users\Lamp\AppData\Local\Temp\cc0yGnvM.s 			page 11


 671              	arm_cfft_sR_f32_len128:
 672 0000 8000     		.short	128
 673 0002 0000     		.space	2
 674 0004 00000000 		.word	twiddleCoef_128
 675 0008 00000000 		.word	armBitRevIndexTable128
 676 000c D000     		.short	208
 677 000e 0000     		.space	2
 678              		.global	arm_cfft_sR_f32_len64
 679              		.section	.rodata.arm_cfft_sR_f32_len64,"a"
 680              		.align	2
 683              	arm_cfft_sR_f32_len64:
 684 0000 4000     		.short	64
 685 0002 0000     		.space	2
 686 0004 00000000 		.word	twiddleCoef_64
 687 0008 00000000 		.word	armBitRevIndexTable64
 688 000c 3800     		.short	56
 689 000e 0000     		.space	2
 690              		.global	arm_cfft_sR_f32_len32
 691              		.section	.rodata.arm_cfft_sR_f32_len32,"a"
 692              		.align	2
 695              	arm_cfft_sR_f32_len32:
 696 0000 2000     		.short	32
 697 0002 0000     		.space	2
 698 0004 00000000 		.word	twiddleCoef_32
 699 0008 00000000 		.word	armBitRevIndexTable32
 700 000c 3000     		.short	48
 701 000e 0000     		.space	2
 702              		.global	arm_cfft_sR_f32_len16
 703              		.section	.rodata.arm_cfft_sR_f32_len16,"a"
 704              		.align	2
 707              	arm_cfft_sR_f32_len16:
 708 0000 1000     		.short	16
 709 0002 0000     		.space	2
 710 0004 00000000 		.word	twiddleCoef_16
 711 0008 00000000 		.word	armBitRevIndexTable16
 712 000c 1400     		.short	20
 713 000e 0000     		.space	2
 714              		.text
 715              	.Letext0:
 716              		.file 2 "C:/ARM GNU Toolchain/arm-none-eabi/include/machine/_default_types.h"
 717              		.file 3 "C:/ARM GNU Toolchain/arm-none-eabi/include/sys/_stdint.h"
 718              		.file 4 "Drivers/CMSIS/DSP/Include/arm_math.h"
 719              		.file 5 "Drivers/CMSIS/DSP/Include/arm_common_tables.h"
 720              		.file 6 "Drivers/CMSIS/DSP/Include/arm_const_structs.h"
ARM GAS  C:\Users\Lamp\AppData\Local\Temp\cc0yGnvM.s 			page 12


DEFINED SYMBOLS
                            *ABS*:00000000 arm_const_structs.c
C:\Users\Lamp\AppData\Local\Temp\cc0yGnvM.s:23     .rodata.arm_rfft_sR_q15_len8192:00000000 arm_rfft_sR_q15_len8192
C:\Users\Lamp\AppData\Local\Temp\cc0yGnvM.s:20     .rodata.arm_rfft_sR_q15_len8192:00000000 $d
C:\Users\Lamp\AppData\Local\Temp\cc0yGnvM.s:395    .rodata.arm_cfft_sR_q15_len4096:00000000 arm_cfft_sR_q15_len4096
C:\Users\Lamp\AppData\Local\Temp\cc0yGnvM.s:37     .rodata.arm_rfft_sR_q15_len4096:00000000 arm_rfft_sR_q15_len4096
C:\Users\Lamp\AppData\Local\Temp\cc0yGnvM.s:34     .rodata.arm_rfft_sR_q15_len4096:00000000 $d
C:\Users\Lamp\AppData\Local\Temp\cc0yGnvM.s:407    .rodata.arm_cfft_sR_q15_len2048:00000000 arm_cfft_sR_q15_len2048
C:\Users\Lamp\AppData\Local\Temp\cc0yGnvM.s:51     .rodata.arm_rfft_sR_q15_len2048:00000000 arm_rfft_sR_q15_len2048
C:\Users\Lamp\AppData\Local\Temp\cc0yGnvM.s:48     .rodata.arm_rfft_sR_q15_len2048:00000000 $d
C:\Users\Lamp\AppData\Local\Temp\cc0yGnvM.s:419    .rodata.arm_cfft_sR_q15_len1024:00000000 arm_cfft_sR_q15_len1024
C:\Users\Lamp\AppData\Local\Temp\cc0yGnvM.s:65     .rodata.arm_rfft_sR_q15_len1024:00000000 arm_rfft_sR_q15_len1024
C:\Users\Lamp\AppData\Local\Temp\cc0yGnvM.s:62     .rodata.arm_rfft_sR_q15_len1024:00000000 $d
C:\Users\Lamp\AppData\Local\Temp\cc0yGnvM.s:431    .rodata.arm_cfft_sR_q15_len512:00000000 arm_cfft_sR_q15_len512
C:\Users\Lamp\AppData\Local\Temp\cc0yGnvM.s:79     .rodata.arm_rfft_sR_q15_len512:00000000 arm_rfft_sR_q15_len512
C:\Users\Lamp\AppData\Local\Temp\cc0yGnvM.s:76     .rodata.arm_rfft_sR_q15_len512:00000000 $d
C:\Users\Lamp\AppData\Local\Temp\cc0yGnvM.s:443    .rodata.arm_cfft_sR_q15_len256:00000000 arm_cfft_sR_q15_len256
C:\Users\Lamp\AppData\Local\Temp\cc0yGnvM.s:93     .rodata.arm_rfft_sR_q15_len256:00000000 arm_rfft_sR_q15_len256
C:\Users\Lamp\AppData\Local\Temp\cc0yGnvM.s:90     .rodata.arm_rfft_sR_q15_len256:00000000 $d
C:\Users\Lamp\AppData\Local\Temp\cc0yGnvM.s:455    .rodata.arm_cfft_sR_q15_len128:00000000 arm_cfft_sR_q15_len128
C:\Users\Lamp\AppData\Local\Temp\cc0yGnvM.s:107    .rodata.arm_rfft_sR_q15_len128:00000000 arm_rfft_sR_q15_len128
C:\Users\Lamp\AppData\Local\Temp\cc0yGnvM.s:104    .rodata.arm_rfft_sR_q15_len128:00000000 $d
C:\Users\Lamp\AppData\Local\Temp\cc0yGnvM.s:467    .rodata.arm_cfft_sR_q15_len64:00000000 arm_cfft_sR_q15_len64
C:\Users\Lamp\AppData\Local\Temp\cc0yGnvM.s:121    .rodata.arm_rfft_sR_q15_len64:00000000 arm_rfft_sR_q15_len64
C:\Users\Lamp\AppData\Local\Temp\cc0yGnvM.s:118    .rodata.arm_rfft_sR_q15_len64:00000000 $d
C:\Users\Lamp\AppData\Local\Temp\cc0yGnvM.s:479    .rodata.arm_cfft_sR_q15_len32:00000000 arm_cfft_sR_q15_len32
C:\Users\Lamp\AppData\Local\Temp\cc0yGnvM.s:135    .rodata.arm_rfft_sR_q15_len32:00000000 arm_rfft_sR_q15_len32
C:\Users\Lamp\AppData\Local\Temp\cc0yGnvM.s:132    .rodata.arm_rfft_sR_q15_len32:00000000 $d
C:\Users\Lamp\AppData\Local\Temp\cc0yGnvM.s:491    .rodata.arm_cfft_sR_q15_len16:00000000 arm_cfft_sR_q15_len16
C:\Users\Lamp\AppData\Local\Temp\cc0yGnvM.s:149    .rodata.arm_rfft_sR_q31_len8192:00000000 arm_rfft_sR_q31_len8192
C:\Users\Lamp\AppData\Local\Temp\cc0yGnvM.s:146    .rodata.arm_rfft_sR_q31_len8192:00000000 $d
C:\Users\Lamp\AppData\Local\Temp\cc0yGnvM.s:503    .rodata.arm_cfft_sR_q31_len4096:00000000 arm_cfft_sR_q31_len4096
C:\Users\Lamp\AppData\Local\Temp\cc0yGnvM.s:163    .rodata.arm_rfft_sR_q31_len4096:00000000 arm_rfft_sR_q31_len4096
C:\Users\Lamp\AppData\Local\Temp\cc0yGnvM.s:160    .rodata.arm_rfft_sR_q31_len4096:00000000 $d
C:\Users\Lamp\AppData\Local\Temp\cc0yGnvM.s:515    .rodata.arm_cfft_sR_q31_len2048:00000000 arm_cfft_sR_q31_len2048
C:\Users\Lamp\AppData\Local\Temp\cc0yGnvM.s:177    .rodata.arm_rfft_sR_q31_len2048:00000000 arm_rfft_sR_q31_len2048
C:\Users\Lamp\AppData\Local\Temp\cc0yGnvM.s:174    .rodata.arm_rfft_sR_q31_len2048:00000000 $d
C:\Users\Lamp\AppData\Local\Temp\cc0yGnvM.s:527    .rodata.arm_cfft_sR_q31_len1024:00000000 arm_cfft_sR_q31_len1024
C:\Users\Lamp\AppData\Local\Temp\cc0yGnvM.s:191    .rodata.arm_rfft_sR_q31_len1024:00000000 arm_rfft_sR_q31_len1024
C:\Users\Lamp\AppData\Local\Temp\cc0yGnvM.s:188    .rodata.arm_rfft_sR_q31_len1024:00000000 $d
C:\Users\Lamp\AppData\Local\Temp\cc0yGnvM.s:539    .rodata.arm_cfft_sR_q31_len512:00000000 arm_cfft_sR_q31_len512
C:\Users\Lamp\AppData\Local\Temp\cc0yGnvM.s:205    .rodata.arm_rfft_sR_q31_len512:00000000 arm_rfft_sR_q31_len512
C:\Users\Lamp\AppData\Local\Temp\cc0yGnvM.s:202    .rodata.arm_rfft_sR_q31_len512:00000000 $d
C:\Users\Lamp\AppData\Local\Temp\cc0yGnvM.s:551    .rodata.arm_cfft_sR_q31_len256:00000000 arm_cfft_sR_q31_len256
C:\Users\Lamp\AppData\Local\Temp\cc0yGnvM.s:219    .rodata.arm_rfft_sR_q31_len256:00000000 arm_rfft_sR_q31_len256
C:\Users\Lamp\AppData\Local\Temp\cc0yGnvM.s:216    .rodata.arm_rfft_sR_q31_len256:00000000 $d
C:\Users\Lamp\AppData\Local\Temp\cc0yGnvM.s:563    .rodata.arm_cfft_sR_q31_len128:00000000 arm_cfft_sR_q31_len128
C:\Users\Lamp\AppData\Local\Temp\cc0yGnvM.s:233    .rodata.arm_rfft_sR_q31_len128:00000000 arm_rfft_sR_q31_len128
C:\Users\Lamp\AppData\Local\Temp\cc0yGnvM.s:230    .rodata.arm_rfft_sR_q31_len128:00000000 $d
C:\Users\Lamp\AppData\Local\Temp\cc0yGnvM.s:575    .rodata.arm_cfft_sR_q31_len64:00000000 arm_cfft_sR_q31_len64
C:\Users\Lamp\AppData\Local\Temp\cc0yGnvM.s:247    .rodata.arm_rfft_sR_q31_len64:00000000 arm_rfft_sR_q31_len64
C:\Users\Lamp\AppData\Local\Temp\cc0yGnvM.s:244    .rodata.arm_rfft_sR_q31_len64:00000000 $d
C:\Users\Lamp\AppData\Local\Temp\cc0yGnvM.s:587    .rodata.arm_cfft_sR_q31_len32:00000000 arm_cfft_sR_q31_len32
C:\Users\Lamp\AppData\Local\Temp\cc0yGnvM.s:261    .rodata.arm_rfft_sR_q31_len32:00000000 arm_rfft_sR_q31_len32
C:\Users\Lamp\AppData\Local\Temp\cc0yGnvM.s:258    .rodata.arm_rfft_sR_q31_len32:00000000 $d
C:\Users\Lamp\AppData\Local\Temp\cc0yGnvM.s:599    .rodata.arm_cfft_sR_q31_len16:00000000 arm_cfft_sR_q31_len16
C:\Users\Lamp\AppData\Local\Temp\cc0yGnvM.s:275    .rodata.arm_rfft_fast_sR_f32_len4096:00000000 arm_rfft_fast_sR_f32_len4096
ARM GAS  C:\Users\Lamp\AppData\Local\Temp\cc0yGnvM.s 			page 13


C:\Users\Lamp\AppData\Local\Temp\cc0yGnvM.s:272    .rodata.arm_rfft_fast_sR_f32_len4096:00000000 $d
C:\Users\Lamp\AppData\Local\Temp\cc0yGnvM.s:290    .rodata.arm_rfft_fast_sR_f32_len2048:00000000 arm_rfft_fast_sR_f32_len2048
C:\Users\Lamp\AppData\Local\Temp\cc0yGnvM.s:287    .rodata.arm_rfft_fast_sR_f32_len2048:00000000 $d
C:\Users\Lamp\AppData\Local\Temp\cc0yGnvM.s:305    .rodata.arm_rfft_fast_sR_f32_len1024:00000000 arm_rfft_fast_sR_f32_len1024
C:\Users\Lamp\AppData\Local\Temp\cc0yGnvM.s:302    .rodata.arm_rfft_fast_sR_f32_len1024:00000000 $d
C:\Users\Lamp\AppData\Local\Temp\cc0yGnvM.s:320    .rodata.arm_rfft_fast_sR_f32_len512:00000000 arm_rfft_fast_sR_f32_len512
C:\Users\Lamp\AppData\Local\Temp\cc0yGnvM.s:317    .rodata.arm_rfft_fast_sR_f32_len512:00000000 $d
C:\Users\Lamp\AppData\Local\Temp\cc0yGnvM.s:335    .rodata.arm_rfft_fast_sR_f32_len256:00000000 arm_rfft_fast_sR_f32_len256
C:\Users\Lamp\AppData\Local\Temp\cc0yGnvM.s:332    .rodata.arm_rfft_fast_sR_f32_len256:00000000 $d
C:\Users\Lamp\AppData\Local\Temp\cc0yGnvM.s:350    .rodata.arm_rfft_fast_sR_f32_len128:00000000 arm_rfft_fast_sR_f32_len128
C:\Users\Lamp\AppData\Local\Temp\cc0yGnvM.s:347    .rodata.arm_rfft_fast_sR_f32_len128:00000000 $d
C:\Users\Lamp\AppData\Local\Temp\cc0yGnvM.s:365    .rodata.arm_rfft_fast_sR_f32_len64:00000000 arm_rfft_fast_sR_f32_len64
C:\Users\Lamp\AppData\Local\Temp\cc0yGnvM.s:362    .rodata.arm_rfft_fast_sR_f32_len64:00000000 $d
C:\Users\Lamp\AppData\Local\Temp\cc0yGnvM.s:380    .rodata.arm_rfft_fast_sR_f32_len32:00000000 arm_rfft_fast_sR_f32_len32
C:\Users\Lamp\AppData\Local\Temp\cc0yGnvM.s:377    .rodata.arm_rfft_fast_sR_f32_len32:00000000 $d
C:\Users\Lamp\AppData\Local\Temp\cc0yGnvM.s:392    .rodata.arm_cfft_sR_q15_len4096:00000000 $d
C:\Users\Lamp\AppData\Local\Temp\cc0yGnvM.s:404    .rodata.arm_cfft_sR_q15_len2048:00000000 $d
C:\Users\Lamp\AppData\Local\Temp\cc0yGnvM.s:416    .rodata.arm_cfft_sR_q15_len1024:00000000 $d
C:\Users\Lamp\AppData\Local\Temp\cc0yGnvM.s:428    .rodata.arm_cfft_sR_q15_len512:00000000 $d
C:\Users\Lamp\AppData\Local\Temp\cc0yGnvM.s:440    .rodata.arm_cfft_sR_q15_len256:00000000 $d
C:\Users\Lamp\AppData\Local\Temp\cc0yGnvM.s:452    .rodata.arm_cfft_sR_q15_len128:00000000 $d
C:\Users\Lamp\AppData\Local\Temp\cc0yGnvM.s:464    .rodata.arm_cfft_sR_q15_len64:00000000 $d
C:\Users\Lamp\AppData\Local\Temp\cc0yGnvM.s:476    .rodata.arm_cfft_sR_q15_len32:00000000 $d
C:\Users\Lamp\AppData\Local\Temp\cc0yGnvM.s:488    .rodata.arm_cfft_sR_q15_len16:00000000 $d
C:\Users\Lamp\AppData\Local\Temp\cc0yGnvM.s:500    .rodata.arm_cfft_sR_q31_len4096:00000000 $d
C:\Users\Lamp\AppData\Local\Temp\cc0yGnvM.s:512    .rodata.arm_cfft_sR_q31_len2048:00000000 $d
C:\Users\Lamp\AppData\Local\Temp\cc0yGnvM.s:524    .rodata.arm_cfft_sR_q31_len1024:00000000 $d
C:\Users\Lamp\AppData\Local\Temp\cc0yGnvM.s:536    .rodata.arm_cfft_sR_q31_len512:00000000 $d
C:\Users\Lamp\AppData\Local\Temp\cc0yGnvM.s:548    .rodata.arm_cfft_sR_q31_len256:00000000 $d
C:\Users\Lamp\AppData\Local\Temp\cc0yGnvM.s:560    .rodata.arm_cfft_sR_q31_len128:00000000 $d
C:\Users\Lamp\AppData\Local\Temp\cc0yGnvM.s:572    .rodata.arm_cfft_sR_q31_len64:00000000 $d
C:\Users\Lamp\AppData\Local\Temp\cc0yGnvM.s:584    .rodata.arm_cfft_sR_q31_len32:00000000 $d
C:\Users\Lamp\AppData\Local\Temp\cc0yGnvM.s:596    .rodata.arm_cfft_sR_q31_len16:00000000 $d
C:\Users\Lamp\AppData\Local\Temp\cc0yGnvM.s:611    .rodata.arm_cfft_sR_f32_len4096:00000000 arm_cfft_sR_f32_len4096
C:\Users\Lamp\AppData\Local\Temp\cc0yGnvM.s:608    .rodata.arm_cfft_sR_f32_len4096:00000000 $d
C:\Users\Lamp\AppData\Local\Temp\cc0yGnvM.s:623    .rodata.arm_cfft_sR_f32_len2048:00000000 arm_cfft_sR_f32_len2048
C:\Users\Lamp\AppData\Local\Temp\cc0yGnvM.s:620    .rodata.arm_cfft_sR_f32_len2048:00000000 $d
C:\Users\Lamp\AppData\Local\Temp\cc0yGnvM.s:635    .rodata.arm_cfft_sR_f32_len1024:00000000 arm_cfft_sR_f32_len1024
C:\Users\Lamp\AppData\Local\Temp\cc0yGnvM.s:632    .rodata.arm_cfft_sR_f32_len1024:00000000 $d
C:\Users\Lamp\AppData\Local\Temp\cc0yGnvM.s:647    .rodata.arm_cfft_sR_f32_len512:00000000 arm_cfft_sR_f32_len512
C:\Users\Lamp\AppData\Local\Temp\cc0yGnvM.s:644    .rodata.arm_cfft_sR_f32_len512:00000000 $d
C:\Users\Lamp\AppData\Local\Temp\cc0yGnvM.s:659    .rodata.arm_cfft_sR_f32_len256:00000000 arm_cfft_sR_f32_len256
C:\Users\Lamp\AppData\Local\Temp\cc0yGnvM.s:656    .rodata.arm_cfft_sR_f32_len256:00000000 $d
C:\Users\Lamp\AppData\Local\Temp\cc0yGnvM.s:671    .rodata.arm_cfft_sR_f32_len128:00000000 arm_cfft_sR_f32_len128
C:\Users\Lamp\AppData\Local\Temp\cc0yGnvM.s:668    .rodata.arm_cfft_sR_f32_len128:00000000 $d
C:\Users\Lamp\AppData\Local\Temp\cc0yGnvM.s:683    .rodata.arm_cfft_sR_f32_len64:00000000 arm_cfft_sR_f32_len64
C:\Users\Lamp\AppData\Local\Temp\cc0yGnvM.s:680    .rodata.arm_cfft_sR_f32_len64:00000000 $d
C:\Users\Lamp\AppData\Local\Temp\cc0yGnvM.s:695    .rodata.arm_cfft_sR_f32_len32:00000000 arm_cfft_sR_f32_len32
C:\Users\Lamp\AppData\Local\Temp\cc0yGnvM.s:692    .rodata.arm_cfft_sR_f32_len32:00000000 $d
C:\Users\Lamp\AppData\Local\Temp\cc0yGnvM.s:707    .rodata.arm_cfft_sR_f32_len16:00000000 arm_cfft_sR_f32_len16
C:\Users\Lamp\AppData\Local\Temp\cc0yGnvM.s:704    .rodata.arm_cfft_sR_f32_len16:00000000 $d

UNDEFINED SYMBOLS
realCoefAQ15
realCoefBQ15
realCoefAQ31
realCoefBQ31
ARM GAS  C:\Users\Lamp\AppData\Local\Temp\cc0yGnvM.s 			page 14


twiddleCoef_2048
armBitRevIndexTable2048
twiddleCoef_rfft_4096
twiddleCoef_1024
armBitRevIndexTable1024
twiddleCoef_rfft_2048
twiddleCoef_512
armBitRevIndexTable512
twiddleCoef_rfft_1024
twiddleCoef_256
armBitRevIndexTable256
twiddleCoef_rfft_512
twiddleCoef_128
armBitRevIndexTable128
twiddleCoef_rfft_256
twiddleCoef_64
armBitRevIndexTable64
twiddleCoef_rfft_128
twiddleCoef_32
armBitRevIndexTable32
twiddleCoef_rfft_64
twiddleCoef_rfft_32
twiddleCoef_4096_q15
armBitRevIndexTable_fixed_4096
twiddleCoef_2048_q15
armBitRevIndexTable_fixed_2048
twiddleCoef_1024_q15
armBitRevIndexTable_fixed_1024
twiddleCoef_512_q15
armBitRevIndexTable_fixed_512
twiddleCoef_256_q15
armBitRevIndexTable_fixed_256
twiddleCoef_128_q15
armBitRevIndexTable_fixed_128
twiddleCoef_64_q15
armBitRevIndexTable_fixed_64
twiddleCoef_32_q15
armBitRevIndexTable_fixed_32
twiddleCoef_16_q15
armBitRevIndexTable_fixed_16
twiddleCoef_4096_q31
twiddleCoef_2048_q31
twiddleCoef_1024_q31
twiddleCoef_512_q31
twiddleCoef_256_q31
twiddleCoef_128_q31
twiddleCoef_64_q31
twiddleCoef_32_q31
twiddleCoef_16_q31
twiddleCoef_4096
armBitRevIndexTable4096
twiddleCoef_16
armBitRevIndexTable16
