ARM GAS  C:\Users\Lamp\AppData\Local\Temp\ccGLD67f.s 			page 1


   1              		.cpu cortex-m3
   2              		.arch armv7-m
   3              		.fpu softvfp
   4              		.eabi_attribute 20, 1
   5              		.eabi_attribute 21, 1
   6              		.eabi_attribute 23, 3
   7              		.eabi_attribute 24, 1
   8              		.eabi_attribute 25, 1
   9              		.eabi_attribute 26, 1
  10              		.eabi_attribute 30, 1
  11              		.eabi_attribute 34, 1
  12              		.eabi_attribute 18, 4
  13              		.file	"arm_negate_q7.c"
  14              		.text
  15              	.Ltext0:
  16              		.cfi_sections	.debug_frame
  17              		.file 1 "Drivers/CMSIS/DSP/Source/BasicMathFunctions/arm_negate_q7.c"
  18              		.section	.text.arm_negate_q7,"ax",%progbits
  19              		.align	1
  20              		.global	arm_negate_q7
  21              		.syntax unified
  22              		.thumb
  23              		.thumb_func
  25              	arm_negate_q7:
  26              	.LVL0:
  27              	.LFB100:
   1:Drivers/CMSIS/DSP/Source/BasicMathFunctions/arm_negate_q7.c **** /* ----------------------------------------------------------------------
   2:Drivers/CMSIS/DSP/Source/BasicMathFunctions/arm_negate_q7.c ****  * Project:      CMSIS DSP Library
   3:Drivers/CMSIS/DSP/Source/BasicMathFunctions/arm_negate_q7.c ****  * Title:        arm_negate_q7.c
   4:Drivers/CMSIS/DSP/Source/BasicMathFunctions/arm_negate_q7.c ****  * Description:  Negates Q7 vectors
   5:Drivers/CMSIS/DSP/Source/BasicMathFunctions/arm_negate_q7.c ****  *
   6:Drivers/CMSIS/DSP/Source/BasicMathFunctions/arm_negate_q7.c ****  * $Date:        27. January 2017
   7:Drivers/CMSIS/DSP/Source/BasicMathFunctions/arm_negate_q7.c ****  * $Revision:    V.1.5.1
   8:Drivers/CMSIS/DSP/Source/BasicMathFunctions/arm_negate_q7.c ****  *
   9:Drivers/CMSIS/DSP/Source/BasicMathFunctions/arm_negate_q7.c ****  * Target Processor: Cortex-M cores
  10:Drivers/CMSIS/DSP/Source/BasicMathFunctions/arm_negate_q7.c ****  * -------------------------------------------------------------------- */
  11:Drivers/CMSIS/DSP/Source/BasicMathFunctions/arm_negate_q7.c **** /*
  12:Drivers/CMSIS/DSP/Source/BasicMathFunctions/arm_negate_q7.c ****  * Copyright (C) 2010-2017 ARM Limited or its affiliates. All rights reserved.
  13:Drivers/CMSIS/DSP/Source/BasicMathFunctions/arm_negate_q7.c ****  *
  14:Drivers/CMSIS/DSP/Source/BasicMathFunctions/arm_negate_q7.c ****  * SPDX-License-Identifier: Apache-2.0
  15:Drivers/CMSIS/DSP/Source/BasicMathFunctions/arm_negate_q7.c ****  *
  16:Drivers/CMSIS/DSP/Source/BasicMathFunctions/arm_negate_q7.c ****  * Licensed under the Apache License, Version 2.0 (the License); you may
  17:Drivers/CMSIS/DSP/Source/BasicMathFunctions/arm_negate_q7.c ****  * not use this file except in compliance with the License.
  18:Drivers/CMSIS/DSP/Source/BasicMathFunctions/arm_negate_q7.c ****  * You may obtain a copy of the License at
  19:Drivers/CMSIS/DSP/Source/BasicMathFunctions/arm_negate_q7.c ****  *
  20:Drivers/CMSIS/DSP/Source/BasicMathFunctions/arm_negate_q7.c ****  * www.apache.org/licenses/LICENSE-2.0
  21:Drivers/CMSIS/DSP/Source/BasicMathFunctions/arm_negate_q7.c ****  *
  22:Drivers/CMSIS/DSP/Source/BasicMathFunctions/arm_negate_q7.c ****  * Unless required by applicable law or agreed to in writing, software
  23:Drivers/CMSIS/DSP/Source/BasicMathFunctions/arm_negate_q7.c ****  * distributed under the License is distributed on an AS IS BASIS, WITHOUT
  24:Drivers/CMSIS/DSP/Source/BasicMathFunctions/arm_negate_q7.c ****  * WARRANTIES OR CONDITIONS OF ANY KIND, either express or implied.
  25:Drivers/CMSIS/DSP/Source/BasicMathFunctions/arm_negate_q7.c ****  * See the License for the specific language governing permissions and
  26:Drivers/CMSIS/DSP/Source/BasicMathFunctions/arm_negate_q7.c ****  * limitations under the License.
  27:Drivers/CMSIS/DSP/Source/BasicMathFunctions/arm_negate_q7.c ****  */
  28:Drivers/CMSIS/DSP/Source/BasicMathFunctions/arm_negate_q7.c **** 
  29:Drivers/CMSIS/DSP/Source/BasicMathFunctions/arm_negate_q7.c **** #include "arm_math.h"
  30:Drivers/CMSIS/DSP/Source/BasicMathFunctions/arm_negate_q7.c **** 
  31:Drivers/CMSIS/DSP/Source/BasicMathFunctions/arm_negate_q7.c **** /**
ARM GAS  C:\Users\Lamp\AppData\Local\Temp\ccGLD67f.s 			page 2


  32:Drivers/CMSIS/DSP/Source/BasicMathFunctions/arm_negate_q7.c ****  * @ingroup groupMath
  33:Drivers/CMSIS/DSP/Source/BasicMathFunctions/arm_negate_q7.c ****  */
  34:Drivers/CMSIS/DSP/Source/BasicMathFunctions/arm_negate_q7.c **** 
  35:Drivers/CMSIS/DSP/Source/BasicMathFunctions/arm_negate_q7.c **** /**
  36:Drivers/CMSIS/DSP/Source/BasicMathFunctions/arm_negate_q7.c ****  * @addtogroup negate
  37:Drivers/CMSIS/DSP/Source/BasicMathFunctions/arm_negate_q7.c ****  * @{
  38:Drivers/CMSIS/DSP/Source/BasicMathFunctions/arm_negate_q7.c ****  */
  39:Drivers/CMSIS/DSP/Source/BasicMathFunctions/arm_negate_q7.c **** 
  40:Drivers/CMSIS/DSP/Source/BasicMathFunctions/arm_negate_q7.c **** /**
  41:Drivers/CMSIS/DSP/Source/BasicMathFunctions/arm_negate_q7.c ****  * @brief  Negates the elements of a Q7 vector.
  42:Drivers/CMSIS/DSP/Source/BasicMathFunctions/arm_negate_q7.c ****  * @param[in]  *pSrc points to the input vector
  43:Drivers/CMSIS/DSP/Source/BasicMathFunctions/arm_negate_q7.c ****  * @param[out]  *pDst points to the output vector
  44:Drivers/CMSIS/DSP/Source/BasicMathFunctions/arm_negate_q7.c ****  * @param[in]  blockSize number of samples in the vector
  45:Drivers/CMSIS/DSP/Source/BasicMathFunctions/arm_negate_q7.c ****  * @return none.
  46:Drivers/CMSIS/DSP/Source/BasicMathFunctions/arm_negate_q7.c ****  *
  47:Drivers/CMSIS/DSP/Source/BasicMathFunctions/arm_negate_q7.c ****  * <b>Scaling and Overflow Behavior:</b>
  48:Drivers/CMSIS/DSP/Source/BasicMathFunctions/arm_negate_q7.c ****  * \par
  49:Drivers/CMSIS/DSP/Source/BasicMathFunctions/arm_negate_q7.c ****  * The function uses saturating arithmetic.
  50:Drivers/CMSIS/DSP/Source/BasicMathFunctions/arm_negate_q7.c ****  * The Q7 value -1 (0x80) will be saturated to the maximum allowable positive value 0x7F.
  51:Drivers/CMSIS/DSP/Source/BasicMathFunctions/arm_negate_q7.c ****  */
  52:Drivers/CMSIS/DSP/Source/BasicMathFunctions/arm_negate_q7.c **** 
  53:Drivers/CMSIS/DSP/Source/BasicMathFunctions/arm_negate_q7.c **** void arm_negate_q7(
  54:Drivers/CMSIS/DSP/Source/BasicMathFunctions/arm_negate_q7.c ****   q7_t * pSrc,
  55:Drivers/CMSIS/DSP/Source/BasicMathFunctions/arm_negate_q7.c ****   q7_t * pDst,
  56:Drivers/CMSIS/DSP/Source/BasicMathFunctions/arm_negate_q7.c ****   uint32_t blockSize)
  57:Drivers/CMSIS/DSP/Source/BasicMathFunctions/arm_negate_q7.c **** {
  28              		.loc 1 57 1 view -0
  29              		.cfi_startproc
  30              		@ args = 0, pretend = 0, frame = 0
  31              		@ frame_needed = 0, uses_anonymous_args = 0
  32              		@ link register save eliminated.
  58:Drivers/CMSIS/DSP/Source/BasicMathFunctions/arm_negate_q7.c ****   uint32_t blkCnt;                               /* loop counter */
  33              		.loc 1 58 3 view .LVU1
  59:Drivers/CMSIS/DSP/Source/BasicMathFunctions/arm_negate_q7.c ****   q7_t in;
  34              		.loc 1 59 3 view .LVU2
  60:Drivers/CMSIS/DSP/Source/BasicMathFunctions/arm_negate_q7.c **** 
  61:Drivers/CMSIS/DSP/Source/BasicMathFunctions/arm_negate_q7.c **** #if defined (ARM_MATH_DSP)
  62:Drivers/CMSIS/DSP/Source/BasicMathFunctions/arm_negate_q7.c **** 
  63:Drivers/CMSIS/DSP/Source/BasicMathFunctions/arm_negate_q7.c **** /* Run the below code for Cortex-M4 and Cortex-M3 */
  64:Drivers/CMSIS/DSP/Source/BasicMathFunctions/arm_negate_q7.c ****   q31_t input;                                   /* Input values1-4 */
  65:Drivers/CMSIS/DSP/Source/BasicMathFunctions/arm_negate_q7.c ****   q31_t zero = 0x00000000;
  66:Drivers/CMSIS/DSP/Source/BasicMathFunctions/arm_negate_q7.c **** 
  67:Drivers/CMSIS/DSP/Source/BasicMathFunctions/arm_negate_q7.c **** 
  68:Drivers/CMSIS/DSP/Source/BasicMathFunctions/arm_negate_q7.c ****   /*loop Unrolling */
  69:Drivers/CMSIS/DSP/Source/BasicMathFunctions/arm_negate_q7.c ****   blkCnt = blockSize >> 2U;
  70:Drivers/CMSIS/DSP/Source/BasicMathFunctions/arm_negate_q7.c **** 
  71:Drivers/CMSIS/DSP/Source/BasicMathFunctions/arm_negate_q7.c ****   /* First part of the processing with loop unrolling.  Compute 4 outputs at a time.
  72:Drivers/CMSIS/DSP/Source/BasicMathFunctions/arm_negate_q7.c ****    ** a second loop below computes the remaining 1 to 3 samples. */
  73:Drivers/CMSIS/DSP/Source/BasicMathFunctions/arm_negate_q7.c ****   while (blkCnt > 0U)
  74:Drivers/CMSIS/DSP/Source/BasicMathFunctions/arm_negate_q7.c ****   {
  75:Drivers/CMSIS/DSP/Source/BasicMathFunctions/arm_negate_q7.c ****     /* C = -A */
  76:Drivers/CMSIS/DSP/Source/BasicMathFunctions/arm_negate_q7.c ****     /* Read four inputs */
  77:Drivers/CMSIS/DSP/Source/BasicMathFunctions/arm_negate_q7.c ****     input = *__SIMD32(pSrc)++;
  78:Drivers/CMSIS/DSP/Source/BasicMathFunctions/arm_negate_q7.c **** 
  79:Drivers/CMSIS/DSP/Source/BasicMathFunctions/arm_negate_q7.c ****     /* Store the Negated results in the destination buffer in a single cycle by packing the results
  80:Drivers/CMSIS/DSP/Source/BasicMathFunctions/arm_negate_q7.c ****     *__SIMD32(pDst)++ = __QSUB8(zero, input);
  81:Drivers/CMSIS/DSP/Source/BasicMathFunctions/arm_negate_q7.c **** 
ARM GAS  C:\Users\Lamp\AppData\Local\Temp\ccGLD67f.s 			page 3


  82:Drivers/CMSIS/DSP/Source/BasicMathFunctions/arm_negate_q7.c ****     /* Decrement the loop counter */
  83:Drivers/CMSIS/DSP/Source/BasicMathFunctions/arm_negate_q7.c ****     blkCnt--;
  84:Drivers/CMSIS/DSP/Source/BasicMathFunctions/arm_negate_q7.c ****   }
  85:Drivers/CMSIS/DSP/Source/BasicMathFunctions/arm_negate_q7.c **** 
  86:Drivers/CMSIS/DSP/Source/BasicMathFunctions/arm_negate_q7.c ****   /* If the blockSize is not a multiple of 4, compute any remaining output samples here.
  87:Drivers/CMSIS/DSP/Source/BasicMathFunctions/arm_negate_q7.c ****    ** No loop unrolling is used. */
  88:Drivers/CMSIS/DSP/Source/BasicMathFunctions/arm_negate_q7.c ****   blkCnt = blockSize % 0x4U;
  89:Drivers/CMSIS/DSP/Source/BasicMathFunctions/arm_negate_q7.c **** 
  90:Drivers/CMSIS/DSP/Source/BasicMathFunctions/arm_negate_q7.c **** #else
  91:Drivers/CMSIS/DSP/Source/BasicMathFunctions/arm_negate_q7.c **** 
  92:Drivers/CMSIS/DSP/Source/BasicMathFunctions/arm_negate_q7.c ****   /* Run the below code for Cortex-M0 */
  93:Drivers/CMSIS/DSP/Source/BasicMathFunctions/arm_negate_q7.c **** 
  94:Drivers/CMSIS/DSP/Source/BasicMathFunctions/arm_negate_q7.c ****   /* Initialize blkCnt with number of samples */
  95:Drivers/CMSIS/DSP/Source/BasicMathFunctions/arm_negate_q7.c ****   blkCnt = blockSize;
  35              		.loc 1 95 3 view .LVU3
  96:Drivers/CMSIS/DSP/Source/BasicMathFunctions/arm_negate_q7.c **** 
  97:Drivers/CMSIS/DSP/Source/BasicMathFunctions/arm_negate_q7.c **** #endif /* #if defined (ARM_MATH_DSP) */
  98:Drivers/CMSIS/DSP/Source/BasicMathFunctions/arm_negate_q7.c **** 
  99:Drivers/CMSIS/DSP/Source/BasicMathFunctions/arm_negate_q7.c ****   while (blkCnt > 0U)
  36              		.loc 1 99 3 view .LVU4
  37              		.loc 1 99 9 is_stmt 0 view .LVU5
  38 0000 03E0     		b	.L2
  39              	.LVL1:
  40              	.L5:
 100:Drivers/CMSIS/DSP/Source/BasicMathFunctions/arm_negate_q7.c ****   {
 101:Drivers/CMSIS/DSP/Source/BasicMathFunctions/arm_negate_q7.c ****     /* C = -A */
 102:Drivers/CMSIS/DSP/Source/BasicMathFunctions/arm_negate_q7.c ****     /* Negate and then store the results in the destination buffer. */ \
 103:Drivers/CMSIS/DSP/Source/BasicMathFunctions/arm_negate_q7.c ****       in = *pSrc++;
 104:Drivers/CMSIS/DSP/Source/BasicMathFunctions/arm_negate_q7.c ****     *pDst++ = (in == (q7_t) 0x80) ? 0x7f : -in;
  41              		.loc 1 104 13 discriminator 2 view .LVU6
  42 0002 7F23     		movs	r3, #127
  43              	.LVL2:
  44              	.L3:
  45              		.loc 1 104 13 discriminator 4 view .LVU7
  46 0004 01F8013B 		strb	r3, [r1], #1
  47              	.LVL3:
 105:Drivers/CMSIS/DSP/Source/BasicMathFunctions/arm_negate_q7.c **** 
 106:Drivers/CMSIS/DSP/Source/BasicMathFunctions/arm_negate_q7.c ****     /* Decrement the loop counter */
 107:Drivers/CMSIS/DSP/Source/BasicMathFunctions/arm_negate_q7.c ****     blkCnt--;
  48              		.loc 1 107 5 is_stmt 1 view .LVU8
  49              		.loc 1 107 11 is_stmt 0 view .LVU9
  50 0008 013A     		subs	r2, r2, #1
  51              	.LVL4:
  52              	.L2:
  99:Drivers/CMSIS/DSP/Source/BasicMathFunctions/arm_negate_q7.c ****   {
  53              		.loc 1 99 17 is_stmt 1 view .LVU10
  54 000a 3AB1     		cbz	r2, .L6
 103:Drivers/CMSIS/DSP/Source/BasicMathFunctions/arm_negate_q7.c ****     *pDst++ = (in == (q7_t) 0x80) ? 0x7f : -in;
  55              		.loc 1 103 7 view .LVU11
  56              	.LVL5:
 103:Drivers/CMSIS/DSP/Source/BasicMathFunctions/arm_negate_q7.c ****     *pDst++ = (in == (q7_t) 0x80) ? 0x7f : -in;
  57              		.loc 1 103 10 is_stmt 0 view .LVU12
  58 000c 10F9013B 		ldrsb	r3, [r0], #1
  59              	.LVL6:
 104:Drivers/CMSIS/DSP/Source/BasicMathFunctions/arm_negate_q7.c **** 
  60              		.loc 1 104 5 is_stmt 1 view .LVU13
 104:Drivers/CMSIS/DSP/Source/BasicMathFunctions/arm_negate_q7.c **** 
ARM GAS  C:\Users\Lamp\AppData\Local\Temp\ccGLD67f.s 			page 4


  61              		.loc 1 104 13 is_stmt 0 view .LVU14
  62 0010 13F1800F 		cmn	r3, #128
  63 0014 F5D0     		beq	.L5
 104:Drivers/CMSIS/DSP/Source/BasicMathFunctions/arm_negate_q7.c **** 
  64              		.loc 1 104 13 discriminator 1 view .LVU15
  65 0016 5B42     		rsbs	r3, r3, #0
  66              	.LVL7:
 104:Drivers/CMSIS/DSP/Source/BasicMathFunctions/arm_negate_q7.c **** 
  67              		.loc 1 104 13 discriminator 1 view .LVU16
  68 0018 5BB2     		sxtb	r3, r3
  69              	.LVL8:
 104:Drivers/CMSIS/DSP/Source/BasicMathFunctions/arm_negate_q7.c **** 
  70              		.loc 1 104 13 discriminator 1 view .LVU17
  71 001a F3E7     		b	.L3
  72              	.LVL9:
  73              	.L6:
 108:Drivers/CMSIS/DSP/Source/BasicMathFunctions/arm_negate_q7.c ****   }
 109:Drivers/CMSIS/DSP/Source/BasicMathFunctions/arm_negate_q7.c **** }
  74              		.loc 1 109 1 view .LVU18
  75 001c 7047     		bx	lr
  76              		.cfi_endproc
  77              	.LFE100:
  79              		.text
  80              	.Letext0:
  81              		.file 2 "C:/ARM GNU Toolchain/arm-none-eabi/include/machine/_default_types.h"
  82              		.file 3 "C:/ARM GNU Toolchain/arm-none-eabi/include/sys/_stdint.h"
  83              		.file 4 "Drivers/CMSIS/DSP/Include/arm_math.h"
ARM GAS  C:\Users\Lamp\AppData\Local\Temp\ccGLD67f.s 			page 5


DEFINED SYMBOLS
                            *ABS*:00000000 arm_negate_q7.c
C:\Users\Lamp\AppData\Local\Temp\ccGLD67f.s:19     .text.arm_negate_q7:00000000 $t
C:\Users\Lamp\AppData\Local\Temp\ccGLD67f.s:25     .text.arm_negate_q7:00000000 arm_negate_q7

NO UNDEFINED SYMBOLS
