ARM GAS  C:\Users\Lamp\AppData\Local\Temp\ccyqEvsa.s 			page 1


   1              		.cpu cortex-m3
   2              		.arch armv7-m
   3              		.fpu softvfp
   4              		.eabi_attribute 20, 1
   5              		.eabi_attribute 21, 1
   6              		.eabi_attribute 23, 3
   7              		.eabi_attribute 24, 1
   8              		.eabi_attribute 25, 1
   9              		.eabi_attribute 26, 1
  10              		.eabi_attribute 30, 1
  11              		.eabi_attribute 34, 1
  12              		.eabi_attribute 18, 4
  13              		.file	"arm_lms_norm_f32.c"
  14              		.text
  15              	.Ltext0:
  16              		.cfi_sections	.debug_frame
  17              		.file 1 "Drivers/CMSIS/DSP/Source/FilteringFunctions/arm_lms_norm_f32.c"
  18              		.global	__aeabi_fmul
  19              		.global	__aeabi_fsub
  20              		.global	__aeabi_fadd
  21              		.global	__aeabi_fdiv
  22              		.section	.text.arm_lms_norm_f32,"ax",%progbits
  23              		.align	1
  24              		.global	arm_lms_norm_f32
  25              		.syntax unified
  26              		.thumb
  27              		.thumb_func
  29              	arm_lms_norm_f32:
  30              	.LVL0:
  31              	.LFB100:
   1:Drivers/CMSIS/DSP/Source/FilteringFunctions/arm_lms_norm_f32.c **** /* ----------------------------------------------------------------------
   2:Drivers/CMSIS/DSP/Source/FilteringFunctions/arm_lms_norm_f32.c ****  * Project:      CMSIS DSP Library
   3:Drivers/CMSIS/DSP/Source/FilteringFunctions/arm_lms_norm_f32.c ****  * Title:        arm_lms_norm_f32.c
   4:Drivers/CMSIS/DSP/Source/FilteringFunctions/arm_lms_norm_f32.c ****  * Description:  Processing function for the floating-point Normalised LMS
   5:Drivers/CMSIS/DSP/Source/FilteringFunctions/arm_lms_norm_f32.c ****  *
   6:Drivers/CMSIS/DSP/Source/FilteringFunctions/arm_lms_norm_f32.c ****  * $Date:        27. January 2017
   7:Drivers/CMSIS/DSP/Source/FilteringFunctions/arm_lms_norm_f32.c ****  * $Revision:    V.1.5.1
   8:Drivers/CMSIS/DSP/Source/FilteringFunctions/arm_lms_norm_f32.c ****  *
   9:Drivers/CMSIS/DSP/Source/FilteringFunctions/arm_lms_norm_f32.c ****  * Target Processor: Cortex-M cores
  10:Drivers/CMSIS/DSP/Source/FilteringFunctions/arm_lms_norm_f32.c ****  * -------------------------------------------------------------------- */
  11:Drivers/CMSIS/DSP/Source/FilteringFunctions/arm_lms_norm_f32.c **** /*
  12:Drivers/CMSIS/DSP/Source/FilteringFunctions/arm_lms_norm_f32.c ****  * Copyright (C) 2010-2017 ARM Limited or its affiliates. All rights reserved.
  13:Drivers/CMSIS/DSP/Source/FilteringFunctions/arm_lms_norm_f32.c ****  *
  14:Drivers/CMSIS/DSP/Source/FilteringFunctions/arm_lms_norm_f32.c ****  * SPDX-License-Identifier: Apache-2.0
  15:Drivers/CMSIS/DSP/Source/FilteringFunctions/arm_lms_norm_f32.c ****  *
  16:Drivers/CMSIS/DSP/Source/FilteringFunctions/arm_lms_norm_f32.c ****  * Licensed under the Apache License, Version 2.0 (the License); you may
  17:Drivers/CMSIS/DSP/Source/FilteringFunctions/arm_lms_norm_f32.c ****  * not use this file except in compliance with the License.
  18:Drivers/CMSIS/DSP/Source/FilteringFunctions/arm_lms_norm_f32.c ****  * You may obtain a copy of the License at
  19:Drivers/CMSIS/DSP/Source/FilteringFunctions/arm_lms_norm_f32.c ****  *
  20:Drivers/CMSIS/DSP/Source/FilteringFunctions/arm_lms_norm_f32.c ****  * www.apache.org/licenses/LICENSE-2.0
  21:Drivers/CMSIS/DSP/Source/FilteringFunctions/arm_lms_norm_f32.c ****  *
  22:Drivers/CMSIS/DSP/Source/FilteringFunctions/arm_lms_norm_f32.c ****  * Unless required by applicable law or agreed to in writing, software
  23:Drivers/CMSIS/DSP/Source/FilteringFunctions/arm_lms_norm_f32.c ****  * distributed under the License is distributed on an AS IS BASIS, WITHOUT
  24:Drivers/CMSIS/DSP/Source/FilteringFunctions/arm_lms_norm_f32.c ****  * WARRANTIES OR CONDITIONS OF ANY KIND, either express or implied.
  25:Drivers/CMSIS/DSP/Source/FilteringFunctions/arm_lms_norm_f32.c ****  * See the License for the specific language governing permissions and
  26:Drivers/CMSIS/DSP/Source/FilteringFunctions/arm_lms_norm_f32.c ****  * limitations under the License.
  27:Drivers/CMSIS/DSP/Source/FilteringFunctions/arm_lms_norm_f32.c ****  */
ARM GAS  C:\Users\Lamp\AppData\Local\Temp\ccyqEvsa.s 			page 2


  28:Drivers/CMSIS/DSP/Source/FilteringFunctions/arm_lms_norm_f32.c **** 
  29:Drivers/CMSIS/DSP/Source/FilteringFunctions/arm_lms_norm_f32.c **** #include "arm_math.h"
  30:Drivers/CMSIS/DSP/Source/FilteringFunctions/arm_lms_norm_f32.c **** 
  31:Drivers/CMSIS/DSP/Source/FilteringFunctions/arm_lms_norm_f32.c **** /**
  32:Drivers/CMSIS/DSP/Source/FilteringFunctions/arm_lms_norm_f32.c ****  * @ingroup groupFilters
  33:Drivers/CMSIS/DSP/Source/FilteringFunctions/arm_lms_norm_f32.c ****  */
  34:Drivers/CMSIS/DSP/Source/FilteringFunctions/arm_lms_norm_f32.c **** 
  35:Drivers/CMSIS/DSP/Source/FilteringFunctions/arm_lms_norm_f32.c **** /**
  36:Drivers/CMSIS/DSP/Source/FilteringFunctions/arm_lms_norm_f32.c ****  * @defgroup LMS_NORM Normalized LMS Filters
  37:Drivers/CMSIS/DSP/Source/FilteringFunctions/arm_lms_norm_f32.c ****  *
  38:Drivers/CMSIS/DSP/Source/FilteringFunctions/arm_lms_norm_f32.c ****  * This set of functions implements a commonly used adaptive filter.
  39:Drivers/CMSIS/DSP/Source/FilteringFunctions/arm_lms_norm_f32.c ****  * It is related to the Least Mean Square (LMS) adaptive filter and includes an additional normaliz
  40:Drivers/CMSIS/DSP/Source/FilteringFunctions/arm_lms_norm_f32.c ****  * factor which increases the adaptation rate of the filter.
  41:Drivers/CMSIS/DSP/Source/FilteringFunctions/arm_lms_norm_f32.c ****  * The CMSIS DSP Library contains normalized LMS filter functions that operate on Q15, Q31, and flo
  42:Drivers/CMSIS/DSP/Source/FilteringFunctions/arm_lms_norm_f32.c ****  *
  43:Drivers/CMSIS/DSP/Source/FilteringFunctions/arm_lms_norm_f32.c ****  * A normalized least mean square (NLMS) filter consists of two components as shown below.
  44:Drivers/CMSIS/DSP/Source/FilteringFunctions/arm_lms_norm_f32.c ****  * The first component is a standard transversal or FIR filter.
  45:Drivers/CMSIS/DSP/Source/FilteringFunctions/arm_lms_norm_f32.c ****  * The second component is a coefficient update mechanism.
  46:Drivers/CMSIS/DSP/Source/FilteringFunctions/arm_lms_norm_f32.c ****  * The NLMS filter has two input signals.
  47:Drivers/CMSIS/DSP/Source/FilteringFunctions/arm_lms_norm_f32.c ****  * The "input" feeds the FIR filter while the "reference input" corresponds to the desired output o
  48:Drivers/CMSIS/DSP/Source/FilteringFunctions/arm_lms_norm_f32.c ****  * That is, the FIR filter coefficients are updated so that the output of the FIR filter matches th
  49:Drivers/CMSIS/DSP/Source/FilteringFunctions/arm_lms_norm_f32.c ****  * The filter coefficient update mechanism is based on the difference between the FIR filter output
  50:Drivers/CMSIS/DSP/Source/FilteringFunctions/arm_lms_norm_f32.c ****  * This "error signal" tends towards zero as the filter adapts.
  51:Drivers/CMSIS/DSP/Source/FilteringFunctions/arm_lms_norm_f32.c ****  * The NLMS processing functions accept the input and reference input signals and generate the filt
  52:Drivers/CMSIS/DSP/Source/FilteringFunctions/arm_lms_norm_f32.c ****  * \image html LMS.gif "Internal structure of the NLMS adaptive filter"
  53:Drivers/CMSIS/DSP/Source/FilteringFunctions/arm_lms_norm_f32.c ****  *
  54:Drivers/CMSIS/DSP/Source/FilteringFunctions/arm_lms_norm_f32.c ****  * The functions operate on blocks of data and each call to the function processes
  55:Drivers/CMSIS/DSP/Source/FilteringFunctions/arm_lms_norm_f32.c ****  * <code>blockSize</code> samples through the filter.
  56:Drivers/CMSIS/DSP/Source/FilteringFunctions/arm_lms_norm_f32.c ****  * <code>pSrc</code> points to input signal, <code>pRef</code> points to reference signal,
  57:Drivers/CMSIS/DSP/Source/FilteringFunctions/arm_lms_norm_f32.c ****  * <code>pOut</code> points to output signal and <code>pErr</code> points to error signal.
  58:Drivers/CMSIS/DSP/Source/FilteringFunctions/arm_lms_norm_f32.c ****  * All arrays contain <code>blockSize</code> values.
  59:Drivers/CMSIS/DSP/Source/FilteringFunctions/arm_lms_norm_f32.c ****  *
  60:Drivers/CMSIS/DSP/Source/FilteringFunctions/arm_lms_norm_f32.c ****  * The functions operate on a block-by-block basis.
  61:Drivers/CMSIS/DSP/Source/FilteringFunctions/arm_lms_norm_f32.c ****  * Internally, the filter coefficients <code>b[n]</code> are updated on a sample-by-sample basis.
  62:Drivers/CMSIS/DSP/Source/FilteringFunctions/arm_lms_norm_f32.c ****  * The convergence of the LMS filter is slower compared to the normalized LMS algorithm.
  63:Drivers/CMSIS/DSP/Source/FilteringFunctions/arm_lms_norm_f32.c ****  *
  64:Drivers/CMSIS/DSP/Source/FilteringFunctions/arm_lms_norm_f32.c ****  * \par Algorithm:
  65:Drivers/CMSIS/DSP/Source/FilteringFunctions/arm_lms_norm_f32.c ****  * The output signal <code>y[n]</code> is computed by a standard FIR filter:
  66:Drivers/CMSIS/DSP/Source/FilteringFunctions/arm_lms_norm_f32.c ****  * <pre>
  67:Drivers/CMSIS/DSP/Source/FilteringFunctions/arm_lms_norm_f32.c ****  *     y[n] = b[0] * x[n] + b[1] * x[n-1] + b[2] * x[n-2] + ...+ b[numTaps-1] * x[n-numTaps+1]
  68:Drivers/CMSIS/DSP/Source/FilteringFunctions/arm_lms_norm_f32.c ****  * </pre>
  69:Drivers/CMSIS/DSP/Source/FilteringFunctions/arm_lms_norm_f32.c ****  *
  70:Drivers/CMSIS/DSP/Source/FilteringFunctions/arm_lms_norm_f32.c ****  * \par
  71:Drivers/CMSIS/DSP/Source/FilteringFunctions/arm_lms_norm_f32.c ****  * The error signal equals the difference between the reference signal <code>d[n]</code> and the fi
  72:Drivers/CMSIS/DSP/Source/FilteringFunctions/arm_lms_norm_f32.c ****  * <pre>
  73:Drivers/CMSIS/DSP/Source/FilteringFunctions/arm_lms_norm_f32.c ****  *     e[n] = d[n] - y[n].
  74:Drivers/CMSIS/DSP/Source/FilteringFunctions/arm_lms_norm_f32.c ****  * </pre>
  75:Drivers/CMSIS/DSP/Source/FilteringFunctions/arm_lms_norm_f32.c ****  *
  76:Drivers/CMSIS/DSP/Source/FilteringFunctions/arm_lms_norm_f32.c ****  * \par
  77:Drivers/CMSIS/DSP/Source/FilteringFunctions/arm_lms_norm_f32.c ****  * After each sample of the error signal is computed the instanteous energy of the filter state var
  78:Drivers/CMSIS/DSP/Source/FilteringFunctions/arm_lms_norm_f32.c ****  * <pre>
  79:Drivers/CMSIS/DSP/Source/FilteringFunctions/arm_lms_norm_f32.c ****  *    E = x[n]^2 + x[n-1]^2 + ... + x[n-numTaps+1]^2.
  80:Drivers/CMSIS/DSP/Source/FilteringFunctions/arm_lms_norm_f32.c ****  * </pre>
  81:Drivers/CMSIS/DSP/Source/FilteringFunctions/arm_lms_norm_f32.c ****  * The filter coefficients <code>b[k]</code> are then updated on a sample-by-sample basis:
  82:Drivers/CMSIS/DSP/Source/FilteringFunctions/arm_lms_norm_f32.c ****  * <pre>
  83:Drivers/CMSIS/DSP/Source/FilteringFunctions/arm_lms_norm_f32.c ****  *     b[k] = b[k] + e[n] * (mu/E) * x[n-k],  for k=0, 1, ..., numTaps-1
  84:Drivers/CMSIS/DSP/Source/FilteringFunctions/arm_lms_norm_f32.c ****  * </pre>
ARM GAS  C:\Users\Lamp\AppData\Local\Temp\ccyqEvsa.s 			page 3


  85:Drivers/CMSIS/DSP/Source/FilteringFunctions/arm_lms_norm_f32.c ****  * where <code>mu</code> is the step size and controls the rate of coefficient convergence.
  86:Drivers/CMSIS/DSP/Source/FilteringFunctions/arm_lms_norm_f32.c ****  *\par
  87:Drivers/CMSIS/DSP/Source/FilteringFunctions/arm_lms_norm_f32.c ****  * In the APIs, <code>pCoeffs</code> points to a coefficient array of size <code>numTaps</code>.
  88:Drivers/CMSIS/DSP/Source/FilteringFunctions/arm_lms_norm_f32.c ****  * Coefficients are stored in time reversed order.
  89:Drivers/CMSIS/DSP/Source/FilteringFunctions/arm_lms_norm_f32.c ****  * \par
  90:Drivers/CMSIS/DSP/Source/FilteringFunctions/arm_lms_norm_f32.c ****  * <pre>
  91:Drivers/CMSIS/DSP/Source/FilteringFunctions/arm_lms_norm_f32.c ****  *    {b[numTaps-1], b[numTaps-2], b[N-2], ..., b[1], b[0]}
  92:Drivers/CMSIS/DSP/Source/FilteringFunctions/arm_lms_norm_f32.c ****  * </pre>
  93:Drivers/CMSIS/DSP/Source/FilteringFunctions/arm_lms_norm_f32.c ****  * \par
  94:Drivers/CMSIS/DSP/Source/FilteringFunctions/arm_lms_norm_f32.c ****  * <code>pState</code> points to a state array of size <code>numTaps + blockSize - 1</code>.
  95:Drivers/CMSIS/DSP/Source/FilteringFunctions/arm_lms_norm_f32.c ****  * Samples in the state buffer are stored in the order:
  96:Drivers/CMSIS/DSP/Source/FilteringFunctions/arm_lms_norm_f32.c ****  * \par
  97:Drivers/CMSIS/DSP/Source/FilteringFunctions/arm_lms_norm_f32.c ****  * <pre>
  98:Drivers/CMSIS/DSP/Source/FilteringFunctions/arm_lms_norm_f32.c ****  *    {x[n-numTaps+1], x[n-numTaps], x[n-numTaps-1], x[n-numTaps-2]....x[0], x[1], ..., x[blockSize
  99:Drivers/CMSIS/DSP/Source/FilteringFunctions/arm_lms_norm_f32.c ****  * </pre>
 100:Drivers/CMSIS/DSP/Source/FilteringFunctions/arm_lms_norm_f32.c ****  * \par
 101:Drivers/CMSIS/DSP/Source/FilteringFunctions/arm_lms_norm_f32.c ****  * Note that the length of the state buffer exceeds the length of the coefficient array by <code>bl
 102:Drivers/CMSIS/DSP/Source/FilteringFunctions/arm_lms_norm_f32.c ****  * The increased state buffer length allows circular addressing, which is traditionally used in FIR
 103:Drivers/CMSIS/DSP/Source/FilteringFunctions/arm_lms_norm_f32.c ****  * to be avoided and yields a significant speed improvement.
 104:Drivers/CMSIS/DSP/Source/FilteringFunctions/arm_lms_norm_f32.c ****  * The state variables are updated after each block of data is processed.
 105:Drivers/CMSIS/DSP/Source/FilteringFunctions/arm_lms_norm_f32.c ****  * \par Instance Structure
 106:Drivers/CMSIS/DSP/Source/FilteringFunctions/arm_lms_norm_f32.c ****  * The coefficients and state variables for a filter are stored together in an instance data struct
 107:Drivers/CMSIS/DSP/Source/FilteringFunctions/arm_lms_norm_f32.c ****  * A separate instance structure must be defined for each filter and
 108:Drivers/CMSIS/DSP/Source/FilteringFunctions/arm_lms_norm_f32.c ****  * coefficient and state arrays cannot be shared among instances.
 109:Drivers/CMSIS/DSP/Source/FilteringFunctions/arm_lms_norm_f32.c ****  * There are separate instance structure declarations for each of the 3 supported data types.
 110:Drivers/CMSIS/DSP/Source/FilteringFunctions/arm_lms_norm_f32.c ****  *
 111:Drivers/CMSIS/DSP/Source/FilteringFunctions/arm_lms_norm_f32.c ****  * \par Initialization Functions
 112:Drivers/CMSIS/DSP/Source/FilteringFunctions/arm_lms_norm_f32.c ****  * There is also an associated initialization function for each data type.
 113:Drivers/CMSIS/DSP/Source/FilteringFunctions/arm_lms_norm_f32.c ****  * The initialization function performs the following operations:
 114:Drivers/CMSIS/DSP/Source/FilteringFunctions/arm_lms_norm_f32.c ****  * - Sets the values of the internal structure fields.
 115:Drivers/CMSIS/DSP/Source/FilteringFunctions/arm_lms_norm_f32.c ****  * - Zeros out the values in the state buffer.
 116:Drivers/CMSIS/DSP/Source/FilteringFunctions/arm_lms_norm_f32.c ****  * To do this manually without calling the init function, assign the follow subfields of the instan
 117:Drivers/CMSIS/DSP/Source/FilteringFunctions/arm_lms_norm_f32.c ****  * numTaps, pCoeffs, mu, energy, x0, pState. Also set all of the values in pState to zero.
 118:Drivers/CMSIS/DSP/Source/FilteringFunctions/arm_lms_norm_f32.c ****  * For Q7, Q15, and Q31 the following fields must also be initialized;
 119:Drivers/CMSIS/DSP/Source/FilteringFunctions/arm_lms_norm_f32.c ****  * recipTable, postShift
 120:Drivers/CMSIS/DSP/Source/FilteringFunctions/arm_lms_norm_f32.c ****  *
 121:Drivers/CMSIS/DSP/Source/FilteringFunctions/arm_lms_norm_f32.c ****  * \par
 122:Drivers/CMSIS/DSP/Source/FilteringFunctions/arm_lms_norm_f32.c ****  * Instance structure cannot be placed into a const data section and it is recommended to use the i
 123:Drivers/CMSIS/DSP/Source/FilteringFunctions/arm_lms_norm_f32.c ****  * \par Fixed-Point Behavior:
 124:Drivers/CMSIS/DSP/Source/FilteringFunctions/arm_lms_norm_f32.c ****  * Care must be taken when using the Q15 and Q31 versions of the normalised LMS filter.
 125:Drivers/CMSIS/DSP/Source/FilteringFunctions/arm_lms_norm_f32.c ****  * The following issues must be considered:
 126:Drivers/CMSIS/DSP/Source/FilteringFunctions/arm_lms_norm_f32.c ****  * - Scaling of coefficients
 127:Drivers/CMSIS/DSP/Source/FilteringFunctions/arm_lms_norm_f32.c ****  * - Overflow and saturation
 128:Drivers/CMSIS/DSP/Source/FilteringFunctions/arm_lms_norm_f32.c ****  *
 129:Drivers/CMSIS/DSP/Source/FilteringFunctions/arm_lms_norm_f32.c ****  * \par Scaling of Coefficients:
 130:Drivers/CMSIS/DSP/Source/FilteringFunctions/arm_lms_norm_f32.c ****  * Filter coefficients are represented as fractional values and
 131:Drivers/CMSIS/DSP/Source/FilteringFunctions/arm_lms_norm_f32.c ****  * coefficients are restricted to lie in the range <code>[-1 +1)</code>.
 132:Drivers/CMSIS/DSP/Source/FilteringFunctions/arm_lms_norm_f32.c ****  * The fixed-point functions have an additional scaling parameter <code>postShift</code>.
 133:Drivers/CMSIS/DSP/Source/FilteringFunctions/arm_lms_norm_f32.c ****  * At the output of the filter's accumulator is a shift register which shifts the result by <code>p
 134:Drivers/CMSIS/DSP/Source/FilteringFunctions/arm_lms_norm_f32.c ****  * This essentially scales the filter coefficients by <code>2^postShift</code> and
 135:Drivers/CMSIS/DSP/Source/FilteringFunctions/arm_lms_norm_f32.c ****  * allows the filter coefficients to exceed the range <code>[+1 -1)</code>.
 136:Drivers/CMSIS/DSP/Source/FilteringFunctions/arm_lms_norm_f32.c ****  * The value of <code>postShift</code> is set by the user based on the expected gain through the sy
 137:Drivers/CMSIS/DSP/Source/FilteringFunctions/arm_lms_norm_f32.c ****  *
 138:Drivers/CMSIS/DSP/Source/FilteringFunctions/arm_lms_norm_f32.c ****  * \par Overflow and Saturation:
 139:Drivers/CMSIS/DSP/Source/FilteringFunctions/arm_lms_norm_f32.c ****  * Overflow and saturation behavior of the fixed-point Q15 and Q31 versions are
 140:Drivers/CMSIS/DSP/Source/FilteringFunctions/arm_lms_norm_f32.c ****  * described separately as part of the function specific documentation below.
 141:Drivers/CMSIS/DSP/Source/FilteringFunctions/arm_lms_norm_f32.c ****  */
ARM GAS  C:\Users\Lamp\AppData\Local\Temp\ccyqEvsa.s 			page 4


 142:Drivers/CMSIS/DSP/Source/FilteringFunctions/arm_lms_norm_f32.c **** 
 143:Drivers/CMSIS/DSP/Source/FilteringFunctions/arm_lms_norm_f32.c **** 
 144:Drivers/CMSIS/DSP/Source/FilteringFunctions/arm_lms_norm_f32.c **** /**
 145:Drivers/CMSIS/DSP/Source/FilteringFunctions/arm_lms_norm_f32.c ****  * @addtogroup LMS_NORM
 146:Drivers/CMSIS/DSP/Source/FilteringFunctions/arm_lms_norm_f32.c ****  * @{
 147:Drivers/CMSIS/DSP/Source/FilteringFunctions/arm_lms_norm_f32.c ****  */
 148:Drivers/CMSIS/DSP/Source/FilteringFunctions/arm_lms_norm_f32.c **** 
 149:Drivers/CMSIS/DSP/Source/FilteringFunctions/arm_lms_norm_f32.c **** 
 150:Drivers/CMSIS/DSP/Source/FilteringFunctions/arm_lms_norm_f32.c ****   /**
 151:Drivers/CMSIS/DSP/Source/FilteringFunctions/arm_lms_norm_f32.c ****    * @brief Processing function for floating-point normalized LMS filter.
 152:Drivers/CMSIS/DSP/Source/FilteringFunctions/arm_lms_norm_f32.c ****    * @param[in] *S points to an instance of the floating-point normalized LMS filter structure.
 153:Drivers/CMSIS/DSP/Source/FilteringFunctions/arm_lms_norm_f32.c ****    * @param[in] *pSrc points to the block of input data.
 154:Drivers/CMSIS/DSP/Source/FilteringFunctions/arm_lms_norm_f32.c ****    * @param[in] *pRef points to the block of reference data.
 155:Drivers/CMSIS/DSP/Source/FilteringFunctions/arm_lms_norm_f32.c ****    * @param[out] *pOut points to the block of output data.
 156:Drivers/CMSIS/DSP/Source/FilteringFunctions/arm_lms_norm_f32.c ****    * @param[out] *pErr points to the block of error data.
 157:Drivers/CMSIS/DSP/Source/FilteringFunctions/arm_lms_norm_f32.c ****    * @param[in] blockSize number of samples to process.
 158:Drivers/CMSIS/DSP/Source/FilteringFunctions/arm_lms_norm_f32.c ****    * @return none.
 159:Drivers/CMSIS/DSP/Source/FilteringFunctions/arm_lms_norm_f32.c ****    */
 160:Drivers/CMSIS/DSP/Source/FilteringFunctions/arm_lms_norm_f32.c **** 
 161:Drivers/CMSIS/DSP/Source/FilteringFunctions/arm_lms_norm_f32.c **** void arm_lms_norm_f32(
 162:Drivers/CMSIS/DSP/Source/FilteringFunctions/arm_lms_norm_f32.c ****   arm_lms_norm_instance_f32 * S,
 163:Drivers/CMSIS/DSP/Source/FilteringFunctions/arm_lms_norm_f32.c ****   float32_t * pSrc,
 164:Drivers/CMSIS/DSP/Source/FilteringFunctions/arm_lms_norm_f32.c ****   float32_t * pRef,
 165:Drivers/CMSIS/DSP/Source/FilteringFunctions/arm_lms_norm_f32.c ****   float32_t * pOut,
 166:Drivers/CMSIS/DSP/Source/FilteringFunctions/arm_lms_norm_f32.c ****   float32_t * pErr,
 167:Drivers/CMSIS/DSP/Source/FilteringFunctions/arm_lms_norm_f32.c ****   uint32_t blockSize)
 168:Drivers/CMSIS/DSP/Source/FilteringFunctions/arm_lms_norm_f32.c **** {
  32              		.loc 1 168 1 view -0
  33              		.cfi_startproc
  34              		@ args = 8, pretend = 0, frame = 32
  35              		@ frame_needed = 0, uses_anonymous_args = 0
  36              		.loc 1 168 1 is_stmt 0 view .LVU1
  37 0000 2DE9F04F 		push	{r4, r5, r6, r7, r8, r9, r10, fp, lr}
  38              	.LCFI0:
  39              		.cfi_def_cfa_offset 36
  40              		.cfi_offset 4, -36
  41              		.cfi_offset 5, -32
  42              		.cfi_offset 6, -28
  43              		.cfi_offset 7, -24
  44              		.cfi_offset 8, -20
  45              		.cfi_offset 9, -16
  46              		.cfi_offset 10, -12
  47              		.cfi_offset 11, -8
  48              		.cfi_offset 14, -4
  49 0004 89B0     		sub	sp, sp, #36
  50              	.LCFI1:
  51              		.cfi_def_cfa_offset 72
  52 0006 0546     		mov	r5, r0
  53 0008 0391     		str	r1, [sp, #12]
  54 000a 9146     		mov	r9, r2
  55 000c 1F46     		mov	r7, r3
  56 000e DDF84CA0 		ldr	r10, [sp, #76]
 169:Drivers/CMSIS/DSP/Source/FilteringFunctions/arm_lms_norm_f32.c ****   float32_t *pState = S->pState;                 /* State pointer */
  57              		.loc 1 169 3 is_stmt 1 view .LVU2
  58              		.loc 1 169 14 is_stmt 0 view .LVU3
  59 0012 4368     		ldr	r3, [r0, #4]
  60              	.LVL1:
ARM GAS  C:\Users\Lamp\AppData\Local\Temp\ccyqEvsa.s 			page 5


 170:Drivers/CMSIS/DSP/Source/FilteringFunctions/arm_lms_norm_f32.c ****   float32_t *pCoeffs = S->pCoeffs;               /* Coefficient pointer */
  61              		.loc 1 170 3 is_stmt 1 view .LVU4
  62              		.loc 1 170 14 is_stmt 0 view .LVU5
  63 0014 8268     		ldr	r2, [r0, #8]
  64              	.LVL2:
  65              		.loc 1 170 14 view .LVU6
  66 0016 0292     		str	r2, [sp, #8]
  67              	.LVL3:
 171:Drivers/CMSIS/DSP/Source/FilteringFunctions/arm_lms_norm_f32.c ****   float32_t *pStateCurnt;                        /* Points to the current sample of the state */
  68              		.loc 1 171 3 is_stmt 1 view .LVU7
 172:Drivers/CMSIS/DSP/Source/FilteringFunctions/arm_lms_norm_f32.c ****   float32_t *px, *pb;                            /* Temporary pointers for state and coefficient bu
  69              		.loc 1 172 3 view .LVU8
 173:Drivers/CMSIS/DSP/Source/FilteringFunctions/arm_lms_norm_f32.c ****   float32_t mu = S->mu;                          /* Adaptive factor */
  70              		.loc 1 173 3 view .LVU9
  71              		.loc 1 173 13 is_stmt 0 view .LVU10
  72 0018 C268     		ldr	r2, [r0, #12]	@ float
  73              	.LVL4:
  74              		.loc 1 173 13 view .LVU11
  75 001a 0692     		str	r2, [sp, #24]	@ float
  76              	.LVL5:
 174:Drivers/CMSIS/DSP/Source/FilteringFunctions/arm_lms_norm_f32.c ****   uint32_t numTaps = S->numTaps;                 /* Number of filter coefficients in the filter */
  77              		.loc 1 174 3 is_stmt 1 view .LVU12
  78              		.loc 1 174 23 is_stmt 0 view .LVU13
  79 001c 0288     		ldrh	r2, [r0]
  80              	.LVL6:
 175:Drivers/CMSIS/DSP/Source/FilteringFunctions/arm_lms_norm_f32.c ****   uint32_t tapCnt, blkCnt;                       /* Loop counters */
  81              		.loc 1 175 3 is_stmt 1 view .LVU14
 176:Drivers/CMSIS/DSP/Source/FilteringFunctions/arm_lms_norm_f32.c ****   float32_t energy;                              /* Energy of the input */
  82              		.loc 1 176 3 view .LVU15
 177:Drivers/CMSIS/DSP/Source/FilteringFunctions/arm_lms_norm_f32.c ****   float32_t sum, e, d;                           /* accumulator, error, reference data sample */
  83              		.loc 1 177 3 view .LVU16
 178:Drivers/CMSIS/DSP/Source/FilteringFunctions/arm_lms_norm_f32.c ****   float32_t w, x0, in;                           /* weight factor, temporary variable to hold input
  84              		.loc 1 178 3 view .LVU17
 179:Drivers/CMSIS/DSP/Source/FilteringFunctions/arm_lms_norm_f32.c **** 
 180:Drivers/CMSIS/DSP/Source/FilteringFunctions/arm_lms_norm_f32.c ****   /* Initializations of error,  difference, Coefficient update */
 181:Drivers/CMSIS/DSP/Source/FilteringFunctions/arm_lms_norm_f32.c ****   e = 0.0f;
  85              		.loc 1 181 3 view .LVU18
 182:Drivers/CMSIS/DSP/Source/FilteringFunctions/arm_lms_norm_f32.c ****   d = 0.0f;
  86              		.loc 1 182 3 view .LVU19
 183:Drivers/CMSIS/DSP/Source/FilteringFunctions/arm_lms_norm_f32.c ****   w = 0.0f;
  87              		.loc 1 183 3 view .LVU20
 184:Drivers/CMSIS/DSP/Source/FilteringFunctions/arm_lms_norm_f32.c **** 
 185:Drivers/CMSIS/DSP/Source/FilteringFunctions/arm_lms_norm_f32.c ****   energy = S->energy;
  88              		.loc 1 185 3 view .LVU21
  89              		.loc 1 185 10 is_stmt 0 view .LVU22
  90 001e D0F810C0 		ldr	ip, [r0, #16]	@ float
  91              	.LVL7:
 186:Drivers/CMSIS/DSP/Source/FilteringFunctions/arm_lms_norm_f32.c ****   x0 = S->x0;
  92              		.loc 1 186 3 is_stmt 1 view .LVU23
  93              		.loc 1 186 6 is_stmt 0 view .LVU24
  94 0022 4069     		ldr	r0, [r0, #20]	@ float
  95              	.LVL8:
 187:Drivers/CMSIS/DSP/Source/FilteringFunctions/arm_lms_norm_f32.c **** 
 188:Drivers/CMSIS/DSP/Source/FilteringFunctions/arm_lms_norm_f32.c ****   /* S->pState points to buffer which contains previous frame (numTaps - 1) samples */
 189:Drivers/CMSIS/DSP/Source/FilteringFunctions/arm_lms_norm_f32.c ****   /* pStateCurnt points to the location where the new input data should be written */
 190:Drivers/CMSIS/DSP/Source/FilteringFunctions/arm_lms_norm_f32.c ****   pStateCurnt = &(S->pState[(numTaps - 1U)]);
  96              		.loc 1 190 3 is_stmt 1 view .LVU25
ARM GAS  C:\Users\Lamp\AppData\Local\Temp\ccyqEvsa.s 			page 6


  97              		.loc 1 190 28 is_stmt 0 view .LVU26
  98 0024 02F18048 		add	r8, r2, #1073741824
  99 0028 08F1FF38 		add	r8, r8, #-1
 100              		.loc 1 190 15 view .LVU27
 101 002c 03EB8808 		add	r8, r3, r8, lsl #2
 102              	.LVL9:
 191:Drivers/CMSIS/DSP/Source/FilteringFunctions/arm_lms_norm_f32.c **** 
 192:Drivers/CMSIS/DSP/Source/FilteringFunctions/arm_lms_norm_f32.c ****   /* Loop over blockSize number of values */
 193:Drivers/CMSIS/DSP/Source/FilteringFunctions/arm_lms_norm_f32.c ****   blkCnt = blockSize;
 103              		.loc 1 193 3 is_stmt 1 view .LVU28
 194:Drivers/CMSIS/DSP/Source/FilteringFunctions/arm_lms_norm_f32.c **** 
 195:Drivers/CMSIS/DSP/Source/FilteringFunctions/arm_lms_norm_f32.c **** 
 196:Drivers/CMSIS/DSP/Source/FilteringFunctions/arm_lms_norm_f32.c **** #if defined (ARM_MATH_DSP)
 197:Drivers/CMSIS/DSP/Source/FilteringFunctions/arm_lms_norm_f32.c **** 
 198:Drivers/CMSIS/DSP/Source/FilteringFunctions/arm_lms_norm_f32.c ****   /* Run the below code for Cortex-M4 and Cortex-M3 */
 199:Drivers/CMSIS/DSP/Source/FilteringFunctions/arm_lms_norm_f32.c **** 
 200:Drivers/CMSIS/DSP/Source/FilteringFunctions/arm_lms_norm_f32.c ****   while (blkCnt > 0U)
 201:Drivers/CMSIS/DSP/Source/FilteringFunctions/arm_lms_norm_f32.c ****   {
 202:Drivers/CMSIS/DSP/Source/FilteringFunctions/arm_lms_norm_f32.c ****     /* Copy the new input sample into the state buffer */
 203:Drivers/CMSIS/DSP/Source/FilteringFunctions/arm_lms_norm_f32.c ****     *pStateCurnt++ = *pSrc;
 204:Drivers/CMSIS/DSP/Source/FilteringFunctions/arm_lms_norm_f32.c **** 
 205:Drivers/CMSIS/DSP/Source/FilteringFunctions/arm_lms_norm_f32.c ****     /* Initialize pState pointer */
 206:Drivers/CMSIS/DSP/Source/FilteringFunctions/arm_lms_norm_f32.c ****     px = pState;
 207:Drivers/CMSIS/DSP/Source/FilteringFunctions/arm_lms_norm_f32.c **** 
 208:Drivers/CMSIS/DSP/Source/FilteringFunctions/arm_lms_norm_f32.c ****     /* Initialize coeff pointer */
 209:Drivers/CMSIS/DSP/Source/FilteringFunctions/arm_lms_norm_f32.c ****     pb = (pCoeffs);
 210:Drivers/CMSIS/DSP/Source/FilteringFunctions/arm_lms_norm_f32.c **** 
 211:Drivers/CMSIS/DSP/Source/FilteringFunctions/arm_lms_norm_f32.c ****     /* Read the sample from input buffer */
 212:Drivers/CMSIS/DSP/Source/FilteringFunctions/arm_lms_norm_f32.c ****     in = *pSrc++;
 213:Drivers/CMSIS/DSP/Source/FilteringFunctions/arm_lms_norm_f32.c **** 
 214:Drivers/CMSIS/DSP/Source/FilteringFunctions/arm_lms_norm_f32.c ****     /* Update the energy calculation */
 215:Drivers/CMSIS/DSP/Source/FilteringFunctions/arm_lms_norm_f32.c ****     energy -= x0 * x0;
 216:Drivers/CMSIS/DSP/Source/FilteringFunctions/arm_lms_norm_f32.c ****     energy += in * in;
 217:Drivers/CMSIS/DSP/Source/FilteringFunctions/arm_lms_norm_f32.c **** 
 218:Drivers/CMSIS/DSP/Source/FilteringFunctions/arm_lms_norm_f32.c ****     /* Set the accumulator to zero */
 219:Drivers/CMSIS/DSP/Source/FilteringFunctions/arm_lms_norm_f32.c ****     sum = 0.0f;
 220:Drivers/CMSIS/DSP/Source/FilteringFunctions/arm_lms_norm_f32.c **** 
 221:Drivers/CMSIS/DSP/Source/FilteringFunctions/arm_lms_norm_f32.c ****     /* Loop unrolling.  Process 4 taps at a time. */
 222:Drivers/CMSIS/DSP/Source/FilteringFunctions/arm_lms_norm_f32.c ****     tapCnt = numTaps >> 2;
 223:Drivers/CMSIS/DSP/Source/FilteringFunctions/arm_lms_norm_f32.c **** 
 224:Drivers/CMSIS/DSP/Source/FilteringFunctions/arm_lms_norm_f32.c ****     while (tapCnt > 0U)
 225:Drivers/CMSIS/DSP/Source/FilteringFunctions/arm_lms_norm_f32.c ****     {
 226:Drivers/CMSIS/DSP/Source/FilteringFunctions/arm_lms_norm_f32.c ****       /* Perform the multiply-accumulate */
 227:Drivers/CMSIS/DSP/Source/FilteringFunctions/arm_lms_norm_f32.c ****       sum += (*px++) * (*pb++);
 228:Drivers/CMSIS/DSP/Source/FilteringFunctions/arm_lms_norm_f32.c ****       sum += (*px++) * (*pb++);
 229:Drivers/CMSIS/DSP/Source/FilteringFunctions/arm_lms_norm_f32.c ****       sum += (*px++) * (*pb++);
 230:Drivers/CMSIS/DSP/Source/FilteringFunctions/arm_lms_norm_f32.c ****       sum += (*px++) * (*pb++);
 231:Drivers/CMSIS/DSP/Source/FilteringFunctions/arm_lms_norm_f32.c **** 
 232:Drivers/CMSIS/DSP/Source/FilteringFunctions/arm_lms_norm_f32.c ****       /* Decrement the loop counter */
 233:Drivers/CMSIS/DSP/Source/FilteringFunctions/arm_lms_norm_f32.c ****       tapCnt--;
 234:Drivers/CMSIS/DSP/Source/FilteringFunctions/arm_lms_norm_f32.c ****     }
 235:Drivers/CMSIS/DSP/Source/FilteringFunctions/arm_lms_norm_f32.c **** 
 236:Drivers/CMSIS/DSP/Source/FilteringFunctions/arm_lms_norm_f32.c ****     /* If the filter length is not a multiple of 4, compute the remaining filter taps */
 237:Drivers/CMSIS/DSP/Source/FilteringFunctions/arm_lms_norm_f32.c ****     tapCnt = numTaps % 0x4U;
 238:Drivers/CMSIS/DSP/Source/FilteringFunctions/arm_lms_norm_f32.c **** 
 239:Drivers/CMSIS/DSP/Source/FilteringFunctions/arm_lms_norm_f32.c ****     while (tapCnt > 0U)
 240:Drivers/CMSIS/DSP/Source/FilteringFunctions/arm_lms_norm_f32.c ****     {
ARM GAS  C:\Users\Lamp\AppData\Local\Temp\ccyqEvsa.s 			page 7


 241:Drivers/CMSIS/DSP/Source/FilteringFunctions/arm_lms_norm_f32.c ****       /* Perform the multiply-accumulate */
 242:Drivers/CMSIS/DSP/Source/FilteringFunctions/arm_lms_norm_f32.c ****       sum += (*px++) * (*pb++);
 243:Drivers/CMSIS/DSP/Source/FilteringFunctions/arm_lms_norm_f32.c **** 
 244:Drivers/CMSIS/DSP/Source/FilteringFunctions/arm_lms_norm_f32.c ****       /* Decrement the loop counter */
 245:Drivers/CMSIS/DSP/Source/FilteringFunctions/arm_lms_norm_f32.c ****       tapCnt--;
 246:Drivers/CMSIS/DSP/Source/FilteringFunctions/arm_lms_norm_f32.c ****     }
 247:Drivers/CMSIS/DSP/Source/FilteringFunctions/arm_lms_norm_f32.c **** 
 248:Drivers/CMSIS/DSP/Source/FilteringFunctions/arm_lms_norm_f32.c ****     /* The result in the accumulator, store in the destination buffer. */
 249:Drivers/CMSIS/DSP/Source/FilteringFunctions/arm_lms_norm_f32.c ****     *pOut++ = sum;
 250:Drivers/CMSIS/DSP/Source/FilteringFunctions/arm_lms_norm_f32.c **** 
 251:Drivers/CMSIS/DSP/Source/FilteringFunctions/arm_lms_norm_f32.c ****     /* Compute and store error */
 252:Drivers/CMSIS/DSP/Source/FilteringFunctions/arm_lms_norm_f32.c ****     d = (float32_t) (*pRef++);
 253:Drivers/CMSIS/DSP/Source/FilteringFunctions/arm_lms_norm_f32.c ****     e = d - sum;
 254:Drivers/CMSIS/DSP/Source/FilteringFunctions/arm_lms_norm_f32.c ****     *pErr++ = e;
 255:Drivers/CMSIS/DSP/Source/FilteringFunctions/arm_lms_norm_f32.c **** 
 256:Drivers/CMSIS/DSP/Source/FilteringFunctions/arm_lms_norm_f32.c ****     /* Calculation of Weighting factor for updating filter coefficients */
 257:Drivers/CMSIS/DSP/Source/FilteringFunctions/arm_lms_norm_f32.c ****     /* epsilon value 0.000000119209289f */
 258:Drivers/CMSIS/DSP/Source/FilteringFunctions/arm_lms_norm_f32.c ****     w = (e * mu) / (energy + 0.000000119209289f);
 259:Drivers/CMSIS/DSP/Source/FilteringFunctions/arm_lms_norm_f32.c **** 
 260:Drivers/CMSIS/DSP/Source/FilteringFunctions/arm_lms_norm_f32.c ****     /* Initialize pState pointer */
 261:Drivers/CMSIS/DSP/Source/FilteringFunctions/arm_lms_norm_f32.c ****     px = pState;
 262:Drivers/CMSIS/DSP/Source/FilteringFunctions/arm_lms_norm_f32.c **** 
 263:Drivers/CMSIS/DSP/Source/FilteringFunctions/arm_lms_norm_f32.c ****     /* Initialize coeff pointer */
 264:Drivers/CMSIS/DSP/Source/FilteringFunctions/arm_lms_norm_f32.c ****     pb = (pCoeffs);
 265:Drivers/CMSIS/DSP/Source/FilteringFunctions/arm_lms_norm_f32.c **** 
 266:Drivers/CMSIS/DSP/Source/FilteringFunctions/arm_lms_norm_f32.c ****     /* Loop unrolling.  Process 4 taps at a time. */
 267:Drivers/CMSIS/DSP/Source/FilteringFunctions/arm_lms_norm_f32.c ****     tapCnt = numTaps >> 2;
 268:Drivers/CMSIS/DSP/Source/FilteringFunctions/arm_lms_norm_f32.c **** 
 269:Drivers/CMSIS/DSP/Source/FilteringFunctions/arm_lms_norm_f32.c ****     /* Update filter coefficients */
 270:Drivers/CMSIS/DSP/Source/FilteringFunctions/arm_lms_norm_f32.c ****     while (tapCnt > 0U)
 271:Drivers/CMSIS/DSP/Source/FilteringFunctions/arm_lms_norm_f32.c ****     {
 272:Drivers/CMSIS/DSP/Source/FilteringFunctions/arm_lms_norm_f32.c ****       /* Perform the multiply-accumulate */
 273:Drivers/CMSIS/DSP/Source/FilteringFunctions/arm_lms_norm_f32.c ****       *pb += w * (*px++);
 274:Drivers/CMSIS/DSP/Source/FilteringFunctions/arm_lms_norm_f32.c ****       pb++;
 275:Drivers/CMSIS/DSP/Source/FilteringFunctions/arm_lms_norm_f32.c **** 
 276:Drivers/CMSIS/DSP/Source/FilteringFunctions/arm_lms_norm_f32.c ****       *pb += w * (*px++);
 277:Drivers/CMSIS/DSP/Source/FilteringFunctions/arm_lms_norm_f32.c ****       pb++;
 278:Drivers/CMSIS/DSP/Source/FilteringFunctions/arm_lms_norm_f32.c **** 
 279:Drivers/CMSIS/DSP/Source/FilteringFunctions/arm_lms_norm_f32.c ****       *pb += w * (*px++);
 280:Drivers/CMSIS/DSP/Source/FilteringFunctions/arm_lms_norm_f32.c ****       pb++;
 281:Drivers/CMSIS/DSP/Source/FilteringFunctions/arm_lms_norm_f32.c **** 
 282:Drivers/CMSIS/DSP/Source/FilteringFunctions/arm_lms_norm_f32.c ****       *pb += w * (*px++);
 283:Drivers/CMSIS/DSP/Source/FilteringFunctions/arm_lms_norm_f32.c ****       pb++;
 284:Drivers/CMSIS/DSP/Source/FilteringFunctions/arm_lms_norm_f32.c **** 
 285:Drivers/CMSIS/DSP/Source/FilteringFunctions/arm_lms_norm_f32.c **** 
 286:Drivers/CMSIS/DSP/Source/FilteringFunctions/arm_lms_norm_f32.c ****       /* Decrement the loop counter */
 287:Drivers/CMSIS/DSP/Source/FilteringFunctions/arm_lms_norm_f32.c ****       tapCnt--;
 288:Drivers/CMSIS/DSP/Source/FilteringFunctions/arm_lms_norm_f32.c ****     }
 289:Drivers/CMSIS/DSP/Source/FilteringFunctions/arm_lms_norm_f32.c **** 
 290:Drivers/CMSIS/DSP/Source/FilteringFunctions/arm_lms_norm_f32.c ****     /* If the filter length is not a multiple of 4, compute the remaining filter taps */
 291:Drivers/CMSIS/DSP/Source/FilteringFunctions/arm_lms_norm_f32.c ****     tapCnt = numTaps % 0x4U;
 292:Drivers/CMSIS/DSP/Source/FilteringFunctions/arm_lms_norm_f32.c **** 
 293:Drivers/CMSIS/DSP/Source/FilteringFunctions/arm_lms_norm_f32.c ****     while (tapCnt > 0U)
 294:Drivers/CMSIS/DSP/Source/FilteringFunctions/arm_lms_norm_f32.c ****     {
 295:Drivers/CMSIS/DSP/Source/FilteringFunctions/arm_lms_norm_f32.c ****       /* Perform the multiply-accumulate */
 296:Drivers/CMSIS/DSP/Source/FilteringFunctions/arm_lms_norm_f32.c ****       *pb += w * (*px++);
 297:Drivers/CMSIS/DSP/Source/FilteringFunctions/arm_lms_norm_f32.c ****       pb++;
ARM GAS  C:\Users\Lamp\AppData\Local\Temp\ccyqEvsa.s 			page 8


 298:Drivers/CMSIS/DSP/Source/FilteringFunctions/arm_lms_norm_f32.c **** 
 299:Drivers/CMSIS/DSP/Source/FilteringFunctions/arm_lms_norm_f32.c ****       /* Decrement the loop counter */
 300:Drivers/CMSIS/DSP/Source/FilteringFunctions/arm_lms_norm_f32.c ****       tapCnt--;
 301:Drivers/CMSIS/DSP/Source/FilteringFunctions/arm_lms_norm_f32.c ****     }
 302:Drivers/CMSIS/DSP/Source/FilteringFunctions/arm_lms_norm_f32.c **** 
 303:Drivers/CMSIS/DSP/Source/FilteringFunctions/arm_lms_norm_f32.c ****     x0 = *pState;
 304:Drivers/CMSIS/DSP/Source/FilteringFunctions/arm_lms_norm_f32.c **** 
 305:Drivers/CMSIS/DSP/Source/FilteringFunctions/arm_lms_norm_f32.c ****     /* Advance state pointer by 1 for the next sample */
 306:Drivers/CMSIS/DSP/Source/FilteringFunctions/arm_lms_norm_f32.c ****     pState = pState + 1;
 307:Drivers/CMSIS/DSP/Source/FilteringFunctions/arm_lms_norm_f32.c **** 
 308:Drivers/CMSIS/DSP/Source/FilteringFunctions/arm_lms_norm_f32.c ****     /* Decrement the loop counter */
 309:Drivers/CMSIS/DSP/Source/FilteringFunctions/arm_lms_norm_f32.c ****     blkCnt--;
 310:Drivers/CMSIS/DSP/Source/FilteringFunctions/arm_lms_norm_f32.c ****   }
 311:Drivers/CMSIS/DSP/Source/FilteringFunctions/arm_lms_norm_f32.c **** 
 312:Drivers/CMSIS/DSP/Source/FilteringFunctions/arm_lms_norm_f32.c ****   S->energy = energy;
 313:Drivers/CMSIS/DSP/Source/FilteringFunctions/arm_lms_norm_f32.c ****   S->x0 = x0;
 314:Drivers/CMSIS/DSP/Source/FilteringFunctions/arm_lms_norm_f32.c **** 
 315:Drivers/CMSIS/DSP/Source/FilteringFunctions/arm_lms_norm_f32.c ****   /* Processing is complete. Now copy the last numTaps - 1 samples to the
 316:Drivers/CMSIS/DSP/Source/FilteringFunctions/arm_lms_norm_f32.c ****      satrt of the state buffer. This prepares the state buffer for the
 317:Drivers/CMSIS/DSP/Source/FilteringFunctions/arm_lms_norm_f32.c ****      next function call. */
 318:Drivers/CMSIS/DSP/Source/FilteringFunctions/arm_lms_norm_f32.c **** 
 319:Drivers/CMSIS/DSP/Source/FilteringFunctions/arm_lms_norm_f32.c ****   /* Points to the start of the pState buffer */
 320:Drivers/CMSIS/DSP/Source/FilteringFunctions/arm_lms_norm_f32.c ****   pStateCurnt = S->pState;
 321:Drivers/CMSIS/DSP/Source/FilteringFunctions/arm_lms_norm_f32.c **** 
 322:Drivers/CMSIS/DSP/Source/FilteringFunctions/arm_lms_norm_f32.c ****   /* Loop unrolling for (numTaps - 1U)/4 samples copy */
 323:Drivers/CMSIS/DSP/Source/FilteringFunctions/arm_lms_norm_f32.c ****   tapCnt = (numTaps - 1U) >> 2U;
 324:Drivers/CMSIS/DSP/Source/FilteringFunctions/arm_lms_norm_f32.c **** 
 325:Drivers/CMSIS/DSP/Source/FilteringFunctions/arm_lms_norm_f32.c ****   /* copy data */
 326:Drivers/CMSIS/DSP/Source/FilteringFunctions/arm_lms_norm_f32.c ****   while (tapCnt > 0U)
 327:Drivers/CMSIS/DSP/Source/FilteringFunctions/arm_lms_norm_f32.c ****   {
 328:Drivers/CMSIS/DSP/Source/FilteringFunctions/arm_lms_norm_f32.c ****     *pStateCurnt++ = *pState++;
 329:Drivers/CMSIS/DSP/Source/FilteringFunctions/arm_lms_norm_f32.c ****     *pStateCurnt++ = *pState++;
 330:Drivers/CMSIS/DSP/Source/FilteringFunctions/arm_lms_norm_f32.c ****     *pStateCurnt++ = *pState++;
 331:Drivers/CMSIS/DSP/Source/FilteringFunctions/arm_lms_norm_f32.c ****     *pStateCurnt++ = *pState++;
 332:Drivers/CMSIS/DSP/Source/FilteringFunctions/arm_lms_norm_f32.c **** 
 333:Drivers/CMSIS/DSP/Source/FilteringFunctions/arm_lms_norm_f32.c ****     /* Decrement the loop counter */
 334:Drivers/CMSIS/DSP/Source/FilteringFunctions/arm_lms_norm_f32.c ****     tapCnt--;
 335:Drivers/CMSIS/DSP/Source/FilteringFunctions/arm_lms_norm_f32.c ****   }
 336:Drivers/CMSIS/DSP/Source/FilteringFunctions/arm_lms_norm_f32.c **** 
 337:Drivers/CMSIS/DSP/Source/FilteringFunctions/arm_lms_norm_f32.c ****   /* Calculate remaining number of copies */
 338:Drivers/CMSIS/DSP/Source/FilteringFunctions/arm_lms_norm_f32.c ****   tapCnt = (numTaps - 1U) % 0x4U;
 339:Drivers/CMSIS/DSP/Source/FilteringFunctions/arm_lms_norm_f32.c **** 
 340:Drivers/CMSIS/DSP/Source/FilteringFunctions/arm_lms_norm_f32.c ****   /* Copy the remaining q31_t data */
 341:Drivers/CMSIS/DSP/Source/FilteringFunctions/arm_lms_norm_f32.c ****   while (tapCnt > 0U)
 342:Drivers/CMSIS/DSP/Source/FilteringFunctions/arm_lms_norm_f32.c ****   {
 343:Drivers/CMSIS/DSP/Source/FilteringFunctions/arm_lms_norm_f32.c ****     *pStateCurnt++ = *pState++;
 344:Drivers/CMSIS/DSP/Source/FilteringFunctions/arm_lms_norm_f32.c **** 
 345:Drivers/CMSIS/DSP/Source/FilteringFunctions/arm_lms_norm_f32.c ****     /* Decrement the loop counter */
 346:Drivers/CMSIS/DSP/Source/FilteringFunctions/arm_lms_norm_f32.c ****     tapCnt--;
 347:Drivers/CMSIS/DSP/Source/FilteringFunctions/arm_lms_norm_f32.c ****   }
 348:Drivers/CMSIS/DSP/Source/FilteringFunctions/arm_lms_norm_f32.c **** 
 349:Drivers/CMSIS/DSP/Source/FilteringFunctions/arm_lms_norm_f32.c **** #else
 350:Drivers/CMSIS/DSP/Source/FilteringFunctions/arm_lms_norm_f32.c **** 
 351:Drivers/CMSIS/DSP/Source/FilteringFunctions/arm_lms_norm_f32.c ****   /* Run the below code for Cortex-M0 */
 352:Drivers/CMSIS/DSP/Source/FilteringFunctions/arm_lms_norm_f32.c **** 
 353:Drivers/CMSIS/DSP/Source/FilteringFunctions/arm_lms_norm_f32.c ****   while (blkCnt > 0U)
 104              		.loc 1 353 3 view .LVU29
ARM GAS  C:\Users\Lamp\AppData\Local\Temp\ccyqEvsa.s 			page 9


 105 0030 9B46     		mov	fp, r3
 106 0032 4346     		mov	r3, r8
 107              	.LVL10:
 108              		.loc 1 353 3 is_stmt 0 view .LVU30
 109 0034 CDF800C0 		str	ip, [sp]	@ float
 110 0038 0192     		str	r2, [sp, #4]
 111 003a 0795     		str	r5, [sp, #28]
 112 003c 0497     		str	r7, [sp, #16]
 113 003e DDF84880 		ldr	r8, [sp, #72]
 114              	.LVL11:
 115              		.loc 1 353 9 view .LVU31
 116 0042 3EE0     		b	.L2
 117              	.LVL12:
 118              	.L4:
 354:Drivers/CMSIS/DSP/Source/FilteringFunctions/arm_lms_norm_f32.c ****   {
 355:Drivers/CMSIS/DSP/Source/FilteringFunctions/arm_lms_norm_f32.c ****     /* Copy the new input sample into the state buffer */
 356:Drivers/CMSIS/DSP/Source/FilteringFunctions/arm_lms_norm_f32.c ****     *pStateCurnt++ = *pSrc;
 357:Drivers/CMSIS/DSP/Source/FilteringFunctions/arm_lms_norm_f32.c **** 
 358:Drivers/CMSIS/DSP/Source/FilteringFunctions/arm_lms_norm_f32.c ****     /* Initialize pState pointer */
 359:Drivers/CMSIS/DSP/Source/FilteringFunctions/arm_lms_norm_f32.c ****     px = pState;
 360:Drivers/CMSIS/DSP/Source/FilteringFunctions/arm_lms_norm_f32.c **** 
 361:Drivers/CMSIS/DSP/Source/FilteringFunctions/arm_lms_norm_f32.c ****     /* Initialize pCoeffs pointer */
 362:Drivers/CMSIS/DSP/Source/FilteringFunctions/arm_lms_norm_f32.c ****     pb = pCoeffs;
 363:Drivers/CMSIS/DSP/Source/FilteringFunctions/arm_lms_norm_f32.c **** 
 364:Drivers/CMSIS/DSP/Source/FilteringFunctions/arm_lms_norm_f32.c ****     /* Read the sample from input buffer */
 365:Drivers/CMSIS/DSP/Source/FilteringFunctions/arm_lms_norm_f32.c ****     in = *pSrc++;
 366:Drivers/CMSIS/DSP/Source/FilteringFunctions/arm_lms_norm_f32.c **** 
 367:Drivers/CMSIS/DSP/Source/FilteringFunctions/arm_lms_norm_f32.c ****     /* Update the energy calculation */
 368:Drivers/CMSIS/DSP/Source/FilteringFunctions/arm_lms_norm_f32.c ****     energy -= x0 * x0;
 369:Drivers/CMSIS/DSP/Source/FilteringFunctions/arm_lms_norm_f32.c ****     energy += in * in;
 370:Drivers/CMSIS/DSP/Source/FilteringFunctions/arm_lms_norm_f32.c **** 
 371:Drivers/CMSIS/DSP/Source/FilteringFunctions/arm_lms_norm_f32.c ****     /* Set the accumulator to zero */
 372:Drivers/CMSIS/DSP/Source/FilteringFunctions/arm_lms_norm_f32.c ****     sum = 0.0f;
 373:Drivers/CMSIS/DSP/Source/FilteringFunctions/arm_lms_norm_f32.c **** 
 374:Drivers/CMSIS/DSP/Source/FilteringFunctions/arm_lms_norm_f32.c ****     /* Loop over numTaps number of values */
 375:Drivers/CMSIS/DSP/Source/FilteringFunctions/arm_lms_norm_f32.c ****     tapCnt = numTaps;
 376:Drivers/CMSIS/DSP/Source/FilteringFunctions/arm_lms_norm_f32.c **** 
 377:Drivers/CMSIS/DSP/Source/FilteringFunctions/arm_lms_norm_f32.c ****     while (tapCnt > 0U)
 378:Drivers/CMSIS/DSP/Source/FilteringFunctions/arm_lms_norm_f32.c ****     {
 379:Drivers/CMSIS/DSP/Source/FilteringFunctions/arm_lms_norm_f32.c ****       /* Perform the multiply-accumulate */
 380:Drivers/CMSIS/DSP/Source/FilteringFunctions/arm_lms_norm_f32.c ****       sum += (*px++) * (*pb++);
 119              		.loc 1 380 7 is_stmt 1 view .LVU32
 120              		.loc 1 380 22 is_stmt 0 view .LVU33
 121 0044 55F8041B 		ldr	r1, [r5], #4	@ float
 122              	.LVL13:
 123              		.loc 1 380 22 view .LVU34
 124 0048 54F8040B 		ldr	r0, [r4], #4	@ float
 125              	.LVL14:
 126              		.loc 1 380 22 view .LVU35
 127 004c FFF7FEFF 		bl	__aeabi_fmul
 128              	.LVL15:
 129 0050 0146     		mov	r1, r0
 130              		.loc 1 380 11 view .LVU36
 131 0052 3846     		mov	r0, r7
 132 0054 FFF7FEFF 		bl	__aeabi_fadd
 133              	.LVL16:
 134 0058 0746     		mov	r7, r0
ARM GAS  C:\Users\Lamp\AppData\Local\Temp\ccyqEvsa.s 			page 10


 135              	.LVL17:
 381:Drivers/CMSIS/DSP/Source/FilteringFunctions/arm_lms_norm_f32.c **** 
 382:Drivers/CMSIS/DSP/Source/FilteringFunctions/arm_lms_norm_f32.c ****       /* Decrement the loop counter */
 383:Drivers/CMSIS/DSP/Source/FilteringFunctions/arm_lms_norm_f32.c ****       tapCnt--;
 136              		.loc 1 383 7 is_stmt 1 view .LVU37
 137              		.loc 1 383 13 is_stmt 0 view .LVU38
 138 005a 013E     		subs	r6, r6, #1
 139              	.LVL18:
 140              	.L3:
 377:Drivers/CMSIS/DSP/Source/FilteringFunctions/arm_lms_norm_f32.c ****     {
 141              		.loc 1 377 19 is_stmt 1 view .LVU39
 142 005c 002E     		cmp	r6, #0
 143 005e F1D1     		bne	.L4
 384:Drivers/CMSIS/DSP/Source/FilteringFunctions/arm_lms_norm_f32.c ****     }
 385:Drivers/CMSIS/DSP/Source/FilteringFunctions/arm_lms_norm_f32.c **** 
 386:Drivers/CMSIS/DSP/Source/FilteringFunctions/arm_lms_norm_f32.c ****     /* The result in the accumulator is stored in the destination buffer. */
 387:Drivers/CMSIS/DSP/Source/FilteringFunctions/arm_lms_norm_f32.c ****     *pOut++ = sum;
 144              		.loc 1 387 5 view .LVU40
 145              		.loc 1 387 10 is_stmt 0 view .LVU41
 146 0060 049B     		ldr	r3, [sp, #16]
 147              	.LVL19:
 148              		.loc 1 387 13 view .LVU42
 149 0062 43F8047B 		str	r7, [r3], #4	@ float
 150              	.LVL20:
 151              		.loc 1 387 13 view .LVU43
 152 0066 0493     		str	r3, [sp, #16]
 388:Drivers/CMSIS/DSP/Source/FilteringFunctions/arm_lms_norm_f32.c **** 
 389:Drivers/CMSIS/DSP/Source/FilteringFunctions/arm_lms_norm_f32.c ****     /* Compute and store error */
 390:Drivers/CMSIS/DSP/Source/FilteringFunctions/arm_lms_norm_f32.c ****     d = (float32_t) (*pRef++);
 153              		.loc 1 390 5 is_stmt 1 view .LVU44
 154              	.LVL21:
 391:Drivers/CMSIS/DSP/Source/FilteringFunctions/arm_lms_norm_f32.c ****     e = d - sum;
 155              		.loc 1 391 5 view .LVU45
 156              		.loc 1 391 7 is_stmt 0 view .LVU46
 157 0068 3946     		mov	r1, r7
 158 006a 59F8040B 		ldr	r0, [r9], #4	@ float
 159              	.LVL22:
 160              		.loc 1 391 7 view .LVU47
 161 006e FFF7FEFF 		bl	__aeabi_fsub
 162              	.LVL23:
 163              		.loc 1 391 7 view .LVU48
 164 0072 0146     		mov	r1, r0
 165              	.LVL24:
 392:Drivers/CMSIS/DSP/Source/FilteringFunctions/arm_lms_norm_f32.c ****     *pErr++ = e;
 166              		.loc 1 392 5 is_stmt 1 view .LVU49
 167              		.loc 1 392 13 is_stmt 0 view .LVU50
 168 0074 48F8040B 		str	r0, [r8], #4	@ float
 169              	.LVL25:
 393:Drivers/CMSIS/DSP/Source/FilteringFunctions/arm_lms_norm_f32.c **** 
 394:Drivers/CMSIS/DSP/Source/FilteringFunctions/arm_lms_norm_f32.c ****     /* Calculation of Weighting factor for updating filter coefficients */
 395:Drivers/CMSIS/DSP/Source/FilteringFunctions/arm_lms_norm_f32.c ****     /* epsilon value 0.000000119209289f */
 396:Drivers/CMSIS/DSP/Source/FilteringFunctions/arm_lms_norm_f32.c ****     w = (e * mu) / (energy + 0.000000119209289f);
 170              		.loc 1 396 5 is_stmt 1 view .LVU51
 171              		.loc 1 396 12 is_stmt 0 view .LVU52
 172 0078 0698     		ldr	r0, [sp, #24]	@ float
 173              	.LVL26:
 174              		.loc 1 396 12 view .LVU53
ARM GAS  C:\Users\Lamp\AppData\Local\Temp\ccyqEvsa.s 			page 11


 175 007a FFF7FEFF 		bl	__aeabi_fmul
 176              	.LVL27:
 177              		.loc 1 396 12 view .LVU54
 178 007e 0446     		mov	r4, r0
 179              	.LVL28:
 180              		.loc 1 396 28 view .LVU55
 181 0080 4FF05051 		mov	r1, #872415232
 182 0084 0098     		ldr	r0, [sp]	@ float
 183 0086 FFF7FEFF 		bl	__aeabi_fadd
 184              	.LVL29:
 185 008a 0146     		mov	r1, r0
 186              		.loc 1 396 7 view .LVU56
 187 008c 2046     		mov	r0, r4
 188 008e FFF7FEFF 		bl	__aeabi_fdiv
 189              	.LVL30:
 190 0092 0746     		mov	r7, r0
 191              	.LVL31:
 397:Drivers/CMSIS/DSP/Source/FilteringFunctions/arm_lms_norm_f32.c **** 
 398:Drivers/CMSIS/DSP/Source/FilteringFunctions/arm_lms_norm_f32.c ****     /* Initialize pState pointer */
 399:Drivers/CMSIS/DSP/Source/FilteringFunctions/arm_lms_norm_f32.c ****     px = pState;
 192              		.loc 1 399 5 is_stmt 1 view .LVU57
 400:Drivers/CMSIS/DSP/Source/FilteringFunctions/arm_lms_norm_f32.c **** 
 401:Drivers/CMSIS/DSP/Source/FilteringFunctions/arm_lms_norm_f32.c ****     /* Initialize pCcoeffs pointer */
 402:Drivers/CMSIS/DSP/Source/FilteringFunctions/arm_lms_norm_f32.c ****     pb = pCoeffs;
 193              		.loc 1 402 5 view .LVU58
 403:Drivers/CMSIS/DSP/Source/FilteringFunctions/arm_lms_norm_f32.c **** 
 404:Drivers/CMSIS/DSP/Source/FilteringFunctions/arm_lms_norm_f32.c ****     /* Loop over numTaps number of values */
 405:Drivers/CMSIS/DSP/Source/FilteringFunctions/arm_lms_norm_f32.c ****     tapCnt = numTaps;
 194              		.loc 1 405 5 view .LVU59
 406:Drivers/CMSIS/DSP/Source/FilteringFunctions/arm_lms_norm_f32.c **** 
 407:Drivers/CMSIS/DSP/Source/FilteringFunctions/arm_lms_norm_f32.c ****     while (tapCnt > 0U)
 195              		.loc 1 407 5 view .LVU60
 405:Drivers/CMSIS/DSP/Source/FilteringFunctions/arm_lms_norm_f32.c **** 
 196              		.loc 1 405 12 is_stmt 0 view .LVU61
 197 0094 019D     		ldr	r5, [sp, #4]
 402:Drivers/CMSIS/DSP/Source/FilteringFunctions/arm_lms_norm_f32.c **** 
 198              		.loc 1 402 8 view .LVU62
 199 0096 029E     		ldr	r6, [sp, #8]
 399:Drivers/CMSIS/DSP/Source/FilteringFunctions/arm_lms_norm_f32.c **** 
 200              		.loc 1 399 8 view .LVU63
 201 0098 5C46     		mov	r4, fp
 202              		.loc 1 407 11 view .LVU64
 203 009a 0BE0     		b	.L5
 204              	.LVL32:
 205              	.L6:
 408:Drivers/CMSIS/DSP/Source/FilteringFunctions/arm_lms_norm_f32.c ****     {
 409:Drivers/CMSIS/DSP/Source/FilteringFunctions/arm_lms_norm_f32.c ****       /* Perform the multiply-accumulate */
 410:Drivers/CMSIS/DSP/Source/FilteringFunctions/arm_lms_norm_f32.c ****       *pb += w * (*px++);
 206              		.loc 1 410 7 is_stmt 1 view .LVU65
 207              		.loc 1 410 16 is_stmt 0 view .LVU66
 208 009c 3946     		mov	r1, r7
 209 009e 54F8040B 		ldr	r0, [r4], #4	@ float
 210              	.LVL33:
 211              		.loc 1 410 16 view .LVU67
 212 00a2 FFF7FEFF 		bl	__aeabi_fmul
 213              	.LVL34:
 214 00a6 0146     		mov	r1, r0
ARM GAS  C:\Users\Lamp\AppData\Local\Temp\ccyqEvsa.s 			page 12


 215              		.loc 1 410 11 view .LVU68
 216 00a8 3068     		ldr	r0, [r6]	@ float
 217 00aa FFF7FEFF 		bl	__aeabi_fadd
 218              	.LVL35:
 219 00ae 46F8040B 		str	r0, [r6], #4	@ float
 220              	.LVL36:
 411:Drivers/CMSIS/DSP/Source/FilteringFunctions/arm_lms_norm_f32.c ****       pb++;
 221              		.loc 1 411 7 is_stmt 1 view .LVU69
 412:Drivers/CMSIS/DSP/Source/FilteringFunctions/arm_lms_norm_f32.c **** 
 413:Drivers/CMSIS/DSP/Source/FilteringFunctions/arm_lms_norm_f32.c ****       /* Decrement the loop counter */
 414:Drivers/CMSIS/DSP/Source/FilteringFunctions/arm_lms_norm_f32.c ****       tapCnt--;
 222              		.loc 1 414 7 view .LVU70
 223              		.loc 1 414 13 is_stmt 0 view .LVU71
 224 00b2 013D     		subs	r5, r5, #1
 225              	.LVL37:
 226              	.L5:
 407:Drivers/CMSIS/DSP/Source/FilteringFunctions/arm_lms_norm_f32.c ****     {
 227              		.loc 1 407 19 is_stmt 1 view .LVU72
 228 00b4 002D     		cmp	r5, #0
 229 00b6 F1D1     		bne	.L6
 415:Drivers/CMSIS/DSP/Source/FilteringFunctions/arm_lms_norm_f32.c ****     }
 416:Drivers/CMSIS/DSP/Source/FilteringFunctions/arm_lms_norm_f32.c **** 
 417:Drivers/CMSIS/DSP/Source/FilteringFunctions/arm_lms_norm_f32.c ****     x0 = *pState;
 230              		.loc 1 417 5 view .LVU73
 231              		.loc 1 417 8 is_stmt 0 view .LVU74
 232 00b8 5BF8040B 		ldr	r0, [fp], #4	@ float
 233              	.LVL38:
 418:Drivers/CMSIS/DSP/Source/FilteringFunctions/arm_lms_norm_f32.c **** 
 419:Drivers/CMSIS/DSP/Source/FilteringFunctions/arm_lms_norm_f32.c ****     /* Advance state pointer by 1 for the next sample */
 420:Drivers/CMSIS/DSP/Source/FilteringFunctions/arm_lms_norm_f32.c ****     pState = pState + 1;
 234              		.loc 1 420 5 is_stmt 1 view .LVU75
 421:Drivers/CMSIS/DSP/Source/FilteringFunctions/arm_lms_norm_f32.c **** 
 422:Drivers/CMSIS/DSP/Source/FilteringFunctions/arm_lms_norm_f32.c ****     /* Decrement the loop counter */
 423:Drivers/CMSIS/DSP/Source/FilteringFunctions/arm_lms_norm_f32.c ****     blkCnt--;
 235              		.loc 1 423 5 view .LVU76
 236              		.loc 1 423 11 is_stmt 0 view .LVU77
 237 00bc 0AF1FF3A 		add	r10, r10, #-1
 238              	.LVL39:
 356:Drivers/CMSIS/DSP/Source/FilteringFunctions/arm_lms_norm_f32.c **** 
 239              		.loc 1 356 17 view .LVU78
 240 00c0 059B     		ldr	r3, [sp, #20]
 241              	.LVL40:
 242              	.L2:
 353:Drivers/CMSIS/DSP/Source/FilteringFunctions/arm_lms_norm_f32.c ****   {
 243              		.loc 1 353 17 is_stmt 1 view .LVU79
 244 00c2 BAF1000F 		cmp	r10, #0
 245 00c6 1BD0     		beq	.L11
 356:Drivers/CMSIS/DSP/Source/FilteringFunctions/arm_lms_norm_f32.c **** 
 246              		.loc 1 356 5 view .LVU80
 247              	.LVL41:
 356:Drivers/CMSIS/DSP/Source/FilteringFunctions/arm_lms_norm_f32.c **** 
 248              		.loc 1 356 22 is_stmt 0 view .LVU81
 249 00c8 039A     		ldr	r2, [sp, #12]
 250 00ca 52F8044B 		ldr	r4, [r2], #4	@ float
 251 00ce 0392     		str	r2, [sp, #12]
 252              	.LVL42:
 356:Drivers/CMSIS/DSP/Source/FilteringFunctions/arm_lms_norm_f32.c **** 
ARM GAS  C:\Users\Lamp\AppData\Local\Temp\ccyqEvsa.s 			page 13


 253              		.loc 1 356 20 view .LVU82
 254 00d0 43F8044B 		str	r4, [r3], #4	@ float
 255              	.LVL43:
 356:Drivers/CMSIS/DSP/Source/FilteringFunctions/arm_lms_norm_f32.c **** 
 256              		.loc 1 356 20 view .LVU83
 257 00d4 0593     		str	r3, [sp, #20]
 359:Drivers/CMSIS/DSP/Source/FilteringFunctions/arm_lms_norm_f32.c **** 
 258              		.loc 1 359 5 is_stmt 1 view .LVU84
 259              	.LVL44:
 362:Drivers/CMSIS/DSP/Source/FilteringFunctions/arm_lms_norm_f32.c **** 
 260              		.loc 1 362 5 view .LVU85
 365:Drivers/CMSIS/DSP/Source/FilteringFunctions/arm_lms_norm_f32.c **** 
 261              		.loc 1 365 5 view .LVU86
 368:Drivers/CMSIS/DSP/Source/FilteringFunctions/arm_lms_norm_f32.c ****     energy += in * in;
 262              		.loc 1 368 5 view .LVU87
 368:Drivers/CMSIS/DSP/Source/FilteringFunctions/arm_lms_norm_f32.c ****     energy += in * in;
 263              		.loc 1 368 18 is_stmt 0 view .LVU88
 264 00d6 0146     		mov	r1, r0
 265 00d8 FFF7FEFF 		bl	__aeabi_fmul
 266              	.LVL45:
 368:Drivers/CMSIS/DSP/Source/FilteringFunctions/arm_lms_norm_f32.c ****     energy += in * in;
 267              		.loc 1 368 18 view .LVU89
 268 00dc 0146     		mov	r1, r0
 368:Drivers/CMSIS/DSP/Source/FilteringFunctions/arm_lms_norm_f32.c ****     energy += in * in;
 269              		.loc 1 368 12 view .LVU90
 270 00de 0098     		ldr	r0, [sp]	@ float
 271 00e0 FFF7FEFF 		bl	__aeabi_fsub
 272              	.LVL46:
 273 00e4 0546     		mov	r5, r0
 274              	.LVL47:
 369:Drivers/CMSIS/DSP/Source/FilteringFunctions/arm_lms_norm_f32.c **** 
 275              		.loc 1 369 5 is_stmt 1 view .LVU91
 369:Drivers/CMSIS/DSP/Source/FilteringFunctions/arm_lms_norm_f32.c **** 
 276              		.loc 1 369 18 is_stmt 0 view .LVU92
 277 00e6 2146     		mov	r1, r4
 278 00e8 2046     		mov	r0, r4
 279              	.LVL48:
 369:Drivers/CMSIS/DSP/Source/FilteringFunctions/arm_lms_norm_f32.c **** 
 280              		.loc 1 369 18 view .LVU93
 281 00ea FFF7FEFF 		bl	__aeabi_fmul
 282              	.LVL49:
 369:Drivers/CMSIS/DSP/Source/FilteringFunctions/arm_lms_norm_f32.c **** 
 283              		.loc 1 369 12 view .LVU94
 284 00ee 2946     		mov	r1, r5
 285 00f0 FFF7FEFF 		bl	__aeabi_fadd
 286              	.LVL50:
 287 00f4 0090     		str	r0, [sp]	@ float
 288              	.LVL51:
 372:Drivers/CMSIS/DSP/Source/FilteringFunctions/arm_lms_norm_f32.c **** 
 289              		.loc 1 372 5 is_stmt 1 view .LVU95
 375:Drivers/CMSIS/DSP/Source/FilteringFunctions/arm_lms_norm_f32.c **** 
 290              		.loc 1 375 5 view .LVU96
 377:Drivers/CMSIS/DSP/Source/FilteringFunctions/arm_lms_norm_f32.c ****     {
 291              		.loc 1 377 5 view .LVU97
 375:Drivers/CMSIS/DSP/Source/FilteringFunctions/arm_lms_norm_f32.c **** 
 292              		.loc 1 375 12 is_stmt 0 view .LVU98
 293 00f6 019E     		ldr	r6, [sp, #4]
ARM GAS  C:\Users\Lamp\AppData\Local\Temp\ccyqEvsa.s 			page 14


 362:Drivers/CMSIS/DSP/Source/FilteringFunctions/arm_lms_norm_f32.c **** 
 294              		.loc 1 362 8 view .LVU99
 295 00f8 029D     		ldr	r5, [sp, #8]
 359:Drivers/CMSIS/DSP/Source/FilteringFunctions/arm_lms_norm_f32.c **** 
 296              		.loc 1 359 8 view .LVU100
 297 00fa 5C46     		mov	r4, fp
 298              	.LVL52:
 372:Drivers/CMSIS/DSP/Source/FilteringFunctions/arm_lms_norm_f32.c **** 
 299              		.loc 1 372 9 view .LVU101
 300 00fc 0027     		movs	r7, #0
 377:Drivers/CMSIS/DSP/Source/FilteringFunctions/arm_lms_norm_f32.c ****     {
 301              		.loc 1 377 11 view .LVU102
 302 00fe ADE7     		b	.L3
 303              	.LVL53:
 304              	.L11:
 424:Drivers/CMSIS/DSP/Source/FilteringFunctions/arm_lms_norm_f32.c ****   }
 425:Drivers/CMSIS/DSP/Source/FilteringFunctions/arm_lms_norm_f32.c **** 
 426:Drivers/CMSIS/DSP/Source/FilteringFunctions/arm_lms_norm_f32.c ****   S->energy = energy;
 305              		.loc 1 426 13 view .LVU103
 306 0100 5B46     		mov	r3, fp
 307              	.LVL54:
 308              		.loc 1 426 13 view .LVU104
 309 0102 DDF800C0 		ldr	ip, [sp]	@ float
 310 0106 019A     		ldr	r2, [sp, #4]
 311 0108 079D     		ldr	r5, [sp, #28]
 312              		.loc 1 426 3 is_stmt 1 view .LVU105
 313              		.loc 1 426 13 is_stmt 0 view .LVU106
 314 010a C5F810C0 		str	ip, [r5, #16]	@ float
 427:Drivers/CMSIS/DSP/Source/FilteringFunctions/arm_lms_norm_f32.c ****   S->x0 = x0;
 315              		.loc 1 427 3 is_stmt 1 view .LVU107
 316              		.loc 1 427 9 is_stmt 0 view .LVU108
 317 010e 6861     		str	r0, [r5, #20]	@ float
 428:Drivers/CMSIS/DSP/Source/FilteringFunctions/arm_lms_norm_f32.c **** 
 429:Drivers/CMSIS/DSP/Source/FilteringFunctions/arm_lms_norm_f32.c ****   /* Processing is complete. Now copy the last numTaps - 1 samples to the
 430:Drivers/CMSIS/DSP/Source/FilteringFunctions/arm_lms_norm_f32.c ****      satrt of the state buffer. This prepares the state buffer for the
 431:Drivers/CMSIS/DSP/Source/FilteringFunctions/arm_lms_norm_f32.c ****      next function call. */
 432:Drivers/CMSIS/DSP/Source/FilteringFunctions/arm_lms_norm_f32.c **** 
 433:Drivers/CMSIS/DSP/Source/FilteringFunctions/arm_lms_norm_f32.c ****   /* Points to the start of the pState buffer */
 434:Drivers/CMSIS/DSP/Source/FilteringFunctions/arm_lms_norm_f32.c ****   pStateCurnt = S->pState;
 318              		.loc 1 434 3 is_stmt 1 view .LVU109
 319              		.loc 1 434 15 is_stmt 0 view .LVU110
 320 0110 6968     		ldr	r1, [r5, #4]
 321              	.LVL55:
 435:Drivers/CMSIS/DSP/Source/FilteringFunctions/arm_lms_norm_f32.c **** 
 436:Drivers/CMSIS/DSP/Source/FilteringFunctions/arm_lms_norm_f32.c ****   /* Copy (numTaps - 1U) samples  */
 437:Drivers/CMSIS/DSP/Source/FilteringFunctions/arm_lms_norm_f32.c ****   tapCnt = (numTaps - 1U);
 322              		.loc 1 437 3 is_stmt 1 view .LVU111
 323              		.loc 1 437 10 is_stmt 0 view .LVU112
 324 0112 013A     		subs	r2, r2, #1
 325              	.LVL56:
 438:Drivers/CMSIS/DSP/Source/FilteringFunctions/arm_lms_norm_f32.c **** 
 439:Drivers/CMSIS/DSP/Source/FilteringFunctions/arm_lms_norm_f32.c ****   /* Copy the remaining q31_t data */
 440:Drivers/CMSIS/DSP/Source/FilteringFunctions/arm_lms_norm_f32.c ****   while (tapCnt > 0U)
 326              		.loc 1 440 3 is_stmt 1 view .LVU113
 327              		.loc 1 440 9 is_stmt 0 view .LVU114
 328 0114 04E0     		b	.L8
 329              	.LVL57:
ARM GAS  C:\Users\Lamp\AppData\Local\Temp\ccyqEvsa.s 			page 15


 330              	.L9:
 441:Drivers/CMSIS/DSP/Source/FilteringFunctions/arm_lms_norm_f32.c ****   {
 442:Drivers/CMSIS/DSP/Source/FilteringFunctions/arm_lms_norm_f32.c ****     *pStateCurnt++ = *pState++;
 331              		.loc 1 442 5 is_stmt 1 view .LVU115
 332              		.loc 1 442 22 is_stmt 0 view .LVU116
 333 0116 53F8040B 		ldr	r0, [r3], #4	@ float
 334              	.LVL58:
 335              		.loc 1 442 20 view .LVU117
 336 011a 41F8040B 		str	r0, [r1], #4	@ float
 337              	.LVL59:
 443:Drivers/CMSIS/DSP/Source/FilteringFunctions/arm_lms_norm_f32.c **** 
 444:Drivers/CMSIS/DSP/Source/FilteringFunctions/arm_lms_norm_f32.c ****     /* Decrement the loop counter */
 445:Drivers/CMSIS/DSP/Source/FilteringFunctions/arm_lms_norm_f32.c ****     tapCnt--;
 338              		.loc 1 445 5 is_stmt 1 view .LVU118
 339              		.loc 1 445 11 is_stmt 0 view .LVU119
 340 011e 013A     		subs	r2, r2, #1
 341              	.LVL60:
 342              	.L8:
 440:Drivers/CMSIS/DSP/Source/FilteringFunctions/arm_lms_norm_f32.c ****   {
 343              		.loc 1 440 17 is_stmt 1 view .LVU120
 344 0120 002A     		cmp	r2, #0
 345 0122 F8D1     		bne	.L9
 446:Drivers/CMSIS/DSP/Source/FilteringFunctions/arm_lms_norm_f32.c ****   }
 447:Drivers/CMSIS/DSP/Source/FilteringFunctions/arm_lms_norm_f32.c **** 
 448:Drivers/CMSIS/DSP/Source/FilteringFunctions/arm_lms_norm_f32.c **** #endif /*   #if defined (ARM_MATH_DSP) */
 449:Drivers/CMSIS/DSP/Source/FilteringFunctions/arm_lms_norm_f32.c **** 
 450:Drivers/CMSIS/DSP/Source/FilteringFunctions/arm_lms_norm_f32.c **** }
 346              		.loc 1 450 1 is_stmt 0 view .LVU121
 347 0124 09B0     		add	sp, sp, #36
 348              	.LCFI2:
 349              		.cfi_def_cfa_offset 36
 350              	.LVL61:
 351              		.loc 1 450 1 view .LVU122
 352              		@ sp needed
 353 0126 BDE8F08F 		pop	{r4, r5, r6, r7, r8, r9, r10, fp, pc}
 354              		.loc 1 450 1 view .LVU123
 355              		.cfi_endproc
 356              	.LFE100:
 358              		.text
 359              	.Letext0:
 360              		.file 2 "C:/ARM GNU Toolchain/arm-none-eabi/include/machine/_default_types.h"
 361              		.file 3 "C:/ARM GNU Toolchain/arm-none-eabi/include/sys/_stdint.h"
 362              		.file 4 "Drivers/CMSIS/DSP/Include/arm_math.h"
ARM GAS  C:\Users\Lamp\AppData\Local\Temp\ccyqEvsa.s 			page 16


DEFINED SYMBOLS
                            *ABS*:00000000 arm_lms_norm_f32.c
C:\Users\Lamp\AppData\Local\Temp\ccyqEvsa.s:23     .text.arm_lms_norm_f32:00000000 $t
C:\Users\Lamp\AppData\Local\Temp\ccyqEvsa.s:29     .text.arm_lms_norm_f32:00000000 arm_lms_norm_f32

UNDEFINED SYMBOLS
__aeabi_fmul
__aeabi_fsub
__aeabi_fadd
__aeabi_fdiv
