ARM GAS  C:\Users\Lamp\AppData\Local\Temp\ccenslEv.s 			page 1


   1              		.cpu cortex-m3
   2              		.arch armv7-m
   3              		.fpu softvfp
   4              		.eabi_attribute 20, 1
   5              		.eabi_attribute 21, 1
   6              		.eabi_attribute 23, 3
   7              		.eabi_attribute 24, 1
   8              		.eabi_attribute 25, 1
   9              		.eabi_attribute 26, 1
  10              		.eabi_attribute 30, 1
  11              		.eabi_attribute 34, 1
  12              		.eabi_attribute 18, 4
  13              		.file	"arm_mult_f32.c"
  14              		.text
  15              	.Ltext0:
  16              		.cfi_sections	.debug_frame
  17              		.file 1 "Drivers/CMSIS/DSP/Source/BasicMathFunctions/arm_mult_f32.c"
  18              		.global	__aeabi_fmul
  19              		.section	.text.arm_mult_f32,"ax",%progbits
  20              		.align	1
  21              		.global	arm_mult_f32
  22              		.syntax unified
  23              		.thumb
  24              		.thumb_func
  26              	arm_mult_f32:
  27              	.LVL0:
  28              	.LFB100:
   1:Drivers/CMSIS/DSP/Source/BasicMathFunctions/arm_mult_f32.c **** /* ----------------------------------------------------------------------
   2:Drivers/CMSIS/DSP/Source/BasicMathFunctions/arm_mult_f32.c ****  * Project:      CMSIS DSP Library
   3:Drivers/CMSIS/DSP/Source/BasicMathFunctions/arm_mult_f32.c ****  * Title:        arm_mult_f32.c
   4:Drivers/CMSIS/DSP/Source/BasicMathFunctions/arm_mult_f32.c ****  * Description:  Floating-point vector multiplication
   5:Drivers/CMSIS/DSP/Source/BasicMathFunctions/arm_mult_f32.c ****  *
   6:Drivers/CMSIS/DSP/Source/BasicMathFunctions/arm_mult_f32.c ****  * $Date:        27. January 2017
   7:Drivers/CMSIS/DSP/Source/BasicMathFunctions/arm_mult_f32.c ****  * $Revision:    V.1.5.1
   8:Drivers/CMSIS/DSP/Source/BasicMathFunctions/arm_mult_f32.c ****  *
   9:Drivers/CMSIS/DSP/Source/BasicMathFunctions/arm_mult_f32.c ****  * Target Processor: Cortex-M cores
  10:Drivers/CMSIS/DSP/Source/BasicMathFunctions/arm_mult_f32.c ****  * -------------------------------------------------------------------- */
  11:Drivers/CMSIS/DSP/Source/BasicMathFunctions/arm_mult_f32.c **** /*
  12:Drivers/CMSIS/DSP/Source/BasicMathFunctions/arm_mult_f32.c ****  * Copyright (C) 2010-2017 ARM Limited or its affiliates. All rights reserved.
  13:Drivers/CMSIS/DSP/Source/BasicMathFunctions/arm_mult_f32.c ****  *
  14:Drivers/CMSIS/DSP/Source/BasicMathFunctions/arm_mult_f32.c ****  * SPDX-License-Identifier: Apache-2.0
  15:Drivers/CMSIS/DSP/Source/BasicMathFunctions/arm_mult_f32.c ****  *
  16:Drivers/CMSIS/DSP/Source/BasicMathFunctions/arm_mult_f32.c ****  * Licensed under the Apache License, Version 2.0 (the License); you may
  17:Drivers/CMSIS/DSP/Source/BasicMathFunctions/arm_mult_f32.c ****  * not use this file except in compliance with the License.
  18:Drivers/CMSIS/DSP/Source/BasicMathFunctions/arm_mult_f32.c ****  * You may obtain a copy of the License at
  19:Drivers/CMSIS/DSP/Source/BasicMathFunctions/arm_mult_f32.c ****  *
  20:Drivers/CMSIS/DSP/Source/BasicMathFunctions/arm_mult_f32.c ****  * www.apache.org/licenses/LICENSE-2.0
  21:Drivers/CMSIS/DSP/Source/BasicMathFunctions/arm_mult_f32.c ****  *
  22:Drivers/CMSIS/DSP/Source/BasicMathFunctions/arm_mult_f32.c ****  * Unless required by applicable law or agreed to in writing, software
  23:Drivers/CMSIS/DSP/Source/BasicMathFunctions/arm_mult_f32.c ****  * distributed under the License is distributed on an AS IS BASIS, WITHOUT
  24:Drivers/CMSIS/DSP/Source/BasicMathFunctions/arm_mult_f32.c ****  * WARRANTIES OR CONDITIONS OF ANY KIND, either express or implied.
  25:Drivers/CMSIS/DSP/Source/BasicMathFunctions/arm_mult_f32.c ****  * See the License for the specific language governing permissions and
  26:Drivers/CMSIS/DSP/Source/BasicMathFunctions/arm_mult_f32.c ****  * limitations under the License.
  27:Drivers/CMSIS/DSP/Source/BasicMathFunctions/arm_mult_f32.c ****  */
  28:Drivers/CMSIS/DSP/Source/BasicMathFunctions/arm_mult_f32.c **** 
  29:Drivers/CMSIS/DSP/Source/BasicMathFunctions/arm_mult_f32.c **** #include "arm_math.h"
  30:Drivers/CMSIS/DSP/Source/BasicMathFunctions/arm_mult_f32.c **** 
ARM GAS  C:\Users\Lamp\AppData\Local\Temp\ccenslEv.s 			page 2


  31:Drivers/CMSIS/DSP/Source/BasicMathFunctions/arm_mult_f32.c **** /**
  32:Drivers/CMSIS/DSP/Source/BasicMathFunctions/arm_mult_f32.c ****  * @ingroup groupMath
  33:Drivers/CMSIS/DSP/Source/BasicMathFunctions/arm_mult_f32.c ****  */
  34:Drivers/CMSIS/DSP/Source/BasicMathFunctions/arm_mult_f32.c **** 
  35:Drivers/CMSIS/DSP/Source/BasicMathFunctions/arm_mult_f32.c **** /**
  36:Drivers/CMSIS/DSP/Source/BasicMathFunctions/arm_mult_f32.c ****  * @defgroup BasicMult Vector Multiplication
  37:Drivers/CMSIS/DSP/Source/BasicMathFunctions/arm_mult_f32.c ****  *
  38:Drivers/CMSIS/DSP/Source/BasicMathFunctions/arm_mult_f32.c ****  * Element-by-element multiplication of two vectors.
  39:Drivers/CMSIS/DSP/Source/BasicMathFunctions/arm_mult_f32.c ****  *
  40:Drivers/CMSIS/DSP/Source/BasicMathFunctions/arm_mult_f32.c ****  * <pre>
  41:Drivers/CMSIS/DSP/Source/BasicMathFunctions/arm_mult_f32.c ****  *     pDst[n] = pSrcA[n] * pSrcB[n],   0 <= n < blockSize.
  42:Drivers/CMSIS/DSP/Source/BasicMathFunctions/arm_mult_f32.c ****  * </pre>
  43:Drivers/CMSIS/DSP/Source/BasicMathFunctions/arm_mult_f32.c ****  *
  44:Drivers/CMSIS/DSP/Source/BasicMathFunctions/arm_mult_f32.c ****  * There are separate functions for floating-point, Q7, Q15, and Q31 data types.
  45:Drivers/CMSIS/DSP/Source/BasicMathFunctions/arm_mult_f32.c ****  */
  46:Drivers/CMSIS/DSP/Source/BasicMathFunctions/arm_mult_f32.c **** 
  47:Drivers/CMSIS/DSP/Source/BasicMathFunctions/arm_mult_f32.c **** /**
  48:Drivers/CMSIS/DSP/Source/BasicMathFunctions/arm_mult_f32.c ****  * @addtogroup BasicMult
  49:Drivers/CMSIS/DSP/Source/BasicMathFunctions/arm_mult_f32.c ****  * @{
  50:Drivers/CMSIS/DSP/Source/BasicMathFunctions/arm_mult_f32.c ****  */
  51:Drivers/CMSIS/DSP/Source/BasicMathFunctions/arm_mult_f32.c **** 
  52:Drivers/CMSIS/DSP/Source/BasicMathFunctions/arm_mult_f32.c **** /**
  53:Drivers/CMSIS/DSP/Source/BasicMathFunctions/arm_mult_f32.c ****  * @brief Floating-point vector multiplication.
  54:Drivers/CMSIS/DSP/Source/BasicMathFunctions/arm_mult_f32.c ****  * @param[in]       *pSrcA points to the first input vector
  55:Drivers/CMSIS/DSP/Source/BasicMathFunctions/arm_mult_f32.c ****  * @param[in]       *pSrcB points to the second input vector
  56:Drivers/CMSIS/DSP/Source/BasicMathFunctions/arm_mult_f32.c ****  * @param[out]      *pDst points to the output vector
  57:Drivers/CMSIS/DSP/Source/BasicMathFunctions/arm_mult_f32.c ****  * @param[in]       blockSize number of samples in each vector
  58:Drivers/CMSIS/DSP/Source/BasicMathFunctions/arm_mult_f32.c ****  * @return none.
  59:Drivers/CMSIS/DSP/Source/BasicMathFunctions/arm_mult_f32.c ****  */
  60:Drivers/CMSIS/DSP/Source/BasicMathFunctions/arm_mult_f32.c **** 
  61:Drivers/CMSIS/DSP/Source/BasicMathFunctions/arm_mult_f32.c **** void arm_mult_f32(
  62:Drivers/CMSIS/DSP/Source/BasicMathFunctions/arm_mult_f32.c ****   float32_t * pSrcA,
  63:Drivers/CMSIS/DSP/Source/BasicMathFunctions/arm_mult_f32.c ****   float32_t * pSrcB,
  64:Drivers/CMSIS/DSP/Source/BasicMathFunctions/arm_mult_f32.c ****   float32_t * pDst,
  65:Drivers/CMSIS/DSP/Source/BasicMathFunctions/arm_mult_f32.c ****   uint32_t blockSize)
  66:Drivers/CMSIS/DSP/Source/BasicMathFunctions/arm_mult_f32.c **** {
  29              		.loc 1 66 1 view -0
  30              		.cfi_startproc
  31              		@ args = 0, pretend = 0, frame = 0
  32              		@ frame_needed = 0, uses_anonymous_args = 0
  33              		.loc 1 66 1 is_stmt 0 view .LVU1
  34 0000 F8B5     		push	{r3, r4, r5, r6, r7, lr}
  35              	.LCFI0:
  36              		.cfi_def_cfa_offset 24
  37              		.cfi_offset 3, -24
  38              		.cfi_offset 4, -20
  39              		.cfi_offset 5, -16
  40              		.cfi_offset 6, -12
  41              		.cfi_offset 7, -8
  42              		.cfi_offset 14, -4
  43 0002 0646     		mov	r6, r0
  44 0004 0D46     		mov	r5, r1
  45 0006 1446     		mov	r4, r2
  46 0008 1F46     		mov	r7, r3
  67:Drivers/CMSIS/DSP/Source/BasicMathFunctions/arm_mult_f32.c ****   uint32_t blkCnt;                               /* loop counters */
  47              		.loc 1 67 3 is_stmt 1 view .LVU2
  68:Drivers/CMSIS/DSP/Source/BasicMathFunctions/arm_mult_f32.c **** #if defined (ARM_MATH_DSP)
ARM GAS  C:\Users\Lamp\AppData\Local\Temp\ccenslEv.s 			page 3


  69:Drivers/CMSIS/DSP/Source/BasicMathFunctions/arm_mult_f32.c **** 
  70:Drivers/CMSIS/DSP/Source/BasicMathFunctions/arm_mult_f32.c ****   /* Run the below code for Cortex-M4 and Cortex-M3 */
  71:Drivers/CMSIS/DSP/Source/BasicMathFunctions/arm_mult_f32.c ****   float32_t inA1, inA2, inA3, inA4;              /* temporary input variables */
  72:Drivers/CMSIS/DSP/Source/BasicMathFunctions/arm_mult_f32.c ****   float32_t inB1, inB2, inB3, inB4;              /* temporary input variables */
  73:Drivers/CMSIS/DSP/Source/BasicMathFunctions/arm_mult_f32.c ****   float32_t out1, out2, out3, out4;              /* temporary output variables */
  74:Drivers/CMSIS/DSP/Source/BasicMathFunctions/arm_mult_f32.c **** 
  75:Drivers/CMSIS/DSP/Source/BasicMathFunctions/arm_mult_f32.c ****   /* loop Unrolling */
  76:Drivers/CMSIS/DSP/Source/BasicMathFunctions/arm_mult_f32.c ****   blkCnt = blockSize >> 2U;
  77:Drivers/CMSIS/DSP/Source/BasicMathFunctions/arm_mult_f32.c **** 
  78:Drivers/CMSIS/DSP/Source/BasicMathFunctions/arm_mult_f32.c ****   /* First part of the processing with loop unrolling.  Compute 4 outputs at a time.
  79:Drivers/CMSIS/DSP/Source/BasicMathFunctions/arm_mult_f32.c ****    ** a second loop below computes the remaining 1 to 3 samples. */
  80:Drivers/CMSIS/DSP/Source/BasicMathFunctions/arm_mult_f32.c ****   while (blkCnt > 0U)
  81:Drivers/CMSIS/DSP/Source/BasicMathFunctions/arm_mult_f32.c ****   {
  82:Drivers/CMSIS/DSP/Source/BasicMathFunctions/arm_mult_f32.c ****     /* C = A * B */
  83:Drivers/CMSIS/DSP/Source/BasicMathFunctions/arm_mult_f32.c ****     /* Multiply the inputs and store the results in output buffer */
  84:Drivers/CMSIS/DSP/Source/BasicMathFunctions/arm_mult_f32.c ****     /* read sample from sourceA */
  85:Drivers/CMSIS/DSP/Source/BasicMathFunctions/arm_mult_f32.c ****     inA1 = *pSrcA;
  86:Drivers/CMSIS/DSP/Source/BasicMathFunctions/arm_mult_f32.c ****     /* read sample from sourceB */
  87:Drivers/CMSIS/DSP/Source/BasicMathFunctions/arm_mult_f32.c ****     inB1 = *pSrcB;
  88:Drivers/CMSIS/DSP/Source/BasicMathFunctions/arm_mult_f32.c ****     /* read sample from sourceA */
  89:Drivers/CMSIS/DSP/Source/BasicMathFunctions/arm_mult_f32.c ****     inA2 = *(pSrcA + 1);
  90:Drivers/CMSIS/DSP/Source/BasicMathFunctions/arm_mult_f32.c ****     /* read sample from sourceB */
  91:Drivers/CMSIS/DSP/Source/BasicMathFunctions/arm_mult_f32.c ****     inB2 = *(pSrcB + 1);
  92:Drivers/CMSIS/DSP/Source/BasicMathFunctions/arm_mult_f32.c **** 
  93:Drivers/CMSIS/DSP/Source/BasicMathFunctions/arm_mult_f32.c ****     /* out = sourceA * sourceB */
  94:Drivers/CMSIS/DSP/Source/BasicMathFunctions/arm_mult_f32.c ****     out1 = inA1 * inB1;
  95:Drivers/CMSIS/DSP/Source/BasicMathFunctions/arm_mult_f32.c **** 
  96:Drivers/CMSIS/DSP/Source/BasicMathFunctions/arm_mult_f32.c ****     /* read sample from sourceA */
  97:Drivers/CMSIS/DSP/Source/BasicMathFunctions/arm_mult_f32.c ****     inA3 = *(pSrcA + 2);
  98:Drivers/CMSIS/DSP/Source/BasicMathFunctions/arm_mult_f32.c ****     /* read sample from sourceB */
  99:Drivers/CMSIS/DSP/Source/BasicMathFunctions/arm_mult_f32.c ****     inB3 = *(pSrcB + 2);
 100:Drivers/CMSIS/DSP/Source/BasicMathFunctions/arm_mult_f32.c **** 
 101:Drivers/CMSIS/DSP/Source/BasicMathFunctions/arm_mult_f32.c ****     /* out = sourceA * sourceB */
 102:Drivers/CMSIS/DSP/Source/BasicMathFunctions/arm_mult_f32.c ****     out2 = inA2 * inB2;
 103:Drivers/CMSIS/DSP/Source/BasicMathFunctions/arm_mult_f32.c **** 
 104:Drivers/CMSIS/DSP/Source/BasicMathFunctions/arm_mult_f32.c ****     /* read sample from sourceA */
 105:Drivers/CMSIS/DSP/Source/BasicMathFunctions/arm_mult_f32.c ****     inA4 = *(pSrcA + 3);
 106:Drivers/CMSIS/DSP/Source/BasicMathFunctions/arm_mult_f32.c **** 
 107:Drivers/CMSIS/DSP/Source/BasicMathFunctions/arm_mult_f32.c ****     /* store result to destination buffer */
 108:Drivers/CMSIS/DSP/Source/BasicMathFunctions/arm_mult_f32.c ****     *pDst = out1;
 109:Drivers/CMSIS/DSP/Source/BasicMathFunctions/arm_mult_f32.c **** 
 110:Drivers/CMSIS/DSP/Source/BasicMathFunctions/arm_mult_f32.c ****     /* read sample from sourceB */
 111:Drivers/CMSIS/DSP/Source/BasicMathFunctions/arm_mult_f32.c ****     inB4 = *(pSrcB + 3);
 112:Drivers/CMSIS/DSP/Source/BasicMathFunctions/arm_mult_f32.c **** 
 113:Drivers/CMSIS/DSP/Source/BasicMathFunctions/arm_mult_f32.c ****     /* out = sourceA * sourceB */
 114:Drivers/CMSIS/DSP/Source/BasicMathFunctions/arm_mult_f32.c ****     out3 = inA3 * inB3;
 115:Drivers/CMSIS/DSP/Source/BasicMathFunctions/arm_mult_f32.c **** 
 116:Drivers/CMSIS/DSP/Source/BasicMathFunctions/arm_mult_f32.c ****     /* store result to destination buffer */
 117:Drivers/CMSIS/DSP/Source/BasicMathFunctions/arm_mult_f32.c ****     *(pDst + 1) = out2;
 118:Drivers/CMSIS/DSP/Source/BasicMathFunctions/arm_mult_f32.c **** 
 119:Drivers/CMSIS/DSP/Source/BasicMathFunctions/arm_mult_f32.c ****     /* out = sourceA * sourceB */
 120:Drivers/CMSIS/DSP/Source/BasicMathFunctions/arm_mult_f32.c ****     out4 = inA4 * inB4;
 121:Drivers/CMSIS/DSP/Source/BasicMathFunctions/arm_mult_f32.c ****     /* store result to destination buffer */
 122:Drivers/CMSIS/DSP/Source/BasicMathFunctions/arm_mult_f32.c ****     *(pDst + 2) = out3;
 123:Drivers/CMSIS/DSP/Source/BasicMathFunctions/arm_mult_f32.c ****     /* store result to destination buffer */
 124:Drivers/CMSIS/DSP/Source/BasicMathFunctions/arm_mult_f32.c ****     *(pDst + 3) = out4;
 125:Drivers/CMSIS/DSP/Source/BasicMathFunctions/arm_mult_f32.c **** 
ARM GAS  C:\Users\Lamp\AppData\Local\Temp\ccenslEv.s 			page 4


 126:Drivers/CMSIS/DSP/Source/BasicMathFunctions/arm_mult_f32.c **** 
 127:Drivers/CMSIS/DSP/Source/BasicMathFunctions/arm_mult_f32.c ****     /* update pointers to process next samples */
 128:Drivers/CMSIS/DSP/Source/BasicMathFunctions/arm_mult_f32.c ****     pSrcA += 4U;
 129:Drivers/CMSIS/DSP/Source/BasicMathFunctions/arm_mult_f32.c ****     pSrcB += 4U;
 130:Drivers/CMSIS/DSP/Source/BasicMathFunctions/arm_mult_f32.c ****     pDst += 4U;
 131:Drivers/CMSIS/DSP/Source/BasicMathFunctions/arm_mult_f32.c **** 
 132:Drivers/CMSIS/DSP/Source/BasicMathFunctions/arm_mult_f32.c ****     /* Decrement the blockSize loop counter */
 133:Drivers/CMSIS/DSP/Source/BasicMathFunctions/arm_mult_f32.c ****     blkCnt--;
 134:Drivers/CMSIS/DSP/Source/BasicMathFunctions/arm_mult_f32.c ****   }
 135:Drivers/CMSIS/DSP/Source/BasicMathFunctions/arm_mult_f32.c **** 
 136:Drivers/CMSIS/DSP/Source/BasicMathFunctions/arm_mult_f32.c ****   /* If the blockSize is not a multiple of 4, compute any remaining output samples here.
 137:Drivers/CMSIS/DSP/Source/BasicMathFunctions/arm_mult_f32.c ****    ** No loop unrolling is used. */
 138:Drivers/CMSIS/DSP/Source/BasicMathFunctions/arm_mult_f32.c ****   blkCnt = blockSize % 0x4U;
 139:Drivers/CMSIS/DSP/Source/BasicMathFunctions/arm_mult_f32.c **** 
 140:Drivers/CMSIS/DSP/Source/BasicMathFunctions/arm_mult_f32.c **** #else
 141:Drivers/CMSIS/DSP/Source/BasicMathFunctions/arm_mult_f32.c **** 
 142:Drivers/CMSIS/DSP/Source/BasicMathFunctions/arm_mult_f32.c ****   /* Run the below code for Cortex-M0 */
 143:Drivers/CMSIS/DSP/Source/BasicMathFunctions/arm_mult_f32.c **** 
 144:Drivers/CMSIS/DSP/Source/BasicMathFunctions/arm_mult_f32.c ****   /* Initialize blkCnt with number of samples */
 145:Drivers/CMSIS/DSP/Source/BasicMathFunctions/arm_mult_f32.c ****   blkCnt = blockSize;
  48              		.loc 1 145 3 view .LVU3
  49              	.LVL1:
 146:Drivers/CMSIS/DSP/Source/BasicMathFunctions/arm_mult_f32.c **** 
 147:Drivers/CMSIS/DSP/Source/BasicMathFunctions/arm_mult_f32.c **** #endif /* #if defined (ARM_MATH_DSP) */
 148:Drivers/CMSIS/DSP/Source/BasicMathFunctions/arm_mult_f32.c **** 
 149:Drivers/CMSIS/DSP/Source/BasicMathFunctions/arm_mult_f32.c ****   while (blkCnt > 0U)
  50              		.loc 1 149 3 view .LVU4
  51              		.loc 1 149 9 is_stmt 0 view .LVU5
  52 000a 08E0     		b	.L2
  53              	.LVL2:
  54              	.L3:
 150:Drivers/CMSIS/DSP/Source/BasicMathFunctions/arm_mult_f32.c ****   {
 151:Drivers/CMSIS/DSP/Source/BasicMathFunctions/arm_mult_f32.c ****     /* C = A * B */
 152:Drivers/CMSIS/DSP/Source/BasicMathFunctions/arm_mult_f32.c ****     /* Multiply the inputs and store the results in output buffer */
 153:Drivers/CMSIS/DSP/Source/BasicMathFunctions/arm_mult_f32.c ****     *pDst++ = (*pSrcA++) * (*pSrcB++);
  55              		.loc 1 153 5 is_stmt 1 view .LVU6
  56              		.loc 1 153 26 is_stmt 0 view .LVU7
  57 000c 55F8041B 		ldr	r1, [r5], #4	@ float
  58              	.LVL3:
  59              		.loc 1 153 26 view .LVU8
  60 0010 56F8040B 		ldr	r0, [r6], #4	@ float
  61              	.LVL4:
  62              		.loc 1 153 26 view .LVU9
  63 0014 FFF7FEFF 		bl	__aeabi_fmul
  64              	.LVL5:
  65              		.loc 1 153 13 view .LVU10
  66 0018 44F8040B 		str	r0, [r4], #4	@ float
  67              	.LVL6:
 154:Drivers/CMSIS/DSP/Source/BasicMathFunctions/arm_mult_f32.c **** 
 155:Drivers/CMSIS/DSP/Source/BasicMathFunctions/arm_mult_f32.c ****     /* Decrement the blockSize loop counter */
 156:Drivers/CMSIS/DSP/Source/BasicMathFunctions/arm_mult_f32.c ****     blkCnt--;
  68              		.loc 1 156 5 is_stmt 1 view .LVU11
  69              		.loc 1 156 11 is_stmt 0 view .LVU12
  70 001c 013F     		subs	r7, r7, #1
  71              	.LVL7:
  72              	.L2:
 149:Drivers/CMSIS/DSP/Source/BasicMathFunctions/arm_mult_f32.c ****   {
ARM GAS  C:\Users\Lamp\AppData\Local\Temp\ccenslEv.s 			page 5


  73              		.loc 1 149 17 is_stmt 1 view .LVU13
  74 001e 002F     		cmp	r7, #0
  75 0020 F4D1     		bne	.L3
 157:Drivers/CMSIS/DSP/Source/BasicMathFunctions/arm_mult_f32.c ****   }
 158:Drivers/CMSIS/DSP/Source/BasicMathFunctions/arm_mult_f32.c **** }
  76              		.loc 1 158 1 is_stmt 0 view .LVU14
  77 0022 F8BD     		pop	{r3, r4, r5, r6, r7, pc}
  78              		.loc 1 158 1 view .LVU15
  79              		.cfi_endproc
  80              	.LFE100:
  82              		.text
  83              	.Letext0:
  84              		.file 2 "C:/ARM GNU Toolchain/arm-none-eabi/include/machine/_default_types.h"
  85              		.file 3 "C:/ARM GNU Toolchain/arm-none-eabi/include/sys/_stdint.h"
  86              		.file 4 "Drivers/CMSIS/DSP/Include/arm_math.h"
ARM GAS  C:\Users\Lamp\AppData\Local\Temp\ccenslEv.s 			page 6


DEFINED SYMBOLS
                            *ABS*:00000000 arm_mult_f32.c
C:\Users\Lamp\AppData\Local\Temp\ccenslEv.s:20     .text.arm_mult_f32:00000000 $t
C:\Users\Lamp\AppData\Local\Temp\ccenslEv.s:26     .text.arm_mult_f32:00000000 arm_mult_f32

UNDEFINED SYMBOLS
__aeabi_fmul
