ARM GAS  C:\Users\Lamp\AppData\Local\Temp\ccVaaGgT.s 			page 1


   1              		.cpu cortex-m3
   2              		.arch armv7-m
   3              		.fpu softvfp
   4              		.eabi_attribute 20, 1
   5              		.eabi_attribute 21, 1
   6              		.eabi_attribute 23, 3
   7              		.eabi_attribute 24, 1
   8              		.eabi_attribute 25, 1
   9              		.eabi_attribute 26, 1
  10              		.eabi_attribute 30, 1
  11              		.eabi_attribute 34, 1
  12              		.eabi_attribute 18, 4
  13              		.file	"arm_min_f32.c"
  14              		.text
  15              	.Ltext0:
  16              		.cfi_sections	.debug_frame
  17              		.file 1 "Drivers/CMSIS/DSP/Source/StatisticsFunctions/arm_min_f32.c"
  18              		.global	__aeabi_fcmpgt
  19              		.section	.text.arm_min_f32,"ax",%progbits
  20              		.align	1
  21              		.global	arm_min_f32
  22              		.syntax unified
  23              		.thumb
  24              		.thumb_func
  26              	arm_min_f32:
  27              	.LVL0:
  28              	.LFB100:
   1:Drivers/CMSIS/DSP/Source/StatisticsFunctions/arm_min_f32.c **** /* ----------------------------------------------------------------------
   2:Drivers/CMSIS/DSP/Source/StatisticsFunctions/arm_min_f32.c ****  * Project:      CMSIS DSP Library
   3:Drivers/CMSIS/DSP/Source/StatisticsFunctions/arm_min_f32.c ****  * Title:        arm_min_f32.c
   4:Drivers/CMSIS/DSP/Source/StatisticsFunctions/arm_min_f32.c ****  * Description:  Minimum value of a floating-point vector
   5:Drivers/CMSIS/DSP/Source/StatisticsFunctions/arm_min_f32.c ****  *
   6:Drivers/CMSIS/DSP/Source/StatisticsFunctions/arm_min_f32.c ****  * $Date:        27. January 2017
   7:Drivers/CMSIS/DSP/Source/StatisticsFunctions/arm_min_f32.c ****  * $Revision:    V.1.5.1
   8:Drivers/CMSIS/DSP/Source/StatisticsFunctions/arm_min_f32.c ****  *
   9:Drivers/CMSIS/DSP/Source/StatisticsFunctions/arm_min_f32.c ****  * Target Processor: Cortex-M cores
  10:Drivers/CMSIS/DSP/Source/StatisticsFunctions/arm_min_f32.c ****  * -------------------------------------------------------------------- */
  11:Drivers/CMSIS/DSP/Source/StatisticsFunctions/arm_min_f32.c **** /*
  12:Drivers/CMSIS/DSP/Source/StatisticsFunctions/arm_min_f32.c ****  * Copyright (C) 2010-2017 ARM Limited or its affiliates. All rights reserved.
  13:Drivers/CMSIS/DSP/Source/StatisticsFunctions/arm_min_f32.c ****  *
  14:Drivers/CMSIS/DSP/Source/StatisticsFunctions/arm_min_f32.c ****  * SPDX-License-Identifier: Apache-2.0
  15:Drivers/CMSIS/DSP/Source/StatisticsFunctions/arm_min_f32.c ****  *
  16:Drivers/CMSIS/DSP/Source/StatisticsFunctions/arm_min_f32.c ****  * Licensed under the Apache License, Version 2.0 (the License); you may
  17:Drivers/CMSIS/DSP/Source/StatisticsFunctions/arm_min_f32.c ****  * not use this file except in compliance with the License.
  18:Drivers/CMSIS/DSP/Source/StatisticsFunctions/arm_min_f32.c ****  * You may obtain a copy of the License at
  19:Drivers/CMSIS/DSP/Source/StatisticsFunctions/arm_min_f32.c ****  *
  20:Drivers/CMSIS/DSP/Source/StatisticsFunctions/arm_min_f32.c ****  * www.apache.org/licenses/LICENSE-2.0
  21:Drivers/CMSIS/DSP/Source/StatisticsFunctions/arm_min_f32.c ****  *
  22:Drivers/CMSIS/DSP/Source/StatisticsFunctions/arm_min_f32.c ****  * Unless required by applicable law or agreed to in writing, software
  23:Drivers/CMSIS/DSP/Source/StatisticsFunctions/arm_min_f32.c ****  * distributed under the License is distributed on an AS IS BASIS, WITHOUT
  24:Drivers/CMSIS/DSP/Source/StatisticsFunctions/arm_min_f32.c ****  * WARRANTIES OR CONDITIONS OF ANY KIND, either express or implied.
  25:Drivers/CMSIS/DSP/Source/StatisticsFunctions/arm_min_f32.c ****  * See the License for the specific language governing permissions and
  26:Drivers/CMSIS/DSP/Source/StatisticsFunctions/arm_min_f32.c ****  * limitations under the License.
  27:Drivers/CMSIS/DSP/Source/StatisticsFunctions/arm_min_f32.c ****  */
  28:Drivers/CMSIS/DSP/Source/StatisticsFunctions/arm_min_f32.c **** 
  29:Drivers/CMSIS/DSP/Source/StatisticsFunctions/arm_min_f32.c **** #include "arm_math.h"
  30:Drivers/CMSIS/DSP/Source/StatisticsFunctions/arm_min_f32.c **** 
ARM GAS  C:\Users\Lamp\AppData\Local\Temp\ccVaaGgT.s 			page 2


  31:Drivers/CMSIS/DSP/Source/StatisticsFunctions/arm_min_f32.c **** /**
  32:Drivers/CMSIS/DSP/Source/StatisticsFunctions/arm_min_f32.c ****  * @ingroup groupStats
  33:Drivers/CMSIS/DSP/Source/StatisticsFunctions/arm_min_f32.c ****  */
  34:Drivers/CMSIS/DSP/Source/StatisticsFunctions/arm_min_f32.c **** 
  35:Drivers/CMSIS/DSP/Source/StatisticsFunctions/arm_min_f32.c **** /**
  36:Drivers/CMSIS/DSP/Source/StatisticsFunctions/arm_min_f32.c ****  * @defgroup Min Minimum
  37:Drivers/CMSIS/DSP/Source/StatisticsFunctions/arm_min_f32.c ****  *
  38:Drivers/CMSIS/DSP/Source/StatisticsFunctions/arm_min_f32.c ****  * Computes the minimum value of an array of data.
  39:Drivers/CMSIS/DSP/Source/StatisticsFunctions/arm_min_f32.c ****  * The function returns both the minimum value and its position within the array.
  40:Drivers/CMSIS/DSP/Source/StatisticsFunctions/arm_min_f32.c ****  * There are separate functions for floating-point, Q31, Q15, and Q7 data types.
  41:Drivers/CMSIS/DSP/Source/StatisticsFunctions/arm_min_f32.c ****  */
  42:Drivers/CMSIS/DSP/Source/StatisticsFunctions/arm_min_f32.c **** 
  43:Drivers/CMSIS/DSP/Source/StatisticsFunctions/arm_min_f32.c **** /**
  44:Drivers/CMSIS/DSP/Source/StatisticsFunctions/arm_min_f32.c ****  * @addtogroup Min
  45:Drivers/CMSIS/DSP/Source/StatisticsFunctions/arm_min_f32.c ****  * @{
  46:Drivers/CMSIS/DSP/Source/StatisticsFunctions/arm_min_f32.c ****  */
  47:Drivers/CMSIS/DSP/Source/StatisticsFunctions/arm_min_f32.c **** 
  48:Drivers/CMSIS/DSP/Source/StatisticsFunctions/arm_min_f32.c **** 
  49:Drivers/CMSIS/DSP/Source/StatisticsFunctions/arm_min_f32.c **** /**
  50:Drivers/CMSIS/DSP/Source/StatisticsFunctions/arm_min_f32.c ****  * @brief Minimum value of a floating-point vector.
  51:Drivers/CMSIS/DSP/Source/StatisticsFunctions/arm_min_f32.c ****  * @param[in]       *pSrc points to the input vector
  52:Drivers/CMSIS/DSP/Source/StatisticsFunctions/arm_min_f32.c ****  * @param[in]       blockSize length of the input vector
  53:Drivers/CMSIS/DSP/Source/StatisticsFunctions/arm_min_f32.c ****  * @param[out]      *pResult minimum value returned here
  54:Drivers/CMSIS/DSP/Source/StatisticsFunctions/arm_min_f32.c ****  * @param[out]      *pIndex index of minimum value returned here
  55:Drivers/CMSIS/DSP/Source/StatisticsFunctions/arm_min_f32.c ****  * @return none.
  56:Drivers/CMSIS/DSP/Source/StatisticsFunctions/arm_min_f32.c ****  */
  57:Drivers/CMSIS/DSP/Source/StatisticsFunctions/arm_min_f32.c **** 
  58:Drivers/CMSIS/DSP/Source/StatisticsFunctions/arm_min_f32.c **** void arm_min_f32(
  59:Drivers/CMSIS/DSP/Source/StatisticsFunctions/arm_min_f32.c ****   float32_t * pSrc,
  60:Drivers/CMSIS/DSP/Source/StatisticsFunctions/arm_min_f32.c ****   uint32_t blockSize,
  61:Drivers/CMSIS/DSP/Source/StatisticsFunctions/arm_min_f32.c ****   float32_t * pResult,
  62:Drivers/CMSIS/DSP/Source/StatisticsFunctions/arm_min_f32.c ****   uint32_t * pIndex)
  63:Drivers/CMSIS/DSP/Source/StatisticsFunctions/arm_min_f32.c **** {
  29              		.loc 1 63 1 view -0
  30              		.cfi_startproc
  31              		@ args = 0, pretend = 0, frame = 0
  32              		@ frame_needed = 0, uses_anonymous_args = 0
  33              		.loc 1 63 1 is_stmt 0 view .LVU1
  34 0000 2DE9F84F 		push	{r3, r4, r5, r6, r7, r8, r9, r10, fp, lr}
  35              	.LCFI0:
  36              		.cfi_def_cfa_offset 40
  37              		.cfi_offset 3, -40
  38              		.cfi_offset 4, -36
  39              		.cfi_offset 5, -32
  40              		.cfi_offset 6, -28
  41              		.cfi_offset 7, -24
  42              		.cfi_offset 8, -20
  43              		.cfi_offset 9, -16
  44              		.cfi_offset 10, -12
  45              		.cfi_offset 11, -8
  46              		.cfi_offset 14, -4
  47 0004 0F46     		mov	r7, r1
  48 0006 9146     		mov	r9, r2
  49 0008 9846     		mov	r8, r3
  64:Drivers/CMSIS/DSP/Source/StatisticsFunctions/arm_min_f32.c **** #if defined (ARM_MATH_DSP)
  65:Drivers/CMSIS/DSP/Source/StatisticsFunctions/arm_min_f32.c ****   /* Run the below code for Cortex-M4 and Cortex-M3 */
  66:Drivers/CMSIS/DSP/Source/StatisticsFunctions/arm_min_f32.c **** 
ARM GAS  C:\Users\Lamp\AppData\Local\Temp\ccVaaGgT.s 			page 3


  67:Drivers/CMSIS/DSP/Source/StatisticsFunctions/arm_min_f32.c ****   float32_t minVal1, minVal2, out;               /* Temporary variables to store the output value. 
  68:Drivers/CMSIS/DSP/Source/StatisticsFunctions/arm_min_f32.c ****   uint32_t blkCnt, outIndex, count;              /* loop counter */
  69:Drivers/CMSIS/DSP/Source/StatisticsFunctions/arm_min_f32.c **** 
  70:Drivers/CMSIS/DSP/Source/StatisticsFunctions/arm_min_f32.c ****   /* Initialise the count value. */
  71:Drivers/CMSIS/DSP/Source/StatisticsFunctions/arm_min_f32.c ****   count = 0U;
  72:Drivers/CMSIS/DSP/Source/StatisticsFunctions/arm_min_f32.c ****   /* Initialise the index value to zero. */
  73:Drivers/CMSIS/DSP/Source/StatisticsFunctions/arm_min_f32.c ****   outIndex = 0U;
  74:Drivers/CMSIS/DSP/Source/StatisticsFunctions/arm_min_f32.c ****   /* Load first input value that act as reference value for comparision */
  75:Drivers/CMSIS/DSP/Source/StatisticsFunctions/arm_min_f32.c ****   out = *pSrc++;
  76:Drivers/CMSIS/DSP/Source/StatisticsFunctions/arm_min_f32.c **** 
  77:Drivers/CMSIS/DSP/Source/StatisticsFunctions/arm_min_f32.c ****   /* Loop unrolling */
  78:Drivers/CMSIS/DSP/Source/StatisticsFunctions/arm_min_f32.c ****   blkCnt = (blockSize - 1U) >> 2U;
  79:Drivers/CMSIS/DSP/Source/StatisticsFunctions/arm_min_f32.c **** 
  80:Drivers/CMSIS/DSP/Source/StatisticsFunctions/arm_min_f32.c ****   while (blkCnt > 0U)
  81:Drivers/CMSIS/DSP/Source/StatisticsFunctions/arm_min_f32.c ****   {
  82:Drivers/CMSIS/DSP/Source/StatisticsFunctions/arm_min_f32.c ****     /* Initialize minVal to the next consecutive values one by one */
  83:Drivers/CMSIS/DSP/Source/StatisticsFunctions/arm_min_f32.c ****     minVal1 = *pSrc++;
  84:Drivers/CMSIS/DSP/Source/StatisticsFunctions/arm_min_f32.c ****     minVal2 = *pSrc++;
  85:Drivers/CMSIS/DSP/Source/StatisticsFunctions/arm_min_f32.c **** 
  86:Drivers/CMSIS/DSP/Source/StatisticsFunctions/arm_min_f32.c ****     /* compare for the minimum value */
  87:Drivers/CMSIS/DSP/Source/StatisticsFunctions/arm_min_f32.c ****     if (out > minVal1)
  88:Drivers/CMSIS/DSP/Source/StatisticsFunctions/arm_min_f32.c ****     {
  89:Drivers/CMSIS/DSP/Source/StatisticsFunctions/arm_min_f32.c ****       /* Update the minimum value and its index */
  90:Drivers/CMSIS/DSP/Source/StatisticsFunctions/arm_min_f32.c ****       out = minVal1;
  91:Drivers/CMSIS/DSP/Source/StatisticsFunctions/arm_min_f32.c ****       outIndex = count + 1U;
  92:Drivers/CMSIS/DSP/Source/StatisticsFunctions/arm_min_f32.c ****     }
  93:Drivers/CMSIS/DSP/Source/StatisticsFunctions/arm_min_f32.c **** 
  94:Drivers/CMSIS/DSP/Source/StatisticsFunctions/arm_min_f32.c ****     /* compare for the minimum value */
  95:Drivers/CMSIS/DSP/Source/StatisticsFunctions/arm_min_f32.c ****     if (out > minVal2)
  96:Drivers/CMSIS/DSP/Source/StatisticsFunctions/arm_min_f32.c ****     {
  97:Drivers/CMSIS/DSP/Source/StatisticsFunctions/arm_min_f32.c ****       /* Update the minimum value and its index */
  98:Drivers/CMSIS/DSP/Source/StatisticsFunctions/arm_min_f32.c ****       out = minVal2;
  99:Drivers/CMSIS/DSP/Source/StatisticsFunctions/arm_min_f32.c ****       outIndex = count + 2U;
 100:Drivers/CMSIS/DSP/Source/StatisticsFunctions/arm_min_f32.c ****     }
 101:Drivers/CMSIS/DSP/Source/StatisticsFunctions/arm_min_f32.c **** 
 102:Drivers/CMSIS/DSP/Source/StatisticsFunctions/arm_min_f32.c ****     /* Initialize minVal to the next consecutive values one by one */
 103:Drivers/CMSIS/DSP/Source/StatisticsFunctions/arm_min_f32.c ****     minVal1 = *pSrc++;
 104:Drivers/CMSIS/DSP/Source/StatisticsFunctions/arm_min_f32.c ****     minVal2 = *pSrc++;
 105:Drivers/CMSIS/DSP/Source/StatisticsFunctions/arm_min_f32.c **** 
 106:Drivers/CMSIS/DSP/Source/StatisticsFunctions/arm_min_f32.c ****     /* compare for the minimum value */
 107:Drivers/CMSIS/DSP/Source/StatisticsFunctions/arm_min_f32.c ****     if (out > minVal1)
 108:Drivers/CMSIS/DSP/Source/StatisticsFunctions/arm_min_f32.c ****     {
 109:Drivers/CMSIS/DSP/Source/StatisticsFunctions/arm_min_f32.c ****       /* Update the minimum value and its index */
 110:Drivers/CMSIS/DSP/Source/StatisticsFunctions/arm_min_f32.c ****       out = minVal1;
 111:Drivers/CMSIS/DSP/Source/StatisticsFunctions/arm_min_f32.c ****       outIndex = count + 3U;
 112:Drivers/CMSIS/DSP/Source/StatisticsFunctions/arm_min_f32.c ****     }
 113:Drivers/CMSIS/DSP/Source/StatisticsFunctions/arm_min_f32.c **** 
 114:Drivers/CMSIS/DSP/Source/StatisticsFunctions/arm_min_f32.c ****     /* compare for the minimum value */
 115:Drivers/CMSIS/DSP/Source/StatisticsFunctions/arm_min_f32.c ****     if (out > minVal2)
 116:Drivers/CMSIS/DSP/Source/StatisticsFunctions/arm_min_f32.c ****     {
 117:Drivers/CMSIS/DSP/Source/StatisticsFunctions/arm_min_f32.c ****       /* Update the minimum value and its index */
 118:Drivers/CMSIS/DSP/Source/StatisticsFunctions/arm_min_f32.c ****       out = minVal2;
 119:Drivers/CMSIS/DSP/Source/StatisticsFunctions/arm_min_f32.c ****       outIndex = count + 4U;
 120:Drivers/CMSIS/DSP/Source/StatisticsFunctions/arm_min_f32.c ****     }
 121:Drivers/CMSIS/DSP/Source/StatisticsFunctions/arm_min_f32.c **** 
 122:Drivers/CMSIS/DSP/Source/StatisticsFunctions/arm_min_f32.c ****     count += 4U;
 123:Drivers/CMSIS/DSP/Source/StatisticsFunctions/arm_min_f32.c **** 
ARM GAS  C:\Users\Lamp\AppData\Local\Temp\ccVaaGgT.s 			page 4


 124:Drivers/CMSIS/DSP/Source/StatisticsFunctions/arm_min_f32.c ****     /* Decrement the loop counter */
 125:Drivers/CMSIS/DSP/Source/StatisticsFunctions/arm_min_f32.c ****     blkCnt--;
 126:Drivers/CMSIS/DSP/Source/StatisticsFunctions/arm_min_f32.c ****   }
 127:Drivers/CMSIS/DSP/Source/StatisticsFunctions/arm_min_f32.c **** 
 128:Drivers/CMSIS/DSP/Source/StatisticsFunctions/arm_min_f32.c ****   /* if (blockSize - 1U) is not multiple of 4 */
 129:Drivers/CMSIS/DSP/Source/StatisticsFunctions/arm_min_f32.c ****   blkCnt = (blockSize - 1U) % 4U;
 130:Drivers/CMSIS/DSP/Source/StatisticsFunctions/arm_min_f32.c **** 
 131:Drivers/CMSIS/DSP/Source/StatisticsFunctions/arm_min_f32.c **** #else
 132:Drivers/CMSIS/DSP/Source/StatisticsFunctions/arm_min_f32.c ****   /* Run the below code for Cortex-M0 */
 133:Drivers/CMSIS/DSP/Source/StatisticsFunctions/arm_min_f32.c **** 
 134:Drivers/CMSIS/DSP/Source/StatisticsFunctions/arm_min_f32.c ****   float32_t minVal1, out;                        /* Temporary variables to store the output value. 
  50              		.loc 1 134 3 is_stmt 1 view .LVU2
 135:Drivers/CMSIS/DSP/Source/StatisticsFunctions/arm_min_f32.c ****   uint32_t blkCnt, outIndex;                     /* loop counter */
  51              		.loc 1 135 3 view .LVU3
 136:Drivers/CMSIS/DSP/Source/StatisticsFunctions/arm_min_f32.c **** 
 137:Drivers/CMSIS/DSP/Source/StatisticsFunctions/arm_min_f32.c ****   /* Initialise the index value to zero. */
 138:Drivers/CMSIS/DSP/Source/StatisticsFunctions/arm_min_f32.c ****   outIndex = 0U;
  52              		.loc 1 138 3 view .LVU4
  53              	.LVL1:
 139:Drivers/CMSIS/DSP/Source/StatisticsFunctions/arm_min_f32.c ****   /* Load first input value that act as reference value for comparision */
 140:Drivers/CMSIS/DSP/Source/StatisticsFunctions/arm_min_f32.c ****   out = *pSrc++;
  54              		.loc 1 140 3 view .LVU5
  55              		.loc 1 140 14 is_stmt 0 view .LVU6
  56 000a 0446     		mov	r4, r0
  57              	.LVL2:
  58              		.loc 1 140 7 view .LVU7
  59 000c 54F8046B 		ldr	r6, [r4], #4	@ float
  60              	.LVL3:
 141:Drivers/CMSIS/DSP/Source/StatisticsFunctions/arm_min_f32.c **** 
 142:Drivers/CMSIS/DSP/Source/StatisticsFunctions/arm_min_f32.c ****   blkCnt = (blockSize - 1U);
  61              		.loc 1 142 3 is_stmt 1 view .LVU8
  62              		.loc 1 142 10 is_stmt 0 view .LVU9
  63 0010 4D1E     		subs	r5, r1, #1
  64              	.LVL4:
 143:Drivers/CMSIS/DSP/Source/StatisticsFunctions/arm_min_f32.c **** 
 144:Drivers/CMSIS/DSP/Source/StatisticsFunctions/arm_min_f32.c **** #endif /* #if defined (ARM_MATH_DSP) */
 145:Drivers/CMSIS/DSP/Source/StatisticsFunctions/arm_min_f32.c **** 
 146:Drivers/CMSIS/DSP/Source/StatisticsFunctions/arm_min_f32.c ****   while (blkCnt > 0U)
  65              		.loc 1 146 3 is_stmt 1 view .LVU10
 138:Drivers/CMSIS/DSP/Source/StatisticsFunctions/arm_min_f32.c ****   /* Load first input value that act as reference value for comparision */
  66              		.loc 1 138 12 is_stmt 0 view .LVU11
  67 0012 4FF0000A 		mov	r10, #0
  68              		.loc 1 146 9 view .LVU12
  69 0016 00E0     		b	.L2
  70              	.LVL5:
  71              	.L3:
 147:Drivers/CMSIS/DSP/Source/StatisticsFunctions/arm_min_f32.c ****   {
 148:Drivers/CMSIS/DSP/Source/StatisticsFunctions/arm_min_f32.c ****     /* Initialize minVal to the next consecutive values one by one */
 149:Drivers/CMSIS/DSP/Source/StatisticsFunctions/arm_min_f32.c ****     minVal1 = *pSrc++;
 150:Drivers/CMSIS/DSP/Source/StatisticsFunctions/arm_min_f32.c **** 
 151:Drivers/CMSIS/DSP/Source/StatisticsFunctions/arm_min_f32.c ****     /* compare for the minimum value */
 152:Drivers/CMSIS/DSP/Source/StatisticsFunctions/arm_min_f32.c ****     if (out > minVal1)
 153:Drivers/CMSIS/DSP/Source/StatisticsFunctions/arm_min_f32.c ****     {
 154:Drivers/CMSIS/DSP/Source/StatisticsFunctions/arm_min_f32.c ****       /* Update the minimum value and it's index */
 155:Drivers/CMSIS/DSP/Source/StatisticsFunctions/arm_min_f32.c ****       out = minVal1;
 156:Drivers/CMSIS/DSP/Source/StatisticsFunctions/arm_min_f32.c ****       outIndex = blockSize - blkCnt;
 157:Drivers/CMSIS/DSP/Source/StatisticsFunctions/arm_min_f32.c ****     }
ARM GAS  C:\Users\Lamp\AppData\Local\Temp\ccVaaGgT.s 			page 5


 158:Drivers/CMSIS/DSP/Source/StatisticsFunctions/arm_min_f32.c **** 
 159:Drivers/CMSIS/DSP/Source/StatisticsFunctions/arm_min_f32.c ****     /* Decrement the loop counter */
 160:Drivers/CMSIS/DSP/Source/StatisticsFunctions/arm_min_f32.c ****     blkCnt--;
  72              		.loc 1 160 5 is_stmt 1 view .LVU13
  73              		.loc 1 160 11 is_stmt 0 view .LVU14
  74 0018 013D     		subs	r5, r5, #1
  75              	.LVL6:
  76              	.L2:
 146:Drivers/CMSIS/DSP/Source/StatisticsFunctions/arm_min_f32.c ****   {
  77              		.loc 1 146 17 is_stmt 1 view .LVU15
  78 001a 5DB1     		cbz	r5, .L8
 149:Drivers/CMSIS/DSP/Source/StatisticsFunctions/arm_min_f32.c **** 
  79              		.loc 1 149 5 view .LVU16
  80              	.LVL7:
 149:Drivers/CMSIS/DSP/Source/StatisticsFunctions/arm_min_f32.c **** 
  81              		.loc 1 149 13 is_stmt 0 view .LVU17
  82 001c 54F804BB 		ldr	fp, [r4], #4	@ float
  83              	.LVL8:
 152:Drivers/CMSIS/DSP/Source/StatisticsFunctions/arm_min_f32.c ****     {
  84              		.loc 1 152 5 is_stmt 1 view .LVU18
 152:Drivers/CMSIS/DSP/Source/StatisticsFunctions/arm_min_f32.c ****     {
  85              		.loc 1 152 8 is_stmt 0 view .LVU19
  86 0020 5946     		mov	r1, fp
  87 0022 3046     		mov	r0, r6
  88 0024 FFF7FEFF 		bl	__aeabi_fcmpgt
  89              	.LVL9:
  90 0028 0028     		cmp	r0, #0
  91 002a F5D0     		beq	.L3
 155:Drivers/CMSIS/DSP/Source/StatisticsFunctions/arm_min_f32.c ****       outIndex = blockSize - blkCnt;
  92              		.loc 1 155 7 is_stmt 1 view .LVU20
  93              	.LVL10:
 156:Drivers/CMSIS/DSP/Source/StatisticsFunctions/arm_min_f32.c ****     }
  94              		.loc 1 156 7 view .LVU21
 156:Drivers/CMSIS/DSP/Source/StatisticsFunctions/arm_min_f32.c ****     }
  95              		.loc 1 156 16 is_stmt 0 view .LVU22
  96 002c A7EB050A 		sub	r10, r7, r5
  97              	.LVL11:
 155:Drivers/CMSIS/DSP/Source/StatisticsFunctions/arm_min_f32.c ****       outIndex = blockSize - blkCnt;
  98              		.loc 1 155 11 view .LVU23
  99 0030 5E46     		mov	r6, fp
 100 0032 F1E7     		b	.L3
 101              	.LVL12:
 102              	.L8:
 161:Drivers/CMSIS/DSP/Source/StatisticsFunctions/arm_min_f32.c ****   }
 162:Drivers/CMSIS/DSP/Source/StatisticsFunctions/arm_min_f32.c **** 
 163:Drivers/CMSIS/DSP/Source/StatisticsFunctions/arm_min_f32.c ****   /* Store the minimum value and it's index into destination pointers */
 164:Drivers/CMSIS/DSP/Source/StatisticsFunctions/arm_min_f32.c ****   *pResult = out;
 103              		.loc 1 164 3 is_stmt 1 view .LVU24
 104              		.loc 1 164 12 is_stmt 0 view .LVU25
 105 0034 C9F80060 		str	r6, [r9]	@ float
 165:Drivers/CMSIS/DSP/Source/StatisticsFunctions/arm_min_f32.c ****   *pIndex = outIndex;
 106              		.loc 1 165 3 is_stmt 1 view .LVU26
 107              		.loc 1 165 11 is_stmt 0 view .LVU27
 108 0038 C8F800A0 		str	r10, [r8]
 166:Drivers/CMSIS/DSP/Source/StatisticsFunctions/arm_min_f32.c **** }
 109              		.loc 1 166 1 view .LVU28
 110 003c BDE8F88F 		pop	{r3, r4, r5, r6, r7, r8, r9, r10, fp, pc}
ARM GAS  C:\Users\Lamp\AppData\Local\Temp\ccVaaGgT.s 			page 6


 111              		.loc 1 166 1 view .LVU29
 112              		.cfi_endproc
 113              	.LFE100:
 115              		.text
 116              	.Letext0:
 117              		.file 2 "C:/ARM GNU Toolchain/arm-none-eabi/include/machine/_default_types.h"
 118              		.file 3 "C:/ARM GNU Toolchain/arm-none-eabi/include/sys/_stdint.h"
 119              		.file 4 "Drivers/CMSIS/DSP/Include/arm_math.h"
ARM GAS  C:\Users\Lamp\AppData\Local\Temp\ccVaaGgT.s 			page 7


DEFINED SYMBOLS
                            *ABS*:00000000 arm_min_f32.c
C:\Users\Lamp\AppData\Local\Temp\ccVaaGgT.s:20     .text.arm_min_f32:00000000 $t
C:\Users\Lamp\AppData\Local\Temp\ccVaaGgT.s:26     .text.arm_min_f32:00000000 arm_min_f32

UNDEFINED SYMBOLS
__aeabi_fcmpgt
