ARM GAS  C:\Users\Lamp\AppData\Local\Temp\ccNCnrUT.s 			page 1


   1              		.cpu cortex-m3
   2              		.arch armv7-m
   3              		.fpu softvfp
   4              		.eabi_attribute 20, 1
   5              		.eabi_attribute 21, 1
   6              		.eabi_attribute 23, 3
   7              		.eabi_attribute 24, 1
   8              		.eabi_attribute 25, 1
   9              		.eabi_attribute 26, 1
  10              		.eabi_attribute 30, 1
  11              		.eabi_attribute 34, 1
  12              		.eabi_attribute 18, 4
  13              		.file	"arm_scale_q7.c"
  14              		.text
  15              	.Ltext0:
  16              		.cfi_sections	.debug_frame
  17              		.file 1 "Drivers/CMSIS/DSP/Source/BasicMathFunctions/arm_scale_q7.c"
  18              		.section	.text.arm_scale_q7,"ax",%progbits
  19              		.align	1
  20              		.global	arm_scale_q7
  21              		.syntax unified
  22              		.thumb
  23              		.thumb_func
  25              	arm_scale_q7:
  26              	.LVL0:
  27              	.LFB100:
   1:Drivers/CMSIS/DSP/Source/BasicMathFunctions/arm_scale_q7.c **** /* ----------------------------------------------------------------------
   2:Drivers/CMSIS/DSP/Source/BasicMathFunctions/arm_scale_q7.c ****  * Project:      CMSIS DSP Library
   3:Drivers/CMSIS/DSP/Source/BasicMathFunctions/arm_scale_q7.c ****  * Title:        arm_scale_q7.c
   4:Drivers/CMSIS/DSP/Source/BasicMathFunctions/arm_scale_q7.c ****  * Description:  Multiplies a Q7 vector by a scalar
   5:Drivers/CMSIS/DSP/Source/BasicMathFunctions/arm_scale_q7.c ****  *
   6:Drivers/CMSIS/DSP/Source/BasicMathFunctions/arm_scale_q7.c ****  * $Date:        27. January 2017
   7:Drivers/CMSIS/DSP/Source/BasicMathFunctions/arm_scale_q7.c ****  * $Revision:    V.1.5.1
   8:Drivers/CMSIS/DSP/Source/BasicMathFunctions/arm_scale_q7.c ****  *
   9:Drivers/CMSIS/DSP/Source/BasicMathFunctions/arm_scale_q7.c ****  * Target Processor: Cortex-M cores
  10:Drivers/CMSIS/DSP/Source/BasicMathFunctions/arm_scale_q7.c ****  * -------------------------------------------------------------------- */
  11:Drivers/CMSIS/DSP/Source/BasicMathFunctions/arm_scale_q7.c **** /*
  12:Drivers/CMSIS/DSP/Source/BasicMathFunctions/arm_scale_q7.c ****  * Copyright (C) 2010-2017 ARM Limited or its affiliates. All rights reserved.
  13:Drivers/CMSIS/DSP/Source/BasicMathFunctions/arm_scale_q7.c ****  *
  14:Drivers/CMSIS/DSP/Source/BasicMathFunctions/arm_scale_q7.c ****  * SPDX-License-Identifier: Apache-2.0
  15:Drivers/CMSIS/DSP/Source/BasicMathFunctions/arm_scale_q7.c ****  *
  16:Drivers/CMSIS/DSP/Source/BasicMathFunctions/arm_scale_q7.c ****  * Licensed under the Apache License, Version 2.0 (the License); you may
  17:Drivers/CMSIS/DSP/Source/BasicMathFunctions/arm_scale_q7.c ****  * not use this file except in compliance with the License.
  18:Drivers/CMSIS/DSP/Source/BasicMathFunctions/arm_scale_q7.c ****  * You may obtain a copy of the License at
  19:Drivers/CMSIS/DSP/Source/BasicMathFunctions/arm_scale_q7.c ****  *
  20:Drivers/CMSIS/DSP/Source/BasicMathFunctions/arm_scale_q7.c ****  * www.apache.org/licenses/LICENSE-2.0
  21:Drivers/CMSIS/DSP/Source/BasicMathFunctions/arm_scale_q7.c ****  *
  22:Drivers/CMSIS/DSP/Source/BasicMathFunctions/arm_scale_q7.c ****  * Unless required by applicable law or agreed to in writing, software
  23:Drivers/CMSIS/DSP/Source/BasicMathFunctions/arm_scale_q7.c ****  * distributed under the License is distributed on an AS IS BASIS, WITHOUT
  24:Drivers/CMSIS/DSP/Source/BasicMathFunctions/arm_scale_q7.c ****  * WARRANTIES OR CONDITIONS OF ANY KIND, either express or implied.
  25:Drivers/CMSIS/DSP/Source/BasicMathFunctions/arm_scale_q7.c ****  * See the License for the specific language governing permissions and
  26:Drivers/CMSIS/DSP/Source/BasicMathFunctions/arm_scale_q7.c ****  * limitations under the License.
  27:Drivers/CMSIS/DSP/Source/BasicMathFunctions/arm_scale_q7.c ****  */
  28:Drivers/CMSIS/DSP/Source/BasicMathFunctions/arm_scale_q7.c **** 
  29:Drivers/CMSIS/DSP/Source/BasicMathFunctions/arm_scale_q7.c **** #include "arm_math.h"
  30:Drivers/CMSIS/DSP/Source/BasicMathFunctions/arm_scale_q7.c **** 
  31:Drivers/CMSIS/DSP/Source/BasicMathFunctions/arm_scale_q7.c **** /**
ARM GAS  C:\Users\Lamp\AppData\Local\Temp\ccNCnrUT.s 			page 2


  32:Drivers/CMSIS/DSP/Source/BasicMathFunctions/arm_scale_q7.c ****  * @ingroup groupMath
  33:Drivers/CMSIS/DSP/Source/BasicMathFunctions/arm_scale_q7.c ****  */
  34:Drivers/CMSIS/DSP/Source/BasicMathFunctions/arm_scale_q7.c **** 
  35:Drivers/CMSIS/DSP/Source/BasicMathFunctions/arm_scale_q7.c **** /**
  36:Drivers/CMSIS/DSP/Source/BasicMathFunctions/arm_scale_q7.c ****  * @addtogroup scale
  37:Drivers/CMSIS/DSP/Source/BasicMathFunctions/arm_scale_q7.c ****  * @{
  38:Drivers/CMSIS/DSP/Source/BasicMathFunctions/arm_scale_q7.c ****  */
  39:Drivers/CMSIS/DSP/Source/BasicMathFunctions/arm_scale_q7.c **** 
  40:Drivers/CMSIS/DSP/Source/BasicMathFunctions/arm_scale_q7.c **** /**
  41:Drivers/CMSIS/DSP/Source/BasicMathFunctions/arm_scale_q7.c ****  * @brief Multiplies a Q7 vector by a scalar.
  42:Drivers/CMSIS/DSP/Source/BasicMathFunctions/arm_scale_q7.c ****  * @param[in]       *pSrc points to the input vector
  43:Drivers/CMSIS/DSP/Source/BasicMathFunctions/arm_scale_q7.c ****  * @param[in]       scaleFract fractional portion of the scale value
  44:Drivers/CMSIS/DSP/Source/BasicMathFunctions/arm_scale_q7.c ****  * @param[in]       shift number of bits to shift the result by
  45:Drivers/CMSIS/DSP/Source/BasicMathFunctions/arm_scale_q7.c ****  * @param[out]      *pDst points to the output vector
  46:Drivers/CMSIS/DSP/Source/BasicMathFunctions/arm_scale_q7.c ****  * @param[in]       blockSize number of samples in the vector
  47:Drivers/CMSIS/DSP/Source/BasicMathFunctions/arm_scale_q7.c ****  * @return none.
  48:Drivers/CMSIS/DSP/Source/BasicMathFunctions/arm_scale_q7.c ****  *
  49:Drivers/CMSIS/DSP/Source/BasicMathFunctions/arm_scale_q7.c ****  * <b>Scaling and Overflow Behavior:</b>
  50:Drivers/CMSIS/DSP/Source/BasicMathFunctions/arm_scale_q7.c ****  * \par
  51:Drivers/CMSIS/DSP/Source/BasicMathFunctions/arm_scale_q7.c ****  * The input data <code>*pSrc</code> and <code>scaleFract</code> are in 1.7 format.
  52:Drivers/CMSIS/DSP/Source/BasicMathFunctions/arm_scale_q7.c ****  * These are multiplied to yield a 2.14 intermediate result and this is shifted with saturation to 
  53:Drivers/CMSIS/DSP/Source/BasicMathFunctions/arm_scale_q7.c ****  */
  54:Drivers/CMSIS/DSP/Source/BasicMathFunctions/arm_scale_q7.c **** 
  55:Drivers/CMSIS/DSP/Source/BasicMathFunctions/arm_scale_q7.c **** void arm_scale_q7(
  56:Drivers/CMSIS/DSP/Source/BasicMathFunctions/arm_scale_q7.c ****   q7_t * pSrc,
  57:Drivers/CMSIS/DSP/Source/BasicMathFunctions/arm_scale_q7.c ****   q7_t scaleFract,
  58:Drivers/CMSIS/DSP/Source/BasicMathFunctions/arm_scale_q7.c ****   int8_t shift,
  59:Drivers/CMSIS/DSP/Source/BasicMathFunctions/arm_scale_q7.c ****   q7_t * pDst,
  60:Drivers/CMSIS/DSP/Source/BasicMathFunctions/arm_scale_q7.c ****   uint32_t blockSize)
  61:Drivers/CMSIS/DSP/Source/BasicMathFunctions/arm_scale_q7.c **** {
  28              		.loc 1 61 1 view -0
  29              		.cfi_startproc
  30              		@ args = 4, pretend = 0, frame = 0
  31              		@ frame_needed = 0, uses_anonymous_args = 0
  32              		@ link register save eliminated.
  33              		.loc 1 61 1 is_stmt 0 view .LVU1
  34 0000 10B4     		push	{r4}
  35              	.LCFI0:
  36              		.cfi_def_cfa_offset 4
  37              		.cfi_offset 4, -4
  38 0002 019C     		ldr	r4, [sp, #4]
  62:Drivers/CMSIS/DSP/Source/BasicMathFunctions/arm_scale_q7.c ****   int8_t kShift = 7 - shift;                     /* shift to apply after scaling */
  39              		.loc 1 62 3 is_stmt 1 view .LVU2
  40              		.loc 1 62 21 is_stmt 0 view .LVU3
  41 0004 C2F10702 		rsb	r2, r2, #7
  42              	.LVL1:
  43              		.loc 1 62 10 view .LVU4
  44 0008 52B2     		sxtb	r2, r2
  45              	.LVL2:
  63:Drivers/CMSIS/DSP/Source/BasicMathFunctions/arm_scale_q7.c ****   uint32_t blkCnt;                               /* loop counter */
  46              		.loc 1 63 3 is_stmt 1 view .LVU5
  64:Drivers/CMSIS/DSP/Source/BasicMathFunctions/arm_scale_q7.c **** 
  65:Drivers/CMSIS/DSP/Source/BasicMathFunctions/arm_scale_q7.c **** #if defined (ARM_MATH_DSP)
  66:Drivers/CMSIS/DSP/Source/BasicMathFunctions/arm_scale_q7.c **** 
  67:Drivers/CMSIS/DSP/Source/BasicMathFunctions/arm_scale_q7.c **** /* Run the below code for Cortex-M4 and Cortex-M3 */
  68:Drivers/CMSIS/DSP/Source/BasicMathFunctions/arm_scale_q7.c ****   q7_t in1, in2, in3, in4, out1, out2, out3, out4;      /* Temporary variables to store input & out
  69:Drivers/CMSIS/DSP/Source/BasicMathFunctions/arm_scale_q7.c **** 
ARM GAS  C:\Users\Lamp\AppData\Local\Temp\ccNCnrUT.s 			page 3


  70:Drivers/CMSIS/DSP/Source/BasicMathFunctions/arm_scale_q7.c **** 
  71:Drivers/CMSIS/DSP/Source/BasicMathFunctions/arm_scale_q7.c ****   /*loop Unrolling */
  72:Drivers/CMSIS/DSP/Source/BasicMathFunctions/arm_scale_q7.c ****   blkCnt = blockSize >> 2U;
  73:Drivers/CMSIS/DSP/Source/BasicMathFunctions/arm_scale_q7.c **** 
  74:Drivers/CMSIS/DSP/Source/BasicMathFunctions/arm_scale_q7.c **** 
  75:Drivers/CMSIS/DSP/Source/BasicMathFunctions/arm_scale_q7.c ****   /* First part of the processing with loop unrolling.  Compute 4 outputs at a time.
  76:Drivers/CMSIS/DSP/Source/BasicMathFunctions/arm_scale_q7.c ****    ** a second loop below computes the remaining 1 to 3 samples. */
  77:Drivers/CMSIS/DSP/Source/BasicMathFunctions/arm_scale_q7.c ****   while (blkCnt > 0U)
  78:Drivers/CMSIS/DSP/Source/BasicMathFunctions/arm_scale_q7.c ****   {
  79:Drivers/CMSIS/DSP/Source/BasicMathFunctions/arm_scale_q7.c ****     /* Reading 4 inputs from memory */
  80:Drivers/CMSIS/DSP/Source/BasicMathFunctions/arm_scale_q7.c ****     in1 = *pSrc++;
  81:Drivers/CMSIS/DSP/Source/BasicMathFunctions/arm_scale_q7.c ****     in2 = *pSrc++;
  82:Drivers/CMSIS/DSP/Source/BasicMathFunctions/arm_scale_q7.c ****     in3 = *pSrc++;
  83:Drivers/CMSIS/DSP/Source/BasicMathFunctions/arm_scale_q7.c ****     in4 = *pSrc++;
  84:Drivers/CMSIS/DSP/Source/BasicMathFunctions/arm_scale_q7.c **** 
  85:Drivers/CMSIS/DSP/Source/BasicMathFunctions/arm_scale_q7.c ****     /* C = A * scale */
  86:Drivers/CMSIS/DSP/Source/BasicMathFunctions/arm_scale_q7.c ****     /* Scale the inputs and then store the results in the temporary variables. */
  87:Drivers/CMSIS/DSP/Source/BasicMathFunctions/arm_scale_q7.c ****     out1 = (q7_t) (__SSAT(((in1) * scaleFract) >> kShift, 8));
  88:Drivers/CMSIS/DSP/Source/BasicMathFunctions/arm_scale_q7.c ****     out2 = (q7_t) (__SSAT(((in2) * scaleFract) >> kShift, 8));
  89:Drivers/CMSIS/DSP/Source/BasicMathFunctions/arm_scale_q7.c ****     out3 = (q7_t) (__SSAT(((in3) * scaleFract) >> kShift, 8));
  90:Drivers/CMSIS/DSP/Source/BasicMathFunctions/arm_scale_q7.c ****     out4 = (q7_t) (__SSAT(((in4) * scaleFract) >> kShift, 8));
  91:Drivers/CMSIS/DSP/Source/BasicMathFunctions/arm_scale_q7.c **** 
  92:Drivers/CMSIS/DSP/Source/BasicMathFunctions/arm_scale_q7.c ****     /* Packing the individual outputs into 32bit and storing in
  93:Drivers/CMSIS/DSP/Source/BasicMathFunctions/arm_scale_q7.c ****      * destination buffer in single write */
  94:Drivers/CMSIS/DSP/Source/BasicMathFunctions/arm_scale_q7.c ****     *__SIMD32(pDst)++ = __PACKq7(out1, out2, out3, out4);
  95:Drivers/CMSIS/DSP/Source/BasicMathFunctions/arm_scale_q7.c **** 
  96:Drivers/CMSIS/DSP/Source/BasicMathFunctions/arm_scale_q7.c ****     /* Decrement the loop counter */
  97:Drivers/CMSIS/DSP/Source/BasicMathFunctions/arm_scale_q7.c ****     blkCnt--;
  98:Drivers/CMSIS/DSP/Source/BasicMathFunctions/arm_scale_q7.c ****   }
  99:Drivers/CMSIS/DSP/Source/BasicMathFunctions/arm_scale_q7.c **** 
 100:Drivers/CMSIS/DSP/Source/BasicMathFunctions/arm_scale_q7.c ****   /* If the blockSize is not a multiple of 4, compute any remaining output samples here.
 101:Drivers/CMSIS/DSP/Source/BasicMathFunctions/arm_scale_q7.c ****    ** No loop unrolling is used. */
 102:Drivers/CMSIS/DSP/Source/BasicMathFunctions/arm_scale_q7.c ****   blkCnt = blockSize % 0x4U;
 103:Drivers/CMSIS/DSP/Source/BasicMathFunctions/arm_scale_q7.c **** 
 104:Drivers/CMSIS/DSP/Source/BasicMathFunctions/arm_scale_q7.c ****   while (blkCnt > 0U)
 105:Drivers/CMSIS/DSP/Source/BasicMathFunctions/arm_scale_q7.c ****   {
 106:Drivers/CMSIS/DSP/Source/BasicMathFunctions/arm_scale_q7.c ****     /* C = A * scale */
 107:Drivers/CMSIS/DSP/Source/BasicMathFunctions/arm_scale_q7.c ****     /* Scale the input and then store the result in the destination buffer. */
 108:Drivers/CMSIS/DSP/Source/BasicMathFunctions/arm_scale_q7.c ****     *pDst++ = (q7_t) (__SSAT(((*pSrc++) * scaleFract) >> kShift, 8));
 109:Drivers/CMSIS/DSP/Source/BasicMathFunctions/arm_scale_q7.c **** 
 110:Drivers/CMSIS/DSP/Source/BasicMathFunctions/arm_scale_q7.c ****     /* Decrement the loop counter */
 111:Drivers/CMSIS/DSP/Source/BasicMathFunctions/arm_scale_q7.c ****     blkCnt--;
 112:Drivers/CMSIS/DSP/Source/BasicMathFunctions/arm_scale_q7.c ****   }
 113:Drivers/CMSIS/DSP/Source/BasicMathFunctions/arm_scale_q7.c **** 
 114:Drivers/CMSIS/DSP/Source/BasicMathFunctions/arm_scale_q7.c **** #else
 115:Drivers/CMSIS/DSP/Source/BasicMathFunctions/arm_scale_q7.c **** 
 116:Drivers/CMSIS/DSP/Source/BasicMathFunctions/arm_scale_q7.c ****   /* Run the below code for Cortex-M0 */
 117:Drivers/CMSIS/DSP/Source/BasicMathFunctions/arm_scale_q7.c **** 
 118:Drivers/CMSIS/DSP/Source/BasicMathFunctions/arm_scale_q7.c ****   /* Initialize blkCnt with number of samples */
 119:Drivers/CMSIS/DSP/Source/BasicMathFunctions/arm_scale_q7.c ****   blkCnt = blockSize;
  47              		.loc 1 119 3 view .LVU6
 120:Drivers/CMSIS/DSP/Source/BasicMathFunctions/arm_scale_q7.c **** 
 121:Drivers/CMSIS/DSP/Source/BasicMathFunctions/arm_scale_q7.c ****   while (blkCnt > 0U)
  48              		.loc 1 121 3 view .LVU7
  49              		.loc 1 121 9 is_stmt 0 view .LVU8
  50 000a 0AE0     		b	.L2
  51              	.L3:
ARM GAS  C:\Users\Lamp\AppData\Local\Temp\ccNCnrUT.s 			page 4


 122:Drivers/CMSIS/DSP/Source/BasicMathFunctions/arm_scale_q7.c ****   {
 123:Drivers/CMSIS/DSP/Source/BasicMathFunctions/arm_scale_q7.c ****     /* C = A * scale */
 124:Drivers/CMSIS/DSP/Source/BasicMathFunctions/arm_scale_q7.c ****     /* Scale the input and then store the result in the destination buffer. */
 125:Drivers/CMSIS/DSP/Source/BasicMathFunctions/arm_scale_q7.c ****     *pDst++ = (q7_t) (__SSAT((((q15_t) * pSrc++ * scaleFract) >> kShift), 8));
  52              		.loc 1 125 5 is_stmt 1 view .LVU9
  53              	.LBB2:
  54              		.loc 1 125 23 view .LVU10
  55              	.LVL3:
  56              		.loc 1 125 23 is_stmt 0 view .LVU11
  57 000c 10F901CB 		ldrsb	ip, [r0], #1
  58              	.LVL4:
  59              		.loc 1 125 23 view .LVU12
  60 0010 0CFB01FC 		mul	ip, ip, r1
  61 0014 4CFA02FC 		asr	ip, ip, r2
  62              	.LVL5:
  63              		.loc 1 125 23 is_stmt 1 view .LVU13
  64              		.syntax unified
  65              	@ 125 "Drivers/CMSIS/DSP/Source/BasicMathFunctions/arm_scale_q7.c" 1
  66 0018 0CF3070C 		ssat ip, #8, ip
  67              	@ 0 "" 2
  68              	.LVL6:
  69              		.loc 1 125 23 view .LVU14
  70              		.loc 1 125 23 is_stmt 0 view .LVU15
  71              		.thumb
  72              		.syntax unified
  73              	.LBE2:
  74              		.loc 1 125 13 view .LVU16
  75 001c 03F801CB 		strb	ip, [r3], #1
  76              	.LVL7:
 126:Drivers/CMSIS/DSP/Source/BasicMathFunctions/arm_scale_q7.c **** 
 127:Drivers/CMSIS/DSP/Source/BasicMathFunctions/arm_scale_q7.c ****     /* Decrement the loop counter */
 128:Drivers/CMSIS/DSP/Source/BasicMathFunctions/arm_scale_q7.c ****     blkCnt--;
  77              		.loc 1 128 5 is_stmt 1 view .LVU17
  78              		.loc 1 128 11 is_stmt 0 view .LVU18
  79 0020 013C     		subs	r4, r4, #1
  80              	.LVL8:
  81              	.L2:
 121:Drivers/CMSIS/DSP/Source/BasicMathFunctions/arm_scale_q7.c ****   {
  82              		.loc 1 121 17 is_stmt 1 view .LVU19
  83 0022 002C     		cmp	r4, #0
  84 0024 F2D1     		bne	.L3
 129:Drivers/CMSIS/DSP/Source/BasicMathFunctions/arm_scale_q7.c ****   }
 130:Drivers/CMSIS/DSP/Source/BasicMathFunctions/arm_scale_q7.c **** 
 131:Drivers/CMSIS/DSP/Source/BasicMathFunctions/arm_scale_q7.c **** #endif /* #if defined (ARM_MATH_DSP) */
 132:Drivers/CMSIS/DSP/Source/BasicMathFunctions/arm_scale_q7.c **** 
 133:Drivers/CMSIS/DSP/Source/BasicMathFunctions/arm_scale_q7.c **** }
  85              		.loc 1 133 1 is_stmt 0 view .LVU20
  86 0026 10BC     		pop	{r4}
  87              	.LCFI1:
  88              		.cfi_restore 4
  89              		.cfi_def_cfa_offset 0
  90              	.LVL9:
  91              		.loc 1 133 1 view .LVU21
  92 0028 7047     		bx	lr
  93              		.cfi_endproc
  94              	.LFE100:
  96              		.text
ARM GAS  C:\Users\Lamp\AppData\Local\Temp\ccNCnrUT.s 			page 5


  97              	.Letext0:
  98              		.file 2 "C:/ARM GNU Toolchain/arm-none-eabi/include/machine/_default_types.h"
  99              		.file 3 "C:/ARM GNU Toolchain/arm-none-eabi/include/sys/_stdint.h"
 100              		.file 4 "Drivers/CMSIS/DSP/Include/arm_math.h"
ARM GAS  C:\Users\Lamp\AppData\Local\Temp\ccNCnrUT.s 			page 6


DEFINED SYMBOLS
                            *ABS*:00000000 arm_scale_q7.c
C:\Users\Lamp\AppData\Local\Temp\ccNCnrUT.s:19     .text.arm_scale_q7:00000000 $t
C:\Users\Lamp\AppData\Local\Temp\ccNCnrUT.s:25     .text.arm_scale_q7:00000000 arm_scale_q7

NO UNDEFINED SYMBOLS
