ARM GAS  C:\Users\Lamp\AppData\Local\Temp\cclOJRM4.s 			page 1


   1              		.cpu cortex-m3
   2              		.arch armv7-m
   3              		.fpu softvfp
   4              		.eabi_attribute 20, 1
   5              		.eabi_attribute 21, 1
   6              		.eabi_attribute 23, 3
   7              		.eabi_attribute 24, 1
   8              		.eabi_attribute 25, 1
   9              		.eabi_attribute 26, 1
  10              		.eabi_attribute 30, 1
  11              		.eabi_attribute 34, 1
  12              		.eabi_attribute 18, 4
  13              		.file	"arm_lms_init_f32.c"
  14              		.text
  15              	.Ltext0:
  16              		.cfi_sections	.debug_frame
  17              		.file 1 "Drivers/CMSIS/DSP/Source/FilteringFunctions/arm_lms_init_f32.c"
  18              		.section	.text.arm_lms_init_f32,"ax",%progbits
  19              		.align	1
  20              		.global	arm_lms_init_f32
  21              		.syntax unified
  22              		.thumb
  23              		.thumb_func
  25              	arm_lms_init_f32:
  26              	.LVL0:
  27              	.LFB100:
   1:Drivers/CMSIS/DSP/Source/FilteringFunctions/arm_lms_init_f32.c **** /* ----------------------------------------------------------------------
   2:Drivers/CMSIS/DSP/Source/FilteringFunctions/arm_lms_init_f32.c ****  * Project:      CMSIS DSP Library
   3:Drivers/CMSIS/DSP/Source/FilteringFunctions/arm_lms_init_f32.c ****  * Title:        arm_lms_init_f32.c
   4:Drivers/CMSIS/DSP/Source/FilteringFunctions/arm_lms_init_f32.c ****  * Description:  Floating-point LMS filter initialization function
   5:Drivers/CMSIS/DSP/Source/FilteringFunctions/arm_lms_init_f32.c ****  *
   6:Drivers/CMSIS/DSP/Source/FilteringFunctions/arm_lms_init_f32.c ****  * $Date:        27. January 2017
   7:Drivers/CMSIS/DSP/Source/FilteringFunctions/arm_lms_init_f32.c ****  * $Revision:    V.1.5.1
   8:Drivers/CMSIS/DSP/Source/FilteringFunctions/arm_lms_init_f32.c ****  *
   9:Drivers/CMSIS/DSP/Source/FilteringFunctions/arm_lms_init_f32.c ****  * Target Processor: Cortex-M cores
  10:Drivers/CMSIS/DSP/Source/FilteringFunctions/arm_lms_init_f32.c ****  * -------------------------------------------------------------------- */
  11:Drivers/CMSIS/DSP/Source/FilteringFunctions/arm_lms_init_f32.c **** /*
  12:Drivers/CMSIS/DSP/Source/FilteringFunctions/arm_lms_init_f32.c ****  * Copyright (C) 2010-2017 ARM Limited or its affiliates. All rights reserved.
  13:Drivers/CMSIS/DSP/Source/FilteringFunctions/arm_lms_init_f32.c ****  *
  14:Drivers/CMSIS/DSP/Source/FilteringFunctions/arm_lms_init_f32.c ****  * SPDX-License-Identifier: Apache-2.0
  15:Drivers/CMSIS/DSP/Source/FilteringFunctions/arm_lms_init_f32.c ****  *
  16:Drivers/CMSIS/DSP/Source/FilteringFunctions/arm_lms_init_f32.c ****  * Licensed under the Apache License, Version 2.0 (the License); you may
  17:Drivers/CMSIS/DSP/Source/FilteringFunctions/arm_lms_init_f32.c ****  * not use this file except in compliance with the License.
  18:Drivers/CMSIS/DSP/Source/FilteringFunctions/arm_lms_init_f32.c ****  * You may obtain a copy of the License at
  19:Drivers/CMSIS/DSP/Source/FilteringFunctions/arm_lms_init_f32.c ****  *
  20:Drivers/CMSIS/DSP/Source/FilteringFunctions/arm_lms_init_f32.c ****  * www.apache.org/licenses/LICENSE-2.0
  21:Drivers/CMSIS/DSP/Source/FilteringFunctions/arm_lms_init_f32.c ****  *
  22:Drivers/CMSIS/DSP/Source/FilteringFunctions/arm_lms_init_f32.c ****  * Unless required by applicable law or agreed to in writing, software
  23:Drivers/CMSIS/DSP/Source/FilteringFunctions/arm_lms_init_f32.c ****  * distributed under the License is distributed on an AS IS BASIS, WITHOUT
  24:Drivers/CMSIS/DSP/Source/FilteringFunctions/arm_lms_init_f32.c ****  * WARRANTIES OR CONDITIONS OF ANY KIND, either express or implied.
  25:Drivers/CMSIS/DSP/Source/FilteringFunctions/arm_lms_init_f32.c ****  * See the License for the specific language governing permissions and
  26:Drivers/CMSIS/DSP/Source/FilteringFunctions/arm_lms_init_f32.c ****  * limitations under the License.
  27:Drivers/CMSIS/DSP/Source/FilteringFunctions/arm_lms_init_f32.c ****  */
  28:Drivers/CMSIS/DSP/Source/FilteringFunctions/arm_lms_init_f32.c **** 
  29:Drivers/CMSIS/DSP/Source/FilteringFunctions/arm_lms_init_f32.c **** #include "arm_math.h"
  30:Drivers/CMSIS/DSP/Source/FilteringFunctions/arm_lms_init_f32.c **** 
  31:Drivers/CMSIS/DSP/Source/FilteringFunctions/arm_lms_init_f32.c **** /**
ARM GAS  C:\Users\Lamp\AppData\Local\Temp\cclOJRM4.s 			page 2


  32:Drivers/CMSIS/DSP/Source/FilteringFunctions/arm_lms_init_f32.c ****  * @addtogroup LMS
  33:Drivers/CMSIS/DSP/Source/FilteringFunctions/arm_lms_init_f32.c ****  * @{
  34:Drivers/CMSIS/DSP/Source/FilteringFunctions/arm_lms_init_f32.c ****  */
  35:Drivers/CMSIS/DSP/Source/FilteringFunctions/arm_lms_init_f32.c **** 
  36:Drivers/CMSIS/DSP/Source/FilteringFunctions/arm_lms_init_f32.c ****   /**
  37:Drivers/CMSIS/DSP/Source/FilteringFunctions/arm_lms_init_f32.c ****    * @brief Initialization function for floating-point LMS filter.
  38:Drivers/CMSIS/DSP/Source/FilteringFunctions/arm_lms_init_f32.c ****    * @param[in] *S points to an instance of the floating-point LMS filter structure.
  39:Drivers/CMSIS/DSP/Source/FilteringFunctions/arm_lms_init_f32.c ****    * @param[in] numTaps  number of filter coefficients.
  40:Drivers/CMSIS/DSP/Source/FilteringFunctions/arm_lms_init_f32.c ****    * @param[in] *pCoeffs points to the coefficient buffer.
  41:Drivers/CMSIS/DSP/Source/FilteringFunctions/arm_lms_init_f32.c ****    * @param[in] *pState points to state buffer.
  42:Drivers/CMSIS/DSP/Source/FilteringFunctions/arm_lms_init_f32.c ****    * @param[in] mu step size that controls filter coefficient updates.
  43:Drivers/CMSIS/DSP/Source/FilteringFunctions/arm_lms_init_f32.c ****    * @param[in] blockSize number of samples to process.
  44:Drivers/CMSIS/DSP/Source/FilteringFunctions/arm_lms_init_f32.c ****    * @return none.
  45:Drivers/CMSIS/DSP/Source/FilteringFunctions/arm_lms_init_f32.c ****    */
  46:Drivers/CMSIS/DSP/Source/FilteringFunctions/arm_lms_init_f32.c **** 
  47:Drivers/CMSIS/DSP/Source/FilteringFunctions/arm_lms_init_f32.c **** /**
  48:Drivers/CMSIS/DSP/Source/FilteringFunctions/arm_lms_init_f32.c ****  * \par Description:
  49:Drivers/CMSIS/DSP/Source/FilteringFunctions/arm_lms_init_f32.c ****  * <code>pCoeffs</code> points to the array of filter coefficients stored in time reversed order:
  50:Drivers/CMSIS/DSP/Source/FilteringFunctions/arm_lms_init_f32.c ****  * <pre>
  51:Drivers/CMSIS/DSP/Source/FilteringFunctions/arm_lms_init_f32.c ****  *    {b[numTaps-1], b[numTaps-2], b[N-2], ..., b[1], b[0]}
  52:Drivers/CMSIS/DSP/Source/FilteringFunctions/arm_lms_init_f32.c ****  * </pre>
  53:Drivers/CMSIS/DSP/Source/FilteringFunctions/arm_lms_init_f32.c ****  * The initial filter coefficients serve as a starting point for the adaptive filter.
  54:Drivers/CMSIS/DSP/Source/FilteringFunctions/arm_lms_init_f32.c ****  * <code>pState</code> points to an array of length <code>numTaps+blockSize-1</code> samples, where
  55:Drivers/CMSIS/DSP/Source/FilteringFunctions/arm_lms_init_f32.c ****  */
  56:Drivers/CMSIS/DSP/Source/FilteringFunctions/arm_lms_init_f32.c **** 
  57:Drivers/CMSIS/DSP/Source/FilteringFunctions/arm_lms_init_f32.c **** void arm_lms_init_f32(
  58:Drivers/CMSIS/DSP/Source/FilteringFunctions/arm_lms_init_f32.c ****   arm_lms_instance_f32 * S,
  59:Drivers/CMSIS/DSP/Source/FilteringFunctions/arm_lms_init_f32.c ****   uint16_t numTaps,
  60:Drivers/CMSIS/DSP/Source/FilteringFunctions/arm_lms_init_f32.c ****   float32_t * pCoeffs,
  61:Drivers/CMSIS/DSP/Source/FilteringFunctions/arm_lms_init_f32.c ****   float32_t * pState,
  62:Drivers/CMSIS/DSP/Source/FilteringFunctions/arm_lms_init_f32.c ****   float32_t mu,
  63:Drivers/CMSIS/DSP/Source/FilteringFunctions/arm_lms_init_f32.c ****   uint32_t blockSize)
  64:Drivers/CMSIS/DSP/Source/FilteringFunctions/arm_lms_init_f32.c **** {
  28              		.loc 1 64 1 view -0
  29              		.cfi_startproc
  30              		@ args = 8, pretend = 0, frame = 0
  31              		@ frame_needed = 0, uses_anonymous_args = 0
  32              		.loc 1 64 1 is_stmt 0 view .LVU1
  33 0000 38B5     		push	{r3, r4, r5, lr}
  34              	.LCFI0:
  35              		.cfi_def_cfa_offset 16
  36              		.cfi_offset 3, -16
  37              		.cfi_offset 4, -12
  38              		.cfi_offset 5, -8
  39              		.cfi_offset 14, -4
  40 0002 0446     		mov	r4, r0
  41 0004 1D46     		mov	r5, r3
  65:Drivers/CMSIS/DSP/Source/FilteringFunctions/arm_lms_init_f32.c ****   /* Assign filter taps */
  66:Drivers/CMSIS/DSP/Source/FilteringFunctions/arm_lms_init_f32.c ****   S->numTaps = numTaps;
  42              		.loc 1 66 3 is_stmt 1 view .LVU2
  43              		.loc 1 66 14 is_stmt 0 view .LVU3
  44 0006 0180     		strh	r1, [r0]	@ movhi
  67:Drivers/CMSIS/DSP/Source/FilteringFunctions/arm_lms_init_f32.c **** 
  68:Drivers/CMSIS/DSP/Source/FilteringFunctions/arm_lms_init_f32.c ****   /* Assign coefficient pointer */
  69:Drivers/CMSIS/DSP/Source/FilteringFunctions/arm_lms_init_f32.c ****   S->pCoeffs = pCoeffs;
  45              		.loc 1 69 3 is_stmt 1 view .LVU4
  46              		.loc 1 69 14 is_stmt 0 view .LVU5
ARM GAS  C:\Users\Lamp\AppData\Local\Temp\cclOJRM4.s 			page 3


  47 0008 8260     		str	r2, [r0, #8]
  70:Drivers/CMSIS/DSP/Source/FilteringFunctions/arm_lms_init_f32.c **** 
  71:Drivers/CMSIS/DSP/Source/FilteringFunctions/arm_lms_init_f32.c ****   /* Clear state buffer and size is always blockSize + numTaps */
  72:Drivers/CMSIS/DSP/Source/FilteringFunctions/arm_lms_init_f32.c ****   memset(pState, 0, (numTaps + (blockSize - 1)) * sizeof(float32_t));
  48              		.loc 1 72 3 is_stmt 1 view .LVU6
  49              		.loc 1 72 30 is_stmt 0 view .LVU7
  50 000a 059B     		ldr	r3, [sp, #20]
  51              	.LVL1:
  52              		.loc 1 72 30 view .LVU8
  53 000c 1944     		add	r1, r1, r3
  54              	.LVL2:
  55              		.loc 1 72 30 view .LVU9
  56 000e 4A1E     		subs	r2, r1, #1
  57              	.LVL3:
  58              		.loc 1 72 3 view .LVU10
  59 0010 9200     		lsls	r2, r2, #2
  60 0012 0021     		movs	r1, #0
  61 0014 2846     		mov	r0, r5
  62              	.LVL4:
  63              		.loc 1 72 3 view .LVU11
  64 0016 FFF7FEFF 		bl	memset
  65              	.LVL5:
  73:Drivers/CMSIS/DSP/Source/FilteringFunctions/arm_lms_init_f32.c **** 
  74:Drivers/CMSIS/DSP/Source/FilteringFunctions/arm_lms_init_f32.c ****   /* Assign state pointer */
  75:Drivers/CMSIS/DSP/Source/FilteringFunctions/arm_lms_init_f32.c ****   S->pState = pState;
  66              		.loc 1 75 3 is_stmt 1 view .LVU12
  67              		.loc 1 75 13 is_stmt 0 view .LVU13
  68 001a 6560     		str	r5, [r4, #4]
  76:Drivers/CMSIS/DSP/Source/FilteringFunctions/arm_lms_init_f32.c **** 
  77:Drivers/CMSIS/DSP/Source/FilteringFunctions/arm_lms_init_f32.c ****   /* Assign Step size value */
  78:Drivers/CMSIS/DSP/Source/FilteringFunctions/arm_lms_init_f32.c ****   S->mu = mu;
  69              		.loc 1 78 3 is_stmt 1 view .LVU14
  70              		.loc 1 78 9 is_stmt 0 view .LVU15
  71 001c 049B     		ldr	r3, [sp, #16]	@ float
  72 001e E360     		str	r3, [r4, #12]	@ float
  79:Drivers/CMSIS/DSP/Source/FilteringFunctions/arm_lms_init_f32.c **** }
  73              		.loc 1 79 1 view .LVU16
  74 0020 38BD     		pop	{r3, r4, r5, pc}
  75              		.loc 1 79 1 view .LVU17
  76              		.cfi_endproc
  77              	.LFE100:
  79              		.text
  80              	.Letext0:
  81              		.file 2 "C:/ARM GNU Toolchain/arm-none-eabi/include/machine/_default_types.h"
  82              		.file 3 "C:/ARM GNU Toolchain/arm-none-eabi/include/sys/_stdint.h"
  83              		.file 4 "C:/ARM GNU Toolchain/lib/gcc/arm-none-eabi/13.3.1/include/stddef.h"
  84              		.file 5 "Drivers/CMSIS/DSP/Include/arm_math.h"
  85              		.file 6 "C:/ARM GNU Toolchain/arm-none-eabi/include/string.h"
  86              		.file 7 "<built-in>"
ARM GAS  C:\Users\Lamp\AppData\Local\Temp\cclOJRM4.s 			page 4


DEFINED SYMBOLS
                            *ABS*:00000000 arm_lms_init_f32.c
C:\Users\Lamp\AppData\Local\Temp\cclOJRM4.s:19     .text.arm_lms_init_f32:00000000 $t
C:\Users\Lamp\AppData\Local\Temp\cclOJRM4.s:25     .text.arm_lms_init_f32:00000000 arm_lms_init_f32

UNDEFINED SYMBOLS
memset
