ARM GAS  C:\Users\Lamp\AppData\Local\Temp\ccVw8F85.s 			page 1


   1              		.cpu cortex-m3
   2              		.arch armv7-m
   3              		.fpu softvfp
   4              		.eabi_attribute 20, 1
   5              		.eabi_attribute 21, 1
   6              		.eabi_attribute 23, 3
   7              		.eabi_attribute 24, 1
   8              		.eabi_attribute 25, 1
   9              		.eabi_attribute 26, 1
  10              		.eabi_attribute 30, 1
  11              		.eabi_attribute 34, 1
  12              		.eabi_attribute 18, 4
  13              		.file	"arm_cfft_radix4_init_q31.c"
  14              		.text
  15              	.Ltext0:
  16              		.cfi_sections	.debug_frame
  17              		.file 1 "Drivers/CMSIS/DSP/Source/TransformFunctions/arm_cfft_radix4_init_q31.c"
  18              		.section	.text.arm_cfft_radix4_init_q31,"ax",%progbits
  19              		.align	1
  20              		.global	arm_cfft_radix4_init_q31
  21              		.syntax unified
  22              		.thumb
  23              		.thumb_func
  25              	arm_cfft_radix4_init_q31:
  26              	.LVL0:
  27              	.LFB100:
   1:Drivers/CMSIS/DSP/Source/TransformFunctions/arm_cfft_radix4_init_q31.c **** /* ----------------------------------------------------------------------
   2:Drivers/CMSIS/DSP/Source/TransformFunctions/arm_cfft_radix4_init_q31.c ****  * Project:      CMSIS DSP Library
   3:Drivers/CMSIS/DSP/Source/TransformFunctions/arm_cfft_radix4_init_q31.c ****  * Title:        arm_cfft_radix4_init_q31.c
   4:Drivers/CMSIS/DSP/Source/TransformFunctions/arm_cfft_radix4_init_q31.c ****  * Description:  Radix-4 Decimation in Frequency Q31 FFT & IFFT initialization function
   5:Drivers/CMSIS/DSP/Source/TransformFunctions/arm_cfft_radix4_init_q31.c ****  *
   6:Drivers/CMSIS/DSP/Source/TransformFunctions/arm_cfft_radix4_init_q31.c ****  * $Date:        27. January 2017
   7:Drivers/CMSIS/DSP/Source/TransformFunctions/arm_cfft_radix4_init_q31.c ****  * $Revision:    V.1.5.1
   8:Drivers/CMSIS/DSP/Source/TransformFunctions/arm_cfft_radix4_init_q31.c ****  *
   9:Drivers/CMSIS/DSP/Source/TransformFunctions/arm_cfft_radix4_init_q31.c ****  * Target Processor: Cortex-M cores
  10:Drivers/CMSIS/DSP/Source/TransformFunctions/arm_cfft_radix4_init_q31.c ****  * -------------------------------------------------------------------- */
  11:Drivers/CMSIS/DSP/Source/TransformFunctions/arm_cfft_radix4_init_q31.c **** /*
  12:Drivers/CMSIS/DSP/Source/TransformFunctions/arm_cfft_radix4_init_q31.c ****  * Copyright (C) 2010-2017 ARM Limited or its affiliates. All rights reserved.
  13:Drivers/CMSIS/DSP/Source/TransformFunctions/arm_cfft_radix4_init_q31.c ****  *
  14:Drivers/CMSIS/DSP/Source/TransformFunctions/arm_cfft_radix4_init_q31.c ****  * SPDX-License-Identifier: Apache-2.0
  15:Drivers/CMSIS/DSP/Source/TransformFunctions/arm_cfft_radix4_init_q31.c ****  *
  16:Drivers/CMSIS/DSP/Source/TransformFunctions/arm_cfft_radix4_init_q31.c ****  * Licensed under the Apache License, Version 2.0 (the License); you may
  17:Drivers/CMSIS/DSP/Source/TransformFunctions/arm_cfft_radix4_init_q31.c ****  * not use this file except in compliance with the License.
  18:Drivers/CMSIS/DSP/Source/TransformFunctions/arm_cfft_radix4_init_q31.c ****  * You may obtain a copy of the License at
  19:Drivers/CMSIS/DSP/Source/TransformFunctions/arm_cfft_radix4_init_q31.c ****  *
  20:Drivers/CMSIS/DSP/Source/TransformFunctions/arm_cfft_radix4_init_q31.c ****  * www.apache.org/licenses/LICENSE-2.0
  21:Drivers/CMSIS/DSP/Source/TransformFunctions/arm_cfft_radix4_init_q31.c ****  *
  22:Drivers/CMSIS/DSP/Source/TransformFunctions/arm_cfft_radix4_init_q31.c ****  * Unless required by applicable law or agreed to in writing, software
  23:Drivers/CMSIS/DSP/Source/TransformFunctions/arm_cfft_radix4_init_q31.c ****  * distributed under the License is distributed on an AS IS BASIS, WITHOUT
  24:Drivers/CMSIS/DSP/Source/TransformFunctions/arm_cfft_radix4_init_q31.c ****  * WARRANTIES OR CONDITIONS OF ANY KIND, either express or implied.
  25:Drivers/CMSIS/DSP/Source/TransformFunctions/arm_cfft_radix4_init_q31.c ****  * See the License for the specific language governing permissions and
  26:Drivers/CMSIS/DSP/Source/TransformFunctions/arm_cfft_radix4_init_q31.c ****  * limitations under the License.
  27:Drivers/CMSIS/DSP/Source/TransformFunctions/arm_cfft_radix4_init_q31.c ****  */
  28:Drivers/CMSIS/DSP/Source/TransformFunctions/arm_cfft_radix4_init_q31.c **** 
  29:Drivers/CMSIS/DSP/Source/TransformFunctions/arm_cfft_radix4_init_q31.c **** #include "arm_math.h"
  30:Drivers/CMSIS/DSP/Source/TransformFunctions/arm_cfft_radix4_init_q31.c **** #include "arm_common_tables.h"
  31:Drivers/CMSIS/DSP/Source/TransformFunctions/arm_cfft_radix4_init_q31.c **** 
ARM GAS  C:\Users\Lamp\AppData\Local\Temp\ccVw8F85.s 			page 2


  32:Drivers/CMSIS/DSP/Source/TransformFunctions/arm_cfft_radix4_init_q31.c **** /**
  33:Drivers/CMSIS/DSP/Source/TransformFunctions/arm_cfft_radix4_init_q31.c ****  * @ingroup groupTransforms
  34:Drivers/CMSIS/DSP/Source/TransformFunctions/arm_cfft_radix4_init_q31.c ****  */
  35:Drivers/CMSIS/DSP/Source/TransformFunctions/arm_cfft_radix4_init_q31.c **** 
  36:Drivers/CMSIS/DSP/Source/TransformFunctions/arm_cfft_radix4_init_q31.c **** /**
  37:Drivers/CMSIS/DSP/Source/TransformFunctions/arm_cfft_radix4_init_q31.c ****  * @addtogroup ComplexFFT
  38:Drivers/CMSIS/DSP/Source/TransformFunctions/arm_cfft_radix4_init_q31.c ****  * @{
  39:Drivers/CMSIS/DSP/Source/TransformFunctions/arm_cfft_radix4_init_q31.c ****  */
  40:Drivers/CMSIS/DSP/Source/TransformFunctions/arm_cfft_radix4_init_q31.c **** 
  41:Drivers/CMSIS/DSP/Source/TransformFunctions/arm_cfft_radix4_init_q31.c **** /**
  42:Drivers/CMSIS/DSP/Source/TransformFunctions/arm_cfft_radix4_init_q31.c **** *
  43:Drivers/CMSIS/DSP/Source/TransformFunctions/arm_cfft_radix4_init_q31.c **** * @brief  Initialization function for the Q31 CFFT/CIFFT.
  44:Drivers/CMSIS/DSP/Source/TransformFunctions/arm_cfft_radix4_init_q31.c **** * @deprecated Do not use this function.  It has been superseded by \ref arm_cfft_q31 and will be re
  45:Drivers/CMSIS/DSP/Source/TransformFunctions/arm_cfft_radix4_init_q31.c **** * @param[in,out] *S             points to an instance of the Q31 CFFT/CIFFT structure.
  46:Drivers/CMSIS/DSP/Source/TransformFunctions/arm_cfft_radix4_init_q31.c **** * @param[in]     fftLen         length of the FFT.
  47:Drivers/CMSIS/DSP/Source/TransformFunctions/arm_cfft_radix4_init_q31.c **** * @param[in]     ifftFlag       flag that selects forward (ifftFlag=0) or inverse (ifftFlag=1) tran
  48:Drivers/CMSIS/DSP/Source/TransformFunctions/arm_cfft_radix4_init_q31.c **** * @param[in]     bitReverseFlag flag that enables (bitReverseFlag=1) or disables (bitReverseFlag=0)
  49:Drivers/CMSIS/DSP/Source/TransformFunctions/arm_cfft_radix4_init_q31.c **** * @return        The function returns ARM_MATH_SUCCESS if initialization is successful or ARM_MATH_
  50:Drivers/CMSIS/DSP/Source/TransformFunctions/arm_cfft_radix4_init_q31.c **** *
  51:Drivers/CMSIS/DSP/Source/TransformFunctions/arm_cfft_radix4_init_q31.c **** * \par Description:
  52:Drivers/CMSIS/DSP/Source/TransformFunctions/arm_cfft_radix4_init_q31.c **** * \par
  53:Drivers/CMSIS/DSP/Source/TransformFunctions/arm_cfft_radix4_init_q31.c **** * The parameter <code>ifftFlag</code> controls whether a forward or inverse transform is computed.
  54:Drivers/CMSIS/DSP/Source/TransformFunctions/arm_cfft_radix4_init_q31.c **** * Set(=1) ifftFlag for calculation of CIFFT otherwise  CFFT is calculated
  55:Drivers/CMSIS/DSP/Source/TransformFunctions/arm_cfft_radix4_init_q31.c **** * \par
  56:Drivers/CMSIS/DSP/Source/TransformFunctions/arm_cfft_radix4_init_q31.c **** * The parameter <code>bitReverseFlag</code> controls whether output is in normal order or bit rever
  57:Drivers/CMSIS/DSP/Source/TransformFunctions/arm_cfft_radix4_init_q31.c **** * Set(=1) bitReverseFlag for output to be in normal order otherwise output is in bit reversed order
  58:Drivers/CMSIS/DSP/Source/TransformFunctions/arm_cfft_radix4_init_q31.c **** * \par
  59:Drivers/CMSIS/DSP/Source/TransformFunctions/arm_cfft_radix4_init_q31.c **** * The parameter <code>fftLen</code>	Specifies length of CFFT/CIFFT process. Supported FFT Lengths a
  60:Drivers/CMSIS/DSP/Source/TransformFunctions/arm_cfft_radix4_init_q31.c **** * \par
  61:Drivers/CMSIS/DSP/Source/TransformFunctions/arm_cfft_radix4_init_q31.c **** * This Function also initializes Twiddle factor table pointer and Bit reversal table pointer.
  62:Drivers/CMSIS/DSP/Source/TransformFunctions/arm_cfft_radix4_init_q31.c **** */
  63:Drivers/CMSIS/DSP/Source/TransformFunctions/arm_cfft_radix4_init_q31.c **** 
  64:Drivers/CMSIS/DSP/Source/TransformFunctions/arm_cfft_radix4_init_q31.c **** arm_status arm_cfft_radix4_init_q31(
  65:Drivers/CMSIS/DSP/Source/TransformFunctions/arm_cfft_radix4_init_q31.c ****   arm_cfft_radix4_instance_q31 * S,
  66:Drivers/CMSIS/DSP/Source/TransformFunctions/arm_cfft_radix4_init_q31.c ****   uint16_t fftLen,
  67:Drivers/CMSIS/DSP/Source/TransformFunctions/arm_cfft_radix4_init_q31.c ****   uint8_t ifftFlag,
  68:Drivers/CMSIS/DSP/Source/TransformFunctions/arm_cfft_radix4_init_q31.c ****   uint8_t bitReverseFlag)
  69:Drivers/CMSIS/DSP/Source/TransformFunctions/arm_cfft_radix4_init_q31.c **** {
  28              		.loc 1 69 1 view -0
  29              		.cfi_startproc
  30              		@ args = 0, pretend = 0, frame = 0
  31              		@ frame_needed = 0, uses_anonymous_args = 0
  32              		@ link register save eliminated.
  33              		.loc 1 69 1 is_stmt 0 view .LVU1
  34 0000 10B4     		push	{r4}
  35              	.LCFI0:
  36              		.cfi_def_cfa_offset 4
  37              		.cfi_offset 4, -4
  70:Drivers/CMSIS/DSP/Source/TransformFunctions/arm_cfft_radix4_init_q31.c ****   /*  Initialise the default arm status */
  71:Drivers/CMSIS/DSP/Source/TransformFunctions/arm_cfft_radix4_init_q31.c ****   arm_status status = ARM_MATH_SUCCESS;
  38              		.loc 1 71 3 is_stmt 1 view .LVU2
  39              	.LVL1:
  72:Drivers/CMSIS/DSP/Source/TransformFunctions/arm_cfft_radix4_init_q31.c ****   /*  Initialise the FFT length */
  73:Drivers/CMSIS/DSP/Source/TransformFunctions/arm_cfft_radix4_init_q31.c ****   S->fftLen = fftLen;
  40              		.loc 1 73 3 view .LVU3
  41              		.loc 1 73 13 is_stmt 0 view .LVU4
  42 0002 0180     		strh	r1, [r0]	@ movhi
ARM GAS  C:\Users\Lamp\AppData\Local\Temp\ccVw8F85.s 			page 3


  74:Drivers/CMSIS/DSP/Source/TransformFunctions/arm_cfft_radix4_init_q31.c ****   /*  Initialise the Twiddle coefficient pointer */
  75:Drivers/CMSIS/DSP/Source/TransformFunctions/arm_cfft_radix4_init_q31.c ****   S->pTwiddle = (q31_t *) twiddleCoef_4096_q31;
  43              		.loc 1 75 3 is_stmt 1 view .LVU5
  44              		.loc 1 75 15 is_stmt 0 view .LVU6
  45 0004 1E4C     		ldr	r4, .L12
  46 0006 4460     		str	r4, [r0, #4]
  76:Drivers/CMSIS/DSP/Source/TransformFunctions/arm_cfft_radix4_init_q31.c ****   /*  Initialise the Flag for selection of CFFT or CIFFT */
  77:Drivers/CMSIS/DSP/Source/TransformFunctions/arm_cfft_radix4_init_q31.c ****   S->ifftFlag = ifftFlag;
  47              		.loc 1 77 3 is_stmt 1 view .LVU7
  48              		.loc 1 77 15 is_stmt 0 view .LVU8
  49 0008 8270     		strb	r2, [r0, #2]
  78:Drivers/CMSIS/DSP/Source/TransformFunctions/arm_cfft_radix4_init_q31.c ****   /*  Initialise the Flag for calculation Bit reversal or not */
  79:Drivers/CMSIS/DSP/Source/TransformFunctions/arm_cfft_radix4_init_q31.c ****   S->bitReverseFlag = bitReverseFlag;
  50              		.loc 1 79 3 is_stmt 1 view .LVU9
  51              		.loc 1 79 21 is_stmt 0 view .LVU10
  52 000a C370     		strb	r3, [r0, #3]
  80:Drivers/CMSIS/DSP/Source/TransformFunctions/arm_cfft_radix4_init_q31.c **** 
  81:Drivers/CMSIS/DSP/Source/TransformFunctions/arm_cfft_radix4_init_q31.c ****   /*  Initializations of Instance structure depending on the FFT length */
  82:Drivers/CMSIS/DSP/Source/TransformFunctions/arm_cfft_radix4_init_q31.c ****   switch (S->fftLen)
  53              		.loc 1 82 3 is_stmt 1 view .LVU11
  54 000c B1F5807F 		cmp	r1, #256
  55 0010 23D0     		beq	.L2
  56 0012 0DD9     		bls	.L10
  57 0014 B1F5806F 		cmp	r1, #1024
  58 0018 18D0     		beq	.L7
  59 001a B1F5805F 		cmp	r1, #4096
  60 001e 2BD1     		bne	.L8
  83:Drivers/CMSIS/DSP/Source/TransformFunctions/arm_cfft_radix4_init_q31.c ****   {
  84:Drivers/CMSIS/DSP/Source/TransformFunctions/arm_cfft_radix4_init_q31.c ****     /*  Initializations of structure parameters for 4096 point FFT */
  85:Drivers/CMSIS/DSP/Source/TransformFunctions/arm_cfft_radix4_init_q31.c ****   case 4096U:
  86:Drivers/CMSIS/DSP/Source/TransformFunctions/arm_cfft_radix4_init_q31.c ****     /*  Initialise the twiddle coef modifier value */
  87:Drivers/CMSIS/DSP/Source/TransformFunctions/arm_cfft_radix4_init_q31.c ****     S->twidCoefModifier = 1U;
  61              		.loc 1 87 5 view .LVU12
  62              		.loc 1 87 25 is_stmt 0 view .LVU13
  63 0020 0123     		movs	r3, #1
  64              	.LVL2:
  65              		.loc 1 87 25 view .LVU14
  66 0022 8381     		strh	r3, [r0, #12]	@ movhi
  88:Drivers/CMSIS/DSP/Source/TransformFunctions/arm_cfft_radix4_init_q31.c ****     /*  Initialise the bit reversal table modifier */
  89:Drivers/CMSIS/DSP/Source/TransformFunctions/arm_cfft_radix4_init_q31.c ****     S->bitRevFactor = 1U;
  67              		.loc 1 89 5 is_stmt 1 view .LVU15
  68              		.loc 1 89 21 is_stmt 0 view .LVU16
  69 0024 C381     		strh	r3, [r0, #14]	@ movhi
  90:Drivers/CMSIS/DSP/Source/TransformFunctions/arm_cfft_radix4_init_q31.c ****     /*  Initialise the bit reversal table pointer */
  91:Drivers/CMSIS/DSP/Source/TransformFunctions/arm_cfft_radix4_init_q31.c ****     S->pBitRevTable = (uint16_t *) armBitRevTable;
  70              		.loc 1 91 5 is_stmt 1 view .LVU17
  71              		.loc 1 91 21 is_stmt 0 view .LVU18
  72 0026 174B     		ldr	r3, .L12+4
  73 0028 8360     		str	r3, [r0, #8]
  92:Drivers/CMSIS/DSP/Source/TransformFunctions/arm_cfft_radix4_init_q31.c ****     break;
  74              		.loc 1 92 5 is_stmt 1 view .LVU19
  71:Drivers/CMSIS/DSP/Source/TransformFunctions/arm_cfft_radix4_init_q31.c ****   /*  Initialise the FFT length */
  75              		.loc 1 71 14 is_stmt 0 view .LVU20
  76 002a 0020     		movs	r0, #0
  77              	.LVL3:
  78              	.L6:
  93:Drivers/CMSIS/DSP/Source/TransformFunctions/arm_cfft_radix4_init_q31.c **** 
ARM GAS  C:\Users\Lamp\AppData\Local\Temp\ccVw8F85.s 			page 4


  94:Drivers/CMSIS/DSP/Source/TransformFunctions/arm_cfft_radix4_init_q31.c ****     /*  Initializations of structure parameters for 1024 point FFT */
  95:Drivers/CMSIS/DSP/Source/TransformFunctions/arm_cfft_radix4_init_q31.c ****   case 1024U:
  96:Drivers/CMSIS/DSP/Source/TransformFunctions/arm_cfft_radix4_init_q31.c ****     /*  Initialise the twiddle coef modifier value */
  97:Drivers/CMSIS/DSP/Source/TransformFunctions/arm_cfft_radix4_init_q31.c ****     S->twidCoefModifier = 4U;
  98:Drivers/CMSIS/DSP/Source/TransformFunctions/arm_cfft_radix4_init_q31.c ****     /*  Initialise the bit reversal table modifier */
  99:Drivers/CMSIS/DSP/Source/TransformFunctions/arm_cfft_radix4_init_q31.c ****     S->bitRevFactor = 4U;
 100:Drivers/CMSIS/DSP/Source/TransformFunctions/arm_cfft_radix4_init_q31.c ****     /*  Initialise the bit reversal table pointer */
 101:Drivers/CMSIS/DSP/Source/TransformFunctions/arm_cfft_radix4_init_q31.c ****     S->pBitRevTable = (uint16_t *) & armBitRevTable[3];
 102:Drivers/CMSIS/DSP/Source/TransformFunctions/arm_cfft_radix4_init_q31.c ****     break;
 103:Drivers/CMSIS/DSP/Source/TransformFunctions/arm_cfft_radix4_init_q31.c **** 
 104:Drivers/CMSIS/DSP/Source/TransformFunctions/arm_cfft_radix4_init_q31.c ****   case 256U:
 105:Drivers/CMSIS/DSP/Source/TransformFunctions/arm_cfft_radix4_init_q31.c ****     /*  Initializations of structure parameters for 256 point FFT */
 106:Drivers/CMSIS/DSP/Source/TransformFunctions/arm_cfft_radix4_init_q31.c ****     S->twidCoefModifier = 16U;
 107:Drivers/CMSIS/DSP/Source/TransformFunctions/arm_cfft_radix4_init_q31.c ****     S->bitRevFactor = 16U;
 108:Drivers/CMSIS/DSP/Source/TransformFunctions/arm_cfft_radix4_init_q31.c ****     S->pBitRevTable = (uint16_t *) & armBitRevTable[15];
 109:Drivers/CMSIS/DSP/Source/TransformFunctions/arm_cfft_radix4_init_q31.c ****     break;
 110:Drivers/CMSIS/DSP/Source/TransformFunctions/arm_cfft_radix4_init_q31.c **** 
 111:Drivers/CMSIS/DSP/Source/TransformFunctions/arm_cfft_radix4_init_q31.c ****   case 64U:
 112:Drivers/CMSIS/DSP/Source/TransformFunctions/arm_cfft_radix4_init_q31.c ****     /*  Initializations of structure parameters for 64 point FFT */
 113:Drivers/CMSIS/DSP/Source/TransformFunctions/arm_cfft_radix4_init_q31.c ****     S->twidCoefModifier = 64U;
 114:Drivers/CMSIS/DSP/Source/TransformFunctions/arm_cfft_radix4_init_q31.c ****     S->bitRevFactor = 64U;
 115:Drivers/CMSIS/DSP/Source/TransformFunctions/arm_cfft_radix4_init_q31.c ****     S->pBitRevTable = (uint16_t *) & armBitRevTable[63];
 116:Drivers/CMSIS/DSP/Source/TransformFunctions/arm_cfft_radix4_init_q31.c ****     break;
 117:Drivers/CMSIS/DSP/Source/TransformFunctions/arm_cfft_radix4_init_q31.c **** 
 118:Drivers/CMSIS/DSP/Source/TransformFunctions/arm_cfft_radix4_init_q31.c ****   case 16U:
 119:Drivers/CMSIS/DSP/Source/TransformFunctions/arm_cfft_radix4_init_q31.c ****     /*  Initializations of structure parameters for 16 point FFT */
 120:Drivers/CMSIS/DSP/Source/TransformFunctions/arm_cfft_radix4_init_q31.c ****     S->twidCoefModifier = 256U;
 121:Drivers/CMSIS/DSP/Source/TransformFunctions/arm_cfft_radix4_init_q31.c ****     S->bitRevFactor = 256U;
 122:Drivers/CMSIS/DSP/Source/TransformFunctions/arm_cfft_radix4_init_q31.c ****     S->pBitRevTable = (uint16_t *) & armBitRevTable[255];
 123:Drivers/CMSIS/DSP/Source/TransformFunctions/arm_cfft_radix4_init_q31.c ****     break;
 124:Drivers/CMSIS/DSP/Source/TransformFunctions/arm_cfft_radix4_init_q31.c **** 
 125:Drivers/CMSIS/DSP/Source/TransformFunctions/arm_cfft_radix4_init_q31.c ****   default:
 126:Drivers/CMSIS/DSP/Source/TransformFunctions/arm_cfft_radix4_init_q31.c ****     /*  Reporting argument error if fftSize is not valid value */
 127:Drivers/CMSIS/DSP/Source/TransformFunctions/arm_cfft_radix4_init_q31.c ****     status = ARM_MATH_ARGUMENT_ERROR;
 128:Drivers/CMSIS/DSP/Source/TransformFunctions/arm_cfft_radix4_init_q31.c ****     break;
 129:Drivers/CMSIS/DSP/Source/TransformFunctions/arm_cfft_radix4_init_q31.c ****   }
 130:Drivers/CMSIS/DSP/Source/TransformFunctions/arm_cfft_radix4_init_q31.c **** 
 131:Drivers/CMSIS/DSP/Source/TransformFunctions/arm_cfft_radix4_init_q31.c ****   return (status);
  79              		.loc 1 131 3 is_stmt 1 view .LVU21
 132:Drivers/CMSIS/DSP/Source/TransformFunctions/arm_cfft_radix4_init_q31.c **** }
  80              		.loc 1 132 1 is_stmt 0 view .LVU22
  81 002c 10BC     		pop	{r4}
  82              	.LCFI1:
  83              		.cfi_remember_state
  84              		.cfi_restore 4
  85              		.cfi_def_cfa_offset 0
  86 002e 7047     		bx	lr
  87              	.LVL4:
  88              	.L10:
  89              	.LCFI2:
  90              		.cfi_restore_state
  82:Drivers/CMSIS/DSP/Source/TransformFunctions/arm_cfft_radix4_init_q31.c ****   {
  91              		.loc 1 82 3 view .LVU23
  92 0030 1029     		cmp	r1, #16
  93 0032 19D0     		beq	.L4
  94 0034 4029     		cmp	r1, #64
  95 0036 06D1     		bne	.L11
ARM GAS  C:\Users\Lamp\AppData\Local\Temp\ccVw8F85.s 			page 5


 113:Drivers/CMSIS/DSP/Source/TransformFunctions/arm_cfft_radix4_init_q31.c ****     S->bitRevFactor = 64U;
  96              		.loc 1 113 5 is_stmt 1 view .LVU24
 113:Drivers/CMSIS/DSP/Source/TransformFunctions/arm_cfft_radix4_init_q31.c ****     S->bitRevFactor = 64U;
  97              		.loc 1 113 25 is_stmt 0 view .LVU25
  98 0038 4023     		movs	r3, #64
  99              	.LVL5:
 113:Drivers/CMSIS/DSP/Source/TransformFunctions/arm_cfft_radix4_init_q31.c ****     S->bitRevFactor = 64U;
 100              		.loc 1 113 25 view .LVU26
 101 003a 8381     		strh	r3, [r0, #12]	@ movhi
 114:Drivers/CMSIS/DSP/Source/TransformFunctions/arm_cfft_radix4_init_q31.c ****     S->pBitRevTable = (uint16_t *) & armBitRevTable[63];
 102              		.loc 1 114 5 is_stmt 1 view .LVU27
 114:Drivers/CMSIS/DSP/Source/TransformFunctions/arm_cfft_radix4_init_q31.c ****     S->pBitRevTable = (uint16_t *) & armBitRevTable[63];
 103              		.loc 1 114 21 is_stmt 0 view .LVU28
 104 003c C381     		strh	r3, [r0, #14]	@ movhi
 115:Drivers/CMSIS/DSP/Source/TransformFunctions/arm_cfft_radix4_init_q31.c ****     break;
 105              		.loc 1 115 5 is_stmt 1 view .LVU29
 115:Drivers/CMSIS/DSP/Source/TransformFunctions/arm_cfft_radix4_init_q31.c ****     break;
 106              		.loc 1 115 21 is_stmt 0 view .LVU30
 107 003e 124B     		ldr	r3, .L12+8
 108 0040 8360     		str	r3, [r0, #8]
 116:Drivers/CMSIS/DSP/Source/TransformFunctions/arm_cfft_radix4_init_q31.c **** 
 109              		.loc 1 116 5 is_stmt 1 view .LVU31
  71:Drivers/CMSIS/DSP/Source/TransformFunctions/arm_cfft_radix4_init_q31.c ****   /*  Initialise the FFT length */
 110              		.loc 1 71 14 is_stmt 0 view .LVU32
 111 0042 0020     		movs	r0, #0
 112              	.LVL6:
 116:Drivers/CMSIS/DSP/Source/TransformFunctions/arm_cfft_radix4_init_q31.c **** 
 113              		.loc 1 116 5 view .LVU33
 114 0044 F2E7     		b	.L6
 115              	.LVL7:
 116              	.L11:
  82:Drivers/CMSIS/DSP/Source/TransformFunctions/arm_cfft_radix4_init_q31.c ****   {
 117              		.loc 1 82 3 view .LVU34
 118 0046 4FF0FF30 		mov	r0, #-1
 119              	.LVL8:
  82:Drivers/CMSIS/DSP/Source/TransformFunctions/arm_cfft_radix4_init_q31.c ****   {
 120              		.loc 1 82 3 view .LVU35
 121 004a EFE7     		b	.L6
 122              	.LVL9:
 123              	.L7:
  97:Drivers/CMSIS/DSP/Source/TransformFunctions/arm_cfft_radix4_init_q31.c ****     /*  Initialise the bit reversal table modifier */
 124              		.loc 1 97 5 is_stmt 1 view .LVU36
  97:Drivers/CMSIS/DSP/Source/TransformFunctions/arm_cfft_radix4_init_q31.c ****     /*  Initialise the bit reversal table modifier */
 125              		.loc 1 97 25 is_stmt 0 view .LVU37
 126 004c 0423     		movs	r3, #4
 127              	.LVL10:
  97:Drivers/CMSIS/DSP/Source/TransformFunctions/arm_cfft_radix4_init_q31.c ****     /*  Initialise the bit reversal table modifier */
 128              		.loc 1 97 25 view .LVU38
 129 004e 8381     		strh	r3, [r0, #12]	@ movhi
  99:Drivers/CMSIS/DSP/Source/TransformFunctions/arm_cfft_radix4_init_q31.c ****     /*  Initialise the bit reversal table pointer */
 130              		.loc 1 99 5 is_stmt 1 view .LVU39
  99:Drivers/CMSIS/DSP/Source/TransformFunctions/arm_cfft_radix4_init_q31.c ****     /*  Initialise the bit reversal table pointer */
 131              		.loc 1 99 21 is_stmt 0 view .LVU40
 132 0050 C381     		strh	r3, [r0, #14]	@ movhi
 101:Drivers/CMSIS/DSP/Source/TransformFunctions/arm_cfft_radix4_init_q31.c ****     break;
 133              		.loc 1 101 5 is_stmt 1 view .LVU41
 101:Drivers/CMSIS/DSP/Source/TransformFunctions/arm_cfft_radix4_init_q31.c ****     break;
ARM GAS  C:\Users\Lamp\AppData\Local\Temp\ccVw8F85.s 			page 6


 134              		.loc 1 101 21 is_stmt 0 view .LVU42
 135 0052 0E4B     		ldr	r3, .L12+12
 136 0054 8360     		str	r3, [r0, #8]
 102:Drivers/CMSIS/DSP/Source/TransformFunctions/arm_cfft_radix4_init_q31.c **** 
 137              		.loc 1 102 5 is_stmt 1 view .LVU43
  71:Drivers/CMSIS/DSP/Source/TransformFunctions/arm_cfft_radix4_init_q31.c ****   /*  Initialise the FFT length */
 138              		.loc 1 71 14 is_stmt 0 view .LVU44
 139 0056 0020     		movs	r0, #0
 140              	.LVL11:
 102:Drivers/CMSIS/DSP/Source/TransformFunctions/arm_cfft_radix4_init_q31.c **** 
 141              		.loc 1 102 5 view .LVU45
 142 0058 E8E7     		b	.L6
 143              	.LVL12:
 144              	.L2:
 106:Drivers/CMSIS/DSP/Source/TransformFunctions/arm_cfft_radix4_init_q31.c ****     S->bitRevFactor = 16U;
 145              		.loc 1 106 5 is_stmt 1 view .LVU46
 106:Drivers/CMSIS/DSP/Source/TransformFunctions/arm_cfft_radix4_init_q31.c ****     S->bitRevFactor = 16U;
 146              		.loc 1 106 25 is_stmt 0 view .LVU47
 147 005a 1023     		movs	r3, #16
 148              	.LVL13:
 106:Drivers/CMSIS/DSP/Source/TransformFunctions/arm_cfft_radix4_init_q31.c ****     S->bitRevFactor = 16U;
 149              		.loc 1 106 25 view .LVU48
 150 005c 8381     		strh	r3, [r0, #12]	@ movhi
 107:Drivers/CMSIS/DSP/Source/TransformFunctions/arm_cfft_radix4_init_q31.c ****     S->pBitRevTable = (uint16_t *) & armBitRevTable[15];
 151              		.loc 1 107 5 is_stmt 1 view .LVU49
 107:Drivers/CMSIS/DSP/Source/TransformFunctions/arm_cfft_radix4_init_q31.c ****     S->pBitRevTable = (uint16_t *) & armBitRevTable[15];
 152              		.loc 1 107 21 is_stmt 0 view .LVU50
 153 005e C381     		strh	r3, [r0, #14]	@ movhi
 108:Drivers/CMSIS/DSP/Source/TransformFunctions/arm_cfft_radix4_init_q31.c ****     break;
 154              		.loc 1 108 5 is_stmt 1 view .LVU51
 108:Drivers/CMSIS/DSP/Source/TransformFunctions/arm_cfft_radix4_init_q31.c ****     break;
 155              		.loc 1 108 21 is_stmt 0 view .LVU52
 156 0060 0B4B     		ldr	r3, .L12+16
 157 0062 8360     		str	r3, [r0, #8]
 109:Drivers/CMSIS/DSP/Source/TransformFunctions/arm_cfft_radix4_init_q31.c **** 
 158              		.loc 1 109 5 is_stmt 1 view .LVU53
  71:Drivers/CMSIS/DSP/Source/TransformFunctions/arm_cfft_radix4_init_q31.c ****   /*  Initialise the FFT length */
 159              		.loc 1 71 14 is_stmt 0 view .LVU54
 160 0064 0020     		movs	r0, #0
 161              	.LVL14:
 109:Drivers/CMSIS/DSP/Source/TransformFunctions/arm_cfft_radix4_init_q31.c **** 
 162              		.loc 1 109 5 view .LVU55
 163 0066 E1E7     		b	.L6
 164              	.LVL15:
 165              	.L4:
 120:Drivers/CMSIS/DSP/Source/TransformFunctions/arm_cfft_radix4_init_q31.c ****     S->bitRevFactor = 256U;
 166              		.loc 1 120 5 is_stmt 1 view .LVU56
 120:Drivers/CMSIS/DSP/Source/TransformFunctions/arm_cfft_radix4_init_q31.c ****     S->bitRevFactor = 256U;
 167              		.loc 1 120 25 is_stmt 0 view .LVU57
 168 0068 4FF48073 		mov	r3, #256
 169              	.LVL16:
 120:Drivers/CMSIS/DSP/Source/TransformFunctions/arm_cfft_radix4_init_q31.c ****     S->bitRevFactor = 256U;
 170              		.loc 1 120 25 view .LVU58
 171 006c 8381     		strh	r3, [r0, #12]	@ movhi
 121:Drivers/CMSIS/DSP/Source/TransformFunctions/arm_cfft_radix4_init_q31.c ****     S->pBitRevTable = (uint16_t *) & armBitRevTable[255];
 172              		.loc 1 121 5 is_stmt 1 view .LVU59
 121:Drivers/CMSIS/DSP/Source/TransformFunctions/arm_cfft_radix4_init_q31.c ****     S->pBitRevTable = (uint16_t *) & armBitRevTable[255];
ARM GAS  C:\Users\Lamp\AppData\Local\Temp\ccVw8F85.s 			page 7


 173              		.loc 1 121 21 is_stmt 0 view .LVU60
 174 006e C381     		strh	r3, [r0, #14]	@ movhi
 122:Drivers/CMSIS/DSP/Source/TransformFunctions/arm_cfft_radix4_init_q31.c ****     break;
 175              		.loc 1 122 5 is_stmt 1 view .LVU61
 122:Drivers/CMSIS/DSP/Source/TransformFunctions/arm_cfft_radix4_init_q31.c ****     break;
 176              		.loc 1 122 21 is_stmt 0 view .LVU62
 177 0070 084B     		ldr	r3, .L12+20
 178 0072 8360     		str	r3, [r0, #8]
 123:Drivers/CMSIS/DSP/Source/TransformFunctions/arm_cfft_radix4_init_q31.c **** 
 179              		.loc 1 123 5 is_stmt 1 view .LVU63
  71:Drivers/CMSIS/DSP/Source/TransformFunctions/arm_cfft_radix4_init_q31.c ****   /*  Initialise the FFT length */
 180              		.loc 1 71 14 is_stmt 0 view .LVU64
 181 0074 0020     		movs	r0, #0
 182              	.LVL17:
 123:Drivers/CMSIS/DSP/Source/TransformFunctions/arm_cfft_radix4_init_q31.c **** 
 183              		.loc 1 123 5 view .LVU65
 184 0076 D9E7     		b	.L6
 185              	.LVL18:
 186              	.L8:
  82:Drivers/CMSIS/DSP/Source/TransformFunctions/arm_cfft_radix4_init_q31.c ****   {
 187              		.loc 1 82 3 view .LVU66
 188 0078 4FF0FF30 		mov	r0, #-1
 189              	.LVL19:
  82:Drivers/CMSIS/DSP/Source/TransformFunctions/arm_cfft_radix4_init_q31.c ****   {
 190              		.loc 1 82 3 view .LVU67
 191 007c D6E7     		b	.L6
 192              	.L13:
 193 007e 00BF     		.align	2
 194              	.L12:
 195 0080 00000000 		.word	twiddleCoef_4096_q31
 196 0084 00000000 		.word	armBitRevTable
 197 0088 7E000000 		.word	armBitRevTable+126
 198 008c 06000000 		.word	armBitRevTable+6
 199 0090 1E000000 		.word	armBitRevTable+30
 200 0094 FE010000 		.word	armBitRevTable+510
 201              		.cfi_endproc
 202              	.LFE100:
 204              		.text
 205              	.Letext0:
 206              		.file 2 "C:/ARM GNU Toolchain/arm-none-eabi/include/machine/_default_types.h"
 207              		.file 3 "C:/ARM GNU Toolchain/arm-none-eabi/include/sys/_stdint.h"
 208              		.file 4 "Drivers/CMSIS/DSP/Include/arm_math.h"
 209              		.file 5 "Drivers/CMSIS/DSP/Include/arm_common_tables.h"
ARM GAS  C:\Users\Lamp\AppData\Local\Temp\ccVw8F85.s 			page 8


DEFINED SYMBOLS
                            *ABS*:00000000 arm_cfft_radix4_init_q31.c
C:\Users\Lamp\AppData\Local\Temp\ccVw8F85.s:19     .text.arm_cfft_radix4_init_q31:00000000 $t
C:\Users\Lamp\AppData\Local\Temp\ccVw8F85.s:25     .text.arm_cfft_radix4_init_q31:00000000 arm_cfft_radix4_init_q31
C:\Users\Lamp\AppData\Local\Temp\ccVw8F85.s:195    .text.arm_cfft_radix4_init_q31:00000080 $d

UNDEFINED SYMBOLS
twiddleCoef_4096_q31
armBitRevTable
