ARM GAS  C:\Users\Lamp\AppData\Local\Temp\cccoXQ8L.s 			page 1


   1              		.cpu cortex-m3
   2              		.arch armv7-m
   3              		.fpu softvfp
   4              		.eabi_attribute 20, 1
   5              		.eabi_attribute 21, 1
   6              		.eabi_attribute 23, 3
   7              		.eabi_attribute 24, 1
   8              		.eabi_attribute 25, 1
   9              		.eabi_attribute 26, 1
  10              		.eabi_attribute 30, 1
  11              		.eabi_attribute 34, 1
  12              		.eabi_attribute 18, 4
  13              		.file	"arm_mult_q7.c"
  14              		.text
  15              	.Ltext0:
  16              		.cfi_sections	.debug_frame
  17              		.file 1 "Drivers/CMSIS/DSP/Source/BasicMathFunctions/arm_mult_q7.c"
  18              		.section	.text.arm_mult_q7,"ax",%progbits
  19              		.align	1
  20              		.global	arm_mult_q7
  21              		.syntax unified
  22              		.thumb
  23              		.thumb_func
  25              	arm_mult_q7:
  26              	.LVL0:
  27              	.LFB100:
   1:Drivers/CMSIS/DSP/Source/BasicMathFunctions/arm_mult_q7.c **** /* ----------------------------------------------------------------------
   2:Drivers/CMSIS/DSP/Source/BasicMathFunctions/arm_mult_q7.c ****  * Project:      CMSIS DSP Library
   3:Drivers/CMSIS/DSP/Source/BasicMathFunctions/arm_mult_q7.c ****  * Title:        arm_mult_q7.c
   4:Drivers/CMSIS/DSP/Source/BasicMathFunctions/arm_mult_q7.c ****  * Description:  Q7 vector multiplication
   5:Drivers/CMSIS/DSP/Source/BasicMathFunctions/arm_mult_q7.c ****  *
   6:Drivers/CMSIS/DSP/Source/BasicMathFunctions/arm_mult_q7.c ****  * $Date:        27. January 2017
   7:Drivers/CMSIS/DSP/Source/BasicMathFunctions/arm_mult_q7.c ****  * $Revision:    V.1.5.1
   8:Drivers/CMSIS/DSP/Source/BasicMathFunctions/arm_mult_q7.c ****  *
   9:Drivers/CMSIS/DSP/Source/BasicMathFunctions/arm_mult_q7.c ****  * Target Processor: Cortex-M cores
  10:Drivers/CMSIS/DSP/Source/BasicMathFunctions/arm_mult_q7.c ****  * -------------------------------------------------------------------- */
  11:Drivers/CMSIS/DSP/Source/BasicMathFunctions/arm_mult_q7.c **** /*
  12:Drivers/CMSIS/DSP/Source/BasicMathFunctions/arm_mult_q7.c ****  * Copyright (C) 2010-2017 ARM Limited or its affiliates. All rights reserved.
  13:Drivers/CMSIS/DSP/Source/BasicMathFunctions/arm_mult_q7.c ****  *
  14:Drivers/CMSIS/DSP/Source/BasicMathFunctions/arm_mult_q7.c ****  * SPDX-License-Identifier: Apache-2.0
  15:Drivers/CMSIS/DSP/Source/BasicMathFunctions/arm_mult_q7.c ****  *
  16:Drivers/CMSIS/DSP/Source/BasicMathFunctions/arm_mult_q7.c ****  * Licensed under the Apache License, Version 2.0 (the License); you may
  17:Drivers/CMSIS/DSP/Source/BasicMathFunctions/arm_mult_q7.c ****  * not use this file except in compliance with the License.
  18:Drivers/CMSIS/DSP/Source/BasicMathFunctions/arm_mult_q7.c ****  * You may obtain a copy of the License at
  19:Drivers/CMSIS/DSP/Source/BasicMathFunctions/arm_mult_q7.c ****  *
  20:Drivers/CMSIS/DSP/Source/BasicMathFunctions/arm_mult_q7.c ****  * www.apache.org/licenses/LICENSE-2.0
  21:Drivers/CMSIS/DSP/Source/BasicMathFunctions/arm_mult_q7.c ****  *
  22:Drivers/CMSIS/DSP/Source/BasicMathFunctions/arm_mult_q7.c ****  * Unless required by applicable law or agreed to in writing, software
  23:Drivers/CMSIS/DSP/Source/BasicMathFunctions/arm_mult_q7.c ****  * distributed under the License is distributed on an AS IS BASIS, WITHOUT
  24:Drivers/CMSIS/DSP/Source/BasicMathFunctions/arm_mult_q7.c ****  * WARRANTIES OR CONDITIONS OF ANY KIND, either express or implied.
  25:Drivers/CMSIS/DSP/Source/BasicMathFunctions/arm_mult_q7.c ****  * See the License for the specific language governing permissions and
  26:Drivers/CMSIS/DSP/Source/BasicMathFunctions/arm_mult_q7.c ****  * limitations under the License.
  27:Drivers/CMSIS/DSP/Source/BasicMathFunctions/arm_mult_q7.c ****  */
  28:Drivers/CMSIS/DSP/Source/BasicMathFunctions/arm_mult_q7.c **** 
  29:Drivers/CMSIS/DSP/Source/BasicMathFunctions/arm_mult_q7.c **** #include "arm_math.h"
  30:Drivers/CMSIS/DSP/Source/BasicMathFunctions/arm_mult_q7.c **** 
  31:Drivers/CMSIS/DSP/Source/BasicMathFunctions/arm_mult_q7.c **** /**
ARM GAS  C:\Users\Lamp\AppData\Local\Temp\cccoXQ8L.s 			page 2


  32:Drivers/CMSIS/DSP/Source/BasicMathFunctions/arm_mult_q7.c ****  * @ingroup groupMath
  33:Drivers/CMSIS/DSP/Source/BasicMathFunctions/arm_mult_q7.c ****  */
  34:Drivers/CMSIS/DSP/Source/BasicMathFunctions/arm_mult_q7.c **** 
  35:Drivers/CMSIS/DSP/Source/BasicMathFunctions/arm_mult_q7.c **** /**
  36:Drivers/CMSIS/DSP/Source/BasicMathFunctions/arm_mult_q7.c ****  * @addtogroup BasicMult
  37:Drivers/CMSIS/DSP/Source/BasicMathFunctions/arm_mult_q7.c ****  * @{
  38:Drivers/CMSIS/DSP/Source/BasicMathFunctions/arm_mult_q7.c ****  */
  39:Drivers/CMSIS/DSP/Source/BasicMathFunctions/arm_mult_q7.c **** 
  40:Drivers/CMSIS/DSP/Source/BasicMathFunctions/arm_mult_q7.c **** /**
  41:Drivers/CMSIS/DSP/Source/BasicMathFunctions/arm_mult_q7.c ****  * @brief           Q7 vector multiplication
  42:Drivers/CMSIS/DSP/Source/BasicMathFunctions/arm_mult_q7.c ****  * @param[in]       *pSrcA points to the first input vector
  43:Drivers/CMSIS/DSP/Source/BasicMathFunctions/arm_mult_q7.c ****  * @param[in]       *pSrcB points to the second input vector
  44:Drivers/CMSIS/DSP/Source/BasicMathFunctions/arm_mult_q7.c ****  * @param[out]      *pDst points to the output vector
  45:Drivers/CMSIS/DSP/Source/BasicMathFunctions/arm_mult_q7.c ****  * @param[in]       blockSize number of samples in each vector
  46:Drivers/CMSIS/DSP/Source/BasicMathFunctions/arm_mult_q7.c ****  * @return none.
  47:Drivers/CMSIS/DSP/Source/BasicMathFunctions/arm_mult_q7.c ****  *
  48:Drivers/CMSIS/DSP/Source/BasicMathFunctions/arm_mult_q7.c ****  * <b>Scaling and Overflow Behavior:</b>
  49:Drivers/CMSIS/DSP/Source/BasicMathFunctions/arm_mult_q7.c ****  * \par
  50:Drivers/CMSIS/DSP/Source/BasicMathFunctions/arm_mult_q7.c ****  * The function uses saturating arithmetic.
  51:Drivers/CMSIS/DSP/Source/BasicMathFunctions/arm_mult_q7.c ****  * Results outside of the allowable Q7 range [0x80 0x7F] will be saturated.
  52:Drivers/CMSIS/DSP/Source/BasicMathFunctions/arm_mult_q7.c ****  */
  53:Drivers/CMSIS/DSP/Source/BasicMathFunctions/arm_mult_q7.c **** 
  54:Drivers/CMSIS/DSP/Source/BasicMathFunctions/arm_mult_q7.c **** void arm_mult_q7(
  55:Drivers/CMSIS/DSP/Source/BasicMathFunctions/arm_mult_q7.c ****   q7_t * pSrcA,
  56:Drivers/CMSIS/DSP/Source/BasicMathFunctions/arm_mult_q7.c ****   q7_t * pSrcB,
  57:Drivers/CMSIS/DSP/Source/BasicMathFunctions/arm_mult_q7.c ****   q7_t * pDst,
  58:Drivers/CMSIS/DSP/Source/BasicMathFunctions/arm_mult_q7.c ****   uint32_t blockSize)
  59:Drivers/CMSIS/DSP/Source/BasicMathFunctions/arm_mult_q7.c **** {
  28              		.loc 1 59 1 view -0
  29              		.cfi_startproc
  30              		@ args = 0, pretend = 0, frame = 0
  31              		@ frame_needed = 0, uses_anonymous_args = 0
  60:Drivers/CMSIS/DSP/Source/BasicMathFunctions/arm_mult_q7.c ****   uint32_t blkCnt;                               /* loop counters */
  32              		.loc 1 60 3 view .LVU1
  61:Drivers/CMSIS/DSP/Source/BasicMathFunctions/arm_mult_q7.c **** 
  62:Drivers/CMSIS/DSP/Source/BasicMathFunctions/arm_mult_q7.c **** #if defined (ARM_MATH_DSP)
  63:Drivers/CMSIS/DSP/Source/BasicMathFunctions/arm_mult_q7.c **** 
  64:Drivers/CMSIS/DSP/Source/BasicMathFunctions/arm_mult_q7.c **** /* Run the below code for Cortex-M4 and Cortex-M3 */
  65:Drivers/CMSIS/DSP/Source/BasicMathFunctions/arm_mult_q7.c ****   q7_t out1, out2, out3, out4;                   /* Temporary variables to store the product */
  66:Drivers/CMSIS/DSP/Source/BasicMathFunctions/arm_mult_q7.c **** 
  67:Drivers/CMSIS/DSP/Source/BasicMathFunctions/arm_mult_q7.c ****   /* loop Unrolling */
  68:Drivers/CMSIS/DSP/Source/BasicMathFunctions/arm_mult_q7.c ****   blkCnt = blockSize >> 2U;
  69:Drivers/CMSIS/DSP/Source/BasicMathFunctions/arm_mult_q7.c **** 
  70:Drivers/CMSIS/DSP/Source/BasicMathFunctions/arm_mult_q7.c ****   /* First part of the processing with loop unrolling.  Compute 4 outputs at a time.
  71:Drivers/CMSIS/DSP/Source/BasicMathFunctions/arm_mult_q7.c ****    ** a second loop below computes the remaining 1 to 3 samples. */
  72:Drivers/CMSIS/DSP/Source/BasicMathFunctions/arm_mult_q7.c ****   while (blkCnt > 0U)
  73:Drivers/CMSIS/DSP/Source/BasicMathFunctions/arm_mult_q7.c ****   {
  74:Drivers/CMSIS/DSP/Source/BasicMathFunctions/arm_mult_q7.c ****     /* C = A * B */
  75:Drivers/CMSIS/DSP/Source/BasicMathFunctions/arm_mult_q7.c ****     /* Multiply the inputs and store the results in temporary variables */
  76:Drivers/CMSIS/DSP/Source/BasicMathFunctions/arm_mult_q7.c ****     out1 = (q7_t) __SSAT((((q15_t) (*pSrcA++) * (*pSrcB++)) >> 7), 8);
  77:Drivers/CMSIS/DSP/Source/BasicMathFunctions/arm_mult_q7.c ****     out2 = (q7_t) __SSAT((((q15_t) (*pSrcA++) * (*pSrcB++)) >> 7), 8);
  78:Drivers/CMSIS/DSP/Source/BasicMathFunctions/arm_mult_q7.c ****     out3 = (q7_t) __SSAT((((q15_t) (*pSrcA++) * (*pSrcB++)) >> 7), 8);
  79:Drivers/CMSIS/DSP/Source/BasicMathFunctions/arm_mult_q7.c ****     out4 = (q7_t) __SSAT((((q15_t) (*pSrcA++) * (*pSrcB++)) >> 7), 8);
  80:Drivers/CMSIS/DSP/Source/BasicMathFunctions/arm_mult_q7.c **** 
  81:Drivers/CMSIS/DSP/Source/BasicMathFunctions/arm_mult_q7.c ****     /* Store the results of 4 inputs in the destination buffer in single cycle by packing */
  82:Drivers/CMSIS/DSP/Source/BasicMathFunctions/arm_mult_q7.c ****     *__SIMD32(pDst)++ = __PACKq7(out1, out2, out3, out4);
  83:Drivers/CMSIS/DSP/Source/BasicMathFunctions/arm_mult_q7.c **** 
ARM GAS  C:\Users\Lamp\AppData\Local\Temp\cccoXQ8L.s 			page 3


  84:Drivers/CMSIS/DSP/Source/BasicMathFunctions/arm_mult_q7.c ****     /* Decrement the blockSize loop counter */
  85:Drivers/CMSIS/DSP/Source/BasicMathFunctions/arm_mult_q7.c ****     blkCnt--;
  86:Drivers/CMSIS/DSP/Source/BasicMathFunctions/arm_mult_q7.c ****   }
  87:Drivers/CMSIS/DSP/Source/BasicMathFunctions/arm_mult_q7.c **** 
  88:Drivers/CMSIS/DSP/Source/BasicMathFunctions/arm_mult_q7.c ****   /* If the blockSize is not a multiple of 4, compute any remaining output samples here.
  89:Drivers/CMSIS/DSP/Source/BasicMathFunctions/arm_mult_q7.c ****    ** No loop unrolling is used. */
  90:Drivers/CMSIS/DSP/Source/BasicMathFunctions/arm_mult_q7.c ****   blkCnt = blockSize % 0x4U;
  91:Drivers/CMSIS/DSP/Source/BasicMathFunctions/arm_mult_q7.c **** 
  92:Drivers/CMSIS/DSP/Source/BasicMathFunctions/arm_mult_q7.c **** #else
  93:Drivers/CMSIS/DSP/Source/BasicMathFunctions/arm_mult_q7.c **** 
  94:Drivers/CMSIS/DSP/Source/BasicMathFunctions/arm_mult_q7.c ****   /* Run the below code for Cortex-M0 */
  95:Drivers/CMSIS/DSP/Source/BasicMathFunctions/arm_mult_q7.c **** 
  96:Drivers/CMSIS/DSP/Source/BasicMathFunctions/arm_mult_q7.c ****   /* Initialize blkCnt with number of samples */
  97:Drivers/CMSIS/DSP/Source/BasicMathFunctions/arm_mult_q7.c ****   blkCnt = blockSize;
  33              		.loc 1 97 3 view .LVU2
  98:Drivers/CMSIS/DSP/Source/BasicMathFunctions/arm_mult_q7.c **** 
  99:Drivers/CMSIS/DSP/Source/BasicMathFunctions/arm_mult_q7.c **** #endif /* #if defined (ARM_MATH_DSP) */
 100:Drivers/CMSIS/DSP/Source/BasicMathFunctions/arm_mult_q7.c **** 
 101:Drivers/CMSIS/DSP/Source/BasicMathFunctions/arm_mult_q7.c **** 
 102:Drivers/CMSIS/DSP/Source/BasicMathFunctions/arm_mult_q7.c ****   while (blkCnt > 0U)
  34              		.loc 1 102 3 view .LVU3
  35              		.loc 1 102 17 view .LVU4
  36 0000 8BB1     		cbz	r3, .L7
  59:Drivers/CMSIS/DSP/Source/BasicMathFunctions/arm_mult_q7.c ****   uint32_t blkCnt;                               /* loop counters */
  37              		.loc 1 59 1 is_stmt 0 view .LVU5
  38 0002 00B5     		push	{lr}
  39              	.LCFI0:
  40              		.cfi_def_cfa_offset 4
  41              		.cfi_offset 14, -4
  42              	.LVL1:
  43              	.L3:
 103:Drivers/CMSIS/DSP/Source/BasicMathFunctions/arm_mult_q7.c ****   {
 104:Drivers/CMSIS/DSP/Source/BasicMathFunctions/arm_mult_q7.c ****     /* C = A * B */
 105:Drivers/CMSIS/DSP/Source/BasicMathFunctions/arm_mult_q7.c ****     /* Multiply the inputs and store the result in the destination buffer */
 106:Drivers/CMSIS/DSP/Source/BasicMathFunctions/arm_mult_q7.c ****     *pDst++ = (q7_t) __SSAT((((q15_t) (*pSrcA++) * (*pSrcB++)) >> 7), 8);
  44              		.loc 1 106 5 is_stmt 1 view .LVU6
  45              	.LBB2:
  46              		.loc 1 106 22 view .LVU7
  47              		.loc 1 106 22 is_stmt 0 view .LVU8
  48 0004 10F901CB 		ldrsb	ip, [r0], #1
  49              	.LVL2:
  50              		.loc 1 106 22 view .LVU9
  51 0008 11F901EB 		ldrsb	lr, [r1], #1
  52              	.LVL3:
  53              		.loc 1 106 22 view .LVU10
  54 000c 0EFB0CFC 		mul	ip, lr, ip
  55 0010 4FEAEC1C 		asr	ip, ip, #7
  56              	.LVL4:
  57              		.loc 1 106 22 is_stmt 1 view .LVU11
  58              		.syntax unified
  59              	@ 106 "Drivers/CMSIS/DSP/Source/BasicMathFunctions/arm_mult_q7.c" 1
  60 0014 0CF3070C 		ssat ip, #8, ip
  61              	@ 0 "" 2
  62              	.LVL5:
  63              		.loc 1 106 22 view .LVU12
  64              		.loc 1 106 22 is_stmt 0 view .LVU13
  65              		.thumb
ARM GAS  C:\Users\Lamp\AppData\Local\Temp\cccoXQ8L.s 			page 4


  66              		.syntax unified
  67              	.LBE2:
  68              		.loc 1 106 13 view .LVU14
  69 0018 02F801CB 		strb	ip, [r2], #1
  70              	.LVL6:
 107:Drivers/CMSIS/DSP/Source/BasicMathFunctions/arm_mult_q7.c **** 
 108:Drivers/CMSIS/DSP/Source/BasicMathFunctions/arm_mult_q7.c ****     /* Decrement the blockSize loop counter */
 109:Drivers/CMSIS/DSP/Source/BasicMathFunctions/arm_mult_q7.c ****     blkCnt--;
  71              		.loc 1 109 5 is_stmt 1 view .LVU15
  72              		.loc 1 109 11 is_stmt 0 view .LVU16
  73 001c 013B     		subs	r3, r3, #1
  74              	.LVL7:
 102:Drivers/CMSIS/DSP/Source/BasicMathFunctions/arm_mult_q7.c ****   {
  75              		.loc 1 102 17 is_stmt 1 view .LVU17
  76 001e 002B     		cmp	r3, #0
  77 0020 F0D1     		bne	.L3
 110:Drivers/CMSIS/DSP/Source/BasicMathFunctions/arm_mult_q7.c ****   }
 111:Drivers/CMSIS/DSP/Source/BasicMathFunctions/arm_mult_q7.c **** }
  78              		.loc 1 111 1 is_stmt 0 view .LVU18
  79 0022 5DF804FB 		ldr	pc, [sp], #4
  80              	.LVL8:
  81              	.L7:
  82              	.LCFI1:
  83              		.cfi_def_cfa_offset 0
  84              		.cfi_restore 14
  85              		.loc 1 111 1 view .LVU19
  86 0026 7047     		bx	lr
  87              		.cfi_endproc
  88              	.LFE100:
  90              		.text
  91              	.Letext0:
  92              		.file 2 "C:/ARM GNU Toolchain/arm-none-eabi/include/machine/_default_types.h"
  93              		.file 3 "C:/ARM GNU Toolchain/arm-none-eabi/include/sys/_stdint.h"
  94              		.file 4 "Drivers/CMSIS/DSP/Include/arm_math.h"
ARM GAS  C:\Users\Lamp\AppData\Local\Temp\cccoXQ8L.s 			page 5


DEFINED SYMBOLS
                            *ABS*:00000000 arm_mult_q7.c
C:\Users\Lamp\AppData\Local\Temp\cccoXQ8L.s:19     .text.arm_mult_q7:00000000 $t
C:\Users\Lamp\AppData\Local\Temp\cccoXQ8L.s:25     .text.arm_mult_q7:00000000 arm_mult_q7

NO UNDEFINED SYMBOLS
