ARM GAS  C:\Users\Lamp\AppData\Local\Temp\ccQZESV9.s 			page 1


   1              		.cpu cortex-m3
   2              		.arch armv7-m
   3              		.fpu softvfp
   4              		.eabi_attribute 20, 1
   5              		.eabi_attribute 21, 1
   6              		.eabi_attribute 23, 3
   7              		.eabi_attribute 24, 1
   8              		.eabi_attribute 25, 1
   9              		.eabi_attribute 26, 1
  10              		.eabi_attribute 30, 1
  11              		.eabi_attribute 34, 1
  12              		.eabi_attribute 18, 4
  13              		.file	"arm_cmplx_dot_prod_f32.c"
  14              		.text
  15              	.Ltext0:
  16              		.cfi_sections	.debug_frame
  17              		.file 1 "Drivers/CMSIS/DSP/Source/ComplexMathFunctions/arm_cmplx_dot_prod_f32.c"
  18              		.global	__aeabi_fmul
  19              		.global	__aeabi_fadd
  20              		.global	__aeabi_fsub
  21              		.section	.text.arm_cmplx_dot_prod_f32,"ax",%progbits
  22              		.align	1
  23              		.global	arm_cmplx_dot_prod_f32
  24              		.syntax unified
  25              		.thumb
  26              		.thumb_func
  28              	arm_cmplx_dot_prod_f32:
  29              	.LVL0:
  30              	.LFB100:
   1:Drivers/CMSIS/DSP/Source/ComplexMathFunctions/arm_cmplx_dot_prod_f32.c **** /* ----------------------------------------------------------------------
   2:Drivers/CMSIS/DSP/Source/ComplexMathFunctions/arm_cmplx_dot_prod_f32.c ****  * Project:      CMSIS DSP Library
   3:Drivers/CMSIS/DSP/Source/ComplexMathFunctions/arm_cmplx_dot_prod_f32.c ****  * Title:        arm_cmplx_dot_prod_f32.c
   4:Drivers/CMSIS/DSP/Source/ComplexMathFunctions/arm_cmplx_dot_prod_f32.c ****  * Description:  Floating-point complex dot product
   5:Drivers/CMSIS/DSP/Source/ComplexMathFunctions/arm_cmplx_dot_prod_f32.c ****  *
   6:Drivers/CMSIS/DSP/Source/ComplexMathFunctions/arm_cmplx_dot_prod_f32.c ****  * $Date:        27. January 2017
   7:Drivers/CMSIS/DSP/Source/ComplexMathFunctions/arm_cmplx_dot_prod_f32.c ****  * $Revision:    V.1.5.1
   8:Drivers/CMSIS/DSP/Source/ComplexMathFunctions/arm_cmplx_dot_prod_f32.c ****  *
   9:Drivers/CMSIS/DSP/Source/ComplexMathFunctions/arm_cmplx_dot_prod_f32.c ****  * Target Processor: Cortex-M cores
  10:Drivers/CMSIS/DSP/Source/ComplexMathFunctions/arm_cmplx_dot_prod_f32.c ****  * -------------------------------------------------------------------- */
  11:Drivers/CMSIS/DSP/Source/ComplexMathFunctions/arm_cmplx_dot_prod_f32.c **** /*
  12:Drivers/CMSIS/DSP/Source/ComplexMathFunctions/arm_cmplx_dot_prod_f32.c ****  * Copyright (C) 2010-2017 ARM Limited or its affiliates. All rights reserved.
  13:Drivers/CMSIS/DSP/Source/ComplexMathFunctions/arm_cmplx_dot_prod_f32.c ****  *
  14:Drivers/CMSIS/DSP/Source/ComplexMathFunctions/arm_cmplx_dot_prod_f32.c ****  * SPDX-License-Identifier: Apache-2.0
  15:Drivers/CMSIS/DSP/Source/ComplexMathFunctions/arm_cmplx_dot_prod_f32.c ****  *
  16:Drivers/CMSIS/DSP/Source/ComplexMathFunctions/arm_cmplx_dot_prod_f32.c ****  * Licensed under the Apache License, Version 2.0 (the License); you may
  17:Drivers/CMSIS/DSP/Source/ComplexMathFunctions/arm_cmplx_dot_prod_f32.c ****  * not use this file except in compliance with the License.
  18:Drivers/CMSIS/DSP/Source/ComplexMathFunctions/arm_cmplx_dot_prod_f32.c ****  * You may obtain a copy of the License at
  19:Drivers/CMSIS/DSP/Source/ComplexMathFunctions/arm_cmplx_dot_prod_f32.c ****  *
  20:Drivers/CMSIS/DSP/Source/ComplexMathFunctions/arm_cmplx_dot_prod_f32.c ****  * www.apache.org/licenses/LICENSE-2.0
  21:Drivers/CMSIS/DSP/Source/ComplexMathFunctions/arm_cmplx_dot_prod_f32.c ****  *
  22:Drivers/CMSIS/DSP/Source/ComplexMathFunctions/arm_cmplx_dot_prod_f32.c ****  * Unless required by applicable law or agreed to in writing, software
  23:Drivers/CMSIS/DSP/Source/ComplexMathFunctions/arm_cmplx_dot_prod_f32.c ****  * distributed under the License is distributed on an AS IS BASIS, WITHOUT
  24:Drivers/CMSIS/DSP/Source/ComplexMathFunctions/arm_cmplx_dot_prod_f32.c ****  * WARRANTIES OR CONDITIONS OF ANY KIND, either express or implied.
  25:Drivers/CMSIS/DSP/Source/ComplexMathFunctions/arm_cmplx_dot_prod_f32.c ****  * See the License for the specific language governing permissions and
  26:Drivers/CMSIS/DSP/Source/ComplexMathFunctions/arm_cmplx_dot_prod_f32.c ****  * limitations under the License.
  27:Drivers/CMSIS/DSP/Source/ComplexMathFunctions/arm_cmplx_dot_prod_f32.c ****  */
  28:Drivers/CMSIS/DSP/Source/ComplexMathFunctions/arm_cmplx_dot_prod_f32.c **** 
ARM GAS  C:\Users\Lamp\AppData\Local\Temp\ccQZESV9.s 			page 2


  29:Drivers/CMSIS/DSP/Source/ComplexMathFunctions/arm_cmplx_dot_prod_f32.c **** #include "arm_math.h"
  30:Drivers/CMSIS/DSP/Source/ComplexMathFunctions/arm_cmplx_dot_prod_f32.c **** 
  31:Drivers/CMSIS/DSP/Source/ComplexMathFunctions/arm_cmplx_dot_prod_f32.c **** /**
  32:Drivers/CMSIS/DSP/Source/ComplexMathFunctions/arm_cmplx_dot_prod_f32.c ****  * @ingroup groupCmplxMath
  33:Drivers/CMSIS/DSP/Source/ComplexMathFunctions/arm_cmplx_dot_prod_f32.c ****  */
  34:Drivers/CMSIS/DSP/Source/ComplexMathFunctions/arm_cmplx_dot_prod_f32.c **** 
  35:Drivers/CMSIS/DSP/Source/ComplexMathFunctions/arm_cmplx_dot_prod_f32.c **** /**
  36:Drivers/CMSIS/DSP/Source/ComplexMathFunctions/arm_cmplx_dot_prod_f32.c ****  * @defgroup cmplx_dot_prod Complex Dot Product
  37:Drivers/CMSIS/DSP/Source/ComplexMathFunctions/arm_cmplx_dot_prod_f32.c ****  *
  38:Drivers/CMSIS/DSP/Source/ComplexMathFunctions/arm_cmplx_dot_prod_f32.c ****  * Computes the dot product of two complex vectors.
  39:Drivers/CMSIS/DSP/Source/ComplexMathFunctions/arm_cmplx_dot_prod_f32.c ****  * The vectors are multiplied element-by-element and then summed.
  40:Drivers/CMSIS/DSP/Source/ComplexMathFunctions/arm_cmplx_dot_prod_f32.c ****  *
  41:Drivers/CMSIS/DSP/Source/ComplexMathFunctions/arm_cmplx_dot_prod_f32.c ****  * The <code>pSrcA</code> points to the first complex input vector and
  42:Drivers/CMSIS/DSP/Source/ComplexMathFunctions/arm_cmplx_dot_prod_f32.c ****  * <code>pSrcB</code> points to the second complex input vector.
  43:Drivers/CMSIS/DSP/Source/ComplexMathFunctions/arm_cmplx_dot_prod_f32.c ****  * <code>numSamples</code> specifies the number of complex samples
  44:Drivers/CMSIS/DSP/Source/ComplexMathFunctions/arm_cmplx_dot_prod_f32.c ****  * and the data in each array is stored in an interleaved fashion
  45:Drivers/CMSIS/DSP/Source/ComplexMathFunctions/arm_cmplx_dot_prod_f32.c ****  * (real, imag, real, imag, ...).
  46:Drivers/CMSIS/DSP/Source/ComplexMathFunctions/arm_cmplx_dot_prod_f32.c ****  * Each array has a total of <code>2*numSamples</code> values.
  47:Drivers/CMSIS/DSP/Source/ComplexMathFunctions/arm_cmplx_dot_prod_f32.c ****  *
  48:Drivers/CMSIS/DSP/Source/ComplexMathFunctions/arm_cmplx_dot_prod_f32.c ****  * The underlying algorithm is used:
  49:Drivers/CMSIS/DSP/Source/ComplexMathFunctions/arm_cmplx_dot_prod_f32.c ****  * <pre>
  50:Drivers/CMSIS/DSP/Source/ComplexMathFunctions/arm_cmplx_dot_prod_f32.c ****  * realResult=0;
  51:Drivers/CMSIS/DSP/Source/ComplexMathFunctions/arm_cmplx_dot_prod_f32.c ****  * imagResult=0;
  52:Drivers/CMSIS/DSP/Source/ComplexMathFunctions/arm_cmplx_dot_prod_f32.c ****  * for(n=0; n<numSamples; n++) {
  53:Drivers/CMSIS/DSP/Source/ComplexMathFunctions/arm_cmplx_dot_prod_f32.c ****  *     realResult += pSrcA[(2*n)+0]*pSrcB[(2*n)+0] - pSrcA[(2*n)+1]*pSrcB[(2*n)+1];
  54:Drivers/CMSIS/DSP/Source/ComplexMathFunctions/arm_cmplx_dot_prod_f32.c ****  *     imagResult += pSrcA[(2*n)+0]*pSrcB[(2*n)+1] + pSrcA[(2*n)+1]*pSrcB[(2*n)+0];
  55:Drivers/CMSIS/DSP/Source/ComplexMathFunctions/arm_cmplx_dot_prod_f32.c ****  * }
  56:Drivers/CMSIS/DSP/Source/ComplexMathFunctions/arm_cmplx_dot_prod_f32.c ****  * </pre>
  57:Drivers/CMSIS/DSP/Source/ComplexMathFunctions/arm_cmplx_dot_prod_f32.c ****  *
  58:Drivers/CMSIS/DSP/Source/ComplexMathFunctions/arm_cmplx_dot_prod_f32.c ****  * There are separate functions for floating-point, Q15, and Q31 data types.
  59:Drivers/CMSIS/DSP/Source/ComplexMathFunctions/arm_cmplx_dot_prod_f32.c ****  */
  60:Drivers/CMSIS/DSP/Source/ComplexMathFunctions/arm_cmplx_dot_prod_f32.c **** 
  61:Drivers/CMSIS/DSP/Source/ComplexMathFunctions/arm_cmplx_dot_prod_f32.c **** /**
  62:Drivers/CMSIS/DSP/Source/ComplexMathFunctions/arm_cmplx_dot_prod_f32.c ****  * @addtogroup cmplx_dot_prod
  63:Drivers/CMSIS/DSP/Source/ComplexMathFunctions/arm_cmplx_dot_prod_f32.c ****  * @{
  64:Drivers/CMSIS/DSP/Source/ComplexMathFunctions/arm_cmplx_dot_prod_f32.c ****  */
  65:Drivers/CMSIS/DSP/Source/ComplexMathFunctions/arm_cmplx_dot_prod_f32.c **** 
  66:Drivers/CMSIS/DSP/Source/ComplexMathFunctions/arm_cmplx_dot_prod_f32.c **** /**
  67:Drivers/CMSIS/DSP/Source/ComplexMathFunctions/arm_cmplx_dot_prod_f32.c ****  * @brief  Floating-point complex dot product
  68:Drivers/CMSIS/DSP/Source/ComplexMathFunctions/arm_cmplx_dot_prod_f32.c ****  * @param  *pSrcA points to the first input vector
  69:Drivers/CMSIS/DSP/Source/ComplexMathFunctions/arm_cmplx_dot_prod_f32.c ****  * @param  *pSrcB points to the second input vector
  70:Drivers/CMSIS/DSP/Source/ComplexMathFunctions/arm_cmplx_dot_prod_f32.c ****  * @param  numSamples number of complex samples in each vector
  71:Drivers/CMSIS/DSP/Source/ComplexMathFunctions/arm_cmplx_dot_prod_f32.c ****  * @param  *realResult real part of the result returned here
  72:Drivers/CMSIS/DSP/Source/ComplexMathFunctions/arm_cmplx_dot_prod_f32.c ****  * @param  *imagResult imaginary part of the result returned here
  73:Drivers/CMSIS/DSP/Source/ComplexMathFunctions/arm_cmplx_dot_prod_f32.c ****  * @return none.
  74:Drivers/CMSIS/DSP/Source/ComplexMathFunctions/arm_cmplx_dot_prod_f32.c ****  */
  75:Drivers/CMSIS/DSP/Source/ComplexMathFunctions/arm_cmplx_dot_prod_f32.c **** 
  76:Drivers/CMSIS/DSP/Source/ComplexMathFunctions/arm_cmplx_dot_prod_f32.c **** void arm_cmplx_dot_prod_f32(
  77:Drivers/CMSIS/DSP/Source/ComplexMathFunctions/arm_cmplx_dot_prod_f32.c ****   float32_t * pSrcA,
  78:Drivers/CMSIS/DSP/Source/ComplexMathFunctions/arm_cmplx_dot_prod_f32.c ****   float32_t * pSrcB,
  79:Drivers/CMSIS/DSP/Source/ComplexMathFunctions/arm_cmplx_dot_prod_f32.c ****   uint32_t numSamples,
  80:Drivers/CMSIS/DSP/Source/ComplexMathFunctions/arm_cmplx_dot_prod_f32.c ****   float32_t * realResult,
  81:Drivers/CMSIS/DSP/Source/ComplexMathFunctions/arm_cmplx_dot_prod_f32.c ****   float32_t * imagResult)
  82:Drivers/CMSIS/DSP/Source/ComplexMathFunctions/arm_cmplx_dot_prod_f32.c **** {
  31              		.loc 1 82 1 view -0
  32              		.cfi_startproc
  33              		@ args = 4, pretend = 0, frame = 8
ARM GAS  C:\Users\Lamp\AppData\Local\Temp\ccQZESV9.s 			page 3


  34              		@ frame_needed = 0, uses_anonymous_args = 0
  35              		.loc 1 82 1 is_stmt 0 view .LVU1
  36 0000 2DE9F04F 		push	{r4, r5, r6, r7, r8, r9, r10, fp, lr}
  37              	.LCFI0:
  38              		.cfi_def_cfa_offset 36
  39              		.cfi_offset 4, -36
  40              		.cfi_offset 5, -32
  41              		.cfi_offset 6, -28
  42              		.cfi_offset 7, -24
  43              		.cfi_offset 8, -20
  44              		.cfi_offset 9, -16
  45              		.cfi_offset 10, -12
  46              		.cfi_offset 11, -8
  47              		.cfi_offset 14, -4
  48 0004 83B0     		sub	sp, sp, #12
  49              	.LCFI1:
  50              		.cfi_def_cfa_offset 48
  51 0006 1746     		mov	r7, r2
  52 0008 0193     		str	r3, [sp, #4]
  83:Drivers/CMSIS/DSP/Source/ComplexMathFunctions/arm_cmplx_dot_prod_f32.c ****   float32_t real_sum = 0.0f, imag_sum = 0.0f;    /* Temporary result storage */
  53              		.loc 1 83 3 is_stmt 1 view .LVU2
  54              	.LVL1:
  84:Drivers/CMSIS/DSP/Source/ComplexMathFunctions/arm_cmplx_dot_prod_f32.c ****   float32_t a0,b0,c0,d0;
  55              		.loc 1 84 3 view .LVU3
  85:Drivers/CMSIS/DSP/Source/ComplexMathFunctions/arm_cmplx_dot_prod_f32.c **** 
  86:Drivers/CMSIS/DSP/Source/ComplexMathFunctions/arm_cmplx_dot_prod_f32.c **** #if defined (ARM_MATH_DSP)
  87:Drivers/CMSIS/DSP/Source/ComplexMathFunctions/arm_cmplx_dot_prod_f32.c **** 
  88:Drivers/CMSIS/DSP/Source/ComplexMathFunctions/arm_cmplx_dot_prod_f32.c ****   /* Run the below code for Cortex-M4 and Cortex-M3 */
  89:Drivers/CMSIS/DSP/Source/ComplexMathFunctions/arm_cmplx_dot_prod_f32.c ****   uint32_t blkCnt;                               /* loop counter */
  90:Drivers/CMSIS/DSP/Source/ComplexMathFunctions/arm_cmplx_dot_prod_f32.c **** 
  91:Drivers/CMSIS/DSP/Source/ComplexMathFunctions/arm_cmplx_dot_prod_f32.c ****   /*loop Unrolling */
  92:Drivers/CMSIS/DSP/Source/ComplexMathFunctions/arm_cmplx_dot_prod_f32.c ****   blkCnt = numSamples >> 2U;
  93:Drivers/CMSIS/DSP/Source/ComplexMathFunctions/arm_cmplx_dot_prod_f32.c **** 
  94:Drivers/CMSIS/DSP/Source/ComplexMathFunctions/arm_cmplx_dot_prod_f32.c ****   /* First part of the processing with loop unrolling.  Compute 4 outputs at a time.
  95:Drivers/CMSIS/DSP/Source/ComplexMathFunctions/arm_cmplx_dot_prod_f32.c ****    ** a second loop below computes the remaining 1 to 3 samples. */
  96:Drivers/CMSIS/DSP/Source/ComplexMathFunctions/arm_cmplx_dot_prod_f32.c ****   while (blkCnt > 0U)
  97:Drivers/CMSIS/DSP/Source/ComplexMathFunctions/arm_cmplx_dot_prod_f32.c ****   {
  98:Drivers/CMSIS/DSP/Source/ComplexMathFunctions/arm_cmplx_dot_prod_f32.c ****       a0 = *pSrcA++;
  99:Drivers/CMSIS/DSP/Source/ComplexMathFunctions/arm_cmplx_dot_prod_f32.c ****       b0 = *pSrcA++;
 100:Drivers/CMSIS/DSP/Source/ComplexMathFunctions/arm_cmplx_dot_prod_f32.c ****       c0 = *pSrcB++;
 101:Drivers/CMSIS/DSP/Source/ComplexMathFunctions/arm_cmplx_dot_prod_f32.c ****       d0 = *pSrcB++;
 102:Drivers/CMSIS/DSP/Source/ComplexMathFunctions/arm_cmplx_dot_prod_f32.c **** 
 103:Drivers/CMSIS/DSP/Source/ComplexMathFunctions/arm_cmplx_dot_prod_f32.c ****       real_sum += a0 * c0;
 104:Drivers/CMSIS/DSP/Source/ComplexMathFunctions/arm_cmplx_dot_prod_f32.c ****       imag_sum += a0 * d0;
 105:Drivers/CMSIS/DSP/Source/ComplexMathFunctions/arm_cmplx_dot_prod_f32.c ****       real_sum -= b0 * d0;
 106:Drivers/CMSIS/DSP/Source/ComplexMathFunctions/arm_cmplx_dot_prod_f32.c ****       imag_sum += b0 * c0;
 107:Drivers/CMSIS/DSP/Source/ComplexMathFunctions/arm_cmplx_dot_prod_f32.c **** 
 108:Drivers/CMSIS/DSP/Source/ComplexMathFunctions/arm_cmplx_dot_prod_f32.c ****       a0 = *pSrcA++;
 109:Drivers/CMSIS/DSP/Source/ComplexMathFunctions/arm_cmplx_dot_prod_f32.c ****       b0 = *pSrcA++;
 110:Drivers/CMSIS/DSP/Source/ComplexMathFunctions/arm_cmplx_dot_prod_f32.c ****       c0 = *pSrcB++;
 111:Drivers/CMSIS/DSP/Source/ComplexMathFunctions/arm_cmplx_dot_prod_f32.c ****       d0 = *pSrcB++;
 112:Drivers/CMSIS/DSP/Source/ComplexMathFunctions/arm_cmplx_dot_prod_f32.c **** 
 113:Drivers/CMSIS/DSP/Source/ComplexMathFunctions/arm_cmplx_dot_prod_f32.c ****       real_sum += a0 * c0;
 114:Drivers/CMSIS/DSP/Source/ComplexMathFunctions/arm_cmplx_dot_prod_f32.c ****       imag_sum += a0 * d0;
 115:Drivers/CMSIS/DSP/Source/ComplexMathFunctions/arm_cmplx_dot_prod_f32.c ****       real_sum -= b0 * d0;
 116:Drivers/CMSIS/DSP/Source/ComplexMathFunctions/arm_cmplx_dot_prod_f32.c ****       imag_sum += b0 * c0;
 117:Drivers/CMSIS/DSP/Source/ComplexMathFunctions/arm_cmplx_dot_prod_f32.c **** 
ARM GAS  C:\Users\Lamp\AppData\Local\Temp\ccQZESV9.s 			page 4


 118:Drivers/CMSIS/DSP/Source/ComplexMathFunctions/arm_cmplx_dot_prod_f32.c ****       a0 = *pSrcA++;
 119:Drivers/CMSIS/DSP/Source/ComplexMathFunctions/arm_cmplx_dot_prod_f32.c ****       b0 = *pSrcA++;
 120:Drivers/CMSIS/DSP/Source/ComplexMathFunctions/arm_cmplx_dot_prod_f32.c ****       c0 = *pSrcB++;
 121:Drivers/CMSIS/DSP/Source/ComplexMathFunctions/arm_cmplx_dot_prod_f32.c ****       d0 = *pSrcB++;
 122:Drivers/CMSIS/DSP/Source/ComplexMathFunctions/arm_cmplx_dot_prod_f32.c **** 
 123:Drivers/CMSIS/DSP/Source/ComplexMathFunctions/arm_cmplx_dot_prod_f32.c ****       real_sum += a0 * c0;
 124:Drivers/CMSIS/DSP/Source/ComplexMathFunctions/arm_cmplx_dot_prod_f32.c ****       imag_sum += a0 * d0;
 125:Drivers/CMSIS/DSP/Source/ComplexMathFunctions/arm_cmplx_dot_prod_f32.c ****       real_sum -= b0 * d0;
 126:Drivers/CMSIS/DSP/Source/ComplexMathFunctions/arm_cmplx_dot_prod_f32.c ****       imag_sum += b0 * c0;
 127:Drivers/CMSIS/DSP/Source/ComplexMathFunctions/arm_cmplx_dot_prod_f32.c **** 
 128:Drivers/CMSIS/DSP/Source/ComplexMathFunctions/arm_cmplx_dot_prod_f32.c ****       a0 = *pSrcA++;
 129:Drivers/CMSIS/DSP/Source/ComplexMathFunctions/arm_cmplx_dot_prod_f32.c ****       b0 = *pSrcA++;
 130:Drivers/CMSIS/DSP/Source/ComplexMathFunctions/arm_cmplx_dot_prod_f32.c ****       c0 = *pSrcB++;
 131:Drivers/CMSIS/DSP/Source/ComplexMathFunctions/arm_cmplx_dot_prod_f32.c ****       d0 = *pSrcB++;
 132:Drivers/CMSIS/DSP/Source/ComplexMathFunctions/arm_cmplx_dot_prod_f32.c **** 
 133:Drivers/CMSIS/DSP/Source/ComplexMathFunctions/arm_cmplx_dot_prod_f32.c ****       real_sum += a0 * c0;
 134:Drivers/CMSIS/DSP/Source/ComplexMathFunctions/arm_cmplx_dot_prod_f32.c ****       imag_sum += a0 * d0;
 135:Drivers/CMSIS/DSP/Source/ComplexMathFunctions/arm_cmplx_dot_prod_f32.c ****       real_sum -= b0 * d0;
 136:Drivers/CMSIS/DSP/Source/ComplexMathFunctions/arm_cmplx_dot_prod_f32.c ****       imag_sum += b0 * c0;
 137:Drivers/CMSIS/DSP/Source/ComplexMathFunctions/arm_cmplx_dot_prod_f32.c **** 
 138:Drivers/CMSIS/DSP/Source/ComplexMathFunctions/arm_cmplx_dot_prod_f32.c ****       /* Decrement the loop counter */
 139:Drivers/CMSIS/DSP/Source/ComplexMathFunctions/arm_cmplx_dot_prod_f32.c ****       blkCnt--;
 140:Drivers/CMSIS/DSP/Source/ComplexMathFunctions/arm_cmplx_dot_prod_f32.c ****   }
 141:Drivers/CMSIS/DSP/Source/ComplexMathFunctions/arm_cmplx_dot_prod_f32.c **** 
 142:Drivers/CMSIS/DSP/Source/ComplexMathFunctions/arm_cmplx_dot_prod_f32.c ****   /* If the numSamples is not a multiple of 4, compute any remaining output samples here.
 143:Drivers/CMSIS/DSP/Source/ComplexMathFunctions/arm_cmplx_dot_prod_f32.c ****    ** No loop unrolling is used. */
 144:Drivers/CMSIS/DSP/Source/ComplexMathFunctions/arm_cmplx_dot_prod_f32.c ****   blkCnt = numSamples & 0x3U;
 145:Drivers/CMSIS/DSP/Source/ComplexMathFunctions/arm_cmplx_dot_prod_f32.c **** 
 146:Drivers/CMSIS/DSP/Source/ComplexMathFunctions/arm_cmplx_dot_prod_f32.c ****   while (blkCnt > 0U)
 147:Drivers/CMSIS/DSP/Source/ComplexMathFunctions/arm_cmplx_dot_prod_f32.c ****   {
 148:Drivers/CMSIS/DSP/Source/ComplexMathFunctions/arm_cmplx_dot_prod_f32.c ****       a0 = *pSrcA++;
 149:Drivers/CMSIS/DSP/Source/ComplexMathFunctions/arm_cmplx_dot_prod_f32.c ****       b0 = *pSrcA++;
 150:Drivers/CMSIS/DSP/Source/ComplexMathFunctions/arm_cmplx_dot_prod_f32.c ****       c0 = *pSrcB++;
 151:Drivers/CMSIS/DSP/Source/ComplexMathFunctions/arm_cmplx_dot_prod_f32.c ****       d0 = *pSrcB++;
 152:Drivers/CMSIS/DSP/Source/ComplexMathFunctions/arm_cmplx_dot_prod_f32.c **** 
 153:Drivers/CMSIS/DSP/Source/ComplexMathFunctions/arm_cmplx_dot_prod_f32.c ****       real_sum += a0 * c0;
 154:Drivers/CMSIS/DSP/Source/ComplexMathFunctions/arm_cmplx_dot_prod_f32.c ****       imag_sum += a0 * d0;
 155:Drivers/CMSIS/DSP/Source/ComplexMathFunctions/arm_cmplx_dot_prod_f32.c ****       real_sum -= b0 * d0;
 156:Drivers/CMSIS/DSP/Source/ComplexMathFunctions/arm_cmplx_dot_prod_f32.c ****       imag_sum += b0 * c0;
 157:Drivers/CMSIS/DSP/Source/ComplexMathFunctions/arm_cmplx_dot_prod_f32.c **** 
 158:Drivers/CMSIS/DSP/Source/ComplexMathFunctions/arm_cmplx_dot_prod_f32.c ****       /* Decrement the loop counter */
 159:Drivers/CMSIS/DSP/Source/ComplexMathFunctions/arm_cmplx_dot_prod_f32.c ****       blkCnt--;
 160:Drivers/CMSIS/DSP/Source/ComplexMathFunctions/arm_cmplx_dot_prod_f32.c ****   }
 161:Drivers/CMSIS/DSP/Source/ComplexMathFunctions/arm_cmplx_dot_prod_f32.c **** 
 162:Drivers/CMSIS/DSP/Source/ComplexMathFunctions/arm_cmplx_dot_prod_f32.c **** #else
 163:Drivers/CMSIS/DSP/Source/ComplexMathFunctions/arm_cmplx_dot_prod_f32.c **** 
 164:Drivers/CMSIS/DSP/Source/ComplexMathFunctions/arm_cmplx_dot_prod_f32.c ****   /* Run the below code for Cortex-M0 */
 165:Drivers/CMSIS/DSP/Source/ComplexMathFunctions/arm_cmplx_dot_prod_f32.c **** 
 166:Drivers/CMSIS/DSP/Source/ComplexMathFunctions/arm_cmplx_dot_prod_f32.c ****   while (numSamples > 0U)
  56              		.loc 1 166 3 view .LVU4
  83:Drivers/CMSIS/DSP/Source/ComplexMathFunctions/arm_cmplx_dot_prod_f32.c ****   float32_t a0,b0,c0,d0;
  57              		.loc 1 83 30 is_stmt 0 view .LVU5
  58 000a 0024     		movs	r4, #0
  83:Drivers/CMSIS/DSP/Source/ComplexMathFunctions/arm_cmplx_dot_prod_f32.c ****   float32_t a0,b0,c0,d0;
  59              		.loc 1 83 13 view .LVU6
  60 000c 0094     		str	r4, [sp]	@ float
  61              		.loc 1 166 9 view .LVU7
ARM GAS  C:\Users\Lamp\AppData\Local\Temp\ccQZESV9.s 			page 5


  62 000e 2DE0     		b	.L2
  63              	.LVL2:
  64              	.L3:
 167:Drivers/CMSIS/DSP/Source/ComplexMathFunctions/arm_cmplx_dot_prod_f32.c ****   {
 168:Drivers/CMSIS/DSP/Source/ComplexMathFunctions/arm_cmplx_dot_prod_f32.c ****       a0 = *pSrcA++;
  65              		.loc 1 168 7 is_stmt 1 view .LVU8
  66              		.loc 1 168 10 is_stmt 0 view .LVU9
  67 0010 0546     		mov	r5, r0
  68 0012 55F808BB 		ldr	fp, [r5], #8	@ float
  69              	.LVL3:
 169:Drivers/CMSIS/DSP/Source/ComplexMathFunctions/arm_cmplx_dot_prod_f32.c ****       b0 = *pSrcA++;
  70              		.loc 1 169 7 is_stmt 1 view .LVU10
  71              		.loc 1 169 10 is_stmt 0 view .LVU11
  72 0016 D0F80480 		ldr	r8, [r0, #4]	@ float
  73              	.LVL4:
 170:Drivers/CMSIS/DSP/Source/ComplexMathFunctions/arm_cmplx_dot_prod_f32.c ****       c0 = *pSrcB++;
  74              		.loc 1 170 7 is_stmt 1 view .LVU12
  75              		.loc 1 170 10 is_stmt 0 view .LVU13
  76 001a 0E46     		mov	r6, r1
  77 001c 56F8089B 		ldr	r9, [r6], #8	@ float
  78              	.LVL5:
 171:Drivers/CMSIS/DSP/Source/ComplexMathFunctions/arm_cmplx_dot_prod_f32.c ****       d0 = *pSrcB++;
  79              		.loc 1 171 7 is_stmt 1 view .LVU14
  80              		.loc 1 171 10 is_stmt 0 view .LVU15
  81 0020 D1F804A0 		ldr	r10, [r1, #4]	@ float
  82              	.LVL6:
 172:Drivers/CMSIS/DSP/Source/ComplexMathFunctions/arm_cmplx_dot_prod_f32.c **** 
 173:Drivers/CMSIS/DSP/Source/ComplexMathFunctions/arm_cmplx_dot_prod_f32.c ****       real_sum += a0 * c0;
  83              		.loc 1 173 7 is_stmt 1 view .LVU16
  84              		.loc 1 173 22 is_stmt 0 view .LVU17
  85 0024 4946     		mov	r1, r9
  86 0026 5846     		mov	r0, fp
  87 0028 FFF7FEFF 		bl	__aeabi_fmul
  88              	.LVL7:
  89              		.loc 1 173 16 view .LVU18
  90 002c 0099     		ldr	r1, [sp]	@ float
  91 002e FFF7FEFF 		bl	__aeabi_fadd
  92              	.LVL8:
  93 0032 0090     		str	r0, [sp]	@ float
  94              	.LVL9:
 174:Drivers/CMSIS/DSP/Source/ComplexMathFunctions/arm_cmplx_dot_prod_f32.c ****       imag_sum += a0 * d0;
  95              		.loc 1 174 7 is_stmt 1 view .LVU19
  96              		.loc 1 174 22 is_stmt 0 view .LVU20
  97 0034 5146     		mov	r1, r10
  98 0036 5846     		mov	r0, fp
  99              	.LVL10:
 100              		.loc 1 174 22 view .LVU21
 101 0038 FFF7FEFF 		bl	__aeabi_fmul
 102              	.LVL11:
 103              		.loc 1 174 16 view .LVU22
 104 003c 2146     		mov	r1, r4
 105 003e FFF7FEFF 		bl	__aeabi_fadd
 106              	.LVL12:
 107 0042 0446     		mov	r4, r0
 108              	.LVL13:
 175:Drivers/CMSIS/DSP/Source/ComplexMathFunctions/arm_cmplx_dot_prod_f32.c ****       real_sum -= b0 * d0;
 109              		.loc 1 175 7 is_stmt 1 view .LVU23
ARM GAS  C:\Users\Lamp\AppData\Local\Temp\ccQZESV9.s 			page 6


 110              		.loc 1 175 22 is_stmt 0 view .LVU24
 111 0044 5146     		mov	r1, r10
 112 0046 4046     		mov	r0, r8
 113              	.LVL14:
 114              		.loc 1 175 22 view .LVU25
 115 0048 FFF7FEFF 		bl	__aeabi_fmul
 116              	.LVL15:
 117 004c 0146     		mov	r1, r0
 118              		.loc 1 175 16 view .LVU26
 119 004e 0098     		ldr	r0, [sp]	@ float
 120 0050 FFF7FEFF 		bl	__aeabi_fsub
 121              	.LVL16:
 122 0054 0090     		str	r0, [sp]	@ float
 123              	.LVL17:
 176:Drivers/CMSIS/DSP/Source/ComplexMathFunctions/arm_cmplx_dot_prod_f32.c ****       imag_sum += b0 * c0;
 124              		.loc 1 176 7 is_stmt 1 view .LVU27
 125              		.loc 1 176 22 is_stmt 0 view .LVU28
 126 0056 4946     		mov	r1, r9
 127 0058 4046     		mov	r0, r8
 128              	.LVL18:
 129              		.loc 1 176 22 view .LVU29
 130 005a FFF7FEFF 		bl	__aeabi_fmul
 131              	.LVL19:
 132              		.loc 1 176 16 view .LVU30
 133 005e 2146     		mov	r1, r4
 134 0060 FFF7FEFF 		bl	__aeabi_fadd
 135              	.LVL20:
 136 0064 0446     		mov	r4, r0
 137              	.LVL21:
 177:Drivers/CMSIS/DSP/Source/ComplexMathFunctions/arm_cmplx_dot_prod_f32.c **** 
 178:Drivers/CMSIS/DSP/Source/ComplexMathFunctions/arm_cmplx_dot_prod_f32.c ****       /* Decrement the loop counter */
 179:Drivers/CMSIS/DSP/Source/ComplexMathFunctions/arm_cmplx_dot_prod_f32.c ****       numSamples--;
 138              		.loc 1 179 7 is_stmt 1 view .LVU31
 139              		.loc 1 179 17 is_stmt 0 view .LVU32
 140 0066 013F     		subs	r7, r7, #1
 141              	.LVL22:
 171:Drivers/CMSIS/DSP/Source/ComplexMathFunctions/arm_cmplx_dot_prod_f32.c **** 
 142              		.loc 1 171 18 view .LVU33
 143 0068 3146     		mov	r1, r6
 169:Drivers/CMSIS/DSP/Source/ComplexMathFunctions/arm_cmplx_dot_prod_f32.c ****       c0 = *pSrcB++;
 144              		.loc 1 169 18 view .LVU34
 145 006a 2846     		mov	r0, r5
 146              	.LVL23:
 147              	.L2:
 166:Drivers/CMSIS/DSP/Source/ComplexMathFunctions/arm_cmplx_dot_prod_f32.c ****   {
 148              		.loc 1 166 21 is_stmt 1 view .LVU35
 149 006c 002F     		cmp	r7, #0
 150 006e CFD1     		bne	.L3
 180:Drivers/CMSIS/DSP/Source/ComplexMathFunctions/arm_cmplx_dot_prod_f32.c ****   }
 181:Drivers/CMSIS/DSP/Source/ComplexMathFunctions/arm_cmplx_dot_prod_f32.c **** 
 182:Drivers/CMSIS/DSP/Source/ComplexMathFunctions/arm_cmplx_dot_prod_f32.c **** #endif /* #if defined (ARM_MATH_DSP) */
 183:Drivers/CMSIS/DSP/Source/ComplexMathFunctions/arm_cmplx_dot_prod_f32.c **** 
 184:Drivers/CMSIS/DSP/Source/ComplexMathFunctions/arm_cmplx_dot_prod_f32.c ****   /* Store the real and imaginary results in the destination buffers */
 185:Drivers/CMSIS/DSP/Source/ComplexMathFunctions/arm_cmplx_dot_prod_f32.c ****   *realResult = real_sum;
 151              		.loc 1 185 3 view .LVU36
 152              		.loc 1 185 15 is_stmt 0 view .LVU37
 153 0070 019B     		ldr	r3, [sp, #4]
ARM GAS  C:\Users\Lamp\AppData\Local\Temp\ccQZESV9.s 			page 7


 154 0072 009A     		ldr	r2, [sp]	@ float
 155 0074 1A60     		str	r2, [r3]	@ float
 186:Drivers/CMSIS/DSP/Source/ComplexMathFunctions/arm_cmplx_dot_prod_f32.c ****   *imagResult = imag_sum;
 156              		.loc 1 186 3 is_stmt 1 view .LVU38
 157              		.loc 1 186 15 is_stmt 0 view .LVU39
 158 0076 0C9B     		ldr	r3, [sp, #48]
 159 0078 1C60     		str	r4, [r3]	@ float
 187:Drivers/CMSIS/DSP/Source/ComplexMathFunctions/arm_cmplx_dot_prod_f32.c **** }
 160              		.loc 1 187 1 view .LVU40
 161 007a 03B0     		add	sp, sp, #12
 162              	.LCFI2:
 163              		.cfi_def_cfa_offset 36
 164              	.LVL24:
 165              		.loc 1 187 1 view .LVU41
 166              		@ sp needed
 167 007c BDE8F08F 		pop	{r4, r5, r6, r7, r8, r9, r10, fp, pc}
 168              		.loc 1 187 1 view .LVU42
 169              		.cfi_endproc
 170              	.LFE100:
 172              		.text
 173              	.Letext0:
 174              		.file 2 "C:/ARM GNU Toolchain/arm-none-eabi/include/machine/_default_types.h"
 175              		.file 3 "C:/ARM GNU Toolchain/arm-none-eabi/include/sys/_stdint.h"
 176              		.file 4 "Drivers/CMSIS/DSP/Include/arm_math.h"
ARM GAS  C:\Users\Lamp\AppData\Local\Temp\ccQZESV9.s 			page 8


DEFINED SYMBOLS
                            *ABS*:00000000 arm_cmplx_dot_prod_f32.c
C:\Users\Lamp\AppData\Local\Temp\ccQZESV9.s:22     .text.arm_cmplx_dot_prod_f32:00000000 $t
C:\Users\Lamp\AppData\Local\Temp\ccQZESV9.s:28     .text.arm_cmplx_dot_prod_f32:00000000 arm_cmplx_dot_prod_f32

UNDEFINED SYMBOLS
__aeabi_fmul
__aeabi_fadd
__aeabi_fsub
