ARM GAS  C:\Users\Lamp\AppData\Local\Temp\ccpqN0Hw.s 			page 1


   1              		.cpu cortex-m3
   2              		.arch armv7-m
   3              		.fpu softvfp
   4              		.eabi_attribute 20, 1
   5              		.eabi_attribute 21, 1
   6              		.eabi_attribute 23, 3
   7              		.eabi_attribute 24, 1
   8              		.eabi_attribute 25, 1
   9              		.eabi_attribute 26, 1
  10              		.eabi_attribute 30, 1
  11              		.eabi_attribute 34, 1
  12              		.eabi_attribute 18, 4
  13              		.file	"arm_offset_q7.c"
  14              		.text
  15              	.Ltext0:
  16              		.cfi_sections	.debug_frame
  17              		.file 1 "Drivers/CMSIS/DSP/Source/BasicMathFunctions/arm_offset_q7.c"
  18              		.section	.text.arm_offset_q7,"ax",%progbits
  19              		.align	1
  20              		.global	arm_offset_q7
  21              		.syntax unified
  22              		.thumb
  23              		.thumb_func
  25              	arm_offset_q7:
  26              	.LVL0:
  27              	.LFB100:
   1:Drivers/CMSIS/DSP/Source/BasicMathFunctions/arm_offset_q7.c **** /* ----------------------------------------------------------------------
   2:Drivers/CMSIS/DSP/Source/BasicMathFunctions/arm_offset_q7.c ****  * Project:      CMSIS DSP Library
   3:Drivers/CMSIS/DSP/Source/BasicMathFunctions/arm_offset_q7.c ****  * Title:        arm_offset_q7.c
   4:Drivers/CMSIS/DSP/Source/BasicMathFunctions/arm_offset_q7.c ****  * Description:  Q7 vector offset
   5:Drivers/CMSIS/DSP/Source/BasicMathFunctions/arm_offset_q7.c ****  *
   6:Drivers/CMSIS/DSP/Source/BasicMathFunctions/arm_offset_q7.c ****  * $Date:        27. January 2017
   7:Drivers/CMSIS/DSP/Source/BasicMathFunctions/arm_offset_q7.c ****  * $Revision:    V.1.5.1
   8:Drivers/CMSIS/DSP/Source/BasicMathFunctions/arm_offset_q7.c ****  *
   9:Drivers/CMSIS/DSP/Source/BasicMathFunctions/arm_offset_q7.c ****  * Target Processor: Cortex-M cores
  10:Drivers/CMSIS/DSP/Source/BasicMathFunctions/arm_offset_q7.c ****  * -------------------------------------------------------------------- */
  11:Drivers/CMSIS/DSP/Source/BasicMathFunctions/arm_offset_q7.c **** /*
  12:Drivers/CMSIS/DSP/Source/BasicMathFunctions/arm_offset_q7.c ****  * Copyright (C) 2010-2017 ARM Limited or its affiliates. All rights reserved.
  13:Drivers/CMSIS/DSP/Source/BasicMathFunctions/arm_offset_q7.c ****  *
  14:Drivers/CMSIS/DSP/Source/BasicMathFunctions/arm_offset_q7.c ****  * SPDX-License-Identifier: Apache-2.0
  15:Drivers/CMSIS/DSP/Source/BasicMathFunctions/arm_offset_q7.c ****  *
  16:Drivers/CMSIS/DSP/Source/BasicMathFunctions/arm_offset_q7.c ****  * Licensed under the Apache License, Version 2.0 (the License); you may
  17:Drivers/CMSIS/DSP/Source/BasicMathFunctions/arm_offset_q7.c ****  * not use this file except in compliance with the License.
  18:Drivers/CMSIS/DSP/Source/BasicMathFunctions/arm_offset_q7.c ****  * You may obtain a copy of the License at
  19:Drivers/CMSIS/DSP/Source/BasicMathFunctions/arm_offset_q7.c ****  *
  20:Drivers/CMSIS/DSP/Source/BasicMathFunctions/arm_offset_q7.c ****  * www.apache.org/licenses/LICENSE-2.0
  21:Drivers/CMSIS/DSP/Source/BasicMathFunctions/arm_offset_q7.c ****  *
  22:Drivers/CMSIS/DSP/Source/BasicMathFunctions/arm_offset_q7.c ****  * Unless required by applicable law or agreed to in writing, software
  23:Drivers/CMSIS/DSP/Source/BasicMathFunctions/arm_offset_q7.c ****  * distributed under the License is distributed on an AS IS BASIS, WITHOUT
  24:Drivers/CMSIS/DSP/Source/BasicMathFunctions/arm_offset_q7.c ****  * WARRANTIES OR CONDITIONS OF ANY KIND, either express or implied.
  25:Drivers/CMSIS/DSP/Source/BasicMathFunctions/arm_offset_q7.c ****  * See the License for the specific language governing permissions and
  26:Drivers/CMSIS/DSP/Source/BasicMathFunctions/arm_offset_q7.c ****  * limitations under the License.
  27:Drivers/CMSIS/DSP/Source/BasicMathFunctions/arm_offset_q7.c ****  */
  28:Drivers/CMSIS/DSP/Source/BasicMathFunctions/arm_offset_q7.c **** 
  29:Drivers/CMSIS/DSP/Source/BasicMathFunctions/arm_offset_q7.c **** #include "arm_math.h"
  30:Drivers/CMSIS/DSP/Source/BasicMathFunctions/arm_offset_q7.c **** 
  31:Drivers/CMSIS/DSP/Source/BasicMathFunctions/arm_offset_q7.c **** /**
ARM GAS  C:\Users\Lamp\AppData\Local\Temp\ccpqN0Hw.s 			page 2


  32:Drivers/CMSIS/DSP/Source/BasicMathFunctions/arm_offset_q7.c ****  * @ingroup groupMath
  33:Drivers/CMSIS/DSP/Source/BasicMathFunctions/arm_offset_q7.c ****  */
  34:Drivers/CMSIS/DSP/Source/BasicMathFunctions/arm_offset_q7.c **** 
  35:Drivers/CMSIS/DSP/Source/BasicMathFunctions/arm_offset_q7.c **** /**
  36:Drivers/CMSIS/DSP/Source/BasicMathFunctions/arm_offset_q7.c ****  * @addtogroup offset
  37:Drivers/CMSIS/DSP/Source/BasicMathFunctions/arm_offset_q7.c ****  * @{
  38:Drivers/CMSIS/DSP/Source/BasicMathFunctions/arm_offset_q7.c ****  */
  39:Drivers/CMSIS/DSP/Source/BasicMathFunctions/arm_offset_q7.c **** 
  40:Drivers/CMSIS/DSP/Source/BasicMathFunctions/arm_offset_q7.c **** /**
  41:Drivers/CMSIS/DSP/Source/BasicMathFunctions/arm_offset_q7.c ****  * @brief  Adds a constant offset to a Q7 vector.
  42:Drivers/CMSIS/DSP/Source/BasicMathFunctions/arm_offset_q7.c ****  * @param[in]  *pSrc points to the input vector
  43:Drivers/CMSIS/DSP/Source/BasicMathFunctions/arm_offset_q7.c ****  * @param[in]  offset is the offset to be added
  44:Drivers/CMSIS/DSP/Source/BasicMathFunctions/arm_offset_q7.c ****  * @param[out]  *pDst points to the output vector
  45:Drivers/CMSIS/DSP/Source/BasicMathFunctions/arm_offset_q7.c ****  * @param[in]  blockSize number of samples in the vector
  46:Drivers/CMSIS/DSP/Source/BasicMathFunctions/arm_offset_q7.c ****  * @return none.
  47:Drivers/CMSIS/DSP/Source/BasicMathFunctions/arm_offset_q7.c ****  *
  48:Drivers/CMSIS/DSP/Source/BasicMathFunctions/arm_offset_q7.c ****  * <b>Scaling and Overflow Behavior:</b>
  49:Drivers/CMSIS/DSP/Source/BasicMathFunctions/arm_offset_q7.c ****  * \par
  50:Drivers/CMSIS/DSP/Source/BasicMathFunctions/arm_offset_q7.c ****  * The function uses saturating arithmetic.
  51:Drivers/CMSIS/DSP/Source/BasicMathFunctions/arm_offset_q7.c ****  * Results outside of the allowable Q7 range [0x80 0x7F] are saturated.
  52:Drivers/CMSIS/DSP/Source/BasicMathFunctions/arm_offset_q7.c ****  */
  53:Drivers/CMSIS/DSP/Source/BasicMathFunctions/arm_offset_q7.c **** 
  54:Drivers/CMSIS/DSP/Source/BasicMathFunctions/arm_offset_q7.c **** void arm_offset_q7(
  55:Drivers/CMSIS/DSP/Source/BasicMathFunctions/arm_offset_q7.c ****   q7_t * pSrc,
  56:Drivers/CMSIS/DSP/Source/BasicMathFunctions/arm_offset_q7.c ****   q7_t offset,
  57:Drivers/CMSIS/DSP/Source/BasicMathFunctions/arm_offset_q7.c ****   q7_t * pDst,
  58:Drivers/CMSIS/DSP/Source/BasicMathFunctions/arm_offset_q7.c ****   uint32_t blockSize)
  59:Drivers/CMSIS/DSP/Source/BasicMathFunctions/arm_offset_q7.c **** {
  28              		.loc 1 59 1 view -0
  29              		.cfi_startproc
  30              		@ args = 0, pretend = 0, frame = 0
  31              		@ frame_needed = 0, uses_anonymous_args = 0
  32              		@ link register save eliminated.
  60:Drivers/CMSIS/DSP/Source/BasicMathFunctions/arm_offset_q7.c ****   uint32_t blkCnt;                               /* loop counter */
  33              		.loc 1 60 3 view .LVU1
  61:Drivers/CMSIS/DSP/Source/BasicMathFunctions/arm_offset_q7.c **** 
  62:Drivers/CMSIS/DSP/Source/BasicMathFunctions/arm_offset_q7.c **** #if defined (ARM_MATH_DSP)
  63:Drivers/CMSIS/DSP/Source/BasicMathFunctions/arm_offset_q7.c **** 
  64:Drivers/CMSIS/DSP/Source/BasicMathFunctions/arm_offset_q7.c **** /* Run the below code for Cortex-M4 and Cortex-M3 */
  65:Drivers/CMSIS/DSP/Source/BasicMathFunctions/arm_offset_q7.c ****   q31_t offset_packed;                           /* Offset packed to 32 bit */
  66:Drivers/CMSIS/DSP/Source/BasicMathFunctions/arm_offset_q7.c **** 
  67:Drivers/CMSIS/DSP/Source/BasicMathFunctions/arm_offset_q7.c **** 
  68:Drivers/CMSIS/DSP/Source/BasicMathFunctions/arm_offset_q7.c ****   /*loop Unrolling */
  69:Drivers/CMSIS/DSP/Source/BasicMathFunctions/arm_offset_q7.c ****   blkCnt = blockSize >> 2U;
  70:Drivers/CMSIS/DSP/Source/BasicMathFunctions/arm_offset_q7.c **** 
  71:Drivers/CMSIS/DSP/Source/BasicMathFunctions/arm_offset_q7.c ****   /* Offset is packed to 32 bit in order to use SIMD32 for addition */
  72:Drivers/CMSIS/DSP/Source/BasicMathFunctions/arm_offset_q7.c ****   offset_packed = __PACKq7(offset, offset, offset, offset);
  73:Drivers/CMSIS/DSP/Source/BasicMathFunctions/arm_offset_q7.c **** 
  74:Drivers/CMSIS/DSP/Source/BasicMathFunctions/arm_offset_q7.c ****   /* First part of the processing with loop unrolling.  Compute 4 outputs at a time.
  75:Drivers/CMSIS/DSP/Source/BasicMathFunctions/arm_offset_q7.c ****    ** a second loop below computes the remaining 1 to 3 samples. */
  76:Drivers/CMSIS/DSP/Source/BasicMathFunctions/arm_offset_q7.c ****   while (blkCnt > 0U)
  77:Drivers/CMSIS/DSP/Source/BasicMathFunctions/arm_offset_q7.c ****   {
  78:Drivers/CMSIS/DSP/Source/BasicMathFunctions/arm_offset_q7.c ****     /* C = A + offset */
  79:Drivers/CMSIS/DSP/Source/BasicMathFunctions/arm_offset_q7.c ****     /* Add offset and then store the results in the destination bufferfor 4 samples at a time. */
  80:Drivers/CMSIS/DSP/Source/BasicMathFunctions/arm_offset_q7.c ****     *__SIMD32(pDst)++ = __QADD8(*__SIMD32(pSrc)++, offset_packed);
  81:Drivers/CMSIS/DSP/Source/BasicMathFunctions/arm_offset_q7.c **** 
  82:Drivers/CMSIS/DSP/Source/BasicMathFunctions/arm_offset_q7.c ****     /* Decrement the loop counter */
ARM GAS  C:\Users\Lamp\AppData\Local\Temp\ccpqN0Hw.s 			page 3


  83:Drivers/CMSIS/DSP/Source/BasicMathFunctions/arm_offset_q7.c ****     blkCnt--;
  84:Drivers/CMSIS/DSP/Source/BasicMathFunctions/arm_offset_q7.c ****   }
  85:Drivers/CMSIS/DSP/Source/BasicMathFunctions/arm_offset_q7.c **** 
  86:Drivers/CMSIS/DSP/Source/BasicMathFunctions/arm_offset_q7.c ****   /* If the blockSize is not a multiple of 4, compute any remaining output samples here.
  87:Drivers/CMSIS/DSP/Source/BasicMathFunctions/arm_offset_q7.c ****    ** No loop unrolling is used. */
  88:Drivers/CMSIS/DSP/Source/BasicMathFunctions/arm_offset_q7.c ****   blkCnt = blockSize % 0x4U;
  89:Drivers/CMSIS/DSP/Source/BasicMathFunctions/arm_offset_q7.c **** 
  90:Drivers/CMSIS/DSP/Source/BasicMathFunctions/arm_offset_q7.c ****   while (blkCnt > 0U)
  91:Drivers/CMSIS/DSP/Source/BasicMathFunctions/arm_offset_q7.c ****   {
  92:Drivers/CMSIS/DSP/Source/BasicMathFunctions/arm_offset_q7.c ****     /* C = A + offset */
  93:Drivers/CMSIS/DSP/Source/BasicMathFunctions/arm_offset_q7.c ****     /* Add offset and then store the result in the destination buffer. */
  94:Drivers/CMSIS/DSP/Source/BasicMathFunctions/arm_offset_q7.c ****     *pDst++ = (q7_t) __SSAT(*pSrc++ + offset, 8);
  95:Drivers/CMSIS/DSP/Source/BasicMathFunctions/arm_offset_q7.c **** 
  96:Drivers/CMSIS/DSP/Source/BasicMathFunctions/arm_offset_q7.c ****     /* Decrement the loop counter */
  97:Drivers/CMSIS/DSP/Source/BasicMathFunctions/arm_offset_q7.c ****     blkCnt--;
  98:Drivers/CMSIS/DSP/Source/BasicMathFunctions/arm_offset_q7.c ****   }
  99:Drivers/CMSIS/DSP/Source/BasicMathFunctions/arm_offset_q7.c **** 
 100:Drivers/CMSIS/DSP/Source/BasicMathFunctions/arm_offset_q7.c **** #else
 101:Drivers/CMSIS/DSP/Source/BasicMathFunctions/arm_offset_q7.c **** 
 102:Drivers/CMSIS/DSP/Source/BasicMathFunctions/arm_offset_q7.c ****   /* Run the below code for Cortex-M0 */
 103:Drivers/CMSIS/DSP/Source/BasicMathFunctions/arm_offset_q7.c **** 
 104:Drivers/CMSIS/DSP/Source/BasicMathFunctions/arm_offset_q7.c ****   /* Initialize blkCnt with number of samples */
 105:Drivers/CMSIS/DSP/Source/BasicMathFunctions/arm_offset_q7.c ****   blkCnt = blockSize;
  34              		.loc 1 105 3 view .LVU2
 106:Drivers/CMSIS/DSP/Source/BasicMathFunctions/arm_offset_q7.c **** 
 107:Drivers/CMSIS/DSP/Source/BasicMathFunctions/arm_offset_q7.c ****   while (blkCnt > 0U)
  35              		.loc 1 107 3 view .LVU3
  36              		.loc 1 107 9 is_stmt 0 view .LVU4
  37 0000 07E0     		b	.L2
  38              	.LVL1:
  39              	.L3:
 108:Drivers/CMSIS/DSP/Source/BasicMathFunctions/arm_offset_q7.c ****   {
 109:Drivers/CMSIS/DSP/Source/BasicMathFunctions/arm_offset_q7.c ****     /* C = A + offset */
 110:Drivers/CMSIS/DSP/Source/BasicMathFunctions/arm_offset_q7.c ****     /* Add offset and then store the result in the destination buffer. */
 111:Drivers/CMSIS/DSP/Source/BasicMathFunctions/arm_offset_q7.c ****     *pDst++ = (q7_t) __SSAT((q15_t) * pSrc++ + offset, 8);
  40              		.loc 1 111 5 is_stmt 1 view .LVU5
  41              	.LBB2:
  42              		.loc 1 111 22 view .LVU6
  43              		.loc 1 111 22 is_stmt 0 view .LVU7
  44 0002 10F901CB 		ldrsb	ip, [r0], #1
  45              	.LVL2:
  46              		.loc 1 111 22 view .LVU8
  47 0006 8C44     		add	ip, ip, r1
  48              	.LVL3:
  49              		.loc 1 111 22 is_stmt 1 view .LVU9
  50              		.syntax unified
  51              	@ 111 "Drivers/CMSIS/DSP/Source/BasicMathFunctions/arm_offset_q7.c" 1
  52 0008 0CF3070C 		ssat ip, #8, ip
  53              	@ 0 "" 2
  54              	.LVL4:
  55              		.loc 1 111 22 view .LVU10
  56              		.loc 1 111 22 is_stmt 0 view .LVU11
  57              		.thumb
  58              		.syntax unified
  59              	.LBE2:
  60              		.loc 1 111 13 view .LVU12
  61 000c 02F801CB 		strb	ip, [r2], #1
ARM GAS  C:\Users\Lamp\AppData\Local\Temp\ccpqN0Hw.s 			page 4


  62              	.LVL5:
 112:Drivers/CMSIS/DSP/Source/BasicMathFunctions/arm_offset_q7.c **** 
 113:Drivers/CMSIS/DSP/Source/BasicMathFunctions/arm_offset_q7.c ****     /* Decrement the loop counter */
 114:Drivers/CMSIS/DSP/Source/BasicMathFunctions/arm_offset_q7.c ****     blkCnt--;
  63              		.loc 1 114 5 is_stmt 1 view .LVU13
  64              		.loc 1 114 11 is_stmt 0 view .LVU14
  65 0010 013B     		subs	r3, r3, #1
  66              	.LVL6:
  67              	.L2:
 107:Drivers/CMSIS/DSP/Source/BasicMathFunctions/arm_offset_q7.c ****   {
  68              		.loc 1 107 17 is_stmt 1 view .LVU15
  69 0012 002B     		cmp	r3, #0
  70 0014 F5D1     		bne	.L3
 115:Drivers/CMSIS/DSP/Source/BasicMathFunctions/arm_offset_q7.c ****   }
 116:Drivers/CMSIS/DSP/Source/BasicMathFunctions/arm_offset_q7.c **** 
 117:Drivers/CMSIS/DSP/Source/BasicMathFunctions/arm_offset_q7.c **** #endif /* #if defined (ARM_MATH_DSP) */
 118:Drivers/CMSIS/DSP/Source/BasicMathFunctions/arm_offset_q7.c **** 
 119:Drivers/CMSIS/DSP/Source/BasicMathFunctions/arm_offset_q7.c **** }
  71              		.loc 1 119 1 is_stmt 0 view .LVU16
  72 0016 7047     		bx	lr
  73              		.cfi_endproc
  74              	.LFE100:
  76              		.text
  77              	.Letext0:
  78              		.file 2 "C:/ARM GNU Toolchain/arm-none-eabi/include/machine/_default_types.h"
  79              		.file 3 "C:/ARM GNU Toolchain/arm-none-eabi/include/sys/_stdint.h"
  80              		.file 4 "Drivers/CMSIS/DSP/Include/arm_math.h"
ARM GAS  C:\Users\Lamp\AppData\Local\Temp\ccpqN0Hw.s 			page 5


DEFINED SYMBOLS
                            *ABS*:00000000 arm_offset_q7.c
C:\Users\Lamp\AppData\Local\Temp\ccpqN0Hw.s:19     .text.arm_offset_q7:00000000 $t
C:\Users\Lamp\AppData\Local\Temp\ccpqN0Hw.s:25     .text.arm_offset_q7:00000000 arm_offset_q7

NO UNDEFINED SYMBOLS
