ARM GAS  C:\Users\Lamp\AppData\Local\Temp\ccrhA6Go.s 			page 1


   1              		.cpu cortex-m3
   2              		.arch armv7-m
   3              		.fpu softvfp
   4              		.eabi_attribute 20, 1
   5              		.eabi_attribute 21, 1
   6              		.eabi_attribute 23, 3
   7              		.eabi_attribute 24, 1
   8              		.eabi_attribute 25, 1
   9              		.eabi_attribute 26, 1
  10              		.eabi_attribute 30, 1
  11              		.eabi_attribute 34, 1
  12              		.eabi_attribute 18, 4
  13              		.file	"arm_cfft_radix2_init_q31.c"
  14              		.text
  15              	.Ltext0:
  16              		.cfi_sections	.debug_frame
  17              		.file 1 "Drivers/CMSIS/DSP/Source/TransformFunctions/arm_cfft_radix2_init_q31.c"
  18              		.section	.text.arm_cfft_radix2_init_q31,"ax",%progbits
  19              		.align	1
  20              		.global	arm_cfft_radix2_init_q31
  21              		.syntax unified
  22              		.thumb
  23              		.thumb_func
  25              	arm_cfft_radix2_init_q31:
  26              	.LVL0:
  27              	.LFB100:
   1:Drivers/CMSIS/DSP/Source/TransformFunctions/arm_cfft_radix2_init_q31.c **** /* ----------------------------------------------------------------------
   2:Drivers/CMSIS/DSP/Source/TransformFunctions/arm_cfft_radix2_init_q31.c ****  * Project:      CMSIS DSP Library
   3:Drivers/CMSIS/DSP/Source/TransformFunctions/arm_cfft_radix2_init_q31.c ****  * Title:        arm_cfft_radix2_init_q31.c
   4:Drivers/CMSIS/DSP/Source/TransformFunctions/arm_cfft_radix2_init_q31.c ****  * Description:  Radix-2 Decimation in Frequency Fixed-point CFFT & CIFFT Initialization function
   5:Drivers/CMSIS/DSP/Source/TransformFunctions/arm_cfft_radix2_init_q31.c ****  *
   6:Drivers/CMSIS/DSP/Source/TransformFunctions/arm_cfft_radix2_init_q31.c ****  * $Date:        27. January 2017
   7:Drivers/CMSIS/DSP/Source/TransformFunctions/arm_cfft_radix2_init_q31.c ****  * $Revision:    V.1.5.1
   8:Drivers/CMSIS/DSP/Source/TransformFunctions/arm_cfft_radix2_init_q31.c ****  *
   9:Drivers/CMSIS/DSP/Source/TransformFunctions/arm_cfft_radix2_init_q31.c ****  * Target Processor: Cortex-M cores
  10:Drivers/CMSIS/DSP/Source/TransformFunctions/arm_cfft_radix2_init_q31.c ****  * -------------------------------------------------------------------- */
  11:Drivers/CMSIS/DSP/Source/TransformFunctions/arm_cfft_radix2_init_q31.c **** /*
  12:Drivers/CMSIS/DSP/Source/TransformFunctions/arm_cfft_radix2_init_q31.c ****  * Copyright (C) 2010-2017 ARM Limited or its affiliates. All rights reserved.
  13:Drivers/CMSIS/DSP/Source/TransformFunctions/arm_cfft_radix2_init_q31.c ****  *
  14:Drivers/CMSIS/DSP/Source/TransformFunctions/arm_cfft_radix2_init_q31.c ****  * SPDX-License-Identifier: Apache-2.0
  15:Drivers/CMSIS/DSP/Source/TransformFunctions/arm_cfft_radix2_init_q31.c ****  *
  16:Drivers/CMSIS/DSP/Source/TransformFunctions/arm_cfft_radix2_init_q31.c ****  * Licensed under the Apache License, Version 2.0 (the License); you may
  17:Drivers/CMSIS/DSP/Source/TransformFunctions/arm_cfft_radix2_init_q31.c ****  * not use this file except in compliance with the License.
  18:Drivers/CMSIS/DSP/Source/TransformFunctions/arm_cfft_radix2_init_q31.c ****  * You may obtain a copy of the License at
  19:Drivers/CMSIS/DSP/Source/TransformFunctions/arm_cfft_radix2_init_q31.c ****  *
  20:Drivers/CMSIS/DSP/Source/TransformFunctions/arm_cfft_radix2_init_q31.c ****  * www.apache.org/licenses/LICENSE-2.0
  21:Drivers/CMSIS/DSP/Source/TransformFunctions/arm_cfft_radix2_init_q31.c ****  *
  22:Drivers/CMSIS/DSP/Source/TransformFunctions/arm_cfft_radix2_init_q31.c ****  * Unless required by applicable law or agreed to in writing, software
  23:Drivers/CMSIS/DSP/Source/TransformFunctions/arm_cfft_radix2_init_q31.c ****  * distributed under the License is distributed on an AS IS BASIS, WITHOUT
  24:Drivers/CMSIS/DSP/Source/TransformFunctions/arm_cfft_radix2_init_q31.c ****  * WARRANTIES OR CONDITIONS OF ANY KIND, either express or implied.
  25:Drivers/CMSIS/DSP/Source/TransformFunctions/arm_cfft_radix2_init_q31.c ****  * See the License for the specific language governing permissions and
  26:Drivers/CMSIS/DSP/Source/TransformFunctions/arm_cfft_radix2_init_q31.c ****  * limitations under the License.
  27:Drivers/CMSIS/DSP/Source/TransformFunctions/arm_cfft_radix2_init_q31.c ****  */
  28:Drivers/CMSIS/DSP/Source/TransformFunctions/arm_cfft_radix2_init_q31.c **** 
  29:Drivers/CMSIS/DSP/Source/TransformFunctions/arm_cfft_radix2_init_q31.c **** #include "arm_math.h"
  30:Drivers/CMSIS/DSP/Source/TransformFunctions/arm_cfft_radix2_init_q31.c **** #include "arm_common_tables.h"
  31:Drivers/CMSIS/DSP/Source/TransformFunctions/arm_cfft_radix2_init_q31.c **** 
ARM GAS  C:\Users\Lamp\AppData\Local\Temp\ccrhA6Go.s 			page 2


  32:Drivers/CMSIS/DSP/Source/TransformFunctions/arm_cfft_radix2_init_q31.c **** /**
  33:Drivers/CMSIS/DSP/Source/TransformFunctions/arm_cfft_radix2_init_q31.c ****  * @ingroup groupTransforms
  34:Drivers/CMSIS/DSP/Source/TransformFunctions/arm_cfft_radix2_init_q31.c ****  */
  35:Drivers/CMSIS/DSP/Source/TransformFunctions/arm_cfft_radix2_init_q31.c **** 
  36:Drivers/CMSIS/DSP/Source/TransformFunctions/arm_cfft_radix2_init_q31.c **** /**
  37:Drivers/CMSIS/DSP/Source/TransformFunctions/arm_cfft_radix2_init_q31.c ****  * @addtogroup ComplexFFT
  38:Drivers/CMSIS/DSP/Source/TransformFunctions/arm_cfft_radix2_init_q31.c ****  * @{
  39:Drivers/CMSIS/DSP/Source/TransformFunctions/arm_cfft_radix2_init_q31.c ****  */
  40:Drivers/CMSIS/DSP/Source/TransformFunctions/arm_cfft_radix2_init_q31.c **** 
  41:Drivers/CMSIS/DSP/Source/TransformFunctions/arm_cfft_radix2_init_q31.c **** 
  42:Drivers/CMSIS/DSP/Source/TransformFunctions/arm_cfft_radix2_init_q31.c **** /**
  43:Drivers/CMSIS/DSP/Source/TransformFunctions/arm_cfft_radix2_init_q31.c **** *
  44:Drivers/CMSIS/DSP/Source/TransformFunctions/arm_cfft_radix2_init_q31.c **** * @brief  Initialization function for the Q31 CFFT/CIFFT.
  45:Drivers/CMSIS/DSP/Source/TransformFunctions/arm_cfft_radix2_init_q31.c **** * @deprecated Do not use this function.  It has been superseded by \ref arm_cfft_q31 and will be re
  46:Drivers/CMSIS/DSP/Source/TransformFunctions/arm_cfft_radix2_init_q31.c **** * @param[in,out] *S             points to an instance of the Q31 CFFT/CIFFT structure.
  47:Drivers/CMSIS/DSP/Source/TransformFunctions/arm_cfft_radix2_init_q31.c **** * @param[in]     fftLen         length of the FFT.
  48:Drivers/CMSIS/DSP/Source/TransformFunctions/arm_cfft_radix2_init_q31.c **** * @param[in]     ifftFlag       flag that selects forward (ifftFlag=0) or inverse (ifftFlag=1) tran
  49:Drivers/CMSIS/DSP/Source/TransformFunctions/arm_cfft_radix2_init_q31.c **** * @param[in]     bitReverseFlag flag that enables (bitReverseFlag=1) or disables (bitReverseFlag=0)
  50:Drivers/CMSIS/DSP/Source/TransformFunctions/arm_cfft_radix2_init_q31.c **** * @return        The function returns ARM_MATH_SUCCESS if initialization is successful or ARM_MATH_
  51:Drivers/CMSIS/DSP/Source/TransformFunctions/arm_cfft_radix2_init_q31.c **** *
  52:Drivers/CMSIS/DSP/Source/TransformFunctions/arm_cfft_radix2_init_q31.c **** * \par Description:
  53:Drivers/CMSIS/DSP/Source/TransformFunctions/arm_cfft_radix2_init_q31.c **** * \par
  54:Drivers/CMSIS/DSP/Source/TransformFunctions/arm_cfft_radix2_init_q31.c **** * The parameter <code>ifftFlag</code> controls whether a forward or inverse transform is computed.
  55:Drivers/CMSIS/DSP/Source/TransformFunctions/arm_cfft_radix2_init_q31.c **** * Set(=1) ifftFlag for calculation of CIFFT otherwise  CFFT is calculated
  56:Drivers/CMSIS/DSP/Source/TransformFunctions/arm_cfft_radix2_init_q31.c **** * \par
  57:Drivers/CMSIS/DSP/Source/TransformFunctions/arm_cfft_radix2_init_q31.c **** * The parameter <code>bitReverseFlag</code> controls whether output is in normal order or bit rever
  58:Drivers/CMSIS/DSP/Source/TransformFunctions/arm_cfft_radix2_init_q31.c **** * Set(=1) bitReverseFlag for output to be in normal order otherwise output is in bit reversed order
  59:Drivers/CMSIS/DSP/Source/TransformFunctions/arm_cfft_radix2_init_q31.c **** * \par
  60:Drivers/CMSIS/DSP/Source/TransformFunctions/arm_cfft_radix2_init_q31.c **** * The parameter <code>fftLen</code>	Specifies length of CFFT/CIFFT process. Supported FFT Lengths a
  61:Drivers/CMSIS/DSP/Source/TransformFunctions/arm_cfft_radix2_init_q31.c **** * \par
  62:Drivers/CMSIS/DSP/Source/TransformFunctions/arm_cfft_radix2_init_q31.c **** * This Function also initializes Twiddle factor table pointer and Bit reversal table pointer.
  63:Drivers/CMSIS/DSP/Source/TransformFunctions/arm_cfft_radix2_init_q31.c **** */
  64:Drivers/CMSIS/DSP/Source/TransformFunctions/arm_cfft_radix2_init_q31.c **** 
  65:Drivers/CMSIS/DSP/Source/TransformFunctions/arm_cfft_radix2_init_q31.c **** arm_status arm_cfft_radix2_init_q31(
  66:Drivers/CMSIS/DSP/Source/TransformFunctions/arm_cfft_radix2_init_q31.c ****   arm_cfft_radix2_instance_q31 * S,
  67:Drivers/CMSIS/DSP/Source/TransformFunctions/arm_cfft_radix2_init_q31.c ****   uint16_t fftLen,
  68:Drivers/CMSIS/DSP/Source/TransformFunctions/arm_cfft_radix2_init_q31.c ****   uint8_t ifftFlag,
  69:Drivers/CMSIS/DSP/Source/TransformFunctions/arm_cfft_radix2_init_q31.c ****   uint8_t bitReverseFlag)
  70:Drivers/CMSIS/DSP/Source/TransformFunctions/arm_cfft_radix2_init_q31.c **** {
  28              		.loc 1 70 1 view -0
  29              		.cfi_startproc
  30              		@ args = 0, pretend = 0, frame = 0
  31              		@ frame_needed = 0, uses_anonymous_args = 0
  32              		@ link register save eliminated.
  33              		.loc 1 70 1 is_stmt 0 view .LVU1
  34 0000 10B4     		push	{r4}
  35              	.LCFI0:
  36              		.cfi_def_cfa_offset 4
  37              		.cfi_offset 4, -4
  71:Drivers/CMSIS/DSP/Source/TransformFunctions/arm_cfft_radix2_init_q31.c ****   /*  Initialise the default arm status */
  72:Drivers/CMSIS/DSP/Source/TransformFunctions/arm_cfft_radix2_init_q31.c ****   arm_status status = ARM_MATH_SUCCESS;
  38              		.loc 1 72 3 is_stmt 1 view .LVU2
  39              	.LVL1:
  73:Drivers/CMSIS/DSP/Source/TransformFunctions/arm_cfft_radix2_init_q31.c **** 
  74:Drivers/CMSIS/DSP/Source/TransformFunctions/arm_cfft_radix2_init_q31.c ****   /*  Initialise the FFT length */
  75:Drivers/CMSIS/DSP/Source/TransformFunctions/arm_cfft_radix2_init_q31.c ****   S->fftLen = fftLen;
  40              		.loc 1 75 3 view .LVU3
ARM GAS  C:\Users\Lamp\AppData\Local\Temp\ccrhA6Go.s 			page 3


  41              		.loc 1 75 13 is_stmt 0 view .LVU4
  42 0002 0180     		strh	r1, [r0]	@ movhi
  76:Drivers/CMSIS/DSP/Source/TransformFunctions/arm_cfft_radix2_init_q31.c **** 
  77:Drivers/CMSIS/DSP/Source/TransformFunctions/arm_cfft_radix2_init_q31.c ****   /*  Initialise the Twiddle coefficient pointer */
  78:Drivers/CMSIS/DSP/Source/TransformFunctions/arm_cfft_radix2_init_q31.c ****   S->pTwiddle = (q31_t *) twiddleCoef_4096_q31;
  43              		.loc 1 78 3 is_stmt 1 view .LVU5
  44              		.loc 1 78 15 is_stmt 0 view .LVU6
  45 0004 354C     		ldr	r4, .L20
  46 0006 4460     		str	r4, [r0, #4]
  79:Drivers/CMSIS/DSP/Source/TransformFunctions/arm_cfft_radix2_init_q31.c ****   /*  Initialise the Flag for selection of CFFT or CIFFT */
  80:Drivers/CMSIS/DSP/Source/TransformFunctions/arm_cfft_radix2_init_q31.c ****   S->ifftFlag = ifftFlag;
  47              		.loc 1 80 3 is_stmt 1 view .LVU7
  48              		.loc 1 80 15 is_stmt 0 view .LVU8
  49 0008 8270     		strb	r2, [r0, #2]
  81:Drivers/CMSIS/DSP/Source/TransformFunctions/arm_cfft_radix2_init_q31.c ****   /*  Initialise the Flag for calculation Bit reversal or not */
  82:Drivers/CMSIS/DSP/Source/TransformFunctions/arm_cfft_radix2_init_q31.c ****   S->bitReverseFlag = bitReverseFlag;
  50              		.loc 1 82 3 is_stmt 1 view .LVU9
  51              		.loc 1 82 21 is_stmt 0 view .LVU10
  52 000a C370     		strb	r3, [r0, #3]
  83:Drivers/CMSIS/DSP/Source/TransformFunctions/arm_cfft_radix2_init_q31.c **** 
  84:Drivers/CMSIS/DSP/Source/TransformFunctions/arm_cfft_radix2_init_q31.c ****   /*  Initializations of Instance structure depending on the FFT length */
  85:Drivers/CMSIS/DSP/Source/TransformFunctions/arm_cfft_radix2_init_q31.c ****   switch (S->fftLen)
  53              		.loc 1 85 3 is_stmt 1 view .LVU11
  54 000c B1F5807F 		cmp	r1, #256
  55 0010 4AD0     		beq	.L2
  56 0012 10D9     		bls	.L16
  57 0014 B1F5006F 		cmp	r1, #2048
  58 0018 38D0     		beq	.L10
  59 001a 2CD8     		bhi	.L11
  60 001c B1F5007F 		cmp	r1, #512
  61 0020 3BD0     		beq	.L12
  62 0022 B1F5806F 		cmp	r1, #1024
  63 0026 23D1     		bne	.L17
  86:Drivers/CMSIS/DSP/Source/TransformFunctions/arm_cfft_radix2_init_q31.c ****   {
  87:Drivers/CMSIS/DSP/Source/TransformFunctions/arm_cfft_radix2_init_q31.c ****     /*  Initializations of structure parameters for 4096 point FFT */
  88:Drivers/CMSIS/DSP/Source/TransformFunctions/arm_cfft_radix2_init_q31.c ****   case 4096U:
  89:Drivers/CMSIS/DSP/Source/TransformFunctions/arm_cfft_radix2_init_q31.c ****     /*  Initialise the twiddle coef modifier value */
  90:Drivers/CMSIS/DSP/Source/TransformFunctions/arm_cfft_radix2_init_q31.c ****     S->twidCoefModifier = 1U;
  91:Drivers/CMSIS/DSP/Source/TransformFunctions/arm_cfft_radix2_init_q31.c ****     /*  Initialise the bit reversal table modifier */
  92:Drivers/CMSIS/DSP/Source/TransformFunctions/arm_cfft_radix2_init_q31.c ****     S->bitRevFactor = 1U;
  93:Drivers/CMSIS/DSP/Source/TransformFunctions/arm_cfft_radix2_init_q31.c ****     /*  Initialise the bit reversal table pointer */
  94:Drivers/CMSIS/DSP/Source/TransformFunctions/arm_cfft_radix2_init_q31.c ****     S->pBitRevTable = (uint16_t *) armBitRevTable;
  95:Drivers/CMSIS/DSP/Source/TransformFunctions/arm_cfft_radix2_init_q31.c ****     break;
  96:Drivers/CMSIS/DSP/Source/TransformFunctions/arm_cfft_radix2_init_q31.c **** 
  97:Drivers/CMSIS/DSP/Source/TransformFunctions/arm_cfft_radix2_init_q31.c ****     /*  Initializations of structure parameters for 2048 point FFT */
  98:Drivers/CMSIS/DSP/Source/TransformFunctions/arm_cfft_radix2_init_q31.c ****   case 2048U:
  99:Drivers/CMSIS/DSP/Source/TransformFunctions/arm_cfft_radix2_init_q31.c ****     /*  Initialise the twiddle coef modifier value */
 100:Drivers/CMSIS/DSP/Source/TransformFunctions/arm_cfft_radix2_init_q31.c ****     S->twidCoefModifier = 2U;
 101:Drivers/CMSIS/DSP/Source/TransformFunctions/arm_cfft_radix2_init_q31.c ****     /*  Initialise the bit reversal table modifier */
 102:Drivers/CMSIS/DSP/Source/TransformFunctions/arm_cfft_radix2_init_q31.c ****     S->bitRevFactor = 2U;
 103:Drivers/CMSIS/DSP/Source/TransformFunctions/arm_cfft_radix2_init_q31.c ****     /*  Initialise the bit reversal table pointer */
 104:Drivers/CMSIS/DSP/Source/TransformFunctions/arm_cfft_radix2_init_q31.c ****     S->pBitRevTable = (uint16_t *) & armBitRevTable[1];
 105:Drivers/CMSIS/DSP/Source/TransformFunctions/arm_cfft_radix2_init_q31.c ****     break;
 106:Drivers/CMSIS/DSP/Source/TransformFunctions/arm_cfft_radix2_init_q31.c **** 
 107:Drivers/CMSIS/DSP/Source/TransformFunctions/arm_cfft_radix2_init_q31.c ****     /*  Initializations of structure parameters for 1024 point FFT */
 108:Drivers/CMSIS/DSP/Source/TransformFunctions/arm_cfft_radix2_init_q31.c ****   case 1024U:
 109:Drivers/CMSIS/DSP/Source/TransformFunctions/arm_cfft_radix2_init_q31.c ****     /*  Initialise the twiddle coef modifier value */
ARM GAS  C:\Users\Lamp\AppData\Local\Temp\ccrhA6Go.s 			page 4


 110:Drivers/CMSIS/DSP/Source/TransformFunctions/arm_cfft_radix2_init_q31.c ****     S->twidCoefModifier = 4U;
  64              		.loc 1 110 5 view .LVU12
  65              		.loc 1 110 25 is_stmt 0 view .LVU13
  66 0028 0423     		movs	r3, #4
  67              	.LVL2:
  68              		.loc 1 110 25 view .LVU14
  69 002a 8381     		strh	r3, [r0, #12]	@ movhi
 111:Drivers/CMSIS/DSP/Source/TransformFunctions/arm_cfft_radix2_init_q31.c ****     /*  Initialise the bit reversal table modifier */
 112:Drivers/CMSIS/DSP/Source/TransformFunctions/arm_cfft_radix2_init_q31.c ****     S->bitRevFactor = 4U;
  70              		.loc 1 112 5 is_stmt 1 view .LVU15
  71              		.loc 1 112 21 is_stmt 0 view .LVU16
  72 002c C381     		strh	r3, [r0, #14]	@ movhi
 113:Drivers/CMSIS/DSP/Source/TransformFunctions/arm_cfft_radix2_init_q31.c ****     /*  Initialise the bit reversal table pointer */
 114:Drivers/CMSIS/DSP/Source/TransformFunctions/arm_cfft_radix2_init_q31.c ****     S->pBitRevTable = (uint16_t *) & armBitRevTable[3];
  73              		.loc 1 114 5 is_stmt 1 view .LVU17
  74              		.loc 1 114 21 is_stmt 0 view .LVU18
  75 002e 2C4B     		ldr	r3, .L20+4
  76 0030 8360     		str	r3, [r0, #8]
 115:Drivers/CMSIS/DSP/Source/TransformFunctions/arm_cfft_radix2_init_q31.c ****     break;
  77              		.loc 1 115 5 is_stmt 1 view .LVU19
  72:Drivers/CMSIS/DSP/Source/TransformFunctions/arm_cfft_radix2_init_q31.c **** 
  78              		.loc 1 72 14 is_stmt 0 view .LVU20
  79 0032 0020     		movs	r0, #0
  80              	.LVL3:
  81              		.loc 1 115 5 view .LVU21
  82 0034 28E0     		b	.L8
  83              	.LVL4:
  84              	.L16:
  85:Drivers/CMSIS/DSP/Source/TransformFunctions/arm_cfft_radix2_init_q31.c ****   {
  85              		.loc 1 85 3 view .LVU22
  86 0036 4029     		cmp	r1, #64
  87 0038 3DD0     		beq	.L4
  88 003a 0DD8     		bhi	.L5
  89 003c 1029     		cmp	r1, #16
  90 003e 41D0     		beq	.L6
  91 0040 2029     		cmp	r1, #32
  92 0042 06D1     		bne	.L18
 116:Drivers/CMSIS/DSP/Source/TransformFunctions/arm_cfft_radix2_init_q31.c **** 
 117:Drivers/CMSIS/DSP/Source/TransformFunctions/arm_cfft_radix2_init_q31.c ****     /*  Initializations of structure parameters for 512 point FFT */
 118:Drivers/CMSIS/DSP/Source/TransformFunctions/arm_cfft_radix2_init_q31.c ****   case 512U:
 119:Drivers/CMSIS/DSP/Source/TransformFunctions/arm_cfft_radix2_init_q31.c ****     /*  Initialise the twiddle coef modifier value */
 120:Drivers/CMSIS/DSP/Source/TransformFunctions/arm_cfft_radix2_init_q31.c ****     S->twidCoefModifier = 8U;
 121:Drivers/CMSIS/DSP/Source/TransformFunctions/arm_cfft_radix2_init_q31.c ****     /*  Initialise the bit reversal table modifier */
 122:Drivers/CMSIS/DSP/Source/TransformFunctions/arm_cfft_radix2_init_q31.c ****     S->bitRevFactor = 8U;
 123:Drivers/CMSIS/DSP/Source/TransformFunctions/arm_cfft_radix2_init_q31.c ****     /*  Initialise the bit reversal table pointer */
 124:Drivers/CMSIS/DSP/Source/TransformFunctions/arm_cfft_radix2_init_q31.c ****     S->pBitRevTable = (uint16_t *) & armBitRevTable[7];
 125:Drivers/CMSIS/DSP/Source/TransformFunctions/arm_cfft_radix2_init_q31.c ****     break;
 126:Drivers/CMSIS/DSP/Source/TransformFunctions/arm_cfft_radix2_init_q31.c **** 
 127:Drivers/CMSIS/DSP/Source/TransformFunctions/arm_cfft_radix2_init_q31.c ****   case 256U:
 128:Drivers/CMSIS/DSP/Source/TransformFunctions/arm_cfft_radix2_init_q31.c ****     /*  Initializations of structure parameters for 256 point FFT */
 129:Drivers/CMSIS/DSP/Source/TransformFunctions/arm_cfft_radix2_init_q31.c ****     S->twidCoefModifier = 16U;
 130:Drivers/CMSIS/DSP/Source/TransformFunctions/arm_cfft_radix2_init_q31.c ****     S->bitRevFactor = 16U;
 131:Drivers/CMSIS/DSP/Source/TransformFunctions/arm_cfft_radix2_init_q31.c ****     S->pBitRevTable = (uint16_t *) & armBitRevTable[15];
 132:Drivers/CMSIS/DSP/Source/TransformFunctions/arm_cfft_radix2_init_q31.c ****     break;
 133:Drivers/CMSIS/DSP/Source/TransformFunctions/arm_cfft_radix2_init_q31.c **** 
 134:Drivers/CMSIS/DSP/Source/TransformFunctions/arm_cfft_radix2_init_q31.c ****   case 128U:
 135:Drivers/CMSIS/DSP/Source/TransformFunctions/arm_cfft_radix2_init_q31.c ****     /*  Initializations of structure parameters for 128 point FFT */
ARM GAS  C:\Users\Lamp\AppData\Local\Temp\ccrhA6Go.s 			page 5


 136:Drivers/CMSIS/DSP/Source/TransformFunctions/arm_cfft_radix2_init_q31.c ****     S->twidCoefModifier = 32U;
 137:Drivers/CMSIS/DSP/Source/TransformFunctions/arm_cfft_radix2_init_q31.c ****     S->bitRevFactor = 32U;
 138:Drivers/CMSIS/DSP/Source/TransformFunctions/arm_cfft_radix2_init_q31.c ****     S->pBitRevTable = (uint16_t *) & armBitRevTable[31];
 139:Drivers/CMSIS/DSP/Source/TransformFunctions/arm_cfft_radix2_init_q31.c ****     break;
 140:Drivers/CMSIS/DSP/Source/TransformFunctions/arm_cfft_radix2_init_q31.c **** 
 141:Drivers/CMSIS/DSP/Source/TransformFunctions/arm_cfft_radix2_init_q31.c ****   case 64U:
 142:Drivers/CMSIS/DSP/Source/TransformFunctions/arm_cfft_radix2_init_q31.c ****     /*  Initializations of structure parameters for 64 point FFT */
 143:Drivers/CMSIS/DSP/Source/TransformFunctions/arm_cfft_radix2_init_q31.c ****     S->twidCoefModifier = 64U;
 144:Drivers/CMSIS/DSP/Source/TransformFunctions/arm_cfft_radix2_init_q31.c ****     S->bitRevFactor = 64U;
 145:Drivers/CMSIS/DSP/Source/TransformFunctions/arm_cfft_radix2_init_q31.c ****     S->pBitRevTable = (uint16_t *) & armBitRevTable[63];
 146:Drivers/CMSIS/DSP/Source/TransformFunctions/arm_cfft_radix2_init_q31.c ****     break;
 147:Drivers/CMSIS/DSP/Source/TransformFunctions/arm_cfft_radix2_init_q31.c **** 
 148:Drivers/CMSIS/DSP/Source/TransformFunctions/arm_cfft_radix2_init_q31.c ****   case 32U:
 149:Drivers/CMSIS/DSP/Source/TransformFunctions/arm_cfft_radix2_init_q31.c ****     /*  Initializations of structure parameters for 32 point FFT */
 150:Drivers/CMSIS/DSP/Source/TransformFunctions/arm_cfft_radix2_init_q31.c ****     S->twidCoefModifier = 128U;
  93              		.loc 1 150 5 is_stmt 1 view .LVU23
  94              		.loc 1 150 25 is_stmt 0 view .LVU24
  95 0044 8023     		movs	r3, #128
  96              	.LVL5:
  97              		.loc 1 150 25 view .LVU25
  98 0046 8381     		strh	r3, [r0, #12]	@ movhi
 151:Drivers/CMSIS/DSP/Source/TransformFunctions/arm_cfft_radix2_init_q31.c ****     S->bitRevFactor = 128U;
  99              		.loc 1 151 5 is_stmt 1 view .LVU26
 100              		.loc 1 151 21 is_stmt 0 view .LVU27
 101 0048 C381     		strh	r3, [r0, #14]	@ movhi
 152:Drivers/CMSIS/DSP/Source/TransformFunctions/arm_cfft_radix2_init_q31.c ****     S->pBitRevTable = (uint16_t *) & armBitRevTable[127];
 102              		.loc 1 152 5 is_stmt 1 view .LVU28
 103              		.loc 1 152 21 is_stmt 0 view .LVU29
 104 004a 264B     		ldr	r3, .L20+8
 105 004c 8360     		str	r3, [r0, #8]
 153:Drivers/CMSIS/DSP/Source/TransformFunctions/arm_cfft_radix2_init_q31.c ****     break;
 106              		.loc 1 153 5 is_stmt 1 view .LVU30
  72:Drivers/CMSIS/DSP/Source/TransformFunctions/arm_cfft_radix2_init_q31.c **** 
 107              		.loc 1 72 14 is_stmt 0 view .LVU31
 108 004e 0020     		movs	r0, #0
 109              	.LVL6:
 110              		.loc 1 153 5 view .LVU32
 111 0050 1AE0     		b	.L8
 112              	.LVL7:
 113              	.L18:
  85:Drivers/CMSIS/DSP/Source/TransformFunctions/arm_cfft_radix2_init_q31.c ****   {
 114              		.loc 1 85 3 view .LVU33
 115 0052 4FF0FF30 		mov	r0, #-1
 116              	.LVL8:
  85:Drivers/CMSIS/DSP/Source/TransformFunctions/arm_cfft_radix2_init_q31.c ****   {
 117              		.loc 1 85 3 view .LVU34
 118 0056 17E0     		b	.L8
 119              	.LVL9:
 120              	.L5:
  85:Drivers/CMSIS/DSP/Source/TransformFunctions/arm_cfft_radix2_init_q31.c ****   {
 121              		.loc 1 85 3 view .LVU35
 122 0058 8029     		cmp	r1, #128
 123 005a 06D1     		bne	.L19
 136:Drivers/CMSIS/DSP/Source/TransformFunctions/arm_cfft_radix2_init_q31.c ****     S->bitRevFactor = 32U;
 124              		.loc 1 136 5 is_stmt 1 view .LVU36
 136:Drivers/CMSIS/DSP/Source/TransformFunctions/arm_cfft_radix2_init_q31.c ****     S->bitRevFactor = 32U;
 125              		.loc 1 136 25 is_stmt 0 view .LVU37
ARM GAS  C:\Users\Lamp\AppData\Local\Temp\ccrhA6Go.s 			page 6


 126 005c 2023     		movs	r3, #32
 127              	.LVL10:
 136:Drivers/CMSIS/DSP/Source/TransformFunctions/arm_cfft_radix2_init_q31.c ****     S->bitRevFactor = 32U;
 128              		.loc 1 136 25 view .LVU38
 129 005e 8381     		strh	r3, [r0, #12]	@ movhi
 137:Drivers/CMSIS/DSP/Source/TransformFunctions/arm_cfft_radix2_init_q31.c ****     S->pBitRevTable = (uint16_t *) & armBitRevTable[31];
 130              		.loc 1 137 5 is_stmt 1 view .LVU39
 137:Drivers/CMSIS/DSP/Source/TransformFunctions/arm_cfft_radix2_init_q31.c ****     S->pBitRevTable = (uint16_t *) & armBitRevTable[31];
 131              		.loc 1 137 21 is_stmt 0 view .LVU40
 132 0060 C381     		strh	r3, [r0, #14]	@ movhi
 138:Drivers/CMSIS/DSP/Source/TransformFunctions/arm_cfft_radix2_init_q31.c ****     break;
 133              		.loc 1 138 5 is_stmt 1 view .LVU41
 138:Drivers/CMSIS/DSP/Source/TransformFunctions/arm_cfft_radix2_init_q31.c ****     break;
 134              		.loc 1 138 21 is_stmt 0 view .LVU42
 135 0062 214B     		ldr	r3, .L20+12
 136 0064 8360     		str	r3, [r0, #8]
 139:Drivers/CMSIS/DSP/Source/TransformFunctions/arm_cfft_radix2_init_q31.c **** 
 137              		.loc 1 139 5 is_stmt 1 view .LVU43
  72:Drivers/CMSIS/DSP/Source/TransformFunctions/arm_cfft_radix2_init_q31.c **** 
 138              		.loc 1 72 14 is_stmt 0 view .LVU44
 139 0066 0020     		movs	r0, #0
 140              	.LVL11:
 139:Drivers/CMSIS/DSP/Source/TransformFunctions/arm_cfft_radix2_init_q31.c **** 
 141              		.loc 1 139 5 view .LVU45
 142 0068 0EE0     		b	.L8
 143              	.LVL12:
 144              	.L19:
  85:Drivers/CMSIS/DSP/Source/TransformFunctions/arm_cfft_radix2_init_q31.c ****   {
 145              		.loc 1 85 3 view .LVU46
 146 006a 4FF0FF30 		mov	r0, #-1
 147              	.LVL13:
  85:Drivers/CMSIS/DSP/Source/TransformFunctions/arm_cfft_radix2_init_q31.c ****   {
 148              		.loc 1 85 3 view .LVU47
 149 006e 0BE0     		b	.L8
 150              	.LVL14:
 151              	.L17:
  85:Drivers/CMSIS/DSP/Source/TransformFunctions/arm_cfft_radix2_init_q31.c ****   {
 152              		.loc 1 85 3 view .LVU48
 153 0070 4FF0FF30 		mov	r0, #-1
 154              	.LVL15:
  85:Drivers/CMSIS/DSP/Source/TransformFunctions/arm_cfft_radix2_init_q31.c ****   {
 155              		.loc 1 85 3 view .LVU49
 156 0074 08E0     		b	.L8
 157              	.LVL16:
 158              	.L11:
  85:Drivers/CMSIS/DSP/Source/TransformFunctions/arm_cfft_radix2_init_q31.c ****   {
 159              		.loc 1 85 3 view .LVU50
 160 0076 B1F5805F 		cmp	r1, #4096
 161 007a 2BD1     		bne	.L14
  90:Drivers/CMSIS/DSP/Source/TransformFunctions/arm_cfft_radix2_init_q31.c ****     /*  Initialise the bit reversal table modifier */
 162              		.loc 1 90 5 is_stmt 1 view .LVU51
  90:Drivers/CMSIS/DSP/Source/TransformFunctions/arm_cfft_radix2_init_q31.c ****     /*  Initialise the bit reversal table modifier */
 163              		.loc 1 90 25 is_stmt 0 view .LVU52
 164 007c 0123     		movs	r3, #1
 165              	.LVL17:
  90:Drivers/CMSIS/DSP/Source/TransformFunctions/arm_cfft_radix2_init_q31.c ****     /*  Initialise the bit reversal table modifier */
 166              		.loc 1 90 25 view .LVU53
ARM GAS  C:\Users\Lamp\AppData\Local\Temp\ccrhA6Go.s 			page 7


 167 007e 8381     		strh	r3, [r0, #12]	@ movhi
  92:Drivers/CMSIS/DSP/Source/TransformFunctions/arm_cfft_radix2_init_q31.c ****     /*  Initialise the bit reversal table pointer */
 168              		.loc 1 92 5 is_stmt 1 view .LVU54
  92:Drivers/CMSIS/DSP/Source/TransformFunctions/arm_cfft_radix2_init_q31.c ****     /*  Initialise the bit reversal table pointer */
 169              		.loc 1 92 21 is_stmt 0 view .LVU55
 170 0080 C381     		strh	r3, [r0, #14]	@ movhi
  94:Drivers/CMSIS/DSP/Source/TransformFunctions/arm_cfft_radix2_init_q31.c ****     break;
 171              		.loc 1 94 5 is_stmt 1 view .LVU56
  94:Drivers/CMSIS/DSP/Source/TransformFunctions/arm_cfft_radix2_init_q31.c ****     break;
 172              		.loc 1 94 21 is_stmt 0 view .LVU57
 173 0082 1A4B     		ldr	r3, .L20+16
 174 0084 8360     		str	r3, [r0, #8]
  95:Drivers/CMSIS/DSP/Source/TransformFunctions/arm_cfft_radix2_init_q31.c **** 
 175              		.loc 1 95 5 is_stmt 1 view .LVU58
  72:Drivers/CMSIS/DSP/Source/TransformFunctions/arm_cfft_radix2_init_q31.c **** 
 176              		.loc 1 72 14 is_stmt 0 view .LVU59
 177 0086 0020     		movs	r0, #0
 178              	.LVL18:
 179              	.L8:
 154:Drivers/CMSIS/DSP/Source/TransformFunctions/arm_cfft_radix2_init_q31.c **** 
 155:Drivers/CMSIS/DSP/Source/TransformFunctions/arm_cfft_radix2_init_q31.c ****   case 16U:
 156:Drivers/CMSIS/DSP/Source/TransformFunctions/arm_cfft_radix2_init_q31.c ****     /*  Initializations of structure parameters for 16 point FFT */
 157:Drivers/CMSIS/DSP/Source/TransformFunctions/arm_cfft_radix2_init_q31.c ****     S->twidCoefModifier = 256U;
 158:Drivers/CMSIS/DSP/Source/TransformFunctions/arm_cfft_radix2_init_q31.c ****     S->bitRevFactor = 256U;
 159:Drivers/CMSIS/DSP/Source/TransformFunctions/arm_cfft_radix2_init_q31.c ****     S->pBitRevTable = (uint16_t *) & armBitRevTable[255];
 160:Drivers/CMSIS/DSP/Source/TransformFunctions/arm_cfft_radix2_init_q31.c ****     break;
 161:Drivers/CMSIS/DSP/Source/TransformFunctions/arm_cfft_radix2_init_q31.c **** 
 162:Drivers/CMSIS/DSP/Source/TransformFunctions/arm_cfft_radix2_init_q31.c **** 
 163:Drivers/CMSIS/DSP/Source/TransformFunctions/arm_cfft_radix2_init_q31.c ****   default:
 164:Drivers/CMSIS/DSP/Source/TransformFunctions/arm_cfft_radix2_init_q31.c ****     /*  Reporting argument error if fftSize is not valid value */
 165:Drivers/CMSIS/DSP/Source/TransformFunctions/arm_cfft_radix2_init_q31.c ****     status = ARM_MATH_ARGUMENT_ERROR;
 166:Drivers/CMSIS/DSP/Source/TransformFunctions/arm_cfft_radix2_init_q31.c ****     break;
 167:Drivers/CMSIS/DSP/Source/TransformFunctions/arm_cfft_radix2_init_q31.c ****   }
 168:Drivers/CMSIS/DSP/Source/TransformFunctions/arm_cfft_radix2_init_q31.c **** 
 169:Drivers/CMSIS/DSP/Source/TransformFunctions/arm_cfft_radix2_init_q31.c ****   return (status);
 180              		.loc 1 169 3 is_stmt 1 view .LVU60
 170:Drivers/CMSIS/DSP/Source/TransformFunctions/arm_cfft_radix2_init_q31.c **** }
 181              		.loc 1 170 1 is_stmt 0 view .LVU61
 182 0088 10BC     		pop	{r4}
 183              	.LCFI1:
 184              		.cfi_remember_state
 185              		.cfi_restore 4
 186              		.cfi_def_cfa_offset 0
 187 008a 7047     		bx	lr
 188              	.LVL19:
 189              	.L10:
 190              	.LCFI2:
 191              		.cfi_restore_state
 100:Drivers/CMSIS/DSP/Source/TransformFunctions/arm_cfft_radix2_init_q31.c ****     /*  Initialise the bit reversal table modifier */
 192              		.loc 1 100 5 is_stmt 1 view .LVU62
 100:Drivers/CMSIS/DSP/Source/TransformFunctions/arm_cfft_radix2_init_q31.c ****     /*  Initialise the bit reversal table modifier */
 193              		.loc 1 100 25 is_stmt 0 view .LVU63
 194 008c 0223     		movs	r3, #2
 195              	.LVL20:
 100:Drivers/CMSIS/DSP/Source/TransformFunctions/arm_cfft_radix2_init_q31.c ****     /*  Initialise the bit reversal table modifier */
 196              		.loc 1 100 25 view .LVU64
 197 008e 8381     		strh	r3, [r0, #12]	@ movhi
ARM GAS  C:\Users\Lamp\AppData\Local\Temp\ccrhA6Go.s 			page 8


 102:Drivers/CMSIS/DSP/Source/TransformFunctions/arm_cfft_radix2_init_q31.c ****     /*  Initialise the bit reversal table pointer */
 198              		.loc 1 102 5 is_stmt 1 view .LVU65
 102:Drivers/CMSIS/DSP/Source/TransformFunctions/arm_cfft_radix2_init_q31.c ****     /*  Initialise the bit reversal table pointer */
 199              		.loc 1 102 21 is_stmt 0 view .LVU66
 200 0090 C381     		strh	r3, [r0, #14]	@ movhi
 104:Drivers/CMSIS/DSP/Source/TransformFunctions/arm_cfft_radix2_init_q31.c ****     break;
 201              		.loc 1 104 5 is_stmt 1 view .LVU67
 104:Drivers/CMSIS/DSP/Source/TransformFunctions/arm_cfft_radix2_init_q31.c ****     break;
 202              		.loc 1 104 21 is_stmt 0 view .LVU68
 203 0092 174B     		ldr	r3, .L20+20
 204 0094 8360     		str	r3, [r0, #8]
 105:Drivers/CMSIS/DSP/Source/TransformFunctions/arm_cfft_radix2_init_q31.c **** 
 205              		.loc 1 105 5 is_stmt 1 view .LVU69
  72:Drivers/CMSIS/DSP/Source/TransformFunctions/arm_cfft_radix2_init_q31.c **** 
 206              		.loc 1 72 14 is_stmt 0 view .LVU70
 207 0096 0020     		movs	r0, #0
 208              	.LVL21:
 105:Drivers/CMSIS/DSP/Source/TransformFunctions/arm_cfft_radix2_init_q31.c **** 
 209              		.loc 1 105 5 view .LVU71
 210 0098 F6E7     		b	.L8
 211              	.LVL22:
 212              	.L12:
 120:Drivers/CMSIS/DSP/Source/TransformFunctions/arm_cfft_radix2_init_q31.c ****     /*  Initialise the bit reversal table modifier */
 213              		.loc 1 120 5 is_stmt 1 view .LVU72
 120:Drivers/CMSIS/DSP/Source/TransformFunctions/arm_cfft_radix2_init_q31.c ****     /*  Initialise the bit reversal table modifier */
 214              		.loc 1 120 25 is_stmt 0 view .LVU73
 215 009a 0823     		movs	r3, #8
 216              	.LVL23:
 120:Drivers/CMSIS/DSP/Source/TransformFunctions/arm_cfft_radix2_init_q31.c ****     /*  Initialise the bit reversal table modifier */
 217              		.loc 1 120 25 view .LVU74
 218 009c 8381     		strh	r3, [r0, #12]	@ movhi
 122:Drivers/CMSIS/DSP/Source/TransformFunctions/arm_cfft_radix2_init_q31.c ****     /*  Initialise the bit reversal table pointer */
 219              		.loc 1 122 5 is_stmt 1 view .LVU75
 122:Drivers/CMSIS/DSP/Source/TransformFunctions/arm_cfft_radix2_init_q31.c ****     /*  Initialise the bit reversal table pointer */
 220              		.loc 1 122 21 is_stmt 0 view .LVU76
 221 009e C381     		strh	r3, [r0, #14]	@ movhi
 124:Drivers/CMSIS/DSP/Source/TransformFunctions/arm_cfft_radix2_init_q31.c ****     break;
 222              		.loc 1 124 5 is_stmt 1 view .LVU77
 124:Drivers/CMSIS/DSP/Source/TransformFunctions/arm_cfft_radix2_init_q31.c ****     break;
 223              		.loc 1 124 21 is_stmt 0 view .LVU78
 224 00a0 144B     		ldr	r3, .L20+24
 225 00a2 8360     		str	r3, [r0, #8]
 125:Drivers/CMSIS/DSP/Source/TransformFunctions/arm_cfft_radix2_init_q31.c **** 
 226              		.loc 1 125 5 is_stmt 1 view .LVU79
  72:Drivers/CMSIS/DSP/Source/TransformFunctions/arm_cfft_radix2_init_q31.c **** 
 227              		.loc 1 72 14 is_stmt 0 view .LVU80
 228 00a4 0020     		movs	r0, #0
 229              	.LVL24:
 125:Drivers/CMSIS/DSP/Source/TransformFunctions/arm_cfft_radix2_init_q31.c **** 
 230              		.loc 1 125 5 view .LVU81
 231 00a6 EFE7     		b	.L8
 232              	.LVL25:
 233              	.L2:
 129:Drivers/CMSIS/DSP/Source/TransformFunctions/arm_cfft_radix2_init_q31.c ****     S->bitRevFactor = 16U;
 234              		.loc 1 129 5 is_stmt 1 view .LVU82
 129:Drivers/CMSIS/DSP/Source/TransformFunctions/arm_cfft_radix2_init_q31.c ****     S->bitRevFactor = 16U;
 235              		.loc 1 129 25 is_stmt 0 view .LVU83
ARM GAS  C:\Users\Lamp\AppData\Local\Temp\ccrhA6Go.s 			page 9


 236 00a8 1023     		movs	r3, #16
 237              	.LVL26:
 129:Drivers/CMSIS/DSP/Source/TransformFunctions/arm_cfft_radix2_init_q31.c ****     S->bitRevFactor = 16U;
 238              		.loc 1 129 25 view .LVU84
 239 00aa 8381     		strh	r3, [r0, #12]	@ movhi
 130:Drivers/CMSIS/DSP/Source/TransformFunctions/arm_cfft_radix2_init_q31.c ****     S->pBitRevTable = (uint16_t *) & armBitRevTable[15];
 240              		.loc 1 130 5 is_stmt 1 view .LVU85
 130:Drivers/CMSIS/DSP/Source/TransformFunctions/arm_cfft_radix2_init_q31.c ****     S->pBitRevTable = (uint16_t *) & armBitRevTable[15];
 241              		.loc 1 130 21 is_stmt 0 view .LVU86
 242 00ac C381     		strh	r3, [r0, #14]	@ movhi
 131:Drivers/CMSIS/DSP/Source/TransformFunctions/arm_cfft_radix2_init_q31.c ****     break;
 243              		.loc 1 131 5 is_stmt 1 view .LVU87
 131:Drivers/CMSIS/DSP/Source/TransformFunctions/arm_cfft_radix2_init_q31.c ****     break;
 244              		.loc 1 131 21 is_stmt 0 view .LVU88
 245 00ae 124B     		ldr	r3, .L20+28
 246 00b0 8360     		str	r3, [r0, #8]
 132:Drivers/CMSIS/DSP/Source/TransformFunctions/arm_cfft_radix2_init_q31.c **** 
 247              		.loc 1 132 5 is_stmt 1 view .LVU89
  72:Drivers/CMSIS/DSP/Source/TransformFunctions/arm_cfft_radix2_init_q31.c **** 
 248              		.loc 1 72 14 is_stmt 0 view .LVU90
 249 00b2 0020     		movs	r0, #0
 250              	.LVL27:
 132:Drivers/CMSIS/DSP/Source/TransformFunctions/arm_cfft_radix2_init_q31.c **** 
 251              		.loc 1 132 5 view .LVU91
 252 00b4 E8E7     		b	.L8
 253              	.LVL28:
 254              	.L4:
 143:Drivers/CMSIS/DSP/Source/TransformFunctions/arm_cfft_radix2_init_q31.c ****     S->bitRevFactor = 64U;
 255              		.loc 1 143 5 is_stmt 1 view .LVU92
 143:Drivers/CMSIS/DSP/Source/TransformFunctions/arm_cfft_radix2_init_q31.c ****     S->bitRevFactor = 64U;
 256              		.loc 1 143 25 is_stmt 0 view .LVU93
 257 00b6 4023     		movs	r3, #64
 258              	.LVL29:
 143:Drivers/CMSIS/DSP/Source/TransformFunctions/arm_cfft_radix2_init_q31.c ****     S->bitRevFactor = 64U;
 259              		.loc 1 143 25 view .LVU94
 260 00b8 8381     		strh	r3, [r0, #12]	@ movhi
 144:Drivers/CMSIS/DSP/Source/TransformFunctions/arm_cfft_radix2_init_q31.c ****     S->pBitRevTable = (uint16_t *) & armBitRevTable[63];
 261              		.loc 1 144 5 is_stmt 1 view .LVU95
 144:Drivers/CMSIS/DSP/Source/TransformFunctions/arm_cfft_radix2_init_q31.c ****     S->pBitRevTable = (uint16_t *) & armBitRevTable[63];
 262              		.loc 1 144 21 is_stmt 0 view .LVU96
 263 00ba C381     		strh	r3, [r0, #14]	@ movhi
 145:Drivers/CMSIS/DSP/Source/TransformFunctions/arm_cfft_radix2_init_q31.c ****     break;
 264              		.loc 1 145 5 is_stmt 1 view .LVU97
 145:Drivers/CMSIS/DSP/Source/TransformFunctions/arm_cfft_radix2_init_q31.c ****     break;
 265              		.loc 1 145 21 is_stmt 0 view .LVU98
 266 00bc 0F4B     		ldr	r3, .L20+32
 267 00be 8360     		str	r3, [r0, #8]
 146:Drivers/CMSIS/DSP/Source/TransformFunctions/arm_cfft_radix2_init_q31.c **** 
 268              		.loc 1 146 5 is_stmt 1 view .LVU99
  72:Drivers/CMSIS/DSP/Source/TransformFunctions/arm_cfft_radix2_init_q31.c **** 
 269              		.loc 1 72 14 is_stmt 0 view .LVU100
 270 00c0 0020     		movs	r0, #0
 271              	.LVL30:
 146:Drivers/CMSIS/DSP/Source/TransformFunctions/arm_cfft_radix2_init_q31.c **** 
 272              		.loc 1 146 5 view .LVU101
 273 00c2 E1E7     		b	.L8
 274              	.LVL31:
ARM GAS  C:\Users\Lamp\AppData\Local\Temp\ccrhA6Go.s 			page 10


 275              	.L6:
 157:Drivers/CMSIS/DSP/Source/TransformFunctions/arm_cfft_radix2_init_q31.c ****     S->bitRevFactor = 256U;
 276              		.loc 1 157 5 is_stmt 1 view .LVU102
 157:Drivers/CMSIS/DSP/Source/TransformFunctions/arm_cfft_radix2_init_q31.c ****     S->bitRevFactor = 256U;
 277              		.loc 1 157 25 is_stmt 0 view .LVU103
 278 00c4 4FF48073 		mov	r3, #256
 279              	.LVL32:
 157:Drivers/CMSIS/DSP/Source/TransformFunctions/arm_cfft_radix2_init_q31.c ****     S->bitRevFactor = 256U;
 280              		.loc 1 157 25 view .LVU104
 281 00c8 8381     		strh	r3, [r0, #12]	@ movhi
 158:Drivers/CMSIS/DSP/Source/TransformFunctions/arm_cfft_radix2_init_q31.c ****     S->pBitRevTable = (uint16_t *) & armBitRevTable[255];
 282              		.loc 1 158 5 is_stmt 1 view .LVU105
 158:Drivers/CMSIS/DSP/Source/TransformFunctions/arm_cfft_radix2_init_q31.c ****     S->pBitRevTable = (uint16_t *) & armBitRevTable[255];
 283              		.loc 1 158 21 is_stmt 0 view .LVU106
 284 00ca C381     		strh	r3, [r0, #14]	@ movhi
 159:Drivers/CMSIS/DSP/Source/TransformFunctions/arm_cfft_radix2_init_q31.c ****     break;
 285              		.loc 1 159 5 is_stmt 1 view .LVU107
 159:Drivers/CMSIS/DSP/Source/TransformFunctions/arm_cfft_radix2_init_q31.c ****     break;
 286              		.loc 1 159 21 is_stmt 0 view .LVU108
 287 00cc 0C4B     		ldr	r3, .L20+36
 288 00ce 8360     		str	r3, [r0, #8]
 160:Drivers/CMSIS/DSP/Source/TransformFunctions/arm_cfft_radix2_init_q31.c **** 
 289              		.loc 1 160 5 is_stmt 1 view .LVU109
  72:Drivers/CMSIS/DSP/Source/TransformFunctions/arm_cfft_radix2_init_q31.c **** 
 290              		.loc 1 72 14 is_stmt 0 view .LVU110
 291 00d0 0020     		movs	r0, #0
 292              	.LVL33:
 160:Drivers/CMSIS/DSP/Source/TransformFunctions/arm_cfft_radix2_init_q31.c **** 
 293              		.loc 1 160 5 view .LVU111
 294 00d2 D9E7     		b	.L8
 295              	.LVL34:
 296              	.L14:
  85:Drivers/CMSIS/DSP/Source/TransformFunctions/arm_cfft_radix2_init_q31.c ****   {
 297              		.loc 1 85 3 view .LVU112
 298 00d4 4FF0FF30 		mov	r0, #-1
 299              	.LVL35:
  85:Drivers/CMSIS/DSP/Source/TransformFunctions/arm_cfft_radix2_init_q31.c ****   {
 300              		.loc 1 85 3 view .LVU113
 301 00d8 D6E7     		b	.L8
 302              	.L21:
 303 00da 00BF     		.align	2
 304              	.L20:
 305 00dc 00000000 		.word	twiddleCoef_4096_q31
 306 00e0 06000000 		.word	armBitRevTable+6
 307 00e4 FE000000 		.word	armBitRevTable+254
 308 00e8 3E000000 		.word	armBitRevTable+62
 309 00ec 00000000 		.word	armBitRevTable
 310 00f0 02000000 		.word	armBitRevTable+2
 311 00f4 0E000000 		.word	armBitRevTable+14
 312 00f8 1E000000 		.word	armBitRevTable+30
 313 00fc 7E000000 		.word	armBitRevTable+126
 314 0100 FE010000 		.word	armBitRevTable+510
 315              		.cfi_endproc
 316              	.LFE100:
 318              		.text
 319              	.Letext0:
 320              		.file 2 "C:/ARM GNU Toolchain/arm-none-eabi/include/machine/_default_types.h"
ARM GAS  C:\Users\Lamp\AppData\Local\Temp\ccrhA6Go.s 			page 11


 321              		.file 3 "C:/ARM GNU Toolchain/arm-none-eabi/include/sys/_stdint.h"
 322              		.file 4 "Drivers/CMSIS/DSP/Include/arm_math.h"
 323              		.file 5 "Drivers/CMSIS/DSP/Include/arm_common_tables.h"
ARM GAS  C:\Users\Lamp\AppData\Local\Temp\ccrhA6Go.s 			page 12


DEFINED SYMBOLS
                            *ABS*:00000000 arm_cfft_radix2_init_q31.c
C:\Users\Lamp\AppData\Local\Temp\ccrhA6Go.s:19     .text.arm_cfft_radix2_init_q31:00000000 $t
C:\Users\Lamp\AppData\Local\Temp\ccrhA6Go.s:25     .text.arm_cfft_radix2_init_q31:00000000 arm_cfft_radix2_init_q31
C:\Users\Lamp\AppData\Local\Temp\ccrhA6Go.s:305    .text.arm_cfft_radix2_init_q31:000000dc $d

UNDEFINED SYMBOLS
twiddleCoef_4096_q31
armBitRevTable
