ARM GAS  C:\Users\Lamp\AppData\Local\Temp\cc8ma6ko.s 			page 1


   1              		.cpu cortex-m3
   2              		.arch armv7-m
   3              		.fpu softvfp
   4              		.eabi_attribute 20, 1
   5              		.eabi_attribute 21, 1
   6              		.eabi_attribute 23, 3
   7              		.eabi_attribute 24, 1
   8              		.eabi_attribute 25, 1
   9              		.eabi_attribute 26, 1
  10              		.eabi_attribute 30, 1
  11              		.eabi_attribute 34, 1
  12              		.eabi_attribute 18, 4
  13              		.file	"arm_power_q7.c"
  14              		.text
  15              	.Ltext0:
  16              		.cfi_sections	.debug_frame
  17              		.file 1 "Drivers/CMSIS/DSP/Source/StatisticsFunctions/arm_power_q7.c"
  18              		.section	.text.arm_power_q7,"ax",%progbits
  19              		.align	1
  20              		.global	arm_power_q7
  21              		.syntax unified
  22              		.thumb
  23              		.thumb_func
  25              	arm_power_q7:
  26              	.LVL0:
  27              	.LFB100:
   1:Drivers/CMSIS/DSP/Source/StatisticsFunctions/arm_power_q7.c **** /* ----------------------------------------------------------------------
   2:Drivers/CMSIS/DSP/Source/StatisticsFunctions/arm_power_q7.c ****  * Project:      CMSIS DSP Library
   3:Drivers/CMSIS/DSP/Source/StatisticsFunctions/arm_power_q7.c ****  * Title:        arm_power_q7.c
   4:Drivers/CMSIS/DSP/Source/StatisticsFunctions/arm_power_q7.c ****  * Description:  Sum of the squares of the elements of a Q7 vector
   5:Drivers/CMSIS/DSP/Source/StatisticsFunctions/arm_power_q7.c ****  *
   6:Drivers/CMSIS/DSP/Source/StatisticsFunctions/arm_power_q7.c ****  * $Date:        27. January 2017
   7:Drivers/CMSIS/DSP/Source/StatisticsFunctions/arm_power_q7.c ****  * $Revision:    V.1.5.1
   8:Drivers/CMSIS/DSP/Source/StatisticsFunctions/arm_power_q7.c ****  *
   9:Drivers/CMSIS/DSP/Source/StatisticsFunctions/arm_power_q7.c ****  * Target Processor: Cortex-M cores
  10:Drivers/CMSIS/DSP/Source/StatisticsFunctions/arm_power_q7.c ****  * -------------------------------------------------------------------- */
  11:Drivers/CMSIS/DSP/Source/StatisticsFunctions/arm_power_q7.c **** /*
  12:Drivers/CMSIS/DSP/Source/StatisticsFunctions/arm_power_q7.c ****  * Copyright (C) 2010-2017 ARM Limited or its affiliates. All rights reserved.
  13:Drivers/CMSIS/DSP/Source/StatisticsFunctions/arm_power_q7.c ****  *
  14:Drivers/CMSIS/DSP/Source/StatisticsFunctions/arm_power_q7.c ****  * SPDX-License-Identifier: Apache-2.0
  15:Drivers/CMSIS/DSP/Source/StatisticsFunctions/arm_power_q7.c ****  *
  16:Drivers/CMSIS/DSP/Source/StatisticsFunctions/arm_power_q7.c ****  * Licensed under the Apache License, Version 2.0 (the License); you may
  17:Drivers/CMSIS/DSP/Source/StatisticsFunctions/arm_power_q7.c ****  * not use this file except in compliance with the License.
  18:Drivers/CMSIS/DSP/Source/StatisticsFunctions/arm_power_q7.c ****  * You may obtain a copy of the License at
  19:Drivers/CMSIS/DSP/Source/StatisticsFunctions/arm_power_q7.c ****  *
  20:Drivers/CMSIS/DSP/Source/StatisticsFunctions/arm_power_q7.c ****  * www.apache.org/licenses/LICENSE-2.0
  21:Drivers/CMSIS/DSP/Source/StatisticsFunctions/arm_power_q7.c ****  *
  22:Drivers/CMSIS/DSP/Source/StatisticsFunctions/arm_power_q7.c ****  * Unless required by applicable law or agreed to in writing, software
  23:Drivers/CMSIS/DSP/Source/StatisticsFunctions/arm_power_q7.c ****  * distributed under the License is distributed on an AS IS BASIS, WITHOUT
  24:Drivers/CMSIS/DSP/Source/StatisticsFunctions/arm_power_q7.c ****  * WARRANTIES OR CONDITIONS OF ANY KIND, either express or implied.
  25:Drivers/CMSIS/DSP/Source/StatisticsFunctions/arm_power_q7.c ****  * See the License for the specific language governing permissions and
  26:Drivers/CMSIS/DSP/Source/StatisticsFunctions/arm_power_q7.c ****  * limitations under the License.
  27:Drivers/CMSIS/DSP/Source/StatisticsFunctions/arm_power_q7.c ****  */
  28:Drivers/CMSIS/DSP/Source/StatisticsFunctions/arm_power_q7.c **** 
  29:Drivers/CMSIS/DSP/Source/StatisticsFunctions/arm_power_q7.c **** #include "arm_math.h"
  30:Drivers/CMSIS/DSP/Source/StatisticsFunctions/arm_power_q7.c **** 
  31:Drivers/CMSIS/DSP/Source/StatisticsFunctions/arm_power_q7.c **** /**
ARM GAS  C:\Users\Lamp\AppData\Local\Temp\cc8ma6ko.s 			page 2


  32:Drivers/CMSIS/DSP/Source/StatisticsFunctions/arm_power_q7.c ****  * @ingroup groupStats
  33:Drivers/CMSIS/DSP/Source/StatisticsFunctions/arm_power_q7.c ****  */
  34:Drivers/CMSIS/DSP/Source/StatisticsFunctions/arm_power_q7.c **** 
  35:Drivers/CMSIS/DSP/Source/StatisticsFunctions/arm_power_q7.c **** /**
  36:Drivers/CMSIS/DSP/Source/StatisticsFunctions/arm_power_q7.c ****  * @addtogroup power
  37:Drivers/CMSIS/DSP/Source/StatisticsFunctions/arm_power_q7.c ****  * @{
  38:Drivers/CMSIS/DSP/Source/StatisticsFunctions/arm_power_q7.c ****  */
  39:Drivers/CMSIS/DSP/Source/StatisticsFunctions/arm_power_q7.c **** 
  40:Drivers/CMSIS/DSP/Source/StatisticsFunctions/arm_power_q7.c **** /**
  41:Drivers/CMSIS/DSP/Source/StatisticsFunctions/arm_power_q7.c ****  * @brief Sum of the squares of the elements of a Q7 vector.
  42:Drivers/CMSIS/DSP/Source/StatisticsFunctions/arm_power_q7.c ****  * @param[in]       *pSrc points to the input vector
  43:Drivers/CMSIS/DSP/Source/StatisticsFunctions/arm_power_q7.c ****  * @param[in]       blockSize length of the input vector
  44:Drivers/CMSIS/DSP/Source/StatisticsFunctions/arm_power_q7.c ****  * @param[out]      *pResult sum of the squares value returned here
  45:Drivers/CMSIS/DSP/Source/StatisticsFunctions/arm_power_q7.c ****  * @return none.
  46:Drivers/CMSIS/DSP/Source/StatisticsFunctions/arm_power_q7.c ****  *
  47:Drivers/CMSIS/DSP/Source/StatisticsFunctions/arm_power_q7.c ****  * @details
  48:Drivers/CMSIS/DSP/Source/StatisticsFunctions/arm_power_q7.c ****  * <b>Scaling and Overflow Behavior:</b>
  49:Drivers/CMSIS/DSP/Source/StatisticsFunctions/arm_power_q7.c ****  *
  50:Drivers/CMSIS/DSP/Source/StatisticsFunctions/arm_power_q7.c ****  * \par
  51:Drivers/CMSIS/DSP/Source/StatisticsFunctions/arm_power_q7.c ****  * The function is implemented using a 32-bit internal accumulator.
  52:Drivers/CMSIS/DSP/Source/StatisticsFunctions/arm_power_q7.c ****  * The input is represented in 1.7 format.
  53:Drivers/CMSIS/DSP/Source/StatisticsFunctions/arm_power_q7.c ****  * Intermediate multiplication yields a 2.14 format, and this
  54:Drivers/CMSIS/DSP/Source/StatisticsFunctions/arm_power_q7.c ****  * result is added without saturation to an accumulator in 18.14 format.
  55:Drivers/CMSIS/DSP/Source/StatisticsFunctions/arm_power_q7.c ****  * With 17 guard bits in the accumulator, there is no risk of overflow, and the
  56:Drivers/CMSIS/DSP/Source/StatisticsFunctions/arm_power_q7.c ****  * full precision of the intermediate multiplication is preserved.
  57:Drivers/CMSIS/DSP/Source/StatisticsFunctions/arm_power_q7.c ****  * Finally, the return result is in 18.14 format.
  58:Drivers/CMSIS/DSP/Source/StatisticsFunctions/arm_power_q7.c ****  *
  59:Drivers/CMSIS/DSP/Source/StatisticsFunctions/arm_power_q7.c ****  */
  60:Drivers/CMSIS/DSP/Source/StatisticsFunctions/arm_power_q7.c **** 
  61:Drivers/CMSIS/DSP/Source/StatisticsFunctions/arm_power_q7.c **** void arm_power_q7(
  62:Drivers/CMSIS/DSP/Source/StatisticsFunctions/arm_power_q7.c ****   q7_t * pSrc,
  63:Drivers/CMSIS/DSP/Source/StatisticsFunctions/arm_power_q7.c ****   uint32_t blockSize,
  64:Drivers/CMSIS/DSP/Source/StatisticsFunctions/arm_power_q7.c ****   q31_t * pResult)
  65:Drivers/CMSIS/DSP/Source/StatisticsFunctions/arm_power_q7.c **** {
  28              		.loc 1 65 1 view -0
  29              		.cfi_startproc
  30              		@ args = 0, pretend = 0, frame = 0
  31              		@ frame_needed = 0, uses_anonymous_args = 0
  32              		@ link register save eliminated.
  33              		.loc 1 65 1 is_stmt 0 view .LVU1
  34 0000 10B4     		push	{r4}
  35              	.LCFI0:
  36              		.cfi_def_cfa_offset 4
  37              		.cfi_offset 4, -4
  66:Drivers/CMSIS/DSP/Source/StatisticsFunctions/arm_power_q7.c ****   q31_t sum = 0;                                 /* Temporary result storage */
  38              		.loc 1 66 3 is_stmt 1 view .LVU2
  39              	.LVL1:
  67:Drivers/CMSIS/DSP/Source/StatisticsFunctions/arm_power_q7.c ****   q7_t in;                                       /* Temporary variable to store input */
  40              		.loc 1 67 3 view .LVU3
  68:Drivers/CMSIS/DSP/Source/StatisticsFunctions/arm_power_q7.c ****   uint32_t blkCnt;                               /* loop counter */
  41              		.loc 1 68 3 view .LVU4
  69:Drivers/CMSIS/DSP/Source/StatisticsFunctions/arm_power_q7.c **** 
  70:Drivers/CMSIS/DSP/Source/StatisticsFunctions/arm_power_q7.c **** #if defined (ARM_MATH_DSP)
  71:Drivers/CMSIS/DSP/Source/StatisticsFunctions/arm_power_q7.c ****   /* Run the below code for Cortex-M4 and Cortex-M3 */
  72:Drivers/CMSIS/DSP/Source/StatisticsFunctions/arm_power_q7.c **** 
  73:Drivers/CMSIS/DSP/Source/StatisticsFunctions/arm_power_q7.c ****   q31_t input1;                                  /* Temporary variable to store packed input */
  74:Drivers/CMSIS/DSP/Source/StatisticsFunctions/arm_power_q7.c ****   q31_t in1, in2;                                /* Temporary variables to store input */
ARM GAS  C:\Users\Lamp\AppData\Local\Temp\cc8ma6ko.s 			page 3


  75:Drivers/CMSIS/DSP/Source/StatisticsFunctions/arm_power_q7.c **** 
  76:Drivers/CMSIS/DSP/Source/StatisticsFunctions/arm_power_q7.c ****   /*loop Unrolling */
  77:Drivers/CMSIS/DSP/Source/StatisticsFunctions/arm_power_q7.c ****   blkCnt = blockSize >> 2U;
  78:Drivers/CMSIS/DSP/Source/StatisticsFunctions/arm_power_q7.c **** 
  79:Drivers/CMSIS/DSP/Source/StatisticsFunctions/arm_power_q7.c ****   /* First part of the processing with loop unrolling.  Compute 4 outputs at a time.
  80:Drivers/CMSIS/DSP/Source/StatisticsFunctions/arm_power_q7.c ****    ** a second loop below computes the remaining 1 to 3 samples. */
  81:Drivers/CMSIS/DSP/Source/StatisticsFunctions/arm_power_q7.c ****   while (blkCnt > 0U)
  82:Drivers/CMSIS/DSP/Source/StatisticsFunctions/arm_power_q7.c ****   {
  83:Drivers/CMSIS/DSP/Source/StatisticsFunctions/arm_power_q7.c ****     /* Reading two inputs of pSrc vector and packing */
  84:Drivers/CMSIS/DSP/Source/StatisticsFunctions/arm_power_q7.c ****     input1 = *__SIMD32(pSrc)++;
  85:Drivers/CMSIS/DSP/Source/StatisticsFunctions/arm_power_q7.c **** 
  86:Drivers/CMSIS/DSP/Source/StatisticsFunctions/arm_power_q7.c ****     in1 = __SXTB16(__ROR(input1, 8));
  87:Drivers/CMSIS/DSP/Source/StatisticsFunctions/arm_power_q7.c ****     in2 = __SXTB16(input1);
  88:Drivers/CMSIS/DSP/Source/StatisticsFunctions/arm_power_q7.c **** 
  89:Drivers/CMSIS/DSP/Source/StatisticsFunctions/arm_power_q7.c ****     /* C = A[0] * A[0] + A[1] * A[1] + A[2] * A[2] + ... + A[blockSize-1] * A[blockSize-1] */
  90:Drivers/CMSIS/DSP/Source/StatisticsFunctions/arm_power_q7.c ****     /* calculate power and accumulate to accumulator */
  91:Drivers/CMSIS/DSP/Source/StatisticsFunctions/arm_power_q7.c ****     sum = __SMLAD(in1, in1, sum);
  92:Drivers/CMSIS/DSP/Source/StatisticsFunctions/arm_power_q7.c ****     sum = __SMLAD(in2, in2, sum);
  93:Drivers/CMSIS/DSP/Source/StatisticsFunctions/arm_power_q7.c **** 
  94:Drivers/CMSIS/DSP/Source/StatisticsFunctions/arm_power_q7.c ****     /* Decrement the loop counter */
  95:Drivers/CMSIS/DSP/Source/StatisticsFunctions/arm_power_q7.c ****     blkCnt--;
  96:Drivers/CMSIS/DSP/Source/StatisticsFunctions/arm_power_q7.c ****   }
  97:Drivers/CMSIS/DSP/Source/StatisticsFunctions/arm_power_q7.c **** 
  98:Drivers/CMSIS/DSP/Source/StatisticsFunctions/arm_power_q7.c ****   /* If the blockSize is not a multiple of 4, compute any remaining output samples here.
  99:Drivers/CMSIS/DSP/Source/StatisticsFunctions/arm_power_q7.c ****    ** No loop unrolling is used. */
 100:Drivers/CMSIS/DSP/Source/StatisticsFunctions/arm_power_q7.c ****   blkCnt = blockSize % 0x4U;
 101:Drivers/CMSIS/DSP/Source/StatisticsFunctions/arm_power_q7.c **** 
 102:Drivers/CMSIS/DSP/Source/StatisticsFunctions/arm_power_q7.c **** #else
 103:Drivers/CMSIS/DSP/Source/StatisticsFunctions/arm_power_q7.c ****   /* Run the below code for Cortex-M0 */
 104:Drivers/CMSIS/DSP/Source/StatisticsFunctions/arm_power_q7.c **** 
 105:Drivers/CMSIS/DSP/Source/StatisticsFunctions/arm_power_q7.c ****   /* Loop over blockSize number of values */
 106:Drivers/CMSIS/DSP/Source/StatisticsFunctions/arm_power_q7.c ****   blkCnt = blockSize;
  42              		.loc 1 106 3 view .LVU5
 107:Drivers/CMSIS/DSP/Source/StatisticsFunctions/arm_power_q7.c **** 
 108:Drivers/CMSIS/DSP/Source/StatisticsFunctions/arm_power_q7.c **** #endif /* #if defined (ARM_MATH_DSP) */
 109:Drivers/CMSIS/DSP/Source/StatisticsFunctions/arm_power_q7.c **** 
 110:Drivers/CMSIS/DSP/Source/StatisticsFunctions/arm_power_q7.c ****   while (blkCnt > 0U)
  43              		.loc 1 110 3 view .LVU6
  66:Drivers/CMSIS/DSP/Source/StatisticsFunctions/arm_power_q7.c ****   q7_t in;                                       /* Temporary variable to store input */
  44              		.loc 1 66 9 is_stmt 0 view .LVU7
  45 0002 0024     		movs	r4, #0
  46              		.loc 1 110 9 view .LVU8
  47 0004 04E0     		b	.L2
  48              	.LVL2:
  49              	.L3:
 111:Drivers/CMSIS/DSP/Source/StatisticsFunctions/arm_power_q7.c ****   {
 112:Drivers/CMSIS/DSP/Source/StatisticsFunctions/arm_power_q7.c ****     /* C = A[0] * A[0] + A[1] * A[1] + A[2] * A[2] + ... + A[blockSize-1] * A[blockSize-1] */
 113:Drivers/CMSIS/DSP/Source/StatisticsFunctions/arm_power_q7.c ****     /* Compute Power and then store the result in a temporary variable, sum. */
 114:Drivers/CMSIS/DSP/Source/StatisticsFunctions/arm_power_q7.c ****     in = *pSrc++;
  50              		.loc 1 114 5 is_stmt 1 view .LVU9
  51              		.loc 1 114 8 is_stmt 0 view .LVU10
  52 0006 10F9013B 		ldrsb	r3, [r0], #1
  53              	.LVL3:
 115:Drivers/CMSIS/DSP/Source/StatisticsFunctions/arm_power_q7.c ****     sum += ((q15_t) in * in);
  54              		.loc 1 115 5 is_stmt 1 view .LVU11
  55              		.loc 1 115 9 is_stmt 0 view .LVU12
  56 000a 03FB0344 		mla	r4, r3, r3, r4
ARM GAS  C:\Users\Lamp\AppData\Local\Temp\cc8ma6ko.s 			page 4


  57              	.LVL4:
 116:Drivers/CMSIS/DSP/Source/StatisticsFunctions/arm_power_q7.c **** 
 117:Drivers/CMSIS/DSP/Source/StatisticsFunctions/arm_power_q7.c ****     /* Decrement the loop counter */
 118:Drivers/CMSIS/DSP/Source/StatisticsFunctions/arm_power_q7.c ****     blkCnt--;
  58              		.loc 1 118 5 is_stmt 1 view .LVU13
  59              		.loc 1 118 11 is_stmt 0 view .LVU14
  60 000e 0139     		subs	r1, r1, #1
  61              	.LVL5:
  62              	.L2:
 110:Drivers/CMSIS/DSP/Source/StatisticsFunctions/arm_power_q7.c ****   {
  63              		.loc 1 110 17 is_stmt 1 view .LVU15
  64 0010 0029     		cmp	r1, #0
  65 0012 F8D1     		bne	.L3
 119:Drivers/CMSIS/DSP/Source/StatisticsFunctions/arm_power_q7.c ****   }
 120:Drivers/CMSIS/DSP/Source/StatisticsFunctions/arm_power_q7.c **** 
 121:Drivers/CMSIS/DSP/Source/StatisticsFunctions/arm_power_q7.c ****   /* Store the result in 18.14 format  */
 122:Drivers/CMSIS/DSP/Source/StatisticsFunctions/arm_power_q7.c ****   *pResult = sum;
  66              		.loc 1 122 3 view .LVU16
  67              		.loc 1 122 12 is_stmt 0 view .LVU17
  68 0014 1460     		str	r4, [r2]
 123:Drivers/CMSIS/DSP/Source/StatisticsFunctions/arm_power_q7.c **** }
  69              		.loc 1 123 1 view .LVU18
  70 0016 10BC     		pop	{r4}
  71              	.LCFI1:
  72              		.cfi_restore 4
  73              		.cfi_def_cfa_offset 0
  74              	.LVL6:
  75              		.loc 1 123 1 view .LVU19
  76 0018 7047     		bx	lr
  77              		.cfi_endproc
  78              	.LFE100:
  80              		.text
  81              	.Letext0:
  82              		.file 2 "C:/ARM GNU Toolchain/arm-none-eabi/include/machine/_default_types.h"
  83              		.file 3 "C:/ARM GNU Toolchain/arm-none-eabi/include/sys/_stdint.h"
  84              		.file 4 "Drivers/CMSIS/DSP/Include/arm_math.h"
ARM GAS  C:\Users\Lamp\AppData\Local\Temp\cc8ma6ko.s 			page 5


DEFINED SYMBOLS
                            *ABS*:00000000 arm_power_q7.c
C:\Users\Lamp\AppData\Local\Temp\cc8ma6ko.s:19     .text.arm_power_q7:00000000 $t
C:\Users\Lamp\AppData\Local\Temp\cc8ma6ko.s:25     .text.arm_power_q7:00000000 arm_power_q7

NO UNDEFINED SYMBOLS
