ARM GAS  C:\Users\Lamp\AppData\Local\Temp\ccsWHrrl.s 			page 1


   1              		.cpu cortex-m3
   2              		.arch armv7-m
   3              		.fpu softvfp
   4              		.eabi_attribute 20, 1
   5              		.eabi_attribute 21, 1
   6              		.eabi_attribute 23, 3
   7              		.eabi_attribute 24, 1
   8              		.eabi_attribute 25, 1
   9              		.eabi_attribute 26, 1
  10              		.eabi_attribute 30, 1
  11              		.eabi_attribute 34, 1
  12              		.eabi_attribute 18, 4
  13              		.file	"arm_q31_to_float.c"
  14              		.text
  15              	.Ltext0:
  16              		.cfi_sections	.debug_frame
  17              		.file 1 "Drivers/CMSIS/DSP/Source/SupportFunctions/arm_q31_to_float.c"
  18              		.global	__aeabi_i2f
  19              		.global	__aeabi_fmul
  20              		.section	.text.arm_q31_to_float,"ax",%progbits
  21              		.align	1
  22              		.global	arm_q31_to_float
  23              		.syntax unified
  24              		.thumb
  25              		.thumb_func
  27              	arm_q31_to_float:
  28              	.LVL0:
  29              	.LFB100:
   1:Drivers/CMSIS/DSP/Source/SupportFunctions/arm_q31_to_float.c **** /* ----------------------------------------------------------------------
   2:Drivers/CMSIS/DSP/Source/SupportFunctions/arm_q31_to_float.c ****  * Project:      CMSIS DSP Library
   3:Drivers/CMSIS/DSP/Source/SupportFunctions/arm_q31_to_float.c ****  * Title:        arm_q31_to_float.c
   4:Drivers/CMSIS/DSP/Source/SupportFunctions/arm_q31_to_float.c ****  * Description:  Converts the elements of the Q31 vector to floating-point vector
   5:Drivers/CMSIS/DSP/Source/SupportFunctions/arm_q31_to_float.c ****  *
   6:Drivers/CMSIS/DSP/Source/SupportFunctions/arm_q31_to_float.c ****  * $Date:        27. January 2017
   7:Drivers/CMSIS/DSP/Source/SupportFunctions/arm_q31_to_float.c ****  * $Revision:    V.1.5.1
   8:Drivers/CMSIS/DSP/Source/SupportFunctions/arm_q31_to_float.c ****  *
   9:Drivers/CMSIS/DSP/Source/SupportFunctions/arm_q31_to_float.c ****  * Target Processor: Cortex-M cores
  10:Drivers/CMSIS/DSP/Source/SupportFunctions/arm_q31_to_float.c ****  * -------------------------------------------------------------------- */
  11:Drivers/CMSIS/DSP/Source/SupportFunctions/arm_q31_to_float.c **** /*
  12:Drivers/CMSIS/DSP/Source/SupportFunctions/arm_q31_to_float.c ****  * Copyright (C) 2010-2017 ARM Limited or its affiliates. All rights reserved.
  13:Drivers/CMSIS/DSP/Source/SupportFunctions/arm_q31_to_float.c ****  *
  14:Drivers/CMSIS/DSP/Source/SupportFunctions/arm_q31_to_float.c ****  * SPDX-License-Identifier: Apache-2.0
  15:Drivers/CMSIS/DSP/Source/SupportFunctions/arm_q31_to_float.c ****  *
  16:Drivers/CMSIS/DSP/Source/SupportFunctions/arm_q31_to_float.c ****  * Licensed under the Apache License, Version 2.0 (the License); you may
  17:Drivers/CMSIS/DSP/Source/SupportFunctions/arm_q31_to_float.c ****  * not use this file except in compliance with the License.
  18:Drivers/CMSIS/DSP/Source/SupportFunctions/arm_q31_to_float.c ****  * You may obtain a copy of the License at
  19:Drivers/CMSIS/DSP/Source/SupportFunctions/arm_q31_to_float.c ****  *
  20:Drivers/CMSIS/DSP/Source/SupportFunctions/arm_q31_to_float.c ****  * www.apache.org/licenses/LICENSE-2.0
  21:Drivers/CMSIS/DSP/Source/SupportFunctions/arm_q31_to_float.c ****  *
  22:Drivers/CMSIS/DSP/Source/SupportFunctions/arm_q31_to_float.c ****  * Unless required by applicable law or agreed to in writing, software
  23:Drivers/CMSIS/DSP/Source/SupportFunctions/arm_q31_to_float.c ****  * distributed under the License is distributed on an AS IS BASIS, WITHOUT
  24:Drivers/CMSIS/DSP/Source/SupportFunctions/arm_q31_to_float.c ****  * WARRANTIES OR CONDITIONS OF ANY KIND, either express or implied.
  25:Drivers/CMSIS/DSP/Source/SupportFunctions/arm_q31_to_float.c ****  * See the License for the specific language governing permissions and
  26:Drivers/CMSIS/DSP/Source/SupportFunctions/arm_q31_to_float.c ****  * limitations under the License.
  27:Drivers/CMSIS/DSP/Source/SupportFunctions/arm_q31_to_float.c ****  */
  28:Drivers/CMSIS/DSP/Source/SupportFunctions/arm_q31_to_float.c **** 
  29:Drivers/CMSIS/DSP/Source/SupportFunctions/arm_q31_to_float.c **** #include "arm_math.h"
ARM GAS  C:\Users\Lamp\AppData\Local\Temp\ccsWHrrl.s 			page 2


  30:Drivers/CMSIS/DSP/Source/SupportFunctions/arm_q31_to_float.c **** 
  31:Drivers/CMSIS/DSP/Source/SupportFunctions/arm_q31_to_float.c **** /**
  32:Drivers/CMSIS/DSP/Source/SupportFunctions/arm_q31_to_float.c ****  * @ingroup groupSupport
  33:Drivers/CMSIS/DSP/Source/SupportFunctions/arm_q31_to_float.c ****  */
  34:Drivers/CMSIS/DSP/Source/SupportFunctions/arm_q31_to_float.c **** 
  35:Drivers/CMSIS/DSP/Source/SupportFunctions/arm_q31_to_float.c **** /**
  36:Drivers/CMSIS/DSP/Source/SupportFunctions/arm_q31_to_float.c ****  * @defgroup q31_to_x  Convert 32-bit Integer value
  37:Drivers/CMSIS/DSP/Source/SupportFunctions/arm_q31_to_float.c ****  */
  38:Drivers/CMSIS/DSP/Source/SupportFunctions/arm_q31_to_float.c **** 
  39:Drivers/CMSIS/DSP/Source/SupportFunctions/arm_q31_to_float.c **** /**
  40:Drivers/CMSIS/DSP/Source/SupportFunctions/arm_q31_to_float.c ****  * @addtogroup q31_to_x
  41:Drivers/CMSIS/DSP/Source/SupportFunctions/arm_q31_to_float.c ****  * @{
  42:Drivers/CMSIS/DSP/Source/SupportFunctions/arm_q31_to_float.c ****  */
  43:Drivers/CMSIS/DSP/Source/SupportFunctions/arm_q31_to_float.c **** 
  44:Drivers/CMSIS/DSP/Source/SupportFunctions/arm_q31_to_float.c **** /**
  45:Drivers/CMSIS/DSP/Source/SupportFunctions/arm_q31_to_float.c ****  * @brief Converts the elements of the Q31 vector to floating-point vector.
  46:Drivers/CMSIS/DSP/Source/SupportFunctions/arm_q31_to_float.c ****  * @param[in]       *pSrc points to the Q31 input vector
  47:Drivers/CMSIS/DSP/Source/SupportFunctions/arm_q31_to_float.c ****  * @param[out]      *pDst points to the floating-point output vector
  48:Drivers/CMSIS/DSP/Source/SupportFunctions/arm_q31_to_float.c ****  * @param[in]       blockSize length of the input vector
  49:Drivers/CMSIS/DSP/Source/SupportFunctions/arm_q31_to_float.c ****  * @return none.
  50:Drivers/CMSIS/DSP/Source/SupportFunctions/arm_q31_to_float.c ****  *
  51:Drivers/CMSIS/DSP/Source/SupportFunctions/arm_q31_to_float.c ****  * \par Description:
  52:Drivers/CMSIS/DSP/Source/SupportFunctions/arm_q31_to_float.c ****  *
  53:Drivers/CMSIS/DSP/Source/SupportFunctions/arm_q31_to_float.c ****  * The equation used for the conversion process is:
  54:Drivers/CMSIS/DSP/Source/SupportFunctions/arm_q31_to_float.c ****  *
  55:Drivers/CMSIS/DSP/Source/SupportFunctions/arm_q31_to_float.c ****  * <pre>
  56:Drivers/CMSIS/DSP/Source/SupportFunctions/arm_q31_to_float.c ****  * 	pDst[n] = (float32_t) pSrc[n] / 2147483648;   0 <= n < blockSize.
  57:Drivers/CMSIS/DSP/Source/SupportFunctions/arm_q31_to_float.c ****  * </pre>
  58:Drivers/CMSIS/DSP/Source/SupportFunctions/arm_q31_to_float.c ****  *
  59:Drivers/CMSIS/DSP/Source/SupportFunctions/arm_q31_to_float.c ****  */
  60:Drivers/CMSIS/DSP/Source/SupportFunctions/arm_q31_to_float.c **** 
  61:Drivers/CMSIS/DSP/Source/SupportFunctions/arm_q31_to_float.c **** 
  62:Drivers/CMSIS/DSP/Source/SupportFunctions/arm_q31_to_float.c **** void arm_q31_to_float(
  63:Drivers/CMSIS/DSP/Source/SupportFunctions/arm_q31_to_float.c ****   q31_t * pSrc,
  64:Drivers/CMSIS/DSP/Source/SupportFunctions/arm_q31_to_float.c ****   float32_t * pDst,
  65:Drivers/CMSIS/DSP/Source/SupportFunctions/arm_q31_to_float.c ****   uint32_t blockSize)
  66:Drivers/CMSIS/DSP/Source/SupportFunctions/arm_q31_to_float.c **** {
  30              		.loc 1 66 1 view -0
  31              		.cfi_startproc
  32              		@ args = 0, pretend = 0, frame = 0
  33              		@ frame_needed = 0, uses_anonymous_args = 0
  34              		.loc 1 66 1 is_stmt 0 view .LVU1
  35 0000 70B5     		push	{r4, r5, r6, lr}
  36              	.LCFI0:
  37              		.cfi_def_cfa_offset 16
  38              		.cfi_offset 4, -16
  39              		.cfi_offset 5, -12
  40              		.cfi_offset 6, -8
  41              		.cfi_offset 14, -4
  42 0002 0546     		mov	r5, r0
  43 0004 0C46     		mov	r4, r1
  44 0006 1646     		mov	r6, r2
  67:Drivers/CMSIS/DSP/Source/SupportFunctions/arm_q31_to_float.c ****   q31_t *pIn = pSrc;                             /* Src pointer */
  45              		.loc 1 67 3 is_stmt 1 view .LVU2
  46              	.LVL1:
  68:Drivers/CMSIS/DSP/Source/SupportFunctions/arm_q31_to_float.c ****   uint32_t blkCnt;                               /* loop counter */
  47              		.loc 1 68 3 view .LVU3
ARM GAS  C:\Users\Lamp\AppData\Local\Temp\ccsWHrrl.s 			page 3


  69:Drivers/CMSIS/DSP/Source/SupportFunctions/arm_q31_to_float.c **** 
  70:Drivers/CMSIS/DSP/Source/SupportFunctions/arm_q31_to_float.c **** 
  71:Drivers/CMSIS/DSP/Source/SupportFunctions/arm_q31_to_float.c **** #if defined (ARM_MATH_DSP)
  72:Drivers/CMSIS/DSP/Source/SupportFunctions/arm_q31_to_float.c **** 
  73:Drivers/CMSIS/DSP/Source/SupportFunctions/arm_q31_to_float.c ****   /* Run the below code for Cortex-M4 and Cortex-M3 */
  74:Drivers/CMSIS/DSP/Source/SupportFunctions/arm_q31_to_float.c **** 
  75:Drivers/CMSIS/DSP/Source/SupportFunctions/arm_q31_to_float.c ****   /*loop Unrolling */
  76:Drivers/CMSIS/DSP/Source/SupportFunctions/arm_q31_to_float.c ****   blkCnt = blockSize >> 2U;
  77:Drivers/CMSIS/DSP/Source/SupportFunctions/arm_q31_to_float.c **** 
  78:Drivers/CMSIS/DSP/Source/SupportFunctions/arm_q31_to_float.c ****   /* First part of the processing with loop unrolling.  Compute 4 outputs at a time.
  79:Drivers/CMSIS/DSP/Source/SupportFunctions/arm_q31_to_float.c ****    ** a second loop below computes the remaining 1 to 3 samples. */
  80:Drivers/CMSIS/DSP/Source/SupportFunctions/arm_q31_to_float.c ****   while (blkCnt > 0U)
  81:Drivers/CMSIS/DSP/Source/SupportFunctions/arm_q31_to_float.c ****   {
  82:Drivers/CMSIS/DSP/Source/SupportFunctions/arm_q31_to_float.c ****     /* C = (float32_t) A / 2147483648 */
  83:Drivers/CMSIS/DSP/Source/SupportFunctions/arm_q31_to_float.c ****     /* convert from q31 to float and then store the results in the destination buffer */
  84:Drivers/CMSIS/DSP/Source/SupportFunctions/arm_q31_to_float.c ****     *pDst++ = ((float32_t) * pIn++ / 2147483648.0f);
  85:Drivers/CMSIS/DSP/Source/SupportFunctions/arm_q31_to_float.c ****     *pDst++ = ((float32_t) * pIn++ / 2147483648.0f);
  86:Drivers/CMSIS/DSP/Source/SupportFunctions/arm_q31_to_float.c ****     *pDst++ = ((float32_t) * pIn++ / 2147483648.0f);
  87:Drivers/CMSIS/DSP/Source/SupportFunctions/arm_q31_to_float.c ****     *pDst++ = ((float32_t) * pIn++ / 2147483648.0f);
  88:Drivers/CMSIS/DSP/Source/SupportFunctions/arm_q31_to_float.c **** 
  89:Drivers/CMSIS/DSP/Source/SupportFunctions/arm_q31_to_float.c ****     /* Decrement the loop counter */
  90:Drivers/CMSIS/DSP/Source/SupportFunctions/arm_q31_to_float.c ****     blkCnt--;
  91:Drivers/CMSIS/DSP/Source/SupportFunctions/arm_q31_to_float.c ****   }
  92:Drivers/CMSIS/DSP/Source/SupportFunctions/arm_q31_to_float.c **** 
  93:Drivers/CMSIS/DSP/Source/SupportFunctions/arm_q31_to_float.c ****   /* If the blockSize is not a multiple of 4, compute any remaining output samples here.
  94:Drivers/CMSIS/DSP/Source/SupportFunctions/arm_q31_to_float.c ****    ** No loop unrolling is used. */
  95:Drivers/CMSIS/DSP/Source/SupportFunctions/arm_q31_to_float.c ****   blkCnt = blockSize % 0x4U;
  96:Drivers/CMSIS/DSP/Source/SupportFunctions/arm_q31_to_float.c **** 
  97:Drivers/CMSIS/DSP/Source/SupportFunctions/arm_q31_to_float.c **** #else
  98:Drivers/CMSIS/DSP/Source/SupportFunctions/arm_q31_to_float.c **** 
  99:Drivers/CMSIS/DSP/Source/SupportFunctions/arm_q31_to_float.c ****   /* Run the below code for Cortex-M0 */
 100:Drivers/CMSIS/DSP/Source/SupportFunctions/arm_q31_to_float.c **** 
 101:Drivers/CMSIS/DSP/Source/SupportFunctions/arm_q31_to_float.c ****   /* Loop over blockSize number of values */
 102:Drivers/CMSIS/DSP/Source/SupportFunctions/arm_q31_to_float.c ****   blkCnt = blockSize;
  48              		.loc 1 102 3 view .LVU4
 103:Drivers/CMSIS/DSP/Source/SupportFunctions/arm_q31_to_float.c **** 
 104:Drivers/CMSIS/DSP/Source/SupportFunctions/arm_q31_to_float.c **** #endif /* #if defined (ARM_MATH_DSP) */
 105:Drivers/CMSIS/DSP/Source/SupportFunctions/arm_q31_to_float.c **** 
 106:Drivers/CMSIS/DSP/Source/SupportFunctions/arm_q31_to_float.c ****   while (blkCnt > 0U)
  49              		.loc 1 106 3 view .LVU5
  50              		.loc 1 106 9 is_stmt 0 view .LVU6
  51 0008 0AE0     		b	.L2
  52              	.LVL2:
  53              	.L3:
 107:Drivers/CMSIS/DSP/Source/SupportFunctions/arm_q31_to_float.c ****   {
 108:Drivers/CMSIS/DSP/Source/SupportFunctions/arm_q31_to_float.c ****     /* C = (float32_t) A / 2147483648 */
 109:Drivers/CMSIS/DSP/Source/SupportFunctions/arm_q31_to_float.c ****     /* convert from q31 to float and then store the results in the destination buffer */
 110:Drivers/CMSIS/DSP/Source/SupportFunctions/arm_q31_to_float.c ****     *pDst++ = ((float32_t) * pIn++ / 2147483648.0f);
  54              		.loc 1 110 5 is_stmt 1 view .LVU7
  55              		.loc 1 110 16 is_stmt 0 view .LVU8
  56 000a 55F8040B 		ldr	r0, [r5], #4
  57              	.LVL3:
  58              		.loc 1 110 16 view .LVU9
  59 000e FFF7FEFF 		bl	__aeabi_i2f
  60              	.LVL4:
  61              		.loc 1 110 36 view .LVU10
  62 0012 4FF04051 		mov	r1, #805306368
ARM GAS  C:\Users\Lamp\AppData\Local\Temp\ccsWHrrl.s 			page 4


  63 0016 FFF7FEFF 		bl	__aeabi_fmul
  64              	.LVL5:
  65              		.loc 1 110 13 view .LVU11
  66 001a 44F8040B 		str	r0, [r4], #4	@ float
  67              	.LVL6:
 111:Drivers/CMSIS/DSP/Source/SupportFunctions/arm_q31_to_float.c **** 
 112:Drivers/CMSIS/DSP/Source/SupportFunctions/arm_q31_to_float.c ****     /* Decrement the loop counter */
 113:Drivers/CMSIS/DSP/Source/SupportFunctions/arm_q31_to_float.c ****     blkCnt--;
  68              		.loc 1 113 5 is_stmt 1 view .LVU12
  69              		.loc 1 113 11 is_stmt 0 view .LVU13
  70 001e 013E     		subs	r6, r6, #1
  71              	.LVL7:
  72              	.L2:
 106:Drivers/CMSIS/DSP/Source/SupportFunctions/arm_q31_to_float.c ****   {
  73              		.loc 1 106 17 is_stmt 1 view .LVU14
  74 0020 002E     		cmp	r6, #0
  75 0022 F2D1     		bne	.L3
 114:Drivers/CMSIS/DSP/Source/SupportFunctions/arm_q31_to_float.c ****   }
 115:Drivers/CMSIS/DSP/Source/SupportFunctions/arm_q31_to_float.c **** }
  76              		.loc 1 115 1 is_stmt 0 view .LVU15
  77 0024 70BD     		pop	{r4, r5, r6, pc}
  78              		.loc 1 115 1 view .LVU16
  79              		.cfi_endproc
  80              	.LFE100:
  82              		.text
  83              	.Letext0:
  84              		.file 2 "C:/ARM GNU Toolchain/arm-none-eabi/include/machine/_default_types.h"
  85              		.file 3 "C:/ARM GNU Toolchain/arm-none-eabi/include/sys/_stdint.h"
  86              		.file 4 "Drivers/CMSIS/DSP/Include/arm_math.h"
ARM GAS  C:\Users\Lamp\AppData\Local\Temp\ccsWHrrl.s 			page 5


DEFINED SYMBOLS
                            *ABS*:00000000 arm_q31_to_float.c
C:\Users\Lamp\AppData\Local\Temp\ccsWHrrl.s:21     .text.arm_q31_to_float:00000000 $t
C:\Users\Lamp\AppData\Local\Temp\ccsWHrrl.s:27     .text.arm_q31_to_float:00000000 arm_q31_to_float

UNDEFINED SYMBOLS
__aeabi_i2f
__aeabi_fmul
