ARM GAS  C:\Users\Lamp\AppData\Local\Temp\ccmX2cxU.s 			page 1


   1              		.cpu cortex-m3
   2              		.arch armv7-m
   3              		.fpu softvfp
   4              		.eabi_attribute 20, 1
   5              		.eabi_attribute 21, 1
   6              		.eabi_attribute 23, 3
   7              		.eabi_attribute 24, 1
   8              		.eabi_attribute 25, 1
   9              		.eabi_attribute 26, 1
  10              		.eabi_attribute 30, 1
  11              		.eabi_attribute 34, 1
  12              		.eabi_attribute 18, 4
  13              		.file	"arm_negate_f32.c"
  14              		.text
  15              	.Ltext0:
  16              		.cfi_sections	.debug_frame
  17              		.file 1 "Drivers/CMSIS/DSP/Source/BasicMathFunctions/arm_negate_f32.c"
  18              		.section	.text.arm_negate_f32,"ax",%progbits
  19              		.align	1
  20              		.global	arm_negate_f32
  21              		.syntax unified
  22              		.thumb
  23              		.thumb_func
  25              	arm_negate_f32:
  26              	.LVL0:
  27              	.LFB100:
   1:Drivers/CMSIS/DSP/Source/BasicMathFunctions/arm_negate_f32.c **** /* ----------------------------------------------------------------------
   2:Drivers/CMSIS/DSP/Source/BasicMathFunctions/arm_negate_f32.c ****  * Project:      CMSIS DSP Library
   3:Drivers/CMSIS/DSP/Source/BasicMathFunctions/arm_negate_f32.c ****  * Title:        arm_negate_f32.c
   4:Drivers/CMSIS/DSP/Source/BasicMathFunctions/arm_negate_f32.c ****  * Description:  Negates floating-point vectors
   5:Drivers/CMSIS/DSP/Source/BasicMathFunctions/arm_negate_f32.c ****  *
   6:Drivers/CMSIS/DSP/Source/BasicMathFunctions/arm_negate_f32.c ****  * $Date:        27. January 2017
   7:Drivers/CMSIS/DSP/Source/BasicMathFunctions/arm_negate_f32.c ****  * $Revision:    V.1.5.1
   8:Drivers/CMSIS/DSP/Source/BasicMathFunctions/arm_negate_f32.c ****  *
   9:Drivers/CMSIS/DSP/Source/BasicMathFunctions/arm_negate_f32.c ****  * Target Processor: Cortex-M cores
  10:Drivers/CMSIS/DSP/Source/BasicMathFunctions/arm_negate_f32.c ****  * -------------------------------------------------------------------- */
  11:Drivers/CMSIS/DSP/Source/BasicMathFunctions/arm_negate_f32.c **** /*
  12:Drivers/CMSIS/DSP/Source/BasicMathFunctions/arm_negate_f32.c ****  * Copyright (C) 2010-2017 ARM Limited or its affiliates. All rights reserved.
  13:Drivers/CMSIS/DSP/Source/BasicMathFunctions/arm_negate_f32.c ****  *
  14:Drivers/CMSIS/DSP/Source/BasicMathFunctions/arm_negate_f32.c ****  * SPDX-License-Identifier: Apache-2.0
  15:Drivers/CMSIS/DSP/Source/BasicMathFunctions/arm_negate_f32.c ****  *
  16:Drivers/CMSIS/DSP/Source/BasicMathFunctions/arm_negate_f32.c ****  * Licensed under the Apache License, Version 2.0 (the License); you may
  17:Drivers/CMSIS/DSP/Source/BasicMathFunctions/arm_negate_f32.c ****  * not use this file except in compliance with the License.
  18:Drivers/CMSIS/DSP/Source/BasicMathFunctions/arm_negate_f32.c ****  * You may obtain a copy of the License at
  19:Drivers/CMSIS/DSP/Source/BasicMathFunctions/arm_negate_f32.c ****  *
  20:Drivers/CMSIS/DSP/Source/BasicMathFunctions/arm_negate_f32.c ****  * www.apache.org/licenses/LICENSE-2.0
  21:Drivers/CMSIS/DSP/Source/BasicMathFunctions/arm_negate_f32.c ****  *
  22:Drivers/CMSIS/DSP/Source/BasicMathFunctions/arm_negate_f32.c ****  * Unless required by applicable law or agreed to in writing, software
  23:Drivers/CMSIS/DSP/Source/BasicMathFunctions/arm_negate_f32.c ****  * distributed under the License is distributed on an AS IS BASIS, WITHOUT
  24:Drivers/CMSIS/DSP/Source/BasicMathFunctions/arm_negate_f32.c ****  * WARRANTIES OR CONDITIONS OF ANY KIND, either express or implied.
  25:Drivers/CMSIS/DSP/Source/BasicMathFunctions/arm_negate_f32.c ****  * See the License for the specific language governing permissions and
  26:Drivers/CMSIS/DSP/Source/BasicMathFunctions/arm_negate_f32.c ****  * limitations under the License.
  27:Drivers/CMSIS/DSP/Source/BasicMathFunctions/arm_negate_f32.c ****  */
  28:Drivers/CMSIS/DSP/Source/BasicMathFunctions/arm_negate_f32.c **** 
  29:Drivers/CMSIS/DSP/Source/BasicMathFunctions/arm_negate_f32.c **** #include "arm_math.h"
  30:Drivers/CMSIS/DSP/Source/BasicMathFunctions/arm_negate_f32.c **** 
  31:Drivers/CMSIS/DSP/Source/BasicMathFunctions/arm_negate_f32.c **** /**
ARM GAS  C:\Users\Lamp\AppData\Local\Temp\ccmX2cxU.s 			page 2


  32:Drivers/CMSIS/DSP/Source/BasicMathFunctions/arm_negate_f32.c ****  * @ingroup groupMath
  33:Drivers/CMSIS/DSP/Source/BasicMathFunctions/arm_negate_f32.c ****  */
  34:Drivers/CMSIS/DSP/Source/BasicMathFunctions/arm_negate_f32.c **** 
  35:Drivers/CMSIS/DSP/Source/BasicMathFunctions/arm_negate_f32.c **** /**
  36:Drivers/CMSIS/DSP/Source/BasicMathFunctions/arm_negate_f32.c ****  * @defgroup negate Vector Negate
  37:Drivers/CMSIS/DSP/Source/BasicMathFunctions/arm_negate_f32.c ****  *
  38:Drivers/CMSIS/DSP/Source/BasicMathFunctions/arm_negate_f32.c ****  * Negates the elements of a vector.
  39:Drivers/CMSIS/DSP/Source/BasicMathFunctions/arm_negate_f32.c ****  *
  40:Drivers/CMSIS/DSP/Source/BasicMathFunctions/arm_negate_f32.c ****  * <pre>
  41:Drivers/CMSIS/DSP/Source/BasicMathFunctions/arm_negate_f32.c ****  *     pDst[n] = -pSrc[n],   0 <= n < blockSize.
  42:Drivers/CMSIS/DSP/Source/BasicMathFunctions/arm_negate_f32.c ****  * </pre>
  43:Drivers/CMSIS/DSP/Source/BasicMathFunctions/arm_negate_f32.c ****  *
  44:Drivers/CMSIS/DSP/Source/BasicMathFunctions/arm_negate_f32.c ****  * The functions support in-place computation allowing the source and
  45:Drivers/CMSIS/DSP/Source/BasicMathFunctions/arm_negate_f32.c ****  * destination pointers to reference the same memory buffer.
  46:Drivers/CMSIS/DSP/Source/BasicMathFunctions/arm_negate_f32.c ****  * There are separate functions for floating-point, Q7, Q15, and Q31 data types.
  47:Drivers/CMSIS/DSP/Source/BasicMathFunctions/arm_negate_f32.c ****  */
  48:Drivers/CMSIS/DSP/Source/BasicMathFunctions/arm_negate_f32.c **** 
  49:Drivers/CMSIS/DSP/Source/BasicMathFunctions/arm_negate_f32.c **** /**
  50:Drivers/CMSIS/DSP/Source/BasicMathFunctions/arm_negate_f32.c ****  * @addtogroup negate
  51:Drivers/CMSIS/DSP/Source/BasicMathFunctions/arm_negate_f32.c ****  * @{
  52:Drivers/CMSIS/DSP/Source/BasicMathFunctions/arm_negate_f32.c ****  */
  53:Drivers/CMSIS/DSP/Source/BasicMathFunctions/arm_negate_f32.c **** 
  54:Drivers/CMSIS/DSP/Source/BasicMathFunctions/arm_negate_f32.c **** /**
  55:Drivers/CMSIS/DSP/Source/BasicMathFunctions/arm_negate_f32.c ****  * @brief  Negates the elements of a floating-point vector.
  56:Drivers/CMSIS/DSP/Source/BasicMathFunctions/arm_negate_f32.c ****  * @param[in]  *pSrc points to the input vector
  57:Drivers/CMSIS/DSP/Source/BasicMathFunctions/arm_negate_f32.c ****  * @param[out]  *pDst points to the output vector
  58:Drivers/CMSIS/DSP/Source/BasicMathFunctions/arm_negate_f32.c ****  * @param[in]  blockSize number of samples in the vector
  59:Drivers/CMSIS/DSP/Source/BasicMathFunctions/arm_negate_f32.c ****  * @return none.
  60:Drivers/CMSIS/DSP/Source/BasicMathFunctions/arm_negate_f32.c ****  */
  61:Drivers/CMSIS/DSP/Source/BasicMathFunctions/arm_negate_f32.c **** 
  62:Drivers/CMSIS/DSP/Source/BasicMathFunctions/arm_negate_f32.c **** void arm_negate_f32(
  63:Drivers/CMSIS/DSP/Source/BasicMathFunctions/arm_negate_f32.c ****   float32_t * pSrc,
  64:Drivers/CMSIS/DSP/Source/BasicMathFunctions/arm_negate_f32.c ****   float32_t * pDst,
  65:Drivers/CMSIS/DSP/Source/BasicMathFunctions/arm_negate_f32.c ****   uint32_t blockSize)
  66:Drivers/CMSIS/DSP/Source/BasicMathFunctions/arm_negate_f32.c **** {
  28              		.loc 1 66 1 view -0
  29              		.cfi_startproc
  30              		@ args = 0, pretend = 0, frame = 0
  31              		@ frame_needed = 0, uses_anonymous_args = 0
  32              		@ link register save eliminated.
  67:Drivers/CMSIS/DSP/Source/BasicMathFunctions/arm_negate_f32.c ****   uint32_t blkCnt;                               /* loop counter */
  33              		.loc 1 67 3 view .LVU1
  68:Drivers/CMSIS/DSP/Source/BasicMathFunctions/arm_negate_f32.c **** 
  69:Drivers/CMSIS/DSP/Source/BasicMathFunctions/arm_negate_f32.c **** 
  70:Drivers/CMSIS/DSP/Source/BasicMathFunctions/arm_negate_f32.c **** #if defined (ARM_MATH_DSP)
  71:Drivers/CMSIS/DSP/Source/BasicMathFunctions/arm_negate_f32.c **** 
  72:Drivers/CMSIS/DSP/Source/BasicMathFunctions/arm_negate_f32.c **** /* Run the below code for Cortex-M4 and Cortex-M3 */
  73:Drivers/CMSIS/DSP/Source/BasicMathFunctions/arm_negate_f32.c ****   float32_t in1, in2, in3, in4;                  /* temporary variables */
  74:Drivers/CMSIS/DSP/Source/BasicMathFunctions/arm_negate_f32.c **** 
  75:Drivers/CMSIS/DSP/Source/BasicMathFunctions/arm_negate_f32.c ****   /*loop Unrolling */
  76:Drivers/CMSIS/DSP/Source/BasicMathFunctions/arm_negate_f32.c ****   blkCnt = blockSize >> 2U;
  77:Drivers/CMSIS/DSP/Source/BasicMathFunctions/arm_negate_f32.c **** 
  78:Drivers/CMSIS/DSP/Source/BasicMathFunctions/arm_negate_f32.c ****   /* First part of the processing with loop unrolling.  Compute 4 outputs at a time.
  79:Drivers/CMSIS/DSP/Source/BasicMathFunctions/arm_negate_f32.c ****    ** a second loop below computes the remaining 1 to 3 samples. */
  80:Drivers/CMSIS/DSP/Source/BasicMathFunctions/arm_negate_f32.c ****   while (blkCnt > 0U)
  81:Drivers/CMSIS/DSP/Source/BasicMathFunctions/arm_negate_f32.c ****   {
  82:Drivers/CMSIS/DSP/Source/BasicMathFunctions/arm_negate_f32.c ****     /* read inputs from source */
ARM GAS  C:\Users\Lamp\AppData\Local\Temp\ccmX2cxU.s 			page 3


  83:Drivers/CMSIS/DSP/Source/BasicMathFunctions/arm_negate_f32.c ****     in1 = *pSrc;
  84:Drivers/CMSIS/DSP/Source/BasicMathFunctions/arm_negate_f32.c ****     in2 = *(pSrc + 1);
  85:Drivers/CMSIS/DSP/Source/BasicMathFunctions/arm_negate_f32.c ****     in3 = *(pSrc + 2);
  86:Drivers/CMSIS/DSP/Source/BasicMathFunctions/arm_negate_f32.c ****     in4 = *(pSrc + 3);
  87:Drivers/CMSIS/DSP/Source/BasicMathFunctions/arm_negate_f32.c **** 
  88:Drivers/CMSIS/DSP/Source/BasicMathFunctions/arm_negate_f32.c ****     /* negate the input */
  89:Drivers/CMSIS/DSP/Source/BasicMathFunctions/arm_negate_f32.c ****     in1 = -in1;
  90:Drivers/CMSIS/DSP/Source/BasicMathFunctions/arm_negate_f32.c ****     in2 = -in2;
  91:Drivers/CMSIS/DSP/Source/BasicMathFunctions/arm_negate_f32.c ****     in3 = -in3;
  92:Drivers/CMSIS/DSP/Source/BasicMathFunctions/arm_negate_f32.c ****     in4 = -in4;
  93:Drivers/CMSIS/DSP/Source/BasicMathFunctions/arm_negate_f32.c **** 
  94:Drivers/CMSIS/DSP/Source/BasicMathFunctions/arm_negate_f32.c ****     /* store the result to destination */
  95:Drivers/CMSIS/DSP/Source/BasicMathFunctions/arm_negate_f32.c ****     *pDst = in1;
  96:Drivers/CMSIS/DSP/Source/BasicMathFunctions/arm_negate_f32.c ****     *(pDst + 1) = in2;
  97:Drivers/CMSIS/DSP/Source/BasicMathFunctions/arm_negate_f32.c ****     *(pDst + 2) = in3;
  98:Drivers/CMSIS/DSP/Source/BasicMathFunctions/arm_negate_f32.c ****     *(pDst + 3) = in4;
  99:Drivers/CMSIS/DSP/Source/BasicMathFunctions/arm_negate_f32.c **** 
 100:Drivers/CMSIS/DSP/Source/BasicMathFunctions/arm_negate_f32.c ****     /* update pointers to process next samples */
 101:Drivers/CMSIS/DSP/Source/BasicMathFunctions/arm_negate_f32.c ****     pSrc += 4U;
 102:Drivers/CMSIS/DSP/Source/BasicMathFunctions/arm_negate_f32.c ****     pDst += 4U;
 103:Drivers/CMSIS/DSP/Source/BasicMathFunctions/arm_negate_f32.c **** 
 104:Drivers/CMSIS/DSP/Source/BasicMathFunctions/arm_negate_f32.c ****     /* Decrement the loop counter */
 105:Drivers/CMSIS/DSP/Source/BasicMathFunctions/arm_negate_f32.c ****     blkCnt--;
 106:Drivers/CMSIS/DSP/Source/BasicMathFunctions/arm_negate_f32.c ****   }
 107:Drivers/CMSIS/DSP/Source/BasicMathFunctions/arm_negate_f32.c **** 
 108:Drivers/CMSIS/DSP/Source/BasicMathFunctions/arm_negate_f32.c ****   /* If the blockSize is not a multiple of 4, compute any remaining output samples here.
 109:Drivers/CMSIS/DSP/Source/BasicMathFunctions/arm_negate_f32.c ****    ** No loop unrolling is used. */
 110:Drivers/CMSIS/DSP/Source/BasicMathFunctions/arm_negate_f32.c ****   blkCnt = blockSize % 0x4U;
 111:Drivers/CMSIS/DSP/Source/BasicMathFunctions/arm_negate_f32.c **** 
 112:Drivers/CMSIS/DSP/Source/BasicMathFunctions/arm_negate_f32.c **** #else
 113:Drivers/CMSIS/DSP/Source/BasicMathFunctions/arm_negate_f32.c **** 
 114:Drivers/CMSIS/DSP/Source/BasicMathFunctions/arm_negate_f32.c ****   /* Run the below code for Cortex-M0 */
 115:Drivers/CMSIS/DSP/Source/BasicMathFunctions/arm_negate_f32.c **** 
 116:Drivers/CMSIS/DSP/Source/BasicMathFunctions/arm_negate_f32.c ****   /* Initialize blkCnt with number of samples */
 117:Drivers/CMSIS/DSP/Source/BasicMathFunctions/arm_negate_f32.c ****   blkCnt = blockSize;
  34              		.loc 1 117 3 view .LVU2
 118:Drivers/CMSIS/DSP/Source/BasicMathFunctions/arm_negate_f32.c **** 
 119:Drivers/CMSIS/DSP/Source/BasicMathFunctions/arm_negate_f32.c **** #endif /* #if defined (ARM_MATH_DSP) */
 120:Drivers/CMSIS/DSP/Source/BasicMathFunctions/arm_negate_f32.c **** 
 121:Drivers/CMSIS/DSP/Source/BasicMathFunctions/arm_negate_f32.c ****   while (blkCnt > 0U)
  35              		.loc 1 121 3 view .LVU3
  36              		.loc 1 121 9 is_stmt 0 view .LVU4
  37 0000 06E0     		b	.L2
  38              	.LVL1:
  39              	.L3:
 122:Drivers/CMSIS/DSP/Source/BasicMathFunctions/arm_negate_f32.c ****   {
 123:Drivers/CMSIS/DSP/Source/BasicMathFunctions/arm_negate_f32.c ****     /* C = -A */
 124:Drivers/CMSIS/DSP/Source/BasicMathFunctions/arm_negate_f32.c ****     /* Negate and then store the results in the destination buffer. */
 125:Drivers/CMSIS/DSP/Source/BasicMathFunctions/arm_negate_f32.c ****     *pDst++ = -*pSrc++;
  40              		.loc 1 125 5 is_stmt 1 view .LVU5
  41              		.loc 1 125 16 is_stmt 0 view .LVU6
  42 0002 50F8043B 		ldr	r3, [r0], #4	@ float
  43              	.LVL2:
  44              		.loc 1 125 15 view .LVU7
  45 0006 03F10043 		add	r3, r3, #-2147483648
  46              		.loc 1 125 13 view .LVU8
  47 000a 41F8043B 		str	r3, [r1], #4	@ float
ARM GAS  C:\Users\Lamp\AppData\Local\Temp\ccmX2cxU.s 			page 4


  48              	.LVL3:
 126:Drivers/CMSIS/DSP/Source/BasicMathFunctions/arm_negate_f32.c **** 
 127:Drivers/CMSIS/DSP/Source/BasicMathFunctions/arm_negate_f32.c ****     /* Decrement the loop counter */
 128:Drivers/CMSIS/DSP/Source/BasicMathFunctions/arm_negate_f32.c ****     blkCnt--;
  49              		.loc 1 128 5 is_stmt 1 view .LVU9
  50              		.loc 1 128 11 is_stmt 0 view .LVU10
  51 000e 013A     		subs	r2, r2, #1
  52              	.LVL4:
  53              	.L2:
 121:Drivers/CMSIS/DSP/Source/BasicMathFunctions/arm_negate_f32.c ****   {
  54              		.loc 1 121 17 is_stmt 1 view .LVU11
  55 0010 002A     		cmp	r2, #0
  56 0012 F6D1     		bne	.L3
 129:Drivers/CMSIS/DSP/Source/BasicMathFunctions/arm_negate_f32.c ****   }
 130:Drivers/CMSIS/DSP/Source/BasicMathFunctions/arm_negate_f32.c **** }
  57              		.loc 1 130 1 is_stmt 0 view .LVU12
  58 0014 7047     		bx	lr
  59              		.cfi_endproc
  60              	.LFE100:
  62              		.text
  63              	.Letext0:
  64              		.file 2 "C:/ARM GNU Toolchain/arm-none-eabi/include/machine/_default_types.h"
  65              		.file 3 "C:/ARM GNU Toolchain/arm-none-eabi/include/sys/_stdint.h"
  66              		.file 4 "Drivers/CMSIS/DSP/Include/arm_math.h"
ARM GAS  C:\Users\Lamp\AppData\Local\Temp\ccmX2cxU.s 			page 5


DEFINED SYMBOLS
                            *ABS*:00000000 arm_negate_f32.c
C:\Users\Lamp\AppData\Local\Temp\ccmX2cxU.s:19     .text.arm_negate_f32:00000000 $t
C:\Users\Lamp\AppData\Local\Temp\ccmX2cxU.s:25     .text.arm_negate_f32:00000000 arm_negate_f32

NO UNDEFINED SYMBOLS
