ARM GAS  C:\Users\Lamp\AppData\Local\Temp\ccvGZQtq.s 			page 1


   1              		.cpu cortex-m3
   2              		.arch armv7-m
   3              		.fpu softvfp
   4              		.eabi_attribute 20, 1
   5              		.eabi_attribute 21, 1
   6              		.eabi_attribute 23, 3
   7              		.eabi_attribute 24, 1
   8              		.eabi_attribute 25, 1
   9              		.eabi_attribute 26, 1
  10              		.eabi_attribute 30, 1
  11              		.eabi_attribute 34, 1
  12              		.eabi_attribute 18, 4
  13              		.file	"arm_copy_q31.c"
  14              		.text
  15              	.Ltext0:
  16              		.cfi_sections	.debug_frame
  17              		.file 1 "Drivers/CMSIS/DSP/Source/SupportFunctions/arm_copy_q31.c"
  18              		.section	.text.arm_copy_q31,"ax",%progbits
  19              		.align	1
  20              		.global	arm_copy_q31
  21              		.syntax unified
  22              		.thumb
  23              		.thumb_func
  25              	arm_copy_q31:
  26              	.LVL0:
  27              	.LFB100:
   1:Drivers/CMSIS/DSP/Source/SupportFunctions/arm_copy_q31.c **** /* ----------------------------------------------------------------------
   2:Drivers/CMSIS/DSP/Source/SupportFunctions/arm_copy_q31.c ****  * Project:      CMSIS DSP Library
   3:Drivers/CMSIS/DSP/Source/SupportFunctions/arm_copy_q31.c ****  * Title:        arm_copy_q31.c
   4:Drivers/CMSIS/DSP/Source/SupportFunctions/arm_copy_q31.c ****  * Description:  Copies the elements of a Q31 vector
   5:Drivers/CMSIS/DSP/Source/SupportFunctions/arm_copy_q31.c ****  *
   6:Drivers/CMSIS/DSP/Source/SupportFunctions/arm_copy_q31.c ****  * $Date:        27. January 2017
   7:Drivers/CMSIS/DSP/Source/SupportFunctions/arm_copy_q31.c ****  * $Revision:    V.1.5.1
   8:Drivers/CMSIS/DSP/Source/SupportFunctions/arm_copy_q31.c ****  *
   9:Drivers/CMSIS/DSP/Source/SupportFunctions/arm_copy_q31.c ****  * Target Processor: Cortex-M cores
  10:Drivers/CMSIS/DSP/Source/SupportFunctions/arm_copy_q31.c ****  * -------------------------------------------------------------------- */
  11:Drivers/CMSIS/DSP/Source/SupportFunctions/arm_copy_q31.c **** /*
  12:Drivers/CMSIS/DSP/Source/SupportFunctions/arm_copy_q31.c ****  * Copyright (C) 2010-2017 ARM Limited or its affiliates. All rights reserved.
  13:Drivers/CMSIS/DSP/Source/SupportFunctions/arm_copy_q31.c ****  *
  14:Drivers/CMSIS/DSP/Source/SupportFunctions/arm_copy_q31.c ****  * SPDX-License-Identifier: Apache-2.0
  15:Drivers/CMSIS/DSP/Source/SupportFunctions/arm_copy_q31.c ****  *
  16:Drivers/CMSIS/DSP/Source/SupportFunctions/arm_copy_q31.c ****  * Licensed under the Apache License, Version 2.0 (the License); you may
  17:Drivers/CMSIS/DSP/Source/SupportFunctions/arm_copy_q31.c ****  * not use this file except in compliance with the License.
  18:Drivers/CMSIS/DSP/Source/SupportFunctions/arm_copy_q31.c ****  * You may obtain a copy of the License at
  19:Drivers/CMSIS/DSP/Source/SupportFunctions/arm_copy_q31.c ****  *
  20:Drivers/CMSIS/DSP/Source/SupportFunctions/arm_copy_q31.c ****  * www.apache.org/licenses/LICENSE-2.0
  21:Drivers/CMSIS/DSP/Source/SupportFunctions/arm_copy_q31.c ****  *
  22:Drivers/CMSIS/DSP/Source/SupportFunctions/arm_copy_q31.c ****  * Unless required by applicable law or agreed to in writing, software
  23:Drivers/CMSIS/DSP/Source/SupportFunctions/arm_copy_q31.c ****  * distributed under the License is distributed on an AS IS BASIS, WITHOUT
  24:Drivers/CMSIS/DSP/Source/SupportFunctions/arm_copy_q31.c ****  * WARRANTIES OR CONDITIONS OF ANY KIND, either express or implied.
  25:Drivers/CMSIS/DSP/Source/SupportFunctions/arm_copy_q31.c ****  * See the License for the specific language governing permissions and
  26:Drivers/CMSIS/DSP/Source/SupportFunctions/arm_copy_q31.c ****  * limitations under the License.
  27:Drivers/CMSIS/DSP/Source/SupportFunctions/arm_copy_q31.c ****  */
  28:Drivers/CMSIS/DSP/Source/SupportFunctions/arm_copy_q31.c **** 
  29:Drivers/CMSIS/DSP/Source/SupportFunctions/arm_copy_q31.c **** #include "arm_math.h"
  30:Drivers/CMSIS/DSP/Source/SupportFunctions/arm_copy_q31.c **** 
  31:Drivers/CMSIS/DSP/Source/SupportFunctions/arm_copy_q31.c **** /**
ARM GAS  C:\Users\Lamp\AppData\Local\Temp\ccvGZQtq.s 			page 2


  32:Drivers/CMSIS/DSP/Source/SupportFunctions/arm_copy_q31.c ****  * @ingroup groupSupport
  33:Drivers/CMSIS/DSP/Source/SupportFunctions/arm_copy_q31.c ****  */
  34:Drivers/CMSIS/DSP/Source/SupportFunctions/arm_copy_q31.c **** 
  35:Drivers/CMSIS/DSP/Source/SupportFunctions/arm_copy_q31.c **** /**
  36:Drivers/CMSIS/DSP/Source/SupportFunctions/arm_copy_q31.c ****  * @addtogroup copy
  37:Drivers/CMSIS/DSP/Source/SupportFunctions/arm_copy_q31.c ****  * @{
  38:Drivers/CMSIS/DSP/Source/SupportFunctions/arm_copy_q31.c ****  */
  39:Drivers/CMSIS/DSP/Source/SupportFunctions/arm_copy_q31.c **** 
  40:Drivers/CMSIS/DSP/Source/SupportFunctions/arm_copy_q31.c **** /**
  41:Drivers/CMSIS/DSP/Source/SupportFunctions/arm_copy_q31.c ****  * @brief Copies the elements of a Q31 vector.
  42:Drivers/CMSIS/DSP/Source/SupportFunctions/arm_copy_q31.c ****  * @param[in]       *pSrc points to input vector
  43:Drivers/CMSIS/DSP/Source/SupportFunctions/arm_copy_q31.c ****  * @param[out]      *pDst points to output vector
  44:Drivers/CMSIS/DSP/Source/SupportFunctions/arm_copy_q31.c ****  * @param[in]       blockSize length of the input vector
  45:Drivers/CMSIS/DSP/Source/SupportFunctions/arm_copy_q31.c ****  * @return none.
  46:Drivers/CMSIS/DSP/Source/SupportFunctions/arm_copy_q31.c ****  *
  47:Drivers/CMSIS/DSP/Source/SupportFunctions/arm_copy_q31.c ****  */
  48:Drivers/CMSIS/DSP/Source/SupportFunctions/arm_copy_q31.c **** 
  49:Drivers/CMSIS/DSP/Source/SupportFunctions/arm_copy_q31.c **** void arm_copy_q31(
  50:Drivers/CMSIS/DSP/Source/SupportFunctions/arm_copy_q31.c ****   q31_t * pSrc,
  51:Drivers/CMSIS/DSP/Source/SupportFunctions/arm_copy_q31.c ****   q31_t * pDst,
  52:Drivers/CMSIS/DSP/Source/SupportFunctions/arm_copy_q31.c ****   uint32_t blockSize)
  53:Drivers/CMSIS/DSP/Source/SupportFunctions/arm_copy_q31.c **** {
  28              		.loc 1 53 1 view -0
  29              		.cfi_startproc
  30              		@ args = 0, pretend = 0, frame = 0
  31              		@ frame_needed = 0, uses_anonymous_args = 0
  32              		@ link register save eliminated.
  54:Drivers/CMSIS/DSP/Source/SupportFunctions/arm_copy_q31.c ****   uint32_t blkCnt;                               /* loop counter */
  33              		.loc 1 54 3 view .LVU1
  55:Drivers/CMSIS/DSP/Source/SupportFunctions/arm_copy_q31.c **** 
  56:Drivers/CMSIS/DSP/Source/SupportFunctions/arm_copy_q31.c **** 
  57:Drivers/CMSIS/DSP/Source/SupportFunctions/arm_copy_q31.c **** #if defined (ARM_MATH_DSP)
  58:Drivers/CMSIS/DSP/Source/SupportFunctions/arm_copy_q31.c **** 
  59:Drivers/CMSIS/DSP/Source/SupportFunctions/arm_copy_q31.c ****   /* Run the below code for Cortex-M4 and Cortex-M3 */
  60:Drivers/CMSIS/DSP/Source/SupportFunctions/arm_copy_q31.c ****   q31_t in1, in2, in3, in4;
  61:Drivers/CMSIS/DSP/Source/SupportFunctions/arm_copy_q31.c **** 
  62:Drivers/CMSIS/DSP/Source/SupportFunctions/arm_copy_q31.c ****   /*loop Unrolling */
  63:Drivers/CMSIS/DSP/Source/SupportFunctions/arm_copy_q31.c ****   blkCnt = blockSize >> 2U;
  64:Drivers/CMSIS/DSP/Source/SupportFunctions/arm_copy_q31.c **** 
  65:Drivers/CMSIS/DSP/Source/SupportFunctions/arm_copy_q31.c ****   /* First part of the processing with loop unrolling.  Compute 4 outputs at a time.
  66:Drivers/CMSIS/DSP/Source/SupportFunctions/arm_copy_q31.c ****    ** a second loop below computes the remaining 1 to 3 samples. */
  67:Drivers/CMSIS/DSP/Source/SupportFunctions/arm_copy_q31.c ****   while (blkCnt > 0U)
  68:Drivers/CMSIS/DSP/Source/SupportFunctions/arm_copy_q31.c ****   {
  69:Drivers/CMSIS/DSP/Source/SupportFunctions/arm_copy_q31.c ****     /* C = A */
  70:Drivers/CMSIS/DSP/Source/SupportFunctions/arm_copy_q31.c ****     /* Copy and then store the values in the destination buffer */
  71:Drivers/CMSIS/DSP/Source/SupportFunctions/arm_copy_q31.c ****     in1 = *pSrc++;
  72:Drivers/CMSIS/DSP/Source/SupportFunctions/arm_copy_q31.c ****     in2 = *pSrc++;
  73:Drivers/CMSIS/DSP/Source/SupportFunctions/arm_copy_q31.c ****     in3 = *pSrc++;
  74:Drivers/CMSIS/DSP/Source/SupportFunctions/arm_copy_q31.c ****     in4 = *pSrc++;
  75:Drivers/CMSIS/DSP/Source/SupportFunctions/arm_copy_q31.c **** 
  76:Drivers/CMSIS/DSP/Source/SupportFunctions/arm_copy_q31.c ****     *pDst++ = in1;
  77:Drivers/CMSIS/DSP/Source/SupportFunctions/arm_copy_q31.c ****     *pDst++ = in2;
  78:Drivers/CMSIS/DSP/Source/SupportFunctions/arm_copy_q31.c ****     *pDst++ = in3;
  79:Drivers/CMSIS/DSP/Source/SupportFunctions/arm_copy_q31.c ****     *pDst++ = in4;
  80:Drivers/CMSIS/DSP/Source/SupportFunctions/arm_copy_q31.c **** 
  81:Drivers/CMSIS/DSP/Source/SupportFunctions/arm_copy_q31.c ****     /* Decrement the loop counter */
  82:Drivers/CMSIS/DSP/Source/SupportFunctions/arm_copy_q31.c ****     blkCnt--;
ARM GAS  C:\Users\Lamp\AppData\Local\Temp\ccvGZQtq.s 			page 3


  83:Drivers/CMSIS/DSP/Source/SupportFunctions/arm_copy_q31.c ****   }
  84:Drivers/CMSIS/DSP/Source/SupportFunctions/arm_copy_q31.c **** 
  85:Drivers/CMSIS/DSP/Source/SupportFunctions/arm_copy_q31.c ****   /* If the blockSize is not a multiple of 4, compute any remaining output samples here.
  86:Drivers/CMSIS/DSP/Source/SupportFunctions/arm_copy_q31.c ****    ** No loop unrolling is used. */
  87:Drivers/CMSIS/DSP/Source/SupportFunctions/arm_copy_q31.c ****   blkCnt = blockSize % 0x4U;
  88:Drivers/CMSIS/DSP/Source/SupportFunctions/arm_copy_q31.c **** 
  89:Drivers/CMSIS/DSP/Source/SupportFunctions/arm_copy_q31.c **** #else
  90:Drivers/CMSIS/DSP/Source/SupportFunctions/arm_copy_q31.c **** 
  91:Drivers/CMSIS/DSP/Source/SupportFunctions/arm_copy_q31.c ****   /* Run the below code for Cortex-M0 */
  92:Drivers/CMSIS/DSP/Source/SupportFunctions/arm_copy_q31.c **** 
  93:Drivers/CMSIS/DSP/Source/SupportFunctions/arm_copy_q31.c ****   /* Loop over blockSize number of values */
  94:Drivers/CMSIS/DSP/Source/SupportFunctions/arm_copy_q31.c ****   blkCnt = blockSize;
  34              		.loc 1 94 3 view .LVU2
  95:Drivers/CMSIS/DSP/Source/SupportFunctions/arm_copy_q31.c **** 
  96:Drivers/CMSIS/DSP/Source/SupportFunctions/arm_copy_q31.c **** #endif /* #if defined (ARM_MATH_DSP) */
  97:Drivers/CMSIS/DSP/Source/SupportFunctions/arm_copy_q31.c **** 
  98:Drivers/CMSIS/DSP/Source/SupportFunctions/arm_copy_q31.c ****   while (blkCnt > 0U)
  35              		.loc 1 98 3 view .LVU3
  36              		.loc 1 98 9 is_stmt 0 view .LVU4
  37 0000 04E0     		b	.L2
  38              	.LVL1:
  39              	.L3:
  99:Drivers/CMSIS/DSP/Source/SupportFunctions/arm_copy_q31.c ****   {
 100:Drivers/CMSIS/DSP/Source/SupportFunctions/arm_copy_q31.c ****     /* C = A */
 101:Drivers/CMSIS/DSP/Source/SupportFunctions/arm_copy_q31.c ****     /* Copy and then store the value in the destination buffer */
 102:Drivers/CMSIS/DSP/Source/SupportFunctions/arm_copy_q31.c ****     *pDst++ = *pSrc++;
  40              		.loc 1 102 5 is_stmt 1 view .LVU5
  41              		.loc 1 102 15 is_stmt 0 view .LVU6
  42 0002 50F8043B 		ldr	r3, [r0], #4
  43              	.LVL2:
  44              		.loc 1 102 13 view .LVU7
  45 0006 41F8043B 		str	r3, [r1], #4
  46              	.LVL3:
 103:Drivers/CMSIS/DSP/Source/SupportFunctions/arm_copy_q31.c **** 
 104:Drivers/CMSIS/DSP/Source/SupportFunctions/arm_copy_q31.c ****     /* Decrement the loop counter */
 105:Drivers/CMSIS/DSP/Source/SupportFunctions/arm_copy_q31.c ****     blkCnt--;
  47              		.loc 1 105 5 is_stmt 1 view .LVU8
  48              		.loc 1 105 11 is_stmt 0 view .LVU9
  49 000a 013A     		subs	r2, r2, #1
  50              	.LVL4:
  51              	.L2:
  98:Drivers/CMSIS/DSP/Source/SupportFunctions/arm_copy_q31.c ****   {
  52              		.loc 1 98 17 is_stmt 1 view .LVU10
  53 000c 002A     		cmp	r2, #0
  54 000e F8D1     		bne	.L3
 106:Drivers/CMSIS/DSP/Source/SupportFunctions/arm_copy_q31.c ****   }
 107:Drivers/CMSIS/DSP/Source/SupportFunctions/arm_copy_q31.c **** }
  55              		.loc 1 107 1 is_stmt 0 view .LVU11
  56 0010 7047     		bx	lr
  57              		.cfi_endproc
  58              	.LFE100:
  60              		.text
  61              	.Letext0:
  62              		.file 2 "C:/ARM GNU Toolchain/arm-none-eabi/include/machine/_default_types.h"
  63              		.file 3 "C:/ARM GNU Toolchain/arm-none-eabi/include/sys/_stdint.h"
  64              		.file 4 "Drivers/CMSIS/DSP/Include/arm_math.h"
ARM GAS  C:\Users\Lamp\AppData\Local\Temp\ccvGZQtq.s 			page 4


DEFINED SYMBOLS
                            *ABS*:00000000 arm_copy_q31.c
C:\Users\Lamp\AppData\Local\Temp\ccvGZQtq.s:19     .text.arm_copy_q31:00000000 $t
C:\Users\Lamp\AppData\Local\Temp\ccvGZQtq.s:25     .text.arm_copy_q31:00000000 arm_copy_q31

NO UNDEFINED SYMBOLS
