ARM GAS  C:\Users\Lamp\AppData\Local\Temp\ccBQFIYw.s 			page 1


   1              		.cpu cortex-m3
   2              		.arch armv7-m
   3              		.fpu softvfp
   4              		.eabi_attribute 20, 1
   5              		.eabi_attribute 21, 1
   6              		.eabi_attribute 23, 3
   7              		.eabi_attribute 24, 1
   8              		.eabi_attribute 25, 1
   9              		.eabi_attribute 26, 1
  10              		.eabi_attribute 30, 1
  11              		.eabi_attribute 34, 1
  12              		.eabi_attribute 18, 4
  13              		.file	"arm_sin_q31.c"
  14              		.text
  15              	.Ltext0:
  16              		.cfi_sections	.debug_frame
  17              		.file 1 "Drivers/CMSIS/DSP/Source/FastMathFunctions/arm_sin_q31.c"
  18              		.section	.text.arm_sin_q31,"ax",%progbits
  19              		.align	1
  20              		.global	arm_sin_q31
  21              		.syntax unified
  22              		.thumb
  23              		.thumb_func
  25              	arm_sin_q31:
  26              	.LVL0:
  27              	.LFB100:
   1:Drivers/CMSIS/DSP/Source/FastMathFunctions/arm_sin_q31.c **** /* ----------------------------------------------------------------------
   2:Drivers/CMSIS/DSP/Source/FastMathFunctions/arm_sin_q31.c ****  * Project:      CMSIS DSP Library
   3:Drivers/CMSIS/DSP/Source/FastMathFunctions/arm_sin_q31.c ****  * Title:        arm_sin_q31.c
   4:Drivers/CMSIS/DSP/Source/FastMathFunctions/arm_sin_q31.c ****  * Description:  Fast sine calculation for Q31 values
   5:Drivers/CMSIS/DSP/Source/FastMathFunctions/arm_sin_q31.c ****  *
   6:Drivers/CMSIS/DSP/Source/FastMathFunctions/arm_sin_q31.c ****  * $Date:        27. January 2017
   7:Drivers/CMSIS/DSP/Source/FastMathFunctions/arm_sin_q31.c ****  * $Revision:    V.1.5.1
   8:Drivers/CMSIS/DSP/Source/FastMathFunctions/arm_sin_q31.c ****  *
   9:Drivers/CMSIS/DSP/Source/FastMathFunctions/arm_sin_q31.c ****  * Target Processor: Cortex-M cores
  10:Drivers/CMSIS/DSP/Source/FastMathFunctions/arm_sin_q31.c ****  * -------------------------------------------------------------------- */
  11:Drivers/CMSIS/DSP/Source/FastMathFunctions/arm_sin_q31.c **** /*
  12:Drivers/CMSIS/DSP/Source/FastMathFunctions/arm_sin_q31.c ****  * Copyright (C) 2010-2017 ARM Limited or its affiliates. All rights reserved.
  13:Drivers/CMSIS/DSP/Source/FastMathFunctions/arm_sin_q31.c ****  *
  14:Drivers/CMSIS/DSP/Source/FastMathFunctions/arm_sin_q31.c ****  * SPDX-License-Identifier: Apache-2.0
  15:Drivers/CMSIS/DSP/Source/FastMathFunctions/arm_sin_q31.c ****  *
  16:Drivers/CMSIS/DSP/Source/FastMathFunctions/arm_sin_q31.c ****  * Licensed under the Apache License, Version 2.0 (the License); you may
  17:Drivers/CMSIS/DSP/Source/FastMathFunctions/arm_sin_q31.c ****  * not use this file except in compliance with the License.
  18:Drivers/CMSIS/DSP/Source/FastMathFunctions/arm_sin_q31.c ****  * You may obtain a copy of the License at
  19:Drivers/CMSIS/DSP/Source/FastMathFunctions/arm_sin_q31.c ****  *
  20:Drivers/CMSIS/DSP/Source/FastMathFunctions/arm_sin_q31.c ****  * www.apache.org/licenses/LICENSE-2.0
  21:Drivers/CMSIS/DSP/Source/FastMathFunctions/arm_sin_q31.c ****  *
  22:Drivers/CMSIS/DSP/Source/FastMathFunctions/arm_sin_q31.c ****  * Unless required by applicable law or agreed to in writing, software
  23:Drivers/CMSIS/DSP/Source/FastMathFunctions/arm_sin_q31.c ****  * distributed under the License is distributed on an AS IS BASIS, WITHOUT
  24:Drivers/CMSIS/DSP/Source/FastMathFunctions/arm_sin_q31.c ****  * WARRANTIES OR CONDITIONS OF ANY KIND, either express or implied.
  25:Drivers/CMSIS/DSP/Source/FastMathFunctions/arm_sin_q31.c ****  * See the License for the specific language governing permissions and
  26:Drivers/CMSIS/DSP/Source/FastMathFunctions/arm_sin_q31.c ****  * limitations under the License.
  27:Drivers/CMSIS/DSP/Source/FastMathFunctions/arm_sin_q31.c ****  */
  28:Drivers/CMSIS/DSP/Source/FastMathFunctions/arm_sin_q31.c **** 
  29:Drivers/CMSIS/DSP/Source/FastMathFunctions/arm_sin_q31.c **** #include "arm_math.h"
  30:Drivers/CMSIS/DSP/Source/FastMathFunctions/arm_sin_q31.c **** #include "arm_common_tables.h"
  31:Drivers/CMSIS/DSP/Source/FastMathFunctions/arm_sin_q31.c **** 
ARM GAS  C:\Users\Lamp\AppData\Local\Temp\ccBQFIYw.s 			page 2


  32:Drivers/CMSIS/DSP/Source/FastMathFunctions/arm_sin_q31.c **** /**
  33:Drivers/CMSIS/DSP/Source/FastMathFunctions/arm_sin_q31.c ****  * @ingroup groupFastMath
  34:Drivers/CMSIS/DSP/Source/FastMathFunctions/arm_sin_q31.c ****  */
  35:Drivers/CMSIS/DSP/Source/FastMathFunctions/arm_sin_q31.c **** 
  36:Drivers/CMSIS/DSP/Source/FastMathFunctions/arm_sin_q31.c ****  /**
  37:Drivers/CMSIS/DSP/Source/FastMathFunctions/arm_sin_q31.c ****  * @addtogroup sin
  38:Drivers/CMSIS/DSP/Source/FastMathFunctions/arm_sin_q31.c ****  * @{
  39:Drivers/CMSIS/DSP/Source/FastMathFunctions/arm_sin_q31.c ****  */
  40:Drivers/CMSIS/DSP/Source/FastMathFunctions/arm_sin_q31.c **** 
  41:Drivers/CMSIS/DSP/Source/FastMathFunctions/arm_sin_q31.c **** /**
  42:Drivers/CMSIS/DSP/Source/FastMathFunctions/arm_sin_q31.c ****  * @brief Fast approximation to the trigonometric sine function for Q31 data.
  43:Drivers/CMSIS/DSP/Source/FastMathFunctions/arm_sin_q31.c ****  * @param[in] x Scaled input value in radians.
  44:Drivers/CMSIS/DSP/Source/FastMathFunctions/arm_sin_q31.c ****  * @return  sin(x).
  45:Drivers/CMSIS/DSP/Source/FastMathFunctions/arm_sin_q31.c ****  *
  46:Drivers/CMSIS/DSP/Source/FastMathFunctions/arm_sin_q31.c ****  * The Q31 input value is in the range [0 +0.9999] and is mapped to a radian value in the range [0 
  47:Drivers/CMSIS/DSP/Source/FastMathFunctions/arm_sin_q31.c **** 
  48:Drivers/CMSIS/DSP/Source/FastMathFunctions/arm_sin_q31.c **** q31_t arm_sin_q31(
  49:Drivers/CMSIS/DSP/Source/FastMathFunctions/arm_sin_q31.c ****   q31_t x)
  50:Drivers/CMSIS/DSP/Source/FastMathFunctions/arm_sin_q31.c **** {
  28              		.loc 1 50 1 view -0
  29              		.cfi_startproc
  30              		@ args = 0, pretend = 0, frame = 0
  31              		@ frame_needed = 0, uses_anonymous_args = 0
  32              		.loc 1 50 1 is_stmt 0 view .LVU1
  33 0000 00B5     		push	{lr}
  34              	.LCFI0:
  35              		.cfi_def_cfa_offset 4
  36              		.cfi_offset 14, -4
  51:Drivers/CMSIS/DSP/Source/FastMathFunctions/arm_sin_q31.c ****   q31_t sinVal;                                  /* Temporary variables for input, output */
  37              		.loc 1 51 3 is_stmt 1 view .LVU2
  52:Drivers/CMSIS/DSP/Source/FastMathFunctions/arm_sin_q31.c ****   int32_t index;                                 /* Index variables */
  38              		.loc 1 52 3 view .LVU3
  53:Drivers/CMSIS/DSP/Source/FastMathFunctions/arm_sin_q31.c ****   q31_t a, b;                                    /* Four nearest output values */
  39              		.loc 1 53 3 view .LVU4
  54:Drivers/CMSIS/DSP/Source/FastMathFunctions/arm_sin_q31.c ****   q31_t fract;                                   /* Temporary values for fractional values */
  40              		.loc 1 54 3 view .LVU5
  55:Drivers/CMSIS/DSP/Source/FastMathFunctions/arm_sin_q31.c **** 
  56:Drivers/CMSIS/DSP/Source/FastMathFunctions/arm_sin_q31.c ****   /* Calculate the nearest index */
  57:Drivers/CMSIS/DSP/Source/FastMathFunctions/arm_sin_q31.c ****   index = (uint32_t)x >> FAST_MATH_Q31_SHIFT;
  41              		.loc 1 57 3 view .LVU6
  42              		.loc 1 57 23 is_stmt 0 view .LVU7
  43 0002 820D     		lsrs	r2, r0, #22
  44              	.LVL1:
  58:Drivers/CMSIS/DSP/Source/FastMathFunctions/arm_sin_q31.c **** 
  59:Drivers/CMSIS/DSP/Source/FastMathFunctions/arm_sin_q31.c ****   /* Calculation of fractional value */
  60:Drivers/CMSIS/DSP/Source/FastMathFunctions/arm_sin_q31.c ****   fract = (x - (index << FAST_MATH_Q31_SHIFT)) << 9;
  45              		.loc 1 60 3 is_stmt 1 view .LVU8
  46              		.loc 1 60 9 is_stmt 0 view .LVU9
  47 0004 C0F31500 		ubfx	r0, r0, #0, #22
  48              	.LVL2:
  49              		.loc 1 60 9 view .LVU10
  50 0008 4302     		lsls	r3, r0, #9
  51              	.LVL3:
  61:Drivers/CMSIS/DSP/Source/FastMathFunctions/arm_sin_q31.c **** 
  62:Drivers/CMSIS/DSP/Source/FastMathFunctions/arm_sin_q31.c ****   /* Read two nearest values of input value from the sin table */
  63:Drivers/CMSIS/DSP/Source/FastMathFunctions/arm_sin_q31.c ****   a = sinTable_q31[index];
  52              		.loc 1 63 3 is_stmt 1 view .LVU11
ARM GAS  C:\Users\Lamp\AppData\Local\Temp\ccBQFIYw.s 			page 3


  53              		.loc 1 63 5 is_stmt 0 view .LVU12
  54 000a 0C48     		ldr	r0, .L3
  55 000c 50F82210 		ldr	r1, [r0, r2, lsl #2]
  56              	.LVL4:
  64:Drivers/CMSIS/DSP/Source/FastMathFunctions/arm_sin_q31.c ****   b = sinTable_q31[index+1];
  57              		.loc 1 64 3 is_stmt 1 view .LVU13
  58              		.loc 1 64 25 is_stmt 0 view .LVU14
  59 0010 0132     		adds	r2, r2, #1
  60              	.LVL5:
  61              		.loc 1 64 5 view .LVU15
  62 0012 50F82220 		ldr	r2, [r0, r2, lsl #2]
  63              	.LVL6:
  65:Drivers/CMSIS/DSP/Source/FastMathFunctions/arm_sin_q31.c **** 
  66:Drivers/CMSIS/DSP/Source/FastMathFunctions/arm_sin_q31.c ****   /* Linear interpolation process */
  67:Drivers/CMSIS/DSP/Source/FastMathFunctions/arm_sin_q31.c ****   sinVal = (q63_t)(0x80000000-fract)*a >> 32;
  64              		.loc 1 67 3 is_stmt 1 view .LVU16
  65              		.loc 1 67 30 is_stmt 0 view .LVU17
  66 0016 C3F1004C 		rsb	ip, r3, #-2147483648
  67              		.loc 1 67 37 view .LVU18
  68 001a 4FEAE17E 		asr	lr, r1, #31
  69 001e A1FB0C10 		umull	r1, r0, r1, ip
  70              	.LVL7:
  71              		.loc 1 67 37 view .LVU19
  72 0022 0CFB0E00 		mla	r0, ip, lr, r0
  73              	.LVL8:
  68:Drivers/CMSIS/DSP/Source/FastMathFunctions/arm_sin_q31.c ****   sinVal = (q31_t)((((q63_t)sinVal << 32) + ((q63_t)fract*b)) >> 32);
  74              		.loc 1 68 3 is_stmt 1 view .LVU20
  75              		.loc 1 68 58 is_stmt 0 view .LVU21
  76 0026 4FEAE27C 		asr	ip, r2, #31
  77 002a A2FB0321 		umull	r2, r1, r2, r3
  78              	.LVL9:
  79              		.loc 1 68 58 view .LVU22
  80 002e 03FB0C13 		mla	r3, r3, ip, r1
  81              	.LVL10:
  82              		.loc 1 68 43 view .LVU23
  83 0032 1844     		add	r0, r0, r3
  84              	.LVL11:
  69:Drivers/CMSIS/DSP/Source/FastMathFunctions/arm_sin_q31.c **** 
  70:Drivers/CMSIS/DSP/Source/FastMathFunctions/arm_sin_q31.c ****   return sinVal << 1;
  85              		.loc 1 70 3 is_stmt 1 view .LVU24
  71:Drivers/CMSIS/DSP/Source/FastMathFunctions/arm_sin_q31.c **** }
  86              		.loc 1 71 1 is_stmt 0 view .LVU25
  87 0034 4000     		lsls	r0, r0, #1
  88              	.LVL12:
  89              		.loc 1 71 1 view .LVU26
  90 0036 5DF804FB 		ldr	pc, [sp], #4
  91              	.L4:
  92 003a 00BF     		.align	2
  93              	.L3:
  94 003c 00000000 		.word	sinTable_q31
  95              		.cfi_endproc
  96              	.LFE100:
  98              		.text
  99              	.Letext0:
 100              		.file 2 "C:/ARM GNU Toolchain/arm-none-eabi/include/machine/_default_types.h"
 101              		.file 3 "C:/ARM GNU Toolchain/arm-none-eabi/include/sys/_stdint.h"
 102              		.file 4 "Drivers/CMSIS/DSP/Include/arm_math.h"
ARM GAS  C:\Users\Lamp\AppData\Local\Temp\ccBQFIYw.s 			page 4


 103              		.file 5 "Drivers/CMSIS/DSP/Include/arm_common_tables.h"
ARM GAS  C:\Users\Lamp\AppData\Local\Temp\ccBQFIYw.s 			page 5


DEFINED SYMBOLS
                            *ABS*:00000000 arm_sin_q31.c
C:\Users\Lamp\AppData\Local\Temp\ccBQFIYw.s:19     .text.arm_sin_q31:00000000 $t
C:\Users\Lamp\AppData\Local\Temp\ccBQFIYw.s:25     .text.arm_sin_q31:00000000 arm_sin_q31
C:\Users\Lamp\AppData\Local\Temp\ccBQFIYw.s:94     .text.arm_sin_q31:0000003c $d

UNDEFINED SYMBOLS
sinTable_q31
