ARM GAS  C:\Users\Lamp\AppData\Local\Temp\cclUKlY4.s 			page 1


   1              		.cpu cortex-m3
   2              		.arch armv7-m
   3              		.fpu softvfp
   4              		.eabi_attribute 20, 1
   5              		.eabi_attribute 21, 1
   6              		.eabi_attribute 23, 3
   7              		.eabi_attribute 24, 1
   8              		.eabi_attribute 25, 1
   9              		.eabi_attribute 26, 1
  10              		.eabi_attribute 30, 1
  11              		.eabi_attribute 34, 1
  12              		.eabi_attribute 18, 4
  13              		.file	"arm_min_q31.c"
  14              		.text
  15              	.Ltext0:
  16              		.cfi_sections	.debug_frame
  17              		.file 1 "Drivers/CMSIS/DSP/Source/StatisticsFunctions/arm_min_q31.c"
  18              		.section	.text.arm_min_q31,"ax",%progbits
  19              		.align	1
  20              		.global	arm_min_q31
  21              		.syntax unified
  22              		.thumb
  23              		.thumb_func
  25              	arm_min_q31:
  26              	.LVL0:
  27              	.LFB100:
   1:Drivers/CMSIS/DSP/Source/StatisticsFunctions/arm_min_q31.c **** /* ----------------------------------------------------------------------
   2:Drivers/CMSIS/DSP/Source/StatisticsFunctions/arm_min_q31.c ****  * Project:      CMSIS DSP Library
   3:Drivers/CMSIS/DSP/Source/StatisticsFunctions/arm_min_q31.c ****  * Title:        arm_min_q31.c
   4:Drivers/CMSIS/DSP/Source/StatisticsFunctions/arm_min_q31.c ****  * Description:  Minimum value of a Q31 vector
   5:Drivers/CMSIS/DSP/Source/StatisticsFunctions/arm_min_q31.c ****  *
   6:Drivers/CMSIS/DSP/Source/StatisticsFunctions/arm_min_q31.c ****  * $Date:        27. January 2017
   7:Drivers/CMSIS/DSP/Source/StatisticsFunctions/arm_min_q31.c ****  * $Revision:    V.1.5.1
   8:Drivers/CMSIS/DSP/Source/StatisticsFunctions/arm_min_q31.c ****  *
   9:Drivers/CMSIS/DSP/Source/StatisticsFunctions/arm_min_q31.c ****  * Target Processor: Cortex-M cores
  10:Drivers/CMSIS/DSP/Source/StatisticsFunctions/arm_min_q31.c ****  * -------------------------------------------------------------------- */
  11:Drivers/CMSIS/DSP/Source/StatisticsFunctions/arm_min_q31.c **** /*
  12:Drivers/CMSIS/DSP/Source/StatisticsFunctions/arm_min_q31.c ****  * Copyright (C) 2010-2017 ARM Limited or its affiliates. All rights reserved.
  13:Drivers/CMSIS/DSP/Source/StatisticsFunctions/arm_min_q31.c ****  *
  14:Drivers/CMSIS/DSP/Source/StatisticsFunctions/arm_min_q31.c ****  * SPDX-License-Identifier: Apache-2.0
  15:Drivers/CMSIS/DSP/Source/StatisticsFunctions/arm_min_q31.c ****  *
  16:Drivers/CMSIS/DSP/Source/StatisticsFunctions/arm_min_q31.c ****  * Licensed under the Apache License, Version 2.0 (the License); you may
  17:Drivers/CMSIS/DSP/Source/StatisticsFunctions/arm_min_q31.c ****  * not use this file except in compliance with the License.
  18:Drivers/CMSIS/DSP/Source/StatisticsFunctions/arm_min_q31.c ****  * You may obtain a copy of the License at
  19:Drivers/CMSIS/DSP/Source/StatisticsFunctions/arm_min_q31.c ****  *
  20:Drivers/CMSIS/DSP/Source/StatisticsFunctions/arm_min_q31.c ****  * www.apache.org/licenses/LICENSE-2.0
  21:Drivers/CMSIS/DSP/Source/StatisticsFunctions/arm_min_q31.c ****  *
  22:Drivers/CMSIS/DSP/Source/StatisticsFunctions/arm_min_q31.c ****  * Unless required by applicable law or agreed to in writing, software
  23:Drivers/CMSIS/DSP/Source/StatisticsFunctions/arm_min_q31.c ****  * distributed under the License is distributed on an AS IS BASIS, WITHOUT
  24:Drivers/CMSIS/DSP/Source/StatisticsFunctions/arm_min_q31.c ****  * WARRANTIES OR CONDITIONS OF ANY KIND, either express or implied.
  25:Drivers/CMSIS/DSP/Source/StatisticsFunctions/arm_min_q31.c ****  * See the License for the specific language governing permissions and
  26:Drivers/CMSIS/DSP/Source/StatisticsFunctions/arm_min_q31.c ****  * limitations under the License.
  27:Drivers/CMSIS/DSP/Source/StatisticsFunctions/arm_min_q31.c ****  */
  28:Drivers/CMSIS/DSP/Source/StatisticsFunctions/arm_min_q31.c **** 
  29:Drivers/CMSIS/DSP/Source/StatisticsFunctions/arm_min_q31.c **** #include "arm_math.h"
  30:Drivers/CMSIS/DSP/Source/StatisticsFunctions/arm_min_q31.c **** 
  31:Drivers/CMSIS/DSP/Source/StatisticsFunctions/arm_min_q31.c **** /**
ARM GAS  C:\Users\Lamp\AppData\Local\Temp\cclUKlY4.s 			page 2


  32:Drivers/CMSIS/DSP/Source/StatisticsFunctions/arm_min_q31.c ****  * @ingroup groupStats
  33:Drivers/CMSIS/DSP/Source/StatisticsFunctions/arm_min_q31.c ****  */
  34:Drivers/CMSIS/DSP/Source/StatisticsFunctions/arm_min_q31.c **** 
  35:Drivers/CMSIS/DSP/Source/StatisticsFunctions/arm_min_q31.c **** 
  36:Drivers/CMSIS/DSP/Source/StatisticsFunctions/arm_min_q31.c **** /**
  37:Drivers/CMSIS/DSP/Source/StatisticsFunctions/arm_min_q31.c ****  * @addtogroup Min
  38:Drivers/CMSIS/DSP/Source/StatisticsFunctions/arm_min_q31.c ****  * @{
  39:Drivers/CMSIS/DSP/Source/StatisticsFunctions/arm_min_q31.c ****  */
  40:Drivers/CMSIS/DSP/Source/StatisticsFunctions/arm_min_q31.c **** 
  41:Drivers/CMSIS/DSP/Source/StatisticsFunctions/arm_min_q31.c **** 
  42:Drivers/CMSIS/DSP/Source/StatisticsFunctions/arm_min_q31.c **** /**
  43:Drivers/CMSIS/DSP/Source/StatisticsFunctions/arm_min_q31.c ****  * @brief Minimum value of a Q31 vector.
  44:Drivers/CMSIS/DSP/Source/StatisticsFunctions/arm_min_q31.c ****  * @param[in]       *pSrc points to the input vector
  45:Drivers/CMSIS/DSP/Source/StatisticsFunctions/arm_min_q31.c ****  * @param[in]       blockSize length of the input vector
  46:Drivers/CMSIS/DSP/Source/StatisticsFunctions/arm_min_q31.c ****  * @param[out]      *pResult minimum value returned here
  47:Drivers/CMSIS/DSP/Source/StatisticsFunctions/arm_min_q31.c ****  * @param[out]      *pIndex index of minimum value returned here
  48:Drivers/CMSIS/DSP/Source/StatisticsFunctions/arm_min_q31.c ****  * @return none.
  49:Drivers/CMSIS/DSP/Source/StatisticsFunctions/arm_min_q31.c ****  */
  50:Drivers/CMSIS/DSP/Source/StatisticsFunctions/arm_min_q31.c **** 
  51:Drivers/CMSIS/DSP/Source/StatisticsFunctions/arm_min_q31.c **** void arm_min_q31(
  52:Drivers/CMSIS/DSP/Source/StatisticsFunctions/arm_min_q31.c ****   q31_t * pSrc,
  53:Drivers/CMSIS/DSP/Source/StatisticsFunctions/arm_min_q31.c ****   uint32_t blockSize,
  54:Drivers/CMSIS/DSP/Source/StatisticsFunctions/arm_min_q31.c ****   q31_t * pResult,
  55:Drivers/CMSIS/DSP/Source/StatisticsFunctions/arm_min_q31.c ****   uint32_t * pIndex)
  56:Drivers/CMSIS/DSP/Source/StatisticsFunctions/arm_min_q31.c **** {
  28              		.loc 1 56 1 view -0
  29              		.cfi_startproc
  30              		@ args = 0, pretend = 0, frame = 0
  31              		@ frame_needed = 0, uses_anonymous_args = 0
  32              		@ link register save eliminated.
  33              		.loc 1 56 1 is_stmt 0 view .LVU1
  34 0000 F0B4     		push	{r4, r5, r6, r7}
  35              	.LCFI0:
  36              		.cfi_def_cfa_offset 16
  37              		.cfi_offset 4, -16
  38              		.cfi_offset 5, -12
  39              		.cfi_offset 6, -8
  40              		.cfi_offset 7, -4
  57:Drivers/CMSIS/DSP/Source/StatisticsFunctions/arm_min_q31.c **** #if defined (ARM_MATH_DSP)
  58:Drivers/CMSIS/DSP/Source/StatisticsFunctions/arm_min_q31.c ****   /* Run the below code for Cortex-M4 and Cortex-M3 */
  59:Drivers/CMSIS/DSP/Source/StatisticsFunctions/arm_min_q31.c **** 
  60:Drivers/CMSIS/DSP/Source/StatisticsFunctions/arm_min_q31.c ****   q31_t minVal1, minVal2, out;                   /* Temporary variables to store the output value. 
  61:Drivers/CMSIS/DSP/Source/StatisticsFunctions/arm_min_q31.c ****   uint32_t blkCnt, outIndex, count;              /* loop counter */
  62:Drivers/CMSIS/DSP/Source/StatisticsFunctions/arm_min_q31.c **** 
  63:Drivers/CMSIS/DSP/Source/StatisticsFunctions/arm_min_q31.c ****   /* Initialise the count value. */
  64:Drivers/CMSIS/DSP/Source/StatisticsFunctions/arm_min_q31.c ****   count = 0U;
  65:Drivers/CMSIS/DSP/Source/StatisticsFunctions/arm_min_q31.c ****   /* Initialise the index value to zero. */
  66:Drivers/CMSIS/DSP/Source/StatisticsFunctions/arm_min_q31.c ****   outIndex = 0U;
  67:Drivers/CMSIS/DSP/Source/StatisticsFunctions/arm_min_q31.c ****   /* Load first input value that act as reference value for comparision */
  68:Drivers/CMSIS/DSP/Source/StatisticsFunctions/arm_min_q31.c ****   out = *pSrc++;
  69:Drivers/CMSIS/DSP/Source/StatisticsFunctions/arm_min_q31.c **** 
  70:Drivers/CMSIS/DSP/Source/StatisticsFunctions/arm_min_q31.c ****   /* Loop unrolling */
  71:Drivers/CMSIS/DSP/Source/StatisticsFunctions/arm_min_q31.c ****   blkCnt = (blockSize - 1U) >> 2U;
  72:Drivers/CMSIS/DSP/Source/StatisticsFunctions/arm_min_q31.c **** 
  73:Drivers/CMSIS/DSP/Source/StatisticsFunctions/arm_min_q31.c ****   while (blkCnt > 0U)
  74:Drivers/CMSIS/DSP/Source/StatisticsFunctions/arm_min_q31.c ****   {
  75:Drivers/CMSIS/DSP/Source/StatisticsFunctions/arm_min_q31.c ****     /* Initialize minVal to the next consecutive values one by one */
ARM GAS  C:\Users\Lamp\AppData\Local\Temp\cclUKlY4.s 			page 3


  76:Drivers/CMSIS/DSP/Source/StatisticsFunctions/arm_min_q31.c ****     minVal1 = *pSrc++;
  77:Drivers/CMSIS/DSP/Source/StatisticsFunctions/arm_min_q31.c ****     minVal2 = *pSrc++;
  78:Drivers/CMSIS/DSP/Source/StatisticsFunctions/arm_min_q31.c **** 
  79:Drivers/CMSIS/DSP/Source/StatisticsFunctions/arm_min_q31.c ****     /* compare for the minimum value */
  80:Drivers/CMSIS/DSP/Source/StatisticsFunctions/arm_min_q31.c ****     if (out > minVal1)
  81:Drivers/CMSIS/DSP/Source/StatisticsFunctions/arm_min_q31.c ****     {
  82:Drivers/CMSIS/DSP/Source/StatisticsFunctions/arm_min_q31.c ****       /* Update the minimum value and its index */
  83:Drivers/CMSIS/DSP/Source/StatisticsFunctions/arm_min_q31.c ****       out = minVal1;
  84:Drivers/CMSIS/DSP/Source/StatisticsFunctions/arm_min_q31.c ****       outIndex = count + 1U;
  85:Drivers/CMSIS/DSP/Source/StatisticsFunctions/arm_min_q31.c ****     }
  86:Drivers/CMSIS/DSP/Source/StatisticsFunctions/arm_min_q31.c **** 
  87:Drivers/CMSIS/DSP/Source/StatisticsFunctions/arm_min_q31.c ****     /* compare for the minimum value */
  88:Drivers/CMSIS/DSP/Source/StatisticsFunctions/arm_min_q31.c ****     if (out > minVal2)
  89:Drivers/CMSIS/DSP/Source/StatisticsFunctions/arm_min_q31.c ****     {
  90:Drivers/CMSIS/DSP/Source/StatisticsFunctions/arm_min_q31.c ****       /* Update the minimum value and its index */
  91:Drivers/CMSIS/DSP/Source/StatisticsFunctions/arm_min_q31.c ****       out = minVal2;
  92:Drivers/CMSIS/DSP/Source/StatisticsFunctions/arm_min_q31.c ****       outIndex = count + 2U;
  93:Drivers/CMSIS/DSP/Source/StatisticsFunctions/arm_min_q31.c ****     }
  94:Drivers/CMSIS/DSP/Source/StatisticsFunctions/arm_min_q31.c **** 
  95:Drivers/CMSIS/DSP/Source/StatisticsFunctions/arm_min_q31.c ****     /* Initialize minVal to the next consecutive values one by one */
  96:Drivers/CMSIS/DSP/Source/StatisticsFunctions/arm_min_q31.c ****     minVal1 = *pSrc++;
  97:Drivers/CMSIS/DSP/Source/StatisticsFunctions/arm_min_q31.c ****     minVal2 = *pSrc++;
  98:Drivers/CMSIS/DSP/Source/StatisticsFunctions/arm_min_q31.c **** 
  99:Drivers/CMSIS/DSP/Source/StatisticsFunctions/arm_min_q31.c ****     /* compare for the minimum value */
 100:Drivers/CMSIS/DSP/Source/StatisticsFunctions/arm_min_q31.c ****     if (out > minVal1)
 101:Drivers/CMSIS/DSP/Source/StatisticsFunctions/arm_min_q31.c ****     {
 102:Drivers/CMSIS/DSP/Source/StatisticsFunctions/arm_min_q31.c ****       /* Update the minimum value and its index */
 103:Drivers/CMSIS/DSP/Source/StatisticsFunctions/arm_min_q31.c ****       out = minVal1;
 104:Drivers/CMSIS/DSP/Source/StatisticsFunctions/arm_min_q31.c ****       outIndex = count + 3U;
 105:Drivers/CMSIS/DSP/Source/StatisticsFunctions/arm_min_q31.c ****     }
 106:Drivers/CMSIS/DSP/Source/StatisticsFunctions/arm_min_q31.c **** 
 107:Drivers/CMSIS/DSP/Source/StatisticsFunctions/arm_min_q31.c ****     /* compare for the minimum value */
 108:Drivers/CMSIS/DSP/Source/StatisticsFunctions/arm_min_q31.c ****     if (out > minVal2)
 109:Drivers/CMSIS/DSP/Source/StatisticsFunctions/arm_min_q31.c ****     {
 110:Drivers/CMSIS/DSP/Source/StatisticsFunctions/arm_min_q31.c ****       /* Update the minimum value and its index */
 111:Drivers/CMSIS/DSP/Source/StatisticsFunctions/arm_min_q31.c ****       out = minVal2;
 112:Drivers/CMSIS/DSP/Source/StatisticsFunctions/arm_min_q31.c ****       outIndex = count + 4U;
 113:Drivers/CMSIS/DSP/Source/StatisticsFunctions/arm_min_q31.c ****     }
 114:Drivers/CMSIS/DSP/Source/StatisticsFunctions/arm_min_q31.c **** 
 115:Drivers/CMSIS/DSP/Source/StatisticsFunctions/arm_min_q31.c ****     count += 4U;
 116:Drivers/CMSIS/DSP/Source/StatisticsFunctions/arm_min_q31.c **** 
 117:Drivers/CMSIS/DSP/Source/StatisticsFunctions/arm_min_q31.c ****     /* Decrement the loop counter */
 118:Drivers/CMSIS/DSP/Source/StatisticsFunctions/arm_min_q31.c ****     blkCnt--;
 119:Drivers/CMSIS/DSP/Source/StatisticsFunctions/arm_min_q31.c ****   }
 120:Drivers/CMSIS/DSP/Source/StatisticsFunctions/arm_min_q31.c **** 
 121:Drivers/CMSIS/DSP/Source/StatisticsFunctions/arm_min_q31.c ****   /* if (blockSize - 1U) is not multiple of 4 */
 122:Drivers/CMSIS/DSP/Source/StatisticsFunctions/arm_min_q31.c ****   blkCnt = (blockSize - 1U) % 4U;
 123:Drivers/CMSIS/DSP/Source/StatisticsFunctions/arm_min_q31.c **** 
 124:Drivers/CMSIS/DSP/Source/StatisticsFunctions/arm_min_q31.c **** #else
 125:Drivers/CMSIS/DSP/Source/StatisticsFunctions/arm_min_q31.c ****   /* Run the below code for Cortex-M0 */
 126:Drivers/CMSIS/DSP/Source/StatisticsFunctions/arm_min_q31.c **** 
 127:Drivers/CMSIS/DSP/Source/StatisticsFunctions/arm_min_q31.c ****   q31_t minVal1, out;                            /* Temporary variables to store the output value. 
  41              		.loc 1 127 3 is_stmt 1 view .LVU2
 128:Drivers/CMSIS/DSP/Source/StatisticsFunctions/arm_min_q31.c ****   uint32_t blkCnt, outIndex;                     /* loop counter */
  42              		.loc 1 128 3 view .LVU3
 129:Drivers/CMSIS/DSP/Source/StatisticsFunctions/arm_min_q31.c **** 
 130:Drivers/CMSIS/DSP/Source/StatisticsFunctions/arm_min_q31.c ****   /* Initialise the index value to zero. */
ARM GAS  C:\Users\Lamp\AppData\Local\Temp\cclUKlY4.s 			page 4


 131:Drivers/CMSIS/DSP/Source/StatisticsFunctions/arm_min_q31.c ****   outIndex = 0U;
  43              		.loc 1 131 3 view .LVU4
  44              	.LVL1:
 132:Drivers/CMSIS/DSP/Source/StatisticsFunctions/arm_min_q31.c ****   /* Load first input value that act as reference value for comparision */
 133:Drivers/CMSIS/DSP/Source/StatisticsFunctions/arm_min_q31.c ****   out = *pSrc++;
  45              		.loc 1 133 3 view .LVU5
  46              		.loc 1 133 7 is_stmt 0 view .LVU6
  47 0002 50F8046B 		ldr	r6, [r0], #4
  48              	.LVL2:
 134:Drivers/CMSIS/DSP/Source/StatisticsFunctions/arm_min_q31.c **** 
 135:Drivers/CMSIS/DSP/Source/StatisticsFunctions/arm_min_q31.c ****   blkCnt = (blockSize - 1U);
  49              		.loc 1 135 3 is_stmt 1 view .LVU7
  50              		.loc 1 135 10 is_stmt 0 view .LVU8
  51 0006 4C1E     		subs	r4, r1, #1
  52              	.LVL3:
 136:Drivers/CMSIS/DSP/Source/StatisticsFunctions/arm_min_q31.c **** 
 137:Drivers/CMSIS/DSP/Source/StatisticsFunctions/arm_min_q31.c **** #endif /* #if defined (ARM_MATH_DSP) */
 138:Drivers/CMSIS/DSP/Source/StatisticsFunctions/arm_min_q31.c **** 
 139:Drivers/CMSIS/DSP/Source/StatisticsFunctions/arm_min_q31.c ****   while (blkCnt > 0U)
  53              		.loc 1 139 3 is_stmt 1 view .LVU9
 131:Drivers/CMSIS/DSP/Source/StatisticsFunctions/arm_min_q31.c ****   /* Load first input value that act as reference value for comparision */
  54              		.loc 1 131 12 is_stmt 0 view .LVU10
  55 0008 0027     		movs	r7, #0
  56              		.loc 1 139 9 view .LVU11
  57 000a 00E0     		b	.L2
  58              	.LVL4:
  59              	.L3:
 140:Drivers/CMSIS/DSP/Source/StatisticsFunctions/arm_min_q31.c ****   {
 141:Drivers/CMSIS/DSP/Source/StatisticsFunctions/arm_min_q31.c ****     /* Initialize minVal to the next consecutive values one by one */
 142:Drivers/CMSIS/DSP/Source/StatisticsFunctions/arm_min_q31.c ****     minVal1 = *pSrc++;
 143:Drivers/CMSIS/DSP/Source/StatisticsFunctions/arm_min_q31.c **** 
 144:Drivers/CMSIS/DSP/Source/StatisticsFunctions/arm_min_q31.c ****     /* compare for the minimum value */
 145:Drivers/CMSIS/DSP/Source/StatisticsFunctions/arm_min_q31.c ****     if (out > minVal1)
 146:Drivers/CMSIS/DSP/Source/StatisticsFunctions/arm_min_q31.c ****     {
 147:Drivers/CMSIS/DSP/Source/StatisticsFunctions/arm_min_q31.c ****       /* Update the minimum value and it's index */
 148:Drivers/CMSIS/DSP/Source/StatisticsFunctions/arm_min_q31.c ****       out = minVal1;
 149:Drivers/CMSIS/DSP/Source/StatisticsFunctions/arm_min_q31.c ****       outIndex = blockSize - blkCnt;
 150:Drivers/CMSIS/DSP/Source/StatisticsFunctions/arm_min_q31.c ****     }
 151:Drivers/CMSIS/DSP/Source/StatisticsFunctions/arm_min_q31.c **** 
 152:Drivers/CMSIS/DSP/Source/StatisticsFunctions/arm_min_q31.c ****     /* Decrement the loop counter */
 153:Drivers/CMSIS/DSP/Source/StatisticsFunctions/arm_min_q31.c ****     blkCnt--;
  60              		.loc 1 153 5 is_stmt 1 view .LVU12
  61              		.loc 1 153 11 is_stmt 0 view .LVU13
  62 000c 013C     		subs	r4, r4, #1
  63              	.LVL5:
  64              	.L2:
 139:Drivers/CMSIS/DSP/Source/StatisticsFunctions/arm_min_q31.c ****   {
  65              		.loc 1 139 17 is_stmt 1 view .LVU14
  66 000e 34B1     		cbz	r4, .L6
 142:Drivers/CMSIS/DSP/Source/StatisticsFunctions/arm_min_q31.c **** 
  67              		.loc 1 142 5 view .LVU15
  68              	.LVL6:
 142:Drivers/CMSIS/DSP/Source/StatisticsFunctions/arm_min_q31.c **** 
  69              		.loc 1 142 13 is_stmt 0 view .LVU16
  70 0010 50F8045B 		ldr	r5, [r0], #4
  71              	.LVL7:
 145:Drivers/CMSIS/DSP/Source/StatisticsFunctions/arm_min_q31.c ****     {
ARM GAS  C:\Users\Lamp\AppData\Local\Temp\cclUKlY4.s 			page 5


  72              		.loc 1 145 5 is_stmt 1 view .LVU17
 145:Drivers/CMSIS/DSP/Source/StatisticsFunctions/arm_min_q31.c ****     {
  73              		.loc 1 145 8 is_stmt 0 view .LVU18
  74 0014 AE42     		cmp	r6, r5
  75 0016 F9DD     		ble	.L3
 148:Drivers/CMSIS/DSP/Source/StatisticsFunctions/arm_min_q31.c ****       outIndex = blockSize - blkCnt;
  76              		.loc 1 148 7 is_stmt 1 view .LVU19
  77              	.LVL8:
 149:Drivers/CMSIS/DSP/Source/StatisticsFunctions/arm_min_q31.c ****     }
  78              		.loc 1 149 7 view .LVU20
 149:Drivers/CMSIS/DSP/Source/StatisticsFunctions/arm_min_q31.c ****     }
  79              		.loc 1 149 16 is_stmt 0 view .LVU21
  80 0018 0F1B     		subs	r7, r1, r4
  81              	.LVL9:
 148:Drivers/CMSIS/DSP/Source/StatisticsFunctions/arm_min_q31.c ****       outIndex = blockSize - blkCnt;
  82              		.loc 1 148 11 view .LVU22
  83 001a 2E46     		mov	r6, r5
  84 001c F6E7     		b	.L3
  85              	.LVL10:
  86              	.L6:
 154:Drivers/CMSIS/DSP/Source/StatisticsFunctions/arm_min_q31.c ****   }
 155:Drivers/CMSIS/DSP/Source/StatisticsFunctions/arm_min_q31.c **** 
 156:Drivers/CMSIS/DSP/Source/StatisticsFunctions/arm_min_q31.c ****   /* Store the minimum value and it's index into destination pointers */
 157:Drivers/CMSIS/DSP/Source/StatisticsFunctions/arm_min_q31.c ****   *pResult = out;
  87              		.loc 1 157 3 is_stmt 1 view .LVU23
  88              		.loc 1 157 12 is_stmt 0 view .LVU24
  89 001e 1660     		str	r6, [r2]
 158:Drivers/CMSIS/DSP/Source/StatisticsFunctions/arm_min_q31.c ****   *pIndex = outIndex;
  90              		.loc 1 158 3 is_stmt 1 view .LVU25
  91              		.loc 1 158 11 is_stmt 0 view .LVU26
  92 0020 1F60     		str	r7, [r3]
 159:Drivers/CMSIS/DSP/Source/StatisticsFunctions/arm_min_q31.c **** }
  93              		.loc 1 159 1 view .LVU27
  94 0022 F0BC     		pop	{r4, r5, r6, r7}
  95              	.LCFI1:
  96              		.cfi_restore 7
  97              		.cfi_restore 6
  98              		.cfi_restore 5
  99              		.cfi_restore 4
 100              		.cfi_def_cfa_offset 0
 101              	.LVL11:
 102              		.loc 1 159 1 view .LVU28
 103 0024 7047     		bx	lr
 104              		.cfi_endproc
 105              	.LFE100:
 107              		.text
 108              	.Letext0:
 109              		.file 2 "C:/ARM GNU Toolchain/arm-none-eabi/include/machine/_default_types.h"
 110              		.file 3 "C:/ARM GNU Toolchain/arm-none-eabi/include/sys/_stdint.h"
 111              		.file 4 "Drivers/CMSIS/DSP/Include/arm_math.h"
ARM GAS  C:\Users\Lamp\AppData\Local\Temp\cclUKlY4.s 			page 6


DEFINED SYMBOLS
                            *ABS*:00000000 arm_min_q31.c
C:\Users\Lamp\AppData\Local\Temp\cclUKlY4.s:19     .text.arm_min_q31:00000000 $t
C:\Users\Lamp\AppData\Local\Temp\cclUKlY4.s:25     .text.arm_min_q31:00000000 arm_min_q31

NO UNDEFINED SYMBOLS
