ARM GAS  C:\Users\Lamp\AppData\Local\Temp\ccEtkO1X.s 			page 1


   1              		.cpu cortex-m3
   2              		.arch armv7-m
   3              		.fpu softvfp
   4              		.eabi_attribute 20, 1
   5              		.eabi_attribute 21, 1
   6              		.eabi_attribute 23, 3
   7              		.eabi_attribute 24, 1
   8              		.eabi_attribute 25, 1
   9              		.eabi_attribute 26, 1
  10              		.eabi_attribute 30, 1
  11              		.eabi_attribute 34, 1
  12              		.eabi_attribute 18, 4
  13              		.file	"arm_cmplx_conj_q15.c"
  14              		.text
  15              	.Ltext0:
  16              		.cfi_sections	.debug_frame
  17              		.file 1 "Drivers/CMSIS/DSP/Source/ComplexMathFunctions/arm_cmplx_conj_q15.c"
  18              		.section	.text.arm_cmplx_conj_q15,"ax",%progbits
  19              		.align	1
  20              		.global	arm_cmplx_conj_q15
  21              		.syntax unified
  22              		.thumb
  23              		.thumb_func
  25              	arm_cmplx_conj_q15:
  26              	.LVL0:
  27              	.LFB100:
   1:Drivers/CMSIS/DSP/Source/ComplexMathFunctions/arm_cmplx_conj_q15.c **** /* ----------------------------------------------------------------------
   2:Drivers/CMSIS/DSP/Source/ComplexMathFunctions/arm_cmplx_conj_q15.c ****  * Project:      CMSIS DSP Library
   3:Drivers/CMSIS/DSP/Source/ComplexMathFunctions/arm_cmplx_conj_q15.c ****  * Title:        arm_cmplx_conj_q15.c
   4:Drivers/CMSIS/DSP/Source/ComplexMathFunctions/arm_cmplx_conj_q15.c ****  * Description:  Q15 complex conjugate
   5:Drivers/CMSIS/DSP/Source/ComplexMathFunctions/arm_cmplx_conj_q15.c ****  *
   6:Drivers/CMSIS/DSP/Source/ComplexMathFunctions/arm_cmplx_conj_q15.c ****  * $Date:        27. January 2017
   7:Drivers/CMSIS/DSP/Source/ComplexMathFunctions/arm_cmplx_conj_q15.c ****  * $Revision:    V.1.5.1
   8:Drivers/CMSIS/DSP/Source/ComplexMathFunctions/arm_cmplx_conj_q15.c ****  *
   9:Drivers/CMSIS/DSP/Source/ComplexMathFunctions/arm_cmplx_conj_q15.c ****  * Target Processor: Cortex-M cores
  10:Drivers/CMSIS/DSP/Source/ComplexMathFunctions/arm_cmplx_conj_q15.c ****  * -------------------------------------------------------------------- */
  11:Drivers/CMSIS/DSP/Source/ComplexMathFunctions/arm_cmplx_conj_q15.c **** /*
  12:Drivers/CMSIS/DSP/Source/ComplexMathFunctions/arm_cmplx_conj_q15.c ****  * Copyright (C) 2010-2017 ARM Limited or its affiliates. All rights reserved.
  13:Drivers/CMSIS/DSP/Source/ComplexMathFunctions/arm_cmplx_conj_q15.c ****  *
  14:Drivers/CMSIS/DSP/Source/ComplexMathFunctions/arm_cmplx_conj_q15.c ****  * SPDX-License-Identifier: Apache-2.0
  15:Drivers/CMSIS/DSP/Source/ComplexMathFunctions/arm_cmplx_conj_q15.c ****  *
  16:Drivers/CMSIS/DSP/Source/ComplexMathFunctions/arm_cmplx_conj_q15.c ****  * Licensed under the Apache License, Version 2.0 (the License); you may
  17:Drivers/CMSIS/DSP/Source/ComplexMathFunctions/arm_cmplx_conj_q15.c ****  * not use this file except in compliance with the License.
  18:Drivers/CMSIS/DSP/Source/ComplexMathFunctions/arm_cmplx_conj_q15.c ****  * You may obtain a copy of the License at
  19:Drivers/CMSIS/DSP/Source/ComplexMathFunctions/arm_cmplx_conj_q15.c ****  *
  20:Drivers/CMSIS/DSP/Source/ComplexMathFunctions/arm_cmplx_conj_q15.c ****  * www.apache.org/licenses/LICENSE-2.0
  21:Drivers/CMSIS/DSP/Source/ComplexMathFunctions/arm_cmplx_conj_q15.c ****  *
  22:Drivers/CMSIS/DSP/Source/ComplexMathFunctions/arm_cmplx_conj_q15.c ****  * Unless required by applicable law or agreed to in writing, software
  23:Drivers/CMSIS/DSP/Source/ComplexMathFunctions/arm_cmplx_conj_q15.c ****  * distributed under the License is distributed on an AS IS BASIS, WITHOUT
  24:Drivers/CMSIS/DSP/Source/ComplexMathFunctions/arm_cmplx_conj_q15.c ****  * WARRANTIES OR CONDITIONS OF ANY KIND, either express or implied.
  25:Drivers/CMSIS/DSP/Source/ComplexMathFunctions/arm_cmplx_conj_q15.c ****  * See the License for the specific language governing permissions and
  26:Drivers/CMSIS/DSP/Source/ComplexMathFunctions/arm_cmplx_conj_q15.c ****  * limitations under the License.
  27:Drivers/CMSIS/DSP/Source/ComplexMathFunctions/arm_cmplx_conj_q15.c ****  */
  28:Drivers/CMSIS/DSP/Source/ComplexMathFunctions/arm_cmplx_conj_q15.c **** 
  29:Drivers/CMSIS/DSP/Source/ComplexMathFunctions/arm_cmplx_conj_q15.c **** #include "arm_math.h"
  30:Drivers/CMSIS/DSP/Source/ComplexMathFunctions/arm_cmplx_conj_q15.c **** 
  31:Drivers/CMSIS/DSP/Source/ComplexMathFunctions/arm_cmplx_conj_q15.c **** /**
ARM GAS  C:\Users\Lamp\AppData\Local\Temp\ccEtkO1X.s 			page 2


  32:Drivers/CMSIS/DSP/Source/ComplexMathFunctions/arm_cmplx_conj_q15.c ****  * @ingroup groupCmplxMath
  33:Drivers/CMSIS/DSP/Source/ComplexMathFunctions/arm_cmplx_conj_q15.c ****  */
  34:Drivers/CMSIS/DSP/Source/ComplexMathFunctions/arm_cmplx_conj_q15.c **** 
  35:Drivers/CMSIS/DSP/Source/ComplexMathFunctions/arm_cmplx_conj_q15.c **** /**
  36:Drivers/CMSIS/DSP/Source/ComplexMathFunctions/arm_cmplx_conj_q15.c ****  * @addtogroup cmplx_conj
  37:Drivers/CMSIS/DSP/Source/ComplexMathFunctions/arm_cmplx_conj_q15.c ****  * @{
  38:Drivers/CMSIS/DSP/Source/ComplexMathFunctions/arm_cmplx_conj_q15.c ****  */
  39:Drivers/CMSIS/DSP/Source/ComplexMathFunctions/arm_cmplx_conj_q15.c **** 
  40:Drivers/CMSIS/DSP/Source/ComplexMathFunctions/arm_cmplx_conj_q15.c **** /**
  41:Drivers/CMSIS/DSP/Source/ComplexMathFunctions/arm_cmplx_conj_q15.c ****  * @brief  Q15 complex conjugate.
  42:Drivers/CMSIS/DSP/Source/ComplexMathFunctions/arm_cmplx_conj_q15.c ****  * @param  *pSrc points to the input vector
  43:Drivers/CMSIS/DSP/Source/ComplexMathFunctions/arm_cmplx_conj_q15.c ****  * @param  *pDst points to the output vector
  44:Drivers/CMSIS/DSP/Source/ComplexMathFunctions/arm_cmplx_conj_q15.c ****  * @param  numSamples number of complex samples in each vector
  45:Drivers/CMSIS/DSP/Source/ComplexMathFunctions/arm_cmplx_conj_q15.c ****  * @return none.
  46:Drivers/CMSIS/DSP/Source/ComplexMathFunctions/arm_cmplx_conj_q15.c ****  *
  47:Drivers/CMSIS/DSP/Source/ComplexMathFunctions/arm_cmplx_conj_q15.c ****  * <b>Scaling and Overflow Behavior:</b>
  48:Drivers/CMSIS/DSP/Source/ComplexMathFunctions/arm_cmplx_conj_q15.c ****  * \par
  49:Drivers/CMSIS/DSP/Source/ComplexMathFunctions/arm_cmplx_conj_q15.c ****  * The function uses saturating arithmetic.
  50:Drivers/CMSIS/DSP/Source/ComplexMathFunctions/arm_cmplx_conj_q15.c ****  * The Q15 value -1 (0x8000) will be saturated to the maximum allowable positive value 0x7FFF.
  51:Drivers/CMSIS/DSP/Source/ComplexMathFunctions/arm_cmplx_conj_q15.c ****  */
  52:Drivers/CMSIS/DSP/Source/ComplexMathFunctions/arm_cmplx_conj_q15.c **** 
  53:Drivers/CMSIS/DSP/Source/ComplexMathFunctions/arm_cmplx_conj_q15.c **** void arm_cmplx_conj_q15(
  54:Drivers/CMSIS/DSP/Source/ComplexMathFunctions/arm_cmplx_conj_q15.c ****   q15_t * pSrc,
  55:Drivers/CMSIS/DSP/Source/ComplexMathFunctions/arm_cmplx_conj_q15.c ****   q15_t * pDst,
  56:Drivers/CMSIS/DSP/Source/ComplexMathFunctions/arm_cmplx_conj_q15.c ****   uint32_t numSamples)
  57:Drivers/CMSIS/DSP/Source/ComplexMathFunctions/arm_cmplx_conj_q15.c **** {
  28              		.loc 1 57 1 view -0
  29              		.cfi_startproc
  30              		@ args = 0, pretend = 0, frame = 0
  31              		@ frame_needed = 0, uses_anonymous_args = 0
  32              		@ link register save eliminated.
  58:Drivers/CMSIS/DSP/Source/ComplexMathFunctions/arm_cmplx_conj_q15.c **** 
  59:Drivers/CMSIS/DSP/Source/ComplexMathFunctions/arm_cmplx_conj_q15.c **** #if defined (ARM_MATH_DSP)
  60:Drivers/CMSIS/DSP/Source/ComplexMathFunctions/arm_cmplx_conj_q15.c **** 
  61:Drivers/CMSIS/DSP/Source/ComplexMathFunctions/arm_cmplx_conj_q15.c ****   /* Run the below code for Cortex-M4 and Cortex-M3 */
  62:Drivers/CMSIS/DSP/Source/ComplexMathFunctions/arm_cmplx_conj_q15.c ****   uint32_t blkCnt;                               /* loop counter */
  63:Drivers/CMSIS/DSP/Source/ComplexMathFunctions/arm_cmplx_conj_q15.c ****   q31_t in1, in2, in3, in4;
  64:Drivers/CMSIS/DSP/Source/ComplexMathFunctions/arm_cmplx_conj_q15.c ****   q31_t zero = 0;
  65:Drivers/CMSIS/DSP/Source/ComplexMathFunctions/arm_cmplx_conj_q15.c **** 
  66:Drivers/CMSIS/DSP/Source/ComplexMathFunctions/arm_cmplx_conj_q15.c ****   /*loop Unrolling */
  67:Drivers/CMSIS/DSP/Source/ComplexMathFunctions/arm_cmplx_conj_q15.c ****   blkCnt = numSamples >> 2U;
  68:Drivers/CMSIS/DSP/Source/ComplexMathFunctions/arm_cmplx_conj_q15.c **** 
  69:Drivers/CMSIS/DSP/Source/ComplexMathFunctions/arm_cmplx_conj_q15.c ****   /* First part of the processing with loop unrolling.  Compute 4 outputs at a time.
  70:Drivers/CMSIS/DSP/Source/ComplexMathFunctions/arm_cmplx_conj_q15.c ****    ** a second loop below computes the remaining 1 to 3 samples. */
  71:Drivers/CMSIS/DSP/Source/ComplexMathFunctions/arm_cmplx_conj_q15.c ****   while (blkCnt > 0U)
  72:Drivers/CMSIS/DSP/Source/ComplexMathFunctions/arm_cmplx_conj_q15.c ****   {
  73:Drivers/CMSIS/DSP/Source/ComplexMathFunctions/arm_cmplx_conj_q15.c ****     /* C[0]+jC[1] = A[0]+ j (-1) A[1] */
  74:Drivers/CMSIS/DSP/Source/ComplexMathFunctions/arm_cmplx_conj_q15.c ****     /* Calculate Complex Conjugate and then store the results in the destination buffer. */
  75:Drivers/CMSIS/DSP/Source/ComplexMathFunctions/arm_cmplx_conj_q15.c ****     in1 = *__SIMD32(pSrc)++;
  76:Drivers/CMSIS/DSP/Source/ComplexMathFunctions/arm_cmplx_conj_q15.c ****     in2 = *__SIMD32(pSrc)++;
  77:Drivers/CMSIS/DSP/Source/ComplexMathFunctions/arm_cmplx_conj_q15.c ****     in3 = *__SIMD32(pSrc)++;
  78:Drivers/CMSIS/DSP/Source/ComplexMathFunctions/arm_cmplx_conj_q15.c ****     in4 = *__SIMD32(pSrc)++;
  79:Drivers/CMSIS/DSP/Source/ComplexMathFunctions/arm_cmplx_conj_q15.c **** 
  80:Drivers/CMSIS/DSP/Source/ComplexMathFunctions/arm_cmplx_conj_q15.c **** #ifndef ARM_MATH_BIG_ENDIAN
  81:Drivers/CMSIS/DSP/Source/ComplexMathFunctions/arm_cmplx_conj_q15.c **** 
  82:Drivers/CMSIS/DSP/Source/ComplexMathFunctions/arm_cmplx_conj_q15.c ****     in1 = __QASX(zero, in1);
  83:Drivers/CMSIS/DSP/Source/ComplexMathFunctions/arm_cmplx_conj_q15.c ****     in2 = __QASX(zero, in2);
ARM GAS  C:\Users\Lamp\AppData\Local\Temp\ccEtkO1X.s 			page 3


  84:Drivers/CMSIS/DSP/Source/ComplexMathFunctions/arm_cmplx_conj_q15.c ****     in3 = __QASX(zero, in3);
  85:Drivers/CMSIS/DSP/Source/ComplexMathFunctions/arm_cmplx_conj_q15.c ****     in4 = __QASX(zero, in4);
  86:Drivers/CMSIS/DSP/Source/ComplexMathFunctions/arm_cmplx_conj_q15.c **** 
  87:Drivers/CMSIS/DSP/Source/ComplexMathFunctions/arm_cmplx_conj_q15.c **** #else
  88:Drivers/CMSIS/DSP/Source/ComplexMathFunctions/arm_cmplx_conj_q15.c **** 
  89:Drivers/CMSIS/DSP/Source/ComplexMathFunctions/arm_cmplx_conj_q15.c ****     in1 = __QSAX(zero, in1);
  90:Drivers/CMSIS/DSP/Source/ComplexMathFunctions/arm_cmplx_conj_q15.c ****     in2 = __QSAX(zero, in2);
  91:Drivers/CMSIS/DSP/Source/ComplexMathFunctions/arm_cmplx_conj_q15.c ****     in3 = __QSAX(zero, in3);
  92:Drivers/CMSIS/DSP/Source/ComplexMathFunctions/arm_cmplx_conj_q15.c ****     in4 = __QSAX(zero, in4);
  93:Drivers/CMSIS/DSP/Source/ComplexMathFunctions/arm_cmplx_conj_q15.c **** 
  94:Drivers/CMSIS/DSP/Source/ComplexMathFunctions/arm_cmplx_conj_q15.c **** #endif /* #ifndef ARM_MATH_BIG_ENDIAN */
  95:Drivers/CMSIS/DSP/Source/ComplexMathFunctions/arm_cmplx_conj_q15.c **** 
  96:Drivers/CMSIS/DSP/Source/ComplexMathFunctions/arm_cmplx_conj_q15.c ****     in1 = ((uint32_t) in1 >> 16) | ((uint32_t) in1 << 16);
  97:Drivers/CMSIS/DSP/Source/ComplexMathFunctions/arm_cmplx_conj_q15.c ****     in2 = ((uint32_t) in2 >> 16) | ((uint32_t) in2 << 16);
  98:Drivers/CMSIS/DSP/Source/ComplexMathFunctions/arm_cmplx_conj_q15.c ****     in3 = ((uint32_t) in3 >> 16) | ((uint32_t) in3 << 16);
  99:Drivers/CMSIS/DSP/Source/ComplexMathFunctions/arm_cmplx_conj_q15.c ****     in4 = ((uint32_t) in4 >> 16) | ((uint32_t) in4 << 16);
 100:Drivers/CMSIS/DSP/Source/ComplexMathFunctions/arm_cmplx_conj_q15.c **** 
 101:Drivers/CMSIS/DSP/Source/ComplexMathFunctions/arm_cmplx_conj_q15.c ****     *__SIMD32(pDst)++ = in1;
 102:Drivers/CMSIS/DSP/Source/ComplexMathFunctions/arm_cmplx_conj_q15.c ****     *__SIMD32(pDst)++ = in2;
 103:Drivers/CMSIS/DSP/Source/ComplexMathFunctions/arm_cmplx_conj_q15.c ****     *__SIMD32(pDst)++ = in3;
 104:Drivers/CMSIS/DSP/Source/ComplexMathFunctions/arm_cmplx_conj_q15.c ****     *__SIMD32(pDst)++ = in4;
 105:Drivers/CMSIS/DSP/Source/ComplexMathFunctions/arm_cmplx_conj_q15.c **** 
 106:Drivers/CMSIS/DSP/Source/ComplexMathFunctions/arm_cmplx_conj_q15.c ****     /* Decrement the loop counter */
 107:Drivers/CMSIS/DSP/Source/ComplexMathFunctions/arm_cmplx_conj_q15.c ****     blkCnt--;
 108:Drivers/CMSIS/DSP/Source/ComplexMathFunctions/arm_cmplx_conj_q15.c ****   }
 109:Drivers/CMSIS/DSP/Source/ComplexMathFunctions/arm_cmplx_conj_q15.c **** 
 110:Drivers/CMSIS/DSP/Source/ComplexMathFunctions/arm_cmplx_conj_q15.c ****   /* If the numSamples is not a multiple of 4, compute any remaining output samples here.
 111:Drivers/CMSIS/DSP/Source/ComplexMathFunctions/arm_cmplx_conj_q15.c ****    ** No loop unrolling is used. */
 112:Drivers/CMSIS/DSP/Source/ComplexMathFunctions/arm_cmplx_conj_q15.c ****   blkCnt = numSamples % 0x4U;
 113:Drivers/CMSIS/DSP/Source/ComplexMathFunctions/arm_cmplx_conj_q15.c **** 
 114:Drivers/CMSIS/DSP/Source/ComplexMathFunctions/arm_cmplx_conj_q15.c ****   while (blkCnt > 0U)
 115:Drivers/CMSIS/DSP/Source/ComplexMathFunctions/arm_cmplx_conj_q15.c ****   {
 116:Drivers/CMSIS/DSP/Source/ComplexMathFunctions/arm_cmplx_conj_q15.c ****     /* C[0]+jC[1] = A[0]+ j (-1) A[1] */
 117:Drivers/CMSIS/DSP/Source/ComplexMathFunctions/arm_cmplx_conj_q15.c ****     /* Calculate Complex Conjugate and then store the results in the destination buffer. */
 118:Drivers/CMSIS/DSP/Source/ComplexMathFunctions/arm_cmplx_conj_q15.c ****     *pDst++ = *pSrc++;
 119:Drivers/CMSIS/DSP/Source/ComplexMathFunctions/arm_cmplx_conj_q15.c ****     *pDst++ = __SSAT(-*pSrc++, 16);
 120:Drivers/CMSIS/DSP/Source/ComplexMathFunctions/arm_cmplx_conj_q15.c **** 
 121:Drivers/CMSIS/DSP/Source/ComplexMathFunctions/arm_cmplx_conj_q15.c ****     /* Decrement the loop counter */
 122:Drivers/CMSIS/DSP/Source/ComplexMathFunctions/arm_cmplx_conj_q15.c ****     blkCnt--;
 123:Drivers/CMSIS/DSP/Source/ComplexMathFunctions/arm_cmplx_conj_q15.c ****   }
 124:Drivers/CMSIS/DSP/Source/ComplexMathFunctions/arm_cmplx_conj_q15.c **** 
 125:Drivers/CMSIS/DSP/Source/ComplexMathFunctions/arm_cmplx_conj_q15.c **** #else
 126:Drivers/CMSIS/DSP/Source/ComplexMathFunctions/arm_cmplx_conj_q15.c **** 
 127:Drivers/CMSIS/DSP/Source/ComplexMathFunctions/arm_cmplx_conj_q15.c ****   q15_t in;
  33              		.loc 1 127 3 view .LVU1
 128:Drivers/CMSIS/DSP/Source/ComplexMathFunctions/arm_cmplx_conj_q15.c **** 
 129:Drivers/CMSIS/DSP/Source/ComplexMathFunctions/arm_cmplx_conj_q15.c ****   /* Run the below code for Cortex-M0 */
 130:Drivers/CMSIS/DSP/Source/ComplexMathFunctions/arm_cmplx_conj_q15.c **** 
 131:Drivers/CMSIS/DSP/Source/ComplexMathFunctions/arm_cmplx_conj_q15.c ****   while (numSamples > 0U)
  34              		.loc 1 131 3 view .LVU2
  35              		.loc 1 131 9 is_stmt 0 view .LVU3
  36 0000 05E0     		b	.L2
  37              	.LVL1:
  38              	.L5:
 132:Drivers/CMSIS/DSP/Source/ComplexMathFunctions/arm_cmplx_conj_q15.c ****   {
 133:Drivers/CMSIS/DSP/Source/ComplexMathFunctions/arm_cmplx_conj_q15.c ****     /* realOut + j (imagOut) = realIn+ j (-1) imagIn */
 134:Drivers/CMSIS/DSP/Source/ComplexMathFunctions/arm_cmplx_conj_q15.c ****     /* Calculate Complex Conjugate and then store the results in the destination buffer. */
ARM GAS  C:\Users\Lamp\AppData\Local\Temp\ccEtkO1X.s 			page 4


 135:Drivers/CMSIS/DSP/Source/ComplexMathFunctions/arm_cmplx_conj_q15.c ****     *pDst++ = *pSrc++;
 136:Drivers/CMSIS/DSP/Source/ComplexMathFunctions/arm_cmplx_conj_q15.c ****     in = *pSrc++;
 137:Drivers/CMSIS/DSP/Source/ComplexMathFunctions/arm_cmplx_conj_q15.c ****     *pDst++ = (in == (q15_t) 0x8000) ? 0x7fff : -in;
  39              		.loc 1 137 13 discriminator 2 view .LVU4
  40 0002 47F6FF73 		movw	r3, #32767
  41              	.LVL2:
  42              	.L3:
  43              		.loc 1 137 13 discriminator 4 view .LVU5
  44 0006 4B80     		strh	r3, [r1, #2]	@ movhi
  45              	.LVL3:
 138:Drivers/CMSIS/DSP/Source/ComplexMathFunctions/arm_cmplx_conj_q15.c **** 
 139:Drivers/CMSIS/DSP/Source/ComplexMathFunctions/arm_cmplx_conj_q15.c ****     /* Decrement the loop counter */
 140:Drivers/CMSIS/DSP/Source/ComplexMathFunctions/arm_cmplx_conj_q15.c ****     numSamples--;
  46              		.loc 1 140 5 is_stmt 1 view .LVU6
  47              		.loc 1 140 15 is_stmt 0 view .LVU7
  48 0008 013A     		subs	r2, r2, #1
  49              	.LVL4:
 137:Drivers/CMSIS/DSP/Source/ComplexMathFunctions/arm_cmplx_conj_q15.c **** 
  50              		.loc 1 137 10 discriminator 4 view .LVU8
  51 000a 0431     		adds	r1, r1, #4
  52              	.LVL5:
 136:Drivers/CMSIS/DSP/Source/ComplexMathFunctions/arm_cmplx_conj_q15.c ****     *pDst++ = (in == (q15_t) 0x8000) ? 0x7fff : -in;
  53              		.loc 1 136 15 view .LVU9
  54 000c 6046     		mov	r0, ip
  55              	.LVL6:
  56              	.L2:
 131:Drivers/CMSIS/DSP/Source/ComplexMathFunctions/arm_cmplx_conj_q15.c ****   {
  57              		.loc 1 131 21 is_stmt 1 view .LVU10
  58 000e 5AB1     		cbz	r2, .L6
 135:Drivers/CMSIS/DSP/Source/ComplexMathFunctions/arm_cmplx_conj_q15.c ****     in = *pSrc++;
  59              		.loc 1 135 5 view .LVU11
  60              	.LVL7:
 135:Drivers/CMSIS/DSP/Source/ComplexMathFunctions/arm_cmplx_conj_q15.c ****     in = *pSrc++;
  61              		.loc 1 135 15 is_stmt 0 view .LVU12
  62 0010 8446     		mov	ip, r0
  63 0012 3CF9043B 		ldrsh	r3, [ip], #4
 135:Drivers/CMSIS/DSP/Source/ComplexMathFunctions/arm_cmplx_conj_q15.c ****     in = *pSrc++;
  64              		.loc 1 135 13 view .LVU13
  65 0016 0B80     		strh	r3, [r1]	@ movhi
 136:Drivers/CMSIS/DSP/Source/ComplexMathFunctions/arm_cmplx_conj_q15.c ****     *pDst++ = (in == (q15_t) 0x8000) ? 0x7fff : -in;
  66              		.loc 1 136 5 is_stmt 1 view .LVU14
  67              	.LVL8:
 136:Drivers/CMSIS/DSP/Source/ComplexMathFunctions/arm_cmplx_conj_q15.c ****     *pDst++ = (in == (q15_t) 0x8000) ? 0x7fff : -in;
  68              		.loc 1 136 8 is_stmt 0 view .LVU15
  69 0018 B0F90230 		ldrsh	r3, [r0, #2]
  70              	.LVL9:
 137:Drivers/CMSIS/DSP/Source/ComplexMathFunctions/arm_cmplx_conj_q15.c **** 
  71              		.loc 1 137 5 is_stmt 1 view .LVU16
 137:Drivers/CMSIS/DSP/Source/ComplexMathFunctions/arm_cmplx_conj_q15.c **** 
  72              		.loc 1 137 13 is_stmt 0 view .LVU17
  73 001c 13F5004F 		cmn	r3, #32768
  74 0020 EFD0     		beq	.L5
 137:Drivers/CMSIS/DSP/Source/ComplexMathFunctions/arm_cmplx_conj_q15.c **** 
  75              		.loc 1 137 13 discriminator 1 view .LVU18
  76 0022 5B42     		rsbs	r3, r3, #0
  77              	.LVL10:
 137:Drivers/CMSIS/DSP/Source/ComplexMathFunctions/arm_cmplx_conj_q15.c **** 
ARM GAS  C:\Users\Lamp\AppData\Local\Temp\ccEtkO1X.s 			page 5


  78              		.loc 1 137 13 discriminator 1 view .LVU19
  79 0024 1BB2     		sxth	r3, r3
  80              	.LVL11:
 137:Drivers/CMSIS/DSP/Source/ComplexMathFunctions/arm_cmplx_conj_q15.c **** 
  81              		.loc 1 137 13 discriminator 1 view .LVU20
  82 0026 EEE7     		b	.L3
  83              	.LVL12:
  84              	.L6:
 141:Drivers/CMSIS/DSP/Source/ComplexMathFunctions/arm_cmplx_conj_q15.c ****   }
 142:Drivers/CMSIS/DSP/Source/ComplexMathFunctions/arm_cmplx_conj_q15.c **** 
 143:Drivers/CMSIS/DSP/Source/ComplexMathFunctions/arm_cmplx_conj_q15.c **** #endif /* #if defined (ARM_MATH_DSP) */
 144:Drivers/CMSIS/DSP/Source/ComplexMathFunctions/arm_cmplx_conj_q15.c **** 
 145:Drivers/CMSIS/DSP/Source/ComplexMathFunctions/arm_cmplx_conj_q15.c **** }
  85              		.loc 1 145 1 view .LVU21
  86 0028 7047     		bx	lr
  87              		.cfi_endproc
  88              	.LFE100:
  90              		.text
  91              	.Letext0:
  92              		.file 2 "C:/ARM GNU Toolchain/arm-none-eabi/include/machine/_default_types.h"
  93              		.file 3 "C:/ARM GNU Toolchain/arm-none-eabi/include/sys/_stdint.h"
  94              		.file 4 "Drivers/CMSIS/DSP/Include/arm_math.h"
ARM GAS  C:\Users\Lamp\AppData\Local\Temp\ccEtkO1X.s 			page 6


DEFINED SYMBOLS
                            *ABS*:00000000 arm_cmplx_conj_q15.c
C:\Users\Lamp\AppData\Local\Temp\ccEtkO1X.s:19     .text.arm_cmplx_conj_q15:00000000 $t
C:\Users\Lamp\AppData\Local\Temp\ccEtkO1X.s:25     .text.arm_cmplx_conj_q15:00000000 arm_cmplx_conj_q15

NO UNDEFINED SYMBOLS
