ARM GAS  C:\Users\Lamp\AppData\Local\Temp\ccpTodEJ.s 			page 1


   1              		.cpu cortex-m3
   2              		.arch armv7-m
   3              		.fpu softvfp
   4              		.eabi_attribute 20, 1
   5              		.eabi_attribute 21, 1
   6              		.eabi_attribute 23, 3
   7              		.eabi_attribute 24, 1
   8              		.eabi_attribute 25, 1
   9              		.eabi_attribute 26, 1
  10              		.eabi_attribute 30, 1
  11              		.eabi_attribute 34, 1
  12              		.eabi_attribute 18, 4
  13              		.file	"arm_abs_q7.c"
  14              		.text
  15              	.Ltext0:
  16              		.cfi_sections	.debug_frame
  17              		.file 1 "Drivers/CMSIS/DSP/Source/BasicMathFunctions/arm_abs_q7.c"
  18              		.section	.text.arm_abs_q7,"ax",%progbits
  19              		.align	1
  20              		.global	arm_abs_q7
  21              		.syntax unified
  22              		.thumb
  23              		.thumb_func
  25              	arm_abs_q7:
  26              	.LVL0:
  27              	.LFB100:
   1:Drivers/CMSIS/DSP/Source/BasicMathFunctions/arm_abs_q7.c **** /* ----------------------------------------------------------------------
   2:Drivers/CMSIS/DSP/Source/BasicMathFunctions/arm_abs_q7.c ****  * Project:      CMSIS DSP Library
   3:Drivers/CMSIS/DSP/Source/BasicMathFunctions/arm_abs_q7.c ****  * Title:        arm_abs_q7.c
   4:Drivers/CMSIS/DSP/Source/BasicMathFunctions/arm_abs_q7.c ****  * Description:  Q7 vector absolute value
   5:Drivers/CMSIS/DSP/Source/BasicMathFunctions/arm_abs_q7.c ****  *
   6:Drivers/CMSIS/DSP/Source/BasicMathFunctions/arm_abs_q7.c ****  * $Date:        27. January 2017
   7:Drivers/CMSIS/DSP/Source/BasicMathFunctions/arm_abs_q7.c ****  * $Revision:    V.1.5.1
   8:Drivers/CMSIS/DSP/Source/BasicMathFunctions/arm_abs_q7.c ****  *
   9:Drivers/CMSIS/DSP/Source/BasicMathFunctions/arm_abs_q7.c ****  * Target Processor: Cortex-M cores
  10:Drivers/CMSIS/DSP/Source/BasicMathFunctions/arm_abs_q7.c ****  * -------------------------------------------------------------------- */
  11:Drivers/CMSIS/DSP/Source/BasicMathFunctions/arm_abs_q7.c **** /*
  12:Drivers/CMSIS/DSP/Source/BasicMathFunctions/arm_abs_q7.c ****  * Copyright (C) 2010-2017 ARM Limited or its affiliates. All rights reserved.
  13:Drivers/CMSIS/DSP/Source/BasicMathFunctions/arm_abs_q7.c ****  *
  14:Drivers/CMSIS/DSP/Source/BasicMathFunctions/arm_abs_q7.c ****  * SPDX-License-Identifier: Apache-2.0
  15:Drivers/CMSIS/DSP/Source/BasicMathFunctions/arm_abs_q7.c ****  *
  16:Drivers/CMSIS/DSP/Source/BasicMathFunctions/arm_abs_q7.c ****  * Licensed under the Apache License, Version 2.0 (the License); you may
  17:Drivers/CMSIS/DSP/Source/BasicMathFunctions/arm_abs_q7.c ****  * not use this file except in compliance with the License.
  18:Drivers/CMSIS/DSP/Source/BasicMathFunctions/arm_abs_q7.c ****  * You may obtain a copy of the License at
  19:Drivers/CMSIS/DSP/Source/BasicMathFunctions/arm_abs_q7.c ****  *
  20:Drivers/CMSIS/DSP/Source/BasicMathFunctions/arm_abs_q7.c ****  * www.apache.org/licenses/LICENSE-2.0
  21:Drivers/CMSIS/DSP/Source/BasicMathFunctions/arm_abs_q7.c ****  *
  22:Drivers/CMSIS/DSP/Source/BasicMathFunctions/arm_abs_q7.c ****  * Unless required by applicable law or agreed to in writing, software
  23:Drivers/CMSIS/DSP/Source/BasicMathFunctions/arm_abs_q7.c ****  * distributed under the License is distributed on an AS IS BASIS, WITHOUT
  24:Drivers/CMSIS/DSP/Source/BasicMathFunctions/arm_abs_q7.c ****  * WARRANTIES OR CONDITIONS OF ANY KIND, either express or implied.
  25:Drivers/CMSIS/DSP/Source/BasicMathFunctions/arm_abs_q7.c ****  * See the License for the specific language governing permissions and
  26:Drivers/CMSIS/DSP/Source/BasicMathFunctions/arm_abs_q7.c ****  * limitations under the License.
  27:Drivers/CMSIS/DSP/Source/BasicMathFunctions/arm_abs_q7.c ****  */
  28:Drivers/CMSIS/DSP/Source/BasicMathFunctions/arm_abs_q7.c **** 
  29:Drivers/CMSIS/DSP/Source/BasicMathFunctions/arm_abs_q7.c **** #include "arm_math.h"
  30:Drivers/CMSIS/DSP/Source/BasicMathFunctions/arm_abs_q7.c **** 
  31:Drivers/CMSIS/DSP/Source/BasicMathFunctions/arm_abs_q7.c **** /**
ARM GAS  C:\Users\Lamp\AppData\Local\Temp\ccpTodEJ.s 			page 2


  32:Drivers/CMSIS/DSP/Source/BasicMathFunctions/arm_abs_q7.c ****  * @ingroup groupMath
  33:Drivers/CMSIS/DSP/Source/BasicMathFunctions/arm_abs_q7.c ****  */
  34:Drivers/CMSIS/DSP/Source/BasicMathFunctions/arm_abs_q7.c **** 
  35:Drivers/CMSIS/DSP/Source/BasicMathFunctions/arm_abs_q7.c **** /**
  36:Drivers/CMSIS/DSP/Source/BasicMathFunctions/arm_abs_q7.c ****  * @addtogroup BasicAbs
  37:Drivers/CMSIS/DSP/Source/BasicMathFunctions/arm_abs_q7.c ****  * @{
  38:Drivers/CMSIS/DSP/Source/BasicMathFunctions/arm_abs_q7.c ****  */
  39:Drivers/CMSIS/DSP/Source/BasicMathFunctions/arm_abs_q7.c **** 
  40:Drivers/CMSIS/DSP/Source/BasicMathFunctions/arm_abs_q7.c **** /**
  41:Drivers/CMSIS/DSP/Source/BasicMathFunctions/arm_abs_q7.c ****  * @brief Q7 vector absolute value.
  42:Drivers/CMSIS/DSP/Source/BasicMathFunctions/arm_abs_q7.c ****  * @param[in]       *pSrc points to the input buffer
  43:Drivers/CMSIS/DSP/Source/BasicMathFunctions/arm_abs_q7.c ****  * @param[out]      *pDst points to the output buffer
  44:Drivers/CMSIS/DSP/Source/BasicMathFunctions/arm_abs_q7.c ****  * @param[in]       blockSize number of samples in each vector
  45:Drivers/CMSIS/DSP/Source/BasicMathFunctions/arm_abs_q7.c ****  * @return none.
  46:Drivers/CMSIS/DSP/Source/BasicMathFunctions/arm_abs_q7.c ****  *
  47:Drivers/CMSIS/DSP/Source/BasicMathFunctions/arm_abs_q7.c ****  * \par Conditions for optimum performance
  48:Drivers/CMSIS/DSP/Source/BasicMathFunctions/arm_abs_q7.c ****  *  Input and output buffers should be aligned by 32-bit
  49:Drivers/CMSIS/DSP/Source/BasicMathFunctions/arm_abs_q7.c ****  *
  50:Drivers/CMSIS/DSP/Source/BasicMathFunctions/arm_abs_q7.c ****  *
  51:Drivers/CMSIS/DSP/Source/BasicMathFunctions/arm_abs_q7.c ****  * <b>Scaling and Overflow Behavior:</b>
  52:Drivers/CMSIS/DSP/Source/BasicMathFunctions/arm_abs_q7.c ****  * \par
  53:Drivers/CMSIS/DSP/Source/BasicMathFunctions/arm_abs_q7.c ****  * The function uses saturating arithmetic.
  54:Drivers/CMSIS/DSP/Source/BasicMathFunctions/arm_abs_q7.c ****  * The Q7 value -1 (0x80) will be saturated to the maximum allowable positive value 0x7F.
  55:Drivers/CMSIS/DSP/Source/BasicMathFunctions/arm_abs_q7.c ****  */
  56:Drivers/CMSIS/DSP/Source/BasicMathFunctions/arm_abs_q7.c **** 
  57:Drivers/CMSIS/DSP/Source/BasicMathFunctions/arm_abs_q7.c **** void arm_abs_q7(
  58:Drivers/CMSIS/DSP/Source/BasicMathFunctions/arm_abs_q7.c ****   q7_t * pSrc,
  59:Drivers/CMSIS/DSP/Source/BasicMathFunctions/arm_abs_q7.c ****   q7_t * pDst,
  60:Drivers/CMSIS/DSP/Source/BasicMathFunctions/arm_abs_q7.c ****   uint32_t blockSize)
  61:Drivers/CMSIS/DSP/Source/BasicMathFunctions/arm_abs_q7.c **** {
  28              		.loc 1 61 1 view -0
  29              		.cfi_startproc
  30              		@ args = 0, pretend = 0, frame = 0
  31              		@ frame_needed = 0, uses_anonymous_args = 0
  32              		@ link register save eliminated.
  62:Drivers/CMSIS/DSP/Source/BasicMathFunctions/arm_abs_q7.c ****   uint32_t blkCnt;                               /* loop counter */
  33              		.loc 1 62 3 view .LVU1
  63:Drivers/CMSIS/DSP/Source/BasicMathFunctions/arm_abs_q7.c ****   q7_t in;                                       /* Input value1 */
  34              		.loc 1 63 3 view .LVU2
  64:Drivers/CMSIS/DSP/Source/BasicMathFunctions/arm_abs_q7.c **** 
  65:Drivers/CMSIS/DSP/Source/BasicMathFunctions/arm_abs_q7.c **** #if defined (ARM_MATH_DSP)
  66:Drivers/CMSIS/DSP/Source/BasicMathFunctions/arm_abs_q7.c **** 
  67:Drivers/CMSIS/DSP/Source/BasicMathFunctions/arm_abs_q7.c ****   /* Run the below code for Cortex-M4 and Cortex-M3 */
  68:Drivers/CMSIS/DSP/Source/BasicMathFunctions/arm_abs_q7.c ****   q31_t in1, in2, in3, in4;                      /* temporary input variables */
  69:Drivers/CMSIS/DSP/Source/BasicMathFunctions/arm_abs_q7.c ****   q31_t out1, out2, out3, out4;                  /* temporary output variables */
  70:Drivers/CMSIS/DSP/Source/BasicMathFunctions/arm_abs_q7.c **** 
  71:Drivers/CMSIS/DSP/Source/BasicMathFunctions/arm_abs_q7.c ****   /*loop Unrolling */
  72:Drivers/CMSIS/DSP/Source/BasicMathFunctions/arm_abs_q7.c ****   blkCnt = blockSize >> 2U;
  73:Drivers/CMSIS/DSP/Source/BasicMathFunctions/arm_abs_q7.c **** 
  74:Drivers/CMSIS/DSP/Source/BasicMathFunctions/arm_abs_q7.c ****   /* First part of the processing with loop unrolling.  Compute 4 outputs at a time.
  75:Drivers/CMSIS/DSP/Source/BasicMathFunctions/arm_abs_q7.c ****    ** a second loop below computes the remaining 1 to 3 samples. */
  76:Drivers/CMSIS/DSP/Source/BasicMathFunctions/arm_abs_q7.c ****   while (blkCnt > 0U)
  77:Drivers/CMSIS/DSP/Source/BasicMathFunctions/arm_abs_q7.c ****   {
  78:Drivers/CMSIS/DSP/Source/BasicMathFunctions/arm_abs_q7.c ****     /* C = |A| */
  79:Drivers/CMSIS/DSP/Source/BasicMathFunctions/arm_abs_q7.c ****     /* Read inputs */
  80:Drivers/CMSIS/DSP/Source/BasicMathFunctions/arm_abs_q7.c ****     in1 = (q31_t) * pSrc;
  81:Drivers/CMSIS/DSP/Source/BasicMathFunctions/arm_abs_q7.c ****     in2 = (q31_t) * (pSrc + 1);
ARM GAS  C:\Users\Lamp\AppData\Local\Temp\ccpTodEJ.s 			page 3


  82:Drivers/CMSIS/DSP/Source/BasicMathFunctions/arm_abs_q7.c ****     in3 = (q31_t) * (pSrc + 2);
  83:Drivers/CMSIS/DSP/Source/BasicMathFunctions/arm_abs_q7.c **** 
  84:Drivers/CMSIS/DSP/Source/BasicMathFunctions/arm_abs_q7.c ****     /* find absolute value */
  85:Drivers/CMSIS/DSP/Source/BasicMathFunctions/arm_abs_q7.c ****     out1 = (in1 > 0) ? in1 : (q31_t)__QSUB8(0, in1);
  86:Drivers/CMSIS/DSP/Source/BasicMathFunctions/arm_abs_q7.c **** 
  87:Drivers/CMSIS/DSP/Source/BasicMathFunctions/arm_abs_q7.c ****     /* read input */
  88:Drivers/CMSIS/DSP/Source/BasicMathFunctions/arm_abs_q7.c ****     in4 = (q31_t) * (pSrc + 3);
  89:Drivers/CMSIS/DSP/Source/BasicMathFunctions/arm_abs_q7.c **** 
  90:Drivers/CMSIS/DSP/Source/BasicMathFunctions/arm_abs_q7.c ****     /* find absolute value */
  91:Drivers/CMSIS/DSP/Source/BasicMathFunctions/arm_abs_q7.c ****     out2 = (in2 > 0) ? in2 : (q31_t)__QSUB8(0, in2);
  92:Drivers/CMSIS/DSP/Source/BasicMathFunctions/arm_abs_q7.c **** 
  93:Drivers/CMSIS/DSP/Source/BasicMathFunctions/arm_abs_q7.c ****     /* store result to destination */
  94:Drivers/CMSIS/DSP/Source/BasicMathFunctions/arm_abs_q7.c ****     *pDst = (q7_t) out1;
  95:Drivers/CMSIS/DSP/Source/BasicMathFunctions/arm_abs_q7.c **** 
  96:Drivers/CMSIS/DSP/Source/BasicMathFunctions/arm_abs_q7.c ****     /* find absolute value */
  97:Drivers/CMSIS/DSP/Source/BasicMathFunctions/arm_abs_q7.c ****     out3 = (in3 > 0) ? in3 : (q31_t)__QSUB8(0, in3);
  98:Drivers/CMSIS/DSP/Source/BasicMathFunctions/arm_abs_q7.c **** 
  99:Drivers/CMSIS/DSP/Source/BasicMathFunctions/arm_abs_q7.c ****     /* find absolute value */
 100:Drivers/CMSIS/DSP/Source/BasicMathFunctions/arm_abs_q7.c ****     out4 = (in4 > 0) ? in4 : (q31_t)__QSUB8(0, in4);
 101:Drivers/CMSIS/DSP/Source/BasicMathFunctions/arm_abs_q7.c **** 
 102:Drivers/CMSIS/DSP/Source/BasicMathFunctions/arm_abs_q7.c ****     /* store result to destination */
 103:Drivers/CMSIS/DSP/Source/BasicMathFunctions/arm_abs_q7.c ****     *(pDst + 1) = (q7_t) out2;
 104:Drivers/CMSIS/DSP/Source/BasicMathFunctions/arm_abs_q7.c **** 
 105:Drivers/CMSIS/DSP/Source/BasicMathFunctions/arm_abs_q7.c ****     /* store result to destination */
 106:Drivers/CMSIS/DSP/Source/BasicMathFunctions/arm_abs_q7.c ****     *(pDst + 2) = (q7_t) out3;
 107:Drivers/CMSIS/DSP/Source/BasicMathFunctions/arm_abs_q7.c **** 
 108:Drivers/CMSIS/DSP/Source/BasicMathFunctions/arm_abs_q7.c ****     /* store result to destination */
 109:Drivers/CMSIS/DSP/Source/BasicMathFunctions/arm_abs_q7.c ****     *(pDst + 3) = (q7_t) out4;
 110:Drivers/CMSIS/DSP/Source/BasicMathFunctions/arm_abs_q7.c **** 
 111:Drivers/CMSIS/DSP/Source/BasicMathFunctions/arm_abs_q7.c ****     /* update pointers to process next samples */
 112:Drivers/CMSIS/DSP/Source/BasicMathFunctions/arm_abs_q7.c ****     pSrc += 4U;
 113:Drivers/CMSIS/DSP/Source/BasicMathFunctions/arm_abs_q7.c ****     pDst += 4U;
 114:Drivers/CMSIS/DSP/Source/BasicMathFunctions/arm_abs_q7.c **** 
 115:Drivers/CMSIS/DSP/Source/BasicMathFunctions/arm_abs_q7.c ****     /* Decrement the loop counter */
 116:Drivers/CMSIS/DSP/Source/BasicMathFunctions/arm_abs_q7.c ****     blkCnt--;
 117:Drivers/CMSIS/DSP/Source/BasicMathFunctions/arm_abs_q7.c ****   }
 118:Drivers/CMSIS/DSP/Source/BasicMathFunctions/arm_abs_q7.c **** 
 119:Drivers/CMSIS/DSP/Source/BasicMathFunctions/arm_abs_q7.c ****   /* If the blockSize is not a multiple of 4, compute any remaining output samples here.
 120:Drivers/CMSIS/DSP/Source/BasicMathFunctions/arm_abs_q7.c ****    ** No loop unrolling is used. */
 121:Drivers/CMSIS/DSP/Source/BasicMathFunctions/arm_abs_q7.c ****   blkCnt = blockSize % 0x4U;
 122:Drivers/CMSIS/DSP/Source/BasicMathFunctions/arm_abs_q7.c **** #else
 123:Drivers/CMSIS/DSP/Source/BasicMathFunctions/arm_abs_q7.c **** 
 124:Drivers/CMSIS/DSP/Source/BasicMathFunctions/arm_abs_q7.c ****   /* Run the below code for Cortex-M0 */
 125:Drivers/CMSIS/DSP/Source/BasicMathFunctions/arm_abs_q7.c ****   blkCnt = blockSize;
  35              		.loc 1 125 3 view .LVU3
 126:Drivers/CMSIS/DSP/Source/BasicMathFunctions/arm_abs_q7.c **** 
 127:Drivers/CMSIS/DSP/Source/BasicMathFunctions/arm_abs_q7.c **** #endif /* #define ARM_MATH_CM0_FAMILY */
 128:Drivers/CMSIS/DSP/Source/BasicMathFunctions/arm_abs_q7.c **** 
 129:Drivers/CMSIS/DSP/Source/BasicMathFunctions/arm_abs_q7.c ****   while (blkCnt > 0U)
  36              		.loc 1 129 3 view .LVU4
  37              		.loc 1 129 9 is_stmt 0 view .LVU5
  38 0000 03E0     		b	.L2
  39              	.LVL1:
  40              	.L5:
 130:Drivers/CMSIS/DSP/Source/BasicMathFunctions/arm_abs_q7.c ****   {
 131:Drivers/CMSIS/DSP/Source/BasicMathFunctions/arm_abs_q7.c ****     /* C = |A| */
 132:Drivers/CMSIS/DSP/Source/BasicMathFunctions/arm_abs_q7.c ****     /* Read the input */
ARM GAS  C:\Users\Lamp\AppData\Local\Temp\ccpTodEJ.s 			page 4


 133:Drivers/CMSIS/DSP/Source/BasicMathFunctions/arm_abs_q7.c ****     in = *pSrc++;
 134:Drivers/CMSIS/DSP/Source/BasicMathFunctions/arm_abs_q7.c **** 
 135:Drivers/CMSIS/DSP/Source/BasicMathFunctions/arm_abs_q7.c ****     /* Store the Absolute result in the destination buffer */
 136:Drivers/CMSIS/DSP/Source/BasicMathFunctions/arm_abs_q7.c ****     *pDst++ = (in > 0) ? in : ((in == (q7_t) 0x80) ? 0x7f : -in);
  41              		.loc 1 136 13 discriminator 4 view .LVU6
  42 0002 7F23     		movs	r3, #127
  43              	.LVL2:
  44              	.L3:
  45              		.loc 1 136 13 discriminator 8 view .LVU7
  46 0004 01F8013B 		strb	r3, [r1], #1
  47              	.LVL3:
 137:Drivers/CMSIS/DSP/Source/BasicMathFunctions/arm_abs_q7.c **** 
 138:Drivers/CMSIS/DSP/Source/BasicMathFunctions/arm_abs_q7.c ****     /* Decrement the loop counter */
 139:Drivers/CMSIS/DSP/Source/BasicMathFunctions/arm_abs_q7.c ****     blkCnt--;
  48              		.loc 1 139 5 is_stmt 1 view .LVU8
  49              		.loc 1 139 11 is_stmt 0 view .LVU9
  50 0008 013A     		subs	r2, r2, #1
  51              	.LVL4:
  52              	.L2:
 129:Drivers/CMSIS/DSP/Source/BasicMathFunctions/arm_abs_q7.c ****   {
  53              		.loc 1 129 17 is_stmt 1 view .LVU10
  54 000a 4AB1     		cbz	r2, .L6
 133:Drivers/CMSIS/DSP/Source/BasicMathFunctions/arm_abs_q7.c **** 
  55              		.loc 1 133 5 view .LVU11
  56              	.LVL5:
 133:Drivers/CMSIS/DSP/Source/BasicMathFunctions/arm_abs_q7.c **** 
  57              		.loc 1 133 8 is_stmt 0 view .LVU12
  58 000c 10F9013B 		ldrsb	r3, [r0], #1
  59              	.LVL6:
 136:Drivers/CMSIS/DSP/Source/BasicMathFunctions/arm_abs_q7.c **** 
  60              		.loc 1 136 5 is_stmt 1 view .LVU13
 136:Drivers/CMSIS/DSP/Source/BasicMathFunctions/arm_abs_q7.c **** 
  61              		.loc 1 136 13 is_stmt 0 view .LVU14
  62 0010 002B     		cmp	r3, #0
  63 0012 F7DC     		bgt	.L3
 136:Drivers/CMSIS/DSP/Source/BasicMathFunctions/arm_abs_q7.c **** 
  64              		.loc 1 136 13 discriminator 1 view .LVU15
  65 0014 13F1800F 		cmn	r3, #128
  66 0018 F3D0     		beq	.L5
 136:Drivers/CMSIS/DSP/Source/BasicMathFunctions/arm_abs_q7.c **** 
  67              		.loc 1 136 13 discriminator 3 view .LVU16
  68 001a 5B42     		rsbs	r3, r3, #0
  69              	.LVL7:
 136:Drivers/CMSIS/DSP/Source/BasicMathFunctions/arm_abs_q7.c **** 
  70              		.loc 1 136 13 discriminator 3 view .LVU17
  71 001c 5BB2     		sxtb	r3, r3
  72              	.LVL8:
 136:Drivers/CMSIS/DSP/Source/BasicMathFunctions/arm_abs_q7.c **** 
  73              		.loc 1 136 13 discriminator 3 view .LVU18
  74 001e F1E7     		b	.L3
  75              	.LVL9:
  76              	.L6:
 140:Drivers/CMSIS/DSP/Source/BasicMathFunctions/arm_abs_q7.c ****   }
 141:Drivers/CMSIS/DSP/Source/BasicMathFunctions/arm_abs_q7.c **** }
  77              		.loc 1 141 1 view .LVU19
  78 0020 7047     		bx	lr
  79              		.cfi_endproc
ARM GAS  C:\Users\Lamp\AppData\Local\Temp\ccpTodEJ.s 			page 5


  80              	.LFE100:
  82              		.text
  83              	.Letext0:
  84              		.file 2 "C:/ARM GNU Toolchain/arm-none-eabi/include/machine/_default_types.h"
  85              		.file 3 "C:/ARM GNU Toolchain/arm-none-eabi/include/sys/_stdint.h"
  86              		.file 4 "Drivers/CMSIS/DSP/Include/arm_math.h"
ARM GAS  C:\Users\Lamp\AppData\Local\Temp\ccpTodEJ.s 			page 6


DEFINED SYMBOLS
                            *ABS*:00000000 arm_abs_q7.c
C:\Users\Lamp\AppData\Local\Temp\ccpTodEJ.s:19     .text.arm_abs_q7:00000000 $t
C:\Users\Lamp\AppData\Local\Temp\ccpTodEJ.s:25     .text.arm_abs_q7:00000000 arm_abs_q7

NO UNDEFINED SYMBOLS
