ARM GAS  C:\Users\Lamp\AppData\Local\Temp\ccfI9GMA.s 			page 1


   1              		.cpu cortex-m3
   2              		.arch armv7-m
   3              		.fpu softvfp
   4              		.eabi_attribute 20, 1
   5              		.eabi_attribute 21, 1
   6              		.eabi_attribute 23, 3
   7              		.eabi_attribute 24, 1
   8              		.eabi_attribute 25, 1
   9              		.eabi_attribute 26, 1
  10              		.eabi_attribute 30, 1
  11              		.eabi_attribute 34, 1
  12              		.eabi_attribute 18, 4
  13              		.file	"arm_fir_interpolate_init_f32.c"
  14              		.text
  15              	.Ltext0:
  16              		.cfi_sections	.debug_frame
  17              		.file 1 "Drivers/CMSIS/DSP/Source/FilteringFunctions/arm_fir_interpolate_init_f32.c"
  18              		.section	.text.arm_fir_interpolate_init_f32,"ax",%progbits
  19              		.align	1
  20              		.global	arm_fir_interpolate_init_f32
  21              		.syntax unified
  22              		.thumb
  23              		.thumb_func
  25              	arm_fir_interpolate_init_f32:
  26              	.LVL0:
  27              	.LFB100:
   1:Drivers/CMSIS/DSP/Source/FilteringFunctions/arm_fir_interpolate_init_f32.c **** /* ----------------------------------------------------------------------
   2:Drivers/CMSIS/DSP/Source/FilteringFunctions/arm_fir_interpolate_init_f32.c ****  * Project:      CMSIS DSP Library
   3:Drivers/CMSIS/DSP/Source/FilteringFunctions/arm_fir_interpolate_init_f32.c ****  * Title:        arm_fir_interpolate_init_f32.c
   4:Drivers/CMSIS/DSP/Source/FilteringFunctions/arm_fir_interpolate_init_f32.c ****  * Description:  Floating-point FIR interpolator initialization function
   5:Drivers/CMSIS/DSP/Source/FilteringFunctions/arm_fir_interpolate_init_f32.c ****  *
   6:Drivers/CMSIS/DSP/Source/FilteringFunctions/arm_fir_interpolate_init_f32.c ****  * $Date:        27. January 2017
   7:Drivers/CMSIS/DSP/Source/FilteringFunctions/arm_fir_interpolate_init_f32.c ****  * $Revision:    V.1.5.1
   8:Drivers/CMSIS/DSP/Source/FilteringFunctions/arm_fir_interpolate_init_f32.c ****  *
   9:Drivers/CMSIS/DSP/Source/FilteringFunctions/arm_fir_interpolate_init_f32.c ****  * Target Processor: Cortex-M cores
  10:Drivers/CMSIS/DSP/Source/FilteringFunctions/arm_fir_interpolate_init_f32.c ****  * -------------------------------------------------------------------- */
  11:Drivers/CMSIS/DSP/Source/FilteringFunctions/arm_fir_interpolate_init_f32.c **** /*
  12:Drivers/CMSIS/DSP/Source/FilteringFunctions/arm_fir_interpolate_init_f32.c ****  * Copyright (C) 2010-2017 ARM Limited or its affiliates. All rights reserved.
  13:Drivers/CMSIS/DSP/Source/FilteringFunctions/arm_fir_interpolate_init_f32.c ****  *
  14:Drivers/CMSIS/DSP/Source/FilteringFunctions/arm_fir_interpolate_init_f32.c ****  * SPDX-License-Identifier: Apache-2.0
  15:Drivers/CMSIS/DSP/Source/FilteringFunctions/arm_fir_interpolate_init_f32.c ****  *
  16:Drivers/CMSIS/DSP/Source/FilteringFunctions/arm_fir_interpolate_init_f32.c ****  * Licensed under the Apache License, Version 2.0 (the License); you may
  17:Drivers/CMSIS/DSP/Source/FilteringFunctions/arm_fir_interpolate_init_f32.c ****  * not use this file except in compliance with the License.
  18:Drivers/CMSIS/DSP/Source/FilteringFunctions/arm_fir_interpolate_init_f32.c ****  * You may obtain a copy of the License at
  19:Drivers/CMSIS/DSP/Source/FilteringFunctions/arm_fir_interpolate_init_f32.c ****  *
  20:Drivers/CMSIS/DSP/Source/FilteringFunctions/arm_fir_interpolate_init_f32.c ****  * www.apache.org/licenses/LICENSE-2.0
  21:Drivers/CMSIS/DSP/Source/FilteringFunctions/arm_fir_interpolate_init_f32.c ****  *
  22:Drivers/CMSIS/DSP/Source/FilteringFunctions/arm_fir_interpolate_init_f32.c ****  * Unless required by applicable law or agreed to in writing, software
  23:Drivers/CMSIS/DSP/Source/FilteringFunctions/arm_fir_interpolate_init_f32.c ****  * distributed under the License is distributed on an AS IS BASIS, WITHOUT
  24:Drivers/CMSIS/DSP/Source/FilteringFunctions/arm_fir_interpolate_init_f32.c ****  * WARRANTIES OR CONDITIONS OF ANY KIND, either express or implied.
  25:Drivers/CMSIS/DSP/Source/FilteringFunctions/arm_fir_interpolate_init_f32.c ****  * See the License for the specific language governing permissions and
  26:Drivers/CMSIS/DSP/Source/FilteringFunctions/arm_fir_interpolate_init_f32.c ****  * limitations under the License.
  27:Drivers/CMSIS/DSP/Source/FilteringFunctions/arm_fir_interpolate_init_f32.c ****  */
  28:Drivers/CMSIS/DSP/Source/FilteringFunctions/arm_fir_interpolate_init_f32.c **** 
  29:Drivers/CMSIS/DSP/Source/FilteringFunctions/arm_fir_interpolate_init_f32.c **** #include "arm_math.h"
  30:Drivers/CMSIS/DSP/Source/FilteringFunctions/arm_fir_interpolate_init_f32.c **** 
  31:Drivers/CMSIS/DSP/Source/FilteringFunctions/arm_fir_interpolate_init_f32.c **** /**
ARM GAS  C:\Users\Lamp\AppData\Local\Temp\ccfI9GMA.s 			page 2


  32:Drivers/CMSIS/DSP/Source/FilteringFunctions/arm_fir_interpolate_init_f32.c ****  * @ingroup groupFilters
  33:Drivers/CMSIS/DSP/Source/FilteringFunctions/arm_fir_interpolate_init_f32.c ****  */
  34:Drivers/CMSIS/DSP/Source/FilteringFunctions/arm_fir_interpolate_init_f32.c **** 
  35:Drivers/CMSIS/DSP/Source/FilteringFunctions/arm_fir_interpolate_init_f32.c **** /**
  36:Drivers/CMSIS/DSP/Source/FilteringFunctions/arm_fir_interpolate_init_f32.c ****  * @addtogroup FIR_Interpolate
  37:Drivers/CMSIS/DSP/Source/FilteringFunctions/arm_fir_interpolate_init_f32.c ****  * @{
  38:Drivers/CMSIS/DSP/Source/FilteringFunctions/arm_fir_interpolate_init_f32.c ****  */
  39:Drivers/CMSIS/DSP/Source/FilteringFunctions/arm_fir_interpolate_init_f32.c **** 
  40:Drivers/CMSIS/DSP/Source/FilteringFunctions/arm_fir_interpolate_init_f32.c **** /**
  41:Drivers/CMSIS/DSP/Source/FilteringFunctions/arm_fir_interpolate_init_f32.c ****  * @brief  Initialization function for the floating-point FIR interpolator.
  42:Drivers/CMSIS/DSP/Source/FilteringFunctions/arm_fir_interpolate_init_f32.c ****  * @param[in,out] *S        points to an instance of the floating-point FIR interpolator structure.
  43:Drivers/CMSIS/DSP/Source/FilteringFunctions/arm_fir_interpolate_init_f32.c ****  * @param[in]     L         upsample factor.
  44:Drivers/CMSIS/DSP/Source/FilteringFunctions/arm_fir_interpolate_init_f32.c ****  * @param[in]     numTaps   number of filter coefficients in the filter.
  45:Drivers/CMSIS/DSP/Source/FilteringFunctions/arm_fir_interpolate_init_f32.c ****  * @param[in]     *pCoeffs  points to the filter coefficient buffer.
  46:Drivers/CMSIS/DSP/Source/FilteringFunctions/arm_fir_interpolate_init_f32.c ****  * @param[in]     *pState   points to the state buffer.
  47:Drivers/CMSIS/DSP/Source/FilteringFunctions/arm_fir_interpolate_init_f32.c ****  * @param[in]     blockSize number of input samples to process per call.
  48:Drivers/CMSIS/DSP/Source/FilteringFunctions/arm_fir_interpolate_init_f32.c ****  * @return        The function returns ARM_MATH_SUCCESS if initialization was successful or ARM_MAT
  49:Drivers/CMSIS/DSP/Source/FilteringFunctions/arm_fir_interpolate_init_f32.c ****  * the filter length <code>numTaps</code> is not a multiple of the interpolation factor <code>L</co
  50:Drivers/CMSIS/DSP/Source/FilteringFunctions/arm_fir_interpolate_init_f32.c ****  *
  51:Drivers/CMSIS/DSP/Source/FilteringFunctions/arm_fir_interpolate_init_f32.c ****  * <b>Description:</b>
  52:Drivers/CMSIS/DSP/Source/FilteringFunctions/arm_fir_interpolate_init_f32.c ****  * \par
  53:Drivers/CMSIS/DSP/Source/FilteringFunctions/arm_fir_interpolate_init_f32.c ****  * <code>pCoeffs</code> points to the array of filter coefficients stored in time reversed order:
  54:Drivers/CMSIS/DSP/Source/FilteringFunctions/arm_fir_interpolate_init_f32.c ****  * <pre>
  55:Drivers/CMSIS/DSP/Source/FilteringFunctions/arm_fir_interpolate_init_f32.c ****  *    {b[numTaps-1], b[numTaps-2], b[numTaps-2], ..., b[1], b[0]}
  56:Drivers/CMSIS/DSP/Source/FilteringFunctions/arm_fir_interpolate_init_f32.c ****  * </pre>
  57:Drivers/CMSIS/DSP/Source/FilteringFunctions/arm_fir_interpolate_init_f32.c ****  * The length of the filter <code>numTaps</code> must be a multiple of the interpolation factor <co
  58:Drivers/CMSIS/DSP/Source/FilteringFunctions/arm_fir_interpolate_init_f32.c ****  * \par
  59:Drivers/CMSIS/DSP/Source/FilteringFunctions/arm_fir_interpolate_init_f32.c ****  * <code>pState</code> points to the array of state variables.
  60:Drivers/CMSIS/DSP/Source/FilteringFunctions/arm_fir_interpolate_init_f32.c ****  * <code>pState</code> is of length <code>(numTaps/L)+blockSize-1</code> words
  61:Drivers/CMSIS/DSP/Source/FilteringFunctions/arm_fir_interpolate_init_f32.c ****  * where <code>blockSize</code> is the number of input samples processed by each call to <code>arm_
  62:Drivers/CMSIS/DSP/Source/FilteringFunctions/arm_fir_interpolate_init_f32.c ****  */
  63:Drivers/CMSIS/DSP/Source/FilteringFunctions/arm_fir_interpolate_init_f32.c **** 
  64:Drivers/CMSIS/DSP/Source/FilteringFunctions/arm_fir_interpolate_init_f32.c **** arm_status arm_fir_interpolate_init_f32(
  65:Drivers/CMSIS/DSP/Source/FilteringFunctions/arm_fir_interpolate_init_f32.c ****   arm_fir_interpolate_instance_f32 * S,
  66:Drivers/CMSIS/DSP/Source/FilteringFunctions/arm_fir_interpolate_init_f32.c ****   uint8_t L,
  67:Drivers/CMSIS/DSP/Source/FilteringFunctions/arm_fir_interpolate_init_f32.c ****   uint16_t numTaps,
  68:Drivers/CMSIS/DSP/Source/FilteringFunctions/arm_fir_interpolate_init_f32.c ****   float32_t * pCoeffs,
  69:Drivers/CMSIS/DSP/Source/FilteringFunctions/arm_fir_interpolate_init_f32.c ****   float32_t * pState,
  70:Drivers/CMSIS/DSP/Source/FilteringFunctions/arm_fir_interpolate_init_f32.c ****   uint32_t blockSize)
  71:Drivers/CMSIS/DSP/Source/FilteringFunctions/arm_fir_interpolate_init_f32.c **** {
  28              		.loc 1 71 1 view -0
  29              		.cfi_startproc
  30              		@ args = 8, pretend = 0, frame = 0
  31              		@ frame_needed = 0, uses_anonymous_args = 0
  32              		.loc 1 71 1 is_stmt 0 view .LVU1
  33 0000 38B5     		push	{r3, r4, r5, lr}
  34              	.LCFI0:
  35              		.cfi_def_cfa_offset 16
  36              		.cfi_offset 3, -16
  37              		.cfi_offset 4, -12
  38              		.cfi_offset 5, -8
  39              		.cfi_offset 14, -4
  40 0002 0446     		mov	r4, r0
  41 0004 049D     		ldr	r5, [sp, #16]
  72:Drivers/CMSIS/DSP/Source/FilteringFunctions/arm_fir_interpolate_init_f32.c ****   arm_status status;
  42              		.loc 1 72 3 is_stmt 1 view .LVU2
  73:Drivers/CMSIS/DSP/Source/FilteringFunctions/arm_fir_interpolate_init_f32.c **** 
ARM GAS  C:\Users\Lamp\AppData\Local\Temp\ccfI9GMA.s 			page 3


  74:Drivers/CMSIS/DSP/Source/FilteringFunctions/arm_fir_interpolate_init_f32.c ****   /* The filter length must be a multiple of the interpolation factor */
  75:Drivers/CMSIS/DSP/Source/FilteringFunctions/arm_fir_interpolate_init_f32.c ****   if ((numTaps % L) != 0U)
  43              		.loc 1 75 3 view .LVU3
  44              		.loc 1 75 16 is_stmt 0 view .LVU4
  45 0006 92FBF1F0 		sdiv	r0, r2, r1
  46              	.LVL1:
  47              		.loc 1 75 16 view .LVU5
  48 000a 01FB1020 		mls	r0, r1, r0, r2
  49              		.loc 1 75 6 view .LVU6
  50 000e 78B9     		cbnz	r0, .L3
  76:Drivers/CMSIS/DSP/Source/FilteringFunctions/arm_fir_interpolate_init_f32.c ****   {
  77:Drivers/CMSIS/DSP/Source/FilteringFunctions/arm_fir_interpolate_init_f32.c ****     /* Set status as ARM_MATH_LENGTH_ERROR */
  78:Drivers/CMSIS/DSP/Source/FilteringFunctions/arm_fir_interpolate_init_f32.c ****     status = ARM_MATH_LENGTH_ERROR;
  79:Drivers/CMSIS/DSP/Source/FilteringFunctions/arm_fir_interpolate_init_f32.c ****   }
  80:Drivers/CMSIS/DSP/Source/FilteringFunctions/arm_fir_interpolate_init_f32.c ****   else
  81:Drivers/CMSIS/DSP/Source/FilteringFunctions/arm_fir_interpolate_init_f32.c ****   {
  82:Drivers/CMSIS/DSP/Source/FilteringFunctions/arm_fir_interpolate_init_f32.c **** 
  83:Drivers/CMSIS/DSP/Source/FilteringFunctions/arm_fir_interpolate_init_f32.c ****     /* Assign coefficient pointer */
  84:Drivers/CMSIS/DSP/Source/FilteringFunctions/arm_fir_interpolate_init_f32.c ****     S->pCoeffs = pCoeffs;
  51              		.loc 1 84 5 is_stmt 1 view .LVU7
  52              		.loc 1 84 16 is_stmt 0 view .LVU8
  53 0010 6360     		str	r3, [r4, #4]
  85:Drivers/CMSIS/DSP/Source/FilteringFunctions/arm_fir_interpolate_init_f32.c **** 
  86:Drivers/CMSIS/DSP/Source/FilteringFunctions/arm_fir_interpolate_init_f32.c ****     /* Assign Interpolation factor */
  87:Drivers/CMSIS/DSP/Source/FilteringFunctions/arm_fir_interpolate_init_f32.c ****     S->L = L;
  54              		.loc 1 87 5 is_stmt 1 view .LVU9
  55              		.loc 1 87 10 is_stmt 0 view .LVU10
  56 0012 2170     		strb	r1, [r4]
  88:Drivers/CMSIS/DSP/Source/FilteringFunctions/arm_fir_interpolate_init_f32.c **** 
  89:Drivers/CMSIS/DSP/Source/FilteringFunctions/arm_fir_interpolate_init_f32.c ****     /* Assign polyPhaseLength */
  90:Drivers/CMSIS/DSP/Source/FilteringFunctions/arm_fir_interpolate_init_f32.c ****     S->phaseLength = numTaps / L;
  57              		.loc 1 90 5 is_stmt 1 view .LVU11
  58              		.loc 1 90 30 is_stmt 0 view .LVU12
  59 0014 92FBF1F2 		sdiv	r2, r2, r1
  60              	.LVL2:
  61              		.loc 1 90 20 view .LVU13
  62 0018 6280     		strh	r2, [r4, #2]	@ movhi
  91:Drivers/CMSIS/DSP/Source/FilteringFunctions/arm_fir_interpolate_init_f32.c **** 
  92:Drivers/CMSIS/DSP/Source/FilteringFunctions/arm_fir_interpolate_init_f32.c ****     /* Clear state buffer and size of state array is always phaseLength + blockSize - 1 */
  93:Drivers/CMSIS/DSP/Source/FilteringFunctions/arm_fir_interpolate_init_f32.c ****     memset(pState, 0,
  63              		.loc 1 93 5 is_stmt 1 view .LVU14
  94:Drivers/CMSIS/DSP/Source/FilteringFunctions/arm_fir_interpolate_init_f32.c ****            (blockSize +
  64              		.loc 1 94 23 is_stmt 0 view .LVU15
  65 001a 059B     		ldr	r3, [sp, #20]
  66              	.LVL3:
  67              		.loc 1 94 23 view .LVU16
  68 001c 1A44     		add	r2, r2, r3
  69 001e 013A     		subs	r2, r2, #1
  93:Drivers/CMSIS/DSP/Source/FilteringFunctions/arm_fir_interpolate_init_f32.c ****            (blockSize +
  70              		.loc 1 93 5 view .LVU17
  71 0020 9200     		lsls	r2, r2, #2
  72 0022 0021     		movs	r1, #0
  73              	.LVL4:
  93:Drivers/CMSIS/DSP/Source/FilteringFunctions/arm_fir_interpolate_init_f32.c ****            (blockSize +
  74              		.loc 1 93 5 view .LVU18
  75 0024 2846     		mov	r0, r5
  76 0026 FFF7FEFF 		bl	memset
ARM GAS  C:\Users\Lamp\AppData\Local\Temp\ccfI9GMA.s 			page 4


  77              	.LVL5:
  95:Drivers/CMSIS/DSP/Source/FilteringFunctions/arm_fir_interpolate_init_f32.c ****             ((uint32_t) S->phaseLength - 1U)) * sizeof(float32_t));
  96:Drivers/CMSIS/DSP/Source/FilteringFunctions/arm_fir_interpolate_init_f32.c **** 
  97:Drivers/CMSIS/DSP/Source/FilteringFunctions/arm_fir_interpolate_init_f32.c ****     /* Assign state pointer */
  98:Drivers/CMSIS/DSP/Source/FilteringFunctions/arm_fir_interpolate_init_f32.c ****     S->pState = pState;
  78              		.loc 1 98 5 is_stmt 1 view .LVU19
  79              		.loc 1 98 15 is_stmt 0 view .LVU20
  80 002a A560     		str	r5, [r4, #8]
  99:Drivers/CMSIS/DSP/Source/FilteringFunctions/arm_fir_interpolate_init_f32.c **** 
 100:Drivers/CMSIS/DSP/Source/FilteringFunctions/arm_fir_interpolate_init_f32.c ****     status = ARM_MATH_SUCCESS;
  81              		.loc 1 100 5 is_stmt 1 view .LVU21
  82              	.LVL6:
  83              		.loc 1 100 12 is_stmt 0 view .LVU22
  84 002c 0020     		movs	r0, #0
  85              	.LVL7:
  86              	.L2:
 101:Drivers/CMSIS/DSP/Source/FilteringFunctions/arm_fir_interpolate_init_f32.c ****   }
 102:Drivers/CMSIS/DSP/Source/FilteringFunctions/arm_fir_interpolate_init_f32.c **** 
 103:Drivers/CMSIS/DSP/Source/FilteringFunctions/arm_fir_interpolate_init_f32.c ****   return (status);
  87              		.loc 1 103 3 is_stmt 1 view .LVU23
 104:Drivers/CMSIS/DSP/Source/FilteringFunctions/arm_fir_interpolate_init_f32.c **** 
 105:Drivers/CMSIS/DSP/Source/FilteringFunctions/arm_fir_interpolate_init_f32.c **** }
  88              		.loc 1 105 1 is_stmt 0 view .LVU24
  89 002e 38BD     		pop	{r3, r4, r5, pc}
  90              	.LVL8:
  91              	.L3:
  78:Drivers/CMSIS/DSP/Source/FilteringFunctions/arm_fir_interpolate_init_f32.c ****   }
  92              		.loc 1 78 12 view .LVU25
  93 0030 6FF00100 		mvn	r0, #1
  94 0034 FBE7     		b	.L2
  95              		.cfi_endproc
  96              	.LFE100:
  98              		.text
  99              	.Letext0:
 100              		.file 2 "C:/ARM GNU Toolchain/arm-none-eabi/include/machine/_default_types.h"
 101              		.file 3 "C:/ARM GNU Toolchain/arm-none-eabi/include/sys/_stdint.h"
 102              		.file 4 "C:/ARM GNU Toolchain/lib/gcc/arm-none-eabi/13.3.1/include/stddef.h"
 103              		.file 5 "Drivers/CMSIS/DSP/Include/arm_math.h"
 104              		.file 6 "C:/ARM GNU Toolchain/arm-none-eabi/include/string.h"
 105              		.file 7 "<built-in>"
ARM GAS  C:\Users\Lamp\AppData\Local\Temp\ccfI9GMA.s 			page 5


DEFINED SYMBOLS
                            *ABS*:00000000 arm_fir_interpolate_init_f32.c
C:\Users\Lamp\AppData\Local\Temp\ccfI9GMA.s:19     .text.arm_fir_interpolate_init_f32:00000000 $t
C:\Users\Lamp\AppData\Local\Temp\ccfI9GMA.s:25     .text.arm_fir_interpolate_init_f32:00000000 arm_fir_interpolate_init_f32

UNDEFINED SYMBOLS
memset
