ARM GAS  C:\Users\Lamp\AppData\Local\Temp\ccd93obd.s 			page 1


   1              		.cpu cortex-m3
   2              		.arch armv7-m
   3              		.fpu softvfp
   4              		.eabi_attribute 20, 1
   5              		.eabi_attribute 21, 1
   6              		.eabi_attribute 23, 3
   7              		.eabi_attribute 24, 1
   8              		.eabi_attribute 25, 1
   9              		.eabi_attribute 26, 1
  10              		.eabi_attribute 30, 1
  11              		.eabi_attribute 34, 1
  12              		.eabi_attribute 18, 4
  13              		.file	"arm_cmplx_mult_real_f32.c"
  14              		.text
  15              	.Ltext0:
  16              		.cfi_sections	.debug_frame
  17              		.file 1 "Drivers/CMSIS/DSP/Source/ComplexMathFunctions/arm_cmplx_mult_real_f32.c"
  18              		.global	__aeabi_fmul
  19              		.section	.text.arm_cmplx_mult_real_f32,"ax",%progbits
  20              		.align	1
  21              		.global	arm_cmplx_mult_real_f32
  22              		.syntax unified
  23              		.thumb
  24              		.thumb_func
  26              	arm_cmplx_mult_real_f32:
  27              	.LVL0:
  28              	.LFB100:
   1:Drivers/CMSIS/DSP/Source/ComplexMathFunctions/arm_cmplx_mult_real_f32.c **** /* ----------------------------------------------------------------------
   2:Drivers/CMSIS/DSP/Source/ComplexMathFunctions/arm_cmplx_mult_real_f32.c ****  * Project:      CMSIS DSP Library
   3:Drivers/CMSIS/DSP/Source/ComplexMathFunctions/arm_cmplx_mult_real_f32.c ****  * Title:        arm_cmplx_mult_real_f32.c
   4:Drivers/CMSIS/DSP/Source/ComplexMathFunctions/arm_cmplx_mult_real_f32.c ****  * Description:  Floating-point complex by real multiplication
   5:Drivers/CMSIS/DSP/Source/ComplexMathFunctions/arm_cmplx_mult_real_f32.c ****  *
   6:Drivers/CMSIS/DSP/Source/ComplexMathFunctions/arm_cmplx_mult_real_f32.c ****  * $Date:        27. January 2017
   7:Drivers/CMSIS/DSP/Source/ComplexMathFunctions/arm_cmplx_mult_real_f32.c ****  * $Revision:    V.1.5.1
   8:Drivers/CMSIS/DSP/Source/ComplexMathFunctions/arm_cmplx_mult_real_f32.c ****  *
   9:Drivers/CMSIS/DSP/Source/ComplexMathFunctions/arm_cmplx_mult_real_f32.c ****  * Target Processor: Cortex-M cores
  10:Drivers/CMSIS/DSP/Source/ComplexMathFunctions/arm_cmplx_mult_real_f32.c ****  * -------------------------------------------------------------------- */
  11:Drivers/CMSIS/DSP/Source/ComplexMathFunctions/arm_cmplx_mult_real_f32.c **** /*
  12:Drivers/CMSIS/DSP/Source/ComplexMathFunctions/arm_cmplx_mult_real_f32.c ****  * Copyright (C) 2010-2017 ARM Limited or its affiliates. All rights reserved.
  13:Drivers/CMSIS/DSP/Source/ComplexMathFunctions/arm_cmplx_mult_real_f32.c ****  *
  14:Drivers/CMSIS/DSP/Source/ComplexMathFunctions/arm_cmplx_mult_real_f32.c ****  * SPDX-License-Identifier: Apache-2.0
  15:Drivers/CMSIS/DSP/Source/ComplexMathFunctions/arm_cmplx_mult_real_f32.c ****  *
  16:Drivers/CMSIS/DSP/Source/ComplexMathFunctions/arm_cmplx_mult_real_f32.c ****  * Licensed under the Apache License, Version 2.0 (the License); you may
  17:Drivers/CMSIS/DSP/Source/ComplexMathFunctions/arm_cmplx_mult_real_f32.c ****  * not use this file except in compliance with the License.
  18:Drivers/CMSIS/DSP/Source/ComplexMathFunctions/arm_cmplx_mult_real_f32.c ****  * You may obtain a copy of the License at
  19:Drivers/CMSIS/DSP/Source/ComplexMathFunctions/arm_cmplx_mult_real_f32.c ****  *
  20:Drivers/CMSIS/DSP/Source/ComplexMathFunctions/arm_cmplx_mult_real_f32.c ****  * www.apache.org/licenses/LICENSE-2.0
  21:Drivers/CMSIS/DSP/Source/ComplexMathFunctions/arm_cmplx_mult_real_f32.c ****  *
  22:Drivers/CMSIS/DSP/Source/ComplexMathFunctions/arm_cmplx_mult_real_f32.c ****  * Unless required by applicable law or agreed to in writing, software
  23:Drivers/CMSIS/DSP/Source/ComplexMathFunctions/arm_cmplx_mult_real_f32.c ****  * distributed under the License is distributed on an AS IS BASIS, WITHOUT
  24:Drivers/CMSIS/DSP/Source/ComplexMathFunctions/arm_cmplx_mult_real_f32.c ****  * WARRANTIES OR CONDITIONS OF ANY KIND, either express or implied.
  25:Drivers/CMSIS/DSP/Source/ComplexMathFunctions/arm_cmplx_mult_real_f32.c ****  * See the License for the specific language governing permissions and
  26:Drivers/CMSIS/DSP/Source/ComplexMathFunctions/arm_cmplx_mult_real_f32.c ****  * limitations under the License.
  27:Drivers/CMSIS/DSP/Source/ComplexMathFunctions/arm_cmplx_mult_real_f32.c ****  */
  28:Drivers/CMSIS/DSP/Source/ComplexMathFunctions/arm_cmplx_mult_real_f32.c **** 
  29:Drivers/CMSIS/DSP/Source/ComplexMathFunctions/arm_cmplx_mult_real_f32.c **** #include "arm_math.h"
  30:Drivers/CMSIS/DSP/Source/ComplexMathFunctions/arm_cmplx_mult_real_f32.c **** 
ARM GAS  C:\Users\Lamp\AppData\Local\Temp\ccd93obd.s 			page 2


  31:Drivers/CMSIS/DSP/Source/ComplexMathFunctions/arm_cmplx_mult_real_f32.c **** /**
  32:Drivers/CMSIS/DSP/Source/ComplexMathFunctions/arm_cmplx_mult_real_f32.c ****  * @ingroup groupCmplxMath
  33:Drivers/CMSIS/DSP/Source/ComplexMathFunctions/arm_cmplx_mult_real_f32.c ****  */
  34:Drivers/CMSIS/DSP/Source/ComplexMathFunctions/arm_cmplx_mult_real_f32.c **** 
  35:Drivers/CMSIS/DSP/Source/ComplexMathFunctions/arm_cmplx_mult_real_f32.c **** /**
  36:Drivers/CMSIS/DSP/Source/ComplexMathFunctions/arm_cmplx_mult_real_f32.c ****  * @defgroup CmplxByRealMult Complex-by-Real Multiplication
  37:Drivers/CMSIS/DSP/Source/ComplexMathFunctions/arm_cmplx_mult_real_f32.c ****  *
  38:Drivers/CMSIS/DSP/Source/ComplexMathFunctions/arm_cmplx_mult_real_f32.c ****  * Multiplies a complex vector by a real vector and generates a complex result.
  39:Drivers/CMSIS/DSP/Source/ComplexMathFunctions/arm_cmplx_mult_real_f32.c ****  * The data in the complex arrays is stored in an interleaved fashion
  40:Drivers/CMSIS/DSP/Source/ComplexMathFunctions/arm_cmplx_mult_real_f32.c ****  * (real, imag, real, imag, ...).
  41:Drivers/CMSIS/DSP/Source/ComplexMathFunctions/arm_cmplx_mult_real_f32.c ****  * The parameter <code>numSamples</code> represents the number of complex
  42:Drivers/CMSIS/DSP/Source/ComplexMathFunctions/arm_cmplx_mult_real_f32.c ****  * samples processed.  The complex arrays have a total of <code>2*numSamples</code>
  43:Drivers/CMSIS/DSP/Source/ComplexMathFunctions/arm_cmplx_mult_real_f32.c ****  * real values while the real array has a total of <code>numSamples</code>
  44:Drivers/CMSIS/DSP/Source/ComplexMathFunctions/arm_cmplx_mult_real_f32.c ****  * real values.
  45:Drivers/CMSIS/DSP/Source/ComplexMathFunctions/arm_cmplx_mult_real_f32.c ****  *
  46:Drivers/CMSIS/DSP/Source/ComplexMathFunctions/arm_cmplx_mult_real_f32.c ****  * The underlying algorithm is used:
  47:Drivers/CMSIS/DSP/Source/ComplexMathFunctions/arm_cmplx_mult_real_f32.c ****  *
  48:Drivers/CMSIS/DSP/Source/ComplexMathFunctions/arm_cmplx_mult_real_f32.c ****  * <pre>
  49:Drivers/CMSIS/DSP/Source/ComplexMathFunctions/arm_cmplx_mult_real_f32.c ****  * for(n=0; n<numSamples; n++) {
  50:Drivers/CMSIS/DSP/Source/ComplexMathFunctions/arm_cmplx_mult_real_f32.c ****  *     pCmplxDst[(2*n)+0] = pSrcCmplx[(2*n)+0] * pSrcReal[n];
  51:Drivers/CMSIS/DSP/Source/ComplexMathFunctions/arm_cmplx_mult_real_f32.c ****  *     pCmplxDst[(2*n)+1] = pSrcCmplx[(2*n)+1] * pSrcReal[n];
  52:Drivers/CMSIS/DSP/Source/ComplexMathFunctions/arm_cmplx_mult_real_f32.c ****  * }
  53:Drivers/CMSIS/DSP/Source/ComplexMathFunctions/arm_cmplx_mult_real_f32.c ****  * </pre>
  54:Drivers/CMSIS/DSP/Source/ComplexMathFunctions/arm_cmplx_mult_real_f32.c ****  *
  55:Drivers/CMSIS/DSP/Source/ComplexMathFunctions/arm_cmplx_mult_real_f32.c ****  * There are separate functions for floating-point, Q15, and Q31 data types.
  56:Drivers/CMSIS/DSP/Source/ComplexMathFunctions/arm_cmplx_mult_real_f32.c ****  */
  57:Drivers/CMSIS/DSP/Source/ComplexMathFunctions/arm_cmplx_mult_real_f32.c **** 
  58:Drivers/CMSIS/DSP/Source/ComplexMathFunctions/arm_cmplx_mult_real_f32.c **** /**
  59:Drivers/CMSIS/DSP/Source/ComplexMathFunctions/arm_cmplx_mult_real_f32.c ****  * @addtogroup CmplxByRealMult
  60:Drivers/CMSIS/DSP/Source/ComplexMathFunctions/arm_cmplx_mult_real_f32.c ****  * @{
  61:Drivers/CMSIS/DSP/Source/ComplexMathFunctions/arm_cmplx_mult_real_f32.c ****  */
  62:Drivers/CMSIS/DSP/Source/ComplexMathFunctions/arm_cmplx_mult_real_f32.c **** 
  63:Drivers/CMSIS/DSP/Source/ComplexMathFunctions/arm_cmplx_mult_real_f32.c **** 
  64:Drivers/CMSIS/DSP/Source/ComplexMathFunctions/arm_cmplx_mult_real_f32.c **** /**
  65:Drivers/CMSIS/DSP/Source/ComplexMathFunctions/arm_cmplx_mult_real_f32.c ****  * @brief  Floating-point complex-by-real multiplication
  66:Drivers/CMSIS/DSP/Source/ComplexMathFunctions/arm_cmplx_mult_real_f32.c ****  * @param[in]  *pSrcCmplx points to the complex input vector
  67:Drivers/CMSIS/DSP/Source/ComplexMathFunctions/arm_cmplx_mult_real_f32.c ****  * @param[in]  *pSrcReal points to the real input vector
  68:Drivers/CMSIS/DSP/Source/ComplexMathFunctions/arm_cmplx_mult_real_f32.c ****  * @param[out]  *pCmplxDst points to the complex output vector
  69:Drivers/CMSIS/DSP/Source/ComplexMathFunctions/arm_cmplx_mult_real_f32.c ****  * @param[in]  numSamples number of samples in each vector
  70:Drivers/CMSIS/DSP/Source/ComplexMathFunctions/arm_cmplx_mult_real_f32.c ****  * @return none.
  71:Drivers/CMSIS/DSP/Source/ComplexMathFunctions/arm_cmplx_mult_real_f32.c ****  */
  72:Drivers/CMSIS/DSP/Source/ComplexMathFunctions/arm_cmplx_mult_real_f32.c **** 
  73:Drivers/CMSIS/DSP/Source/ComplexMathFunctions/arm_cmplx_mult_real_f32.c **** void arm_cmplx_mult_real_f32(
  74:Drivers/CMSIS/DSP/Source/ComplexMathFunctions/arm_cmplx_mult_real_f32.c ****   float32_t * pSrcCmplx,
  75:Drivers/CMSIS/DSP/Source/ComplexMathFunctions/arm_cmplx_mult_real_f32.c ****   float32_t * pSrcReal,
  76:Drivers/CMSIS/DSP/Source/ComplexMathFunctions/arm_cmplx_mult_real_f32.c ****   float32_t * pCmplxDst,
  77:Drivers/CMSIS/DSP/Source/ComplexMathFunctions/arm_cmplx_mult_real_f32.c ****   uint32_t numSamples)
  78:Drivers/CMSIS/DSP/Source/ComplexMathFunctions/arm_cmplx_mult_real_f32.c **** {
  29              		.loc 1 78 1 view -0
  30              		.cfi_startproc
  31              		@ args = 0, pretend = 0, frame = 0
  32              		@ frame_needed = 0, uses_anonymous_args = 0
  33              		.loc 1 78 1 is_stmt 0 view .LVU1
  34 0000 2DE9F047 		push	{r4, r5, r6, r7, r8, r9, r10, lr}
  35              	.LCFI0:
  36              		.cfi_def_cfa_offset 32
  37              		.cfi_offset 4, -32
ARM GAS  C:\Users\Lamp\AppData\Local\Temp\ccd93obd.s 			page 3


  38              		.cfi_offset 5, -28
  39              		.cfi_offset 6, -24
  40              		.cfi_offset 7, -20
  41              		.cfi_offset 8, -16
  42              		.cfi_offset 9, -12
  43              		.cfi_offset 10, -8
  44              		.cfi_offset 14, -4
  45 0004 8146     		mov	r9, r0
  46 0006 0C46     		mov	r4, r1
  47 0008 9046     		mov	r8, r2
  48 000a 1F46     		mov	r7, r3
  79:Drivers/CMSIS/DSP/Source/ComplexMathFunctions/arm_cmplx_mult_real_f32.c ****   float32_t in;                                  /* Temporary variable to store input value */
  49              		.loc 1 79 3 is_stmt 1 view .LVU2
  80:Drivers/CMSIS/DSP/Source/ComplexMathFunctions/arm_cmplx_mult_real_f32.c ****   uint32_t blkCnt;                               /* loop counters */
  50              		.loc 1 80 3 view .LVU3
  81:Drivers/CMSIS/DSP/Source/ComplexMathFunctions/arm_cmplx_mult_real_f32.c **** 
  82:Drivers/CMSIS/DSP/Source/ComplexMathFunctions/arm_cmplx_mult_real_f32.c **** #if defined (ARM_MATH_DSP)
  83:Drivers/CMSIS/DSP/Source/ComplexMathFunctions/arm_cmplx_mult_real_f32.c **** 
  84:Drivers/CMSIS/DSP/Source/ComplexMathFunctions/arm_cmplx_mult_real_f32.c ****   /* Run the below code for Cortex-M4 and Cortex-M3 */
  85:Drivers/CMSIS/DSP/Source/ComplexMathFunctions/arm_cmplx_mult_real_f32.c ****   float32_t inA1, inA2, inA3, inA4;              /* Temporary variables to hold input data */
  86:Drivers/CMSIS/DSP/Source/ComplexMathFunctions/arm_cmplx_mult_real_f32.c ****   float32_t inA5, inA6, inA7, inA8;              /* Temporary variables to hold input data */
  87:Drivers/CMSIS/DSP/Source/ComplexMathFunctions/arm_cmplx_mult_real_f32.c ****   float32_t inB1, inB2, inB3, inB4;              /* Temporary variables to hold input data */
  88:Drivers/CMSIS/DSP/Source/ComplexMathFunctions/arm_cmplx_mult_real_f32.c ****   float32_t out1, out2, out3, out4;              /* Temporary variables to hold output data */
  89:Drivers/CMSIS/DSP/Source/ComplexMathFunctions/arm_cmplx_mult_real_f32.c ****   float32_t out5, out6, out7, out8;              /* Temporary variables to hold output data */
  90:Drivers/CMSIS/DSP/Source/ComplexMathFunctions/arm_cmplx_mult_real_f32.c **** 
  91:Drivers/CMSIS/DSP/Source/ComplexMathFunctions/arm_cmplx_mult_real_f32.c ****   /* loop Unrolling */
  92:Drivers/CMSIS/DSP/Source/ComplexMathFunctions/arm_cmplx_mult_real_f32.c ****   blkCnt = numSamples >> 2U;
  93:Drivers/CMSIS/DSP/Source/ComplexMathFunctions/arm_cmplx_mult_real_f32.c **** 
  94:Drivers/CMSIS/DSP/Source/ComplexMathFunctions/arm_cmplx_mult_real_f32.c ****   /* First part of the processing with loop unrolling.  Compute 4 outputs at a time.
  95:Drivers/CMSIS/DSP/Source/ComplexMathFunctions/arm_cmplx_mult_real_f32.c ****    ** a second loop below computes the remaining 1 to 3 samples. */
  96:Drivers/CMSIS/DSP/Source/ComplexMathFunctions/arm_cmplx_mult_real_f32.c ****   while (blkCnt > 0U)
  97:Drivers/CMSIS/DSP/Source/ComplexMathFunctions/arm_cmplx_mult_real_f32.c ****   {
  98:Drivers/CMSIS/DSP/Source/ComplexMathFunctions/arm_cmplx_mult_real_f32.c ****     /* C[2 * i] = A[2 * i] * B[i].            */
  99:Drivers/CMSIS/DSP/Source/ComplexMathFunctions/arm_cmplx_mult_real_f32.c ****     /* C[2 * i + 1] = A[2 * i + 1] * B[i].        */
 100:Drivers/CMSIS/DSP/Source/ComplexMathFunctions/arm_cmplx_mult_real_f32.c ****     /* read input from complex input buffer */
 101:Drivers/CMSIS/DSP/Source/ComplexMathFunctions/arm_cmplx_mult_real_f32.c ****     inA1 = pSrcCmplx[0];
 102:Drivers/CMSIS/DSP/Source/ComplexMathFunctions/arm_cmplx_mult_real_f32.c ****     inA2 = pSrcCmplx[1];
 103:Drivers/CMSIS/DSP/Source/ComplexMathFunctions/arm_cmplx_mult_real_f32.c ****     /* read input from real input buffer */
 104:Drivers/CMSIS/DSP/Source/ComplexMathFunctions/arm_cmplx_mult_real_f32.c ****     inB1 = pSrcReal[0];
 105:Drivers/CMSIS/DSP/Source/ComplexMathFunctions/arm_cmplx_mult_real_f32.c **** 
 106:Drivers/CMSIS/DSP/Source/ComplexMathFunctions/arm_cmplx_mult_real_f32.c ****     /* read input from complex input buffer */
 107:Drivers/CMSIS/DSP/Source/ComplexMathFunctions/arm_cmplx_mult_real_f32.c ****     inA3 = pSrcCmplx[2];
 108:Drivers/CMSIS/DSP/Source/ComplexMathFunctions/arm_cmplx_mult_real_f32.c **** 
 109:Drivers/CMSIS/DSP/Source/ComplexMathFunctions/arm_cmplx_mult_real_f32.c ****     /* multiply complex buffer real input with real buffer input */
 110:Drivers/CMSIS/DSP/Source/ComplexMathFunctions/arm_cmplx_mult_real_f32.c ****     out1 = inA1 * inB1;
 111:Drivers/CMSIS/DSP/Source/ComplexMathFunctions/arm_cmplx_mult_real_f32.c **** 
 112:Drivers/CMSIS/DSP/Source/ComplexMathFunctions/arm_cmplx_mult_real_f32.c ****     /* read input from complex input buffer */
 113:Drivers/CMSIS/DSP/Source/ComplexMathFunctions/arm_cmplx_mult_real_f32.c ****     inA4 = pSrcCmplx[3];
 114:Drivers/CMSIS/DSP/Source/ComplexMathFunctions/arm_cmplx_mult_real_f32.c **** 
 115:Drivers/CMSIS/DSP/Source/ComplexMathFunctions/arm_cmplx_mult_real_f32.c ****     /* multiply complex buffer imaginary input with real buffer input */
 116:Drivers/CMSIS/DSP/Source/ComplexMathFunctions/arm_cmplx_mult_real_f32.c ****     out2 = inA2 * inB1;
 117:Drivers/CMSIS/DSP/Source/ComplexMathFunctions/arm_cmplx_mult_real_f32.c **** 
 118:Drivers/CMSIS/DSP/Source/ComplexMathFunctions/arm_cmplx_mult_real_f32.c ****     /* read input from real input buffer */
 119:Drivers/CMSIS/DSP/Source/ComplexMathFunctions/arm_cmplx_mult_real_f32.c ****     inB2 = pSrcReal[1];
 120:Drivers/CMSIS/DSP/Source/ComplexMathFunctions/arm_cmplx_mult_real_f32.c ****     /* read input from complex input buffer */
 121:Drivers/CMSIS/DSP/Source/ComplexMathFunctions/arm_cmplx_mult_real_f32.c ****     inA5 = pSrcCmplx[4];
 122:Drivers/CMSIS/DSP/Source/ComplexMathFunctions/arm_cmplx_mult_real_f32.c **** 
ARM GAS  C:\Users\Lamp\AppData\Local\Temp\ccd93obd.s 			page 4


 123:Drivers/CMSIS/DSP/Source/ComplexMathFunctions/arm_cmplx_mult_real_f32.c ****     /* multiply complex buffer real input with real buffer input */
 124:Drivers/CMSIS/DSP/Source/ComplexMathFunctions/arm_cmplx_mult_real_f32.c ****     out3 = inA3 * inB2;
 125:Drivers/CMSIS/DSP/Source/ComplexMathFunctions/arm_cmplx_mult_real_f32.c **** 
 126:Drivers/CMSIS/DSP/Source/ComplexMathFunctions/arm_cmplx_mult_real_f32.c ****     /* read input from complex input buffer */
 127:Drivers/CMSIS/DSP/Source/ComplexMathFunctions/arm_cmplx_mult_real_f32.c ****     inA6 = pSrcCmplx[5];
 128:Drivers/CMSIS/DSP/Source/ComplexMathFunctions/arm_cmplx_mult_real_f32.c ****     /* read input from real input buffer */
 129:Drivers/CMSIS/DSP/Source/ComplexMathFunctions/arm_cmplx_mult_real_f32.c ****     inB3 = pSrcReal[2];
 130:Drivers/CMSIS/DSP/Source/ComplexMathFunctions/arm_cmplx_mult_real_f32.c **** 
 131:Drivers/CMSIS/DSP/Source/ComplexMathFunctions/arm_cmplx_mult_real_f32.c ****     /* multiply complex buffer imaginary input with real buffer input */
 132:Drivers/CMSIS/DSP/Source/ComplexMathFunctions/arm_cmplx_mult_real_f32.c ****     out4 = inA4 * inB2;
 133:Drivers/CMSIS/DSP/Source/ComplexMathFunctions/arm_cmplx_mult_real_f32.c **** 
 134:Drivers/CMSIS/DSP/Source/ComplexMathFunctions/arm_cmplx_mult_real_f32.c ****     /* read input from complex input buffer */
 135:Drivers/CMSIS/DSP/Source/ComplexMathFunctions/arm_cmplx_mult_real_f32.c ****     inA7 = pSrcCmplx[6];
 136:Drivers/CMSIS/DSP/Source/ComplexMathFunctions/arm_cmplx_mult_real_f32.c **** 
 137:Drivers/CMSIS/DSP/Source/ComplexMathFunctions/arm_cmplx_mult_real_f32.c ****     /* multiply complex buffer real input with real buffer input */
 138:Drivers/CMSIS/DSP/Source/ComplexMathFunctions/arm_cmplx_mult_real_f32.c ****     out5 = inA5 * inB3;
 139:Drivers/CMSIS/DSP/Source/ComplexMathFunctions/arm_cmplx_mult_real_f32.c **** 
 140:Drivers/CMSIS/DSP/Source/ComplexMathFunctions/arm_cmplx_mult_real_f32.c ****     /* read input from complex input buffer */
 141:Drivers/CMSIS/DSP/Source/ComplexMathFunctions/arm_cmplx_mult_real_f32.c ****     inA8 = pSrcCmplx[7];
 142:Drivers/CMSIS/DSP/Source/ComplexMathFunctions/arm_cmplx_mult_real_f32.c **** 
 143:Drivers/CMSIS/DSP/Source/ComplexMathFunctions/arm_cmplx_mult_real_f32.c ****     /* multiply complex buffer imaginary input with real buffer input */
 144:Drivers/CMSIS/DSP/Source/ComplexMathFunctions/arm_cmplx_mult_real_f32.c ****     out6 = inA6 * inB3;
 145:Drivers/CMSIS/DSP/Source/ComplexMathFunctions/arm_cmplx_mult_real_f32.c **** 
 146:Drivers/CMSIS/DSP/Source/ComplexMathFunctions/arm_cmplx_mult_real_f32.c ****     /* read input from real input buffer */
 147:Drivers/CMSIS/DSP/Source/ComplexMathFunctions/arm_cmplx_mult_real_f32.c ****     inB4 = pSrcReal[3];
 148:Drivers/CMSIS/DSP/Source/ComplexMathFunctions/arm_cmplx_mult_real_f32.c **** 
 149:Drivers/CMSIS/DSP/Source/ComplexMathFunctions/arm_cmplx_mult_real_f32.c ****     /* store result to destination bufer */
 150:Drivers/CMSIS/DSP/Source/ComplexMathFunctions/arm_cmplx_mult_real_f32.c ****     pCmplxDst[0] = out1;
 151:Drivers/CMSIS/DSP/Source/ComplexMathFunctions/arm_cmplx_mult_real_f32.c **** 
 152:Drivers/CMSIS/DSP/Source/ComplexMathFunctions/arm_cmplx_mult_real_f32.c ****     /* multiply complex buffer real input with real buffer input */
 153:Drivers/CMSIS/DSP/Source/ComplexMathFunctions/arm_cmplx_mult_real_f32.c ****     out7 = inA7 * inB4;
 154:Drivers/CMSIS/DSP/Source/ComplexMathFunctions/arm_cmplx_mult_real_f32.c **** 
 155:Drivers/CMSIS/DSP/Source/ComplexMathFunctions/arm_cmplx_mult_real_f32.c ****     /* store result to destination bufer */
 156:Drivers/CMSIS/DSP/Source/ComplexMathFunctions/arm_cmplx_mult_real_f32.c ****     pCmplxDst[1] = out2;
 157:Drivers/CMSIS/DSP/Source/ComplexMathFunctions/arm_cmplx_mult_real_f32.c **** 
 158:Drivers/CMSIS/DSP/Source/ComplexMathFunctions/arm_cmplx_mult_real_f32.c ****     /* multiply complex buffer imaginary input with real buffer input */
 159:Drivers/CMSIS/DSP/Source/ComplexMathFunctions/arm_cmplx_mult_real_f32.c ****     out8 = inA8 * inB4;
 160:Drivers/CMSIS/DSP/Source/ComplexMathFunctions/arm_cmplx_mult_real_f32.c **** 
 161:Drivers/CMSIS/DSP/Source/ComplexMathFunctions/arm_cmplx_mult_real_f32.c ****     /* store result to destination bufer */
 162:Drivers/CMSIS/DSP/Source/ComplexMathFunctions/arm_cmplx_mult_real_f32.c ****     pCmplxDst[2] = out3;
 163:Drivers/CMSIS/DSP/Source/ComplexMathFunctions/arm_cmplx_mult_real_f32.c ****     pCmplxDst[3] = out4;
 164:Drivers/CMSIS/DSP/Source/ComplexMathFunctions/arm_cmplx_mult_real_f32.c ****     pCmplxDst[4] = out5;
 165:Drivers/CMSIS/DSP/Source/ComplexMathFunctions/arm_cmplx_mult_real_f32.c **** 
 166:Drivers/CMSIS/DSP/Source/ComplexMathFunctions/arm_cmplx_mult_real_f32.c ****     /* incremnet complex input buffer by 8 to process next samples */
 167:Drivers/CMSIS/DSP/Source/ComplexMathFunctions/arm_cmplx_mult_real_f32.c ****     pSrcCmplx += 8U;
 168:Drivers/CMSIS/DSP/Source/ComplexMathFunctions/arm_cmplx_mult_real_f32.c **** 
 169:Drivers/CMSIS/DSP/Source/ComplexMathFunctions/arm_cmplx_mult_real_f32.c ****     /* store result to destination bufer */
 170:Drivers/CMSIS/DSP/Source/ComplexMathFunctions/arm_cmplx_mult_real_f32.c ****     pCmplxDst[5] = out6;
 171:Drivers/CMSIS/DSP/Source/ComplexMathFunctions/arm_cmplx_mult_real_f32.c **** 
 172:Drivers/CMSIS/DSP/Source/ComplexMathFunctions/arm_cmplx_mult_real_f32.c ****     /* increment real input buffer by 4 to process next samples */
 173:Drivers/CMSIS/DSP/Source/ComplexMathFunctions/arm_cmplx_mult_real_f32.c ****     pSrcReal += 4U;
 174:Drivers/CMSIS/DSP/Source/ComplexMathFunctions/arm_cmplx_mult_real_f32.c **** 
 175:Drivers/CMSIS/DSP/Source/ComplexMathFunctions/arm_cmplx_mult_real_f32.c ****     /* store result to destination bufer */
 176:Drivers/CMSIS/DSP/Source/ComplexMathFunctions/arm_cmplx_mult_real_f32.c ****     pCmplxDst[6] = out7;
 177:Drivers/CMSIS/DSP/Source/ComplexMathFunctions/arm_cmplx_mult_real_f32.c ****     pCmplxDst[7] = out8;
 178:Drivers/CMSIS/DSP/Source/ComplexMathFunctions/arm_cmplx_mult_real_f32.c **** 
 179:Drivers/CMSIS/DSP/Source/ComplexMathFunctions/arm_cmplx_mult_real_f32.c ****     /* increment destination buffer by 8 to process next sampels */
ARM GAS  C:\Users\Lamp\AppData\Local\Temp\ccd93obd.s 			page 5


 180:Drivers/CMSIS/DSP/Source/ComplexMathFunctions/arm_cmplx_mult_real_f32.c ****     pCmplxDst += 8U;
 181:Drivers/CMSIS/DSP/Source/ComplexMathFunctions/arm_cmplx_mult_real_f32.c **** 
 182:Drivers/CMSIS/DSP/Source/ComplexMathFunctions/arm_cmplx_mult_real_f32.c ****     /* Decrement the numSamples loop counter */
 183:Drivers/CMSIS/DSP/Source/ComplexMathFunctions/arm_cmplx_mult_real_f32.c ****     blkCnt--;
 184:Drivers/CMSIS/DSP/Source/ComplexMathFunctions/arm_cmplx_mult_real_f32.c ****   }
 185:Drivers/CMSIS/DSP/Source/ComplexMathFunctions/arm_cmplx_mult_real_f32.c **** 
 186:Drivers/CMSIS/DSP/Source/ComplexMathFunctions/arm_cmplx_mult_real_f32.c ****   /* If the numSamples is not a multiple of 4, compute any remaining output samples here.
 187:Drivers/CMSIS/DSP/Source/ComplexMathFunctions/arm_cmplx_mult_real_f32.c ****    ** No loop unrolling is used. */
 188:Drivers/CMSIS/DSP/Source/ComplexMathFunctions/arm_cmplx_mult_real_f32.c ****   blkCnt = numSamples % 0x4U;
 189:Drivers/CMSIS/DSP/Source/ComplexMathFunctions/arm_cmplx_mult_real_f32.c **** 
 190:Drivers/CMSIS/DSP/Source/ComplexMathFunctions/arm_cmplx_mult_real_f32.c **** #else
 191:Drivers/CMSIS/DSP/Source/ComplexMathFunctions/arm_cmplx_mult_real_f32.c **** 
 192:Drivers/CMSIS/DSP/Source/ComplexMathFunctions/arm_cmplx_mult_real_f32.c ****   /* Run the below code for Cortex-M0 */
 193:Drivers/CMSIS/DSP/Source/ComplexMathFunctions/arm_cmplx_mult_real_f32.c ****   blkCnt = numSamples;
  51              		.loc 1 193 3 view .LVU4
  52              	.LVL1:
 194:Drivers/CMSIS/DSP/Source/ComplexMathFunctions/arm_cmplx_mult_real_f32.c **** 
 195:Drivers/CMSIS/DSP/Source/ComplexMathFunctions/arm_cmplx_mult_real_f32.c **** #endif /* #if defined (ARM_MATH_DSP) */
 196:Drivers/CMSIS/DSP/Source/ComplexMathFunctions/arm_cmplx_mult_real_f32.c **** 
 197:Drivers/CMSIS/DSP/Source/ComplexMathFunctions/arm_cmplx_mult_real_f32.c ****   while (blkCnt > 0U)
  53              		.loc 1 197 3 view .LVU5
  54              		.loc 1 197 9 is_stmt 0 view .LVU6
  55 000c 14E0     		b	.L2
  56              	.LVL2:
  57              	.L3:
 198:Drivers/CMSIS/DSP/Source/ComplexMathFunctions/arm_cmplx_mult_real_f32.c ****   {
 199:Drivers/CMSIS/DSP/Source/ComplexMathFunctions/arm_cmplx_mult_real_f32.c ****     /* C[2 * i] = A[2 * i] * B[i].            */
 200:Drivers/CMSIS/DSP/Source/ComplexMathFunctions/arm_cmplx_mult_real_f32.c ****     /* C[2 * i + 1] = A[2 * i + 1] * B[i].        */
 201:Drivers/CMSIS/DSP/Source/ComplexMathFunctions/arm_cmplx_mult_real_f32.c ****     in = *pSrcReal++;
  58              		.loc 1 201 5 is_stmt 1 view .LVU7
  59              		.loc 1 201 8 is_stmt 0 view .LVU8
  60 000e 54F804AB 		ldr	r10, [r4], #4	@ float
  61              	.LVL3:
 202:Drivers/CMSIS/DSP/Source/ComplexMathFunctions/arm_cmplx_mult_real_f32.c ****     /* store the result in the destination buffer. */
 203:Drivers/CMSIS/DSP/Source/ComplexMathFunctions/arm_cmplx_mult_real_f32.c ****     *pCmplxDst++ = (*pSrcCmplx++) * (in);
  62              		.loc 1 203 5 is_stmt 1 view .LVU9
  63              		.loc 1 203 21 is_stmt 0 view .LVU10
  64 0012 4D46     		mov	r5, r9
  65              	.LVL4:
  66              		.loc 1 203 35 view .LVU11
  67 0014 5146     		mov	r1, r10
  68 0016 55F8080B 		ldr	r0, [r5], #8	@ float
  69 001a FFF7FEFF 		bl	__aeabi_fmul
  70              	.LVL5:
  71              		.loc 1 203 18 view .LVU12
  72 001e 4646     		mov	r6, r8
  73 0020 46F8080B 		str	r0, [r6], #8	@ float
 204:Drivers/CMSIS/DSP/Source/ComplexMathFunctions/arm_cmplx_mult_real_f32.c ****     *pCmplxDst++ = (*pSrcCmplx++) * (in);
  74              		.loc 1 204 5 is_stmt 1 view .LVU13
  75              	.LVL6:
  76              		.loc 1 204 35 is_stmt 0 view .LVU14
  77 0024 5146     		mov	r1, r10
  78 0026 D9F80400 		ldr	r0, [r9, #4]	@ float
  79 002a FFF7FEFF 		bl	__aeabi_fmul
  80              	.LVL7:
  81              		.loc 1 204 18 view .LVU15
  82 002e C8F80400 		str	r0, [r8, #4]	@ float
ARM GAS  C:\Users\Lamp\AppData\Local\Temp\ccd93obd.s 			page 6


 205:Drivers/CMSIS/DSP/Source/ComplexMathFunctions/arm_cmplx_mult_real_f32.c **** 
 206:Drivers/CMSIS/DSP/Source/ComplexMathFunctions/arm_cmplx_mult_real_f32.c ****     /* Decrement the numSamples loop counter */
 207:Drivers/CMSIS/DSP/Source/ComplexMathFunctions/arm_cmplx_mult_real_f32.c ****     blkCnt--;
  83              		.loc 1 207 5 is_stmt 1 view .LVU16
  84              		.loc 1 207 11 is_stmt 0 view .LVU17
  85 0032 013F     		subs	r7, r7, #1
  86              	.LVL8:
 204:Drivers/CMSIS/DSP/Source/ComplexMathFunctions/arm_cmplx_mult_real_f32.c ****     *pCmplxDst++ = (*pSrcCmplx++) * (in);
  87              		.loc 1 204 15 view .LVU18
  88 0034 B046     		mov	r8, r6
 204:Drivers/CMSIS/DSP/Source/ComplexMathFunctions/arm_cmplx_mult_real_f32.c ****     *pCmplxDst++ = (*pSrcCmplx++) * (in);
  89              		.loc 1 204 31 view .LVU19
  90 0036 A946     		mov	r9, r5
  91              	.LVL9:
  92              	.L2:
 197:Drivers/CMSIS/DSP/Source/ComplexMathFunctions/arm_cmplx_mult_real_f32.c ****   {
  93              		.loc 1 197 17 is_stmt 1 view .LVU20
  94 0038 002F     		cmp	r7, #0
  95 003a E8D1     		bne	.L3
 208:Drivers/CMSIS/DSP/Source/ComplexMathFunctions/arm_cmplx_mult_real_f32.c ****   }
 209:Drivers/CMSIS/DSP/Source/ComplexMathFunctions/arm_cmplx_mult_real_f32.c **** }
  96              		.loc 1 209 1 is_stmt 0 view .LVU21
  97 003c BDE8F087 		pop	{r4, r5, r6, r7, r8, r9, r10, pc}
  98              		.loc 1 209 1 view .LVU22
  99              		.cfi_endproc
 100              	.LFE100:
 102              		.text
 103              	.Letext0:
 104              		.file 2 "C:/ARM GNU Toolchain/arm-none-eabi/include/machine/_default_types.h"
 105              		.file 3 "C:/ARM GNU Toolchain/arm-none-eabi/include/sys/_stdint.h"
 106              		.file 4 "Drivers/CMSIS/DSP/Include/arm_math.h"
ARM GAS  C:\Users\Lamp\AppData\Local\Temp\ccd93obd.s 			page 7


DEFINED SYMBOLS
                            *ABS*:00000000 arm_cmplx_mult_real_f32.c
C:\Users\Lamp\AppData\Local\Temp\ccd93obd.s:20     .text.arm_cmplx_mult_real_f32:00000000 $t
C:\Users\Lamp\AppData\Local\Temp\ccd93obd.s:26     .text.arm_cmplx_mult_real_f32:00000000 arm_cmplx_mult_real_f32

UNDEFINED SYMBOLS
__aeabi_fmul
