ARM GAS  C:\Users\Lamp\AppData\Local\Temp\ccmq3DPA.s 			page 1


   1              		.cpu cortex-m3
   2              		.arch armv7-m
   3              		.fpu softvfp
   4              		.eabi_attribute 20, 1
   5              		.eabi_attribute 21, 1
   6              		.eabi_attribute 23, 3
   7              		.eabi_attribute 24, 1
   8              		.eabi_attribute 25, 1
   9              		.eabi_attribute 26, 1
  10              		.eabi_attribute 30, 1
  11              		.eabi_attribute 34, 1
  12              		.eabi_attribute 18, 4
  13              		.file	"arm_rms_q15.c"
  14              		.text
  15              	.Ltext0:
  16              		.cfi_sections	.debug_frame
  17              		.file 1 "Drivers/CMSIS/DSP/Source/StatisticsFunctions/arm_rms_q15.c"
  18              		.global	__aeabi_ldivmod
  19              		.section	.text.arm_rms_q15,"ax",%progbits
  20              		.align	1
  21              		.global	arm_rms_q15
  22              		.syntax unified
  23              		.thumb
  24              		.thumb_func
  26              	arm_rms_q15:
  27              	.LVL0:
  28              	.LFB100:
   1:Drivers/CMSIS/DSP/Source/StatisticsFunctions/arm_rms_q15.c **** /* ----------------------------------------------------------------------
   2:Drivers/CMSIS/DSP/Source/StatisticsFunctions/arm_rms_q15.c ****  * Project:      CMSIS DSP Library
   3:Drivers/CMSIS/DSP/Source/StatisticsFunctions/arm_rms_q15.c ****  * Title:        arm_rms_q15.c
   4:Drivers/CMSIS/DSP/Source/StatisticsFunctions/arm_rms_q15.c ****  * Description:  Root Mean Square of the elements of a Q15 vector
   5:Drivers/CMSIS/DSP/Source/StatisticsFunctions/arm_rms_q15.c ****  *
   6:Drivers/CMSIS/DSP/Source/StatisticsFunctions/arm_rms_q15.c ****  * $Date:        27. January 2017
   7:Drivers/CMSIS/DSP/Source/StatisticsFunctions/arm_rms_q15.c ****  * $Revision:    V.1.5.1
   8:Drivers/CMSIS/DSP/Source/StatisticsFunctions/arm_rms_q15.c ****  *
   9:Drivers/CMSIS/DSP/Source/StatisticsFunctions/arm_rms_q15.c ****  * Target Processor: Cortex-M cores
  10:Drivers/CMSIS/DSP/Source/StatisticsFunctions/arm_rms_q15.c ****  * -------------------------------------------------------------------- */
  11:Drivers/CMSIS/DSP/Source/StatisticsFunctions/arm_rms_q15.c **** /*
  12:Drivers/CMSIS/DSP/Source/StatisticsFunctions/arm_rms_q15.c ****  * Copyright (C) 2010-2017 ARM Limited or its affiliates. All rights reserved.
  13:Drivers/CMSIS/DSP/Source/StatisticsFunctions/arm_rms_q15.c ****  *
  14:Drivers/CMSIS/DSP/Source/StatisticsFunctions/arm_rms_q15.c ****  * SPDX-License-Identifier: Apache-2.0
  15:Drivers/CMSIS/DSP/Source/StatisticsFunctions/arm_rms_q15.c ****  *
  16:Drivers/CMSIS/DSP/Source/StatisticsFunctions/arm_rms_q15.c ****  * Licensed under the Apache License, Version 2.0 (the License); you may
  17:Drivers/CMSIS/DSP/Source/StatisticsFunctions/arm_rms_q15.c ****  * not use this file except in compliance with the License.
  18:Drivers/CMSIS/DSP/Source/StatisticsFunctions/arm_rms_q15.c ****  * You may obtain a copy of the License at
  19:Drivers/CMSIS/DSP/Source/StatisticsFunctions/arm_rms_q15.c ****  *
  20:Drivers/CMSIS/DSP/Source/StatisticsFunctions/arm_rms_q15.c ****  * www.apache.org/licenses/LICENSE-2.0
  21:Drivers/CMSIS/DSP/Source/StatisticsFunctions/arm_rms_q15.c ****  *
  22:Drivers/CMSIS/DSP/Source/StatisticsFunctions/arm_rms_q15.c ****  * Unless required by applicable law or agreed to in writing, software
  23:Drivers/CMSIS/DSP/Source/StatisticsFunctions/arm_rms_q15.c ****  * distributed under the License is distributed on an AS IS BASIS, WITHOUT
  24:Drivers/CMSIS/DSP/Source/StatisticsFunctions/arm_rms_q15.c ****  * WARRANTIES OR CONDITIONS OF ANY KIND, either express or implied.
  25:Drivers/CMSIS/DSP/Source/StatisticsFunctions/arm_rms_q15.c ****  * See the License for the specific language governing permissions and
  26:Drivers/CMSIS/DSP/Source/StatisticsFunctions/arm_rms_q15.c ****  * limitations under the License.
  27:Drivers/CMSIS/DSP/Source/StatisticsFunctions/arm_rms_q15.c ****  */
  28:Drivers/CMSIS/DSP/Source/StatisticsFunctions/arm_rms_q15.c **** 
  29:Drivers/CMSIS/DSP/Source/StatisticsFunctions/arm_rms_q15.c **** #include "arm_math.h"
  30:Drivers/CMSIS/DSP/Source/StatisticsFunctions/arm_rms_q15.c **** 
ARM GAS  C:\Users\Lamp\AppData\Local\Temp\ccmq3DPA.s 			page 2


  31:Drivers/CMSIS/DSP/Source/StatisticsFunctions/arm_rms_q15.c **** /**
  32:Drivers/CMSIS/DSP/Source/StatisticsFunctions/arm_rms_q15.c ****  * @addtogroup RMS
  33:Drivers/CMSIS/DSP/Source/StatisticsFunctions/arm_rms_q15.c ****  * @{
  34:Drivers/CMSIS/DSP/Source/StatisticsFunctions/arm_rms_q15.c ****  */
  35:Drivers/CMSIS/DSP/Source/StatisticsFunctions/arm_rms_q15.c **** 
  36:Drivers/CMSIS/DSP/Source/StatisticsFunctions/arm_rms_q15.c **** /**
  37:Drivers/CMSIS/DSP/Source/StatisticsFunctions/arm_rms_q15.c ****  * @brief Root Mean Square of the elements of a Q15 vector.
  38:Drivers/CMSIS/DSP/Source/StatisticsFunctions/arm_rms_q15.c ****  * @param[in]       *pSrc points to the input vector
  39:Drivers/CMSIS/DSP/Source/StatisticsFunctions/arm_rms_q15.c ****  * @param[in]       blockSize length of the input vector
  40:Drivers/CMSIS/DSP/Source/StatisticsFunctions/arm_rms_q15.c ****  * @param[out]      *pResult rms value returned here
  41:Drivers/CMSIS/DSP/Source/StatisticsFunctions/arm_rms_q15.c ****  * @return none.
  42:Drivers/CMSIS/DSP/Source/StatisticsFunctions/arm_rms_q15.c ****  *
  43:Drivers/CMSIS/DSP/Source/StatisticsFunctions/arm_rms_q15.c ****  * @details
  44:Drivers/CMSIS/DSP/Source/StatisticsFunctions/arm_rms_q15.c ****  * <b>Scaling and Overflow Behavior:</b>
  45:Drivers/CMSIS/DSP/Source/StatisticsFunctions/arm_rms_q15.c ****  *
  46:Drivers/CMSIS/DSP/Source/StatisticsFunctions/arm_rms_q15.c ****  * \par
  47:Drivers/CMSIS/DSP/Source/StatisticsFunctions/arm_rms_q15.c ****  * The function is implemented using a 64-bit internal accumulator.
  48:Drivers/CMSIS/DSP/Source/StatisticsFunctions/arm_rms_q15.c ****  * The input is represented in 1.15 format.
  49:Drivers/CMSIS/DSP/Source/StatisticsFunctions/arm_rms_q15.c ****  * Intermediate multiplication yields a 2.30 format, and this
  50:Drivers/CMSIS/DSP/Source/StatisticsFunctions/arm_rms_q15.c ****  * result is added without saturation to a 64-bit accumulator in 34.30 format.
  51:Drivers/CMSIS/DSP/Source/StatisticsFunctions/arm_rms_q15.c ****  * With 33 guard bits in the accumulator, there is no risk of overflow, and the
  52:Drivers/CMSIS/DSP/Source/StatisticsFunctions/arm_rms_q15.c ****  * full precision of the intermediate multiplication is preserved.
  53:Drivers/CMSIS/DSP/Source/StatisticsFunctions/arm_rms_q15.c ****  * Finally, the 34.30 result is truncated to 34.15 format by discarding the lower
  54:Drivers/CMSIS/DSP/Source/StatisticsFunctions/arm_rms_q15.c ****  * 15 bits, and then saturated to yield a result in 1.15 format.
  55:Drivers/CMSIS/DSP/Source/StatisticsFunctions/arm_rms_q15.c ****  *
  56:Drivers/CMSIS/DSP/Source/StatisticsFunctions/arm_rms_q15.c ****  */
  57:Drivers/CMSIS/DSP/Source/StatisticsFunctions/arm_rms_q15.c **** 
  58:Drivers/CMSIS/DSP/Source/StatisticsFunctions/arm_rms_q15.c **** void arm_rms_q15(
  59:Drivers/CMSIS/DSP/Source/StatisticsFunctions/arm_rms_q15.c ****   q15_t * pSrc,
  60:Drivers/CMSIS/DSP/Source/StatisticsFunctions/arm_rms_q15.c ****   uint32_t blockSize,
  61:Drivers/CMSIS/DSP/Source/StatisticsFunctions/arm_rms_q15.c ****   q15_t * pResult)
  62:Drivers/CMSIS/DSP/Source/StatisticsFunctions/arm_rms_q15.c **** {
  29              		.loc 1 62 1 view -0
  30              		.cfi_startproc
  31              		@ args = 0, pretend = 0, frame = 0
  32              		@ frame_needed = 0, uses_anonymous_args = 0
  33              		.loc 1 62 1 is_stmt 0 view .LVU1
  34 0000 38B5     		push	{r3, r4, r5, lr}
  35              	.LCFI0:
  36              		.cfi_def_cfa_offset 16
  37              		.cfi_offset 3, -16
  38              		.cfi_offset 4, -12
  39              		.cfi_offset 5, -8
  40              		.cfi_offset 14, -4
  41 0002 8446     		mov	ip, r0
  42 0004 8E46     		mov	lr, r1
  43 0006 1546     		mov	r5, r2
  63:Drivers/CMSIS/DSP/Source/StatisticsFunctions/arm_rms_q15.c ****   q63_t sum = 0;                                 /* accumulator */
  44              		.loc 1 63 3 is_stmt 1 view .LVU2
  45              	.LVL1:
  64:Drivers/CMSIS/DSP/Source/StatisticsFunctions/arm_rms_q15.c **** 
  65:Drivers/CMSIS/DSP/Source/StatisticsFunctions/arm_rms_q15.c **** #if defined (ARM_MATH_DSP)
  66:Drivers/CMSIS/DSP/Source/StatisticsFunctions/arm_rms_q15.c ****   /* Run the below code for Cortex-M4 and Cortex-M3 */
  67:Drivers/CMSIS/DSP/Source/StatisticsFunctions/arm_rms_q15.c **** 
  68:Drivers/CMSIS/DSP/Source/StatisticsFunctions/arm_rms_q15.c ****   q31_t in;                                      /* temporary variable to store the input value */
  69:Drivers/CMSIS/DSP/Source/StatisticsFunctions/arm_rms_q15.c ****   q15_t in1;                                     /* temporary variable to store the input value */
  70:Drivers/CMSIS/DSP/Source/StatisticsFunctions/arm_rms_q15.c ****   uint32_t blkCnt;                               /* loop counter */
ARM GAS  C:\Users\Lamp\AppData\Local\Temp\ccmq3DPA.s 			page 3


  71:Drivers/CMSIS/DSP/Source/StatisticsFunctions/arm_rms_q15.c **** 
  72:Drivers/CMSIS/DSP/Source/StatisticsFunctions/arm_rms_q15.c ****   /* loop Unrolling */
  73:Drivers/CMSIS/DSP/Source/StatisticsFunctions/arm_rms_q15.c ****   blkCnt = blockSize >> 2U;
  74:Drivers/CMSIS/DSP/Source/StatisticsFunctions/arm_rms_q15.c **** 
  75:Drivers/CMSIS/DSP/Source/StatisticsFunctions/arm_rms_q15.c ****   /* First part of the processing with loop unrolling.  Compute 4 outputs at a time.
  76:Drivers/CMSIS/DSP/Source/StatisticsFunctions/arm_rms_q15.c ****    ** a second loop below computes the remaining 1 to 3 samples. */
  77:Drivers/CMSIS/DSP/Source/StatisticsFunctions/arm_rms_q15.c ****   while (blkCnt > 0U)
  78:Drivers/CMSIS/DSP/Source/StatisticsFunctions/arm_rms_q15.c ****   {
  79:Drivers/CMSIS/DSP/Source/StatisticsFunctions/arm_rms_q15.c ****     /* C = (A[0] * A[0] + A[1] * A[1] + ... + A[blockSize-1] * A[blockSize-1]) */
  80:Drivers/CMSIS/DSP/Source/StatisticsFunctions/arm_rms_q15.c ****     /* Compute sum of the squares and then store the results in a temporary variable, sum */
  81:Drivers/CMSIS/DSP/Source/StatisticsFunctions/arm_rms_q15.c ****     in = *__SIMD32(pSrc)++;
  82:Drivers/CMSIS/DSP/Source/StatisticsFunctions/arm_rms_q15.c ****     sum = __SMLALD(in, in, sum);
  83:Drivers/CMSIS/DSP/Source/StatisticsFunctions/arm_rms_q15.c ****     in = *__SIMD32(pSrc)++;
  84:Drivers/CMSIS/DSP/Source/StatisticsFunctions/arm_rms_q15.c ****     sum = __SMLALD(in, in, sum);
  85:Drivers/CMSIS/DSP/Source/StatisticsFunctions/arm_rms_q15.c **** 
  86:Drivers/CMSIS/DSP/Source/StatisticsFunctions/arm_rms_q15.c ****     /* Decrement the loop counter */
  87:Drivers/CMSIS/DSP/Source/StatisticsFunctions/arm_rms_q15.c ****     blkCnt--;
  88:Drivers/CMSIS/DSP/Source/StatisticsFunctions/arm_rms_q15.c ****   }
  89:Drivers/CMSIS/DSP/Source/StatisticsFunctions/arm_rms_q15.c **** 
  90:Drivers/CMSIS/DSP/Source/StatisticsFunctions/arm_rms_q15.c ****   /* If the blockSize is not a multiple of 4, compute any remaining output samples here.
  91:Drivers/CMSIS/DSP/Source/StatisticsFunctions/arm_rms_q15.c ****    ** No loop unrolling is used. */
  92:Drivers/CMSIS/DSP/Source/StatisticsFunctions/arm_rms_q15.c ****   blkCnt = blockSize % 0x4U;
  93:Drivers/CMSIS/DSP/Source/StatisticsFunctions/arm_rms_q15.c **** 
  94:Drivers/CMSIS/DSP/Source/StatisticsFunctions/arm_rms_q15.c ****   while (blkCnt > 0U)
  95:Drivers/CMSIS/DSP/Source/StatisticsFunctions/arm_rms_q15.c ****   {
  96:Drivers/CMSIS/DSP/Source/StatisticsFunctions/arm_rms_q15.c ****     /* C = (A[0] * A[0] + A[1] * A[1] + ... + A[blockSize-1] * A[blockSize-1]) */
  97:Drivers/CMSIS/DSP/Source/StatisticsFunctions/arm_rms_q15.c ****     /* Compute sum of the squares and then store the results in a temporary variable, sum */
  98:Drivers/CMSIS/DSP/Source/StatisticsFunctions/arm_rms_q15.c ****     in1 = *pSrc++;
  99:Drivers/CMSIS/DSP/Source/StatisticsFunctions/arm_rms_q15.c ****     sum = __SMLALD(in1, in1, sum);
 100:Drivers/CMSIS/DSP/Source/StatisticsFunctions/arm_rms_q15.c **** 
 101:Drivers/CMSIS/DSP/Source/StatisticsFunctions/arm_rms_q15.c ****     /* Decrement the loop counter */
 102:Drivers/CMSIS/DSP/Source/StatisticsFunctions/arm_rms_q15.c ****     blkCnt--;
 103:Drivers/CMSIS/DSP/Source/StatisticsFunctions/arm_rms_q15.c ****   }
 104:Drivers/CMSIS/DSP/Source/StatisticsFunctions/arm_rms_q15.c **** 
 105:Drivers/CMSIS/DSP/Source/StatisticsFunctions/arm_rms_q15.c ****   /* Truncating and saturating the accumulator to 1.15 format */
 106:Drivers/CMSIS/DSP/Source/StatisticsFunctions/arm_rms_q15.c ****   /* Store the result in the destination */
 107:Drivers/CMSIS/DSP/Source/StatisticsFunctions/arm_rms_q15.c ****   arm_sqrt_q15(__SSAT((sum / (q63_t)blockSize) >> 15, 16), pResult);
 108:Drivers/CMSIS/DSP/Source/StatisticsFunctions/arm_rms_q15.c **** 
 109:Drivers/CMSIS/DSP/Source/StatisticsFunctions/arm_rms_q15.c **** #else
 110:Drivers/CMSIS/DSP/Source/StatisticsFunctions/arm_rms_q15.c ****   /* Run the below code for Cortex-M0 */
 111:Drivers/CMSIS/DSP/Source/StatisticsFunctions/arm_rms_q15.c **** 
 112:Drivers/CMSIS/DSP/Source/StatisticsFunctions/arm_rms_q15.c ****   q15_t in;                                      /* temporary variable to store the input value */
  46              		.loc 1 112 3 view .LVU3
 113:Drivers/CMSIS/DSP/Source/StatisticsFunctions/arm_rms_q15.c ****   uint32_t blkCnt;                               /* loop counter */
  47              		.loc 1 113 3 view .LVU4
 114:Drivers/CMSIS/DSP/Source/StatisticsFunctions/arm_rms_q15.c **** 
 115:Drivers/CMSIS/DSP/Source/StatisticsFunctions/arm_rms_q15.c ****   /* Loop over blockSize number of values */
 116:Drivers/CMSIS/DSP/Source/StatisticsFunctions/arm_rms_q15.c ****   blkCnt = blockSize;
  48              		.loc 1 116 3 view .LVU5
 117:Drivers/CMSIS/DSP/Source/StatisticsFunctions/arm_rms_q15.c **** 
 118:Drivers/CMSIS/DSP/Source/StatisticsFunctions/arm_rms_q15.c ****   while (blkCnt > 0U)
  49              		.loc 1 118 3 view .LVU6
 116:Drivers/CMSIS/DSP/Source/StatisticsFunctions/arm_rms_q15.c **** 
  50              		.loc 1 116 10 is_stmt 0 view .LVU7
  51 0008 0C46     		mov	r4, r1
  63:Drivers/CMSIS/DSP/Source/StatisticsFunctions/arm_rms_q15.c **** 
  52              		.loc 1 63 9 view .LVU8
ARM GAS  C:\Users\Lamp\AppData\Local\Temp\ccmq3DPA.s 			page 4


  53 000a 0020     		movs	r0, #0
  54              	.LVL2:
  63:Drivers/CMSIS/DSP/Source/StatisticsFunctions/arm_rms_q15.c **** 
  55              		.loc 1 63 9 view .LVU9
  56 000c 0146     		mov	r1, r0
  57              	.LVL3:
  58              		.loc 1 118 9 view .LVU10
  59 000e 07E0     		b	.L2
  60              	.LVL4:
  61              	.L3:
 119:Drivers/CMSIS/DSP/Source/StatisticsFunctions/arm_rms_q15.c ****   {
 120:Drivers/CMSIS/DSP/Source/StatisticsFunctions/arm_rms_q15.c ****     /* C = (A[0] * A[0] + A[1] * A[1] + ... + A[blockSize-1] * A[blockSize-1]) */
 121:Drivers/CMSIS/DSP/Source/StatisticsFunctions/arm_rms_q15.c ****     /* Compute sum of the squares and then store the results in a temporary variable, sum */
 122:Drivers/CMSIS/DSP/Source/StatisticsFunctions/arm_rms_q15.c ****     in = *pSrc++;
  62              		.loc 1 122 5 is_stmt 1 view .LVU11
  63              		.loc 1 122 8 is_stmt 0 view .LVU12
  64 0010 3CF9023B 		ldrsh	r3, [ip], #2
  65              	.LVL5:
 123:Drivers/CMSIS/DSP/Source/StatisticsFunctions/arm_rms_q15.c ****     sum += ((q31_t) in * in);
  66              		.loc 1 123 5 is_stmt 1 view .LVU13
  67              		.loc 1 123 24 is_stmt 0 view .LVU14
  68 0014 03FB03F3 		mul	r3, r3, r3
  69              	.LVL6:
  70              		.loc 1 123 9 view .LVU15
  71 0018 1818     		adds	r0, r3, r0
  72              	.LVL7:
  73              		.loc 1 123 9 view .LVU16
  74 001a 41EBE371 		adc	r1, r1, r3, asr #31
  75              	.LVL8:
 124:Drivers/CMSIS/DSP/Source/StatisticsFunctions/arm_rms_q15.c **** 
 125:Drivers/CMSIS/DSP/Source/StatisticsFunctions/arm_rms_q15.c ****     /* Decrement the loop counter */
 126:Drivers/CMSIS/DSP/Source/StatisticsFunctions/arm_rms_q15.c ****     blkCnt--;
  76              		.loc 1 126 5 is_stmt 1 view .LVU17
  77              		.loc 1 126 11 is_stmt 0 view .LVU18
  78 001e 013C     		subs	r4, r4, #1
  79              	.LVL9:
  80              	.L2:
 118:Drivers/CMSIS/DSP/Source/StatisticsFunctions/arm_rms_q15.c ****   {
  81              		.loc 1 118 17 is_stmt 1 view .LVU19
  82 0020 002C     		cmp	r4, #0
  83 0022 F5D1     		bne	.L3
 127:Drivers/CMSIS/DSP/Source/StatisticsFunctions/arm_rms_q15.c ****   }
 128:Drivers/CMSIS/DSP/Source/StatisticsFunctions/arm_rms_q15.c **** 
 129:Drivers/CMSIS/DSP/Source/StatisticsFunctions/arm_rms_q15.c ****   /* Truncating and saturating the accumulator to 1.15 format */
 130:Drivers/CMSIS/DSP/Source/StatisticsFunctions/arm_rms_q15.c ****   /* Store the result in the destination */
 131:Drivers/CMSIS/DSP/Source/StatisticsFunctions/arm_rms_q15.c ****   arm_sqrt_q15(__SSAT((sum / (q63_t)blockSize) >> 15, 16), pResult);
  84              		.loc 1 131 3 view .LVU20
  85              	.LBB2:
  86              		.loc 1 131 16 view .LVU21
  87 0024 7246     		mov	r2, lr
  88              	.LVL10:
  89              		.loc 1 131 16 is_stmt 0 view .LVU22
  90 0026 0023     		movs	r3, #0
  91 0028 FFF7FEFF 		bl	__aeabi_ldivmod
  92              	.LVL11:
  93              		.loc 1 131 16 view .LVU23
  94 002c C00B     		lsrs	r0, r0, #15
ARM GAS  C:\Users\Lamp\AppData\Local\Temp\ccmq3DPA.s 			page 5


  95 002e 40EA4140 		orr	r0, r0, r1, lsl #17
  96              	.LVL12:
  97              		.loc 1 131 16 is_stmt 1 view .LVU24
  98              		.syntax unified
  99              	@ 131 "Drivers/CMSIS/DSP/Source/StatisticsFunctions/arm_rms_q15.c" 1
 100 0032 00F30F00 		ssat r0, #16, r0
 101              	@ 0 "" 2
 102              	.LVL13:
 103              		.loc 1 131 16 view .LVU25
 104              		.thumb
 105              		.syntax unified
 106              	.LBE2:
 107              		.loc 1 131 3 is_stmt 0 view .LVU26
 108 0036 2946     		mov	r1, r5
 109              		.loc 1 131 3 view .LVU27
 110 0038 00B2     		sxth	r0, r0
 111              	.LVL14:
 112              		.loc 1 131 3 view .LVU28
 113 003a FFF7FEFF 		bl	arm_sqrt_q15
 114              	.LVL15:
 132:Drivers/CMSIS/DSP/Source/StatisticsFunctions/arm_rms_q15.c **** 
 133:Drivers/CMSIS/DSP/Source/StatisticsFunctions/arm_rms_q15.c **** #endif /* #if defined (ARM_MATH_DSP) */
 134:Drivers/CMSIS/DSP/Source/StatisticsFunctions/arm_rms_q15.c **** 
 135:Drivers/CMSIS/DSP/Source/StatisticsFunctions/arm_rms_q15.c **** }
 115              		.loc 1 135 1 view .LVU29
 116 003e 38BD     		pop	{r3, r4, r5, pc}
 117              		.loc 1 135 1 view .LVU30
 118              		.cfi_endproc
 119              	.LFE100:
 121              		.text
 122              	.Letext0:
 123              		.file 2 "C:/ARM GNU Toolchain/arm-none-eabi/include/machine/_default_types.h"
 124              		.file 3 "C:/ARM GNU Toolchain/arm-none-eabi/include/sys/_stdint.h"
 125              		.file 4 "Drivers/CMSIS/DSP/Include/arm_math.h"
ARM GAS  C:\Users\Lamp\AppData\Local\Temp\ccmq3DPA.s 			page 6


DEFINED SYMBOLS
                            *ABS*:00000000 arm_rms_q15.c
C:\Users\Lamp\AppData\Local\Temp\ccmq3DPA.s:20     .text.arm_rms_q15:00000000 $t
C:\Users\Lamp\AppData\Local\Temp\ccmq3DPA.s:26     .text.arm_rms_q15:00000000 arm_rms_q15

UNDEFINED SYMBOLS
__aeabi_ldivmod
arm_sqrt_q15
