ARM GAS  C:\Users\Lamp\AppData\Local\Temp\ccBl1vnd.s 			page 1


   1              		.cpu cortex-m3
   2              		.arch armv7-m
   3              		.fpu softvfp
   4              		.eabi_attribute 20, 1
   5              		.eabi_attribute 21, 1
   6              		.eabi_attribute 23, 3
   7              		.eabi_attribute 24, 1
   8              		.eabi_attribute 25, 1
   9              		.eabi_attribute 26, 1
  10              		.eabi_attribute 30, 1
  11              		.eabi_attribute 34, 1
  12              		.eabi_attribute 18, 4
  13              		.file	"arm_dct4_q31.c"
  14              		.text
  15              	.Ltext0:
  16              		.cfi_sections	.debug_frame
  17              		.file 1 "Drivers/CMSIS/DSP/Source/TransformFunctions/arm_dct4_q31.c"
  18              		.section	.text.arm_dct4_q31,"ax",%progbits
  19              		.align	1
  20              		.global	arm_dct4_q31
  21              		.syntax unified
  22              		.thumb
  23              		.thumb_func
  25              	arm_dct4_q31:
  26              	.LVL0:
  27              	.LFB100:
   1:Drivers/CMSIS/DSP/Source/TransformFunctions/arm_dct4_q31.c **** /* ----------------------------------------------------------------------
   2:Drivers/CMSIS/DSP/Source/TransformFunctions/arm_dct4_q31.c ****  * Project:      CMSIS DSP Library
   3:Drivers/CMSIS/DSP/Source/TransformFunctions/arm_dct4_q31.c ****  * Title:        arm_dct4_q31.c
   4:Drivers/CMSIS/DSP/Source/TransformFunctions/arm_dct4_q31.c ****  * Description:  Processing function of DCT4 & IDCT4 Q31
   5:Drivers/CMSIS/DSP/Source/TransformFunctions/arm_dct4_q31.c ****  *
   6:Drivers/CMSIS/DSP/Source/TransformFunctions/arm_dct4_q31.c ****  * $Date:        27. January 2017
   7:Drivers/CMSIS/DSP/Source/TransformFunctions/arm_dct4_q31.c ****  * $Revision:    V.1.5.1
   8:Drivers/CMSIS/DSP/Source/TransformFunctions/arm_dct4_q31.c ****  *
   9:Drivers/CMSIS/DSP/Source/TransformFunctions/arm_dct4_q31.c ****  * Target Processor: Cortex-M cores
  10:Drivers/CMSIS/DSP/Source/TransformFunctions/arm_dct4_q31.c ****  * -------------------------------------------------------------------- */
  11:Drivers/CMSIS/DSP/Source/TransformFunctions/arm_dct4_q31.c **** /*
  12:Drivers/CMSIS/DSP/Source/TransformFunctions/arm_dct4_q31.c ****  * Copyright (C) 2010-2017 ARM Limited or its affiliates. All rights reserved.
  13:Drivers/CMSIS/DSP/Source/TransformFunctions/arm_dct4_q31.c ****  *
  14:Drivers/CMSIS/DSP/Source/TransformFunctions/arm_dct4_q31.c ****  * SPDX-License-Identifier: Apache-2.0
  15:Drivers/CMSIS/DSP/Source/TransformFunctions/arm_dct4_q31.c ****  *
  16:Drivers/CMSIS/DSP/Source/TransformFunctions/arm_dct4_q31.c ****  * Licensed under the Apache License, Version 2.0 (the License); you may
  17:Drivers/CMSIS/DSP/Source/TransformFunctions/arm_dct4_q31.c ****  * not use this file except in compliance with the License.
  18:Drivers/CMSIS/DSP/Source/TransformFunctions/arm_dct4_q31.c ****  * You may obtain a copy of the License at
  19:Drivers/CMSIS/DSP/Source/TransformFunctions/arm_dct4_q31.c ****  *
  20:Drivers/CMSIS/DSP/Source/TransformFunctions/arm_dct4_q31.c ****  * www.apache.org/licenses/LICENSE-2.0
  21:Drivers/CMSIS/DSP/Source/TransformFunctions/arm_dct4_q31.c ****  *
  22:Drivers/CMSIS/DSP/Source/TransformFunctions/arm_dct4_q31.c ****  * Unless required by applicable law or agreed to in writing, software
  23:Drivers/CMSIS/DSP/Source/TransformFunctions/arm_dct4_q31.c ****  * distributed under the License is distributed on an AS IS BASIS, WITHOUT
  24:Drivers/CMSIS/DSP/Source/TransformFunctions/arm_dct4_q31.c ****  * WARRANTIES OR CONDITIONS OF ANY KIND, either express or implied.
  25:Drivers/CMSIS/DSP/Source/TransformFunctions/arm_dct4_q31.c ****  * See the License for the specific language governing permissions and
  26:Drivers/CMSIS/DSP/Source/TransformFunctions/arm_dct4_q31.c ****  * limitations under the License.
  27:Drivers/CMSIS/DSP/Source/TransformFunctions/arm_dct4_q31.c ****  */
  28:Drivers/CMSIS/DSP/Source/TransformFunctions/arm_dct4_q31.c **** 
  29:Drivers/CMSIS/DSP/Source/TransformFunctions/arm_dct4_q31.c **** #include "arm_math.h"
  30:Drivers/CMSIS/DSP/Source/TransformFunctions/arm_dct4_q31.c **** 
  31:Drivers/CMSIS/DSP/Source/TransformFunctions/arm_dct4_q31.c **** /**
ARM GAS  C:\Users\Lamp\AppData\Local\Temp\ccBl1vnd.s 			page 2


  32:Drivers/CMSIS/DSP/Source/TransformFunctions/arm_dct4_q31.c ****  * @addtogroup DCT4_IDCT4
  33:Drivers/CMSIS/DSP/Source/TransformFunctions/arm_dct4_q31.c ****  * @{
  34:Drivers/CMSIS/DSP/Source/TransformFunctions/arm_dct4_q31.c ****  */
  35:Drivers/CMSIS/DSP/Source/TransformFunctions/arm_dct4_q31.c **** 
  36:Drivers/CMSIS/DSP/Source/TransformFunctions/arm_dct4_q31.c **** /**
  37:Drivers/CMSIS/DSP/Source/TransformFunctions/arm_dct4_q31.c ****  * @brief Processing function for the Q31 DCT4/IDCT4.
  38:Drivers/CMSIS/DSP/Source/TransformFunctions/arm_dct4_q31.c ****  * @param[in]       *S             points to an instance of the Q31 DCT4 structure.
  39:Drivers/CMSIS/DSP/Source/TransformFunctions/arm_dct4_q31.c ****  * @param[in]       *pState        points to state buffer.
  40:Drivers/CMSIS/DSP/Source/TransformFunctions/arm_dct4_q31.c ****  * @param[in,out]   *pInlineBuffer points to the in-place input and output buffer.
  41:Drivers/CMSIS/DSP/Source/TransformFunctions/arm_dct4_q31.c ****  * @return none.
  42:Drivers/CMSIS/DSP/Source/TransformFunctions/arm_dct4_q31.c ****  * \par Input an output formats:
  43:Drivers/CMSIS/DSP/Source/TransformFunctions/arm_dct4_q31.c ****  * Input samples need to be downscaled by 1 bit to avoid saturations in the Q31 DCT process,
  44:Drivers/CMSIS/DSP/Source/TransformFunctions/arm_dct4_q31.c ****  * as the conversion from DCT2 to DCT4 involves one subtraction.
  45:Drivers/CMSIS/DSP/Source/TransformFunctions/arm_dct4_q31.c ****  * Internally inputs are downscaled in the RFFT process function to avoid overflows.
  46:Drivers/CMSIS/DSP/Source/TransformFunctions/arm_dct4_q31.c ****  * Number of bits downscaled, depends on the size of the transform.
  47:Drivers/CMSIS/DSP/Source/TransformFunctions/arm_dct4_q31.c ****  * The input and output formats for different DCT sizes and number of bits to upscale are mentioned
  48:Drivers/CMSIS/DSP/Source/TransformFunctions/arm_dct4_q31.c ****  *
  49:Drivers/CMSIS/DSP/Source/TransformFunctions/arm_dct4_q31.c ****  * \image html dct4FormatsQ31Table.gif
  50:Drivers/CMSIS/DSP/Source/TransformFunctions/arm_dct4_q31.c ****  */
  51:Drivers/CMSIS/DSP/Source/TransformFunctions/arm_dct4_q31.c **** 
  52:Drivers/CMSIS/DSP/Source/TransformFunctions/arm_dct4_q31.c **** void arm_dct4_q31(
  53:Drivers/CMSIS/DSP/Source/TransformFunctions/arm_dct4_q31.c ****   const arm_dct4_instance_q31 * S,
  54:Drivers/CMSIS/DSP/Source/TransformFunctions/arm_dct4_q31.c ****   q31_t * pState,
  55:Drivers/CMSIS/DSP/Source/TransformFunctions/arm_dct4_q31.c ****   q31_t * pInlineBuffer)
  56:Drivers/CMSIS/DSP/Source/TransformFunctions/arm_dct4_q31.c **** {
  28              		.loc 1 56 1 view -0
  29              		.cfi_startproc
  30              		@ args = 0, pretend = 0, frame = 0
  31              		@ frame_needed = 0, uses_anonymous_args = 0
  32              		.loc 1 56 1 is_stmt 0 view .LVU1
  33 0000 F8B5     		push	{r3, r4, r5, r6, r7, lr}
  34              	.LCFI0:
  35              		.cfi_def_cfa_offset 24
  36              		.cfi_offset 3, -24
  37              		.cfi_offset 4, -20
  38              		.cfi_offset 5, -16
  39              		.cfi_offset 6, -12
  40              		.cfi_offset 7, -8
  41              		.cfi_offset 14, -4
  42 0002 0546     		mov	r5, r0
  43 0004 0E46     		mov	r6, r1
  44 0006 1446     		mov	r4, r2
  57:Drivers/CMSIS/DSP/Source/TransformFunctions/arm_dct4_q31.c ****   uint16_t i;                                    /* Loop counter */
  45              		.loc 1 57 3 is_stmt 1 view .LVU2
  58:Drivers/CMSIS/DSP/Source/TransformFunctions/arm_dct4_q31.c ****   q31_t *weights = S->pTwiddle;                  /* Pointer to the Weights table */
  46              		.loc 1 58 3 view .LVU3
  47              		.loc 1 58 10 is_stmt 0 view .LVU4
  48 0008 8768     		ldr	r7, [r0, #8]
  49              	.LVL1:
  59:Drivers/CMSIS/DSP/Source/TransformFunctions/arm_dct4_q31.c ****   q31_t *cosFact = S->pCosFactor;                /* Pointer to the cos factors table */
  50              		.loc 1 59 3 is_stmt 1 view .LVU5
  60:Drivers/CMSIS/DSP/Source/TransformFunctions/arm_dct4_q31.c ****   q31_t *pS1, *pS2, *pbuff;                      /* Temporary pointers for input buffer and pState 
  51              		.loc 1 60 3 view .LVU6
  61:Drivers/CMSIS/DSP/Source/TransformFunctions/arm_dct4_q31.c ****   q31_t in;                                      /* Temporary variable */
  52              		.loc 1 61 3 view .LVU7
  62:Drivers/CMSIS/DSP/Source/TransformFunctions/arm_dct4_q31.c **** 
  63:Drivers/CMSIS/DSP/Source/TransformFunctions/arm_dct4_q31.c **** 
ARM GAS  C:\Users\Lamp\AppData\Local\Temp\ccBl1vnd.s 			page 3


  64:Drivers/CMSIS/DSP/Source/TransformFunctions/arm_dct4_q31.c ****   /* DCT4 computation involves DCT2 (which is calculated using RFFT)
  65:Drivers/CMSIS/DSP/Source/TransformFunctions/arm_dct4_q31.c ****    * along with some pre-processing and post-processing.
  66:Drivers/CMSIS/DSP/Source/TransformFunctions/arm_dct4_q31.c ****    * Computational procedure is explained as follows:
  67:Drivers/CMSIS/DSP/Source/TransformFunctions/arm_dct4_q31.c ****    * (a) Pre-processing involves multiplying input with cos factor,
  68:Drivers/CMSIS/DSP/Source/TransformFunctions/arm_dct4_q31.c ****    *     r(n) = 2 * u(n) * cos(pi*(2*n+1)/(4*n))
  69:Drivers/CMSIS/DSP/Source/TransformFunctions/arm_dct4_q31.c ****    *              where,
  70:Drivers/CMSIS/DSP/Source/TransformFunctions/arm_dct4_q31.c ****    *                 r(n) -- output of preprocessing
  71:Drivers/CMSIS/DSP/Source/TransformFunctions/arm_dct4_q31.c ****    *                 u(n) -- input to preprocessing(actual Source buffer)
  72:Drivers/CMSIS/DSP/Source/TransformFunctions/arm_dct4_q31.c ****    * (b) Calculation of DCT2 using FFT is divided into three steps:
  73:Drivers/CMSIS/DSP/Source/TransformFunctions/arm_dct4_q31.c ****    *                  Step1: Re-ordering of even and odd elements of input.
  74:Drivers/CMSIS/DSP/Source/TransformFunctions/arm_dct4_q31.c ****    *                  Step2: Calculating FFT of the re-ordered input.
  75:Drivers/CMSIS/DSP/Source/TransformFunctions/arm_dct4_q31.c ****    *                  Step3: Taking the real part of the product of FFT output and weights.
  76:Drivers/CMSIS/DSP/Source/TransformFunctions/arm_dct4_q31.c ****    * (c) Post-processing - DCT4 can be obtained from DCT2 output using the following equation:
  77:Drivers/CMSIS/DSP/Source/TransformFunctions/arm_dct4_q31.c ****    *                   Y4(k) = Y2(k) - Y4(k-1) and Y4(-1) = Y4(0)
  78:Drivers/CMSIS/DSP/Source/TransformFunctions/arm_dct4_q31.c ****    *                        where,
  79:Drivers/CMSIS/DSP/Source/TransformFunctions/arm_dct4_q31.c ****    *                           Y4 -- DCT4 output,   Y2 -- DCT2 output
  80:Drivers/CMSIS/DSP/Source/TransformFunctions/arm_dct4_q31.c ****    * (d) Multiplying the output with the normalizing factor sqrt(2/N).
  81:Drivers/CMSIS/DSP/Source/TransformFunctions/arm_dct4_q31.c ****    */
  82:Drivers/CMSIS/DSP/Source/TransformFunctions/arm_dct4_q31.c **** 
  83:Drivers/CMSIS/DSP/Source/TransformFunctions/arm_dct4_q31.c ****         /*-------- Pre-processing ------------*/
  84:Drivers/CMSIS/DSP/Source/TransformFunctions/arm_dct4_q31.c ****   /* Multiplying input with cos factor i.e. r(n) = 2 * x(n) * cos(pi*(2*n+1)/(4*n)) */
  85:Drivers/CMSIS/DSP/Source/TransformFunctions/arm_dct4_q31.c ****   arm_mult_q31(pInlineBuffer, cosFact, pInlineBuffer, S->N);
  53              		.loc 1 85 3 view .LVU8
  54 000a 0388     		ldrh	r3, [r0]
  55 000c C168     		ldr	r1, [r0, #12]
  56              	.LVL2:
  57              		.loc 1 85 3 is_stmt 0 view .LVU9
  58 000e 1046     		mov	r0, r2
  59              	.LVL3:
  60              		.loc 1 85 3 view .LVU10
  61 0010 FFF7FEFF 		bl	arm_mult_q31
  62              	.LVL4:
  86:Drivers/CMSIS/DSP/Source/TransformFunctions/arm_dct4_q31.c ****   arm_shift_q31(pInlineBuffer, 1, pInlineBuffer, S->N);
  63              		.loc 1 86 3 is_stmt 1 view .LVU11
  64 0014 2B88     		ldrh	r3, [r5]
  65 0016 2246     		mov	r2, r4
  66 0018 0121     		movs	r1, #1
  67 001a 2046     		mov	r0, r4
  68 001c FFF7FEFF 		bl	arm_shift_q31
  69              	.LVL5:
  87:Drivers/CMSIS/DSP/Source/TransformFunctions/arm_dct4_q31.c **** 
  88:Drivers/CMSIS/DSP/Source/TransformFunctions/arm_dct4_q31.c ****   /* ----------------------------------------------------------------
  89:Drivers/CMSIS/DSP/Source/TransformFunctions/arm_dct4_q31.c ****    * Step1: Re-ordering of even and odd elements as
  90:Drivers/CMSIS/DSP/Source/TransformFunctions/arm_dct4_q31.c ****    *             pState[i] =  pInlineBuffer[2*i] and
  91:Drivers/CMSIS/DSP/Source/TransformFunctions/arm_dct4_q31.c ****    *             pState[N-i-1] = pInlineBuffer[2*i+1] where i = 0 to N/2
  92:Drivers/CMSIS/DSP/Source/TransformFunctions/arm_dct4_q31.c ****    ---------------------------------------------------------------------*/
  93:Drivers/CMSIS/DSP/Source/TransformFunctions/arm_dct4_q31.c **** 
  94:Drivers/CMSIS/DSP/Source/TransformFunctions/arm_dct4_q31.c ****   /* pS1 initialized to pState */
  95:Drivers/CMSIS/DSP/Source/TransformFunctions/arm_dct4_q31.c ****   pS1 = pState;
  70              		.loc 1 95 3 view .LVU12
  96:Drivers/CMSIS/DSP/Source/TransformFunctions/arm_dct4_q31.c **** 
  97:Drivers/CMSIS/DSP/Source/TransformFunctions/arm_dct4_q31.c ****   /* pS2 initialized to pState+N-1, so that it points to the end of the state buffer */
  98:Drivers/CMSIS/DSP/Source/TransformFunctions/arm_dct4_q31.c ****   pS2 = pState + (S->N - 1U);
  71              		.loc 1 98 3 view .LVU13
  72              		.loc 1 98 20 is_stmt 0 view .LVU14
  73 0020 2888     		ldrh	r0, [r5]
  74              		.loc 1 98 16 view .LVU15
ARM GAS  C:\Users\Lamp\AppData\Local\Temp\ccBl1vnd.s 			page 4


  75 0022 00F18040 		add	r0, r0, #1073741824
  76 0026 0138     		subs	r0, r0, #1
  77              		.loc 1 98 7 view .LVU16
  78 0028 06EB8000 		add	r0, r6, r0, lsl #2
  79              	.LVL6:
  99:Drivers/CMSIS/DSP/Source/TransformFunctions/arm_dct4_q31.c **** 
 100:Drivers/CMSIS/DSP/Source/TransformFunctions/arm_dct4_q31.c ****   /* pbuff initialized to input buffer */
 101:Drivers/CMSIS/DSP/Source/TransformFunctions/arm_dct4_q31.c ****   pbuff = pInlineBuffer;
  80              		.loc 1 101 3 is_stmt 1 view .LVU17
 102:Drivers/CMSIS/DSP/Source/TransformFunctions/arm_dct4_q31.c **** 
 103:Drivers/CMSIS/DSP/Source/TransformFunctions/arm_dct4_q31.c **** #if defined (ARM_MATH_DSP)
 104:Drivers/CMSIS/DSP/Source/TransformFunctions/arm_dct4_q31.c **** 
 105:Drivers/CMSIS/DSP/Source/TransformFunctions/arm_dct4_q31.c ****   /* Run the below code for Cortex-M4 and Cortex-M3 */
 106:Drivers/CMSIS/DSP/Source/TransformFunctions/arm_dct4_q31.c **** 
 107:Drivers/CMSIS/DSP/Source/TransformFunctions/arm_dct4_q31.c ****   /* Initializing the loop counter to N/2 >> 2 for loop unrolling by 4 */
 108:Drivers/CMSIS/DSP/Source/TransformFunctions/arm_dct4_q31.c ****   i = S->Nby2 >> 2U;
 109:Drivers/CMSIS/DSP/Source/TransformFunctions/arm_dct4_q31.c **** 
 110:Drivers/CMSIS/DSP/Source/TransformFunctions/arm_dct4_q31.c ****   /* First part of the processing with loop unrolling.  Compute 4 outputs at a time.
 111:Drivers/CMSIS/DSP/Source/TransformFunctions/arm_dct4_q31.c ****    ** a second loop below computes the remaining 1 to 3 samples. */
 112:Drivers/CMSIS/DSP/Source/TransformFunctions/arm_dct4_q31.c ****   do
 113:Drivers/CMSIS/DSP/Source/TransformFunctions/arm_dct4_q31.c ****   {
 114:Drivers/CMSIS/DSP/Source/TransformFunctions/arm_dct4_q31.c ****     /* Re-ordering of even and odd elements */
 115:Drivers/CMSIS/DSP/Source/TransformFunctions/arm_dct4_q31.c ****     /* pState[i] =  pInlineBuffer[2*i] */
 116:Drivers/CMSIS/DSP/Source/TransformFunctions/arm_dct4_q31.c ****     *pS1++ = *pbuff++;
 117:Drivers/CMSIS/DSP/Source/TransformFunctions/arm_dct4_q31.c ****     /* pState[N-i-1] = pInlineBuffer[2*i+1] */
 118:Drivers/CMSIS/DSP/Source/TransformFunctions/arm_dct4_q31.c ****     *pS2-- = *pbuff++;
 119:Drivers/CMSIS/DSP/Source/TransformFunctions/arm_dct4_q31.c **** 
 120:Drivers/CMSIS/DSP/Source/TransformFunctions/arm_dct4_q31.c ****     *pS1++ = *pbuff++;
 121:Drivers/CMSIS/DSP/Source/TransformFunctions/arm_dct4_q31.c ****     *pS2-- = *pbuff++;
 122:Drivers/CMSIS/DSP/Source/TransformFunctions/arm_dct4_q31.c **** 
 123:Drivers/CMSIS/DSP/Source/TransformFunctions/arm_dct4_q31.c ****     *pS1++ = *pbuff++;
 124:Drivers/CMSIS/DSP/Source/TransformFunctions/arm_dct4_q31.c ****     *pS2-- = *pbuff++;
 125:Drivers/CMSIS/DSP/Source/TransformFunctions/arm_dct4_q31.c **** 
 126:Drivers/CMSIS/DSP/Source/TransformFunctions/arm_dct4_q31.c ****     *pS1++ = *pbuff++;
 127:Drivers/CMSIS/DSP/Source/TransformFunctions/arm_dct4_q31.c ****     *pS2-- = *pbuff++;
 128:Drivers/CMSIS/DSP/Source/TransformFunctions/arm_dct4_q31.c **** 
 129:Drivers/CMSIS/DSP/Source/TransformFunctions/arm_dct4_q31.c ****     /* Decrement the loop counter */
 130:Drivers/CMSIS/DSP/Source/TransformFunctions/arm_dct4_q31.c ****     i--;
 131:Drivers/CMSIS/DSP/Source/TransformFunctions/arm_dct4_q31.c ****   } while (i > 0U);
 132:Drivers/CMSIS/DSP/Source/TransformFunctions/arm_dct4_q31.c **** 
 133:Drivers/CMSIS/DSP/Source/TransformFunctions/arm_dct4_q31.c ****   /* pbuff initialized to input buffer */
 134:Drivers/CMSIS/DSP/Source/TransformFunctions/arm_dct4_q31.c ****   pbuff = pInlineBuffer;
 135:Drivers/CMSIS/DSP/Source/TransformFunctions/arm_dct4_q31.c **** 
 136:Drivers/CMSIS/DSP/Source/TransformFunctions/arm_dct4_q31.c ****   /* pS1 initialized to pState */
 137:Drivers/CMSIS/DSP/Source/TransformFunctions/arm_dct4_q31.c ****   pS1 = pState;
 138:Drivers/CMSIS/DSP/Source/TransformFunctions/arm_dct4_q31.c **** 
 139:Drivers/CMSIS/DSP/Source/TransformFunctions/arm_dct4_q31.c ****   /* Initializing the loop counter to N/4 instead of N for loop unrolling */
 140:Drivers/CMSIS/DSP/Source/TransformFunctions/arm_dct4_q31.c ****   i = S->N >> 2U;
 141:Drivers/CMSIS/DSP/Source/TransformFunctions/arm_dct4_q31.c **** 
 142:Drivers/CMSIS/DSP/Source/TransformFunctions/arm_dct4_q31.c ****   /* Processing with loop unrolling 4 times as N is always multiple of 4.
 143:Drivers/CMSIS/DSP/Source/TransformFunctions/arm_dct4_q31.c ****    * Compute 4 outputs at a time */
 144:Drivers/CMSIS/DSP/Source/TransformFunctions/arm_dct4_q31.c ****   do
 145:Drivers/CMSIS/DSP/Source/TransformFunctions/arm_dct4_q31.c ****   {
 146:Drivers/CMSIS/DSP/Source/TransformFunctions/arm_dct4_q31.c ****     /* Writing the re-ordered output back to inplace input buffer */
 147:Drivers/CMSIS/DSP/Source/TransformFunctions/arm_dct4_q31.c ****     *pbuff++ = *pS1++;
 148:Drivers/CMSIS/DSP/Source/TransformFunctions/arm_dct4_q31.c ****     *pbuff++ = *pS1++;
 149:Drivers/CMSIS/DSP/Source/TransformFunctions/arm_dct4_q31.c ****     *pbuff++ = *pS1++;
ARM GAS  C:\Users\Lamp\AppData\Local\Temp\ccBl1vnd.s 			page 5


 150:Drivers/CMSIS/DSP/Source/TransformFunctions/arm_dct4_q31.c ****     *pbuff++ = *pS1++;
 151:Drivers/CMSIS/DSP/Source/TransformFunctions/arm_dct4_q31.c **** 
 152:Drivers/CMSIS/DSP/Source/TransformFunctions/arm_dct4_q31.c ****     /* Decrement the loop counter */
 153:Drivers/CMSIS/DSP/Source/TransformFunctions/arm_dct4_q31.c ****     i--;
 154:Drivers/CMSIS/DSP/Source/TransformFunctions/arm_dct4_q31.c ****   } while (i > 0U);
 155:Drivers/CMSIS/DSP/Source/TransformFunctions/arm_dct4_q31.c **** 
 156:Drivers/CMSIS/DSP/Source/TransformFunctions/arm_dct4_q31.c **** 
 157:Drivers/CMSIS/DSP/Source/TransformFunctions/arm_dct4_q31.c ****   /* ---------------------------------------------------------
 158:Drivers/CMSIS/DSP/Source/TransformFunctions/arm_dct4_q31.c ****    *     Step2: Calculate RFFT for N-point input
 159:Drivers/CMSIS/DSP/Source/TransformFunctions/arm_dct4_q31.c ****    * ---------------------------------------------------------- */
 160:Drivers/CMSIS/DSP/Source/TransformFunctions/arm_dct4_q31.c ****   /* pInlineBuffer is real input of length N , pState is the complex output of length 2N */
 161:Drivers/CMSIS/DSP/Source/TransformFunctions/arm_dct4_q31.c ****   arm_rfft_q31(S->pRfft, pInlineBuffer, pState);
 162:Drivers/CMSIS/DSP/Source/TransformFunctions/arm_dct4_q31.c **** 
 163:Drivers/CMSIS/DSP/Source/TransformFunctions/arm_dct4_q31.c ****   /*----------------------------------------------------------------------
 164:Drivers/CMSIS/DSP/Source/TransformFunctions/arm_dct4_q31.c ****    *  Step3: Multiply the FFT output with the weights.
 165:Drivers/CMSIS/DSP/Source/TransformFunctions/arm_dct4_q31.c ****    *----------------------------------------------------------------------*/
 166:Drivers/CMSIS/DSP/Source/TransformFunctions/arm_dct4_q31.c ****   arm_cmplx_mult_cmplx_q31(pState, weights, pState, S->N);
 167:Drivers/CMSIS/DSP/Source/TransformFunctions/arm_dct4_q31.c **** 
 168:Drivers/CMSIS/DSP/Source/TransformFunctions/arm_dct4_q31.c ****   /* The output of complex multiplication is in 3.29 format.
 169:Drivers/CMSIS/DSP/Source/TransformFunctions/arm_dct4_q31.c ****    * Hence changing the format of N (i.e. 2*N elements) complex numbers to 1.31 format by shifting 
 170:Drivers/CMSIS/DSP/Source/TransformFunctions/arm_dct4_q31.c ****   arm_shift_q31(pState, 2, pState, S->N * 2);
 171:Drivers/CMSIS/DSP/Source/TransformFunctions/arm_dct4_q31.c **** 
 172:Drivers/CMSIS/DSP/Source/TransformFunctions/arm_dct4_q31.c ****   /* ----------- Post-processing ---------- */
 173:Drivers/CMSIS/DSP/Source/TransformFunctions/arm_dct4_q31.c ****   /* DCT-IV can be obtained from DCT-II by the equation,
 174:Drivers/CMSIS/DSP/Source/TransformFunctions/arm_dct4_q31.c ****    *       Y4(k) = Y2(k) - Y4(k-1) and Y4(-1) = Y4(0)
 175:Drivers/CMSIS/DSP/Source/TransformFunctions/arm_dct4_q31.c ****    *       Hence, Y4(0) = Y2(0)/2  */
 176:Drivers/CMSIS/DSP/Source/TransformFunctions/arm_dct4_q31.c ****   /* Getting only real part from the output and Converting to DCT-IV */
 177:Drivers/CMSIS/DSP/Source/TransformFunctions/arm_dct4_q31.c **** 
 178:Drivers/CMSIS/DSP/Source/TransformFunctions/arm_dct4_q31.c ****   /* Initializing the loop counter to N >> 2 for loop unrolling by 4 */
 179:Drivers/CMSIS/DSP/Source/TransformFunctions/arm_dct4_q31.c ****   i = (S->N - 1U) >> 2U;
 180:Drivers/CMSIS/DSP/Source/TransformFunctions/arm_dct4_q31.c **** 
 181:Drivers/CMSIS/DSP/Source/TransformFunctions/arm_dct4_q31.c ****   /* pbuff initialized to input buffer. */
 182:Drivers/CMSIS/DSP/Source/TransformFunctions/arm_dct4_q31.c ****   pbuff = pInlineBuffer;
 183:Drivers/CMSIS/DSP/Source/TransformFunctions/arm_dct4_q31.c **** 
 184:Drivers/CMSIS/DSP/Source/TransformFunctions/arm_dct4_q31.c ****   /* pS1 initialized to pState */
 185:Drivers/CMSIS/DSP/Source/TransformFunctions/arm_dct4_q31.c ****   pS1 = pState;
 186:Drivers/CMSIS/DSP/Source/TransformFunctions/arm_dct4_q31.c **** 
 187:Drivers/CMSIS/DSP/Source/TransformFunctions/arm_dct4_q31.c ****   /* Calculating Y4(0) from Y2(0) using Y4(0) = Y2(0)/2 */
 188:Drivers/CMSIS/DSP/Source/TransformFunctions/arm_dct4_q31.c ****   in = *pS1++ >> 1U;
 189:Drivers/CMSIS/DSP/Source/TransformFunctions/arm_dct4_q31.c ****   /* input buffer acts as inplace, so output values are stored in the input itself. */
 190:Drivers/CMSIS/DSP/Source/TransformFunctions/arm_dct4_q31.c ****   *pbuff++ = in;
 191:Drivers/CMSIS/DSP/Source/TransformFunctions/arm_dct4_q31.c **** 
 192:Drivers/CMSIS/DSP/Source/TransformFunctions/arm_dct4_q31.c ****   /* pState pointer is incremented twice as the real values are located alternatively in the array 
 193:Drivers/CMSIS/DSP/Source/TransformFunctions/arm_dct4_q31.c ****   pS1++;
 194:Drivers/CMSIS/DSP/Source/TransformFunctions/arm_dct4_q31.c **** 
 195:Drivers/CMSIS/DSP/Source/TransformFunctions/arm_dct4_q31.c ****   /* First part of the processing with loop unrolling.  Compute 4 outputs at a time.
 196:Drivers/CMSIS/DSP/Source/TransformFunctions/arm_dct4_q31.c ****    ** a second loop below computes the remaining 1 to 3 samples. */
 197:Drivers/CMSIS/DSP/Source/TransformFunctions/arm_dct4_q31.c ****   do
 198:Drivers/CMSIS/DSP/Source/TransformFunctions/arm_dct4_q31.c ****   {
 199:Drivers/CMSIS/DSP/Source/TransformFunctions/arm_dct4_q31.c ****     /* Calculating Y4(1) to Y4(N-1) from Y2 using equation Y4(k) = Y2(k) - Y4(k-1) */
 200:Drivers/CMSIS/DSP/Source/TransformFunctions/arm_dct4_q31.c ****     /* pState pointer (pS1) is incremented twice as the real values are located alternatively in th
 201:Drivers/CMSIS/DSP/Source/TransformFunctions/arm_dct4_q31.c ****     in = *pS1++ - in;
 202:Drivers/CMSIS/DSP/Source/TransformFunctions/arm_dct4_q31.c ****     *pbuff++ = in;
 203:Drivers/CMSIS/DSP/Source/TransformFunctions/arm_dct4_q31.c ****     /* points to the next real value */
 204:Drivers/CMSIS/DSP/Source/TransformFunctions/arm_dct4_q31.c ****     pS1++;
 205:Drivers/CMSIS/DSP/Source/TransformFunctions/arm_dct4_q31.c **** 
 206:Drivers/CMSIS/DSP/Source/TransformFunctions/arm_dct4_q31.c ****     in = *pS1++ - in;
ARM GAS  C:\Users\Lamp\AppData\Local\Temp\ccBl1vnd.s 			page 6


 207:Drivers/CMSIS/DSP/Source/TransformFunctions/arm_dct4_q31.c ****     *pbuff++ = in;
 208:Drivers/CMSIS/DSP/Source/TransformFunctions/arm_dct4_q31.c ****     pS1++;
 209:Drivers/CMSIS/DSP/Source/TransformFunctions/arm_dct4_q31.c **** 
 210:Drivers/CMSIS/DSP/Source/TransformFunctions/arm_dct4_q31.c ****     in = *pS1++ - in;
 211:Drivers/CMSIS/DSP/Source/TransformFunctions/arm_dct4_q31.c ****     *pbuff++ = in;
 212:Drivers/CMSIS/DSP/Source/TransformFunctions/arm_dct4_q31.c ****     pS1++;
 213:Drivers/CMSIS/DSP/Source/TransformFunctions/arm_dct4_q31.c **** 
 214:Drivers/CMSIS/DSP/Source/TransformFunctions/arm_dct4_q31.c ****     in = *pS1++ - in;
 215:Drivers/CMSIS/DSP/Source/TransformFunctions/arm_dct4_q31.c ****     *pbuff++ = in;
 216:Drivers/CMSIS/DSP/Source/TransformFunctions/arm_dct4_q31.c ****     pS1++;
 217:Drivers/CMSIS/DSP/Source/TransformFunctions/arm_dct4_q31.c **** 
 218:Drivers/CMSIS/DSP/Source/TransformFunctions/arm_dct4_q31.c ****     /* Decrement the loop counter */
 219:Drivers/CMSIS/DSP/Source/TransformFunctions/arm_dct4_q31.c ****     i--;
 220:Drivers/CMSIS/DSP/Source/TransformFunctions/arm_dct4_q31.c ****   } while (i > 0U);
 221:Drivers/CMSIS/DSP/Source/TransformFunctions/arm_dct4_q31.c **** 
 222:Drivers/CMSIS/DSP/Source/TransformFunctions/arm_dct4_q31.c ****   /* If the blockSize is not a multiple of 4, compute any remaining output samples here.
 223:Drivers/CMSIS/DSP/Source/TransformFunctions/arm_dct4_q31.c ****    ** No loop unrolling is used. */
 224:Drivers/CMSIS/DSP/Source/TransformFunctions/arm_dct4_q31.c ****   i = (S->N - 1U) % 0x4U;
 225:Drivers/CMSIS/DSP/Source/TransformFunctions/arm_dct4_q31.c **** 
 226:Drivers/CMSIS/DSP/Source/TransformFunctions/arm_dct4_q31.c ****   while (i > 0U)
 227:Drivers/CMSIS/DSP/Source/TransformFunctions/arm_dct4_q31.c ****   {
 228:Drivers/CMSIS/DSP/Source/TransformFunctions/arm_dct4_q31.c ****     /* Calculating Y4(1) to Y4(N-1) from Y2 using equation Y4(k) = Y2(k) - Y4(k-1) */
 229:Drivers/CMSIS/DSP/Source/TransformFunctions/arm_dct4_q31.c ****     /* pState pointer (pS1) is incremented twice as the real values are located alternatively in th
 230:Drivers/CMSIS/DSP/Source/TransformFunctions/arm_dct4_q31.c ****     in = *pS1++ - in;
 231:Drivers/CMSIS/DSP/Source/TransformFunctions/arm_dct4_q31.c ****     *pbuff++ = in;
 232:Drivers/CMSIS/DSP/Source/TransformFunctions/arm_dct4_q31.c ****     /* points to the next real value */
 233:Drivers/CMSIS/DSP/Source/TransformFunctions/arm_dct4_q31.c ****     pS1++;
 234:Drivers/CMSIS/DSP/Source/TransformFunctions/arm_dct4_q31.c **** 
 235:Drivers/CMSIS/DSP/Source/TransformFunctions/arm_dct4_q31.c ****     /* Decrement the loop counter */
 236:Drivers/CMSIS/DSP/Source/TransformFunctions/arm_dct4_q31.c ****     i--;
 237:Drivers/CMSIS/DSP/Source/TransformFunctions/arm_dct4_q31.c ****   }
 238:Drivers/CMSIS/DSP/Source/TransformFunctions/arm_dct4_q31.c **** 
 239:Drivers/CMSIS/DSP/Source/TransformFunctions/arm_dct4_q31.c **** 
 240:Drivers/CMSIS/DSP/Source/TransformFunctions/arm_dct4_q31.c ****         /*------------ Normalizing the output by multiplying with the normalizing factor ----------
 241:Drivers/CMSIS/DSP/Source/TransformFunctions/arm_dct4_q31.c **** 
 242:Drivers/CMSIS/DSP/Source/TransformFunctions/arm_dct4_q31.c ****   /* Initializing the loop counter to N/4 instead of N for loop unrolling */
 243:Drivers/CMSIS/DSP/Source/TransformFunctions/arm_dct4_q31.c ****   i = S->N >> 2U;
 244:Drivers/CMSIS/DSP/Source/TransformFunctions/arm_dct4_q31.c **** 
 245:Drivers/CMSIS/DSP/Source/TransformFunctions/arm_dct4_q31.c ****   /* pbuff initialized to the pInlineBuffer(now contains the output values) */
 246:Drivers/CMSIS/DSP/Source/TransformFunctions/arm_dct4_q31.c ****   pbuff = pInlineBuffer;
 247:Drivers/CMSIS/DSP/Source/TransformFunctions/arm_dct4_q31.c **** 
 248:Drivers/CMSIS/DSP/Source/TransformFunctions/arm_dct4_q31.c ****   /* Processing with loop unrolling 4 times as N is always multiple of 4.  Compute 4 outputs at a t
 249:Drivers/CMSIS/DSP/Source/TransformFunctions/arm_dct4_q31.c ****   do
 250:Drivers/CMSIS/DSP/Source/TransformFunctions/arm_dct4_q31.c ****   {
 251:Drivers/CMSIS/DSP/Source/TransformFunctions/arm_dct4_q31.c ****     /* Multiplying pInlineBuffer with the normalizing factor sqrt(2/N) */
 252:Drivers/CMSIS/DSP/Source/TransformFunctions/arm_dct4_q31.c ****     in = *pbuff;
 253:Drivers/CMSIS/DSP/Source/TransformFunctions/arm_dct4_q31.c ****     *pbuff++ = ((q31_t) (((q63_t) in * S->normalize) >> 31));
 254:Drivers/CMSIS/DSP/Source/TransformFunctions/arm_dct4_q31.c **** 
 255:Drivers/CMSIS/DSP/Source/TransformFunctions/arm_dct4_q31.c ****     in = *pbuff;
 256:Drivers/CMSIS/DSP/Source/TransformFunctions/arm_dct4_q31.c ****     *pbuff++ = ((q31_t) (((q63_t) in * S->normalize) >> 31));
 257:Drivers/CMSIS/DSP/Source/TransformFunctions/arm_dct4_q31.c **** 
 258:Drivers/CMSIS/DSP/Source/TransformFunctions/arm_dct4_q31.c ****     in = *pbuff;
 259:Drivers/CMSIS/DSP/Source/TransformFunctions/arm_dct4_q31.c ****     *pbuff++ = ((q31_t) (((q63_t) in * S->normalize) >> 31));
 260:Drivers/CMSIS/DSP/Source/TransformFunctions/arm_dct4_q31.c **** 
 261:Drivers/CMSIS/DSP/Source/TransformFunctions/arm_dct4_q31.c ****     in = *pbuff;
 262:Drivers/CMSIS/DSP/Source/TransformFunctions/arm_dct4_q31.c ****     *pbuff++ = ((q31_t) (((q63_t) in * S->normalize) >> 31));
 263:Drivers/CMSIS/DSP/Source/TransformFunctions/arm_dct4_q31.c **** 
ARM GAS  C:\Users\Lamp\AppData\Local\Temp\ccBl1vnd.s 			page 7


 264:Drivers/CMSIS/DSP/Source/TransformFunctions/arm_dct4_q31.c ****     /* Decrement the loop counter */
 265:Drivers/CMSIS/DSP/Source/TransformFunctions/arm_dct4_q31.c ****     i--;
 266:Drivers/CMSIS/DSP/Source/TransformFunctions/arm_dct4_q31.c ****   } while (i > 0U);
 267:Drivers/CMSIS/DSP/Source/TransformFunctions/arm_dct4_q31.c **** 
 268:Drivers/CMSIS/DSP/Source/TransformFunctions/arm_dct4_q31.c **** 
 269:Drivers/CMSIS/DSP/Source/TransformFunctions/arm_dct4_q31.c **** #else
 270:Drivers/CMSIS/DSP/Source/TransformFunctions/arm_dct4_q31.c **** 
 271:Drivers/CMSIS/DSP/Source/TransformFunctions/arm_dct4_q31.c ****   /* Run the below code for Cortex-M0 */
 272:Drivers/CMSIS/DSP/Source/TransformFunctions/arm_dct4_q31.c **** 
 273:Drivers/CMSIS/DSP/Source/TransformFunctions/arm_dct4_q31.c ****   /* Initializing the loop counter to N/2 */
 274:Drivers/CMSIS/DSP/Source/TransformFunctions/arm_dct4_q31.c ****   i = S->Nby2;
  81              		.loc 1 274 3 view .LVU18
  82              		.loc 1 274 5 is_stmt 0 view .LVU19
  83 002c 6B88     		ldrh	r3, [r5, #2]
  84              	.LVL7:
 101:Drivers/CMSIS/DSP/Source/TransformFunctions/arm_dct4_q31.c **** 
  85              		.loc 1 101 9 view .LVU20
  86 002e A446     		mov	ip, r4
  95:Drivers/CMSIS/DSP/Source/TransformFunctions/arm_dct4_q31.c **** 
  87              		.loc 1 95 7 view .LVU21
  88 0030 B646     		mov	lr, r6
  89              	.LVL8:
  90              	.L2:
 275:Drivers/CMSIS/DSP/Source/TransformFunctions/arm_dct4_q31.c **** 
 276:Drivers/CMSIS/DSP/Source/TransformFunctions/arm_dct4_q31.c ****   do
  91              		.loc 1 276 3 is_stmt 1 view .LVU22
 277:Drivers/CMSIS/DSP/Source/TransformFunctions/arm_dct4_q31.c ****   {
 278:Drivers/CMSIS/DSP/Source/TransformFunctions/arm_dct4_q31.c ****     /* Re-ordering of even and odd elements */
 279:Drivers/CMSIS/DSP/Source/TransformFunctions/arm_dct4_q31.c ****     /* pState[i] =  pInlineBuffer[2*i] */
 280:Drivers/CMSIS/DSP/Source/TransformFunctions/arm_dct4_q31.c ****     *pS1++ = *pbuff++;
  92              		.loc 1 280 5 view .LVU23
  93              		.loc 1 280 14 is_stmt 0 view .LVU24
  94 0032 DCF80010 		ldr	r1, [ip]
  95              		.loc 1 280 12 view .LVU25
  96 0036 CEF80010 		str	r1, [lr]
  97 003a 0EF1040E 		add	lr, lr, #4
  98              	.LVL9:
 281:Drivers/CMSIS/DSP/Source/TransformFunctions/arm_dct4_q31.c ****     /* pState[N-i-1] = pInlineBuffer[2*i+1] */
 282:Drivers/CMSIS/DSP/Source/TransformFunctions/arm_dct4_q31.c ****     *pS2-- = *pbuff++;
  99              		.loc 1 282 5 is_stmt 1 view .LVU26
 100              		.loc 1 282 5 is_stmt 0 view .LVU27
 101 003e 0146     		mov	r1, r0
 102              		.loc 1 282 9 view .LVU28
 103 0040 0438     		subs	r0, r0, #4
 104              	.LVL10:
 105              		.loc 1 282 14 view .LVU29
 106 0042 DCF80420 		ldr	r2, [ip, #4]
 107 0046 0CF1080C 		add	ip, ip, #8
 108              	.LVL11:
 109              		.loc 1 282 12 view .LVU30
 110 004a 0A60     		str	r2, [r1]
 283:Drivers/CMSIS/DSP/Source/TransformFunctions/arm_dct4_q31.c **** 
 284:Drivers/CMSIS/DSP/Source/TransformFunctions/arm_dct4_q31.c ****     /* Decrement the loop counter */
 285:Drivers/CMSIS/DSP/Source/TransformFunctions/arm_dct4_q31.c ****     i--;
 111              		.loc 1 285 5 is_stmt 1 view .LVU31
 112              		.loc 1 285 6 is_stmt 0 view .LVU32
 113 004c 013B     		subs	r3, r3, #1
ARM GAS  C:\Users\Lamp\AppData\Local\Temp\ccBl1vnd.s 			page 8


 114              	.LVL12:
 115              		.loc 1 285 6 view .LVU33
 116 004e 9BB2     		uxth	r3, r3
 117              	.LVL13:
 286:Drivers/CMSIS/DSP/Source/TransformFunctions/arm_dct4_q31.c ****   } while (i > 0U);
 118              		.loc 1 286 14 is_stmt 1 discriminator 1 view .LVU34
 119 0050 002B     		cmp	r3, #0
 120 0052 EED1     		bne	.L2
 287:Drivers/CMSIS/DSP/Source/TransformFunctions/arm_dct4_q31.c **** 
 288:Drivers/CMSIS/DSP/Source/TransformFunctions/arm_dct4_q31.c ****   /* pbuff initialized to input buffer */
 289:Drivers/CMSIS/DSP/Source/TransformFunctions/arm_dct4_q31.c ****   pbuff = pInlineBuffer;
 121              		.loc 1 289 3 view .LVU35
 122              	.LVL14:
 290:Drivers/CMSIS/DSP/Source/TransformFunctions/arm_dct4_q31.c **** 
 291:Drivers/CMSIS/DSP/Source/TransformFunctions/arm_dct4_q31.c ****   /* pS1 initialized to pState */
 292:Drivers/CMSIS/DSP/Source/TransformFunctions/arm_dct4_q31.c ****   pS1 = pState;
 123              		.loc 1 292 3 view .LVU36
 293:Drivers/CMSIS/DSP/Source/TransformFunctions/arm_dct4_q31.c **** 
 294:Drivers/CMSIS/DSP/Source/TransformFunctions/arm_dct4_q31.c ****   /* Initializing the loop counter */
 295:Drivers/CMSIS/DSP/Source/TransformFunctions/arm_dct4_q31.c ****   i = S->N;
 124              		.loc 1 295 3 view .LVU37
 125              		.loc 1 295 5 is_stmt 0 view .LVU38
 126 0054 2B88     		ldrh	r3, [r5]
 127              	.LVL15:
 289:Drivers/CMSIS/DSP/Source/TransformFunctions/arm_dct4_q31.c **** 
 128              		.loc 1 289 9 view .LVU39
 129 0056 2046     		mov	r0, r4
 130              	.LVL16:
 292:Drivers/CMSIS/DSP/Source/TransformFunctions/arm_dct4_q31.c **** 
 131              		.loc 1 292 7 view .LVU40
 132 0058 3146     		mov	r1, r6
 133              	.LVL17:
 134              	.L3:
 296:Drivers/CMSIS/DSP/Source/TransformFunctions/arm_dct4_q31.c **** 
 297:Drivers/CMSIS/DSP/Source/TransformFunctions/arm_dct4_q31.c ****   do
 135              		.loc 1 297 3 is_stmt 1 view .LVU41
 298:Drivers/CMSIS/DSP/Source/TransformFunctions/arm_dct4_q31.c ****   {
 299:Drivers/CMSIS/DSP/Source/TransformFunctions/arm_dct4_q31.c ****     /* Writing the re-ordered output back to inplace input buffer */
 300:Drivers/CMSIS/DSP/Source/TransformFunctions/arm_dct4_q31.c ****     *pbuff++ = *pS1++;
 136              		.loc 1 300 5 view .LVU42
 137              		.loc 1 300 5 is_stmt 0 view .LVU43
 138 005a 8446     		mov	ip, r0
 139              		.loc 1 300 11 view .LVU44
 140 005c 0430     		adds	r0, r0, #4
 141              	.LVL18:
 142              		.loc 1 300 16 view .LVU45
 143 005e 0A68     		ldr	r2, [r1]
 144 0060 0431     		adds	r1, r1, #4
 145              	.LVL19:
 146              		.loc 1 300 14 view .LVU46
 147 0062 CCF80020 		str	r2, [ip]
 301:Drivers/CMSIS/DSP/Source/TransformFunctions/arm_dct4_q31.c **** 
 302:Drivers/CMSIS/DSP/Source/TransformFunctions/arm_dct4_q31.c ****     /* Decrement the loop counter */
 303:Drivers/CMSIS/DSP/Source/TransformFunctions/arm_dct4_q31.c ****     i--;
 148              		.loc 1 303 5 is_stmt 1 view .LVU47
 149              		.loc 1 303 6 is_stmt 0 view .LVU48
 150 0066 013B     		subs	r3, r3, #1
ARM GAS  C:\Users\Lamp\AppData\Local\Temp\ccBl1vnd.s 			page 9


 151              	.LVL20:
 152              		.loc 1 303 6 view .LVU49
 153 0068 9BB2     		uxth	r3, r3
 154              	.LVL21:
 304:Drivers/CMSIS/DSP/Source/TransformFunctions/arm_dct4_q31.c ****   } while (i > 0U);
 155              		.loc 1 304 14 is_stmt 1 discriminator 1 view .LVU50
 156 006a 002B     		cmp	r3, #0
 157 006c F5D1     		bne	.L3
 305:Drivers/CMSIS/DSP/Source/TransformFunctions/arm_dct4_q31.c **** 
 306:Drivers/CMSIS/DSP/Source/TransformFunctions/arm_dct4_q31.c **** 
 307:Drivers/CMSIS/DSP/Source/TransformFunctions/arm_dct4_q31.c ****   /* ---------------------------------------------------------
 308:Drivers/CMSIS/DSP/Source/TransformFunctions/arm_dct4_q31.c ****    *     Step2: Calculate RFFT for N-point input
 309:Drivers/CMSIS/DSP/Source/TransformFunctions/arm_dct4_q31.c ****    * ---------------------------------------------------------- */
 310:Drivers/CMSIS/DSP/Source/TransformFunctions/arm_dct4_q31.c ****   /* pInlineBuffer is real input of length N , pState is the complex output of length 2N */
 311:Drivers/CMSIS/DSP/Source/TransformFunctions/arm_dct4_q31.c ****   arm_rfft_q31(S->pRfft, pInlineBuffer, pState);
 158              		.loc 1 311 3 view .LVU51
 159 006e 3246     		mov	r2, r6
 160 0070 2146     		mov	r1, r4
 161              	.LVL22:
 162              		.loc 1 311 3 is_stmt 0 view .LVU52
 163 0072 2869     		ldr	r0, [r5, #16]
 164              	.LVL23:
 165              		.loc 1 311 3 view .LVU53
 166 0074 FFF7FEFF 		bl	arm_rfft_q31
 167              	.LVL24:
 312:Drivers/CMSIS/DSP/Source/TransformFunctions/arm_dct4_q31.c **** 
 313:Drivers/CMSIS/DSP/Source/TransformFunctions/arm_dct4_q31.c ****   /*----------------------------------------------------------------------
 314:Drivers/CMSIS/DSP/Source/TransformFunctions/arm_dct4_q31.c ****    *  Step3: Multiply the FFT output with the weights.
 315:Drivers/CMSIS/DSP/Source/TransformFunctions/arm_dct4_q31.c ****    *----------------------------------------------------------------------*/
 316:Drivers/CMSIS/DSP/Source/TransformFunctions/arm_dct4_q31.c ****   arm_cmplx_mult_cmplx_q31(pState, weights, pState, S->N);
 168              		.loc 1 316 3 is_stmt 1 view .LVU54
 169 0078 2B88     		ldrh	r3, [r5]
 170 007a 3246     		mov	r2, r6
 171 007c 3946     		mov	r1, r7
 172 007e 3046     		mov	r0, r6
 173 0080 FFF7FEFF 		bl	arm_cmplx_mult_cmplx_q31
 174              	.LVL25:
 317:Drivers/CMSIS/DSP/Source/TransformFunctions/arm_dct4_q31.c **** 
 318:Drivers/CMSIS/DSP/Source/TransformFunctions/arm_dct4_q31.c ****   /* The output of complex multiplication is in 3.29 format.
 319:Drivers/CMSIS/DSP/Source/TransformFunctions/arm_dct4_q31.c ****    * Hence changing the format of N (i.e. 2*N elements) complex numbers to 1.31 format by shifting 
 320:Drivers/CMSIS/DSP/Source/TransformFunctions/arm_dct4_q31.c ****   arm_shift_q31(pState, 2, pState, S->N * 2);
 175              		.loc 1 320 3 view .LVU55
 176              		.loc 1 320 37 is_stmt 0 view .LVU56
 177 0084 2B88     		ldrh	r3, [r5]
 178              		.loc 1 320 3 view .LVU57
 179 0086 5B00     		lsls	r3, r3, #1
 180 0088 3246     		mov	r2, r6
 181 008a 0221     		movs	r1, #2
 182 008c 3046     		mov	r0, r6
 183 008e FFF7FEFF 		bl	arm_shift_q31
 184              	.LVL26:
 321:Drivers/CMSIS/DSP/Source/TransformFunctions/arm_dct4_q31.c **** 
 322:Drivers/CMSIS/DSP/Source/TransformFunctions/arm_dct4_q31.c ****   /* ----------- Post-processing ---------- */
 323:Drivers/CMSIS/DSP/Source/TransformFunctions/arm_dct4_q31.c ****   /* DCT-IV can be obtained from DCT-II by the equation,
 324:Drivers/CMSIS/DSP/Source/TransformFunctions/arm_dct4_q31.c ****    *       Y4(k) = Y2(k) - Y4(k-1) and Y4(-1) = Y4(0)
 325:Drivers/CMSIS/DSP/Source/TransformFunctions/arm_dct4_q31.c ****    *       Hence, Y4(0) = Y2(0)/2  */
 326:Drivers/CMSIS/DSP/Source/TransformFunctions/arm_dct4_q31.c ****   /* Getting only real part from the output and Converting to DCT-IV */
ARM GAS  C:\Users\Lamp\AppData\Local\Temp\ccBl1vnd.s 			page 10


 327:Drivers/CMSIS/DSP/Source/TransformFunctions/arm_dct4_q31.c **** 
 328:Drivers/CMSIS/DSP/Source/TransformFunctions/arm_dct4_q31.c ****   /* pbuff initialized to input buffer. */
 329:Drivers/CMSIS/DSP/Source/TransformFunctions/arm_dct4_q31.c ****   pbuff = pInlineBuffer;
 185              		.loc 1 329 3 is_stmt 1 view .LVU58
 330:Drivers/CMSIS/DSP/Source/TransformFunctions/arm_dct4_q31.c **** 
 331:Drivers/CMSIS/DSP/Source/TransformFunctions/arm_dct4_q31.c ****   /* pS1 initialized to pState */
 332:Drivers/CMSIS/DSP/Source/TransformFunctions/arm_dct4_q31.c ****   pS1 = pState;
 186              		.loc 1 332 3 view .LVU59
 333:Drivers/CMSIS/DSP/Source/TransformFunctions/arm_dct4_q31.c **** 
 334:Drivers/CMSIS/DSP/Source/TransformFunctions/arm_dct4_q31.c ****   /* Calculating Y4(0) from Y2(0) using Y4(0) = Y2(0)/2 */
 335:Drivers/CMSIS/DSP/Source/TransformFunctions/arm_dct4_q31.c ****   in = *pS1++ >> 1U;
 187              		.loc 1 335 3 view .LVU60
 188              		.loc 1 335 8 is_stmt 0 view .LVU61
 189 0092 56F8082B 		ldr	r2, [r6], #8
 190              	.LVL27:
 191              		.loc 1 335 6 view .LVU62
 192 0096 5210     		asrs	r2, r2, #1
 193              	.LVL28:
 336:Drivers/CMSIS/DSP/Source/TransformFunctions/arm_dct4_q31.c ****   /* input buffer acts as inplace, so output values are stored in the input itself. */
 337:Drivers/CMSIS/DSP/Source/TransformFunctions/arm_dct4_q31.c ****   *pbuff++ = in;
 194              		.loc 1 337 3 is_stmt 1 view .LVU63
 195              		.loc 1 337 9 is_stmt 0 view .LVU64
 196 0098 2346     		mov	r3, r4
 197              	.LVL29:
 198              		.loc 1 337 12 view .LVU65
 199 009a 43F8042B 		str	r2, [r3], #4
 200              	.LVL30:
 338:Drivers/CMSIS/DSP/Source/TransformFunctions/arm_dct4_q31.c **** 
 339:Drivers/CMSIS/DSP/Source/TransformFunctions/arm_dct4_q31.c ****   /* pState pointer is incremented twice as the real values are located alternatively in the array 
 340:Drivers/CMSIS/DSP/Source/TransformFunctions/arm_dct4_q31.c ****   pS1++;
 201              		.loc 1 340 3 is_stmt 1 view .LVU66
 341:Drivers/CMSIS/DSP/Source/TransformFunctions/arm_dct4_q31.c **** 
 342:Drivers/CMSIS/DSP/Source/TransformFunctions/arm_dct4_q31.c ****   /* Initializing the loop counter */
 343:Drivers/CMSIS/DSP/Source/TransformFunctions/arm_dct4_q31.c ****   i = (S->N - 1U);
 202              		.loc 1 343 3 view .LVU67
 203              		.loc 1 343 9 is_stmt 0 view .LVU68
 204 009e 2888     		ldrh	r0, [r5]
 205              		.loc 1 343 5 view .LVU69
 206 00a0 0138     		subs	r0, r0, #1
 207 00a2 80B2     		uxth	r0, r0
 208              	.LVL31:
 344:Drivers/CMSIS/DSP/Source/TransformFunctions/arm_dct4_q31.c **** 
 345:Drivers/CMSIS/DSP/Source/TransformFunctions/arm_dct4_q31.c ****   while (i > 0U)
 209              		.loc 1 345 3 is_stmt 1 view .LVU70
 210              		.loc 1 345 9 is_stmt 0 view .LVU71
 211 00a4 06E0     		b	.L4
 212              	.LVL32:
 213              	.L5:
 346:Drivers/CMSIS/DSP/Source/TransformFunctions/arm_dct4_q31.c ****   {
 347:Drivers/CMSIS/DSP/Source/TransformFunctions/arm_dct4_q31.c ****     /* Calculating Y4(1) to Y4(N-1) from Y2 using equation Y4(k) = Y2(k) - Y4(k-1) */
 348:Drivers/CMSIS/DSP/Source/TransformFunctions/arm_dct4_q31.c ****     /* pState pointer (pS1) is incremented twice as the real values are located alternatively in th
 349:Drivers/CMSIS/DSP/Source/TransformFunctions/arm_dct4_q31.c ****     in = *pS1++ - in;
 214              		.loc 1 349 5 is_stmt 1 view .LVU72
 215              		.loc 1 349 10 is_stmt 0 view .LVU73
 216 00a6 56F8081B 		ldr	r1, [r6], #8
 217              	.LVL33:
 218              		.loc 1 349 8 view .LVU74
ARM GAS  C:\Users\Lamp\AppData\Local\Temp\ccBl1vnd.s 			page 11


 219 00aa 8A1A     		subs	r2, r1, r2
 220              	.LVL34:
 350:Drivers/CMSIS/DSP/Source/TransformFunctions/arm_dct4_q31.c ****     *pbuff++ = in;
 221              		.loc 1 350 5 is_stmt 1 view .LVU75
 222              		.loc 1 350 14 is_stmt 0 view .LVU76
 223 00ac 43F8042B 		str	r2, [r3], #4
 224              	.LVL35:
 351:Drivers/CMSIS/DSP/Source/TransformFunctions/arm_dct4_q31.c ****     /* points to the next real value */
 352:Drivers/CMSIS/DSP/Source/TransformFunctions/arm_dct4_q31.c ****     pS1++;
 225              		.loc 1 352 5 is_stmt 1 view .LVU77
 353:Drivers/CMSIS/DSP/Source/TransformFunctions/arm_dct4_q31.c **** 
 354:Drivers/CMSIS/DSP/Source/TransformFunctions/arm_dct4_q31.c ****     /* Decrement the loop counter */
 355:Drivers/CMSIS/DSP/Source/TransformFunctions/arm_dct4_q31.c ****     i--;
 226              		.loc 1 355 5 view .LVU78
 227              		.loc 1 355 6 is_stmt 0 view .LVU79
 228 00b0 0138     		subs	r0, r0, #1
 229              	.LVL36:
 230              		.loc 1 355 6 view .LVU80
 231 00b2 80B2     		uxth	r0, r0
 232              	.LVL37:
 233              	.L4:
 345:Drivers/CMSIS/DSP/Source/TransformFunctions/arm_dct4_q31.c ****   {
 234              		.loc 1 345 12 is_stmt 1 view .LVU81
 235 00b4 0028     		cmp	r0, #0
 236 00b6 F6D1     		bne	.L5
 356:Drivers/CMSIS/DSP/Source/TransformFunctions/arm_dct4_q31.c ****   }
 357:Drivers/CMSIS/DSP/Source/TransformFunctions/arm_dct4_q31.c **** 
 358:Drivers/CMSIS/DSP/Source/TransformFunctions/arm_dct4_q31.c **** 
 359:Drivers/CMSIS/DSP/Source/TransformFunctions/arm_dct4_q31.c ****         /*------------ Normalizing the output by multiplying with the normalizing factor ----------
 360:Drivers/CMSIS/DSP/Source/TransformFunctions/arm_dct4_q31.c **** 
 361:Drivers/CMSIS/DSP/Source/TransformFunctions/arm_dct4_q31.c ****   /* Initializing the loop counter */
 362:Drivers/CMSIS/DSP/Source/TransformFunctions/arm_dct4_q31.c ****   i = S->N;
 237              		.loc 1 362 3 view .LVU82
 238              		.loc 1 362 5 is_stmt 0 view .LVU83
 239 00b8 2888     		ldrh	r0, [r5]
 240              	.LVL38:
 363:Drivers/CMSIS/DSP/Source/TransformFunctions/arm_dct4_q31.c **** 
 364:Drivers/CMSIS/DSP/Source/TransformFunctions/arm_dct4_q31.c ****   /* pbuff initialized to the pInlineBuffer(now contains the output values) */
 365:Drivers/CMSIS/DSP/Source/TransformFunctions/arm_dct4_q31.c ****   pbuff = pInlineBuffer;
 241              		.loc 1 365 3 is_stmt 1 view .LVU84
 242              	.L6:
 366:Drivers/CMSIS/DSP/Source/TransformFunctions/arm_dct4_q31.c **** 
 367:Drivers/CMSIS/DSP/Source/TransformFunctions/arm_dct4_q31.c ****   do
 243              		.loc 1 367 3 view .LVU85
 368:Drivers/CMSIS/DSP/Source/TransformFunctions/arm_dct4_q31.c ****   {
 369:Drivers/CMSIS/DSP/Source/TransformFunctions/arm_dct4_q31.c ****     /* Multiplying pInlineBuffer with the normalizing factor sqrt(2/N) */
 370:Drivers/CMSIS/DSP/Source/TransformFunctions/arm_dct4_q31.c ****     in = *pbuff;
 244              		.loc 1 370 5 view .LVU86
 245              		.loc 1 370 8 is_stmt 0 view .LVU87
 246 00ba 2368     		ldr	r3, [r4]
 247              	.LVL39:
 371:Drivers/CMSIS/DSP/Source/TransformFunctions/arm_dct4_q31.c ****     *pbuff++ = ((q31_t) (((q63_t) in * S->normalize) >> 31));
 248              		.loc 1 371 5 is_stmt 1 view .LVU88
 249              		.loc 1 371 27 is_stmt 0 view .LVU89
 250 00bc DE17     		asrs	r6, r3, #31
 251              		.loc 1 371 41 view .LVU90
 252 00be 6A68     		ldr	r2, [r5, #4]
ARM GAS  C:\Users\Lamp\AppData\Local\Temp\ccBl1vnd.s 			page 12


 253 00c0 D117     		asrs	r1, r2, #31
 254              		.loc 1 371 38 view .LVU91
 255 00c2 03FB01F1 		mul	r1, r3, r1
 256 00c6 02FB0611 		mla	r1, r2, r6, r1
 257 00ca A3FB0232 		umull	r3, r2, r3, r2
 258              	.LVL40:
 259              		.loc 1 371 38 view .LVU92
 260 00ce 1144     		add	r1, r1, r2
 261              		.loc 1 371 54 view .LVU93
 262 00d0 DB0F     		lsrs	r3, r3, #31
 263 00d2 43EA4103 		orr	r3, r3, r1, lsl #1
 264              		.loc 1 371 14 view .LVU94
 265 00d6 2360     		str	r3, [r4]
 266              	.LVL41:
 267              		.loc 1 371 14 view .LVU95
 268 00d8 0434     		adds	r4, r4, #4
 269              	.LVL42:
 372:Drivers/CMSIS/DSP/Source/TransformFunctions/arm_dct4_q31.c **** 
 373:Drivers/CMSIS/DSP/Source/TransformFunctions/arm_dct4_q31.c ****     /* Decrement the loop counter */
 374:Drivers/CMSIS/DSP/Source/TransformFunctions/arm_dct4_q31.c ****     i--;
 270              		.loc 1 374 5 is_stmt 1 view .LVU96
 271              		.loc 1 374 6 is_stmt 0 view .LVU97
 272 00da 0138     		subs	r0, r0, #1
 273              	.LVL43:
 274              		.loc 1 374 6 view .LVU98
 275 00dc 80B2     		uxth	r0, r0
 276              	.LVL44:
 375:Drivers/CMSIS/DSP/Source/TransformFunctions/arm_dct4_q31.c ****   } while (i > 0U);
 277              		.loc 1 375 14 is_stmt 1 discriminator 1 view .LVU99
 278 00de 0028     		cmp	r0, #0
 279 00e0 EBD1     		bne	.L6
 376:Drivers/CMSIS/DSP/Source/TransformFunctions/arm_dct4_q31.c **** 
 377:Drivers/CMSIS/DSP/Source/TransformFunctions/arm_dct4_q31.c **** #endif /* #if defined (ARM_MATH_DSP) */
 378:Drivers/CMSIS/DSP/Source/TransformFunctions/arm_dct4_q31.c **** 
 379:Drivers/CMSIS/DSP/Source/TransformFunctions/arm_dct4_q31.c **** }
 280              		.loc 1 379 1 is_stmt 0 view .LVU100
 281 00e2 F8BD     		pop	{r3, r4, r5, r6, r7, pc}
 282              		.loc 1 379 1 view .LVU101
 283              		.cfi_endproc
 284              	.LFE100:
 286              		.text
 287              	.Letext0:
 288              		.file 2 "C:/ARM GNU Toolchain/arm-none-eabi/include/machine/_default_types.h"
 289              		.file 3 "C:/ARM GNU Toolchain/arm-none-eabi/include/sys/_stdint.h"
 290              		.file 4 "Drivers/CMSIS/DSP/Include/arm_math.h"
ARM GAS  C:\Users\Lamp\AppData\Local\Temp\ccBl1vnd.s 			page 13


DEFINED SYMBOLS
                            *ABS*:00000000 arm_dct4_q31.c
C:\Users\Lamp\AppData\Local\Temp\ccBl1vnd.s:19     .text.arm_dct4_q31:00000000 $t
C:\Users\Lamp\AppData\Local\Temp\ccBl1vnd.s:25     .text.arm_dct4_q31:00000000 arm_dct4_q31

UNDEFINED SYMBOLS
arm_mult_q31
arm_shift_q31
arm_rfft_q31
arm_cmplx_mult_cmplx_q31
