ARM GAS  C:\Users\Lamp\AppData\Local\Temp\cckMqaXX.s 			page 1


   1              		.cpu cortex-m3
   2              		.arch armv7-m
   3              		.fpu softvfp
   4              		.eabi_attribute 20, 1
   5              		.eabi_attribute 21, 1
   6              		.eabi_attribute 23, 3
   7              		.eabi_attribute 24, 1
   8              		.eabi_attribute 25, 1
   9              		.eabi_attribute 26, 1
  10              		.eabi_attribute 30, 1
  11              		.eabi_attribute 34, 1
  12              		.eabi_attribute 18, 4
  13              		.file	"arm_sin_cos_f32.c"
  14              		.text
  15              	.Ltext0:
  16              		.cfi_sections	.debug_frame
  17              		.file 1 "Drivers/CMSIS/DSP/Source/ControllerFunctions/arm_sin_cos_f32.c"
  18              		.global	__aeabi_fmul
  19              		.global	__aeabi_fcmplt
  20              		.global	__aeabi_f2iz
  21              		.global	__aeabi_i2f
  22              		.global	__aeabi_fsub
  23              		.global	__aeabi_f2uiz
  24              		.global	__aeabi_ui2f
  25              		.global	__aeabi_fadd
  26              		.section	.text.arm_sin_cos_f32,"ax",%progbits
  27              		.align	1
  28              		.global	arm_sin_cos_f32
  29              		.syntax unified
  30              		.thumb
  31              		.thumb_func
  33              	arm_sin_cos_f32:
  34              	.LVL0:
  35              	.LFB100:
   1:Drivers/CMSIS/DSP/Source/ControllerFunctions/arm_sin_cos_f32.c **** /* ----------------------------------------------------------------------
   2:Drivers/CMSIS/DSP/Source/ControllerFunctions/arm_sin_cos_f32.c ****  * Project:      CMSIS DSP Library
   3:Drivers/CMSIS/DSP/Source/ControllerFunctions/arm_sin_cos_f32.c ****  * Title:        arm_sin_cos_f32.c
   4:Drivers/CMSIS/DSP/Source/ControllerFunctions/arm_sin_cos_f32.c ****  * Description:  Sine and Cosine calculation for floating-point values
   5:Drivers/CMSIS/DSP/Source/ControllerFunctions/arm_sin_cos_f32.c ****  *
   6:Drivers/CMSIS/DSP/Source/ControllerFunctions/arm_sin_cos_f32.c ****  * $Date:        27. January 2017
   7:Drivers/CMSIS/DSP/Source/ControllerFunctions/arm_sin_cos_f32.c ****  * $Revision:    V.1.5.1
   8:Drivers/CMSIS/DSP/Source/ControllerFunctions/arm_sin_cos_f32.c ****  *
   9:Drivers/CMSIS/DSP/Source/ControllerFunctions/arm_sin_cos_f32.c ****  * Target Processor: Cortex-M cores
  10:Drivers/CMSIS/DSP/Source/ControllerFunctions/arm_sin_cos_f32.c ****  * -------------------------------------------------------------------- */
  11:Drivers/CMSIS/DSP/Source/ControllerFunctions/arm_sin_cos_f32.c **** /*
  12:Drivers/CMSIS/DSP/Source/ControllerFunctions/arm_sin_cos_f32.c ****  * Copyright (C) 2010-2017 ARM Limited or its affiliates. All rights reserved.
  13:Drivers/CMSIS/DSP/Source/ControllerFunctions/arm_sin_cos_f32.c ****  *
  14:Drivers/CMSIS/DSP/Source/ControllerFunctions/arm_sin_cos_f32.c ****  * SPDX-License-Identifier: Apache-2.0
  15:Drivers/CMSIS/DSP/Source/ControllerFunctions/arm_sin_cos_f32.c ****  *
  16:Drivers/CMSIS/DSP/Source/ControllerFunctions/arm_sin_cos_f32.c ****  * Licensed under the Apache License, Version 2.0 (the License); you may
  17:Drivers/CMSIS/DSP/Source/ControllerFunctions/arm_sin_cos_f32.c ****  * not use this file except in compliance with the License.
  18:Drivers/CMSIS/DSP/Source/ControllerFunctions/arm_sin_cos_f32.c ****  * You may obtain a copy of the License at
  19:Drivers/CMSIS/DSP/Source/ControllerFunctions/arm_sin_cos_f32.c ****  *
  20:Drivers/CMSIS/DSP/Source/ControllerFunctions/arm_sin_cos_f32.c ****  * www.apache.org/licenses/LICENSE-2.0
  21:Drivers/CMSIS/DSP/Source/ControllerFunctions/arm_sin_cos_f32.c ****  *
  22:Drivers/CMSIS/DSP/Source/ControllerFunctions/arm_sin_cos_f32.c ****  * Unless required by applicable law or agreed to in writing, software
  23:Drivers/CMSIS/DSP/Source/ControllerFunctions/arm_sin_cos_f32.c ****  * distributed under the License is distributed on an AS IS BASIS, WITHOUT
ARM GAS  C:\Users\Lamp\AppData\Local\Temp\cckMqaXX.s 			page 2


  24:Drivers/CMSIS/DSP/Source/ControllerFunctions/arm_sin_cos_f32.c ****  * WARRANTIES OR CONDITIONS OF ANY KIND, either express or implied.
  25:Drivers/CMSIS/DSP/Source/ControllerFunctions/arm_sin_cos_f32.c ****  * See the License for the specific language governing permissions and
  26:Drivers/CMSIS/DSP/Source/ControllerFunctions/arm_sin_cos_f32.c ****  * limitations under the License.
  27:Drivers/CMSIS/DSP/Source/ControllerFunctions/arm_sin_cos_f32.c ****  */
  28:Drivers/CMSIS/DSP/Source/ControllerFunctions/arm_sin_cos_f32.c **** 
  29:Drivers/CMSIS/DSP/Source/ControllerFunctions/arm_sin_cos_f32.c **** #include "arm_math.h"
  30:Drivers/CMSIS/DSP/Source/ControllerFunctions/arm_sin_cos_f32.c **** #include "arm_common_tables.h"
  31:Drivers/CMSIS/DSP/Source/ControllerFunctions/arm_sin_cos_f32.c **** 
  32:Drivers/CMSIS/DSP/Source/ControllerFunctions/arm_sin_cos_f32.c **** /**
  33:Drivers/CMSIS/DSP/Source/ControllerFunctions/arm_sin_cos_f32.c ****  * @ingroup groupController
  34:Drivers/CMSIS/DSP/Source/ControllerFunctions/arm_sin_cos_f32.c ****  */
  35:Drivers/CMSIS/DSP/Source/ControllerFunctions/arm_sin_cos_f32.c **** 
  36:Drivers/CMSIS/DSP/Source/ControllerFunctions/arm_sin_cos_f32.c **** /**
  37:Drivers/CMSIS/DSP/Source/ControllerFunctions/arm_sin_cos_f32.c ****  * @defgroup SinCos Sine Cosine
  38:Drivers/CMSIS/DSP/Source/ControllerFunctions/arm_sin_cos_f32.c ****  *
  39:Drivers/CMSIS/DSP/Source/ControllerFunctions/arm_sin_cos_f32.c ****  * Computes the trigonometric sine and cosine values using a combination of table lookup
  40:Drivers/CMSIS/DSP/Source/ControllerFunctions/arm_sin_cos_f32.c ****  * and linear interpolation.
  41:Drivers/CMSIS/DSP/Source/ControllerFunctions/arm_sin_cos_f32.c ****  * There are separate functions for Q31 and floating-point data types.
  42:Drivers/CMSIS/DSP/Source/ControllerFunctions/arm_sin_cos_f32.c ****  * The input to the floating-point version is in degrees while the
  43:Drivers/CMSIS/DSP/Source/ControllerFunctions/arm_sin_cos_f32.c ****  * fixed-point Q31 have a scaled input with the range
  44:Drivers/CMSIS/DSP/Source/ControllerFunctions/arm_sin_cos_f32.c ****  * [-1 0.9999] mapping to [-180 +180] degrees.
  45:Drivers/CMSIS/DSP/Source/ControllerFunctions/arm_sin_cos_f32.c ****  *
  46:Drivers/CMSIS/DSP/Source/ControllerFunctions/arm_sin_cos_f32.c ****  * The floating point function also allows values that are out of the usual range. When this happen
  47:Drivers/CMSIS/DSP/Source/ControllerFunctions/arm_sin_cos_f32.c ****  * take extra time to adjust the input value to the range of [-180 180].
  48:Drivers/CMSIS/DSP/Source/ControllerFunctions/arm_sin_cos_f32.c ****  *
  49:Drivers/CMSIS/DSP/Source/ControllerFunctions/arm_sin_cos_f32.c ****  * The result is accurate to 5 digits after the decimal point.
  50:Drivers/CMSIS/DSP/Source/ControllerFunctions/arm_sin_cos_f32.c ****  *
  51:Drivers/CMSIS/DSP/Source/ControllerFunctions/arm_sin_cos_f32.c ****  * The implementation is based on table lookup using 360 values together with linear interpolation.
  52:Drivers/CMSIS/DSP/Source/ControllerFunctions/arm_sin_cos_f32.c ****  * The steps used are:
  53:Drivers/CMSIS/DSP/Source/ControllerFunctions/arm_sin_cos_f32.c ****  *  -# Calculation of the nearest integer table index.
  54:Drivers/CMSIS/DSP/Source/ControllerFunctions/arm_sin_cos_f32.c ****  *  -# Compute the fractional portion (fract) of the input.
  55:Drivers/CMSIS/DSP/Source/ControllerFunctions/arm_sin_cos_f32.c ****  *  -# Fetch the value corresponding to \c index from sine table to \c y0 and also value from \c in
  56:Drivers/CMSIS/DSP/Source/ControllerFunctions/arm_sin_cos_f32.c ****  *  -# Sine value is computed as <code> *psinVal = y0 + (fract * (y1 - y0))</code>.
  57:Drivers/CMSIS/DSP/Source/ControllerFunctions/arm_sin_cos_f32.c ****  *  -# Fetch the value corresponding to \c index from cosine table to \c y0 and also value from \c 
  58:Drivers/CMSIS/DSP/Source/ControllerFunctions/arm_sin_cos_f32.c ****  *  -# Cosine value is computed as <code> *pcosVal = y0 + (fract * (y1 - y0))</code>.
  59:Drivers/CMSIS/DSP/Source/ControllerFunctions/arm_sin_cos_f32.c ****  */
  60:Drivers/CMSIS/DSP/Source/ControllerFunctions/arm_sin_cos_f32.c **** 
  61:Drivers/CMSIS/DSP/Source/ControllerFunctions/arm_sin_cos_f32.c ****  /**
  62:Drivers/CMSIS/DSP/Source/ControllerFunctions/arm_sin_cos_f32.c ****  * @addtogroup SinCos
  63:Drivers/CMSIS/DSP/Source/ControllerFunctions/arm_sin_cos_f32.c ****  * @{
  64:Drivers/CMSIS/DSP/Source/ControllerFunctions/arm_sin_cos_f32.c ****  */
  65:Drivers/CMSIS/DSP/Source/ControllerFunctions/arm_sin_cos_f32.c **** 
  66:Drivers/CMSIS/DSP/Source/ControllerFunctions/arm_sin_cos_f32.c **** /**
  67:Drivers/CMSIS/DSP/Source/ControllerFunctions/arm_sin_cos_f32.c ****  * @brief  Floating-point sin_cos function.
  68:Drivers/CMSIS/DSP/Source/ControllerFunctions/arm_sin_cos_f32.c ****  * @param[in]  theta    input value in degrees
  69:Drivers/CMSIS/DSP/Source/ControllerFunctions/arm_sin_cos_f32.c ****  * @param[out] *pSinVal points to the processed sine output.
  70:Drivers/CMSIS/DSP/Source/ControllerFunctions/arm_sin_cos_f32.c ****  * @param[out] *pCosVal points to the processed cos output.
  71:Drivers/CMSIS/DSP/Source/ControllerFunctions/arm_sin_cos_f32.c ****  * @return none.
  72:Drivers/CMSIS/DSP/Source/ControllerFunctions/arm_sin_cos_f32.c ****  */
  73:Drivers/CMSIS/DSP/Source/ControllerFunctions/arm_sin_cos_f32.c **** 
  74:Drivers/CMSIS/DSP/Source/ControllerFunctions/arm_sin_cos_f32.c **** void arm_sin_cos_f32(
  75:Drivers/CMSIS/DSP/Source/ControllerFunctions/arm_sin_cos_f32.c ****                       float32_t theta,
  76:Drivers/CMSIS/DSP/Source/ControllerFunctions/arm_sin_cos_f32.c ****                       float32_t * pSinVal,
  77:Drivers/CMSIS/DSP/Source/ControllerFunctions/arm_sin_cos_f32.c ****                       float32_t * pCosVal)
  78:Drivers/CMSIS/DSP/Source/ControllerFunctions/arm_sin_cos_f32.c **** {
  36              		.loc 1 78 1 view -0
  37              		.cfi_startproc
ARM GAS  C:\Users\Lamp\AppData\Local\Temp\cckMqaXX.s 			page 3


  38              		@ args = 0, pretend = 0, frame = 16
  39              		@ frame_needed = 0, uses_anonymous_args = 0
  40              		.loc 1 78 1 is_stmt 0 view .LVU1
  41 0000 2DE9F04F 		push	{r4, r5, r6, r7, r8, r9, r10, fp, lr}
  42              	.LCFI0:
  43              		.cfi_def_cfa_offset 36
  44              		.cfi_offset 4, -36
  45              		.cfi_offset 5, -32
  46              		.cfi_offset 6, -28
  47              		.cfi_offset 7, -24
  48              		.cfi_offset 8, -20
  49              		.cfi_offset 9, -16
  50              		.cfi_offset 10, -12
  51              		.cfi_offset 11, -8
  52              		.cfi_offset 14, -4
  53 0004 85B0     		sub	sp, sp, #20
  54              	.LCFI1:
  55              		.cfi_def_cfa_offset 56
  56 0006 0190     		str	r0, [sp, #4]	@ float
  57 0008 0291     		str	r1, [sp, #8]
  58 000a 0392     		str	r2, [sp, #12]
  79:Drivers/CMSIS/DSP/Source/ControllerFunctions/arm_sin_cos_f32.c ****     float32_t fract, in;                             /* Temporary variables for input, output */
  59              		.loc 1 79 5 is_stmt 1 view .LVU2
  80:Drivers/CMSIS/DSP/Source/ControllerFunctions/arm_sin_cos_f32.c ****     uint16_t indexS, indexC;                         /* Index variable */
  60              		.loc 1 80 5 view .LVU3
  81:Drivers/CMSIS/DSP/Source/ControllerFunctions/arm_sin_cos_f32.c ****     float32_t f1, f2, d1, d2;                        /* Two nearest output values */
  61              		.loc 1 81 5 view .LVU4
  82:Drivers/CMSIS/DSP/Source/ControllerFunctions/arm_sin_cos_f32.c ****     float32_t findex, Dn, Df, temp;
  62              		.loc 1 82 5 view .LVU5
  83:Drivers/CMSIS/DSP/Source/ControllerFunctions/arm_sin_cos_f32.c **** 
  84:Drivers/CMSIS/DSP/Source/ControllerFunctions/arm_sin_cos_f32.c ****     /* input x is in degrees */
  85:Drivers/CMSIS/DSP/Source/ControllerFunctions/arm_sin_cos_f32.c ****     /* Scale the input, divide input by 360, for cosine add 0.25 (pi/2) to read sine table */
  86:Drivers/CMSIS/DSP/Source/ControllerFunctions/arm_sin_cos_f32.c ****     in = theta * 0.00277777777778f;
  63              		.loc 1 86 5 view .LVU6
  64              		.loc 1 86 8 is_stmt 0 view .LVU7
  65 000c 6949     		ldr	r1, .L11
  66              	.LVL1:
  67              		.loc 1 86 8 view .LVU8
  68 000e FFF7FEFF 		bl	__aeabi_fmul
  69              	.LVL2:
  70              		.loc 1 86 8 view .LVU9
  71 0012 0446     		mov	r4, r0
  72              	.LVL3:
  87:Drivers/CMSIS/DSP/Source/ControllerFunctions/arm_sin_cos_f32.c **** 
  88:Drivers/CMSIS/DSP/Source/ControllerFunctions/arm_sin_cos_f32.c ****     if (in < 0.0f)
  73              		.loc 1 88 5 is_stmt 1 view .LVU10
  74              		.loc 1 88 8 is_stmt 0 view .LVU11
  75 0014 0021     		movs	r1, #0
  76 0016 FFF7FEFF 		bl	__aeabi_fcmplt
  77              	.LVL4:
  78              		.loc 1 88 8 view .LVU12
  79 001a 0028     		cmp	r0, #0
  80 001c 40F0C380 		bne	.L9
  81              	.LVL5:
  82              	.L2:
  89:Drivers/CMSIS/DSP/Source/ControllerFunctions/arm_sin_cos_f32.c ****     {
  90:Drivers/CMSIS/DSP/Source/ControllerFunctions/arm_sin_cos_f32.c ****         in = -in;
ARM GAS  C:\Users\Lamp\AppData\Local\Temp\cckMqaXX.s 			page 4


  91:Drivers/CMSIS/DSP/Source/ControllerFunctions/arm_sin_cos_f32.c ****     }
  92:Drivers/CMSIS/DSP/Source/ControllerFunctions/arm_sin_cos_f32.c **** 
  93:Drivers/CMSIS/DSP/Source/ControllerFunctions/arm_sin_cos_f32.c ****     in = in - (int32_t)in;
  83              		.loc 1 93 5 is_stmt 1 view .LVU13
  84              		.loc 1 93 15 is_stmt 0 view .LVU14
  85 0020 2046     		mov	r0, r4
  86 0022 FFF7FEFF 		bl	__aeabi_f2iz
  87              	.LVL6:
  88              		.loc 1 93 13 view .LVU15
  89 0026 FFF7FEFF 		bl	__aeabi_i2f
  90              	.LVL7:
  91 002a 0146     		mov	r1, r0
  92              		.loc 1 93 8 view .LVU16
  93 002c 2046     		mov	r0, r4
  94 002e FFF7FEFF 		bl	__aeabi_fsub
  95              	.LVL8:
  94:Drivers/CMSIS/DSP/Source/ControllerFunctions/arm_sin_cos_f32.c **** 
  95:Drivers/CMSIS/DSP/Source/ControllerFunctions/arm_sin_cos_f32.c ****     /* Calculation of index of the table */
  96:Drivers/CMSIS/DSP/Source/ControllerFunctions/arm_sin_cos_f32.c ****     findex = (float32_t) FAST_MATH_TABLE_SIZE * in;
  96              		.loc 1 96 5 is_stmt 1 view .LVU17
  97              		.loc 1 96 12 is_stmt 0 view .LVU18
  98 0032 4FF08841 		mov	r1, #1140850688
  99 0036 FFF7FEFF 		bl	__aeabi_fmul
 100              	.LVL9:
 101              		.loc 1 96 12 view .LVU19
 102 003a 0446     		mov	r4, r0
 103              	.LVL10:
  97:Drivers/CMSIS/DSP/Source/ControllerFunctions/arm_sin_cos_f32.c ****     indexS = ((uint16_t)findex) & 0x1ff;
 104              		.loc 1 97 5 is_stmt 1 view .LVU20
 105              		.loc 1 97 15 is_stmt 0 view .LVU21
 106 003c FFF7FEFF 		bl	__aeabi_f2uiz
 107              	.LVL11:
 108              		.loc 1 97 12 view .LVU22
 109 0040 C0F30806 		ubfx	r6, r0, #0, #9
 110              	.LVL12:
  98:Drivers/CMSIS/DSP/Source/ControllerFunctions/arm_sin_cos_f32.c ****     indexC = (indexS + (FAST_MATH_TABLE_SIZE / 4)) & 0x1ff;
 111              		.loc 1 98 5 is_stmt 1 view .LVU23
 112              		.loc 1 98 22 is_stmt 0 view .LVU24
 113 0044 06F18007 		add	r7, r6, #128
 114              		.loc 1 98 12 view .LVU25
 115 0048 C7F30807 		ubfx	r7, r7, #0, #9
 116              	.LVL13:
  99:Drivers/CMSIS/DSP/Source/ControllerFunctions/arm_sin_cos_f32.c **** 
 100:Drivers/CMSIS/DSP/Source/ControllerFunctions/arm_sin_cos_f32.c ****     /* fractional value calculation */
 101:Drivers/CMSIS/DSP/Source/ControllerFunctions/arm_sin_cos_f32.c ****     fract = findex - (float32_t) indexS;
 117              		.loc 1 101 5 is_stmt 1 view .LVU26
 118              		.loc 1 101 22 is_stmt 0 view .LVU27
 119 004c 3046     		mov	r0, r6
 120 004e FFF7FEFF 		bl	__aeabi_ui2f
 121              	.LVL14:
 122 0052 0146     		mov	r1, r0
 123              		.loc 1 101 11 view .LVU28
 124 0054 2046     		mov	r0, r4
 125 0056 FFF7FEFF 		bl	__aeabi_fsub
 126              	.LVL15:
 127 005a 0446     		mov	r4, r0
 128              	.LVL16:
ARM GAS  C:\Users\Lamp\AppData\Local\Temp\cckMqaXX.s 			page 5


 102:Drivers/CMSIS/DSP/Source/ControllerFunctions/arm_sin_cos_f32.c **** 
 103:Drivers/CMSIS/DSP/Source/ControllerFunctions/arm_sin_cos_f32.c ****     /* Read two nearest values of input value from the cos & sin tables */
 104:Drivers/CMSIS/DSP/Source/ControllerFunctions/arm_sin_cos_f32.c ****     f1 = sinTable_f32[indexC+0];
 129              		.loc 1 104 5 is_stmt 1 view .LVU29
 130              		.loc 1 104 8 is_stmt 0 view .LVU30
 131 005c 564B     		ldr	r3, .L11+4
 132 005e 53F82750 		ldr	r5, [r3, r7, lsl #2]	@ float
 133              	.LVL17:
 105:Drivers/CMSIS/DSP/Source/ControllerFunctions/arm_sin_cos_f32.c ****     f2 = sinTable_f32[indexC+1];
 134              		.loc 1 105 5 is_stmt 1 view .LVU31
 135              		.loc 1 105 29 is_stmt 0 view .LVU32
 136 0062 0137     		adds	r7, r7, #1
 137              	.LVL18:
 138              		.loc 1 105 8 view .LVU33
 139 0064 53F82790 		ldr	r9, [r3, r7, lsl #2]	@ float
 140              	.LVL19:
 106:Drivers/CMSIS/DSP/Source/ControllerFunctions/arm_sin_cos_f32.c ****     d1 = -sinTable_f32[indexS+0];
 141              		.loc 1 106 5 is_stmt 1 view .LVU34
 142              		.loc 1 106 23 is_stmt 0 view .LVU35
 143 0068 53F82680 		ldr	r8, [r3, r6, lsl #2]	@ float
 144              		.loc 1 106 8 view .LVU36
 145 006c 08F10047 		add	r7, r8, #-2147483648
 146              	.LVL20:
 107:Drivers/CMSIS/DSP/Source/ControllerFunctions/arm_sin_cos_f32.c ****     d2 = -sinTable_f32[indexS+1];
 147              		.loc 1 107 5 is_stmt 1 view .LVU37
 148              		.loc 1 107 30 is_stmt 0 view .LVU38
 149 0070 0136     		adds	r6, r6, #1
 150              	.LVL21:
 151              		.loc 1 107 23 view .LVU39
 152 0072 53F826A0 		ldr	r10, [r3, r6, lsl #2]	@ float
 153              	.LVL22:
 108:Drivers/CMSIS/DSP/Source/ControllerFunctions/arm_sin_cos_f32.c **** 
 109:Drivers/CMSIS/DSP/Source/ControllerFunctions/arm_sin_cos_f32.c ****     temp = (1.0f - fract) * f1 + fract * f2;
 154              		.loc 1 109 5 is_stmt 1 view .LVU40
 110:Drivers/CMSIS/DSP/Source/ControllerFunctions/arm_sin_cos_f32.c **** 
 111:Drivers/CMSIS/DSP/Source/ControllerFunctions/arm_sin_cos_f32.c ****     Dn = 0.0122718463030f; // delta between the two points (fixed), in this case 2*pi/FAST_MATH_TAB
 155              		.loc 1 111 5 view .LVU41
 112:Drivers/CMSIS/DSP/Source/ControllerFunctions/arm_sin_cos_f32.c ****     Df = f2 - f1;          // delta between the values of the functions
 156              		.loc 1 112 5 view .LVU42
 157              		.loc 1 112 8 is_stmt 0 view .LVU43
 158 0076 2946     		mov	r1, r5
 159 0078 4846     		mov	r0, r9
 160              	.LVL23:
 161              		.loc 1 112 8 view .LVU44
 162 007a FFF7FEFF 		bl	__aeabi_fsub
 163              	.LVL24:
 164 007e 0646     		mov	r6, r0
 165              	.LVL25:
 113:Drivers/CMSIS/DSP/Source/ControllerFunctions/arm_sin_cos_f32.c **** 
 114:Drivers/CMSIS/DSP/Source/ControllerFunctions/arm_sin_cos_f32.c ****     temp = Dn *(d1 + d2) - 2 * Df;
 166              		.loc 1 114 5 is_stmt 1 view .LVU45
 167              		.loc 1 114 15 is_stmt 0 view .LVU46
 168 0080 5146     		mov	r1, r10
 169 0082 3846     		mov	r0, r7
 170              	.LVL26:
 171              		.loc 1 114 15 view .LVU47
 172 0084 FFF7FEFF 		bl	__aeabi_fsub
ARM GAS  C:\Users\Lamp\AppData\Local\Temp\cckMqaXX.s 			page 6


 173              	.LVL27:
 174 0088 4C49     		ldr	r1, .L11+8
 175 008a FFF7FEFF 		bl	__aeabi_fmul
 176              	.LVL28:
 177 008e 8346     		mov	fp, r0
 178              		.loc 1 114 30 view .LVU48
 179 0090 3146     		mov	r1, r6
 180 0092 3046     		mov	r0, r6
 181 0094 FFF7FEFF 		bl	__aeabi_fadd
 182              	.LVL29:
 183 0098 0146     		mov	r1, r0
 184              		.loc 1 114 10 view .LVU49
 185 009a 5846     		mov	r0, fp
 186 009c FFF7FEFF 		bl	__aeabi_fsub
 187              	.LVL30:
 188 00a0 0146     		mov	r1, r0
 189              	.LVL31:
 115:Drivers/CMSIS/DSP/Source/ControllerFunctions/arm_sin_cos_f32.c ****     temp = fract * temp + (3 * Df - (d2 + 2 * d1) * Dn);
 190              		.loc 1 115 5 is_stmt 1 view .LVU50
 191              		.loc 1 115 18 is_stmt 0 view .LVU51
 192 00a2 2046     		mov	r0, r4
 193              	.LVL32:
 194              		.loc 1 115 18 view .LVU52
 195 00a4 FFF7FEFF 		bl	__aeabi_fmul
 196              	.LVL33:
 197              		.loc 1 115 18 view .LVU53
 198 00a8 8346     		mov	fp, r0
 199              		.loc 1 115 30 view .LVU54
 200 00aa 4549     		ldr	r1, .L11+12
 201 00ac 3046     		mov	r0, r6
 202 00ae FFF7FEFF 		bl	__aeabi_fmul
 203              	.LVL34:
 204 00b2 0646     		mov	r6, r0
 205              	.LVL35:
 206              		.loc 1 115 45 view .LVU55
 207 00b4 3946     		mov	r1, r7
 208 00b6 3846     		mov	r0, r7
 209 00b8 FFF7FEFF 		bl	__aeabi_fadd
 210              	.LVL36:
 211              		.loc 1 115 51 view .LVU56
 212 00bc 5146     		mov	r1, r10
 213 00be FFF7FEFF 		bl	__aeabi_fsub
 214              	.LVL37:
 215 00c2 3E49     		ldr	r1, .L11+8
 216 00c4 FFF7FEFF 		bl	__aeabi_fmul
 217              	.LVL38:
 218 00c8 0146     		mov	r1, r0
 219              		.loc 1 115 35 view .LVU57
 220 00ca 3046     		mov	r0, r6
 221 00cc FFF7FEFF 		bl	__aeabi_fsub
 222              	.LVL39:
 223 00d0 0146     		mov	r1, r0
 224              		.loc 1 115 10 view .LVU58
 225 00d2 5846     		mov	r0, fp
 226 00d4 FFF7FEFF 		bl	__aeabi_fadd
 227              	.LVL40:
 228 00d8 0146     		mov	r1, r0
ARM GAS  C:\Users\Lamp\AppData\Local\Temp\cckMqaXX.s 			page 7


 229              	.LVL41:
 116:Drivers/CMSIS/DSP/Source/ControllerFunctions/arm_sin_cos_f32.c ****     temp = fract * temp + d1 * Dn;
 230              		.loc 1 116 5 is_stmt 1 view .LVU59
 231              		.loc 1 116 18 is_stmt 0 view .LVU60
 232 00da 2046     		mov	r0, r4
 233              	.LVL42:
 234              		.loc 1 116 18 view .LVU61
 235 00dc FFF7FEFF 		bl	__aeabi_fmul
 236              	.LVL43:
 237              		.loc 1 116 18 view .LVU62
 238 00e0 0646     		mov	r6, r0
 239              		.loc 1 116 30 view .LVU63
 240 00e2 3649     		ldr	r1, .L11+8
 241 00e4 3846     		mov	r0, r7
 242 00e6 FFF7FEFF 		bl	__aeabi_fmul
 243              	.LVL44:
 244 00ea 0146     		mov	r1, r0
 245              		.loc 1 116 10 view .LVU64
 246 00ec 3046     		mov	r0, r6
 247 00ee FFF7FEFF 		bl	__aeabi_fadd
 248              	.LVL45:
 249 00f2 0146     		mov	r1, r0
 250              	.LVL46:
 117:Drivers/CMSIS/DSP/Source/ControllerFunctions/arm_sin_cos_f32.c **** 
 118:Drivers/CMSIS/DSP/Source/ControllerFunctions/arm_sin_cos_f32.c ****     /* Calculation of cosine value */
 119:Drivers/CMSIS/DSP/Source/ControllerFunctions/arm_sin_cos_f32.c ****     *pCosVal = fract * temp + f1;
 251              		.loc 1 119 5 is_stmt 1 view .LVU65
 252              		.loc 1 119 22 is_stmt 0 view .LVU66
 253 00f4 2046     		mov	r0, r4
 254              	.LVL47:
 255              		.loc 1 119 22 view .LVU67
 256 00f6 FFF7FEFF 		bl	__aeabi_fmul
 257              	.LVL48:
 258              		.loc 1 119 29 view .LVU68
 259 00fa 2946     		mov	r1, r5
 260 00fc FFF7FEFF 		bl	__aeabi_fadd
 261              	.LVL49:
 262              		.loc 1 119 14 view .LVU69
 263 0100 039B     		ldr	r3, [sp, #12]
 264 0102 1860     		str	r0, [r3]	@ float
 120:Drivers/CMSIS/DSP/Source/ControllerFunctions/arm_sin_cos_f32.c **** 
 121:Drivers/CMSIS/DSP/Source/ControllerFunctions/arm_sin_cos_f32.c ****     /* Read two nearest values of input value from the cos & sin tables */
 122:Drivers/CMSIS/DSP/Source/ControllerFunctions/arm_sin_cos_f32.c ****     f1 = sinTable_f32[indexS+0];
 265              		.loc 1 122 5 is_stmt 1 view .LVU70
 266              	.LVL50:
 123:Drivers/CMSIS/DSP/Source/ControllerFunctions/arm_sin_cos_f32.c ****     f2 = sinTable_f32[indexS+1];
 267              		.loc 1 123 5 view .LVU71
 124:Drivers/CMSIS/DSP/Source/ControllerFunctions/arm_sin_cos_f32.c ****     d1 = sinTable_f32[indexC+0];
 268              		.loc 1 124 5 view .LVU72
 125:Drivers/CMSIS/DSP/Source/ControllerFunctions/arm_sin_cos_f32.c ****     d2 = sinTable_f32[indexC+1];
 269              		.loc 1 125 5 view .LVU73
 126:Drivers/CMSIS/DSP/Source/ControllerFunctions/arm_sin_cos_f32.c **** 
 127:Drivers/CMSIS/DSP/Source/ControllerFunctions/arm_sin_cos_f32.c ****     temp = (1.0f - fract) * f1 + fract * f2;
 270              		.loc 1 127 5 view .LVU74
 128:Drivers/CMSIS/DSP/Source/ControllerFunctions/arm_sin_cos_f32.c **** 
 129:Drivers/CMSIS/DSP/Source/ControllerFunctions/arm_sin_cos_f32.c ****     Df = f2 - f1; // delta between the values of the functions
 271              		.loc 1 129 5 view .LVU75
ARM GAS  C:\Users\Lamp\AppData\Local\Temp\cckMqaXX.s 			page 8


 272              		.loc 1 129 8 is_stmt 0 view .LVU76
 273 0104 4146     		mov	r1, r8
 274 0106 5046     		mov	r0, r10
 275 0108 FFF7FEFF 		bl	__aeabi_fsub
 276              	.LVL51:
 277 010c 0646     		mov	r6, r0
 278              	.LVL52:
 130:Drivers/CMSIS/DSP/Source/ControllerFunctions/arm_sin_cos_f32.c ****     temp = Dn*(d1 + d2) - 2*Df;
 279              		.loc 1 130 5 is_stmt 1 view .LVU77
 280              		.loc 1 130 19 is_stmt 0 view .LVU78
 281 010e 4946     		mov	r1, r9
 282 0110 2846     		mov	r0, r5
 283              	.LVL53:
 284              		.loc 1 130 19 view .LVU79
 285 0112 FFF7FEFF 		bl	__aeabi_fadd
 286              	.LVL54:
 287              		.loc 1 130 14 view .LVU80
 288 0116 2949     		ldr	r1, .L11+8
 289 0118 FFF7FEFF 		bl	__aeabi_fmul
 290              	.LVL55:
 291 011c 0746     		mov	r7, r0
 292              		.loc 1 130 28 view .LVU81
 293 011e 3146     		mov	r1, r6
 294 0120 3046     		mov	r0, r6
 295 0122 FFF7FEFF 		bl	__aeabi_fadd
 296              	.LVL56:
 297 0126 0146     		mov	r1, r0
 298              		.loc 1 130 10 view .LVU82
 299 0128 3846     		mov	r0, r7
 300 012a FFF7FEFF 		bl	__aeabi_fsub
 301              	.LVL57:
 302 012e 0146     		mov	r1, r0
 303              	.LVL58:
 131:Drivers/CMSIS/DSP/Source/ControllerFunctions/arm_sin_cos_f32.c ****     temp = fract*temp + (3*Df - (d2 + 2*d1)*Dn);
 304              		.loc 1 131 5 is_stmt 1 view .LVU83
 305              		.loc 1 131 17 is_stmt 0 view .LVU84
 306 0130 2046     		mov	r0, r4
 307              	.LVL59:
 308              		.loc 1 131 17 view .LVU85
 309 0132 FFF7FEFF 		bl	__aeabi_fmul
 310              	.LVL60:
 311              		.loc 1 131 17 view .LVU86
 312 0136 0746     		mov	r7, r0
 313              		.loc 1 131 27 view .LVU87
 314 0138 2149     		ldr	r1, .L11+12
 315 013a 3046     		mov	r0, r6
 316 013c FFF7FEFF 		bl	__aeabi_fmul
 317              	.LVL61:
 318 0140 0646     		mov	r6, r0
 319              	.LVL62:
 320              		.loc 1 131 40 view .LVU88
 321 0142 2946     		mov	r1, r5
 322 0144 2846     		mov	r0, r5
 323 0146 FFF7FEFF 		bl	__aeabi_fadd
 324              	.LVL63:
 325              		.loc 1 131 37 view .LVU89
 326 014a 4946     		mov	r1, r9
ARM GAS  C:\Users\Lamp\AppData\Local\Temp\cckMqaXX.s 			page 9


 327 014c FFF7FEFF 		bl	__aeabi_fadd
 328              	.LVL64:
 329              		.loc 1 131 44 view .LVU90
 330 0150 1A49     		ldr	r1, .L11+8
 331 0152 FFF7FEFF 		bl	__aeabi_fmul
 332              	.LVL65:
 333 0156 0146     		mov	r1, r0
 334              		.loc 1 131 31 view .LVU91
 335 0158 3046     		mov	r0, r6
 336 015a FFF7FEFF 		bl	__aeabi_fsub
 337              	.LVL66:
 338 015e 0146     		mov	r1, r0
 339              		.loc 1 131 10 view .LVU92
 340 0160 3846     		mov	r0, r7
 341 0162 FFF7FEFF 		bl	__aeabi_fadd
 342              	.LVL67:
 343 0166 0146     		mov	r1, r0
 344              	.LVL68:
 132:Drivers/CMSIS/DSP/Source/ControllerFunctions/arm_sin_cos_f32.c ****     temp = fract*temp + d1*Dn;
 345              		.loc 1 132 5 is_stmt 1 view .LVU93
 346              		.loc 1 132 17 is_stmt 0 view .LVU94
 347 0168 2046     		mov	r0, r4
 348              	.LVL69:
 349              		.loc 1 132 17 view .LVU95
 350 016a FFF7FEFF 		bl	__aeabi_fmul
 351              	.LVL70:
 352              		.loc 1 132 17 view .LVU96
 353 016e 0646     		mov	r6, r0
 354              		.loc 1 132 27 view .LVU97
 355 0170 1249     		ldr	r1, .L11+8
 356 0172 2846     		mov	r0, r5
 357 0174 FFF7FEFF 		bl	__aeabi_fmul
 358              	.LVL71:
 359 0178 0146     		mov	r1, r0
 360              		.loc 1 132 10 view .LVU98
 361 017a 3046     		mov	r0, r6
 362 017c FFF7FEFF 		bl	__aeabi_fadd
 363              	.LVL72:
 364 0180 0146     		mov	r1, r0
 365              	.LVL73:
 133:Drivers/CMSIS/DSP/Source/ControllerFunctions/arm_sin_cos_f32.c **** 
 134:Drivers/CMSIS/DSP/Source/ControllerFunctions/arm_sin_cos_f32.c ****     /* Calculation of sine value */
 135:Drivers/CMSIS/DSP/Source/ControllerFunctions/arm_sin_cos_f32.c ****     *pSinVal = fract*temp + f1;
 366              		.loc 1 135 5 is_stmt 1 view .LVU99
 367              		.loc 1 135 21 is_stmt 0 view .LVU100
 368 0182 2046     		mov	r0, r4
 369              	.LVL74:
 370              		.loc 1 135 21 view .LVU101
 371 0184 FFF7FEFF 		bl	__aeabi_fmul
 372              	.LVL75:
 373              		.loc 1 135 21 view .LVU102
 374 0188 0146     		mov	r1, r0
 375              		.loc 1 135 27 view .LVU103
 376 018a 4046     		mov	r0, r8
 377 018c FFF7FEFF 		bl	__aeabi_fadd
 378              	.LVL76:
 379 0190 0446     		mov	r4, r0
ARM GAS  C:\Users\Lamp\AppData\Local\Temp\cckMqaXX.s 			page 10


 380              	.LVL77:
 381              		.loc 1 135 14 view .LVU104
 382 0192 029D     		ldr	r5, [sp, #8]
 383              	.LVL78:
 384              		.loc 1 135 14 view .LVU105
 385 0194 2860     		str	r0, [r5]	@ float
 136:Drivers/CMSIS/DSP/Source/ControllerFunctions/arm_sin_cos_f32.c **** 
 137:Drivers/CMSIS/DSP/Source/ControllerFunctions/arm_sin_cos_f32.c ****     if (theta < 0.0f)
 386              		.loc 1 137 5 is_stmt 1 view .LVU106
 387              		.loc 1 137 8 is_stmt 0 view .LVU107
 388 0196 0021     		movs	r1, #0
 389 0198 0198     		ldr	r0, [sp, #4]	@ float
 390 019a FFF7FEFF 		bl	__aeabi_fcmplt
 391              	.LVL79:
 392 019e 28B9     		cbnz	r0, .L10
 393              	.L1:
 138:Drivers/CMSIS/DSP/Source/ControllerFunctions/arm_sin_cos_f32.c ****     {
 139:Drivers/CMSIS/DSP/Source/ControllerFunctions/arm_sin_cos_f32.c ****         *pSinVal = -*pSinVal;
 140:Drivers/CMSIS/DSP/Source/ControllerFunctions/arm_sin_cos_f32.c ****     }
 141:Drivers/CMSIS/DSP/Source/ControllerFunctions/arm_sin_cos_f32.c **** }
 394              		.loc 1 141 1 view .LVU108
 395 01a0 05B0     		add	sp, sp, #20
 396              	.LCFI2:
 397              		.cfi_remember_state
 398              		.cfi_def_cfa_offset 36
 399              		@ sp needed
 400 01a2 BDE8F08F 		pop	{r4, r5, r6, r7, r8, r9, r10, fp, pc}
 401              	.LVL80:
 402              	.L9:
 403              	.LCFI3:
 404              		.cfi_restore_state
  90:Drivers/CMSIS/DSP/Source/ControllerFunctions/arm_sin_cos_f32.c ****     }
 405              		.loc 1 90 9 is_stmt 1 view .LVU109
  90:Drivers/CMSIS/DSP/Source/ControllerFunctions/arm_sin_cos_f32.c ****     }
 406              		.loc 1 90 12 is_stmt 0 view .LVU110
 407 01a6 04F10044 		add	r4, r4, #-2147483648
 408              	.LVL81:
  90:Drivers/CMSIS/DSP/Source/ControllerFunctions/arm_sin_cos_f32.c ****     }
 409              		.loc 1 90 12 view .LVU111
 410 01aa 39E7     		b	.L2
 411              	.LVL82:
 412              	.L10:
 139:Drivers/CMSIS/DSP/Source/ControllerFunctions/arm_sin_cos_f32.c ****     }
 413              		.loc 1 139 9 is_stmt 1 view .LVU112
 139:Drivers/CMSIS/DSP/Source/ControllerFunctions/arm_sin_cos_f32.c ****     }
 414              		.loc 1 139 20 is_stmt 0 view .LVU113
 415 01ac 04F10044 		add	r4, r4, #-2147483648
 139:Drivers/CMSIS/DSP/Source/ControllerFunctions/arm_sin_cos_f32.c ****     }
 416              		.loc 1 139 18 view .LVU114
 417 01b0 2C60     		str	r4, [r5]	@ float
 418              		.loc 1 141 1 view .LVU115
 419 01b2 F5E7     		b	.L1
 420              	.L12:
 421              		.align	2
 422              	.L11:
 423 01b4 610B363B 		.word	993397601
 424 01b8 00000000 		.word	sinTable_f32
ARM GAS  C:\Users\Lamp\AppData\Local\Temp\cckMqaXX.s 			page 11


 425 01bc DB0F493C 		.word	1011421147
 426 01c0 00004040 		.word	1077936128
 427              		.cfi_endproc
 428              	.LFE100:
 430              		.text
 431              	.Letext0:
 432              		.file 2 "C:/ARM GNU Toolchain/arm-none-eabi/include/machine/_default_types.h"
 433              		.file 3 "C:/ARM GNU Toolchain/arm-none-eabi/include/sys/_stdint.h"
 434              		.file 4 "Drivers/CMSIS/DSP/Include/arm_math.h"
 435              		.file 5 "Drivers/CMSIS/DSP/Include/arm_common_tables.h"
ARM GAS  C:\Users\Lamp\AppData\Local\Temp\cckMqaXX.s 			page 12


DEFINED SYMBOLS
                            *ABS*:00000000 arm_sin_cos_f32.c
C:\Users\Lamp\AppData\Local\Temp\cckMqaXX.s:27     .text.arm_sin_cos_f32:00000000 $t
C:\Users\Lamp\AppData\Local\Temp\cckMqaXX.s:33     .text.arm_sin_cos_f32:00000000 arm_sin_cos_f32
C:\Users\Lamp\AppData\Local\Temp\cckMqaXX.s:423    .text.arm_sin_cos_f32:000001b4 $d

UNDEFINED SYMBOLS
__aeabi_fmul
__aeabi_fcmplt
__aeabi_f2iz
__aeabi_i2f
__aeabi_fsub
__aeabi_f2uiz
__aeabi_ui2f
__aeabi_fadd
sinTable_f32
