ARM GAS  C:\Users\Lamp\AppData\Local\Temp\ccilmE0j.s 			page 1


   1              		.cpu cortex-m3
   2              		.arch armv7-m
   3              		.fpu softvfp
   4              		.eabi_attribute 20, 1
   5              		.eabi_attribute 21, 1
   6              		.eabi_attribute 23, 3
   7              		.eabi_attribute 24, 1
   8              		.eabi_attribute 25, 1
   9              		.eabi_attribute 26, 1
  10              		.eabi_attribute 30, 1
  11              		.eabi_attribute 34, 1
  12              		.eabi_attribute 18, 4
  13              		.file	"arm_dot_prod_q31.c"
  14              		.text
  15              	.Ltext0:
  16              		.cfi_sections	.debug_frame
  17              		.file 1 "Drivers/CMSIS/DSP/Source/BasicMathFunctions/arm_dot_prod_q31.c"
  18              		.section	.text.arm_dot_prod_q31,"ax",%progbits
  19              		.align	1
  20              		.global	arm_dot_prod_q31
  21              		.syntax unified
  22              		.thumb
  23              		.thumb_func
  25              	arm_dot_prod_q31:
  26              	.LVL0:
  27              	.LFB100:
   1:Drivers/CMSIS/DSP/Source/BasicMathFunctions/arm_dot_prod_q31.c **** /* ----------------------------------------------------------------------
   2:Drivers/CMSIS/DSP/Source/BasicMathFunctions/arm_dot_prod_q31.c ****  * Project:      CMSIS DSP Library
   3:Drivers/CMSIS/DSP/Source/BasicMathFunctions/arm_dot_prod_q31.c ****  * Title:        arm_dot_prod_q31.c
   4:Drivers/CMSIS/DSP/Source/BasicMathFunctions/arm_dot_prod_q31.c ****  * Description:  Q31 dot product
   5:Drivers/CMSIS/DSP/Source/BasicMathFunctions/arm_dot_prod_q31.c ****  *
   6:Drivers/CMSIS/DSP/Source/BasicMathFunctions/arm_dot_prod_q31.c ****  * $Date:        27. January 2017
   7:Drivers/CMSIS/DSP/Source/BasicMathFunctions/arm_dot_prod_q31.c ****  * $Revision:    V.1.5.1
   8:Drivers/CMSIS/DSP/Source/BasicMathFunctions/arm_dot_prod_q31.c ****  *
   9:Drivers/CMSIS/DSP/Source/BasicMathFunctions/arm_dot_prod_q31.c ****  * Target Processor: Cortex-M cores
  10:Drivers/CMSIS/DSP/Source/BasicMathFunctions/arm_dot_prod_q31.c ****  * -------------------------------------------------------------------- */
  11:Drivers/CMSIS/DSP/Source/BasicMathFunctions/arm_dot_prod_q31.c **** /*
  12:Drivers/CMSIS/DSP/Source/BasicMathFunctions/arm_dot_prod_q31.c ****  * Copyright (C) 2010-2017 ARM Limited or its affiliates. All rights reserved.
  13:Drivers/CMSIS/DSP/Source/BasicMathFunctions/arm_dot_prod_q31.c ****  *
  14:Drivers/CMSIS/DSP/Source/BasicMathFunctions/arm_dot_prod_q31.c ****  * SPDX-License-Identifier: Apache-2.0
  15:Drivers/CMSIS/DSP/Source/BasicMathFunctions/arm_dot_prod_q31.c ****  *
  16:Drivers/CMSIS/DSP/Source/BasicMathFunctions/arm_dot_prod_q31.c ****  * Licensed under the Apache License, Version 2.0 (the License); you may
  17:Drivers/CMSIS/DSP/Source/BasicMathFunctions/arm_dot_prod_q31.c ****  * not use this file except in compliance with the License.
  18:Drivers/CMSIS/DSP/Source/BasicMathFunctions/arm_dot_prod_q31.c ****  * You may obtain a copy of the License at
  19:Drivers/CMSIS/DSP/Source/BasicMathFunctions/arm_dot_prod_q31.c ****  *
  20:Drivers/CMSIS/DSP/Source/BasicMathFunctions/arm_dot_prod_q31.c ****  * www.apache.org/licenses/LICENSE-2.0
  21:Drivers/CMSIS/DSP/Source/BasicMathFunctions/arm_dot_prod_q31.c ****  *
  22:Drivers/CMSIS/DSP/Source/BasicMathFunctions/arm_dot_prod_q31.c ****  * Unless required by applicable law or agreed to in writing, software
  23:Drivers/CMSIS/DSP/Source/BasicMathFunctions/arm_dot_prod_q31.c ****  * distributed under the License is distributed on an AS IS BASIS, WITHOUT
  24:Drivers/CMSIS/DSP/Source/BasicMathFunctions/arm_dot_prod_q31.c ****  * WARRANTIES OR CONDITIONS OF ANY KIND, either express or implied.
  25:Drivers/CMSIS/DSP/Source/BasicMathFunctions/arm_dot_prod_q31.c ****  * See the License for the specific language governing permissions and
  26:Drivers/CMSIS/DSP/Source/BasicMathFunctions/arm_dot_prod_q31.c ****  * limitations under the License.
  27:Drivers/CMSIS/DSP/Source/BasicMathFunctions/arm_dot_prod_q31.c ****  */
  28:Drivers/CMSIS/DSP/Source/BasicMathFunctions/arm_dot_prod_q31.c **** 
  29:Drivers/CMSIS/DSP/Source/BasicMathFunctions/arm_dot_prod_q31.c **** #include "arm_math.h"
  30:Drivers/CMSIS/DSP/Source/BasicMathFunctions/arm_dot_prod_q31.c **** 
  31:Drivers/CMSIS/DSP/Source/BasicMathFunctions/arm_dot_prod_q31.c **** /**
ARM GAS  C:\Users\Lamp\AppData\Local\Temp\ccilmE0j.s 			page 2


  32:Drivers/CMSIS/DSP/Source/BasicMathFunctions/arm_dot_prod_q31.c ****  * @ingroup groupMath
  33:Drivers/CMSIS/DSP/Source/BasicMathFunctions/arm_dot_prod_q31.c ****  */
  34:Drivers/CMSIS/DSP/Source/BasicMathFunctions/arm_dot_prod_q31.c **** 
  35:Drivers/CMSIS/DSP/Source/BasicMathFunctions/arm_dot_prod_q31.c **** /**
  36:Drivers/CMSIS/DSP/Source/BasicMathFunctions/arm_dot_prod_q31.c ****  * @addtogroup dot_prod
  37:Drivers/CMSIS/DSP/Source/BasicMathFunctions/arm_dot_prod_q31.c ****  * @{
  38:Drivers/CMSIS/DSP/Source/BasicMathFunctions/arm_dot_prod_q31.c ****  */
  39:Drivers/CMSIS/DSP/Source/BasicMathFunctions/arm_dot_prod_q31.c **** 
  40:Drivers/CMSIS/DSP/Source/BasicMathFunctions/arm_dot_prod_q31.c **** /**
  41:Drivers/CMSIS/DSP/Source/BasicMathFunctions/arm_dot_prod_q31.c ****  * @brief Dot product of Q31 vectors.
  42:Drivers/CMSIS/DSP/Source/BasicMathFunctions/arm_dot_prod_q31.c ****  * @param[in]       *pSrcA points to the first input vector
  43:Drivers/CMSIS/DSP/Source/BasicMathFunctions/arm_dot_prod_q31.c ****  * @param[in]       *pSrcB points to the second input vector
  44:Drivers/CMSIS/DSP/Source/BasicMathFunctions/arm_dot_prod_q31.c ****  * @param[in]       blockSize number of samples in each vector
  45:Drivers/CMSIS/DSP/Source/BasicMathFunctions/arm_dot_prod_q31.c ****  * @param[out]      *result output result returned here
  46:Drivers/CMSIS/DSP/Source/BasicMathFunctions/arm_dot_prod_q31.c ****  * @return none.
  47:Drivers/CMSIS/DSP/Source/BasicMathFunctions/arm_dot_prod_q31.c ****  *
  48:Drivers/CMSIS/DSP/Source/BasicMathFunctions/arm_dot_prod_q31.c ****  * <b>Scaling and Overflow Behavior:</b>
  49:Drivers/CMSIS/DSP/Source/BasicMathFunctions/arm_dot_prod_q31.c ****  * \par
  50:Drivers/CMSIS/DSP/Source/BasicMathFunctions/arm_dot_prod_q31.c ****  * The intermediate multiplications are in 1.31 x 1.31 = 2.62 format and these
  51:Drivers/CMSIS/DSP/Source/BasicMathFunctions/arm_dot_prod_q31.c ****  * are truncated to 2.48 format by discarding the lower 14 bits.
  52:Drivers/CMSIS/DSP/Source/BasicMathFunctions/arm_dot_prod_q31.c ****  * The 2.48 result is then added without saturation to a 64-bit accumulator in 16.48 format.
  53:Drivers/CMSIS/DSP/Source/BasicMathFunctions/arm_dot_prod_q31.c ****  * There are 15 guard bits in the accumulator and there is no risk of overflow as long as
  54:Drivers/CMSIS/DSP/Source/BasicMathFunctions/arm_dot_prod_q31.c ****  * the length of the vectors is less than 2^16 elements.
  55:Drivers/CMSIS/DSP/Source/BasicMathFunctions/arm_dot_prod_q31.c ****  * The return result is in 16.48 format.
  56:Drivers/CMSIS/DSP/Source/BasicMathFunctions/arm_dot_prod_q31.c ****  */
  57:Drivers/CMSIS/DSP/Source/BasicMathFunctions/arm_dot_prod_q31.c **** 
  58:Drivers/CMSIS/DSP/Source/BasicMathFunctions/arm_dot_prod_q31.c **** void arm_dot_prod_q31(
  59:Drivers/CMSIS/DSP/Source/BasicMathFunctions/arm_dot_prod_q31.c ****   q31_t * pSrcA,
  60:Drivers/CMSIS/DSP/Source/BasicMathFunctions/arm_dot_prod_q31.c ****   q31_t * pSrcB,
  61:Drivers/CMSIS/DSP/Source/BasicMathFunctions/arm_dot_prod_q31.c ****   uint32_t blockSize,
  62:Drivers/CMSIS/DSP/Source/BasicMathFunctions/arm_dot_prod_q31.c ****   q63_t * result)
  63:Drivers/CMSIS/DSP/Source/BasicMathFunctions/arm_dot_prod_q31.c **** {
  28              		.loc 1 63 1 view -0
  29              		.cfi_startproc
  30              		@ args = 0, pretend = 0, frame = 0
  31              		@ frame_needed = 0, uses_anonymous_args = 0
  32              		.loc 1 63 1 is_stmt 0 view .LVU1
  33 0000 F0B5     		push	{r4, r5, r6, r7, lr}
  34              	.LCFI0:
  35              		.cfi_def_cfa_offset 20
  36              		.cfi_offset 4, -20
  37              		.cfi_offset 5, -16
  38              		.cfi_offset 6, -12
  39              		.cfi_offset 7, -8
  40              		.cfi_offset 14, -4
  64:Drivers/CMSIS/DSP/Source/BasicMathFunctions/arm_dot_prod_q31.c ****   q63_t sum = 0;                                 /* Temporary result storage */
  41              		.loc 1 64 3 is_stmt 1 view .LVU2
  42              	.LVL1:
  65:Drivers/CMSIS/DSP/Source/BasicMathFunctions/arm_dot_prod_q31.c ****   uint32_t blkCnt;                               /* loop counter */
  43              		.loc 1 65 3 view .LVU3
  66:Drivers/CMSIS/DSP/Source/BasicMathFunctions/arm_dot_prod_q31.c **** 
  67:Drivers/CMSIS/DSP/Source/BasicMathFunctions/arm_dot_prod_q31.c **** 
  68:Drivers/CMSIS/DSP/Source/BasicMathFunctions/arm_dot_prod_q31.c **** #if defined (ARM_MATH_DSP)
  69:Drivers/CMSIS/DSP/Source/BasicMathFunctions/arm_dot_prod_q31.c **** 
  70:Drivers/CMSIS/DSP/Source/BasicMathFunctions/arm_dot_prod_q31.c **** /* Run the below code for Cortex-M4 and Cortex-M3 */
  71:Drivers/CMSIS/DSP/Source/BasicMathFunctions/arm_dot_prod_q31.c ****   q31_t inA1, inA2, inA3, inA4;
  72:Drivers/CMSIS/DSP/Source/BasicMathFunctions/arm_dot_prod_q31.c ****   q31_t inB1, inB2, inB3, inB4;
ARM GAS  C:\Users\Lamp\AppData\Local\Temp\ccilmE0j.s 			page 3


  73:Drivers/CMSIS/DSP/Source/BasicMathFunctions/arm_dot_prod_q31.c **** 
  74:Drivers/CMSIS/DSP/Source/BasicMathFunctions/arm_dot_prod_q31.c ****   /*loop Unrolling */
  75:Drivers/CMSIS/DSP/Source/BasicMathFunctions/arm_dot_prod_q31.c ****   blkCnt = blockSize >> 2U;
  76:Drivers/CMSIS/DSP/Source/BasicMathFunctions/arm_dot_prod_q31.c **** 
  77:Drivers/CMSIS/DSP/Source/BasicMathFunctions/arm_dot_prod_q31.c ****   /* First part of the processing with loop unrolling.  Compute 4 outputs at a time.
  78:Drivers/CMSIS/DSP/Source/BasicMathFunctions/arm_dot_prod_q31.c ****    ** a second loop below computes the remaining 1 to 3 samples. */
  79:Drivers/CMSIS/DSP/Source/BasicMathFunctions/arm_dot_prod_q31.c ****   while (blkCnt > 0U)
  80:Drivers/CMSIS/DSP/Source/BasicMathFunctions/arm_dot_prod_q31.c ****   {
  81:Drivers/CMSIS/DSP/Source/BasicMathFunctions/arm_dot_prod_q31.c ****     /* C = A[0]* B[0] + A[1]* B[1] + A[2]* B[2] + .....+ A[blockSize-1]* B[blockSize-1] */
  82:Drivers/CMSIS/DSP/Source/BasicMathFunctions/arm_dot_prod_q31.c ****     /* Calculate dot product and then store the result in a temporary buffer. */
  83:Drivers/CMSIS/DSP/Source/BasicMathFunctions/arm_dot_prod_q31.c ****     inA1 = *pSrcA++;
  84:Drivers/CMSIS/DSP/Source/BasicMathFunctions/arm_dot_prod_q31.c ****     inA2 = *pSrcA++;
  85:Drivers/CMSIS/DSP/Source/BasicMathFunctions/arm_dot_prod_q31.c ****     inA3 = *pSrcA++;
  86:Drivers/CMSIS/DSP/Source/BasicMathFunctions/arm_dot_prod_q31.c ****     inA4 = *pSrcA++;
  87:Drivers/CMSIS/DSP/Source/BasicMathFunctions/arm_dot_prod_q31.c ****     inB1 = *pSrcB++;
  88:Drivers/CMSIS/DSP/Source/BasicMathFunctions/arm_dot_prod_q31.c ****     inB2 = *pSrcB++;
  89:Drivers/CMSIS/DSP/Source/BasicMathFunctions/arm_dot_prod_q31.c ****     inB3 = *pSrcB++;
  90:Drivers/CMSIS/DSP/Source/BasicMathFunctions/arm_dot_prod_q31.c ****     inB4 = *pSrcB++;
  91:Drivers/CMSIS/DSP/Source/BasicMathFunctions/arm_dot_prod_q31.c **** 
  92:Drivers/CMSIS/DSP/Source/BasicMathFunctions/arm_dot_prod_q31.c ****     sum += ((q63_t) inA1 * inB1) >> 14U;
  93:Drivers/CMSIS/DSP/Source/BasicMathFunctions/arm_dot_prod_q31.c ****     sum += ((q63_t) inA2 * inB2) >> 14U;
  94:Drivers/CMSIS/DSP/Source/BasicMathFunctions/arm_dot_prod_q31.c ****     sum += ((q63_t) inA3 * inB3) >> 14U;
  95:Drivers/CMSIS/DSP/Source/BasicMathFunctions/arm_dot_prod_q31.c ****     sum += ((q63_t) inA4 * inB4) >> 14U;
  96:Drivers/CMSIS/DSP/Source/BasicMathFunctions/arm_dot_prod_q31.c **** 
  97:Drivers/CMSIS/DSP/Source/BasicMathFunctions/arm_dot_prod_q31.c ****     /* Decrement the loop counter */
  98:Drivers/CMSIS/DSP/Source/BasicMathFunctions/arm_dot_prod_q31.c ****     blkCnt--;
  99:Drivers/CMSIS/DSP/Source/BasicMathFunctions/arm_dot_prod_q31.c ****   }
 100:Drivers/CMSIS/DSP/Source/BasicMathFunctions/arm_dot_prod_q31.c **** 
 101:Drivers/CMSIS/DSP/Source/BasicMathFunctions/arm_dot_prod_q31.c ****   /* If the blockSize is not a multiple of 4, compute any remaining output samples here.
 102:Drivers/CMSIS/DSP/Source/BasicMathFunctions/arm_dot_prod_q31.c ****    ** No loop unrolling is used. */
 103:Drivers/CMSIS/DSP/Source/BasicMathFunctions/arm_dot_prod_q31.c ****   blkCnt = blockSize % 0x4U;
 104:Drivers/CMSIS/DSP/Source/BasicMathFunctions/arm_dot_prod_q31.c **** 
 105:Drivers/CMSIS/DSP/Source/BasicMathFunctions/arm_dot_prod_q31.c **** #else
 106:Drivers/CMSIS/DSP/Source/BasicMathFunctions/arm_dot_prod_q31.c **** 
 107:Drivers/CMSIS/DSP/Source/BasicMathFunctions/arm_dot_prod_q31.c ****   /* Run the below code for Cortex-M0 */
 108:Drivers/CMSIS/DSP/Source/BasicMathFunctions/arm_dot_prod_q31.c **** 
 109:Drivers/CMSIS/DSP/Source/BasicMathFunctions/arm_dot_prod_q31.c ****   /* Initialize blkCnt with number of samples */
 110:Drivers/CMSIS/DSP/Source/BasicMathFunctions/arm_dot_prod_q31.c ****   blkCnt = blockSize;
  44              		.loc 1 110 3 view .LVU4
 111:Drivers/CMSIS/DSP/Source/BasicMathFunctions/arm_dot_prod_q31.c **** 
 112:Drivers/CMSIS/DSP/Source/BasicMathFunctions/arm_dot_prod_q31.c **** #endif /* #if defined (ARM_MATH_DSP) */
 113:Drivers/CMSIS/DSP/Source/BasicMathFunctions/arm_dot_prod_q31.c **** 
 114:Drivers/CMSIS/DSP/Source/BasicMathFunctions/arm_dot_prod_q31.c **** 
 115:Drivers/CMSIS/DSP/Source/BasicMathFunctions/arm_dot_prod_q31.c ****   while (blkCnt > 0U)
  45              		.loc 1 115 3 view .LVU5
  64:Drivers/CMSIS/DSP/Source/BasicMathFunctions/arm_dot_prod_q31.c ****   uint32_t blkCnt;                               /* loop counter */
  46              		.loc 1 64 9 is_stmt 0 view .LVU6
  47 0002 0027     		movs	r7, #0
  48 0004 3E46     		mov	r6, r7
  49              		.loc 1 115 9 view .LVU7
  50 0006 19E0     		b	.L2
  51              	.LVL2:
  52              	.L3:
 116:Drivers/CMSIS/DSP/Source/BasicMathFunctions/arm_dot_prod_q31.c ****   {
 117:Drivers/CMSIS/DSP/Source/BasicMathFunctions/arm_dot_prod_q31.c ****     /* C = A[0]* B[0] + A[1]* B[1] + A[2]* B[2] + .....+ A[blockSize-1]* B[blockSize-1] */
 118:Drivers/CMSIS/DSP/Source/BasicMathFunctions/arm_dot_prod_q31.c ****     /* Calculate dot product and then store the result in a temporary buffer. */
 119:Drivers/CMSIS/DSP/Source/BasicMathFunctions/arm_dot_prod_q31.c ****     sum += ((q63_t) * pSrcA++ * *pSrcB++) >> 14U;
ARM GAS  C:\Users\Lamp\AppData\Local\Temp\ccilmE0j.s 			page 4


  53              		.loc 1 119 5 is_stmt 1 view .LVU8
  54              		.loc 1 119 21 is_stmt 0 view .LVU9
  55 0008 50F8044B 		ldr	r4, [r0], #4
  56              	.LVL3:
  57              		.loc 1 119 13 view .LVU10
  58 000c 4FEAE47C 		asr	ip, r4, #31
  59              	.LVL4:
  60              		.loc 1 119 33 view .LVU11
  61 0010 51F8045B 		ldr	r5, [r1], #4
  62              	.LVL5:
  63              		.loc 1 119 33 view .LVU12
  64 0014 4FEAE57E 		asr	lr, r5, #31
  65              		.loc 1 119 31 view .LVU13
  66 0018 04FB0EFE 		mul	lr, r4, lr
  67 001c 05FB0CEE 		mla	lr, r5, ip, lr
  68 0020 A4FB05C5 		umull	ip, r5, r4, r5
  69 0024 0EEB0504 		add	r4, lr, r5
  70              		.loc 1 119 43 view .LVU14
  71 0028 4FEA9C3C 		lsr	ip, ip, #14
  72 002c 4CEA844C 		orr	ip, ip, r4, lsl #18
  73              		.loc 1 119 9 view .LVU15
  74 0030 17EB0C0C 		adds	ip, r7, ip
  75 0034 6746     		mov	r7, ip
  76              	.LVL6:
  77              		.loc 1 119 9 view .LVU16
  78 0036 46EBA436 		adc	r6, r6, r4, asr #14
  79              	.LVL7:
 120:Drivers/CMSIS/DSP/Source/BasicMathFunctions/arm_dot_prod_q31.c **** 
 121:Drivers/CMSIS/DSP/Source/BasicMathFunctions/arm_dot_prod_q31.c ****     /* Decrement the loop counter */
 122:Drivers/CMSIS/DSP/Source/BasicMathFunctions/arm_dot_prod_q31.c ****     blkCnt--;
  80              		.loc 1 122 5 is_stmt 1 view .LVU17
  81              		.loc 1 122 11 is_stmt 0 view .LVU18
  82 003a 013A     		subs	r2, r2, #1
  83              	.LVL8:
  84              	.L2:
 115:Drivers/CMSIS/DSP/Source/BasicMathFunctions/arm_dot_prod_q31.c ****   {
  85              		.loc 1 115 17 is_stmt 1 view .LVU19
  86 003c 002A     		cmp	r2, #0
  87 003e E3D1     		bne	.L3
 123:Drivers/CMSIS/DSP/Source/BasicMathFunctions/arm_dot_prod_q31.c ****   }
 124:Drivers/CMSIS/DSP/Source/BasicMathFunctions/arm_dot_prod_q31.c **** 
 125:Drivers/CMSIS/DSP/Source/BasicMathFunctions/arm_dot_prod_q31.c ****   /* Store the result in the destination buffer in 16.48 format */
 126:Drivers/CMSIS/DSP/Source/BasicMathFunctions/arm_dot_prod_q31.c ****   *result = sum;
  88              		.loc 1 126 3 view .LVU20
  89              		.loc 1 126 11 is_stmt 0 view .LVU21
  90 0040 1F60     		str	r7, [r3]
  91 0042 5E60     		str	r6, [r3, #4]
 127:Drivers/CMSIS/DSP/Source/BasicMathFunctions/arm_dot_prod_q31.c **** }
  92              		.loc 1 127 1 view .LVU22
  93 0044 F0BD     		pop	{r4, r5, r6, r7, pc}
  94              		.loc 1 127 1 view .LVU23
  95              		.cfi_endproc
  96              	.LFE100:
  98              		.text
  99              	.Letext0:
 100              		.file 2 "C:/ARM GNU Toolchain/arm-none-eabi/include/machine/_default_types.h"
 101              		.file 3 "C:/ARM GNU Toolchain/arm-none-eabi/include/sys/_stdint.h"
ARM GAS  C:\Users\Lamp\AppData\Local\Temp\ccilmE0j.s 			page 5


 102              		.file 4 "Drivers/CMSIS/DSP/Include/arm_math.h"
ARM GAS  C:\Users\Lamp\AppData\Local\Temp\ccilmE0j.s 			page 6


DEFINED SYMBOLS
                            *ABS*:00000000 arm_dot_prod_q31.c
C:\Users\Lamp\AppData\Local\Temp\ccilmE0j.s:19     .text.arm_dot_prod_q31:00000000 $t
C:\Users\Lamp\AppData\Local\Temp\ccilmE0j.s:25     .text.arm_dot_prod_q31:00000000 arm_dot_prod_q31

NO UNDEFINED SYMBOLS
