ARM GAS  C:\Users\Lamp\AppData\Local\Temp\ccKL31dg.s 			page 1


   1              		.cpu cortex-m3
   2              		.arch armv7-m
   3              		.fpu softvfp
   4              		.eabi_attribute 20, 1
   5              		.eabi_attribute 21, 1
   6              		.eabi_attribute 23, 3
   7              		.eabi_attribute 24, 1
   8              		.eabi_attribute 25, 1
   9              		.eabi_attribute 26, 1
  10              		.eabi_attribute 30, 1
  11              		.eabi_attribute 34, 1
  12              		.eabi_attribute 18, 4
  13              		.file	"arm_dot_prod_q15.c"
  14              		.text
  15              	.Ltext0:
  16              		.cfi_sections	.debug_frame
  17              		.file 1 "Drivers/CMSIS/DSP/Source/BasicMathFunctions/arm_dot_prod_q15.c"
  18              		.section	.text.arm_dot_prod_q15,"ax",%progbits
  19              		.align	1
  20              		.global	arm_dot_prod_q15
  21              		.syntax unified
  22              		.thumb
  23              		.thumb_func
  25              	arm_dot_prod_q15:
  26              	.LVL0:
  27              	.LFB100:
   1:Drivers/CMSIS/DSP/Source/BasicMathFunctions/arm_dot_prod_q15.c **** /* ----------------------------------------------------------------------
   2:Drivers/CMSIS/DSP/Source/BasicMathFunctions/arm_dot_prod_q15.c ****  * Project:      CMSIS DSP Library
   3:Drivers/CMSIS/DSP/Source/BasicMathFunctions/arm_dot_prod_q15.c ****  * Title:        arm_dot_prod_q15.c
   4:Drivers/CMSIS/DSP/Source/BasicMathFunctions/arm_dot_prod_q15.c ****  * Description:  Q15 dot product
   5:Drivers/CMSIS/DSP/Source/BasicMathFunctions/arm_dot_prod_q15.c ****  *
   6:Drivers/CMSIS/DSP/Source/BasicMathFunctions/arm_dot_prod_q15.c ****  * $Date:        27. January 2017
   7:Drivers/CMSIS/DSP/Source/BasicMathFunctions/arm_dot_prod_q15.c ****  * $Revision:    V.1.5.1
   8:Drivers/CMSIS/DSP/Source/BasicMathFunctions/arm_dot_prod_q15.c ****  *
   9:Drivers/CMSIS/DSP/Source/BasicMathFunctions/arm_dot_prod_q15.c ****  * Target Processor: Cortex-M cores
  10:Drivers/CMSIS/DSP/Source/BasicMathFunctions/arm_dot_prod_q15.c ****  * -------------------------------------------------------------------- */
  11:Drivers/CMSIS/DSP/Source/BasicMathFunctions/arm_dot_prod_q15.c **** /*
  12:Drivers/CMSIS/DSP/Source/BasicMathFunctions/arm_dot_prod_q15.c ****  * Copyright (C) 2010-2017 ARM Limited or its affiliates. All rights reserved.
  13:Drivers/CMSIS/DSP/Source/BasicMathFunctions/arm_dot_prod_q15.c ****  *
  14:Drivers/CMSIS/DSP/Source/BasicMathFunctions/arm_dot_prod_q15.c ****  * SPDX-License-Identifier: Apache-2.0
  15:Drivers/CMSIS/DSP/Source/BasicMathFunctions/arm_dot_prod_q15.c ****  *
  16:Drivers/CMSIS/DSP/Source/BasicMathFunctions/arm_dot_prod_q15.c ****  * Licensed under the Apache License, Version 2.0 (the License); you may
  17:Drivers/CMSIS/DSP/Source/BasicMathFunctions/arm_dot_prod_q15.c ****  * not use this file except in compliance with the License.
  18:Drivers/CMSIS/DSP/Source/BasicMathFunctions/arm_dot_prod_q15.c ****  * You may obtain a copy of the License at
  19:Drivers/CMSIS/DSP/Source/BasicMathFunctions/arm_dot_prod_q15.c ****  *
  20:Drivers/CMSIS/DSP/Source/BasicMathFunctions/arm_dot_prod_q15.c ****  * www.apache.org/licenses/LICENSE-2.0
  21:Drivers/CMSIS/DSP/Source/BasicMathFunctions/arm_dot_prod_q15.c ****  *
  22:Drivers/CMSIS/DSP/Source/BasicMathFunctions/arm_dot_prod_q15.c ****  * Unless required by applicable law or agreed to in writing, software
  23:Drivers/CMSIS/DSP/Source/BasicMathFunctions/arm_dot_prod_q15.c ****  * distributed under the License is distributed on an AS IS BASIS, WITHOUT
  24:Drivers/CMSIS/DSP/Source/BasicMathFunctions/arm_dot_prod_q15.c ****  * WARRANTIES OR CONDITIONS OF ANY KIND, either express or implied.
  25:Drivers/CMSIS/DSP/Source/BasicMathFunctions/arm_dot_prod_q15.c ****  * See the License for the specific language governing permissions and
  26:Drivers/CMSIS/DSP/Source/BasicMathFunctions/arm_dot_prod_q15.c ****  * limitations under the License.
  27:Drivers/CMSIS/DSP/Source/BasicMathFunctions/arm_dot_prod_q15.c ****  */
  28:Drivers/CMSIS/DSP/Source/BasicMathFunctions/arm_dot_prod_q15.c **** 
  29:Drivers/CMSIS/DSP/Source/BasicMathFunctions/arm_dot_prod_q15.c **** #include "arm_math.h"
  30:Drivers/CMSIS/DSP/Source/BasicMathFunctions/arm_dot_prod_q15.c **** 
  31:Drivers/CMSIS/DSP/Source/BasicMathFunctions/arm_dot_prod_q15.c **** /**
ARM GAS  C:\Users\Lamp\AppData\Local\Temp\ccKL31dg.s 			page 2


  32:Drivers/CMSIS/DSP/Source/BasicMathFunctions/arm_dot_prod_q15.c ****  * @ingroup groupMath
  33:Drivers/CMSIS/DSP/Source/BasicMathFunctions/arm_dot_prod_q15.c ****  */
  34:Drivers/CMSIS/DSP/Source/BasicMathFunctions/arm_dot_prod_q15.c **** 
  35:Drivers/CMSIS/DSP/Source/BasicMathFunctions/arm_dot_prod_q15.c **** /**
  36:Drivers/CMSIS/DSP/Source/BasicMathFunctions/arm_dot_prod_q15.c ****  * @addtogroup dot_prod
  37:Drivers/CMSIS/DSP/Source/BasicMathFunctions/arm_dot_prod_q15.c ****  * @{
  38:Drivers/CMSIS/DSP/Source/BasicMathFunctions/arm_dot_prod_q15.c ****  */
  39:Drivers/CMSIS/DSP/Source/BasicMathFunctions/arm_dot_prod_q15.c **** 
  40:Drivers/CMSIS/DSP/Source/BasicMathFunctions/arm_dot_prod_q15.c **** /**
  41:Drivers/CMSIS/DSP/Source/BasicMathFunctions/arm_dot_prod_q15.c ****  * @brief Dot product of Q15 vectors.
  42:Drivers/CMSIS/DSP/Source/BasicMathFunctions/arm_dot_prod_q15.c ****  * @param[in]       *pSrcA points to the first input vector
  43:Drivers/CMSIS/DSP/Source/BasicMathFunctions/arm_dot_prod_q15.c ****  * @param[in]       *pSrcB points to the second input vector
  44:Drivers/CMSIS/DSP/Source/BasicMathFunctions/arm_dot_prod_q15.c ****  * @param[in]       blockSize number of samples in each vector
  45:Drivers/CMSIS/DSP/Source/BasicMathFunctions/arm_dot_prod_q15.c ****  * @param[out]      *result output result returned here
  46:Drivers/CMSIS/DSP/Source/BasicMathFunctions/arm_dot_prod_q15.c ****  * @return none.
  47:Drivers/CMSIS/DSP/Source/BasicMathFunctions/arm_dot_prod_q15.c ****  *
  48:Drivers/CMSIS/DSP/Source/BasicMathFunctions/arm_dot_prod_q15.c ****  * <b>Scaling and Overflow Behavior:</b>
  49:Drivers/CMSIS/DSP/Source/BasicMathFunctions/arm_dot_prod_q15.c ****  * \par
  50:Drivers/CMSIS/DSP/Source/BasicMathFunctions/arm_dot_prod_q15.c ****  * The intermediate multiplications are in 1.15 x 1.15 = 2.30 format and these
  51:Drivers/CMSIS/DSP/Source/BasicMathFunctions/arm_dot_prod_q15.c ****  * results are added to a 64-bit accumulator in 34.30 format.
  52:Drivers/CMSIS/DSP/Source/BasicMathFunctions/arm_dot_prod_q15.c ****  * Nonsaturating additions are used and given that there are 33 guard bits in the accumulator
  53:Drivers/CMSIS/DSP/Source/BasicMathFunctions/arm_dot_prod_q15.c ****  * there is no risk of overflow.
  54:Drivers/CMSIS/DSP/Source/BasicMathFunctions/arm_dot_prod_q15.c ****  * The return result is in 34.30 format.
  55:Drivers/CMSIS/DSP/Source/BasicMathFunctions/arm_dot_prod_q15.c ****  */
  56:Drivers/CMSIS/DSP/Source/BasicMathFunctions/arm_dot_prod_q15.c **** 
  57:Drivers/CMSIS/DSP/Source/BasicMathFunctions/arm_dot_prod_q15.c **** void arm_dot_prod_q15(
  58:Drivers/CMSIS/DSP/Source/BasicMathFunctions/arm_dot_prod_q15.c ****   q15_t * pSrcA,
  59:Drivers/CMSIS/DSP/Source/BasicMathFunctions/arm_dot_prod_q15.c ****   q15_t * pSrcB,
  60:Drivers/CMSIS/DSP/Source/BasicMathFunctions/arm_dot_prod_q15.c ****   uint32_t blockSize,
  61:Drivers/CMSIS/DSP/Source/BasicMathFunctions/arm_dot_prod_q15.c ****   q63_t * result)
  62:Drivers/CMSIS/DSP/Source/BasicMathFunctions/arm_dot_prod_q15.c **** {
  28              		.loc 1 62 1 view -0
  29              		.cfi_startproc
  30              		@ args = 0, pretend = 0, frame = 0
  31              		@ frame_needed = 0, uses_anonymous_args = 0
  32              		.loc 1 62 1 is_stmt 0 view .LVU1
  33 0000 30B5     		push	{r4, r5, lr}
  34              	.LCFI0:
  35              		.cfi_def_cfa_offset 12
  36              		.cfi_offset 4, -12
  37              		.cfi_offset 5, -8
  38              		.cfi_offset 14, -4
  63:Drivers/CMSIS/DSP/Source/BasicMathFunctions/arm_dot_prod_q15.c ****   q63_t sum = 0;                                 /* Temporary result storage */
  39              		.loc 1 63 3 is_stmt 1 view .LVU2
  40              	.LVL1:
  64:Drivers/CMSIS/DSP/Source/BasicMathFunctions/arm_dot_prod_q15.c ****   uint32_t blkCnt;                               /* loop counter */
  41              		.loc 1 64 3 view .LVU3
  65:Drivers/CMSIS/DSP/Source/BasicMathFunctions/arm_dot_prod_q15.c **** 
  66:Drivers/CMSIS/DSP/Source/BasicMathFunctions/arm_dot_prod_q15.c **** #if defined (ARM_MATH_DSP)
  67:Drivers/CMSIS/DSP/Source/BasicMathFunctions/arm_dot_prod_q15.c **** 
  68:Drivers/CMSIS/DSP/Source/BasicMathFunctions/arm_dot_prod_q15.c **** /* Run the below code for Cortex-M4 and Cortex-M3 */
  69:Drivers/CMSIS/DSP/Source/BasicMathFunctions/arm_dot_prod_q15.c **** 
  70:Drivers/CMSIS/DSP/Source/BasicMathFunctions/arm_dot_prod_q15.c **** 
  71:Drivers/CMSIS/DSP/Source/BasicMathFunctions/arm_dot_prod_q15.c ****   /*loop Unrolling */
  72:Drivers/CMSIS/DSP/Source/BasicMathFunctions/arm_dot_prod_q15.c ****   blkCnt = blockSize >> 2U;
  73:Drivers/CMSIS/DSP/Source/BasicMathFunctions/arm_dot_prod_q15.c **** 
  74:Drivers/CMSIS/DSP/Source/BasicMathFunctions/arm_dot_prod_q15.c ****   /* First part of the processing with loop unrolling.  Compute 4 outputs at a time.
ARM GAS  C:\Users\Lamp\AppData\Local\Temp\ccKL31dg.s 			page 3


  75:Drivers/CMSIS/DSP/Source/BasicMathFunctions/arm_dot_prod_q15.c ****    ** a second loop below computes the remaining 1 to 3 samples. */
  76:Drivers/CMSIS/DSP/Source/BasicMathFunctions/arm_dot_prod_q15.c ****   while (blkCnt > 0U)
  77:Drivers/CMSIS/DSP/Source/BasicMathFunctions/arm_dot_prod_q15.c ****   {
  78:Drivers/CMSIS/DSP/Source/BasicMathFunctions/arm_dot_prod_q15.c ****     /* C = A[0]* B[0] + A[1]* B[1] + A[2]* B[2] + .....+ A[blockSize-1]* B[blockSize-1] */
  79:Drivers/CMSIS/DSP/Source/BasicMathFunctions/arm_dot_prod_q15.c ****     /* Calculate dot product and then store the result in a temporary buffer. */
  80:Drivers/CMSIS/DSP/Source/BasicMathFunctions/arm_dot_prod_q15.c ****     sum = __SMLALD(*__SIMD32(pSrcA)++, *__SIMD32(pSrcB)++, sum);
  81:Drivers/CMSIS/DSP/Source/BasicMathFunctions/arm_dot_prod_q15.c ****     sum = __SMLALD(*__SIMD32(pSrcA)++, *__SIMD32(pSrcB)++, sum);
  82:Drivers/CMSIS/DSP/Source/BasicMathFunctions/arm_dot_prod_q15.c **** 
  83:Drivers/CMSIS/DSP/Source/BasicMathFunctions/arm_dot_prod_q15.c ****     /* Decrement the loop counter */
  84:Drivers/CMSIS/DSP/Source/BasicMathFunctions/arm_dot_prod_q15.c ****     blkCnt--;
  85:Drivers/CMSIS/DSP/Source/BasicMathFunctions/arm_dot_prod_q15.c ****   }
  86:Drivers/CMSIS/DSP/Source/BasicMathFunctions/arm_dot_prod_q15.c **** 
  87:Drivers/CMSIS/DSP/Source/BasicMathFunctions/arm_dot_prod_q15.c ****   /* If the blockSize is not a multiple of 4, compute any remaining output samples here.
  88:Drivers/CMSIS/DSP/Source/BasicMathFunctions/arm_dot_prod_q15.c ****    ** No loop unrolling is used. */
  89:Drivers/CMSIS/DSP/Source/BasicMathFunctions/arm_dot_prod_q15.c ****   blkCnt = blockSize % 0x4U;
  90:Drivers/CMSIS/DSP/Source/BasicMathFunctions/arm_dot_prod_q15.c **** 
  91:Drivers/CMSIS/DSP/Source/BasicMathFunctions/arm_dot_prod_q15.c ****   while (blkCnt > 0U)
  92:Drivers/CMSIS/DSP/Source/BasicMathFunctions/arm_dot_prod_q15.c ****   {
  93:Drivers/CMSIS/DSP/Source/BasicMathFunctions/arm_dot_prod_q15.c ****     /* C = A[0]* B[0] + A[1]* B[1] + A[2]* B[2] + .....+ A[blockSize-1]* B[blockSize-1] */
  94:Drivers/CMSIS/DSP/Source/BasicMathFunctions/arm_dot_prod_q15.c ****     /* Calculate dot product and then store the results in a temporary buffer. */
  95:Drivers/CMSIS/DSP/Source/BasicMathFunctions/arm_dot_prod_q15.c ****     sum = __SMLALD(*pSrcA++, *pSrcB++, sum);
  96:Drivers/CMSIS/DSP/Source/BasicMathFunctions/arm_dot_prod_q15.c **** 
  97:Drivers/CMSIS/DSP/Source/BasicMathFunctions/arm_dot_prod_q15.c ****     /* Decrement the loop counter */
  98:Drivers/CMSIS/DSP/Source/BasicMathFunctions/arm_dot_prod_q15.c ****     blkCnt--;
  99:Drivers/CMSIS/DSP/Source/BasicMathFunctions/arm_dot_prod_q15.c ****   }
 100:Drivers/CMSIS/DSP/Source/BasicMathFunctions/arm_dot_prod_q15.c **** 
 101:Drivers/CMSIS/DSP/Source/BasicMathFunctions/arm_dot_prod_q15.c **** 
 102:Drivers/CMSIS/DSP/Source/BasicMathFunctions/arm_dot_prod_q15.c **** #else
 103:Drivers/CMSIS/DSP/Source/BasicMathFunctions/arm_dot_prod_q15.c **** 
 104:Drivers/CMSIS/DSP/Source/BasicMathFunctions/arm_dot_prod_q15.c ****   /* Run the below code for Cortex-M0 */
 105:Drivers/CMSIS/DSP/Source/BasicMathFunctions/arm_dot_prod_q15.c **** 
 106:Drivers/CMSIS/DSP/Source/BasicMathFunctions/arm_dot_prod_q15.c ****   /* Initialize blkCnt with number of samples */
 107:Drivers/CMSIS/DSP/Source/BasicMathFunctions/arm_dot_prod_q15.c ****   blkCnt = blockSize;
  42              		.loc 1 107 3 view .LVU4
 108:Drivers/CMSIS/DSP/Source/BasicMathFunctions/arm_dot_prod_q15.c **** 
 109:Drivers/CMSIS/DSP/Source/BasicMathFunctions/arm_dot_prod_q15.c ****   while (blkCnt > 0U)
  43              		.loc 1 109 3 view .LVU5
  63:Drivers/CMSIS/DSP/Source/BasicMathFunctions/arm_dot_prod_q15.c ****   uint32_t blkCnt;                               /* loop counter */
  44              		.loc 1 63 9 is_stmt 0 view .LVU6
  45 0002 0024     		movs	r4, #0
  46 0004 2546     		mov	r5, r4
  47              		.loc 1 109 9 view .LVU7
  48 0006 0AE0     		b	.L2
  49              	.LVL2:
  50              	.L3:
 110:Drivers/CMSIS/DSP/Source/BasicMathFunctions/arm_dot_prod_q15.c ****   {
 111:Drivers/CMSIS/DSP/Source/BasicMathFunctions/arm_dot_prod_q15.c ****     /* C = A[0]* B[0] + A[1]* B[1] + A[2]* B[2] + .....+ A[blockSize-1]* B[blockSize-1] */
 112:Drivers/CMSIS/DSP/Source/BasicMathFunctions/arm_dot_prod_q15.c ****     /* Calculate dot product and then store the results in a temporary buffer. */
 113:Drivers/CMSIS/DSP/Source/BasicMathFunctions/arm_dot_prod_q15.c ****     sum += (q63_t) ((q31_t) * pSrcA++ * *pSrcB++);
  51              		.loc 1 113 5 is_stmt 1 view .LVU8
  52              		.loc 1 113 29 is_stmt 0 view .LVU9
  53 0008 30F902CB 		ldrsh	ip, [r0], #2
  54              	.LVL3:
  55              		.loc 1 113 41 view .LVU10
  56 000c 31F902EB 		ldrsh	lr, [r1], #2
  57              	.LVL4:
  58              		.loc 1 113 39 view .LVU11
ARM GAS  C:\Users\Lamp\AppData\Local\Temp\ccKL31dg.s 			page 4


  59 0010 0EFB0CFC 		mul	ip, lr, ip
  60              		.loc 1 113 9 view .LVU12
  61 0014 14EB0C04 		adds	r4, r4, ip
  62              	.LVL5:
  63              		.loc 1 113 9 view .LVU13
  64 0018 45EBEC75 		adc	r5, r5, ip, asr #31
  65              	.LVL6:
 114:Drivers/CMSIS/DSP/Source/BasicMathFunctions/arm_dot_prod_q15.c **** 
 115:Drivers/CMSIS/DSP/Source/BasicMathFunctions/arm_dot_prod_q15.c ****     /* Decrement the loop counter */
 116:Drivers/CMSIS/DSP/Source/BasicMathFunctions/arm_dot_prod_q15.c ****     blkCnt--;
  66              		.loc 1 116 5 is_stmt 1 view .LVU14
  67              		.loc 1 116 11 is_stmt 0 view .LVU15
  68 001c 013A     		subs	r2, r2, #1
  69              	.LVL7:
  70              	.L2:
 109:Drivers/CMSIS/DSP/Source/BasicMathFunctions/arm_dot_prod_q15.c ****   {
  71              		.loc 1 109 17 is_stmt 1 view .LVU16
  72 001e 002A     		cmp	r2, #0
  73 0020 F2D1     		bne	.L3
 117:Drivers/CMSIS/DSP/Source/BasicMathFunctions/arm_dot_prod_q15.c ****   }
 118:Drivers/CMSIS/DSP/Source/BasicMathFunctions/arm_dot_prod_q15.c **** 
 119:Drivers/CMSIS/DSP/Source/BasicMathFunctions/arm_dot_prod_q15.c **** #endif /* #if defined (ARM_MATH_DSP) */
 120:Drivers/CMSIS/DSP/Source/BasicMathFunctions/arm_dot_prod_q15.c **** 
 121:Drivers/CMSIS/DSP/Source/BasicMathFunctions/arm_dot_prod_q15.c ****   /* Store the result in the destination buffer in 34.30 format */
 122:Drivers/CMSIS/DSP/Source/BasicMathFunctions/arm_dot_prod_q15.c ****   *result = sum;
  74              		.loc 1 122 3 view .LVU17
  75              		.loc 1 122 11 is_stmt 0 view .LVU18
  76 0022 1C60     		str	r4, [r3]
  77 0024 5D60     		str	r5, [r3, #4]
 123:Drivers/CMSIS/DSP/Source/BasicMathFunctions/arm_dot_prod_q15.c **** 
 124:Drivers/CMSIS/DSP/Source/BasicMathFunctions/arm_dot_prod_q15.c **** }
  78              		.loc 1 124 1 view .LVU19
  79 0026 30BD     		pop	{r4, r5, pc}
  80              		.loc 1 124 1 view .LVU20
  81              		.cfi_endproc
  82              	.LFE100:
  84              		.text
  85              	.Letext0:
  86              		.file 2 "C:/ARM GNU Toolchain/arm-none-eabi/include/machine/_default_types.h"
  87              		.file 3 "C:/ARM GNU Toolchain/arm-none-eabi/include/sys/_stdint.h"
  88              		.file 4 "Drivers/CMSIS/DSP/Include/arm_math.h"
ARM GAS  C:\Users\Lamp\AppData\Local\Temp\ccKL31dg.s 			page 5


DEFINED SYMBOLS
                            *ABS*:00000000 arm_dot_prod_q15.c
C:\Users\Lamp\AppData\Local\Temp\ccKL31dg.s:19     .text.arm_dot_prod_q15:00000000 $t
C:\Users\Lamp\AppData\Local\Temp\ccKL31dg.s:25     .text.arm_dot_prod_q15:00000000 arm_dot_prod_q15

NO UNDEFINED SYMBOLS
