ARM GAS  C:\Users\Lamp\AppData\Local\Temp\ccKy0DmU.s 			page 1


   1              		.cpu cortex-m3
   2              		.arch armv7-m
   3              		.fpu softvfp
   4              		.eabi_attribute 20, 1
   5              		.eabi_attribute 21, 1
   6              		.eabi_attribute 23, 3
   7              		.eabi_attribute 24, 1
   8              		.eabi_attribute 25, 1
   9              		.eabi_attribute 26, 1
  10              		.eabi_attribute 30, 1
  11              		.eabi_attribute 34, 1
  12              		.eabi_attribute 18, 4
  13              		.file	"arm_lms_q31.c"
  14              		.text
  15              	.Ltext0:
  16              		.cfi_sections	.debug_frame
  17              		.file 1 "Drivers/CMSIS/DSP/Source/FilteringFunctions/arm_lms_q31.c"
  18              		.section	.text.arm_lms_q31,"ax",%progbits
  19              		.align	1
  20              		.global	arm_lms_q31
  21              		.syntax unified
  22              		.thumb
  23              		.thumb_func
  25              	arm_lms_q31:
  26              	.LVL0:
  27              	.LFB100:
   1:Drivers/CMSIS/DSP/Source/FilteringFunctions/arm_lms_q31.c **** /* ----------------------------------------------------------------------
   2:Drivers/CMSIS/DSP/Source/FilteringFunctions/arm_lms_q31.c ****  * Project:      CMSIS DSP Library
   3:Drivers/CMSIS/DSP/Source/FilteringFunctions/arm_lms_q31.c ****  * Title:        arm_lms_q31.c
   4:Drivers/CMSIS/DSP/Source/FilteringFunctions/arm_lms_q31.c ****  * Description:  Processing function for the Q31 LMS filter
   5:Drivers/CMSIS/DSP/Source/FilteringFunctions/arm_lms_q31.c ****  *
   6:Drivers/CMSIS/DSP/Source/FilteringFunctions/arm_lms_q31.c ****  * $Date:        27. January 2017
   7:Drivers/CMSIS/DSP/Source/FilteringFunctions/arm_lms_q31.c ****  * $Revision:    V.1.5.1
   8:Drivers/CMSIS/DSP/Source/FilteringFunctions/arm_lms_q31.c ****  *
   9:Drivers/CMSIS/DSP/Source/FilteringFunctions/arm_lms_q31.c ****  * Target Processor: Cortex-M cores
  10:Drivers/CMSIS/DSP/Source/FilteringFunctions/arm_lms_q31.c ****  * -------------------------------------------------------------------- */
  11:Drivers/CMSIS/DSP/Source/FilteringFunctions/arm_lms_q31.c **** /*
  12:Drivers/CMSIS/DSP/Source/FilteringFunctions/arm_lms_q31.c ****  * Copyright (C) 2010-2017 ARM Limited or its affiliates. All rights reserved.
  13:Drivers/CMSIS/DSP/Source/FilteringFunctions/arm_lms_q31.c ****  *
  14:Drivers/CMSIS/DSP/Source/FilteringFunctions/arm_lms_q31.c ****  * SPDX-License-Identifier: Apache-2.0
  15:Drivers/CMSIS/DSP/Source/FilteringFunctions/arm_lms_q31.c ****  *
  16:Drivers/CMSIS/DSP/Source/FilteringFunctions/arm_lms_q31.c ****  * Licensed under the Apache License, Version 2.0 (the License); you may
  17:Drivers/CMSIS/DSP/Source/FilteringFunctions/arm_lms_q31.c ****  * not use this file except in compliance with the License.
  18:Drivers/CMSIS/DSP/Source/FilteringFunctions/arm_lms_q31.c ****  * You may obtain a copy of the License at
  19:Drivers/CMSIS/DSP/Source/FilteringFunctions/arm_lms_q31.c ****  *
  20:Drivers/CMSIS/DSP/Source/FilteringFunctions/arm_lms_q31.c ****  * www.apache.org/licenses/LICENSE-2.0
  21:Drivers/CMSIS/DSP/Source/FilteringFunctions/arm_lms_q31.c ****  *
  22:Drivers/CMSIS/DSP/Source/FilteringFunctions/arm_lms_q31.c ****  * Unless required by applicable law or agreed to in writing, software
  23:Drivers/CMSIS/DSP/Source/FilteringFunctions/arm_lms_q31.c ****  * distributed under the License is distributed on an AS IS BASIS, WITHOUT
  24:Drivers/CMSIS/DSP/Source/FilteringFunctions/arm_lms_q31.c ****  * WARRANTIES OR CONDITIONS OF ANY KIND, either express or implied.
  25:Drivers/CMSIS/DSP/Source/FilteringFunctions/arm_lms_q31.c ****  * See the License for the specific language governing permissions and
  26:Drivers/CMSIS/DSP/Source/FilteringFunctions/arm_lms_q31.c ****  * limitations under the License.
  27:Drivers/CMSIS/DSP/Source/FilteringFunctions/arm_lms_q31.c ****  */
  28:Drivers/CMSIS/DSP/Source/FilteringFunctions/arm_lms_q31.c **** 
  29:Drivers/CMSIS/DSP/Source/FilteringFunctions/arm_lms_q31.c **** #include "arm_math.h"
  30:Drivers/CMSIS/DSP/Source/FilteringFunctions/arm_lms_q31.c **** /**
  31:Drivers/CMSIS/DSP/Source/FilteringFunctions/arm_lms_q31.c ****  * @ingroup groupFilters
ARM GAS  C:\Users\Lamp\AppData\Local\Temp\ccKy0DmU.s 			page 2


  32:Drivers/CMSIS/DSP/Source/FilteringFunctions/arm_lms_q31.c ****  */
  33:Drivers/CMSIS/DSP/Source/FilteringFunctions/arm_lms_q31.c **** 
  34:Drivers/CMSIS/DSP/Source/FilteringFunctions/arm_lms_q31.c **** /**
  35:Drivers/CMSIS/DSP/Source/FilteringFunctions/arm_lms_q31.c ****  * @addtogroup LMS
  36:Drivers/CMSIS/DSP/Source/FilteringFunctions/arm_lms_q31.c ****  * @{
  37:Drivers/CMSIS/DSP/Source/FilteringFunctions/arm_lms_q31.c ****  */
  38:Drivers/CMSIS/DSP/Source/FilteringFunctions/arm_lms_q31.c **** 
  39:Drivers/CMSIS/DSP/Source/FilteringFunctions/arm_lms_q31.c ****  /**
  40:Drivers/CMSIS/DSP/Source/FilteringFunctions/arm_lms_q31.c ****  * @brief Processing function for Q31 LMS filter.
  41:Drivers/CMSIS/DSP/Source/FilteringFunctions/arm_lms_q31.c ****  * @param[in]  *S points to an instance of the Q15 LMS filter structure.
  42:Drivers/CMSIS/DSP/Source/FilteringFunctions/arm_lms_q31.c ****  * @param[in]  *pSrc points to the block of input data.
  43:Drivers/CMSIS/DSP/Source/FilteringFunctions/arm_lms_q31.c ****  * @param[in]  *pRef points to the block of reference data.
  44:Drivers/CMSIS/DSP/Source/FilteringFunctions/arm_lms_q31.c ****  * @param[out] *pOut points to the block of output data.
  45:Drivers/CMSIS/DSP/Source/FilteringFunctions/arm_lms_q31.c ****  * @param[out] *pErr points to the block of error data.
  46:Drivers/CMSIS/DSP/Source/FilteringFunctions/arm_lms_q31.c ****  * @param[in]  blockSize number of samples to process.
  47:Drivers/CMSIS/DSP/Source/FilteringFunctions/arm_lms_q31.c ****  * @return     none.
  48:Drivers/CMSIS/DSP/Source/FilteringFunctions/arm_lms_q31.c ****  *
  49:Drivers/CMSIS/DSP/Source/FilteringFunctions/arm_lms_q31.c ****  * \par Scaling and Overflow Behavior:
  50:Drivers/CMSIS/DSP/Source/FilteringFunctions/arm_lms_q31.c ****  * The function is implemented using an internal 64-bit accumulator.
  51:Drivers/CMSIS/DSP/Source/FilteringFunctions/arm_lms_q31.c ****  * The accumulator has a 2.62 format and maintains full precision of the intermediate
  52:Drivers/CMSIS/DSP/Source/FilteringFunctions/arm_lms_q31.c ****  * multiplication results but provides only a single guard bit.
  53:Drivers/CMSIS/DSP/Source/FilteringFunctions/arm_lms_q31.c ****  * Thus, if the accumulator result overflows it wraps around rather than clips.
  54:Drivers/CMSIS/DSP/Source/FilteringFunctions/arm_lms_q31.c ****  * In order to avoid overflows completely the input signal must be scaled down by
  55:Drivers/CMSIS/DSP/Source/FilteringFunctions/arm_lms_q31.c ****  * log2(numTaps) bits.
  56:Drivers/CMSIS/DSP/Source/FilteringFunctions/arm_lms_q31.c ****  * The reference signal should not be scaled down.
  57:Drivers/CMSIS/DSP/Source/FilteringFunctions/arm_lms_q31.c ****  * After all multiply-accumulates are performed, the 2.62 accumulator is shifted
  58:Drivers/CMSIS/DSP/Source/FilteringFunctions/arm_lms_q31.c ****  * and saturated to 1.31 format to yield the final result.
  59:Drivers/CMSIS/DSP/Source/FilteringFunctions/arm_lms_q31.c ****  * The output signal and error signal are in 1.31 format.
  60:Drivers/CMSIS/DSP/Source/FilteringFunctions/arm_lms_q31.c ****  *
  61:Drivers/CMSIS/DSP/Source/FilteringFunctions/arm_lms_q31.c ****  * \par
  62:Drivers/CMSIS/DSP/Source/FilteringFunctions/arm_lms_q31.c ****  * 	In this filter, filter coefficients are updated for each sample and the updation of filter coff
  63:Drivers/CMSIS/DSP/Source/FilteringFunctions/arm_lms_q31.c ****  */
  64:Drivers/CMSIS/DSP/Source/FilteringFunctions/arm_lms_q31.c **** 
  65:Drivers/CMSIS/DSP/Source/FilteringFunctions/arm_lms_q31.c **** void arm_lms_q31(
  66:Drivers/CMSIS/DSP/Source/FilteringFunctions/arm_lms_q31.c ****   const arm_lms_instance_q31 * S,
  67:Drivers/CMSIS/DSP/Source/FilteringFunctions/arm_lms_q31.c ****   q31_t * pSrc,
  68:Drivers/CMSIS/DSP/Source/FilteringFunctions/arm_lms_q31.c ****   q31_t * pRef,
  69:Drivers/CMSIS/DSP/Source/FilteringFunctions/arm_lms_q31.c ****   q31_t * pOut,
  70:Drivers/CMSIS/DSP/Source/FilteringFunctions/arm_lms_q31.c ****   q31_t * pErr,
  71:Drivers/CMSIS/DSP/Source/FilteringFunctions/arm_lms_q31.c ****   uint32_t blockSize)
  72:Drivers/CMSIS/DSP/Source/FilteringFunctions/arm_lms_q31.c **** {
  28              		.loc 1 72 1 view -0
  29              		.cfi_startproc
  30              		@ args = 8, pretend = 0, frame = 32
  31              		@ frame_needed = 0, uses_anonymous_args = 0
  32              		.loc 1 72 1 is_stmt 0 view .LVU1
  33 0000 2DE9F04F 		push	{r4, r5, r6, r7, r8, r9, r10, fp, lr}
  34              	.LCFI0:
  35              		.cfi_def_cfa_offset 36
  36              		.cfi_offset 4, -36
  37              		.cfi_offset 5, -32
  38              		.cfi_offset 6, -28
  39              		.cfi_offset 7, -24
  40              		.cfi_offset 8, -20
  41              		.cfi_offset 9, -16
  42              		.cfi_offset 10, -12
  43              		.cfi_offset 11, -8
ARM GAS  C:\Users\Lamp\AppData\Local\Temp\ccKy0DmU.s 			page 3


  44              		.cfi_offset 14, -4
  45 0004 89B0     		sub	sp, sp, #36
  46              	.LCFI1:
  47              		.cfi_def_cfa_offset 72
  48 0006 0746     		mov	r7, r0
  49 0008 0C46     		mov	r4, r1
  50 000a 1646     		mov	r6, r2
  51 000c 1946     		mov	r1, r3
  52              	.LVL1:
  53              		.loc 1 72 1 view .LVU2
  54 000e 139B     		ldr	r3, [sp, #76]
  55              	.LVL2:
  73:Drivers/CMSIS/DSP/Source/FilteringFunctions/arm_lms_q31.c ****   q31_t *pState = S->pState;                     /* State pointer */
  56              		.loc 1 73 3 is_stmt 1 view .LVU3
  57              		.loc 1 73 10 is_stmt 0 view .LVU4
  58 0010 4268     		ldr	r2, [r0, #4]
  59              	.LVL3:
  74:Drivers/CMSIS/DSP/Source/FilteringFunctions/arm_lms_q31.c ****   uint32_t numTaps = S->numTaps;                 /* Number of filter coefficients in the filter */
  60              		.loc 1 74 3 is_stmt 1 view .LVU5
  61              		.loc 1 74 23 is_stmt 0 view .LVU6
  62 0012 B0F800C0 		ldrh	ip, [r0]
  63 0016 CDF804C0 		str	ip, [sp, #4]
  64              	.LVL4:
  75:Drivers/CMSIS/DSP/Source/FilteringFunctions/arm_lms_q31.c ****   q31_t *pCoeffs = S->pCoeffs;                   /* Coefficient pointer */
  65              		.loc 1 75 3 is_stmt 1 view .LVU7
  66              		.loc 1 75 10 is_stmt 0 view .LVU8
  67 001a 8068     		ldr	r0, [r0, #8]
  68              	.LVL5:
  69              		.loc 1 75 10 view .LVU9
  70 001c 0290     		str	r0, [sp, #8]
  71              	.LVL6:
  76:Drivers/CMSIS/DSP/Source/FilteringFunctions/arm_lms_q31.c ****   q31_t *pStateCurnt;                            /* Points to the current sample of the state */
  72              		.loc 1 76 3 is_stmt 1 view .LVU10
  77:Drivers/CMSIS/DSP/Source/FilteringFunctions/arm_lms_q31.c ****   q31_t mu = S->mu;                              /* Adaptive factor */
  73              		.loc 1 77 3 view .LVU11
  74              		.loc 1 77 9 is_stmt 0 view .LVU12
  75 001e FD68     		ldr	r5, [r7, #12]
  76              	.LVL7:
  78:Drivers/CMSIS/DSP/Source/FilteringFunctions/arm_lms_q31.c ****   q31_t *px;                                     /* Temporary pointer for state */
  77              		.loc 1 78 3 is_stmt 1 view .LVU13
  79:Drivers/CMSIS/DSP/Source/FilteringFunctions/arm_lms_q31.c ****   q31_t *pb;                                     /* Temporary pointer for coefficient buffer */
  78              		.loc 1 79 3 view .LVU14
  80:Drivers/CMSIS/DSP/Source/FilteringFunctions/arm_lms_q31.c ****   uint32_t tapCnt, blkCnt;                       /* Loop counters */
  79              		.loc 1 80 3 view .LVU15
  81:Drivers/CMSIS/DSP/Source/FilteringFunctions/arm_lms_q31.c ****   q63_t acc;                                     /* Accumulator */
  80              		.loc 1 81 3 view .LVU16
  82:Drivers/CMSIS/DSP/Source/FilteringFunctions/arm_lms_q31.c ****   q31_t e = 0;                                   /* error of data sample */
  81              		.loc 1 82 3 view .LVU17
  83:Drivers/CMSIS/DSP/Source/FilteringFunctions/arm_lms_q31.c ****   q31_t alpha;                                   /* Intermediate constant for taps update */
  82              		.loc 1 83 3 view .LVU18
  84:Drivers/CMSIS/DSP/Source/FilteringFunctions/arm_lms_q31.c ****   q31_t coef;                                    /* Temporary variable for coef */
  83              		.loc 1 84 3 view .LVU19
  85:Drivers/CMSIS/DSP/Source/FilteringFunctions/arm_lms_q31.c ****   q31_t acc_l, acc_h;                            /*  temporary input */
  84              		.loc 1 85 3 view .LVU20
  86:Drivers/CMSIS/DSP/Source/FilteringFunctions/arm_lms_q31.c ****   uint32_t uShift = ((uint32_t) S->postShift + 1U);
  85              		.loc 1 86 3 view .LVU21
  86              		.loc 1 86 34 is_stmt 0 view .LVU22
ARM GAS  C:\Users\Lamp\AppData\Local\Temp\ccKy0DmU.s 			page 4


  87 0020 3869     		ldr	r0, [r7, #16]
  88              	.LVL8:
  89              		.loc 1 86 12 view .LVU23
  90 0022 00F1010B 		add	fp, r0, #1
  91              	.LVL9:
  87:Drivers/CMSIS/DSP/Source/FilteringFunctions/arm_lms_q31.c ****   uint32_t lShift = 32U - uShift;                /*  Shift to be applied to the output */
  92              		.loc 1 87 3 is_stmt 1 view .LVU24
  93              		.loc 1 87 12 is_stmt 0 view .LVU25
  94 0026 C0F11F00 		rsb	r0, r0, #31
  95 002a 0590     		str	r0, [sp, #20]
  96              	.LVL10:
  88:Drivers/CMSIS/DSP/Source/FilteringFunctions/arm_lms_q31.c **** 
  89:Drivers/CMSIS/DSP/Source/FilteringFunctions/arm_lms_q31.c ****   /* S->pState points to buffer which contains previous frame (numTaps - 1) samples */
  90:Drivers/CMSIS/DSP/Source/FilteringFunctions/arm_lms_q31.c ****   /* pStateCurnt points to the location where the new input data should be written */
  91:Drivers/CMSIS/DSP/Source/FilteringFunctions/arm_lms_q31.c ****   pStateCurnt = &(S->pState[(numTaps - 1U)]);
  97              		.loc 1 91 3 is_stmt 1 view .LVU26
  98              		.loc 1 91 28 is_stmt 0 view .LVU27
  99 002c 0CF1804E 		add	lr, ip, #1073741824
 100 0030 0EF1FF3E 		add	lr, lr, #-1
 101              		.loc 1 91 15 view .LVU28
 102 0034 02EB8E0E 		add	lr, r2, lr, lsl #2
 103              	.LVL11:
  92:Drivers/CMSIS/DSP/Source/FilteringFunctions/arm_lms_q31.c **** 
  93:Drivers/CMSIS/DSP/Source/FilteringFunctions/arm_lms_q31.c ****   /* Initializing blkCnt with blockSize */
  94:Drivers/CMSIS/DSP/Source/FilteringFunctions/arm_lms_q31.c ****   blkCnt = blockSize;
 104              		.loc 1 94 3 is_stmt 1 view .LVU29
  95:Drivers/CMSIS/DSP/Source/FilteringFunctions/arm_lms_q31.c **** 
  96:Drivers/CMSIS/DSP/Source/FilteringFunctions/arm_lms_q31.c **** 
  97:Drivers/CMSIS/DSP/Source/FilteringFunctions/arm_lms_q31.c **** #if defined (ARM_MATH_DSP)
  98:Drivers/CMSIS/DSP/Source/FilteringFunctions/arm_lms_q31.c **** 
  99:Drivers/CMSIS/DSP/Source/FilteringFunctions/arm_lms_q31.c ****   /* Run the below code for Cortex-M4 and Cortex-M3 */
 100:Drivers/CMSIS/DSP/Source/FilteringFunctions/arm_lms_q31.c **** 
 101:Drivers/CMSIS/DSP/Source/FilteringFunctions/arm_lms_q31.c ****   while (blkCnt > 0U)
 102:Drivers/CMSIS/DSP/Source/FilteringFunctions/arm_lms_q31.c ****   {
 103:Drivers/CMSIS/DSP/Source/FilteringFunctions/arm_lms_q31.c ****     /* Copy the new input sample into the state buffer */
 104:Drivers/CMSIS/DSP/Source/FilteringFunctions/arm_lms_q31.c ****     *pStateCurnt++ = *pSrc++;
 105:Drivers/CMSIS/DSP/Source/FilteringFunctions/arm_lms_q31.c **** 
 106:Drivers/CMSIS/DSP/Source/FilteringFunctions/arm_lms_q31.c ****     /* Initialize state pointer */
 107:Drivers/CMSIS/DSP/Source/FilteringFunctions/arm_lms_q31.c ****     px = pState;
 108:Drivers/CMSIS/DSP/Source/FilteringFunctions/arm_lms_q31.c **** 
 109:Drivers/CMSIS/DSP/Source/FilteringFunctions/arm_lms_q31.c ****     /* Initialize coefficient pointer */
 110:Drivers/CMSIS/DSP/Source/FilteringFunctions/arm_lms_q31.c ****     pb = pCoeffs;
 111:Drivers/CMSIS/DSP/Source/FilteringFunctions/arm_lms_q31.c **** 
 112:Drivers/CMSIS/DSP/Source/FilteringFunctions/arm_lms_q31.c ****     /* Set the accumulator to zero */
 113:Drivers/CMSIS/DSP/Source/FilteringFunctions/arm_lms_q31.c ****     acc = 0;
 114:Drivers/CMSIS/DSP/Source/FilteringFunctions/arm_lms_q31.c **** 
 115:Drivers/CMSIS/DSP/Source/FilteringFunctions/arm_lms_q31.c ****     /* Loop unrolling.  Process 4 taps at a time. */
 116:Drivers/CMSIS/DSP/Source/FilteringFunctions/arm_lms_q31.c ****     tapCnt = numTaps >> 2;
 117:Drivers/CMSIS/DSP/Source/FilteringFunctions/arm_lms_q31.c **** 
 118:Drivers/CMSIS/DSP/Source/FilteringFunctions/arm_lms_q31.c ****     while (tapCnt > 0U)
 119:Drivers/CMSIS/DSP/Source/FilteringFunctions/arm_lms_q31.c ****     {
 120:Drivers/CMSIS/DSP/Source/FilteringFunctions/arm_lms_q31.c ****       /* Perform the multiply-accumulate */
 121:Drivers/CMSIS/DSP/Source/FilteringFunctions/arm_lms_q31.c ****       /* acc +=  b[N] * x[n-N] */
 122:Drivers/CMSIS/DSP/Source/FilteringFunctions/arm_lms_q31.c ****       acc += ((q63_t) (*px++)) * (*pb++);
 123:Drivers/CMSIS/DSP/Source/FilteringFunctions/arm_lms_q31.c **** 
 124:Drivers/CMSIS/DSP/Source/FilteringFunctions/arm_lms_q31.c ****       /* acc +=  b[N-1] * x[n-N-1] */
 125:Drivers/CMSIS/DSP/Source/FilteringFunctions/arm_lms_q31.c ****       acc += ((q63_t) (*px++)) * (*pb++);
ARM GAS  C:\Users\Lamp\AppData\Local\Temp\ccKy0DmU.s 			page 5


 126:Drivers/CMSIS/DSP/Source/FilteringFunctions/arm_lms_q31.c **** 
 127:Drivers/CMSIS/DSP/Source/FilteringFunctions/arm_lms_q31.c ****       /* acc +=  b[N-2] * x[n-N-2] */
 128:Drivers/CMSIS/DSP/Source/FilteringFunctions/arm_lms_q31.c ****       acc += ((q63_t) (*px++)) * (*pb++);
 129:Drivers/CMSIS/DSP/Source/FilteringFunctions/arm_lms_q31.c **** 
 130:Drivers/CMSIS/DSP/Source/FilteringFunctions/arm_lms_q31.c ****       /* acc +=  b[N-3] * x[n-N-3] */
 131:Drivers/CMSIS/DSP/Source/FilteringFunctions/arm_lms_q31.c ****       acc += ((q63_t) (*px++)) * (*pb++);
 132:Drivers/CMSIS/DSP/Source/FilteringFunctions/arm_lms_q31.c **** 
 133:Drivers/CMSIS/DSP/Source/FilteringFunctions/arm_lms_q31.c ****       /* Decrement the loop counter */
 134:Drivers/CMSIS/DSP/Source/FilteringFunctions/arm_lms_q31.c ****       tapCnt--;
 135:Drivers/CMSIS/DSP/Source/FilteringFunctions/arm_lms_q31.c ****     }
 136:Drivers/CMSIS/DSP/Source/FilteringFunctions/arm_lms_q31.c **** 
 137:Drivers/CMSIS/DSP/Source/FilteringFunctions/arm_lms_q31.c ****     /* If the filter length is not a multiple of 4, compute the remaining filter taps */
 138:Drivers/CMSIS/DSP/Source/FilteringFunctions/arm_lms_q31.c ****     tapCnt = numTaps % 0x4U;
 139:Drivers/CMSIS/DSP/Source/FilteringFunctions/arm_lms_q31.c **** 
 140:Drivers/CMSIS/DSP/Source/FilteringFunctions/arm_lms_q31.c ****     while (tapCnt > 0U)
 141:Drivers/CMSIS/DSP/Source/FilteringFunctions/arm_lms_q31.c ****     {
 142:Drivers/CMSIS/DSP/Source/FilteringFunctions/arm_lms_q31.c ****       /* Perform the multiply-accumulate */
 143:Drivers/CMSIS/DSP/Source/FilteringFunctions/arm_lms_q31.c ****       acc += ((q63_t) (*px++)) * (*pb++);
 144:Drivers/CMSIS/DSP/Source/FilteringFunctions/arm_lms_q31.c **** 
 145:Drivers/CMSIS/DSP/Source/FilteringFunctions/arm_lms_q31.c ****       /* Decrement the loop counter */
 146:Drivers/CMSIS/DSP/Source/FilteringFunctions/arm_lms_q31.c ****       tapCnt--;
 147:Drivers/CMSIS/DSP/Source/FilteringFunctions/arm_lms_q31.c ****     }
 148:Drivers/CMSIS/DSP/Source/FilteringFunctions/arm_lms_q31.c **** 
 149:Drivers/CMSIS/DSP/Source/FilteringFunctions/arm_lms_q31.c ****     /* Converting the result to 1.31 format */
 150:Drivers/CMSIS/DSP/Source/FilteringFunctions/arm_lms_q31.c ****     /* Calc lower part of acc */
 151:Drivers/CMSIS/DSP/Source/FilteringFunctions/arm_lms_q31.c ****     acc_l = acc & 0xffffffff;
 152:Drivers/CMSIS/DSP/Source/FilteringFunctions/arm_lms_q31.c **** 
 153:Drivers/CMSIS/DSP/Source/FilteringFunctions/arm_lms_q31.c ****     /* Calc upper part of acc */
 154:Drivers/CMSIS/DSP/Source/FilteringFunctions/arm_lms_q31.c ****     acc_h = (acc >> 32) & 0xffffffff;
 155:Drivers/CMSIS/DSP/Source/FilteringFunctions/arm_lms_q31.c **** 
 156:Drivers/CMSIS/DSP/Source/FilteringFunctions/arm_lms_q31.c ****     acc = (uint32_t) acc_l >> lShift | acc_h << uShift;
 157:Drivers/CMSIS/DSP/Source/FilteringFunctions/arm_lms_q31.c **** 
 158:Drivers/CMSIS/DSP/Source/FilteringFunctions/arm_lms_q31.c ****     /* Store the result from accumulator into the destination buffer. */
 159:Drivers/CMSIS/DSP/Source/FilteringFunctions/arm_lms_q31.c ****     *pOut++ = (q31_t) acc;
 160:Drivers/CMSIS/DSP/Source/FilteringFunctions/arm_lms_q31.c **** 
 161:Drivers/CMSIS/DSP/Source/FilteringFunctions/arm_lms_q31.c ****     /* Compute and store error */
 162:Drivers/CMSIS/DSP/Source/FilteringFunctions/arm_lms_q31.c ****     e = *pRef++ - (q31_t) acc;
 163:Drivers/CMSIS/DSP/Source/FilteringFunctions/arm_lms_q31.c **** 
 164:Drivers/CMSIS/DSP/Source/FilteringFunctions/arm_lms_q31.c ****     *pErr++ = (q31_t) e;
 165:Drivers/CMSIS/DSP/Source/FilteringFunctions/arm_lms_q31.c **** 
 166:Drivers/CMSIS/DSP/Source/FilteringFunctions/arm_lms_q31.c ****     /* Compute alpha i.e. intermediate constant for taps update */
 167:Drivers/CMSIS/DSP/Source/FilteringFunctions/arm_lms_q31.c ****     alpha = (q31_t) (((q63_t) e * mu) >> 31);
 168:Drivers/CMSIS/DSP/Source/FilteringFunctions/arm_lms_q31.c **** 
 169:Drivers/CMSIS/DSP/Source/FilteringFunctions/arm_lms_q31.c ****     /* Initialize state pointer */
 170:Drivers/CMSIS/DSP/Source/FilteringFunctions/arm_lms_q31.c ****     /* Advance state pointer by 1 for the next sample */
 171:Drivers/CMSIS/DSP/Source/FilteringFunctions/arm_lms_q31.c ****     px = pState++;
 172:Drivers/CMSIS/DSP/Source/FilteringFunctions/arm_lms_q31.c **** 
 173:Drivers/CMSIS/DSP/Source/FilteringFunctions/arm_lms_q31.c ****     /* Initialize coefficient pointer */
 174:Drivers/CMSIS/DSP/Source/FilteringFunctions/arm_lms_q31.c ****     pb = pCoeffs;
 175:Drivers/CMSIS/DSP/Source/FilteringFunctions/arm_lms_q31.c **** 
 176:Drivers/CMSIS/DSP/Source/FilteringFunctions/arm_lms_q31.c ****     /* Loop unrolling.  Process 4 taps at a time. */
 177:Drivers/CMSIS/DSP/Source/FilteringFunctions/arm_lms_q31.c ****     tapCnt = numTaps >> 2;
 178:Drivers/CMSIS/DSP/Source/FilteringFunctions/arm_lms_q31.c **** 
 179:Drivers/CMSIS/DSP/Source/FilteringFunctions/arm_lms_q31.c ****     /* Update filter coefficients */
 180:Drivers/CMSIS/DSP/Source/FilteringFunctions/arm_lms_q31.c ****     while (tapCnt > 0U)
 181:Drivers/CMSIS/DSP/Source/FilteringFunctions/arm_lms_q31.c ****     {
 182:Drivers/CMSIS/DSP/Source/FilteringFunctions/arm_lms_q31.c ****       /* coef is in 2.30 format */
ARM GAS  C:\Users\Lamp\AppData\Local\Temp\ccKy0DmU.s 			page 6


 183:Drivers/CMSIS/DSP/Source/FilteringFunctions/arm_lms_q31.c ****       coef = (q31_t) (((q63_t) alpha * (*px++)) >> (32));
 184:Drivers/CMSIS/DSP/Source/FilteringFunctions/arm_lms_q31.c ****       /* get coef in 1.31 format by left shifting */
 185:Drivers/CMSIS/DSP/Source/FilteringFunctions/arm_lms_q31.c ****       *pb = clip_q63_to_q31((q63_t) * pb + (coef << 1U));
 186:Drivers/CMSIS/DSP/Source/FilteringFunctions/arm_lms_q31.c ****       /* update coefficient buffer to next coefficient */
 187:Drivers/CMSIS/DSP/Source/FilteringFunctions/arm_lms_q31.c ****       pb++;
 188:Drivers/CMSIS/DSP/Source/FilteringFunctions/arm_lms_q31.c **** 
 189:Drivers/CMSIS/DSP/Source/FilteringFunctions/arm_lms_q31.c ****       coef = (q31_t) (((q63_t) alpha * (*px++)) >> (32));
 190:Drivers/CMSIS/DSP/Source/FilteringFunctions/arm_lms_q31.c ****       *pb = clip_q63_to_q31((q63_t) * pb + (coef << 1U));
 191:Drivers/CMSIS/DSP/Source/FilteringFunctions/arm_lms_q31.c ****       pb++;
 192:Drivers/CMSIS/DSP/Source/FilteringFunctions/arm_lms_q31.c **** 
 193:Drivers/CMSIS/DSP/Source/FilteringFunctions/arm_lms_q31.c ****       coef = (q31_t) (((q63_t) alpha * (*px++)) >> (32));
 194:Drivers/CMSIS/DSP/Source/FilteringFunctions/arm_lms_q31.c ****       *pb = clip_q63_to_q31((q63_t) * pb + (coef << 1U));
 195:Drivers/CMSIS/DSP/Source/FilteringFunctions/arm_lms_q31.c ****       pb++;
 196:Drivers/CMSIS/DSP/Source/FilteringFunctions/arm_lms_q31.c **** 
 197:Drivers/CMSIS/DSP/Source/FilteringFunctions/arm_lms_q31.c ****       coef = (q31_t) (((q63_t) alpha * (*px++)) >> (32));
 198:Drivers/CMSIS/DSP/Source/FilteringFunctions/arm_lms_q31.c ****       *pb = clip_q63_to_q31((q63_t) * pb + (coef << 1U));
 199:Drivers/CMSIS/DSP/Source/FilteringFunctions/arm_lms_q31.c ****       pb++;
 200:Drivers/CMSIS/DSP/Source/FilteringFunctions/arm_lms_q31.c **** 
 201:Drivers/CMSIS/DSP/Source/FilteringFunctions/arm_lms_q31.c ****       /* Decrement the loop counter */
 202:Drivers/CMSIS/DSP/Source/FilteringFunctions/arm_lms_q31.c ****       tapCnt--;
 203:Drivers/CMSIS/DSP/Source/FilteringFunctions/arm_lms_q31.c ****     }
 204:Drivers/CMSIS/DSP/Source/FilteringFunctions/arm_lms_q31.c **** 
 205:Drivers/CMSIS/DSP/Source/FilteringFunctions/arm_lms_q31.c ****     /* If the filter length is not a multiple of 4, compute the remaining filter taps */
 206:Drivers/CMSIS/DSP/Source/FilteringFunctions/arm_lms_q31.c ****     tapCnt = numTaps % 0x4U;
 207:Drivers/CMSIS/DSP/Source/FilteringFunctions/arm_lms_q31.c **** 
 208:Drivers/CMSIS/DSP/Source/FilteringFunctions/arm_lms_q31.c ****     while (tapCnt > 0U)
 209:Drivers/CMSIS/DSP/Source/FilteringFunctions/arm_lms_q31.c ****     {
 210:Drivers/CMSIS/DSP/Source/FilteringFunctions/arm_lms_q31.c ****       /* Perform the multiply-accumulate */
 211:Drivers/CMSIS/DSP/Source/FilteringFunctions/arm_lms_q31.c ****       coef = (q31_t) (((q63_t) alpha * (*px++)) >> (32));
 212:Drivers/CMSIS/DSP/Source/FilteringFunctions/arm_lms_q31.c ****       *pb = clip_q63_to_q31((q63_t) * pb + (coef << 1U));
 213:Drivers/CMSIS/DSP/Source/FilteringFunctions/arm_lms_q31.c ****       pb++;
 214:Drivers/CMSIS/DSP/Source/FilteringFunctions/arm_lms_q31.c **** 
 215:Drivers/CMSIS/DSP/Source/FilteringFunctions/arm_lms_q31.c ****       /* Decrement the loop counter */
 216:Drivers/CMSIS/DSP/Source/FilteringFunctions/arm_lms_q31.c ****       tapCnt--;
 217:Drivers/CMSIS/DSP/Source/FilteringFunctions/arm_lms_q31.c ****     }
 218:Drivers/CMSIS/DSP/Source/FilteringFunctions/arm_lms_q31.c **** 
 219:Drivers/CMSIS/DSP/Source/FilteringFunctions/arm_lms_q31.c ****     /* Decrement the loop counter */
 220:Drivers/CMSIS/DSP/Source/FilteringFunctions/arm_lms_q31.c ****     blkCnt--;
 221:Drivers/CMSIS/DSP/Source/FilteringFunctions/arm_lms_q31.c ****   }
 222:Drivers/CMSIS/DSP/Source/FilteringFunctions/arm_lms_q31.c **** 
 223:Drivers/CMSIS/DSP/Source/FilteringFunctions/arm_lms_q31.c ****   /* Processing is complete. Now copy the last numTaps - 1 samples to the
 224:Drivers/CMSIS/DSP/Source/FilteringFunctions/arm_lms_q31.c ****      satrt of the state buffer. This prepares the state buffer for the
 225:Drivers/CMSIS/DSP/Source/FilteringFunctions/arm_lms_q31.c ****      next function call. */
 226:Drivers/CMSIS/DSP/Source/FilteringFunctions/arm_lms_q31.c **** 
 227:Drivers/CMSIS/DSP/Source/FilteringFunctions/arm_lms_q31.c ****   /* Points to the start of the pState buffer */
 228:Drivers/CMSIS/DSP/Source/FilteringFunctions/arm_lms_q31.c ****   pStateCurnt = S->pState;
 229:Drivers/CMSIS/DSP/Source/FilteringFunctions/arm_lms_q31.c **** 
 230:Drivers/CMSIS/DSP/Source/FilteringFunctions/arm_lms_q31.c ****   /* Loop unrolling for (numTaps - 1U) samples copy */
 231:Drivers/CMSIS/DSP/Source/FilteringFunctions/arm_lms_q31.c ****   tapCnt = (numTaps - 1U) >> 2U;
 232:Drivers/CMSIS/DSP/Source/FilteringFunctions/arm_lms_q31.c **** 
 233:Drivers/CMSIS/DSP/Source/FilteringFunctions/arm_lms_q31.c ****   /* copy data */
 234:Drivers/CMSIS/DSP/Source/FilteringFunctions/arm_lms_q31.c ****   while (tapCnt > 0U)
 235:Drivers/CMSIS/DSP/Source/FilteringFunctions/arm_lms_q31.c ****   {
 236:Drivers/CMSIS/DSP/Source/FilteringFunctions/arm_lms_q31.c ****     *pStateCurnt++ = *pState++;
 237:Drivers/CMSIS/DSP/Source/FilteringFunctions/arm_lms_q31.c ****     *pStateCurnt++ = *pState++;
 238:Drivers/CMSIS/DSP/Source/FilteringFunctions/arm_lms_q31.c ****     *pStateCurnt++ = *pState++;
 239:Drivers/CMSIS/DSP/Source/FilteringFunctions/arm_lms_q31.c ****     *pStateCurnt++ = *pState++;
ARM GAS  C:\Users\Lamp\AppData\Local\Temp\ccKy0DmU.s 			page 7


 240:Drivers/CMSIS/DSP/Source/FilteringFunctions/arm_lms_q31.c **** 
 241:Drivers/CMSIS/DSP/Source/FilteringFunctions/arm_lms_q31.c ****     /* Decrement the loop counter */
 242:Drivers/CMSIS/DSP/Source/FilteringFunctions/arm_lms_q31.c ****     tapCnt--;
 243:Drivers/CMSIS/DSP/Source/FilteringFunctions/arm_lms_q31.c ****   }
 244:Drivers/CMSIS/DSP/Source/FilteringFunctions/arm_lms_q31.c **** 
 245:Drivers/CMSIS/DSP/Source/FilteringFunctions/arm_lms_q31.c ****   /* Calculate remaining number of copies */
 246:Drivers/CMSIS/DSP/Source/FilteringFunctions/arm_lms_q31.c ****   tapCnt = (numTaps - 1U) % 0x4U;
 247:Drivers/CMSIS/DSP/Source/FilteringFunctions/arm_lms_q31.c **** 
 248:Drivers/CMSIS/DSP/Source/FilteringFunctions/arm_lms_q31.c ****   /* Copy the remaining q31_t data */
 249:Drivers/CMSIS/DSP/Source/FilteringFunctions/arm_lms_q31.c ****   while (tapCnt > 0U)
 250:Drivers/CMSIS/DSP/Source/FilteringFunctions/arm_lms_q31.c ****   {
 251:Drivers/CMSIS/DSP/Source/FilteringFunctions/arm_lms_q31.c ****     *pStateCurnt++ = *pState++;
 252:Drivers/CMSIS/DSP/Source/FilteringFunctions/arm_lms_q31.c **** 
 253:Drivers/CMSIS/DSP/Source/FilteringFunctions/arm_lms_q31.c ****     /* Decrement the loop counter */
 254:Drivers/CMSIS/DSP/Source/FilteringFunctions/arm_lms_q31.c ****     tapCnt--;
 255:Drivers/CMSIS/DSP/Source/FilteringFunctions/arm_lms_q31.c ****   }
 256:Drivers/CMSIS/DSP/Source/FilteringFunctions/arm_lms_q31.c **** 
 257:Drivers/CMSIS/DSP/Source/FilteringFunctions/arm_lms_q31.c **** #else
 258:Drivers/CMSIS/DSP/Source/FilteringFunctions/arm_lms_q31.c **** 
 259:Drivers/CMSIS/DSP/Source/FilteringFunctions/arm_lms_q31.c ****   /* Run the below code for Cortex-M0 */
 260:Drivers/CMSIS/DSP/Source/FilteringFunctions/arm_lms_q31.c **** 
 261:Drivers/CMSIS/DSP/Source/FilteringFunctions/arm_lms_q31.c ****   while (blkCnt > 0U)
 105              		.loc 1 261 3 view .LVU30
 106 0038 0695     		str	r5, [sp, #24]
 107 003a 0797     		str	r7, [sp, #28]
 108 003c 0391     		str	r1, [sp, #12]
 109 003e 2146     		mov	r1, r4
 110              	.LVL12:
 111              		.loc 1 261 9 is_stmt 0 view .LVU31
 112 0040 69E0     		b	.L2
 113              	.LVL13:
 114              	.L4:
 262:Drivers/CMSIS/DSP/Source/FilteringFunctions/arm_lms_q31.c ****   {
 263:Drivers/CMSIS/DSP/Source/FilteringFunctions/arm_lms_q31.c ****     /* Copy the new input sample into the state buffer */
 264:Drivers/CMSIS/DSP/Source/FilteringFunctions/arm_lms_q31.c ****     *pStateCurnt++ = *pSrc++;
 265:Drivers/CMSIS/DSP/Source/FilteringFunctions/arm_lms_q31.c **** 
 266:Drivers/CMSIS/DSP/Source/FilteringFunctions/arm_lms_q31.c ****     /* Initialize pState pointer */
 267:Drivers/CMSIS/DSP/Source/FilteringFunctions/arm_lms_q31.c ****     px = pState;
 268:Drivers/CMSIS/DSP/Source/FilteringFunctions/arm_lms_q31.c **** 
 269:Drivers/CMSIS/DSP/Source/FilteringFunctions/arm_lms_q31.c ****     /* Initialize pCoeffs pointer */
 270:Drivers/CMSIS/DSP/Source/FilteringFunctions/arm_lms_q31.c ****     pb = pCoeffs;
 271:Drivers/CMSIS/DSP/Source/FilteringFunctions/arm_lms_q31.c **** 
 272:Drivers/CMSIS/DSP/Source/FilteringFunctions/arm_lms_q31.c ****     /* Set the accumulator to zero */
 273:Drivers/CMSIS/DSP/Source/FilteringFunctions/arm_lms_q31.c ****     acc = 0;
 274:Drivers/CMSIS/DSP/Source/FilteringFunctions/arm_lms_q31.c **** 
 275:Drivers/CMSIS/DSP/Source/FilteringFunctions/arm_lms_q31.c ****     /* Loop over numTaps number of values */
 276:Drivers/CMSIS/DSP/Source/FilteringFunctions/arm_lms_q31.c ****     tapCnt = numTaps;
 277:Drivers/CMSIS/DSP/Source/FilteringFunctions/arm_lms_q31.c **** 
 278:Drivers/CMSIS/DSP/Source/FilteringFunctions/arm_lms_q31.c ****     while (tapCnt > 0U)
 279:Drivers/CMSIS/DSP/Source/FilteringFunctions/arm_lms_q31.c ****     {
 280:Drivers/CMSIS/DSP/Source/FilteringFunctions/arm_lms_q31.c ****       /* Perform the multiply-accumulate */
 281:Drivers/CMSIS/DSP/Source/FilteringFunctions/arm_lms_q31.c ****       acc += ((q63_t) (*px++)) * (*pb++);
 115              		.loc 1 281 7 is_stmt 1 view .LVU32
 116              		.loc 1 281 24 is_stmt 0 view .LVU33
 117 0042 5CF8042B 		ldr	r2, [ip], #4
 118              	.LVL14:
 119              		.loc 1 281 15 view .LVU34
ARM GAS  C:\Users\Lamp\AppData\Local\Temp\ccKy0DmU.s 			page 8


 120 0046 4FEAE279 		asr	r9, r2, #31
 121              	.LVL15:
 122              		.loc 1 281 35 view .LVU35
 123 004a 58F8040B 		ldr	r0, [r8], #4
 124              	.LVL16:
 125              		.loc 1 281 35 view .LVU36
 126 004e C517     		asrs	r5, r0, #31
 127              		.loc 1 281 32 view .LVU37
 128 0050 02FB05F5 		mul	r5, r2, r5
 129 0054 00FB0955 		mla	r5, r0, r9, r5
 130 0058 A2FB0020 		umull	r2, r0, r2, r0
 131 005c 2844     		add	r0, r0, r5
 132              		.loc 1 281 11 view .LVU38
 133 005e A218     		adds	r2, r4, r2
 134 0060 1446     		mov	r4, r2
 135              	.LVL17:
 136              		.loc 1 281 11 view .LVU39
 137 0062 40EB0A0A 		adc	r10, r0, r10
 138              	.LVL18:
 282:Drivers/CMSIS/DSP/Source/FilteringFunctions/arm_lms_q31.c **** 
 283:Drivers/CMSIS/DSP/Source/FilteringFunctions/arm_lms_q31.c ****       /* Decrement the loop counter */
 284:Drivers/CMSIS/DSP/Source/FilteringFunctions/arm_lms_q31.c ****       tapCnt--;
 139              		.loc 1 284 7 is_stmt 1 view .LVU40
 140              		.loc 1 284 13 is_stmt 0 view .LVU41
 141 0066 013F     		subs	r7, r7, #1
 142              	.LVL19:
 143              	.L3:
 278:Drivers/CMSIS/DSP/Source/FilteringFunctions/arm_lms_q31.c ****     {
 144              		.loc 1 278 19 is_stmt 1 view .LVU42
 145 0068 002F     		cmp	r7, #0
 146 006a EAD1     		bne	.L4
 285:Drivers/CMSIS/DSP/Source/FilteringFunctions/arm_lms_q31.c ****     }
 286:Drivers/CMSIS/DSP/Source/FilteringFunctions/arm_lms_q31.c **** 
 287:Drivers/CMSIS/DSP/Source/FilteringFunctions/arm_lms_q31.c ****     /* Converting the result to 1.31 format */
 288:Drivers/CMSIS/DSP/Source/FilteringFunctions/arm_lms_q31.c ****     /* Store the result from accumulator into the destination buffer. */
 289:Drivers/CMSIS/DSP/Source/FilteringFunctions/arm_lms_q31.c ****     /* Calc lower part of acc */
 290:Drivers/CMSIS/DSP/Source/FilteringFunctions/arm_lms_q31.c ****     acc_l = acc & 0xffffffff;
 291:Drivers/CMSIS/DSP/Source/FilteringFunctions/arm_lms_q31.c **** 
 292:Drivers/CMSIS/DSP/Source/FilteringFunctions/arm_lms_q31.c ****     /* Calc upper part of acc */
 293:Drivers/CMSIS/DSP/Source/FilteringFunctions/arm_lms_q31.c ****     acc_h = (acc >> 32) & 0xffffffff;
 294:Drivers/CMSIS/DSP/Source/FilteringFunctions/arm_lms_q31.c **** 
 295:Drivers/CMSIS/DSP/Source/FilteringFunctions/arm_lms_q31.c ****     acc = (uint32_t) acc_l >> lShift | acc_h << uShift;
 147              		.loc 1 295 28 is_stmt 0 view .LVU43
 148 006c 049A     		ldr	r2, [sp, #16]
 290:Drivers/CMSIS/DSP/Source/FilteringFunctions/arm_lms_q31.c **** 
 149              		.loc 1 290 5 is_stmt 1 view .LVU44
 150              	.LVL20:
 293:Drivers/CMSIS/DSP/Source/FilteringFunctions/arm_lms_q31.c **** 
 151              		.loc 1 293 5 view .LVU45
 152              		.loc 1 295 5 view .LVU46
 153              		.loc 1 295 28 is_stmt 0 view .LVU47
 154 006e 0598     		ldr	r0, [sp, #20]
 155 0070 C440     		lsrs	r4, r4, r0
 156              	.LVL21:
 157              		.loc 1 295 46 view .LVU48
 158 0072 0AFA0BFA 		lsl	r10, r10, fp
 159              	.LVL22:
ARM GAS  C:\Users\Lamp\AppData\Local\Temp\ccKy0DmU.s 			page 9


 296:Drivers/CMSIS/DSP/Source/FilteringFunctions/arm_lms_q31.c **** 
 297:Drivers/CMSIS/DSP/Source/FilteringFunctions/arm_lms_q31.c ****     *pOut++ = (q31_t) acc;
 160              		.loc 1 297 5 is_stmt 1 view .LVU49
 161              		.loc 1 297 10 is_stmt 0 view .LVU50
 162 0076 DDF80CC0 		ldr	ip, [sp, #12]
 163              	.LVL23:
 164              		.loc 1 297 15 view .LVU51
 165 007a 44EA0A04 		orr	r4, r4, r10
 166              	.LVL24:
 167              		.loc 1 297 13 view .LVU52
 168 007e 4CF8044B 		str	r4, [ip], #4
 169              	.LVL25:
 298:Drivers/CMSIS/DSP/Source/FilteringFunctions/arm_lms_q31.c **** 
 299:Drivers/CMSIS/DSP/Source/FilteringFunctions/arm_lms_q31.c ****     /* Compute and store error */
 300:Drivers/CMSIS/DSP/Source/FilteringFunctions/arm_lms_q31.c ****     e = *pRef++ - (q31_t) acc;
 170              		.loc 1 300 5 is_stmt 1 view .LVU53
 171              		.loc 1 300 14 is_stmt 0 view .LVU54
 172 0082 3746     		mov	r7, r6
 173              	.LVL26:
 174              		.loc 1 300 9 view .LVU55
 175 0084 57F8040B 		ldr	r0, [r7], #4
 176              	.LVL27:
 177              		.loc 1 300 7 view .LVU56
 178 0088 001B     		subs	r0, r0, r4
 179              	.LVL28:
 301:Drivers/CMSIS/DSP/Source/FilteringFunctions/arm_lms_q31.c **** 
 302:Drivers/CMSIS/DSP/Source/FilteringFunctions/arm_lms_q31.c ****     *pErr++ = (q31_t) e;
 180              		.loc 1 302 5 is_stmt 1 view .LVU57
 181              		.loc 1 302 10 is_stmt 0 view .LVU58
 182 008a DDF84880 		ldr	r8, [sp, #72]
 183              	.LVL29:
 184              		.loc 1 302 13 view .LVU59
 185 008e 48F8040B 		str	r0, [r8], #4
 186              	.LVL30:
 303:Drivers/CMSIS/DSP/Source/FilteringFunctions/arm_lms_q31.c **** 
 304:Drivers/CMSIS/DSP/Source/FilteringFunctions/arm_lms_q31.c ****     /* Weighting factor for the LMS version */
 305:Drivers/CMSIS/DSP/Source/FilteringFunctions/arm_lms_q31.c ****     alpha = (q31_t) (((q63_t) e * mu) >> 31);
 187              		.loc 1 305 5 is_stmt 1 view .LVU60
 188              		.loc 1 305 23 is_stmt 0 view .LVU61
 189 0092 C417     		asrs	r4, r0, #31
 190              		.loc 1 305 33 view .LVU62
 191 0094 069D     		ldr	r5, [sp, #24]
 192 0096 EE17     		asrs	r6, r5, #31
 193 0098 05FB04F4 		mul	r4, r5, r4
 194 009c 00FB0644 		mla	r4, r0, r6, r4
 195 00a0 A5FB0006 		umull	r0, r6, r5, r0
 196              	.LVL31:
 197              		.loc 1 305 33 view .LVU63
 198 00a4 2644     		add	r6, r6, r4
 199              		.loc 1 305 39 view .LVU64
 200 00a6 C00F     		lsrs	r0, r0, #31
 201 00a8 40EA4600 		orr	r0, r0, r6, lsl #1
 202              	.LVL32:
 306:Drivers/CMSIS/DSP/Source/FilteringFunctions/arm_lms_q31.c **** 
 307:Drivers/CMSIS/DSP/Source/FilteringFunctions/arm_lms_q31.c ****     /* Initialize pState pointer */
 308:Drivers/CMSIS/DSP/Source/FilteringFunctions/arm_lms_q31.c ****     /* Advance state pointer by 1 for the next sample */
 309:Drivers/CMSIS/DSP/Source/FilteringFunctions/arm_lms_q31.c ****     px = pState++;
ARM GAS  C:\Users\Lamp\AppData\Local\Temp\ccKy0DmU.s 			page 10


 203              		.loc 1 309 5 is_stmt 1 view .LVU65
 204              		.loc 1 309 16 is_stmt 0 view .LVU66
 205 00ac 02F10409 		add	r9, r2, #4
 206              	.LVL33:
 310:Drivers/CMSIS/DSP/Source/FilteringFunctions/arm_lms_q31.c **** 
 311:Drivers/CMSIS/DSP/Source/FilteringFunctions/arm_lms_q31.c ****     /* Initialize pCoeffs pointer */
 312:Drivers/CMSIS/DSP/Source/FilteringFunctions/arm_lms_q31.c ****     pb = pCoeffs;
 207              		.loc 1 312 5 is_stmt 1 view .LVU67
 313:Drivers/CMSIS/DSP/Source/FilteringFunctions/arm_lms_q31.c **** 
 314:Drivers/CMSIS/DSP/Source/FilteringFunctions/arm_lms_q31.c ****     /* Loop over numTaps number of values */
 315:Drivers/CMSIS/DSP/Source/FilteringFunctions/arm_lms_q31.c ****     tapCnt = numTaps;
 208              		.loc 1 315 5 view .LVU68
 316:Drivers/CMSIS/DSP/Source/FilteringFunctions/arm_lms_q31.c **** 
 317:Drivers/CMSIS/DSP/Source/FilteringFunctions/arm_lms_q31.c ****     while (tapCnt > 0U)
 209              		.loc 1 317 5 view .LVU69
 315:Drivers/CMSIS/DSP/Source/FilteringFunctions/arm_lms_q31.c **** 
 210              		.loc 1 315 12 is_stmt 0 view .LVU70
 211 00b0 019C     		ldr	r4, [sp, #4]
 312:Drivers/CMSIS/DSP/Source/FilteringFunctions/arm_lms_q31.c **** 
 212              		.loc 1 312 8 view .LVU71
 213 00b2 029E     		ldr	r6, [sp, #8]
 214 00b4 CDF80CB0 		str	fp, [sp, #12]
 215              		.loc 1 317 11 view .LVU72
 216 00b8 06E0     		b	.L5
 217              	.LVL34:
 218              	.L13:
 219              	.LBB4:
 220              	.LBB5:
 221              		.file 2 "Drivers/CMSIS/DSP/Include/arm_math.h"
   1:Drivers/CMSIS/DSP/Include/arm_math.h **** /******************************************************************************
   2:Drivers/CMSIS/DSP/Include/arm_math.h ****  * @file     arm_math.h
   3:Drivers/CMSIS/DSP/Include/arm_math.h ****  * @brief    Public header file for CMSIS DSP LibraryU
   4:Drivers/CMSIS/DSP/Include/arm_math.h ****  * @version  V1.5.3
   5:Drivers/CMSIS/DSP/Include/arm_math.h ****  * @date     10. January 2018
   6:Drivers/CMSIS/DSP/Include/arm_math.h ****  ******************************************************************************/
   7:Drivers/CMSIS/DSP/Include/arm_math.h **** /*
   8:Drivers/CMSIS/DSP/Include/arm_math.h ****  * Copyright (c) 2010-2018 Arm Limited or its affiliates. All rights reserved.
   9:Drivers/CMSIS/DSP/Include/arm_math.h ****  *
  10:Drivers/CMSIS/DSP/Include/arm_math.h ****  * SPDX-License-Identifier: Apache-2.0
  11:Drivers/CMSIS/DSP/Include/arm_math.h ****  *
  12:Drivers/CMSIS/DSP/Include/arm_math.h ****  * Licensed under the Apache License, Version 2.0 (the License); you may
  13:Drivers/CMSIS/DSP/Include/arm_math.h ****  * not use this file except in compliance with the License.
  14:Drivers/CMSIS/DSP/Include/arm_math.h ****  * You may obtain a copy of the License at
  15:Drivers/CMSIS/DSP/Include/arm_math.h ****  *
  16:Drivers/CMSIS/DSP/Include/arm_math.h ****  * www.apache.org/licenses/LICENSE-2.0
  17:Drivers/CMSIS/DSP/Include/arm_math.h ****  *
  18:Drivers/CMSIS/DSP/Include/arm_math.h ****  * Unless required by applicable law or agreed to in writing, software
  19:Drivers/CMSIS/DSP/Include/arm_math.h ****  * distributed under the License is distributed on an AS IS BASIS, WITHOUT
  20:Drivers/CMSIS/DSP/Include/arm_math.h ****  * WARRANTIES OR CONDITIONS OF ANY KIND, either express or implied.
  21:Drivers/CMSIS/DSP/Include/arm_math.h ****  * See the License for the specific language governing permissions and
  22:Drivers/CMSIS/DSP/Include/arm_math.h ****  * limitations under the License.
  23:Drivers/CMSIS/DSP/Include/arm_math.h ****  */
  24:Drivers/CMSIS/DSP/Include/arm_math.h **** 
  25:Drivers/CMSIS/DSP/Include/arm_math.h **** /**
  26:Drivers/CMSIS/DSP/Include/arm_math.h ****    \mainpage CMSIS DSP Software Library
  27:Drivers/CMSIS/DSP/Include/arm_math.h ****    *
  28:Drivers/CMSIS/DSP/Include/arm_math.h ****    * Introduction
ARM GAS  C:\Users\Lamp\AppData\Local\Temp\ccKy0DmU.s 			page 11


  29:Drivers/CMSIS/DSP/Include/arm_math.h ****    * ------------
  30:Drivers/CMSIS/DSP/Include/arm_math.h ****    *
  31:Drivers/CMSIS/DSP/Include/arm_math.h ****    * This user manual describes the CMSIS DSP software library,
  32:Drivers/CMSIS/DSP/Include/arm_math.h ****    * a suite of common signal processing functions for use on Cortex-M processor based devices.
  33:Drivers/CMSIS/DSP/Include/arm_math.h ****    *
  34:Drivers/CMSIS/DSP/Include/arm_math.h ****    * The library is divided into a number of functions each covering a specific category:
  35:Drivers/CMSIS/DSP/Include/arm_math.h ****    * - Basic math functions
  36:Drivers/CMSIS/DSP/Include/arm_math.h ****    * - Fast math functions
  37:Drivers/CMSIS/DSP/Include/arm_math.h ****    * - Complex math functions
  38:Drivers/CMSIS/DSP/Include/arm_math.h ****    * - Filters
  39:Drivers/CMSIS/DSP/Include/arm_math.h ****    * - Matrix functions
  40:Drivers/CMSIS/DSP/Include/arm_math.h ****    * - Transforms
  41:Drivers/CMSIS/DSP/Include/arm_math.h ****    * - Motor control functions
  42:Drivers/CMSIS/DSP/Include/arm_math.h ****    * - Statistical functions
  43:Drivers/CMSIS/DSP/Include/arm_math.h ****    * - Support functions
  44:Drivers/CMSIS/DSP/Include/arm_math.h ****    * - Interpolation functions
  45:Drivers/CMSIS/DSP/Include/arm_math.h ****    *
  46:Drivers/CMSIS/DSP/Include/arm_math.h ****    * The library has separate functions for operating on 8-bit integers, 16-bit integers,
  47:Drivers/CMSIS/DSP/Include/arm_math.h ****    * 32-bit integer and 32-bit floating-point values.
  48:Drivers/CMSIS/DSP/Include/arm_math.h ****    *
  49:Drivers/CMSIS/DSP/Include/arm_math.h ****    * Using the Library
  50:Drivers/CMSIS/DSP/Include/arm_math.h ****    * ------------
  51:Drivers/CMSIS/DSP/Include/arm_math.h ****    *
  52:Drivers/CMSIS/DSP/Include/arm_math.h ****    * The library installer contains prebuilt versions of the libraries in the <code>Lib</code> fold
  53:Drivers/CMSIS/DSP/Include/arm_math.h ****    * - arm_cortexM7lfdp_math.lib (Cortex-M7, Little endian, Double Precision Floating Point Unit)
  54:Drivers/CMSIS/DSP/Include/arm_math.h ****    * - arm_cortexM7bfdp_math.lib (Cortex-M7, Big endian, Double Precision Floating Point Unit)
  55:Drivers/CMSIS/DSP/Include/arm_math.h ****    * - arm_cortexM7lfsp_math.lib (Cortex-M7, Little endian, Single Precision Floating Point Unit)
  56:Drivers/CMSIS/DSP/Include/arm_math.h ****    * - arm_cortexM7bfsp_math.lib (Cortex-M7, Big endian and Single Precision Floating Point Unit on
  57:Drivers/CMSIS/DSP/Include/arm_math.h ****    * - arm_cortexM7l_math.lib (Cortex-M7, Little endian)
  58:Drivers/CMSIS/DSP/Include/arm_math.h ****    * - arm_cortexM7b_math.lib (Cortex-M7, Big endian)
  59:Drivers/CMSIS/DSP/Include/arm_math.h ****    * - arm_cortexM4lf_math.lib (Cortex-M4, Little endian, Floating Point Unit)
  60:Drivers/CMSIS/DSP/Include/arm_math.h ****    * - arm_cortexM4bf_math.lib (Cortex-M4, Big endian, Floating Point Unit)
  61:Drivers/CMSIS/DSP/Include/arm_math.h ****    * - arm_cortexM4l_math.lib (Cortex-M4, Little endian)
  62:Drivers/CMSIS/DSP/Include/arm_math.h ****    * - arm_cortexM4b_math.lib (Cortex-M4, Big endian)
  63:Drivers/CMSIS/DSP/Include/arm_math.h ****    * - arm_cortexM3l_math.lib (Cortex-M3, Little endian)
  64:Drivers/CMSIS/DSP/Include/arm_math.h ****    * - arm_cortexM3b_math.lib (Cortex-M3, Big endian)
  65:Drivers/CMSIS/DSP/Include/arm_math.h ****    * - arm_cortexM0l_math.lib (Cortex-M0 / Cortex-M0+, Little endian)
  66:Drivers/CMSIS/DSP/Include/arm_math.h ****    * - arm_cortexM0b_math.lib (Cortex-M0 / Cortex-M0+, Big endian)
  67:Drivers/CMSIS/DSP/Include/arm_math.h ****    * - arm_ARMv8MBLl_math.lib (Armv8-M Baseline, Little endian)
  68:Drivers/CMSIS/DSP/Include/arm_math.h ****    * - arm_ARMv8MMLl_math.lib (Armv8-M Mainline, Little endian)
  69:Drivers/CMSIS/DSP/Include/arm_math.h ****    * - arm_ARMv8MMLlfsp_math.lib (Armv8-M Mainline, Little endian, Single Precision Floating Point 
  70:Drivers/CMSIS/DSP/Include/arm_math.h ****    * - arm_ARMv8MMLld_math.lib (Armv8-M Mainline, Little endian, DSP instructions)
  71:Drivers/CMSIS/DSP/Include/arm_math.h ****    * - arm_ARMv8MMLldfsp_math.lib (Armv8-M Mainline, Little endian, DSP instructions, Single Precis
  72:Drivers/CMSIS/DSP/Include/arm_math.h ****    *
  73:Drivers/CMSIS/DSP/Include/arm_math.h ****    * The library functions are declared in the public file <code>arm_math.h</code> which is placed 
  74:Drivers/CMSIS/DSP/Include/arm_math.h ****    * Simply include this file and link the appropriate library in the application and begin calling
  75:Drivers/CMSIS/DSP/Include/arm_math.h ****    * public header file <code> arm_math.h</code> for Cortex-M cores with little endian and big endi
  76:Drivers/CMSIS/DSP/Include/arm_math.h ****    * Define the appropriate preprocessor macro ARM_MATH_CM7 or ARM_MATH_CM4 or ARM_MATH_CM3 or
  77:Drivers/CMSIS/DSP/Include/arm_math.h ****    * ARM_MATH_CM0 or ARM_MATH_CM0PLUS depending on the target processor in the application.
  78:Drivers/CMSIS/DSP/Include/arm_math.h ****    * For Armv8-M cores define preprocessor macro ARM_MATH_ARMV8MBL or ARM_MATH_ARMV8MML.
  79:Drivers/CMSIS/DSP/Include/arm_math.h ****    * Set preprocessor macro __DSP_PRESENT if Armv8-M Mainline core supports DSP instructions.
  80:Drivers/CMSIS/DSP/Include/arm_math.h ****    * 
  81:Drivers/CMSIS/DSP/Include/arm_math.h ****    *
  82:Drivers/CMSIS/DSP/Include/arm_math.h ****    * Examples
  83:Drivers/CMSIS/DSP/Include/arm_math.h ****    * --------
  84:Drivers/CMSIS/DSP/Include/arm_math.h ****    *
  85:Drivers/CMSIS/DSP/Include/arm_math.h ****    * The library ships with a number of examples which demonstrate how to use the library functions
ARM GAS  C:\Users\Lamp\AppData\Local\Temp\ccKy0DmU.s 			page 12


  86:Drivers/CMSIS/DSP/Include/arm_math.h ****    *
  87:Drivers/CMSIS/DSP/Include/arm_math.h ****    * Toolchain Support
  88:Drivers/CMSIS/DSP/Include/arm_math.h ****    * ------------
  89:Drivers/CMSIS/DSP/Include/arm_math.h ****    *
  90:Drivers/CMSIS/DSP/Include/arm_math.h ****    * The library has been developed and tested with MDK version 5.14.0.0
  91:Drivers/CMSIS/DSP/Include/arm_math.h ****    * The library is being tested in GCC and IAR toolchains and updates on this activity will be mad
  92:Drivers/CMSIS/DSP/Include/arm_math.h ****    *
  93:Drivers/CMSIS/DSP/Include/arm_math.h ****    * Building the Library
  94:Drivers/CMSIS/DSP/Include/arm_math.h ****    * ------------
  95:Drivers/CMSIS/DSP/Include/arm_math.h ****    *
  96:Drivers/CMSIS/DSP/Include/arm_math.h ****    * The library installer contains a project file to rebuild libraries on MDK toolchain in the <co
  97:Drivers/CMSIS/DSP/Include/arm_math.h ****    * - arm_cortexM_math.uvprojx
  98:Drivers/CMSIS/DSP/Include/arm_math.h ****    *
  99:Drivers/CMSIS/DSP/Include/arm_math.h ****    *
 100:Drivers/CMSIS/DSP/Include/arm_math.h ****    * The libraries can be built by opening the arm_cortexM_math.uvprojx project in MDK-ARM, selecti
 101:Drivers/CMSIS/DSP/Include/arm_math.h ****    *
 102:Drivers/CMSIS/DSP/Include/arm_math.h ****    * Preprocessor Macros
 103:Drivers/CMSIS/DSP/Include/arm_math.h ****    * ------------
 104:Drivers/CMSIS/DSP/Include/arm_math.h ****    *
 105:Drivers/CMSIS/DSP/Include/arm_math.h ****    * Each library project have different preprocessor macros.
 106:Drivers/CMSIS/DSP/Include/arm_math.h ****    *
 107:Drivers/CMSIS/DSP/Include/arm_math.h ****    * - UNALIGNED_SUPPORT_DISABLE:
 108:Drivers/CMSIS/DSP/Include/arm_math.h ****    *
 109:Drivers/CMSIS/DSP/Include/arm_math.h ****    * Define macro UNALIGNED_SUPPORT_DISABLE, If the silicon does not support unaligned memory acces
 110:Drivers/CMSIS/DSP/Include/arm_math.h ****    *
 111:Drivers/CMSIS/DSP/Include/arm_math.h ****    * - ARM_MATH_BIG_ENDIAN:
 112:Drivers/CMSIS/DSP/Include/arm_math.h ****    *
 113:Drivers/CMSIS/DSP/Include/arm_math.h ****    * Define macro ARM_MATH_BIG_ENDIAN to build the library for big endian targets. By default libra
 114:Drivers/CMSIS/DSP/Include/arm_math.h ****    *
 115:Drivers/CMSIS/DSP/Include/arm_math.h ****    * - ARM_MATH_MATRIX_CHECK:
 116:Drivers/CMSIS/DSP/Include/arm_math.h ****    *
 117:Drivers/CMSIS/DSP/Include/arm_math.h ****    * Define macro ARM_MATH_MATRIX_CHECK for checking on the input and output sizes of matrices
 118:Drivers/CMSIS/DSP/Include/arm_math.h ****    *
 119:Drivers/CMSIS/DSP/Include/arm_math.h ****    * - ARM_MATH_ROUNDING:
 120:Drivers/CMSIS/DSP/Include/arm_math.h ****    *
 121:Drivers/CMSIS/DSP/Include/arm_math.h ****    * Define macro ARM_MATH_ROUNDING for rounding on support functions
 122:Drivers/CMSIS/DSP/Include/arm_math.h ****    *
 123:Drivers/CMSIS/DSP/Include/arm_math.h ****    * - ARM_MATH_CMx:
 124:Drivers/CMSIS/DSP/Include/arm_math.h ****    *
 125:Drivers/CMSIS/DSP/Include/arm_math.h ****    * Define macro ARM_MATH_CM4 for building the library on Cortex-M4 target, ARM_MATH_CM3 for build
 126:Drivers/CMSIS/DSP/Include/arm_math.h ****    * and ARM_MATH_CM0 for building library on Cortex-M0 target, ARM_MATH_CM0PLUS for building libra
 127:Drivers/CMSIS/DSP/Include/arm_math.h ****    * ARM_MATH_CM7 for building the library on cortex-M7.
 128:Drivers/CMSIS/DSP/Include/arm_math.h ****    *
 129:Drivers/CMSIS/DSP/Include/arm_math.h ****    * - ARM_MATH_ARMV8MxL:
 130:Drivers/CMSIS/DSP/Include/arm_math.h ****    *
 131:Drivers/CMSIS/DSP/Include/arm_math.h ****    * Define macro ARM_MATH_ARMV8MBL for building the library on Armv8-M Baseline target, ARM_MATH_A
 132:Drivers/CMSIS/DSP/Include/arm_math.h ****    * on Armv8-M Mainline target.
 133:Drivers/CMSIS/DSP/Include/arm_math.h ****    *
 134:Drivers/CMSIS/DSP/Include/arm_math.h ****    * - __FPU_PRESENT:
 135:Drivers/CMSIS/DSP/Include/arm_math.h ****    *
 136:Drivers/CMSIS/DSP/Include/arm_math.h ****    * Initialize macro __FPU_PRESENT = 1 when building on FPU supported Targets. Enable this macro f
 137:Drivers/CMSIS/DSP/Include/arm_math.h ****    *
 138:Drivers/CMSIS/DSP/Include/arm_math.h ****    * - __DSP_PRESENT:
 139:Drivers/CMSIS/DSP/Include/arm_math.h ****    *
 140:Drivers/CMSIS/DSP/Include/arm_math.h ****    * Initialize macro __DSP_PRESENT = 1 when Armv8-M Mainline core supports DSP instructions.
 141:Drivers/CMSIS/DSP/Include/arm_math.h ****    *
 142:Drivers/CMSIS/DSP/Include/arm_math.h ****    * <hr>
ARM GAS  C:\Users\Lamp\AppData\Local\Temp\ccKy0DmU.s 			page 13


 143:Drivers/CMSIS/DSP/Include/arm_math.h ****    * CMSIS-DSP in ARM::CMSIS Pack
 144:Drivers/CMSIS/DSP/Include/arm_math.h ****    * -----------------------------
 145:Drivers/CMSIS/DSP/Include/arm_math.h ****    *
 146:Drivers/CMSIS/DSP/Include/arm_math.h ****    * The following files relevant to CMSIS-DSP are present in the <b>ARM::CMSIS</b> Pack directorie
 147:Drivers/CMSIS/DSP/Include/arm_math.h ****    * |File/Folder                   |Content                                                       
 148:Drivers/CMSIS/DSP/Include/arm_math.h ****    * |------------------------------|--------------------------------------------------------------
 149:Drivers/CMSIS/DSP/Include/arm_math.h ****    * |\b CMSIS\\Documentation\\DSP  | This documentation                                           
 150:Drivers/CMSIS/DSP/Include/arm_math.h ****    * |\b CMSIS\\DSP_Lib             | Software license agreement (license.txt)                     
 151:Drivers/CMSIS/DSP/Include/arm_math.h ****    * |\b CMSIS\\DSP_Lib\\Examples   | Example projects demonstrating the usage of the library funct
 152:Drivers/CMSIS/DSP/Include/arm_math.h ****    * |\b CMSIS\\DSP_Lib\\Source     | Source files for rebuilding the library                      
 153:Drivers/CMSIS/DSP/Include/arm_math.h ****    *
 154:Drivers/CMSIS/DSP/Include/arm_math.h ****    * <hr>
 155:Drivers/CMSIS/DSP/Include/arm_math.h ****    * Revision History of CMSIS-DSP
 156:Drivers/CMSIS/DSP/Include/arm_math.h ****    * ------------
 157:Drivers/CMSIS/DSP/Include/arm_math.h ****    * Please refer to \ref ChangeLog_pg.
 158:Drivers/CMSIS/DSP/Include/arm_math.h ****    *
 159:Drivers/CMSIS/DSP/Include/arm_math.h ****    * Copyright Notice
 160:Drivers/CMSIS/DSP/Include/arm_math.h ****    * ------------
 161:Drivers/CMSIS/DSP/Include/arm_math.h ****    *
 162:Drivers/CMSIS/DSP/Include/arm_math.h ****    * Copyright (C) 2010-2015 Arm Limited. All rights reserved.
 163:Drivers/CMSIS/DSP/Include/arm_math.h ****    */
 164:Drivers/CMSIS/DSP/Include/arm_math.h **** 
 165:Drivers/CMSIS/DSP/Include/arm_math.h **** 
 166:Drivers/CMSIS/DSP/Include/arm_math.h **** /**
 167:Drivers/CMSIS/DSP/Include/arm_math.h ****  * @defgroup groupMath Basic Math Functions
 168:Drivers/CMSIS/DSP/Include/arm_math.h ****  */
 169:Drivers/CMSIS/DSP/Include/arm_math.h **** 
 170:Drivers/CMSIS/DSP/Include/arm_math.h **** /**
 171:Drivers/CMSIS/DSP/Include/arm_math.h ****  * @defgroup groupFastMath Fast Math Functions
 172:Drivers/CMSIS/DSP/Include/arm_math.h ****  * This set of functions provides a fast approximation to sine, cosine, and square root.
 173:Drivers/CMSIS/DSP/Include/arm_math.h ****  * As compared to most of the other functions in the CMSIS math library, the fast math functions
 174:Drivers/CMSIS/DSP/Include/arm_math.h ****  * operate on individual values and not arrays.
 175:Drivers/CMSIS/DSP/Include/arm_math.h ****  * There are separate functions for Q15, Q31, and floating-point data.
 176:Drivers/CMSIS/DSP/Include/arm_math.h ****  *
 177:Drivers/CMSIS/DSP/Include/arm_math.h ****  */
 178:Drivers/CMSIS/DSP/Include/arm_math.h **** 
 179:Drivers/CMSIS/DSP/Include/arm_math.h **** /**
 180:Drivers/CMSIS/DSP/Include/arm_math.h ****  * @defgroup groupCmplxMath Complex Math Functions
 181:Drivers/CMSIS/DSP/Include/arm_math.h ****  * This set of functions operates on complex data vectors.
 182:Drivers/CMSIS/DSP/Include/arm_math.h ****  * The data in the complex arrays is stored in an interleaved fashion
 183:Drivers/CMSIS/DSP/Include/arm_math.h ****  * (real, imag, real, imag, ...).
 184:Drivers/CMSIS/DSP/Include/arm_math.h ****  * In the API functions, the number of samples in a complex array refers
 185:Drivers/CMSIS/DSP/Include/arm_math.h ****  * to the number of complex values; the array contains twice this number of
 186:Drivers/CMSIS/DSP/Include/arm_math.h ****  * real values.
 187:Drivers/CMSIS/DSP/Include/arm_math.h ****  */
 188:Drivers/CMSIS/DSP/Include/arm_math.h **** 
 189:Drivers/CMSIS/DSP/Include/arm_math.h **** /**
 190:Drivers/CMSIS/DSP/Include/arm_math.h ****  * @defgroup groupFilters Filtering Functions
 191:Drivers/CMSIS/DSP/Include/arm_math.h ****  */
 192:Drivers/CMSIS/DSP/Include/arm_math.h **** 
 193:Drivers/CMSIS/DSP/Include/arm_math.h **** /**
 194:Drivers/CMSIS/DSP/Include/arm_math.h ****  * @defgroup groupMatrix Matrix Functions
 195:Drivers/CMSIS/DSP/Include/arm_math.h ****  *
 196:Drivers/CMSIS/DSP/Include/arm_math.h ****  * This set of functions provides basic matrix math operations.
 197:Drivers/CMSIS/DSP/Include/arm_math.h ****  * The functions operate on matrix data structures.  For example,
 198:Drivers/CMSIS/DSP/Include/arm_math.h ****  * the type
 199:Drivers/CMSIS/DSP/Include/arm_math.h ****  * definition for the floating-point matrix structure is shown
ARM GAS  C:\Users\Lamp\AppData\Local\Temp\ccKy0DmU.s 			page 14


 200:Drivers/CMSIS/DSP/Include/arm_math.h ****  * below:
 201:Drivers/CMSIS/DSP/Include/arm_math.h ****  * <pre>
 202:Drivers/CMSIS/DSP/Include/arm_math.h ****  *     typedef struct
 203:Drivers/CMSIS/DSP/Include/arm_math.h ****  *     {
 204:Drivers/CMSIS/DSP/Include/arm_math.h ****  *       uint16_t numRows;     // number of rows of the matrix.
 205:Drivers/CMSIS/DSP/Include/arm_math.h ****  *       uint16_t numCols;     // number of columns of the matrix.
 206:Drivers/CMSIS/DSP/Include/arm_math.h ****  *       float32_t *pData;     // points to the data of the matrix.
 207:Drivers/CMSIS/DSP/Include/arm_math.h ****  *     } arm_matrix_instance_f32;
 208:Drivers/CMSIS/DSP/Include/arm_math.h ****  * </pre>
 209:Drivers/CMSIS/DSP/Include/arm_math.h ****  * There are similar definitions for Q15 and Q31 data types.
 210:Drivers/CMSIS/DSP/Include/arm_math.h ****  *
 211:Drivers/CMSIS/DSP/Include/arm_math.h ****  * The structure specifies the size of the matrix and then points to
 212:Drivers/CMSIS/DSP/Include/arm_math.h ****  * an array of data.  The array is of size <code>numRows X numCols</code>
 213:Drivers/CMSIS/DSP/Include/arm_math.h ****  * and the values are arranged in row order.  That is, the
 214:Drivers/CMSIS/DSP/Include/arm_math.h ****  * matrix element (i, j) is stored at:
 215:Drivers/CMSIS/DSP/Include/arm_math.h ****  * <pre>
 216:Drivers/CMSIS/DSP/Include/arm_math.h ****  *     pData[i*numCols + j]
 217:Drivers/CMSIS/DSP/Include/arm_math.h ****  * </pre>
 218:Drivers/CMSIS/DSP/Include/arm_math.h ****  *
 219:Drivers/CMSIS/DSP/Include/arm_math.h ****  * \par Init Functions
 220:Drivers/CMSIS/DSP/Include/arm_math.h ****  * There is an associated initialization function for each type of matrix
 221:Drivers/CMSIS/DSP/Include/arm_math.h ****  * data structure.
 222:Drivers/CMSIS/DSP/Include/arm_math.h ****  * The initialization function sets the values of the internal structure fields.
 223:Drivers/CMSIS/DSP/Include/arm_math.h ****  * Refer to the function <code>arm_mat_init_f32()</code>, <code>arm_mat_init_q31()</code>
 224:Drivers/CMSIS/DSP/Include/arm_math.h ****  * and <code>arm_mat_init_q15()</code> for floating-point, Q31 and Q15 types,  respectively.
 225:Drivers/CMSIS/DSP/Include/arm_math.h ****  *
 226:Drivers/CMSIS/DSP/Include/arm_math.h ****  * \par
 227:Drivers/CMSIS/DSP/Include/arm_math.h ****  * Use of the initialization function is optional. However, if initialization function is used
 228:Drivers/CMSIS/DSP/Include/arm_math.h ****  * then the instance structure cannot be placed into a const data section.
 229:Drivers/CMSIS/DSP/Include/arm_math.h ****  * To place the instance structure in a const data
 230:Drivers/CMSIS/DSP/Include/arm_math.h ****  * section, manually initialize the data structure.  For example:
 231:Drivers/CMSIS/DSP/Include/arm_math.h ****  * <pre>
 232:Drivers/CMSIS/DSP/Include/arm_math.h ****  * <code>arm_matrix_instance_f32 S = {nRows, nColumns, pData};</code>
 233:Drivers/CMSIS/DSP/Include/arm_math.h ****  * <code>arm_matrix_instance_q31 S = {nRows, nColumns, pData};</code>
 234:Drivers/CMSIS/DSP/Include/arm_math.h ****  * <code>arm_matrix_instance_q15 S = {nRows, nColumns, pData};</code>
 235:Drivers/CMSIS/DSP/Include/arm_math.h ****  * </pre>
 236:Drivers/CMSIS/DSP/Include/arm_math.h ****  * where <code>nRows</code> specifies the number of rows, <code>nColumns</code>
 237:Drivers/CMSIS/DSP/Include/arm_math.h ****  * specifies the number of columns, and <code>pData</code> points to the
 238:Drivers/CMSIS/DSP/Include/arm_math.h ****  * data array.
 239:Drivers/CMSIS/DSP/Include/arm_math.h ****  *
 240:Drivers/CMSIS/DSP/Include/arm_math.h ****  * \par Size Checking
 241:Drivers/CMSIS/DSP/Include/arm_math.h ****  * By default all of the matrix functions perform size checking on the input and
 242:Drivers/CMSIS/DSP/Include/arm_math.h ****  * output matrices. For example, the matrix addition function verifies that the
 243:Drivers/CMSIS/DSP/Include/arm_math.h ****  * two input matrices and the output matrix all have the same number of rows and
 244:Drivers/CMSIS/DSP/Include/arm_math.h ****  * columns. If the size check fails the functions return:
 245:Drivers/CMSIS/DSP/Include/arm_math.h ****  * <pre>
 246:Drivers/CMSIS/DSP/Include/arm_math.h ****  *     ARM_MATH_SIZE_MISMATCH
 247:Drivers/CMSIS/DSP/Include/arm_math.h ****  * </pre>
 248:Drivers/CMSIS/DSP/Include/arm_math.h ****  * Otherwise the functions return
 249:Drivers/CMSIS/DSP/Include/arm_math.h ****  * <pre>
 250:Drivers/CMSIS/DSP/Include/arm_math.h ****  *     ARM_MATH_SUCCESS
 251:Drivers/CMSIS/DSP/Include/arm_math.h ****  * </pre>
 252:Drivers/CMSIS/DSP/Include/arm_math.h ****  * There is some overhead associated with this matrix size checking.
 253:Drivers/CMSIS/DSP/Include/arm_math.h ****  * The matrix size checking is enabled via the \#define
 254:Drivers/CMSIS/DSP/Include/arm_math.h ****  * <pre>
 255:Drivers/CMSIS/DSP/Include/arm_math.h ****  *     ARM_MATH_MATRIX_CHECK
 256:Drivers/CMSIS/DSP/Include/arm_math.h ****  * </pre>
ARM GAS  C:\Users\Lamp\AppData\Local\Temp\ccKy0DmU.s 			page 15


 257:Drivers/CMSIS/DSP/Include/arm_math.h ****  * within the library project settings.  By default this macro is defined
 258:Drivers/CMSIS/DSP/Include/arm_math.h ****  * and size checking is enabled. By changing the project settings and
 259:Drivers/CMSIS/DSP/Include/arm_math.h ****  * undefining this macro size checking is eliminated and the functions
 260:Drivers/CMSIS/DSP/Include/arm_math.h ****  * run a bit faster. With size checking disabled the functions always
 261:Drivers/CMSIS/DSP/Include/arm_math.h ****  * return <code>ARM_MATH_SUCCESS</code>.
 262:Drivers/CMSIS/DSP/Include/arm_math.h ****  */
 263:Drivers/CMSIS/DSP/Include/arm_math.h **** 
 264:Drivers/CMSIS/DSP/Include/arm_math.h **** /**
 265:Drivers/CMSIS/DSP/Include/arm_math.h ****  * @defgroup groupTransforms Transform Functions
 266:Drivers/CMSIS/DSP/Include/arm_math.h ****  */
 267:Drivers/CMSIS/DSP/Include/arm_math.h **** 
 268:Drivers/CMSIS/DSP/Include/arm_math.h **** /**
 269:Drivers/CMSIS/DSP/Include/arm_math.h ****  * @defgroup groupController Controller Functions
 270:Drivers/CMSIS/DSP/Include/arm_math.h ****  */
 271:Drivers/CMSIS/DSP/Include/arm_math.h **** 
 272:Drivers/CMSIS/DSP/Include/arm_math.h **** /**
 273:Drivers/CMSIS/DSP/Include/arm_math.h ****  * @defgroup groupStats Statistics Functions
 274:Drivers/CMSIS/DSP/Include/arm_math.h ****  */
 275:Drivers/CMSIS/DSP/Include/arm_math.h **** /**
 276:Drivers/CMSIS/DSP/Include/arm_math.h ****  * @defgroup groupSupport Support Functions
 277:Drivers/CMSIS/DSP/Include/arm_math.h ****  */
 278:Drivers/CMSIS/DSP/Include/arm_math.h **** 
 279:Drivers/CMSIS/DSP/Include/arm_math.h **** /**
 280:Drivers/CMSIS/DSP/Include/arm_math.h ****  * @defgroup groupInterpolation Interpolation Functions
 281:Drivers/CMSIS/DSP/Include/arm_math.h ****  * These functions perform 1- and 2-dimensional interpolation of data.
 282:Drivers/CMSIS/DSP/Include/arm_math.h ****  * Linear interpolation is used for 1-dimensional data and
 283:Drivers/CMSIS/DSP/Include/arm_math.h ****  * bilinear interpolation is used for 2-dimensional data.
 284:Drivers/CMSIS/DSP/Include/arm_math.h ****  */
 285:Drivers/CMSIS/DSP/Include/arm_math.h **** 
 286:Drivers/CMSIS/DSP/Include/arm_math.h **** /**
 287:Drivers/CMSIS/DSP/Include/arm_math.h ****  * @defgroup groupExamples Examples
 288:Drivers/CMSIS/DSP/Include/arm_math.h ****  */
 289:Drivers/CMSIS/DSP/Include/arm_math.h **** #ifndef _ARM_MATH_H
 290:Drivers/CMSIS/DSP/Include/arm_math.h **** #define _ARM_MATH_H
 291:Drivers/CMSIS/DSP/Include/arm_math.h **** 
 292:Drivers/CMSIS/DSP/Include/arm_math.h **** /* Compiler specific diagnostic adjustment */
 293:Drivers/CMSIS/DSP/Include/arm_math.h **** #if   defined ( __CC_ARM )
 294:Drivers/CMSIS/DSP/Include/arm_math.h **** 
 295:Drivers/CMSIS/DSP/Include/arm_math.h **** #elif defined ( __ARMCC_VERSION ) && ( __ARMCC_VERSION >= 6010050 )
 296:Drivers/CMSIS/DSP/Include/arm_math.h **** 
 297:Drivers/CMSIS/DSP/Include/arm_math.h **** #elif defined ( __GNUC__ )
 298:Drivers/CMSIS/DSP/Include/arm_math.h **** #pragma GCC diagnostic push
 299:Drivers/CMSIS/DSP/Include/arm_math.h **** #pragma GCC diagnostic ignored "-Wsign-conversion"
 300:Drivers/CMSIS/DSP/Include/arm_math.h **** #pragma GCC diagnostic ignored "-Wconversion"
 301:Drivers/CMSIS/DSP/Include/arm_math.h **** #pragma GCC diagnostic ignored "-Wunused-parameter"
 302:Drivers/CMSIS/DSP/Include/arm_math.h **** 
 303:Drivers/CMSIS/DSP/Include/arm_math.h **** #elif defined ( __ICCARM__ )
 304:Drivers/CMSIS/DSP/Include/arm_math.h **** 
 305:Drivers/CMSIS/DSP/Include/arm_math.h **** #elif defined ( __TI_ARM__ )
 306:Drivers/CMSIS/DSP/Include/arm_math.h **** 
 307:Drivers/CMSIS/DSP/Include/arm_math.h **** #elif defined ( __CSMC__ )
 308:Drivers/CMSIS/DSP/Include/arm_math.h **** 
 309:Drivers/CMSIS/DSP/Include/arm_math.h **** #elif defined ( __TASKING__ )
 310:Drivers/CMSIS/DSP/Include/arm_math.h **** 
 311:Drivers/CMSIS/DSP/Include/arm_math.h **** #else
 312:Drivers/CMSIS/DSP/Include/arm_math.h ****   #error Unknown compiler
 313:Drivers/CMSIS/DSP/Include/arm_math.h **** #endif
ARM GAS  C:\Users\Lamp\AppData\Local\Temp\ccKy0DmU.s 			page 16


 314:Drivers/CMSIS/DSP/Include/arm_math.h **** 
 315:Drivers/CMSIS/DSP/Include/arm_math.h **** 
 316:Drivers/CMSIS/DSP/Include/arm_math.h **** #define __CMSIS_GENERIC         /* disable NVIC and Systick functions */
 317:Drivers/CMSIS/DSP/Include/arm_math.h **** 
 318:Drivers/CMSIS/DSP/Include/arm_math.h **** #if defined(ARM_MATH_CM7)
 319:Drivers/CMSIS/DSP/Include/arm_math.h ****   #include "core_cm7.h"
 320:Drivers/CMSIS/DSP/Include/arm_math.h ****   #define ARM_MATH_DSP
 321:Drivers/CMSIS/DSP/Include/arm_math.h **** #elif defined (ARM_MATH_CM4)
 322:Drivers/CMSIS/DSP/Include/arm_math.h ****   #include "core_cm4.h"
 323:Drivers/CMSIS/DSP/Include/arm_math.h ****   #define ARM_MATH_DSP
 324:Drivers/CMSIS/DSP/Include/arm_math.h **** #elif defined (ARM_MATH_CM3)
 325:Drivers/CMSIS/DSP/Include/arm_math.h ****   #include "core_cm3.h"
 326:Drivers/CMSIS/DSP/Include/arm_math.h **** #elif defined (ARM_MATH_CM0)
 327:Drivers/CMSIS/DSP/Include/arm_math.h ****   #include "core_cm0.h"
 328:Drivers/CMSIS/DSP/Include/arm_math.h ****   #define ARM_MATH_CM0_FAMILY
 329:Drivers/CMSIS/DSP/Include/arm_math.h **** #elif defined (ARM_MATH_CM0PLUS)
 330:Drivers/CMSIS/DSP/Include/arm_math.h ****   #include "core_cm0plus.h"
 331:Drivers/CMSIS/DSP/Include/arm_math.h ****   #define ARM_MATH_CM0_FAMILY
 332:Drivers/CMSIS/DSP/Include/arm_math.h **** #elif defined (ARM_MATH_ARMV8MBL)
 333:Drivers/CMSIS/DSP/Include/arm_math.h ****   #include "core_armv8mbl.h"
 334:Drivers/CMSIS/DSP/Include/arm_math.h ****   #define ARM_MATH_CM0_FAMILY
 335:Drivers/CMSIS/DSP/Include/arm_math.h **** #elif defined (ARM_MATH_ARMV8MML)
 336:Drivers/CMSIS/DSP/Include/arm_math.h ****   #include "core_armv8mml.h"
 337:Drivers/CMSIS/DSP/Include/arm_math.h ****   #if (defined (__DSP_PRESENT) && (__DSP_PRESENT == 1))
 338:Drivers/CMSIS/DSP/Include/arm_math.h ****     #define ARM_MATH_DSP
 339:Drivers/CMSIS/DSP/Include/arm_math.h ****   #endif
 340:Drivers/CMSIS/DSP/Include/arm_math.h **** #else
 341:Drivers/CMSIS/DSP/Include/arm_math.h ****   #error "Define according the used Cortex core ARM_MATH_CM7, ARM_MATH_CM4, ARM_MATH_CM3, ARM_MATH_
 342:Drivers/CMSIS/DSP/Include/arm_math.h **** #endif
 343:Drivers/CMSIS/DSP/Include/arm_math.h **** 
 344:Drivers/CMSIS/DSP/Include/arm_math.h **** #undef  __CMSIS_GENERIC         /* enable NVIC and Systick functions */
 345:Drivers/CMSIS/DSP/Include/arm_math.h **** #include "string.h"
 346:Drivers/CMSIS/DSP/Include/arm_math.h **** #include "math.h"
 347:Drivers/CMSIS/DSP/Include/arm_math.h **** #ifdef   __cplusplus
 348:Drivers/CMSIS/DSP/Include/arm_math.h **** extern "C"
 349:Drivers/CMSIS/DSP/Include/arm_math.h **** {
 350:Drivers/CMSIS/DSP/Include/arm_math.h **** #endif
 351:Drivers/CMSIS/DSP/Include/arm_math.h **** 
 352:Drivers/CMSIS/DSP/Include/arm_math.h **** 
 353:Drivers/CMSIS/DSP/Include/arm_math.h ****   /**
 354:Drivers/CMSIS/DSP/Include/arm_math.h ****    * @brief Macros required for reciprocal calculation in Normalized LMS
 355:Drivers/CMSIS/DSP/Include/arm_math.h ****    */
 356:Drivers/CMSIS/DSP/Include/arm_math.h **** 
 357:Drivers/CMSIS/DSP/Include/arm_math.h **** #define DELTA_Q31          (0x100)
 358:Drivers/CMSIS/DSP/Include/arm_math.h **** #define DELTA_Q15          0x5
 359:Drivers/CMSIS/DSP/Include/arm_math.h **** #define INDEX_MASK         0x0000003F
 360:Drivers/CMSIS/DSP/Include/arm_math.h **** #ifndef PI
 361:Drivers/CMSIS/DSP/Include/arm_math.h ****   #define PI               3.14159265358979f
 362:Drivers/CMSIS/DSP/Include/arm_math.h **** #endif
 363:Drivers/CMSIS/DSP/Include/arm_math.h **** 
 364:Drivers/CMSIS/DSP/Include/arm_math.h ****   /**
 365:Drivers/CMSIS/DSP/Include/arm_math.h ****    * @brief Macros required for SINE and COSINE Fast math approximations
 366:Drivers/CMSIS/DSP/Include/arm_math.h ****    */
 367:Drivers/CMSIS/DSP/Include/arm_math.h **** 
 368:Drivers/CMSIS/DSP/Include/arm_math.h **** #define FAST_MATH_TABLE_SIZE  512
 369:Drivers/CMSIS/DSP/Include/arm_math.h **** #define FAST_MATH_Q31_SHIFT   (32 - 10)
 370:Drivers/CMSIS/DSP/Include/arm_math.h **** #define FAST_MATH_Q15_SHIFT   (16 - 10)
ARM GAS  C:\Users\Lamp\AppData\Local\Temp\ccKy0DmU.s 			page 17


 371:Drivers/CMSIS/DSP/Include/arm_math.h **** #define CONTROLLER_Q31_SHIFT  (32 - 9)
 372:Drivers/CMSIS/DSP/Include/arm_math.h **** #define TABLE_SPACING_Q31     0x400000
 373:Drivers/CMSIS/DSP/Include/arm_math.h **** #define TABLE_SPACING_Q15     0x80
 374:Drivers/CMSIS/DSP/Include/arm_math.h **** 
 375:Drivers/CMSIS/DSP/Include/arm_math.h ****   /**
 376:Drivers/CMSIS/DSP/Include/arm_math.h ****    * @brief Macros required for SINE and COSINE Controller functions
 377:Drivers/CMSIS/DSP/Include/arm_math.h ****    */
 378:Drivers/CMSIS/DSP/Include/arm_math.h ****   /* 1.31(q31) Fixed value of 2/360 */
 379:Drivers/CMSIS/DSP/Include/arm_math.h ****   /* -1 to +1 is divided into 360 values so total spacing is (2/360) */
 380:Drivers/CMSIS/DSP/Include/arm_math.h **** #define INPUT_SPACING         0xB60B61
 381:Drivers/CMSIS/DSP/Include/arm_math.h **** 
 382:Drivers/CMSIS/DSP/Include/arm_math.h ****   /**
 383:Drivers/CMSIS/DSP/Include/arm_math.h ****    * @brief Macro for Unaligned Support
 384:Drivers/CMSIS/DSP/Include/arm_math.h ****    */
 385:Drivers/CMSIS/DSP/Include/arm_math.h **** #ifndef UNALIGNED_SUPPORT_DISABLE
 386:Drivers/CMSIS/DSP/Include/arm_math.h ****     #define ALIGN4
 387:Drivers/CMSIS/DSP/Include/arm_math.h **** #else
 388:Drivers/CMSIS/DSP/Include/arm_math.h ****   #if defined  (__GNUC__)
 389:Drivers/CMSIS/DSP/Include/arm_math.h ****     #define ALIGN4 __attribute__((aligned(4)))
 390:Drivers/CMSIS/DSP/Include/arm_math.h ****   #else
 391:Drivers/CMSIS/DSP/Include/arm_math.h ****     #define ALIGN4 __align(4)
 392:Drivers/CMSIS/DSP/Include/arm_math.h ****   #endif
 393:Drivers/CMSIS/DSP/Include/arm_math.h **** #endif   /* #ifndef UNALIGNED_SUPPORT_DISABLE */
 394:Drivers/CMSIS/DSP/Include/arm_math.h **** 
 395:Drivers/CMSIS/DSP/Include/arm_math.h ****   /**
 396:Drivers/CMSIS/DSP/Include/arm_math.h ****    * @brief Error status returned by some functions in the library.
 397:Drivers/CMSIS/DSP/Include/arm_math.h ****    */
 398:Drivers/CMSIS/DSP/Include/arm_math.h **** 
 399:Drivers/CMSIS/DSP/Include/arm_math.h ****   typedef enum
 400:Drivers/CMSIS/DSP/Include/arm_math.h ****   {
 401:Drivers/CMSIS/DSP/Include/arm_math.h ****     ARM_MATH_SUCCESS = 0,                /**< No error */
 402:Drivers/CMSIS/DSP/Include/arm_math.h ****     ARM_MATH_ARGUMENT_ERROR = -1,        /**< One or more arguments are incorrect */
 403:Drivers/CMSIS/DSP/Include/arm_math.h ****     ARM_MATH_LENGTH_ERROR = -2,          /**< Length of data buffer is incorrect */
 404:Drivers/CMSIS/DSP/Include/arm_math.h ****     ARM_MATH_SIZE_MISMATCH = -3,         /**< Size of matrices is not compatible with the operation
 405:Drivers/CMSIS/DSP/Include/arm_math.h ****     ARM_MATH_NANINF = -4,                /**< Not-a-number (NaN) or infinity is generated */
 406:Drivers/CMSIS/DSP/Include/arm_math.h ****     ARM_MATH_SINGULAR = -5,              /**< Generated by matrix inversion if the input matrix is 
 407:Drivers/CMSIS/DSP/Include/arm_math.h ****     ARM_MATH_TEST_FAILURE = -6           /**< Test Failed  */
 408:Drivers/CMSIS/DSP/Include/arm_math.h ****   } arm_status;
 409:Drivers/CMSIS/DSP/Include/arm_math.h **** 
 410:Drivers/CMSIS/DSP/Include/arm_math.h ****   /**
 411:Drivers/CMSIS/DSP/Include/arm_math.h ****    * @brief 8-bit fractional data type in 1.7 format.
 412:Drivers/CMSIS/DSP/Include/arm_math.h ****    */
 413:Drivers/CMSIS/DSP/Include/arm_math.h ****   typedef int8_t q7_t;
 414:Drivers/CMSIS/DSP/Include/arm_math.h **** 
 415:Drivers/CMSIS/DSP/Include/arm_math.h ****   /**
 416:Drivers/CMSIS/DSP/Include/arm_math.h ****    * @brief 16-bit fractional data type in 1.15 format.
 417:Drivers/CMSIS/DSP/Include/arm_math.h ****    */
 418:Drivers/CMSIS/DSP/Include/arm_math.h ****   typedef int16_t q15_t;
 419:Drivers/CMSIS/DSP/Include/arm_math.h **** 
 420:Drivers/CMSIS/DSP/Include/arm_math.h ****   /**
 421:Drivers/CMSIS/DSP/Include/arm_math.h ****    * @brief 32-bit fractional data type in 1.31 format.
 422:Drivers/CMSIS/DSP/Include/arm_math.h ****    */
 423:Drivers/CMSIS/DSP/Include/arm_math.h ****   typedef int32_t q31_t;
 424:Drivers/CMSIS/DSP/Include/arm_math.h **** 
 425:Drivers/CMSIS/DSP/Include/arm_math.h ****   /**
 426:Drivers/CMSIS/DSP/Include/arm_math.h ****    * @brief 64-bit fractional data type in 1.63 format.
 427:Drivers/CMSIS/DSP/Include/arm_math.h ****    */
ARM GAS  C:\Users\Lamp\AppData\Local\Temp\ccKy0DmU.s 			page 18


 428:Drivers/CMSIS/DSP/Include/arm_math.h ****   typedef int64_t q63_t;
 429:Drivers/CMSIS/DSP/Include/arm_math.h **** 
 430:Drivers/CMSIS/DSP/Include/arm_math.h ****   /**
 431:Drivers/CMSIS/DSP/Include/arm_math.h ****    * @brief 32-bit floating-point type definition.
 432:Drivers/CMSIS/DSP/Include/arm_math.h ****    */
 433:Drivers/CMSIS/DSP/Include/arm_math.h ****   typedef float float32_t;
 434:Drivers/CMSIS/DSP/Include/arm_math.h **** 
 435:Drivers/CMSIS/DSP/Include/arm_math.h ****   /**
 436:Drivers/CMSIS/DSP/Include/arm_math.h ****    * @brief 64-bit floating-point type definition.
 437:Drivers/CMSIS/DSP/Include/arm_math.h ****    */
 438:Drivers/CMSIS/DSP/Include/arm_math.h ****   typedef double float64_t;
 439:Drivers/CMSIS/DSP/Include/arm_math.h **** 
 440:Drivers/CMSIS/DSP/Include/arm_math.h ****   /**
 441:Drivers/CMSIS/DSP/Include/arm_math.h ****    * @brief definition to read/write two 16 bit values.
 442:Drivers/CMSIS/DSP/Include/arm_math.h ****    */
 443:Drivers/CMSIS/DSP/Include/arm_math.h **** #if   defined ( __CC_ARM )
 444:Drivers/CMSIS/DSP/Include/arm_math.h ****   #define __SIMD32_TYPE int32_t __packed
 445:Drivers/CMSIS/DSP/Include/arm_math.h ****   #define CMSIS_UNUSED __attribute__((unused))
 446:Drivers/CMSIS/DSP/Include/arm_math.h ****   #define CMSIS_INLINE __attribute__((always_inline))
 447:Drivers/CMSIS/DSP/Include/arm_math.h **** 
 448:Drivers/CMSIS/DSP/Include/arm_math.h **** #elif defined ( __ARMCC_VERSION ) && ( __ARMCC_VERSION >= 6010050 )
 449:Drivers/CMSIS/DSP/Include/arm_math.h ****   #define __SIMD32_TYPE int32_t
 450:Drivers/CMSIS/DSP/Include/arm_math.h ****   #define CMSIS_UNUSED __attribute__((unused))
 451:Drivers/CMSIS/DSP/Include/arm_math.h ****   #define CMSIS_INLINE __attribute__((always_inline))
 452:Drivers/CMSIS/DSP/Include/arm_math.h **** 
 453:Drivers/CMSIS/DSP/Include/arm_math.h **** #elif defined ( __GNUC__ )
 454:Drivers/CMSIS/DSP/Include/arm_math.h ****   #define __SIMD32_TYPE int32_t
 455:Drivers/CMSIS/DSP/Include/arm_math.h ****   #define CMSIS_UNUSED __attribute__((unused))
 456:Drivers/CMSIS/DSP/Include/arm_math.h ****   #define CMSIS_INLINE __attribute__((always_inline))
 457:Drivers/CMSIS/DSP/Include/arm_math.h **** 
 458:Drivers/CMSIS/DSP/Include/arm_math.h **** #elif defined ( __ICCARM__ )
 459:Drivers/CMSIS/DSP/Include/arm_math.h ****   #define __SIMD32_TYPE int32_t __packed
 460:Drivers/CMSIS/DSP/Include/arm_math.h ****   #define CMSIS_UNUSED
 461:Drivers/CMSIS/DSP/Include/arm_math.h ****   #define CMSIS_INLINE
 462:Drivers/CMSIS/DSP/Include/arm_math.h **** 
 463:Drivers/CMSIS/DSP/Include/arm_math.h **** #elif defined ( __TI_ARM__ )
 464:Drivers/CMSIS/DSP/Include/arm_math.h ****   #define __SIMD32_TYPE int32_t
 465:Drivers/CMSIS/DSP/Include/arm_math.h ****   #define CMSIS_UNUSED __attribute__((unused))
 466:Drivers/CMSIS/DSP/Include/arm_math.h ****   #define CMSIS_INLINE
 467:Drivers/CMSIS/DSP/Include/arm_math.h **** 
 468:Drivers/CMSIS/DSP/Include/arm_math.h **** #elif defined ( __CSMC__ )
 469:Drivers/CMSIS/DSP/Include/arm_math.h ****   #define __SIMD32_TYPE int32_t
 470:Drivers/CMSIS/DSP/Include/arm_math.h ****   #define CMSIS_UNUSED
 471:Drivers/CMSIS/DSP/Include/arm_math.h ****   #define CMSIS_INLINE
 472:Drivers/CMSIS/DSP/Include/arm_math.h **** 
 473:Drivers/CMSIS/DSP/Include/arm_math.h **** #elif defined ( __TASKING__ )
 474:Drivers/CMSIS/DSP/Include/arm_math.h ****   #define __SIMD32_TYPE __unaligned int32_t
 475:Drivers/CMSIS/DSP/Include/arm_math.h ****   #define CMSIS_UNUSED
 476:Drivers/CMSIS/DSP/Include/arm_math.h ****   #define CMSIS_INLINE
 477:Drivers/CMSIS/DSP/Include/arm_math.h **** 
 478:Drivers/CMSIS/DSP/Include/arm_math.h **** #else
 479:Drivers/CMSIS/DSP/Include/arm_math.h ****   #error Unknown compiler
 480:Drivers/CMSIS/DSP/Include/arm_math.h **** #endif
 481:Drivers/CMSIS/DSP/Include/arm_math.h **** 
 482:Drivers/CMSIS/DSP/Include/arm_math.h **** #define __SIMD32(addr)        (*(__SIMD32_TYPE **) & (addr))
 483:Drivers/CMSIS/DSP/Include/arm_math.h **** #define __SIMD32_CONST(addr)  ((__SIMD32_TYPE *)(addr))
 484:Drivers/CMSIS/DSP/Include/arm_math.h **** #define _SIMD32_OFFSET(addr)  (*(__SIMD32_TYPE *)  (addr))
ARM GAS  C:\Users\Lamp\AppData\Local\Temp\ccKy0DmU.s 			page 19


 485:Drivers/CMSIS/DSP/Include/arm_math.h **** #define __SIMD64(addr)        (*(int64_t **) & (addr))
 486:Drivers/CMSIS/DSP/Include/arm_math.h **** 
 487:Drivers/CMSIS/DSP/Include/arm_math.h **** #if !defined (ARM_MATH_DSP)
 488:Drivers/CMSIS/DSP/Include/arm_math.h ****   /**
 489:Drivers/CMSIS/DSP/Include/arm_math.h ****    * @brief definition to pack two 16 bit values.
 490:Drivers/CMSIS/DSP/Include/arm_math.h ****    */
 491:Drivers/CMSIS/DSP/Include/arm_math.h **** #define __PKHBT(ARG1, ARG2, ARG3) ( (((int32_t)(ARG1) <<    0) & (int32_t)0x0000FFFF) | \
 492:Drivers/CMSIS/DSP/Include/arm_math.h ****                                     (((int32_t)(ARG2) << ARG3) & (int32_t)0xFFFF0000)  )
 493:Drivers/CMSIS/DSP/Include/arm_math.h **** #define __PKHTB(ARG1, ARG2, ARG3) ( (((int32_t)(ARG1) <<    0) & (int32_t)0xFFFF0000) | \
 494:Drivers/CMSIS/DSP/Include/arm_math.h ****                                     (((int32_t)(ARG2) >> ARG3) & (int32_t)0x0000FFFF)  )
 495:Drivers/CMSIS/DSP/Include/arm_math.h **** 
 496:Drivers/CMSIS/DSP/Include/arm_math.h **** #endif /* !defined (ARM_MATH_DSP) */
 497:Drivers/CMSIS/DSP/Include/arm_math.h **** 
 498:Drivers/CMSIS/DSP/Include/arm_math.h ****    /**
 499:Drivers/CMSIS/DSP/Include/arm_math.h ****    * @brief definition to pack four 8 bit values.
 500:Drivers/CMSIS/DSP/Include/arm_math.h ****    */
 501:Drivers/CMSIS/DSP/Include/arm_math.h **** #ifndef ARM_MATH_BIG_ENDIAN
 502:Drivers/CMSIS/DSP/Include/arm_math.h **** 
 503:Drivers/CMSIS/DSP/Include/arm_math.h **** #define __PACKq7(v0,v1,v2,v3) ( (((int32_t)(v0) <<  0) & (int32_t)0x000000FF) | \
 504:Drivers/CMSIS/DSP/Include/arm_math.h ****                                 (((int32_t)(v1) <<  8) & (int32_t)0x0000FF00) | \
 505:Drivers/CMSIS/DSP/Include/arm_math.h ****                                 (((int32_t)(v2) << 16) & (int32_t)0x00FF0000) | \
 506:Drivers/CMSIS/DSP/Include/arm_math.h ****                                 (((int32_t)(v3) << 24) & (int32_t)0xFF000000)  )
 507:Drivers/CMSIS/DSP/Include/arm_math.h **** #else
 508:Drivers/CMSIS/DSP/Include/arm_math.h **** 
 509:Drivers/CMSIS/DSP/Include/arm_math.h **** #define __PACKq7(v0,v1,v2,v3) ( (((int32_t)(v3) <<  0) & (int32_t)0x000000FF) | \
 510:Drivers/CMSIS/DSP/Include/arm_math.h ****                                 (((int32_t)(v2) <<  8) & (int32_t)0x0000FF00) | \
 511:Drivers/CMSIS/DSP/Include/arm_math.h ****                                 (((int32_t)(v1) << 16) & (int32_t)0x00FF0000) | \
 512:Drivers/CMSIS/DSP/Include/arm_math.h ****                                 (((int32_t)(v0) << 24) & (int32_t)0xFF000000)  )
 513:Drivers/CMSIS/DSP/Include/arm_math.h **** 
 514:Drivers/CMSIS/DSP/Include/arm_math.h **** #endif
 515:Drivers/CMSIS/DSP/Include/arm_math.h **** 
 516:Drivers/CMSIS/DSP/Include/arm_math.h **** 
 517:Drivers/CMSIS/DSP/Include/arm_math.h ****   /**
 518:Drivers/CMSIS/DSP/Include/arm_math.h ****    * @brief Clips Q63 to Q31 values.
 519:Drivers/CMSIS/DSP/Include/arm_math.h ****    */
 520:Drivers/CMSIS/DSP/Include/arm_math.h ****   CMSIS_INLINE __STATIC_INLINE q31_t clip_q63_to_q31(
 521:Drivers/CMSIS/DSP/Include/arm_math.h ****   q63_t x)
 522:Drivers/CMSIS/DSP/Include/arm_math.h ****   {
 523:Drivers/CMSIS/DSP/Include/arm_math.h ****     return ((q31_t) (x >> 32) != ((q31_t) x >> 31)) ?
 524:Drivers/CMSIS/DSP/Include/arm_math.h ****       ((0x7FFFFFFF ^ ((q31_t) (x >> 63)))) : (q31_t) x;
 222              		.loc 2 524 44 discriminator 1 view .LVU73
 223 00ba 6FF0004B 		mvn	fp, #-2147483648
 224 00be 8BEAE57B 		eor	fp, fp, r5, asr #31
 225              	.L6:
 226              	.LVL35:
 227              		.loc 2 524 44 discriminator 1 view .LVU74
 228              	.LBE5:
 229              	.LBE4:
 318:Drivers/CMSIS/DSP/Source/FilteringFunctions/arm_lms_q31.c ****     {
 319:Drivers/CMSIS/DSP/Source/FilteringFunctions/arm_lms_q31.c ****       /* Perform the multiply-accumulate */
 320:Drivers/CMSIS/DSP/Source/FilteringFunctions/arm_lms_q31.c ****       coef = (q31_t) (((q63_t) alpha * (*px++)) >> (32));
 321:Drivers/CMSIS/DSP/Source/FilteringFunctions/arm_lms_q31.c ****       *pb = clip_q63_to_q31((q63_t) * pb + (coef << 1U));
 230              		.loc 1 321 11 discriminator 1 view .LVU75
 231 00c2 46F804BB 		str	fp, [r6], #4
 232              	.LVL36:
 322:Drivers/CMSIS/DSP/Source/FilteringFunctions/arm_lms_q31.c ****       pb++;
 233              		.loc 1 322 7 is_stmt 1 view .LVU76
ARM GAS  C:\Users\Lamp\AppData\Local\Temp\ccKy0DmU.s 			page 20


 323:Drivers/CMSIS/DSP/Source/FilteringFunctions/arm_lms_q31.c **** 
 324:Drivers/CMSIS/DSP/Source/FilteringFunctions/arm_lms_q31.c ****       /* Decrement the loop counter */
 325:Drivers/CMSIS/DSP/Source/FilteringFunctions/arm_lms_q31.c ****       tapCnt--;
 234              		.loc 1 325 7 view .LVU77
 235              		.loc 1 325 13 is_stmt 0 view .LVU78
 236 00c6 013C     		subs	r4, r4, #1
 237              	.LVL37:
 238              	.L5:
 317:Drivers/CMSIS/DSP/Source/FilteringFunctions/arm_lms_q31.c ****     {
 239              		.loc 1 317 19 is_stmt 1 view .LVU79
 240 00c8 E4B1     		cbz	r4, .L12
 320:Drivers/CMSIS/DSP/Source/FilteringFunctions/arm_lms_q31.c ****       *pb = clip_q63_to_q31((q63_t) * pb + (coef << 1U));
 241              		.loc 1 320 7 view .LVU80
 320:Drivers/CMSIS/DSP/Source/FilteringFunctions/arm_lms_q31.c ****       *pb = clip_q63_to_q31((q63_t) * pb + (coef << 1U));
 242              		.loc 1 320 24 is_stmt 0 view .LVU81
 243 00ca 4FEAE07B 		asr	fp, r0, #31
 244              	.LVL38:
 320:Drivers/CMSIS/DSP/Source/FilteringFunctions/arm_lms_q31.c ****       *pb = clip_q63_to_q31((q63_t) * pb + (coef << 1U));
 245              		.loc 1 320 41 view .LVU82
 246 00ce 52F8045B 		ldr	r5, [r2], #4
 247              	.LVL39:
 320:Drivers/CMSIS/DSP/Source/FilteringFunctions/arm_lms_q31.c ****       *pb = clip_q63_to_q31((q63_t) * pb + (coef << 1U));
 248              		.loc 1 320 41 view .LVU83
 249 00d2 4FEAE57A 		asr	r10, r5, #31
 320:Drivers/CMSIS/DSP/Source/FilteringFunctions/arm_lms_q31.c ****       *pb = clip_q63_to_q31((q63_t) * pb + (coef << 1U));
 250              		.loc 1 320 38 view .LVU84
 251 00d6 00FB0AFA 		mul	r10, r0, r10
 252 00da 05FB0BAA 		mla	r10, r5, fp, r10
 253 00de A0FB055B 		umull	r5, fp, r0, r5
 254 00e2 0AEB0B05 		add	r5, r10, fp
 255              	.LVL40:
 321:Drivers/CMSIS/DSP/Source/FilteringFunctions/arm_lms_q31.c ****       pb++;
 256              		.loc 1 321 7 is_stmt 1 view .LVU85
 321:Drivers/CMSIS/DSP/Source/FilteringFunctions/arm_lms_q31.c ****       pb++;
 257              		.loc 1 321 37 is_stmt 0 view .LVU86
 258 00e6 D6F800B0 		ldr	fp, [r6]
 321:Drivers/CMSIS/DSP/Source/FilteringFunctions/arm_lms_q31.c ****       pb++;
 259              		.loc 1 321 50 view .LVU87
 260 00ea 4FEA450A 		lsl	r10, r5, #1
 261 00ee 45F38075 		sbfx	r5, r5, #30, #1
 262              	.LVL41:
 321:Drivers/CMSIS/DSP/Source/FilteringFunctions/arm_lms_q31.c ****       pb++;
 263              		.loc 1 321 13 view .LVU88
 264 00f2 1BEB0A0A 		adds	r10, fp, r10
 265 00f6 45EBEB75 		adc	r5, r5, fp, asr #31
 266              	.LVL42:
 267              	.LBB7:
 268              	.LBI4:
 520:Drivers/CMSIS/DSP/Include/arm_math.h ****   q63_t x)
 269              		.loc 2 520 38 is_stmt 1 view .LVU89
 270              	.LBB6:
 523:Drivers/CMSIS/DSP/Include/arm_math.h ****       ((0x7FFFFFFF ^ ((q31_t) (x >> 63)))) : (q31_t) x;
 271              		.loc 2 523 5 view .LVU90
 523:Drivers/CMSIS/DSP/Include/arm_math.h ****       ((0x7FFFFFFF ^ ((q31_t) (x >> 63)))) : (q31_t) x;
 272              		.loc 2 523 35 is_stmt 0 view .LVU91
 273 00fa D346     		mov	fp, r10
 274              		.loc 2 524 44 view .LVU92
ARM GAS  C:\Users\Lamp\AppData\Local\Temp\ccKy0DmU.s 			page 21


 275 00fc B5EBEA7F 		cmp	r5, r10, asr #31
 276 0100 DBD1     		bne	.L13
 277 0102 DEE7     		b	.L6
 278              	.LVL43:
 279              	.L12:
 280              		.loc 2 524 44 view .LVU93
 281              	.LBE6:
 282              	.LBE7:
 326:Drivers/CMSIS/DSP/Source/FilteringFunctions/arm_lms_q31.c ****     }
 327:Drivers/CMSIS/DSP/Source/FilteringFunctions/arm_lms_q31.c **** 
 328:Drivers/CMSIS/DSP/Source/FilteringFunctions/arm_lms_q31.c ****     /* Decrement the loop counter */
 329:Drivers/CMSIS/DSP/Source/FilteringFunctions/arm_lms_q31.c ****     blkCnt--;
 283              		.loc 1 329 11 view .LVU94
 284 0104 DDF80CB0 		ldr	fp, [sp, #12]
 285              		.loc 1 329 5 is_stmt 1 view .LVU95
 286              		.loc 1 329 11 is_stmt 0 view .LVU96
 287 0108 013B     		subs	r3, r3, #1
 288              	.LVL44:
 309:Drivers/CMSIS/DSP/Source/FilteringFunctions/arm_lms_q31.c **** 
 289              		.loc 1 309 16 view .LVU97
 290 010a 4A46     		mov	r2, r9
 291              	.LVL45:
 302:Drivers/CMSIS/DSP/Source/FilteringFunctions/arm_lms_q31.c **** 
 292              		.loc 1 302 10 view .LVU98
 293 010c CDF84880 		str	r8, [sp, #72]
 297:Drivers/CMSIS/DSP/Source/FilteringFunctions/arm_lms_q31.c **** 
 294              		.loc 1 297 10 view .LVU99
 295 0110 CDF80CC0 		str	ip, [sp, #12]
 300:Drivers/CMSIS/DSP/Source/FilteringFunctions/arm_lms_q31.c **** 
 296              		.loc 1 300 14 view .LVU100
 297 0114 3E46     		mov	r6, r7
 298              	.LVL46:
 299              	.L2:
 261:Drivers/CMSIS/DSP/Source/FilteringFunctions/arm_lms_q31.c ****   {
 300              		.loc 1 261 17 is_stmt 1 view .LVU101
 301 0116 6BB1     		cbz	r3, .L14
 264:Drivers/CMSIS/DSP/Source/FilteringFunctions/arm_lms_q31.c **** 
 302              		.loc 1 264 5 view .LVU102
 303              	.LVL47:
 264:Drivers/CMSIS/DSP/Source/FilteringFunctions/arm_lms_q31.c **** 
 304              		.loc 1 264 22 is_stmt 0 view .LVU103
 305 0118 51F8040B 		ldr	r0, [r1], #4
 306              	.LVL48:
 264:Drivers/CMSIS/DSP/Source/FilteringFunctions/arm_lms_q31.c **** 
 307              		.loc 1 264 20 view .LVU104
 308 011c 4EF8040B 		str	r0, [lr], #4
 309              	.LVL49:
 267:Drivers/CMSIS/DSP/Source/FilteringFunctions/arm_lms_q31.c **** 
 310              		.loc 1 267 5 is_stmt 1 view .LVU105
 270:Drivers/CMSIS/DSP/Source/FilteringFunctions/arm_lms_q31.c **** 
 311              		.loc 1 270 5 view .LVU106
 273:Drivers/CMSIS/DSP/Source/FilteringFunctions/arm_lms_q31.c **** 
 312              		.loc 1 273 5 view .LVU107
 276:Drivers/CMSIS/DSP/Source/FilteringFunctions/arm_lms_q31.c **** 
 313              		.loc 1 276 5 view .LVU108
 278:Drivers/CMSIS/DSP/Source/FilteringFunctions/arm_lms_q31.c ****     {
 314              		.loc 1 278 5 view .LVU109
ARM GAS  C:\Users\Lamp\AppData\Local\Temp\ccKy0DmU.s 			page 22


 276:Drivers/CMSIS/DSP/Source/FilteringFunctions/arm_lms_q31.c **** 
 315              		.loc 1 276 12 is_stmt 0 view .LVU110
 316 0120 DDF80490 		ldr	r9, [sp, #4]
 270:Drivers/CMSIS/DSP/Source/FilteringFunctions/arm_lms_q31.c **** 
 317              		.loc 1 270 8 view .LVU111
 318 0124 DDF80880 		ldr	r8, [sp, #8]
 267:Drivers/CMSIS/DSP/Source/FilteringFunctions/arm_lms_q31.c **** 
 319              		.loc 1 267 8 view .LVU112
 320 0128 9446     		mov	ip, r2
 273:Drivers/CMSIS/DSP/Source/FilteringFunctions/arm_lms_q31.c **** 
 321              		.loc 1 273 9 view .LVU113
 322 012a 0024     		movs	r4, #0
 323 012c A246     		mov	r10, r4
 324 012e 0492     		str	r2, [sp, #16]
 325 0130 4F46     		mov	r7, r9
 278:Drivers/CMSIS/DSP/Source/FilteringFunctions/arm_lms_q31.c ****     {
 326              		.loc 1 278 11 view .LVU114
 327 0132 99E7     		b	.L3
 328              	.LVL50:
 329              	.L14:
 330:Drivers/CMSIS/DSP/Source/FilteringFunctions/arm_lms_q31.c ****   }
 331:Drivers/CMSIS/DSP/Source/FilteringFunctions/arm_lms_q31.c **** 
 332:Drivers/CMSIS/DSP/Source/FilteringFunctions/arm_lms_q31.c ****   /* Processing is complete. Now copy the last numTaps - 1 samples to the
 333:Drivers/CMSIS/DSP/Source/FilteringFunctions/arm_lms_q31.c ****      start of the state buffer. This prepares the state buffer for the
 334:Drivers/CMSIS/DSP/Source/FilteringFunctions/arm_lms_q31.c ****      next function call. */
 335:Drivers/CMSIS/DSP/Source/FilteringFunctions/arm_lms_q31.c **** 
 336:Drivers/CMSIS/DSP/Source/FilteringFunctions/arm_lms_q31.c ****   /* Points to the start of the pState buffer */
 337:Drivers/CMSIS/DSP/Source/FilteringFunctions/arm_lms_q31.c ****   pStateCurnt = S->pState;
 330              		.loc 1 337 15 view .LVU115
 331 0134 079F     		ldr	r7, [sp, #28]
 332              		.loc 1 337 3 is_stmt 1 view .LVU116
 333              		.loc 1 337 15 is_stmt 0 view .LVU117
 334 0136 7B68     		ldr	r3, [r7, #4]
 335              	.LVL51:
 338:Drivers/CMSIS/DSP/Source/FilteringFunctions/arm_lms_q31.c **** 
 339:Drivers/CMSIS/DSP/Source/FilteringFunctions/arm_lms_q31.c ****   /*  Copy (numTaps - 1U) samples  */
 340:Drivers/CMSIS/DSP/Source/FilteringFunctions/arm_lms_q31.c ****   tapCnt = (numTaps - 1U);
 336              		.loc 1 340 3 is_stmt 1 view .LVU118
 337              		.loc 1 340 10 is_stmt 0 view .LVU119
 338 0138 0199     		ldr	r1, [sp, #4]
 339              	.LVL52:
 340              		.loc 1 340 10 view .LVU120
 341 013a 0139     		subs	r1, r1, #1
 342              	.LVL53:
 341:Drivers/CMSIS/DSP/Source/FilteringFunctions/arm_lms_q31.c **** 
 342:Drivers/CMSIS/DSP/Source/FilteringFunctions/arm_lms_q31.c ****   /* Copy the data */
 343:Drivers/CMSIS/DSP/Source/FilteringFunctions/arm_lms_q31.c ****   while (tapCnt > 0U)
 343              		.loc 1 343 3 is_stmt 1 view .LVU121
 344              		.loc 1 343 9 is_stmt 0 view .LVU122
 345 013c 04E0     		b	.L9
 346              	.L10:
 344:Drivers/CMSIS/DSP/Source/FilteringFunctions/arm_lms_q31.c ****   {
 345:Drivers/CMSIS/DSP/Source/FilteringFunctions/arm_lms_q31.c ****     *pStateCurnt++ = *pState++;
 347              		.loc 1 345 5 is_stmt 1 view .LVU123
 348              	.LVL54:
 349              		.loc 1 345 22 is_stmt 0 view .LVU124
 350 013e 52F8040B 		ldr	r0, [r2], #4
ARM GAS  C:\Users\Lamp\AppData\Local\Temp\ccKy0DmU.s 			page 23


 351              	.LVL55:
 352              		.loc 1 345 20 view .LVU125
 353 0142 43F8040B 		str	r0, [r3], #4
 354              	.LVL56:
 346:Drivers/CMSIS/DSP/Source/FilteringFunctions/arm_lms_q31.c **** 
 347:Drivers/CMSIS/DSP/Source/FilteringFunctions/arm_lms_q31.c ****     /* Decrement the loop counter */
 348:Drivers/CMSIS/DSP/Source/FilteringFunctions/arm_lms_q31.c ****     tapCnt--;
 355              		.loc 1 348 5 is_stmt 1 view .LVU126
 356              		.loc 1 348 11 is_stmt 0 view .LVU127
 357 0146 0139     		subs	r1, r1, #1
 358              	.LVL57:
 359              	.L9:
 343:Drivers/CMSIS/DSP/Source/FilteringFunctions/arm_lms_q31.c ****   {
 360              		.loc 1 343 17 is_stmt 1 view .LVU128
 361 0148 0029     		cmp	r1, #0
 362 014a F8D1     		bne	.L10
 349:Drivers/CMSIS/DSP/Source/FilteringFunctions/arm_lms_q31.c ****   }
 350:Drivers/CMSIS/DSP/Source/FilteringFunctions/arm_lms_q31.c **** 
 351:Drivers/CMSIS/DSP/Source/FilteringFunctions/arm_lms_q31.c **** #endif /*   #if defined (ARM_MATH_DSP) */
 352:Drivers/CMSIS/DSP/Source/FilteringFunctions/arm_lms_q31.c **** 
 353:Drivers/CMSIS/DSP/Source/FilteringFunctions/arm_lms_q31.c **** }
 363              		.loc 1 353 1 is_stmt 0 view .LVU129
 364 014c 09B0     		add	sp, sp, #36
 365              	.LCFI2:
 366              		.cfi_def_cfa_offset 36
 367              		@ sp needed
 368 014e BDE8F08F 		pop	{r4, r5, r6, r7, r8, r9, r10, fp, pc}
 369              		.loc 1 353 1 view .LVU130
 370              		.cfi_endproc
 371              	.LFE100:
 373              		.text
 374              	.Letext0:
 375              		.file 3 "C:/ARM GNU Toolchain/arm-none-eabi/include/machine/_default_types.h"
 376              		.file 4 "C:/ARM GNU Toolchain/arm-none-eabi/include/sys/_stdint.h"
ARM GAS  C:\Users\Lamp\AppData\Local\Temp\ccKy0DmU.s 			page 24


DEFINED SYMBOLS
                            *ABS*:00000000 arm_lms_q31.c
C:\Users\Lamp\AppData\Local\Temp\ccKy0DmU.s:19     .text.arm_lms_q31:00000000 $t
C:\Users\Lamp\AppData\Local\Temp\ccKy0DmU.s:25     .text.arm_lms_q31:00000000 arm_lms_q31

NO UNDEFINED SYMBOLS
