ARM GAS  C:\Users\Lamp\AppData\Local\Temp\ccjqy4iZ.s 			page 1


   1              		.cpu cortex-m3
   2              		.arch armv7-m
   3              		.fpu softvfp
   4              		.eabi_attribute 20, 1
   5              		.eabi_attribute 21, 1
   6              		.eabi_attribute 23, 3
   7              		.eabi_attribute 24, 1
   8              		.eabi_attribute 25, 1
   9              		.eabi_attribute 26, 1
  10              		.eabi_attribute 30, 1
  11              		.eabi_attribute 34, 1
  12              		.eabi_attribute 18, 4
  13              		.file	"arm_fir_interpolate_q31.c"
  14              		.text
  15              	.Ltext0:
  16              		.cfi_sections	.debug_frame
  17              		.file 1 "Drivers/CMSIS/DSP/Source/FilteringFunctions/arm_fir_interpolate_q31.c"
  18              		.section	.text.arm_fir_interpolate_q31,"ax",%progbits
  19              		.align	1
  20              		.global	arm_fir_interpolate_q31
  21              		.syntax unified
  22              		.thumb
  23              		.thumb_func
  25              	arm_fir_interpolate_q31:
  26              	.LVL0:
  27              	.LFB100:
   1:Drivers/CMSIS/DSP/Source/FilteringFunctions/arm_fir_interpolate_q31.c **** /* ----------------------------------------------------------------------
   2:Drivers/CMSIS/DSP/Source/FilteringFunctions/arm_fir_interpolate_q31.c ****  * Project:      CMSIS DSP Library
   3:Drivers/CMSIS/DSP/Source/FilteringFunctions/arm_fir_interpolate_q31.c ****  * Title:        arm_fir_interpolate_q31.c
   4:Drivers/CMSIS/DSP/Source/FilteringFunctions/arm_fir_interpolate_q31.c ****  * Description:  Q31 FIR interpolation
   5:Drivers/CMSIS/DSP/Source/FilteringFunctions/arm_fir_interpolate_q31.c ****  *
   6:Drivers/CMSIS/DSP/Source/FilteringFunctions/arm_fir_interpolate_q31.c ****  * $Date:        27. January 2017
   7:Drivers/CMSIS/DSP/Source/FilteringFunctions/arm_fir_interpolate_q31.c ****  * $Revision:    V.1.5.1
   8:Drivers/CMSIS/DSP/Source/FilteringFunctions/arm_fir_interpolate_q31.c ****  *
   9:Drivers/CMSIS/DSP/Source/FilteringFunctions/arm_fir_interpolate_q31.c ****  * Target Processor: Cortex-M cores
  10:Drivers/CMSIS/DSP/Source/FilteringFunctions/arm_fir_interpolate_q31.c ****  * -------------------------------------------------------------------- */
  11:Drivers/CMSIS/DSP/Source/FilteringFunctions/arm_fir_interpolate_q31.c **** /*
  12:Drivers/CMSIS/DSP/Source/FilteringFunctions/arm_fir_interpolate_q31.c ****  * Copyright (C) 2010-2017 ARM Limited or its affiliates. All rights reserved.
  13:Drivers/CMSIS/DSP/Source/FilteringFunctions/arm_fir_interpolate_q31.c ****  *
  14:Drivers/CMSIS/DSP/Source/FilteringFunctions/arm_fir_interpolate_q31.c ****  * SPDX-License-Identifier: Apache-2.0
  15:Drivers/CMSIS/DSP/Source/FilteringFunctions/arm_fir_interpolate_q31.c ****  *
  16:Drivers/CMSIS/DSP/Source/FilteringFunctions/arm_fir_interpolate_q31.c ****  * Licensed under the Apache License, Version 2.0 (the License); you may
  17:Drivers/CMSIS/DSP/Source/FilteringFunctions/arm_fir_interpolate_q31.c ****  * not use this file except in compliance with the License.
  18:Drivers/CMSIS/DSP/Source/FilteringFunctions/arm_fir_interpolate_q31.c ****  * You may obtain a copy of the License at
  19:Drivers/CMSIS/DSP/Source/FilteringFunctions/arm_fir_interpolate_q31.c ****  *
  20:Drivers/CMSIS/DSP/Source/FilteringFunctions/arm_fir_interpolate_q31.c ****  * www.apache.org/licenses/LICENSE-2.0
  21:Drivers/CMSIS/DSP/Source/FilteringFunctions/arm_fir_interpolate_q31.c ****  *
  22:Drivers/CMSIS/DSP/Source/FilteringFunctions/arm_fir_interpolate_q31.c ****  * Unless required by applicable law or agreed to in writing, software
  23:Drivers/CMSIS/DSP/Source/FilteringFunctions/arm_fir_interpolate_q31.c ****  * distributed under the License is distributed on an AS IS BASIS, WITHOUT
  24:Drivers/CMSIS/DSP/Source/FilteringFunctions/arm_fir_interpolate_q31.c ****  * WARRANTIES OR CONDITIONS OF ANY KIND, either express or implied.
  25:Drivers/CMSIS/DSP/Source/FilteringFunctions/arm_fir_interpolate_q31.c ****  * See the License for the specific language governing permissions and
  26:Drivers/CMSIS/DSP/Source/FilteringFunctions/arm_fir_interpolate_q31.c ****  * limitations under the License.
  27:Drivers/CMSIS/DSP/Source/FilteringFunctions/arm_fir_interpolate_q31.c ****  */
  28:Drivers/CMSIS/DSP/Source/FilteringFunctions/arm_fir_interpolate_q31.c **** 
  29:Drivers/CMSIS/DSP/Source/FilteringFunctions/arm_fir_interpolate_q31.c **** #include "arm_math.h"
  30:Drivers/CMSIS/DSP/Source/FilteringFunctions/arm_fir_interpolate_q31.c **** 
  31:Drivers/CMSIS/DSP/Source/FilteringFunctions/arm_fir_interpolate_q31.c **** /**
ARM GAS  C:\Users\Lamp\AppData\Local\Temp\ccjqy4iZ.s 			page 2


  32:Drivers/CMSIS/DSP/Source/FilteringFunctions/arm_fir_interpolate_q31.c ****  * @ingroup groupFilters
  33:Drivers/CMSIS/DSP/Source/FilteringFunctions/arm_fir_interpolate_q31.c ****  */
  34:Drivers/CMSIS/DSP/Source/FilteringFunctions/arm_fir_interpolate_q31.c **** 
  35:Drivers/CMSIS/DSP/Source/FilteringFunctions/arm_fir_interpolate_q31.c **** /**
  36:Drivers/CMSIS/DSP/Source/FilteringFunctions/arm_fir_interpolate_q31.c ****  * @addtogroup FIR_Interpolate
  37:Drivers/CMSIS/DSP/Source/FilteringFunctions/arm_fir_interpolate_q31.c ****  * @{
  38:Drivers/CMSIS/DSP/Source/FilteringFunctions/arm_fir_interpolate_q31.c ****  */
  39:Drivers/CMSIS/DSP/Source/FilteringFunctions/arm_fir_interpolate_q31.c **** 
  40:Drivers/CMSIS/DSP/Source/FilteringFunctions/arm_fir_interpolate_q31.c **** /**
  41:Drivers/CMSIS/DSP/Source/FilteringFunctions/arm_fir_interpolate_q31.c ****  * @brief Processing function for the Q31 FIR interpolator.
  42:Drivers/CMSIS/DSP/Source/FilteringFunctions/arm_fir_interpolate_q31.c ****  * @param[in] *S        points to an instance of the Q31 FIR interpolator structure.
  43:Drivers/CMSIS/DSP/Source/FilteringFunctions/arm_fir_interpolate_q31.c ****  * @param[in] *pSrc     points to the block of input data.
  44:Drivers/CMSIS/DSP/Source/FilteringFunctions/arm_fir_interpolate_q31.c ****  * @param[out] *pDst    points to the block of output data.
  45:Drivers/CMSIS/DSP/Source/FilteringFunctions/arm_fir_interpolate_q31.c ****  * @param[in] blockSize number of input samples to process per call.
  46:Drivers/CMSIS/DSP/Source/FilteringFunctions/arm_fir_interpolate_q31.c ****  * @return none.
  47:Drivers/CMSIS/DSP/Source/FilteringFunctions/arm_fir_interpolate_q31.c ****  *
  48:Drivers/CMSIS/DSP/Source/FilteringFunctions/arm_fir_interpolate_q31.c ****  * <b>Scaling and Overflow Behavior:</b>
  49:Drivers/CMSIS/DSP/Source/FilteringFunctions/arm_fir_interpolate_q31.c ****  * \par
  50:Drivers/CMSIS/DSP/Source/FilteringFunctions/arm_fir_interpolate_q31.c ****  * The function is implemented using an internal 64-bit accumulator.
  51:Drivers/CMSIS/DSP/Source/FilteringFunctions/arm_fir_interpolate_q31.c ****  * The accumulator has a 2.62 format and maintains full precision of the intermediate multiplicatio
  52:Drivers/CMSIS/DSP/Source/FilteringFunctions/arm_fir_interpolate_q31.c ****  * Thus, if the accumulator result overflows it wraps around rather than clip.
  53:Drivers/CMSIS/DSP/Source/FilteringFunctions/arm_fir_interpolate_q31.c ****  * In order to avoid overflows completely the input signal must be scaled down by <code>1/(numTaps/
  54:Drivers/CMSIS/DSP/Source/FilteringFunctions/arm_fir_interpolate_q31.c ****  * since <code>numTaps/L</code> additions occur per output sample.
  55:Drivers/CMSIS/DSP/Source/FilteringFunctions/arm_fir_interpolate_q31.c ****  * After all multiply-accumulates are performed, the 2.62 accumulator is truncated to 1.32 format a
  56:Drivers/CMSIS/DSP/Source/FilteringFunctions/arm_fir_interpolate_q31.c ****  */
  57:Drivers/CMSIS/DSP/Source/FilteringFunctions/arm_fir_interpolate_q31.c **** 
  58:Drivers/CMSIS/DSP/Source/FilteringFunctions/arm_fir_interpolate_q31.c **** #if defined (ARM_MATH_DSP)
  59:Drivers/CMSIS/DSP/Source/FilteringFunctions/arm_fir_interpolate_q31.c **** 
  60:Drivers/CMSIS/DSP/Source/FilteringFunctions/arm_fir_interpolate_q31.c ****   /* Run the below code for Cortex-M4 and Cortex-M3 */
  61:Drivers/CMSIS/DSP/Source/FilteringFunctions/arm_fir_interpolate_q31.c **** 
  62:Drivers/CMSIS/DSP/Source/FilteringFunctions/arm_fir_interpolate_q31.c **** void arm_fir_interpolate_q31(
  63:Drivers/CMSIS/DSP/Source/FilteringFunctions/arm_fir_interpolate_q31.c ****   const arm_fir_interpolate_instance_q31 * S,
  64:Drivers/CMSIS/DSP/Source/FilteringFunctions/arm_fir_interpolate_q31.c ****   q31_t * pSrc,
  65:Drivers/CMSIS/DSP/Source/FilteringFunctions/arm_fir_interpolate_q31.c ****   q31_t * pDst,
  66:Drivers/CMSIS/DSP/Source/FilteringFunctions/arm_fir_interpolate_q31.c ****   uint32_t blockSize)
  67:Drivers/CMSIS/DSP/Source/FilteringFunctions/arm_fir_interpolate_q31.c **** {
  68:Drivers/CMSIS/DSP/Source/FilteringFunctions/arm_fir_interpolate_q31.c ****   q31_t *pState = S->pState;                     /* State pointer */
  69:Drivers/CMSIS/DSP/Source/FilteringFunctions/arm_fir_interpolate_q31.c ****   q31_t *pCoeffs = S->pCoeffs;                   /* Coefficient pointer */
  70:Drivers/CMSIS/DSP/Source/FilteringFunctions/arm_fir_interpolate_q31.c ****   q31_t *pStateCurnt;                            /* Points to the current sample of the state */
  71:Drivers/CMSIS/DSP/Source/FilteringFunctions/arm_fir_interpolate_q31.c ****   q31_t *ptr1, *ptr2;                            /* Temporary pointers for state and coefficient bu
  72:Drivers/CMSIS/DSP/Source/FilteringFunctions/arm_fir_interpolate_q31.c ****   q63_t sum0;                                    /* Accumulators */
  73:Drivers/CMSIS/DSP/Source/FilteringFunctions/arm_fir_interpolate_q31.c ****   q31_t x0, c0;                                  /* Temporary variables to hold state and coefficie
  74:Drivers/CMSIS/DSP/Source/FilteringFunctions/arm_fir_interpolate_q31.c ****   uint32_t i, blkCnt, j;                         /* Loop counters */
  75:Drivers/CMSIS/DSP/Source/FilteringFunctions/arm_fir_interpolate_q31.c ****   uint16_t phaseLen = S->phaseLength, tapCnt;    /* Length of each polyphase filter component */
  76:Drivers/CMSIS/DSP/Source/FilteringFunctions/arm_fir_interpolate_q31.c **** 
  77:Drivers/CMSIS/DSP/Source/FilteringFunctions/arm_fir_interpolate_q31.c ****   uint32_t blkCntN2;
  78:Drivers/CMSIS/DSP/Source/FilteringFunctions/arm_fir_interpolate_q31.c ****   q63_t acc0, acc1;
  79:Drivers/CMSIS/DSP/Source/FilteringFunctions/arm_fir_interpolate_q31.c ****   q31_t x1;
  80:Drivers/CMSIS/DSP/Source/FilteringFunctions/arm_fir_interpolate_q31.c **** 
  81:Drivers/CMSIS/DSP/Source/FilteringFunctions/arm_fir_interpolate_q31.c ****   /* S->pState buffer contains previous frame (phaseLen - 1) samples */
  82:Drivers/CMSIS/DSP/Source/FilteringFunctions/arm_fir_interpolate_q31.c ****   /* pStateCurnt points to the location where the new input data should be written */
  83:Drivers/CMSIS/DSP/Source/FilteringFunctions/arm_fir_interpolate_q31.c ****   pStateCurnt = S->pState + ((q31_t) phaseLen - 1);
  84:Drivers/CMSIS/DSP/Source/FilteringFunctions/arm_fir_interpolate_q31.c **** 
  85:Drivers/CMSIS/DSP/Source/FilteringFunctions/arm_fir_interpolate_q31.c ****   /* Initialise  blkCnt */
  86:Drivers/CMSIS/DSP/Source/FilteringFunctions/arm_fir_interpolate_q31.c ****   blkCnt = blockSize / 2;
  87:Drivers/CMSIS/DSP/Source/FilteringFunctions/arm_fir_interpolate_q31.c ****   blkCntN2 = blockSize - (2 * blkCnt);
  88:Drivers/CMSIS/DSP/Source/FilteringFunctions/arm_fir_interpolate_q31.c **** 
ARM GAS  C:\Users\Lamp\AppData\Local\Temp\ccjqy4iZ.s 			page 3


  89:Drivers/CMSIS/DSP/Source/FilteringFunctions/arm_fir_interpolate_q31.c ****   /* Samples loop unrolled by 2 */
  90:Drivers/CMSIS/DSP/Source/FilteringFunctions/arm_fir_interpolate_q31.c ****   while (blkCnt > 0U)
  91:Drivers/CMSIS/DSP/Source/FilteringFunctions/arm_fir_interpolate_q31.c ****   {
  92:Drivers/CMSIS/DSP/Source/FilteringFunctions/arm_fir_interpolate_q31.c ****     /* Copy new input sample into the state buffer */
  93:Drivers/CMSIS/DSP/Source/FilteringFunctions/arm_fir_interpolate_q31.c ****     *pStateCurnt++ = *pSrc++;
  94:Drivers/CMSIS/DSP/Source/FilteringFunctions/arm_fir_interpolate_q31.c ****     *pStateCurnt++ = *pSrc++;
  95:Drivers/CMSIS/DSP/Source/FilteringFunctions/arm_fir_interpolate_q31.c **** 
  96:Drivers/CMSIS/DSP/Source/FilteringFunctions/arm_fir_interpolate_q31.c ****     /* Address modifier index of coefficient buffer */
  97:Drivers/CMSIS/DSP/Source/FilteringFunctions/arm_fir_interpolate_q31.c ****     j = 1U;
  98:Drivers/CMSIS/DSP/Source/FilteringFunctions/arm_fir_interpolate_q31.c **** 
  99:Drivers/CMSIS/DSP/Source/FilteringFunctions/arm_fir_interpolate_q31.c ****     /* Loop over the Interpolation factor. */
 100:Drivers/CMSIS/DSP/Source/FilteringFunctions/arm_fir_interpolate_q31.c ****     i = (S->L);
 101:Drivers/CMSIS/DSP/Source/FilteringFunctions/arm_fir_interpolate_q31.c **** 
 102:Drivers/CMSIS/DSP/Source/FilteringFunctions/arm_fir_interpolate_q31.c ****     while (i > 0U)
 103:Drivers/CMSIS/DSP/Source/FilteringFunctions/arm_fir_interpolate_q31.c ****     {
 104:Drivers/CMSIS/DSP/Source/FilteringFunctions/arm_fir_interpolate_q31.c ****       /* Set accumulator to zero */
 105:Drivers/CMSIS/DSP/Source/FilteringFunctions/arm_fir_interpolate_q31.c ****       acc0 = 0;
 106:Drivers/CMSIS/DSP/Source/FilteringFunctions/arm_fir_interpolate_q31.c ****       acc1 = 0;
 107:Drivers/CMSIS/DSP/Source/FilteringFunctions/arm_fir_interpolate_q31.c **** 
 108:Drivers/CMSIS/DSP/Source/FilteringFunctions/arm_fir_interpolate_q31.c ****       /* Initialize state pointer */
 109:Drivers/CMSIS/DSP/Source/FilteringFunctions/arm_fir_interpolate_q31.c ****       ptr1 = pState;
 110:Drivers/CMSIS/DSP/Source/FilteringFunctions/arm_fir_interpolate_q31.c **** 
 111:Drivers/CMSIS/DSP/Source/FilteringFunctions/arm_fir_interpolate_q31.c ****       /* Initialize coefficient pointer */
 112:Drivers/CMSIS/DSP/Source/FilteringFunctions/arm_fir_interpolate_q31.c ****       ptr2 = pCoeffs + (S->L - j);
 113:Drivers/CMSIS/DSP/Source/FilteringFunctions/arm_fir_interpolate_q31.c **** 
 114:Drivers/CMSIS/DSP/Source/FilteringFunctions/arm_fir_interpolate_q31.c ****       /* Loop over the polyPhase length. Unroll by a factor of 4.
 115:Drivers/CMSIS/DSP/Source/FilteringFunctions/arm_fir_interpolate_q31.c ****        ** Repeat until we've computed numTaps-(4*S->L) coefficients. */
 116:Drivers/CMSIS/DSP/Source/FilteringFunctions/arm_fir_interpolate_q31.c ****       tapCnt = phaseLen >> 2U;
 117:Drivers/CMSIS/DSP/Source/FilteringFunctions/arm_fir_interpolate_q31.c **** 
 118:Drivers/CMSIS/DSP/Source/FilteringFunctions/arm_fir_interpolate_q31.c ****       x0 = *(ptr1++);
 119:Drivers/CMSIS/DSP/Source/FilteringFunctions/arm_fir_interpolate_q31.c **** 
 120:Drivers/CMSIS/DSP/Source/FilteringFunctions/arm_fir_interpolate_q31.c ****       while (tapCnt > 0U)
 121:Drivers/CMSIS/DSP/Source/FilteringFunctions/arm_fir_interpolate_q31.c ****       {
 122:Drivers/CMSIS/DSP/Source/FilteringFunctions/arm_fir_interpolate_q31.c **** 
 123:Drivers/CMSIS/DSP/Source/FilteringFunctions/arm_fir_interpolate_q31.c ****         /* Read the input sample */
 124:Drivers/CMSIS/DSP/Source/FilteringFunctions/arm_fir_interpolate_q31.c ****         x1 = *(ptr1++);
 125:Drivers/CMSIS/DSP/Source/FilteringFunctions/arm_fir_interpolate_q31.c **** 
 126:Drivers/CMSIS/DSP/Source/FilteringFunctions/arm_fir_interpolate_q31.c ****         /* Read the coefficient */
 127:Drivers/CMSIS/DSP/Source/FilteringFunctions/arm_fir_interpolate_q31.c ****         c0 = *(ptr2);
 128:Drivers/CMSIS/DSP/Source/FilteringFunctions/arm_fir_interpolate_q31.c **** 
 129:Drivers/CMSIS/DSP/Source/FilteringFunctions/arm_fir_interpolate_q31.c ****         /* Perform the multiply-accumulate */
 130:Drivers/CMSIS/DSP/Source/FilteringFunctions/arm_fir_interpolate_q31.c ****         acc0 += (q63_t) x0 *c0;
 131:Drivers/CMSIS/DSP/Source/FilteringFunctions/arm_fir_interpolate_q31.c ****         acc1 += (q63_t) x1 *c0;
 132:Drivers/CMSIS/DSP/Source/FilteringFunctions/arm_fir_interpolate_q31.c **** 
 133:Drivers/CMSIS/DSP/Source/FilteringFunctions/arm_fir_interpolate_q31.c **** 
 134:Drivers/CMSIS/DSP/Source/FilteringFunctions/arm_fir_interpolate_q31.c ****         /* Read the coefficient */
 135:Drivers/CMSIS/DSP/Source/FilteringFunctions/arm_fir_interpolate_q31.c ****         c0 = *(ptr2 + S->L);
 136:Drivers/CMSIS/DSP/Source/FilteringFunctions/arm_fir_interpolate_q31.c **** 
 137:Drivers/CMSIS/DSP/Source/FilteringFunctions/arm_fir_interpolate_q31.c ****         /* Read the input sample */
 138:Drivers/CMSIS/DSP/Source/FilteringFunctions/arm_fir_interpolate_q31.c ****         x0 = *(ptr1++);
 139:Drivers/CMSIS/DSP/Source/FilteringFunctions/arm_fir_interpolate_q31.c **** 
 140:Drivers/CMSIS/DSP/Source/FilteringFunctions/arm_fir_interpolate_q31.c ****         /* Perform the multiply-accumulate */
 141:Drivers/CMSIS/DSP/Source/FilteringFunctions/arm_fir_interpolate_q31.c ****         acc0 += (q63_t) x1 *c0;
 142:Drivers/CMSIS/DSP/Source/FilteringFunctions/arm_fir_interpolate_q31.c ****         acc1 += (q63_t) x0 *c0;
 143:Drivers/CMSIS/DSP/Source/FilteringFunctions/arm_fir_interpolate_q31.c **** 
 144:Drivers/CMSIS/DSP/Source/FilteringFunctions/arm_fir_interpolate_q31.c **** 
 145:Drivers/CMSIS/DSP/Source/FilteringFunctions/arm_fir_interpolate_q31.c ****         /* Read the coefficient */
ARM GAS  C:\Users\Lamp\AppData\Local\Temp\ccjqy4iZ.s 			page 4


 146:Drivers/CMSIS/DSP/Source/FilteringFunctions/arm_fir_interpolate_q31.c ****         c0 = *(ptr2 + S->L * 2);
 147:Drivers/CMSIS/DSP/Source/FilteringFunctions/arm_fir_interpolate_q31.c **** 
 148:Drivers/CMSIS/DSP/Source/FilteringFunctions/arm_fir_interpolate_q31.c ****         /* Read the input sample */
 149:Drivers/CMSIS/DSP/Source/FilteringFunctions/arm_fir_interpolate_q31.c ****         x1 = *(ptr1++);
 150:Drivers/CMSIS/DSP/Source/FilteringFunctions/arm_fir_interpolate_q31.c **** 
 151:Drivers/CMSIS/DSP/Source/FilteringFunctions/arm_fir_interpolate_q31.c ****         /* Perform the multiply-accumulate */
 152:Drivers/CMSIS/DSP/Source/FilteringFunctions/arm_fir_interpolate_q31.c ****         acc0 += (q63_t) x0 *c0;
 153:Drivers/CMSIS/DSP/Source/FilteringFunctions/arm_fir_interpolate_q31.c ****         acc1 += (q63_t) x1 *c0;
 154:Drivers/CMSIS/DSP/Source/FilteringFunctions/arm_fir_interpolate_q31.c **** 
 155:Drivers/CMSIS/DSP/Source/FilteringFunctions/arm_fir_interpolate_q31.c ****         /* Read the coefficient */
 156:Drivers/CMSIS/DSP/Source/FilteringFunctions/arm_fir_interpolate_q31.c ****         c0 = *(ptr2 + S->L * 3);
 157:Drivers/CMSIS/DSP/Source/FilteringFunctions/arm_fir_interpolate_q31.c **** 
 158:Drivers/CMSIS/DSP/Source/FilteringFunctions/arm_fir_interpolate_q31.c ****         /* Read the input sample */
 159:Drivers/CMSIS/DSP/Source/FilteringFunctions/arm_fir_interpolate_q31.c ****         x0 = *(ptr1++);
 160:Drivers/CMSIS/DSP/Source/FilteringFunctions/arm_fir_interpolate_q31.c **** 
 161:Drivers/CMSIS/DSP/Source/FilteringFunctions/arm_fir_interpolate_q31.c ****         /* Perform the multiply-accumulate */
 162:Drivers/CMSIS/DSP/Source/FilteringFunctions/arm_fir_interpolate_q31.c ****         acc0 += (q63_t) x1 *c0;
 163:Drivers/CMSIS/DSP/Source/FilteringFunctions/arm_fir_interpolate_q31.c ****         acc1 += (q63_t) x0 *c0;
 164:Drivers/CMSIS/DSP/Source/FilteringFunctions/arm_fir_interpolate_q31.c **** 
 165:Drivers/CMSIS/DSP/Source/FilteringFunctions/arm_fir_interpolate_q31.c **** 
 166:Drivers/CMSIS/DSP/Source/FilteringFunctions/arm_fir_interpolate_q31.c ****         /* Upsampling is done by stuffing L-1 zeros between each sample.
 167:Drivers/CMSIS/DSP/Source/FilteringFunctions/arm_fir_interpolate_q31.c ****          * So instead of multiplying zeros with coefficients,
 168:Drivers/CMSIS/DSP/Source/FilteringFunctions/arm_fir_interpolate_q31.c ****          * Increment the coefficient pointer by interpolation factor times. */
 169:Drivers/CMSIS/DSP/Source/FilteringFunctions/arm_fir_interpolate_q31.c ****         ptr2 += 4 * S->L;
 170:Drivers/CMSIS/DSP/Source/FilteringFunctions/arm_fir_interpolate_q31.c **** 
 171:Drivers/CMSIS/DSP/Source/FilteringFunctions/arm_fir_interpolate_q31.c ****         /* Decrement the loop counter */
 172:Drivers/CMSIS/DSP/Source/FilteringFunctions/arm_fir_interpolate_q31.c ****         tapCnt--;
 173:Drivers/CMSIS/DSP/Source/FilteringFunctions/arm_fir_interpolate_q31.c ****       }
 174:Drivers/CMSIS/DSP/Source/FilteringFunctions/arm_fir_interpolate_q31.c **** 
 175:Drivers/CMSIS/DSP/Source/FilteringFunctions/arm_fir_interpolate_q31.c ****       /* If the polyPhase length is not a multiple of 4, compute the remaining filter taps */
 176:Drivers/CMSIS/DSP/Source/FilteringFunctions/arm_fir_interpolate_q31.c ****       tapCnt = phaseLen % 0x4U;
 177:Drivers/CMSIS/DSP/Source/FilteringFunctions/arm_fir_interpolate_q31.c **** 
 178:Drivers/CMSIS/DSP/Source/FilteringFunctions/arm_fir_interpolate_q31.c ****       while (tapCnt > 0U)
 179:Drivers/CMSIS/DSP/Source/FilteringFunctions/arm_fir_interpolate_q31.c ****       {
 180:Drivers/CMSIS/DSP/Source/FilteringFunctions/arm_fir_interpolate_q31.c **** 
 181:Drivers/CMSIS/DSP/Source/FilteringFunctions/arm_fir_interpolate_q31.c ****         /* Read the input sample */
 182:Drivers/CMSIS/DSP/Source/FilteringFunctions/arm_fir_interpolate_q31.c ****         x1 = *(ptr1++);
 183:Drivers/CMSIS/DSP/Source/FilteringFunctions/arm_fir_interpolate_q31.c **** 
 184:Drivers/CMSIS/DSP/Source/FilteringFunctions/arm_fir_interpolate_q31.c ****         /* Read the coefficient */
 185:Drivers/CMSIS/DSP/Source/FilteringFunctions/arm_fir_interpolate_q31.c ****         c0 = *(ptr2);
 186:Drivers/CMSIS/DSP/Source/FilteringFunctions/arm_fir_interpolate_q31.c **** 
 187:Drivers/CMSIS/DSP/Source/FilteringFunctions/arm_fir_interpolate_q31.c ****         /* Perform the multiply-accumulate */
 188:Drivers/CMSIS/DSP/Source/FilteringFunctions/arm_fir_interpolate_q31.c ****         acc0 += (q63_t) x0 *c0;
 189:Drivers/CMSIS/DSP/Source/FilteringFunctions/arm_fir_interpolate_q31.c ****         acc1 += (q63_t) x1 *c0;
 190:Drivers/CMSIS/DSP/Source/FilteringFunctions/arm_fir_interpolate_q31.c **** 
 191:Drivers/CMSIS/DSP/Source/FilteringFunctions/arm_fir_interpolate_q31.c ****         /* Increment the coefficient pointer by interpolation factor times. */
 192:Drivers/CMSIS/DSP/Source/FilteringFunctions/arm_fir_interpolate_q31.c ****         ptr2 += S->L;
 193:Drivers/CMSIS/DSP/Source/FilteringFunctions/arm_fir_interpolate_q31.c **** 
 194:Drivers/CMSIS/DSP/Source/FilteringFunctions/arm_fir_interpolate_q31.c ****         /* update states for next sample processing */
 195:Drivers/CMSIS/DSP/Source/FilteringFunctions/arm_fir_interpolate_q31.c ****         x0 = x1;
 196:Drivers/CMSIS/DSP/Source/FilteringFunctions/arm_fir_interpolate_q31.c **** 
 197:Drivers/CMSIS/DSP/Source/FilteringFunctions/arm_fir_interpolate_q31.c ****         /* Decrement the loop counter */
 198:Drivers/CMSIS/DSP/Source/FilteringFunctions/arm_fir_interpolate_q31.c ****         tapCnt--;
 199:Drivers/CMSIS/DSP/Source/FilteringFunctions/arm_fir_interpolate_q31.c ****       }
 200:Drivers/CMSIS/DSP/Source/FilteringFunctions/arm_fir_interpolate_q31.c **** 
 201:Drivers/CMSIS/DSP/Source/FilteringFunctions/arm_fir_interpolate_q31.c ****       /* The result is in the accumulator, store in the destination buffer. */
 202:Drivers/CMSIS/DSP/Source/FilteringFunctions/arm_fir_interpolate_q31.c ****       *pDst = (q31_t) (acc0 >> 31);
ARM GAS  C:\Users\Lamp\AppData\Local\Temp\ccjqy4iZ.s 			page 5


 203:Drivers/CMSIS/DSP/Source/FilteringFunctions/arm_fir_interpolate_q31.c ****       *(pDst + S->L) = (q31_t) (acc1 >> 31);
 204:Drivers/CMSIS/DSP/Source/FilteringFunctions/arm_fir_interpolate_q31.c **** 
 205:Drivers/CMSIS/DSP/Source/FilteringFunctions/arm_fir_interpolate_q31.c **** 
 206:Drivers/CMSIS/DSP/Source/FilteringFunctions/arm_fir_interpolate_q31.c ****       pDst++;
 207:Drivers/CMSIS/DSP/Source/FilteringFunctions/arm_fir_interpolate_q31.c **** 
 208:Drivers/CMSIS/DSP/Source/FilteringFunctions/arm_fir_interpolate_q31.c ****       /* Increment the address modifier index of coefficient buffer */
 209:Drivers/CMSIS/DSP/Source/FilteringFunctions/arm_fir_interpolate_q31.c ****       j++;
 210:Drivers/CMSIS/DSP/Source/FilteringFunctions/arm_fir_interpolate_q31.c **** 
 211:Drivers/CMSIS/DSP/Source/FilteringFunctions/arm_fir_interpolate_q31.c ****       /* Decrement the loop counter */
 212:Drivers/CMSIS/DSP/Source/FilteringFunctions/arm_fir_interpolate_q31.c ****       i--;
 213:Drivers/CMSIS/DSP/Source/FilteringFunctions/arm_fir_interpolate_q31.c ****     }
 214:Drivers/CMSIS/DSP/Source/FilteringFunctions/arm_fir_interpolate_q31.c **** 
 215:Drivers/CMSIS/DSP/Source/FilteringFunctions/arm_fir_interpolate_q31.c ****     /* Advance the state pointer by 1
 216:Drivers/CMSIS/DSP/Source/FilteringFunctions/arm_fir_interpolate_q31.c ****      * to process the next group of interpolation factor number samples */
 217:Drivers/CMSIS/DSP/Source/FilteringFunctions/arm_fir_interpolate_q31.c ****     pState = pState + 2;
 218:Drivers/CMSIS/DSP/Source/FilteringFunctions/arm_fir_interpolate_q31.c **** 
 219:Drivers/CMSIS/DSP/Source/FilteringFunctions/arm_fir_interpolate_q31.c ****     pDst += S->L;
 220:Drivers/CMSIS/DSP/Source/FilteringFunctions/arm_fir_interpolate_q31.c **** 
 221:Drivers/CMSIS/DSP/Source/FilteringFunctions/arm_fir_interpolate_q31.c ****     /* Decrement the loop counter */
 222:Drivers/CMSIS/DSP/Source/FilteringFunctions/arm_fir_interpolate_q31.c ****     blkCnt--;
 223:Drivers/CMSIS/DSP/Source/FilteringFunctions/arm_fir_interpolate_q31.c ****   }
 224:Drivers/CMSIS/DSP/Source/FilteringFunctions/arm_fir_interpolate_q31.c **** 
 225:Drivers/CMSIS/DSP/Source/FilteringFunctions/arm_fir_interpolate_q31.c ****   /* If the blockSize is not a multiple of 2, compute any remaining output samples here.
 226:Drivers/CMSIS/DSP/Source/FilteringFunctions/arm_fir_interpolate_q31.c ****    ** No loop unrolling is used. */
 227:Drivers/CMSIS/DSP/Source/FilteringFunctions/arm_fir_interpolate_q31.c ****   blkCnt = blkCntN2;
 228:Drivers/CMSIS/DSP/Source/FilteringFunctions/arm_fir_interpolate_q31.c **** 
 229:Drivers/CMSIS/DSP/Source/FilteringFunctions/arm_fir_interpolate_q31.c ****   /* Loop over the blockSize. */
 230:Drivers/CMSIS/DSP/Source/FilteringFunctions/arm_fir_interpolate_q31.c ****   while (blkCnt > 0U)
 231:Drivers/CMSIS/DSP/Source/FilteringFunctions/arm_fir_interpolate_q31.c ****   {
 232:Drivers/CMSIS/DSP/Source/FilteringFunctions/arm_fir_interpolate_q31.c ****     /* Copy new input sample into the state buffer */
 233:Drivers/CMSIS/DSP/Source/FilteringFunctions/arm_fir_interpolate_q31.c ****     *pStateCurnt++ = *pSrc++;
 234:Drivers/CMSIS/DSP/Source/FilteringFunctions/arm_fir_interpolate_q31.c **** 
 235:Drivers/CMSIS/DSP/Source/FilteringFunctions/arm_fir_interpolate_q31.c ****     /* Address modifier index of coefficient buffer */
 236:Drivers/CMSIS/DSP/Source/FilteringFunctions/arm_fir_interpolate_q31.c ****     j = 1U;
 237:Drivers/CMSIS/DSP/Source/FilteringFunctions/arm_fir_interpolate_q31.c **** 
 238:Drivers/CMSIS/DSP/Source/FilteringFunctions/arm_fir_interpolate_q31.c ****     /* Loop over the Interpolation factor. */
 239:Drivers/CMSIS/DSP/Source/FilteringFunctions/arm_fir_interpolate_q31.c ****     i = S->L;
 240:Drivers/CMSIS/DSP/Source/FilteringFunctions/arm_fir_interpolate_q31.c ****     while (i > 0U)
 241:Drivers/CMSIS/DSP/Source/FilteringFunctions/arm_fir_interpolate_q31.c ****     {
 242:Drivers/CMSIS/DSP/Source/FilteringFunctions/arm_fir_interpolate_q31.c ****       /* Set accumulator to zero */
 243:Drivers/CMSIS/DSP/Source/FilteringFunctions/arm_fir_interpolate_q31.c ****       sum0 = 0;
 244:Drivers/CMSIS/DSP/Source/FilteringFunctions/arm_fir_interpolate_q31.c **** 
 245:Drivers/CMSIS/DSP/Source/FilteringFunctions/arm_fir_interpolate_q31.c ****       /* Initialize state pointer */
 246:Drivers/CMSIS/DSP/Source/FilteringFunctions/arm_fir_interpolate_q31.c ****       ptr1 = pState;
 247:Drivers/CMSIS/DSP/Source/FilteringFunctions/arm_fir_interpolate_q31.c **** 
 248:Drivers/CMSIS/DSP/Source/FilteringFunctions/arm_fir_interpolate_q31.c ****       /* Initialize coefficient pointer */
 249:Drivers/CMSIS/DSP/Source/FilteringFunctions/arm_fir_interpolate_q31.c ****       ptr2 = pCoeffs + (S->L - j);
 250:Drivers/CMSIS/DSP/Source/FilteringFunctions/arm_fir_interpolate_q31.c **** 
 251:Drivers/CMSIS/DSP/Source/FilteringFunctions/arm_fir_interpolate_q31.c ****       /* Loop over the polyPhase length. Unroll by a factor of 4.
 252:Drivers/CMSIS/DSP/Source/FilteringFunctions/arm_fir_interpolate_q31.c ****        ** Repeat until we've computed numTaps-(4*S->L) coefficients. */
 253:Drivers/CMSIS/DSP/Source/FilteringFunctions/arm_fir_interpolate_q31.c ****       tapCnt = phaseLen >> 2;
 254:Drivers/CMSIS/DSP/Source/FilteringFunctions/arm_fir_interpolate_q31.c ****       while (tapCnt > 0U)
 255:Drivers/CMSIS/DSP/Source/FilteringFunctions/arm_fir_interpolate_q31.c ****       {
 256:Drivers/CMSIS/DSP/Source/FilteringFunctions/arm_fir_interpolate_q31.c **** 
 257:Drivers/CMSIS/DSP/Source/FilteringFunctions/arm_fir_interpolate_q31.c ****         /* Read the coefficient */
 258:Drivers/CMSIS/DSP/Source/FilteringFunctions/arm_fir_interpolate_q31.c ****         c0 = *(ptr2);
 259:Drivers/CMSIS/DSP/Source/FilteringFunctions/arm_fir_interpolate_q31.c **** 
ARM GAS  C:\Users\Lamp\AppData\Local\Temp\ccjqy4iZ.s 			page 6


 260:Drivers/CMSIS/DSP/Source/FilteringFunctions/arm_fir_interpolate_q31.c ****         /* Upsampling is done by stuffing L-1 zeros between each sample.
 261:Drivers/CMSIS/DSP/Source/FilteringFunctions/arm_fir_interpolate_q31.c ****          * So instead of multiplying zeros with coefficients,
 262:Drivers/CMSIS/DSP/Source/FilteringFunctions/arm_fir_interpolate_q31.c ****          * Increment the coefficient pointer by interpolation factor times. */
 263:Drivers/CMSIS/DSP/Source/FilteringFunctions/arm_fir_interpolate_q31.c ****         ptr2 += S->L;
 264:Drivers/CMSIS/DSP/Source/FilteringFunctions/arm_fir_interpolate_q31.c **** 
 265:Drivers/CMSIS/DSP/Source/FilteringFunctions/arm_fir_interpolate_q31.c ****         /* Read the input sample */
 266:Drivers/CMSIS/DSP/Source/FilteringFunctions/arm_fir_interpolate_q31.c ****         x0 = *(ptr1++);
 267:Drivers/CMSIS/DSP/Source/FilteringFunctions/arm_fir_interpolate_q31.c **** 
 268:Drivers/CMSIS/DSP/Source/FilteringFunctions/arm_fir_interpolate_q31.c ****         /* Perform the multiply-accumulate */
 269:Drivers/CMSIS/DSP/Source/FilteringFunctions/arm_fir_interpolate_q31.c ****         sum0 += (q63_t) x0 *c0;
 270:Drivers/CMSIS/DSP/Source/FilteringFunctions/arm_fir_interpolate_q31.c **** 
 271:Drivers/CMSIS/DSP/Source/FilteringFunctions/arm_fir_interpolate_q31.c ****         /* Read the coefficient */
 272:Drivers/CMSIS/DSP/Source/FilteringFunctions/arm_fir_interpolate_q31.c ****         c0 = *(ptr2);
 273:Drivers/CMSIS/DSP/Source/FilteringFunctions/arm_fir_interpolate_q31.c **** 
 274:Drivers/CMSIS/DSP/Source/FilteringFunctions/arm_fir_interpolate_q31.c ****         /* Increment the coefficient pointer by interpolation factor times. */
 275:Drivers/CMSIS/DSP/Source/FilteringFunctions/arm_fir_interpolate_q31.c ****         ptr2 += S->L;
 276:Drivers/CMSIS/DSP/Source/FilteringFunctions/arm_fir_interpolate_q31.c **** 
 277:Drivers/CMSIS/DSP/Source/FilteringFunctions/arm_fir_interpolate_q31.c ****         /* Read the input sample */
 278:Drivers/CMSIS/DSP/Source/FilteringFunctions/arm_fir_interpolate_q31.c ****         x0 = *(ptr1++);
 279:Drivers/CMSIS/DSP/Source/FilteringFunctions/arm_fir_interpolate_q31.c **** 
 280:Drivers/CMSIS/DSP/Source/FilteringFunctions/arm_fir_interpolate_q31.c ****         /* Perform the multiply-accumulate */
 281:Drivers/CMSIS/DSP/Source/FilteringFunctions/arm_fir_interpolate_q31.c ****         sum0 += (q63_t) x0 *c0;
 282:Drivers/CMSIS/DSP/Source/FilteringFunctions/arm_fir_interpolate_q31.c **** 
 283:Drivers/CMSIS/DSP/Source/FilteringFunctions/arm_fir_interpolate_q31.c ****         /* Read the coefficient */
 284:Drivers/CMSIS/DSP/Source/FilteringFunctions/arm_fir_interpolate_q31.c ****         c0 = *(ptr2);
 285:Drivers/CMSIS/DSP/Source/FilteringFunctions/arm_fir_interpolate_q31.c **** 
 286:Drivers/CMSIS/DSP/Source/FilteringFunctions/arm_fir_interpolate_q31.c ****         /* Increment the coefficient pointer by interpolation factor times. */
 287:Drivers/CMSIS/DSP/Source/FilteringFunctions/arm_fir_interpolate_q31.c ****         ptr2 += S->L;
 288:Drivers/CMSIS/DSP/Source/FilteringFunctions/arm_fir_interpolate_q31.c **** 
 289:Drivers/CMSIS/DSP/Source/FilteringFunctions/arm_fir_interpolate_q31.c ****         /* Read the input sample */
 290:Drivers/CMSIS/DSP/Source/FilteringFunctions/arm_fir_interpolate_q31.c ****         x0 = *(ptr1++);
 291:Drivers/CMSIS/DSP/Source/FilteringFunctions/arm_fir_interpolate_q31.c **** 
 292:Drivers/CMSIS/DSP/Source/FilteringFunctions/arm_fir_interpolate_q31.c ****         /* Perform the multiply-accumulate */
 293:Drivers/CMSIS/DSP/Source/FilteringFunctions/arm_fir_interpolate_q31.c ****         sum0 += (q63_t) x0 *c0;
 294:Drivers/CMSIS/DSP/Source/FilteringFunctions/arm_fir_interpolate_q31.c **** 
 295:Drivers/CMSIS/DSP/Source/FilteringFunctions/arm_fir_interpolate_q31.c ****         /* Read the coefficient */
 296:Drivers/CMSIS/DSP/Source/FilteringFunctions/arm_fir_interpolate_q31.c ****         c0 = *(ptr2);
 297:Drivers/CMSIS/DSP/Source/FilteringFunctions/arm_fir_interpolate_q31.c **** 
 298:Drivers/CMSIS/DSP/Source/FilteringFunctions/arm_fir_interpolate_q31.c ****         /* Increment the coefficient pointer by interpolation factor times. */
 299:Drivers/CMSIS/DSP/Source/FilteringFunctions/arm_fir_interpolate_q31.c ****         ptr2 += S->L;
 300:Drivers/CMSIS/DSP/Source/FilteringFunctions/arm_fir_interpolate_q31.c **** 
 301:Drivers/CMSIS/DSP/Source/FilteringFunctions/arm_fir_interpolate_q31.c ****         /* Read the input sample */
 302:Drivers/CMSIS/DSP/Source/FilteringFunctions/arm_fir_interpolate_q31.c ****         x0 = *(ptr1++);
 303:Drivers/CMSIS/DSP/Source/FilteringFunctions/arm_fir_interpolate_q31.c **** 
 304:Drivers/CMSIS/DSP/Source/FilteringFunctions/arm_fir_interpolate_q31.c ****         /* Perform the multiply-accumulate */
 305:Drivers/CMSIS/DSP/Source/FilteringFunctions/arm_fir_interpolate_q31.c ****         sum0 += (q63_t) x0 *c0;
 306:Drivers/CMSIS/DSP/Source/FilteringFunctions/arm_fir_interpolate_q31.c **** 
 307:Drivers/CMSIS/DSP/Source/FilteringFunctions/arm_fir_interpolate_q31.c ****         /* Decrement the loop counter */
 308:Drivers/CMSIS/DSP/Source/FilteringFunctions/arm_fir_interpolate_q31.c ****         tapCnt--;
 309:Drivers/CMSIS/DSP/Source/FilteringFunctions/arm_fir_interpolate_q31.c ****       }
 310:Drivers/CMSIS/DSP/Source/FilteringFunctions/arm_fir_interpolate_q31.c **** 
 311:Drivers/CMSIS/DSP/Source/FilteringFunctions/arm_fir_interpolate_q31.c ****       /* If the polyPhase length is not a multiple of 4, compute the remaining filter taps */
 312:Drivers/CMSIS/DSP/Source/FilteringFunctions/arm_fir_interpolate_q31.c ****       tapCnt = phaseLen & 0x3U;
 313:Drivers/CMSIS/DSP/Source/FilteringFunctions/arm_fir_interpolate_q31.c **** 
 314:Drivers/CMSIS/DSP/Source/FilteringFunctions/arm_fir_interpolate_q31.c ****       while (tapCnt > 0U)
 315:Drivers/CMSIS/DSP/Source/FilteringFunctions/arm_fir_interpolate_q31.c ****       {
 316:Drivers/CMSIS/DSP/Source/FilteringFunctions/arm_fir_interpolate_q31.c ****         /* Read the coefficient */
ARM GAS  C:\Users\Lamp\AppData\Local\Temp\ccjqy4iZ.s 			page 7


 317:Drivers/CMSIS/DSP/Source/FilteringFunctions/arm_fir_interpolate_q31.c ****         c0 = *(ptr2);
 318:Drivers/CMSIS/DSP/Source/FilteringFunctions/arm_fir_interpolate_q31.c **** 
 319:Drivers/CMSIS/DSP/Source/FilteringFunctions/arm_fir_interpolate_q31.c ****         /* Increment the coefficient pointer by interpolation factor times. */
 320:Drivers/CMSIS/DSP/Source/FilteringFunctions/arm_fir_interpolate_q31.c ****         ptr2 += S->L;
 321:Drivers/CMSIS/DSP/Source/FilteringFunctions/arm_fir_interpolate_q31.c **** 
 322:Drivers/CMSIS/DSP/Source/FilteringFunctions/arm_fir_interpolate_q31.c ****         /* Read the input sample */
 323:Drivers/CMSIS/DSP/Source/FilteringFunctions/arm_fir_interpolate_q31.c ****         x0 = *(ptr1++);
 324:Drivers/CMSIS/DSP/Source/FilteringFunctions/arm_fir_interpolate_q31.c **** 
 325:Drivers/CMSIS/DSP/Source/FilteringFunctions/arm_fir_interpolate_q31.c ****         /* Perform the multiply-accumulate */
 326:Drivers/CMSIS/DSP/Source/FilteringFunctions/arm_fir_interpolate_q31.c ****         sum0 += (q63_t) x0 *c0;
 327:Drivers/CMSIS/DSP/Source/FilteringFunctions/arm_fir_interpolate_q31.c **** 
 328:Drivers/CMSIS/DSP/Source/FilteringFunctions/arm_fir_interpolate_q31.c ****         /* Decrement the loop counter */
 329:Drivers/CMSIS/DSP/Source/FilteringFunctions/arm_fir_interpolate_q31.c ****         tapCnt--;
 330:Drivers/CMSIS/DSP/Source/FilteringFunctions/arm_fir_interpolate_q31.c ****       }
 331:Drivers/CMSIS/DSP/Source/FilteringFunctions/arm_fir_interpolate_q31.c **** 
 332:Drivers/CMSIS/DSP/Source/FilteringFunctions/arm_fir_interpolate_q31.c ****       /* The result is in the accumulator, store in the destination buffer. */
 333:Drivers/CMSIS/DSP/Source/FilteringFunctions/arm_fir_interpolate_q31.c ****       *pDst++ = (q31_t) (sum0 >> 31);
 334:Drivers/CMSIS/DSP/Source/FilteringFunctions/arm_fir_interpolate_q31.c **** 
 335:Drivers/CMSIS/DSP/Source/FilteringFunctions/arm_fir_interpolate_q31.c ****       /* Increment the address modifier index of coefficient buffer */
 336:Drivers/CMSIS/DSP/Source/FilteringFunctions/arm_fir_interpolate_q31.c ****       j++;
 337:Drivers/CMSIS/DSP/Source/FilteringFunctions/arm_fir_interpolate_q31.c **** 
 338:Drivers/CMSIS/DSP/Source/FilteringFunctions/arm_fir_interpolate_q31.c ****       /* Decrement the loop counter */
 339:Drivers/CMSIS/DSP/Source/FilteringFunctions/arm_fir_interpolate_q31.c ****       i--;
 340:Drivers/CMSIS/DSP/Source/FilteringFunctions/arm_fir_interpolate_q31.c ****     }
 341:Drivers/CMSIS/DSP/Source/FilteringFunctions/arm_fir_interpolate_q31.c **** 
 342:Drivers/CMSIS/DSP/Source/FilteringFunctions/arm_fir_interpolate_q31.c ****     /* Advance the state pointer by 1
 343:Drivers/CMSIS/DSP/Source/FilteringFunctions/arm_fir_interpolate_q31.c ****      * to process the next group of interpolation factor number samples */
 344:Drivers/CMSIS/DSP/Source/FilteringFunctions/arm_fir_interpolate_q31.c ****     pState = pState + 1;
 345:Drivers/CMSIS/DSP/Source/FilteringFunctions/arm_fir_interpolate_q31.c **** 
 346:Drivers/CMSIS/DSP/Source/FilteringFunctions/arm_fir_interpolate_q31.c ****     /* Decrement the loop counter */
 347:Drivers/CMSIS/DSP/Source/FilteringFunctions/arm_fir_interpolate_q31.c ****     blkCnt--;
 348:Drivers/CMSIS/DSP/Source/FilteringFunctions/arm_fir_interpolate_q31.c ****   }
 349:Drivers/CMSIS/DSP/Source/FilteringFunctions/arm_fir_interpolate_q31.c **** 
 350:Drivers/CMSIS/DSP/Source/FilteringFunctions/arm_fir_interpolate_q31.c ****   /* Processing is complete.
 351:Drivers/CMSIS/DSP/Source/FilteringFunctions/arm_fir_interpolate_q31.c ****    ** Now copy the last phaseLen - 1 samples to the satrt of the state buffer.
 352:Drivers/CMSIS/DSP/Source/FilteringFunctions/arm_fir_interpolate_q31.c ****    ** This prepares the state buffer for the next function call. */
 353:Drivers/CMSIS/DSP/Source/FilteringFunctions/arm_fir_interpolate_q31.c **** 
 354:Drivers/CMSIS/DSP/Source/FilteringFunctions/arm_fir_interpolate_q31.c ****   /* Points to the start of the state buffer */
 355:Drivers/CMSIS/DSP/Source/FilteringFunctions/arm_fir_interpolate_q31.c ****   pStateCurnt = S->pState;
 356:Drivers/CMSIS/DSP/Source/FilteringFunctions/arm_fir_interpolate_q31.c **** 
 357:Drivers/CMSIS/DSP/Source/FilteringFunctions/arm_fir_interpolate_q31.c ****   tapCnt = (phaseLen - 1U) >> 2U;
 358:Drivers/CMSIS/DSP/Source/FilteringFunctions/arm_fir_interpolate_q31.c **** 
 359:Drivers/CMSIS/DSP/Source/FilteringFunctions/arm_fir_interpolate_q31.c ****   /* copy data */
 360:Drivers/CMSIS/DSP/Source/FilteringFunctions/arm_fir_interpolate_q31.c ****   while (tapCnt > 0U)
 361:Drivers/CMSIS/DSP/Source/FilteringFunctions/arm_fir_interpolate_q31.c ****   {
 362:Drivers/CMSIS/DSP/Source/FilteringFunctions/arm_fir_interpolate_q31.c ****     *pStateCurnt++ = *pState++;
 363:Drivers/CMSIS/DSP/Source/FilteringFunctions/arm_fir_interpolate_q31.c ****     *pStateCurnt++ = *pState++;
 364:Drivers/CMSIS/DSP/Source/FilteringFunctions/arm_fir_interpolate_q31.c ****     *pStateCurnt++ = *pState++;
 365:Drivers/CMSIS/DSP/Source/FilteringFunctions/arm_fir_interpolate_q31.c ****     *pStateCurnt++ = *pState++;
 366:Drivers/CMSIS/DSP/Source/FilteringFunctions/arm_fir_interpolate_q31.c **** 
 367:Drivers/CMSIS/DSP/Source/FilteringFunctions/arm_fir_interpolate_q31.c ****     /* Decrement the loop counter */
 368:Drivers/CMSIS/DSP/Source/FilteringFunctions/arm_fir_interpolate_q31.c ****     tapCnt--;
 369:Drivers/CMSIS/DSP/Source/FilteringFunctions/arm_fir_interpolate_q31.c ****   }
 370:Drivers/CMSIS/DSP/Source/FilteringFunctions/arm_fir_interpolate_q31.c **** 
 371:Drivers/CMSIS/DSP/Source/FilteringFunctions/arm_fir_interpolate_q31.c ****   tapCnt = (phaseLen - 1U) % 0x04U;
 372:Drivers/CMSIS/DSP/Source/FilteringFunctions/arm_fir_interpolate_q31.c **** 
 373:Drivers/CMSIS/DSP/Source/FilteringFunctions/arm_fir_interpolate_q31.c ****   /* copy data */
ARM GAS  C:\Users\Lamp\AppData\Local\Temp\ccjqy4iZ.s 			page 8


 374:Drivers/CMSIS/DSP/Source/FilteringFunctions/arm_fir_interpolate_q31.c ****   while (tapCnt > 0U)
 375:Drivers/CMSIS/DSP/Source/FilteringFunctions/arm_fir_interpolate_q31.c ****   {
 376:Drivers/CMSIS/DSP/Source/FilteringFunctions/arm_fir_interpolate_q31.c ****     *pStateCurnt++ = *pState++;
 377:Drivers/CMSIS/DSP/Source/FilteringFunctions/arm_fir_interpolate_q31.c **** 
 378:Drivers/CMSIS/DSP/Source/FilteringFunctions/arm_fir_interpolate_q31.c ****     /* Decrement the loop counter */
 379:Drivers/CMSIS/DSP/Source/FilteringFunctions/arm_fir_interpolate_q31.c ****     tapCnt--;
 380:Drivers/CMSIS/DSP/Source/FilteringFunctions/arm_fir_interpolate_q31.c ****   }
 381:Drivers/CMSIS/DSP/Source/FilteringFunctions/arm_fir_interpolate_q31.c **** 
 382:Drivers/CMSIS/DSP/Source/FilteringFunctions/arm_fir_interpolate_q31.c **** }
 383:Drivers/CMSIS/DSP/Source/FilteringFunctions/arm_fir_interpolate_q31.c **** 
 384:Drivers/CMSIS/DSP/Source/FilteringFunctions/arm_fir_interpolate_q31.c **** 
 385:Drivers/CMSIS/DSP/Source/FilteringFunctions/arm_fir_interpolate_q31.c **** #else
 386:Drivers/CMSIS/DSP/Source/FilteringFunctions/arm_fir_interpolate_q31.c **** 
 387:Drivers/CMSIS/DSP/Source/FilteringFunctions/arm_fir_interpolate_q31.c **** void arm_fir_interpolate_q31(
 388:Drivers/CMSIS/DSP/Source/FilteringFunctions/arm_fir_interpolate_q31.c ****   const arm_fir_interpolate_instance_q31 * S,
 389:Drivers/CMSIS/DSP/Source/FilteringFunctions/arm_fir_interpolate_q31.c ****   q31_t * pSrc,
 390:Drivers/CMSIS/DSP/Source/FilteringFunctions/arm_fir_interpolate_q31.c ****   q31_t * pDst,
 391:Drivers/CMSIS/DSP/Source/FilteringFunctions/arm_fir_interpolate_q31.c ****   uint32_t blockSize)
 392:Drivers/CMSIS/DSP/Source/FilteringFunctions/arm_fir_interpolate_q31.c **** {
  28              		.loc 1 392 1 view -0
  29              		.cfi_startproc
  30              		@ args = 0, pretend = 0, frame = 16
  31              		@ frame_needed = 0, uses_anonymous_args = 0
  32              		.loc 1 392 1 is_stmt 0 view .LVU1
  33 0000 2DE9F04F 		push	{r4, r5, r6, r7, r8, r9, r10, fp, lr}
  34              	.LCFI0:
  35              		.cfi_def_cfa_offset 36
  36              		.cfi_offset 4, -36
  37              		.cfi_offset 5, -32
  38              		.cfi_offset 6, -28
  39              		.cfi_offset 7, -24
  40              		.cfi_offset 8, -20
  41              		.cfi_offset 9, -16
  42              		.cfi_offset 10, -12
  43              		.cfi_offset 11, -8
  44              		.cfi_offset 14, -4
  45 0004 85B0     		sub	sp, sp, #20
  46              	.LCFI1:
  47              		.cfi_def_cfa_offset 56
  48 0006 0746     		mov	r7, r0
  49 0008 8A46     		mov	r10, r1
  50 000a 1146     		mov	r1, r2
  51              	.LVL1:
  52              		.loc 1 392 1 view .LVU2
  53 000c 1846     		mov	r0, r3
  54              	.LVL2:
 393:Drivers/CMSIS/DSP/Source/FilteringFunctions/arm_fir_interpolate_q31.c ****   q31_t *pState = S->pState;                     /* State pointer */
  55              		.loc 1 393 3 is_stmt 1 view .LVU3
  56              		.loc 1 393 10 is_stmt 0 view .LVU4
  57 000e D7F808B0 		ldr	fp, [r7, #8]
  58              	.LVL3:
 394:Drivers/CMSIS/DSP/Source/FilteringFunctions/arm_fir_interpolate_q31.c ****   q31_t *pCoeffs = S->pCoeffs;                   /* Coefficient pointer */
  59              		.loc 1 394 3 is_stmt 1 view .LVU5
  60              		.loc 1 394 10 is_stmt 0 view .LVU6
  61 0012 D7F80480 		ldr	r8, [r7, #4]
  62              	.LVL4:
 395:Drivers/CMSIS/DSP/Source/FilteringFunctions/arm_fir_interpolate_q31.c ****   q31_t *pStateCurnt;                            /* Points to the current sample of the state */
ARM GAS  C:\Users\Lamp\AppData\Local\Temp\ccjqy4iZ.s 			page 9


  63              		.loc 1 395 3 is_stmt 1 view .LVU7
 396:Drivers/CMSIS/DSP/Source/FilteringFunctions/arm_fir_interpolate_q31.c ****   q31_t *ptr1, *ptr2;                            /* Temporary pointers for state and coefficient bu
  64              		.loc 1 396 3 view .LVU8
 397:Drivers/CMSIS/DSP/Source/FilteringFunctions/arm_fir_interpolate_q31.c **** 
 398:Drivers/CMSIS/DSP/Source/FilteringFunctions/arm_fir_interpolate_q31.c ****   /* Run the below code for Cortex-M0 */
 399:Drivers/CMSIS/DSP/Source/FilteringFunctions/arm_fir_interpolate_q31.c **** 
 400:Drivers/CMSIS/DSP/Source/FilteringFunctions/arm_fir_interpolate_q31.c ****   q63_t sum;                                     /* Accumulator */
  65              		.loc 1 400 3 view .LVU9
 401:Drivers/CMSIS/DSP/Source/FilteringFunctions/arm_fir_interpolate_q31.c ****   q31_t x0, c0;                                  /* Temporary variables to hold state and coefficie
  66              		.loc 1 401 3 view .LVU10
 402:Drivers/CMSIS/DSP/Source/FilteringFunctions/arm_fir_interpolate_q31.c ****   uint32_t i, blkCnt;                            /* Loop counters */
  67              		.loc 1 402 3 view .LVU11
 403:Drivers/CMSIS/DSP/Source/FilteringFunctions/arm_fir_interpolate_q31.c ****   uint16_t phaseLen = S->phaseLength, tapCnt;    /* Length of each polyphase filter component */
  68              		.loc 1 403 3 view .LVU12
  69              		.loc 1 403 12 is_stmt 0 view .LVU13
  70 0016 7B88     		ldrh	r3, [r7, #2]
  71              	.LVL5:
 404:Drivers/CMSIS/DSP/Source/FilteringFunctions/arm_fir_interpolate_q31.c **** 
 405:Drivers/CMSIS/DSP/Source/FilteringFunctions/arm_fir_interpolate_q31.c **** 
 406:Drivers/CMSIS/DSP/Source/FilteringFunctions/arm_fir_interpolate_q31.c ****   /* S->pState buffer contains previous frame (phaseLen - 1) samples */
 407:Drivers/CMSIS/DSP/Source/FilteringFunctions/arm_fir_interpolate_q31.c ****   /* pStateCurnt points to the location where the new input data should be written */
 408:Drivers/CMSIS/DSP/Source/FilteringFunctions/arm_fir_interpolate_q31.c ****   pStateCurnt = S->pState + ((q31_t) phaseLen - 1);
  72              		.loc 1 408 3 is_stmt 1 view .LVU14
  73              		.loc 1 408 27 is_stmt 0 view .LVU15
  74 0018 03F18049 		add	r9, r3, #1073741824
  75 001c 09F1FF39 		add	r9, r9, #-1
  76              		.loc 1 408 15 view .LVU16
  77 0020 0BEB8909 		add	r9, fp, r9, lsl #2
  78              	.LVL6:
 409:Drivers/CMSIS/DSP/Source/FilteringFunctions/arm_fir_interpolate_q31.c **** 
 410:Drivers/CMSIS/DSP/Source/FilteringFunctions/arm_fir_interpolate_q31.c ****   /* Total number of intput samples */
 411:Drivers/CMSIS/DSP/Source/FilteringFunctions/arm_fir_interpolate_q31.c ****   blkCnt = blockSize;
  79              		.loc 1 411 3 is_stmt 1 view .LVU17
 412:Drivers/CMSIS/DSP/Source/FilteringFunctions/arm_fir_interpolate_q31.c **** 
 413:Drivers/CMSIS/DSP/Source/FilteringFunctions/arm_fir_interpolate_q31.c ****   /* Loop over the blockSize. */
 414:Drivers/CMSIS/DSP/Source/FilteringFunctions/arm_fir_interpolate_q31.c ****   while (blkCnt > 0U)
  80              		.loc 1 414 3 view .LVU18
  81 0024 CDF80C80 		str	r8, [sp, #12]
  82 0028 0293     		str	r3, [sp, #8]
  83 002a 5446     		mov	r4, r10
  84 002c CA46     		mov	r10, r9
  85              	.LVL7:
  86              		.loc 1 414 3 is_stmt 0 view .LVU19
  87 002e 0546     		mov	r5, r0
  88              		.loc 1 414 9 view .LVU20
  89 0030 39E0     		b	.L2
  90              	.LVL8:
  91              	.L5:
 415:Drivers/CMSIS/DSP/Source/FilteringFunctions/arm_fir_interpolate_q31.c ****   {
 416:Drivers/CMSIS/DSP/Source/FilteringFunctions/arm_fir_interpolate_q31.c ****     /* Copy new input sample into the state buffer */
 417:Drivers/CMSIS/DSP/Source/FilteringFunctions/arm_fir_interpolate_q31.c ****     *pStateCurnt++ = *pSrc++;
 418:Drivers/CMSIS/DSP/Source/FilteringFunctions/arm_fir_interpolate_q31.c **** 
 419:Drivers/CMSIS/DSP/Source/FilteringFunctions/arm_fir_interpolate_q31.c ****     /* Loop over the Interpolation factor. */
 420:Drivers/CMSIS/DSP/Source/FilteringFunctions/arm_fir_interpolate_q31.c ****     i = S->L;
 421:Drivers/CMSIS/DSP/Source/FilteringFunctions/arm_fir_interpolate_q31.c **** 
 422:Drivers/CMSIS/DSP/Source/FilteringFunctions/arm_fir_interpolate_q31.c ****     while (i > 0U)
 423:Drivers/CMSIS/DSP/Source/FilteringFunctions/arm_fir_interpolate_q31.c ****     {
ARM GAS  C:\Users\Lamp\AppData\Local\Temp\ccjqy4iZ.s 			page 10


 424:Drivers/CMSIS/DSP/Source/FilteringFunctions/arm_fir_interpolate_q31.c ****       /* Set accumulator to zero */
 425:Drivers/CMSIS/DSP/Source/FilteringFunctions/arm_fir_interpolate_q31.c ****       sum = 0;
 426:Drivers/CMSIS/DSP/Source/FilteringFunctions/arm_fir_interpolate_q31.c **** 
 427:Drivers/CMSIS/DSP/Source/FilteringFunctions/arm_fir_interpolate_q31.c ****       /* Initialize state pointer */
 428:Drivers/CMSIS/DSP/Source/FilteringFunctions/arm_fir_interpolate_q31.c ****       ptr1 = pState;
 429:Drivers/CMSIS/DSP/Source/FilteringFunctions/arm_fir_interpolate_q31.c **** 
 430:Drivers/CMSIS/DSP/Source/FilteringFunctions/arm_fir_interpolate_q31.c ****       /* Initialize coefficient pointer */
 431:Drivers/CMSIS/DSP/Source/FilteringFunctions/arm_fir_interpolate_q31.c ****       ptr2 = pCoeffs + (i - 1U);
 432:Drivers/CMSIS/DSP/Source/FilteringFunctions/arm_fir_interpolate_q31.c **** 
 433:Drivers/CMSIS/DSP/Source/FilteringFunctions/arm_fir_interpolate_q31.c ****       tapCnt = phaseLen;
 434:Drivers/CMSIS/DSP/Source/FilteringFunctions/arm_fir_interpolate_q31.c **** 
 435:Drivers/CMSIS/DSP/Source/FilteringFunctions/arm_fir_interpolate_q31.c ****       while (tapCnt > 0U)
 436:Drivers/CMSIS/DSP/Source/FilteringFunctions/arm_fir_interpolate_q31.c ****       {
 437:Drivers/CMSIS/DSP/Source/FilteringFunctions/arm_fir_interpolate_q31.c ****         /* Read the coefficient */
 438:Drivers/CMSIS/DSP/Source/FilteringFunctions/arm_fir_interpolate_q31.c ****         c0 = *(ptr2);
  92              		.loc 1 438 9 is_stmt 1 view .LVU21
  93              		.loc 1 438 12 is_stmt 0 view .LVU22
  94 0032 DEF80030 		ldr	r3, [lr]
  95              	.LVL9:
 439:Drivers/CMSIS/DSP/Source/FilteringFunctions/arm_fir_interpolate_q31.c **** 
 440:Drivers/CMSIS/DSP/Source/FilteringFunctions/arm_fir_interpolate_q31.c ****         /* Increment the coefficient pointer by interpolation factor times. */
 441:Drivers/CMSIS/DSP/Source/FilteringFunctions/arm_fir_interpolate_q31.c ****         ptr2 += S->L;
  96              		.loc 1 441 9 is_stmt 1 view .LVU23
  97              		.loc 1 441 18 is_stmt 0 view .LVU24
  98 0036 3878     		ldrb	r0, [r7]	@ zero_extendqisi2
  99              		.loc 1 441 14 view .LVU25
 100 0038 0EEB800E 		add	lr, lr, r0, lsl #2
 101              	.LVL10:
 442:Drivers/CMSIS/DSP/Source/FilteringFunctions/arm_fir_interpolate_q31.c **** 
 443:Drivers/CMSIS/DSP/Source/FilteringFunctions/arm_fir_interpolate_q31.c ****         /* Read the input sample */
 444:Drivers/CMSIS/DSP/Source/FilteringFunctions/arm_fir_interpolate_q31.c ****         x0 = *ptr1++;
 102              		.loc 1 444 9 is_stmt 1 view .LVU26
 103              		.loc 1 444 12 is_stmt 0 view .LVU27
 104 003c 5CF8040B 		ldr	r0, [ip], #4
 105              	.LVL11:
 445:Drivers/CMSIS/DSP/Source/FilteringFunctions/arm_fir_interpolate_q31.c **** 
 446:Drivers/CMSIS/DSP/Source/FilteringFunctions/arm_fir_interpolate_q31.c ****         /* Perform the multiply-accumulate */
 447:Drivers/CMSIS/DSP/Source/FilteringFunctions/arm_fir_interpolate_q31.c ****         sum += (q63_t) x0 *c0;
 106              		.loc 1 447 9 is_stmt 1 view .LVU28
 107              		.loc 1 447 16 is_stmt 0 view .LVU29
 108 0040 4FEAE078 		asr	r8, r0, #31
 109              		.loc 1 447 27 view .LVU30
 110 0044 4FEAE37A 		asr	r10, r3, #31
 111 0048 03FB08F8 		mul	r8, r3, r8
 112 004c 00FB0A88 		mla	r8, r0, r10, r8
 113 0050 A3FB0030 		umull	r3, r0, r3, r0
 114              	.LVL12:
 115              		.loc 1 447 27 view .LVU31
 116 0054 8044     		add	r8, r8, r0
 117              		.loc 1 447 13 view .LVU32
 118 0056 1B19     		adds	r3, r3, r4
 119 0058 1C46     		mov	r4, r3
 120              	.LVL13:
 121              		.loc 1 447 13 view .LVU33
 122 005a 48EB0909 		adc	r9, r8, r9
 123              	.LVL14:
 448:Drivers/CMSIS/DSP/Source/FilteringFunctions/arm_fir_interpolate_q31.c **** 
ARM GAS  C:\Users\Lamp\AppData\Local\Temp\ccjqy4iZ.s 			page 11


 449:Drivers/CMSIS/DSP/Source/FilteringFunctions/arm_fir_interpolate_q31.c ****         /* Decrement the loop counter */
 450:Drivers/CMSIS/DSP/Source/FilteringFunctions/arm_fir_interpolate_q31.c ****         tapCnt--;
 124              		.loc 1 450 9 is_stmt 1 view .LVU34
 125              		.loc 1 450 15 is_stmt 0 view .LVU35
 126 005e 013A     		subs	r2, r2, #1
 127              	.LVL15:
 128              		.loc 1 450 15 view .LVU36
 129 0060 92B2     		uxth	r2, r2
 130              	.LVL16:
 131              	.L4:
 435:Drivers/CMSIS/DSP/Source/FilteringFunctions/arm_fir_interpolate_q31.c ****       {
 132              		.loc 1 435 21 is_stmt 1 view .LVU37
 133 0062 002A     		cmp	r2, #0
 134 0064 E5D1     		bne	.L5
 451:Drivers/CMSIS/DSP/Source/FilteringFunctions/arm_fir_interpolate_q31.c ****       }
 452:Drivers/CMSIS/DSP/Source/FilteringFunctions/arm_fir_interpolate_q31.c **** 
 453:Drivers/CMSIS/DSP/Source/FilteringFunctions/arm_fir_interpolate_q31.c ****       /* The result is in the accumulator, store in the destination buffer. */
 454:Drivers/CMSIS/DSP/Source/FilteringFunctions/arm_fir_interpolate_q31.c ****       *pDst++ = (q31_t) (sum >> 31);
 135              		.loc 1 454 30 is_stmt 0 view .LVU38
 136 0066 009B     		ldr	r3, [sp]
 137 0068 5A46     		mov	r2, fp
 138              	.LVL17:
 139              		.loc 1 454 7 is_stmt 1 view .LVU39
 140              		.loc 1 454 30 is_stmt 0 view .LVU40
 141 006a E40F     		lsrs	r4, r4, #31
 142              	.LVL18:
 143              		.loc 1 454 30 view .LVU41
 144 006c 44EA4904 		orr	r4, r4, r9, lsl #1
 145              	.LVL19:
 146              		.loc 1 454 15 view .LVU42
 147 0070 41F8044B 		str	r4, [r1], #4
 148              	.LVL20:
 455:Drivers/CMSIS/DSP/Source/FilteringFunctions/arm_fir_interpolate_q31.c **** 
 456:Drivers/CMSIS/DSP/Source/FilteringFunctions/arm_fir_interpolate_q31.c ****       /* Decrement the loop counter */
 457:Drivers/CMSIS/DSP/Source/FilteringFunctions/arm_fir_interpolate_q31.c ****       i--;
 149              		.loc 1 457 7 is_stmt 1 view .LVU43
 150              		.loc 1 457 8 is_stmt 0 view .LVU44
 151 0074 013B     		subs	r3, r3, #1
 152              	.LVL21:
 153              	.L3:
 422:Drivers/CMSIS/DSP/Source/FilteringFunctions/arm_fir_interpolate_q31.c ****     {
 154              		.loc 1 422 14 is_stmt 1 view .LVU45
 155 0076 7BB1     		cbz	r3, .L11
 425:Drivers/CMSIS/DSP/Source/FilteringFunctions/arm_fir_interpolate_q31.c **** 
 156              		.loc 1 425 7 view .LVU46
 157              	.LVL22:
 428:Drivers/CMSIS/DSP/Source/FilteringFunctions/arm_fir_interpolate_q31.c **** 
 158              		.loc 1 428 7 view .LVU47
 431:Drivers/CMSIS/DSP/Source/FilteringFunctions/arm_fir_interpolate_q31.c **** 
 159              		.loc 1 431 7 view .LVU48
 431:Drivers/CMSIS/DSP/Source/FilteringFunctions/arm_fir_interpolate_q31.c **** 
 160              		.loc 1 431 22 is_stmt 0 view .LVU49
 161 0078 03F1804E 		add	lr, r3, #1073741824
 162 007c 0EF1FF3E 		add	lr, lr, #-1
 431:Drivers/CMSIS/DSP/Source/FilteringFunctions/arm_fir_interpolate_q31.c **** 
 163              		.loc 1 431 12 view .LVU50
 164 0080 0398     		ldr	r0, [sp, #12]
ARM GAS  C:\Users\Lamp\AppData\Local\Temp\ccjqy4iZ.s 			page 12


 165 0082 00EB8E0E 		add	lr, r0, lr, lsl #2
 166              	.LVL23:
 433:Drivers/CMSIS/DSP/Source/FilteringFunctions/arm_fir_interpolate_q31.c **** 
 167              		.loc 1 433 7 is_stmt 1 view .LVU51
 435:Drivers/CMSIS/DSP/Source/FilteringFunctions/arm_fir_interpolate_q31.c ****       {
 168              		.loc 1 435 7 view .LVU52
 433:Drivers/CMSIS/DSP/Source/FilteringFunctions/arm_fir_interpolate_q31.c **** 
 169              		.loc 1 433 14 is_stmt 0 view .LVU53
 170 0086 0298     		ldr	r0, [sp, #8]
 428:Drivers/CMSIS/DSP/Source/FilteringFunctions/arm_fir_interpolate_q31.c **** 
 171              		.loc 1 428 12 view .LVU54
 172 0088 DDF804C0 		ldr	ip, [sp, #4]
 425:Drivers/CMSIS/DSP/Source/FilteringFunctions/arm_fir_interpolate_q31.c **** 
 173              		.loc 1 425 11 view .LVU55
 174 008c 0024     		movs	r4, #0
 175 008e A146     		mov	r9, r4
 176 0090 0093     		str	r3, [sp]
 177 0092 9346     		mov	fp, r2
 178 0094 0246     		mov	r2, r0
 179              	.LVL24:
 435:Drivers/CMSIS/DSP/Source/FilteringFunctions/arm_fir_interpolate_q31.c ****       {
 180              		.loc 1 435 13 view .LVU56
 181 0096 E4E7     		b	.L4
 182              	.LVL25:
 183              	.L11:
 458:Drivers/CMSIS/DSP/Source/FilteringFunctions/arm_fir_interpolate_q31.c ****     }
 459:Drivers/CMSIS/DSP/Source/FilteringFunctions/arm_fir_interpolate_q31.c **** 
 460:Drivers/CMSIS/DSP/Source/FilteringFunctions/arm_fir_interpolate_q31.c ****     /* Advance the state pointer by 1
 461:Drivers/CMSIS/DSP/Source/FilteringFunctions/arm_fir_interpolate_q31.c ****      * to process the next group of interpolation factor number samples */
 462:Drivers/CMSIS/DSP/Source/FilteringFunctions/arm_fir_interpolate_q31.c ****     pState = pState + 1;
 184              		.loc 1 462 12 view .LVU57
 185 0098 DDF804B0 		ldr	fp, [sp, #4]
 186 009c 1446     		mov	r4, r2
 187 009e AA46     		mov	r10, r5
 188              		.loc 1 462 5 is_stmt 1 view .LVU58
 189              		.loc 1 462 12 is_stmt 0 view .LVU59
 190 00a0 0BF1040B 		add	fp, fp, #4
 191              	.LVL26:
 463:Drivers/CMSIS/DSP/Source/FilteringFunctions/arm_fir_interpolate_q31.c **** 
 464:Drivers/CMSIS/DSP/Source/FilteringFunctions/arm_fir_interpolate_q31.c ****     /* Decrement the loop counter */
 465:Drivers/CMSIS/DSP/Source/FilteringFunctions/arm_fir_interpolate_q31.c ****     blkCnt--;
 192              		.loc 1 465 5 is_stmt 1 view .LVU60
 193              		.loc 1 465 11 is_stmt 0 view .LVU61
 194 00a4 751E     		subs	r5, r6, #1
 195              	.LVL27:
 196              	.L2:
 414:Drivers/CMSIS/DSP/Source/FilteringFunctions/arm_fir_interpolate_q31.c ****   {
 197              		.loc 1 414 17 is_stmt 1 view .LVU62
 198 00a6 5DB1     		cbz	r5, .L12
 417:Drivers/CMSIS/DSP/Source/FilteringFunctions/arm_fir_interpolate_q31.c **** 
 199              		.loc 1 417 5 view .LVU63
 200              	.LVL28:
 417:Drivers/CMSIS/DSP/Source/FilteringFunctions/arm_fir_interpolate_q31.c **** 
 201              		.loc 1 417 22 is_stmt 0 view .LVU64
 202 00a8 54F8042B 		ldr	r2, [r4], #4
 203              	.LVL29:
 417:Drivers/CMSIS/DSP/Source/FilteringFunctions/arm_fir_interpolate_q31.c **** 
ARM GAS  C:\Users\Lamp\AppData\Local\Temp\ccjqy4iZ.s 			page 13


 204              		.loc 1 417 20 view .LVU65
 205 00ac 4AF8042B 		str	r2, [r10], #4
 206              	.LVL30:
 420:Drivers/CMSIS/DSP/Source/FilteringFunctions/arm_fir_interpolate_q31.c **** 
 207              		.loc 1 420 5 is_stmt 1 view .LVU66
 420:Drivers/CMSIS/DSP/Source/FilteringFunctions/arm_fir_interpolate_q31.c **** 
 208              		.loc 1 420 10 is_stmt 0 view .LVU67
 209 00b0 3878     		ldrb	r0, [r7]	@ zero_extendqisi2
 210              	.LVL31:
 422:Drivers/CMSIS/DSP/Source/FilteringFunctions/arm_fir_interpolate_q31.c ****     {
 211              		.loc 1 422 5 is_stmt 1 view .LVU68
 212 00b2 CDF804B0 		str	fp, [sp, #4]
 213 00b6 0346     		mov	r3, r0
 214 00b8 2246     		mov	r2, r4
 215 00ba 2E46     		mov	r6, r5
 216 00bc 5546     		mov	r5, r10
 217              	.LVL32:
 422:Drivers/CMSIS/DSP/Source/FilteringFunctions/arm_fir_interpolate_q31.c ****     {
 218              		.loc 1 422 11 is_stmt 0 view .LVU69
 219 00be DAE7     		b	.L3
 220              	.LVL33:
 221              	.L12:
 466:Drivers/CMSIS/DSP/Source/FilteringFunctions/arm_fir_interpolate_q31.c ****   }
 467:Drivers/CMSIS/DSP/Source/FilteringFunctions/arm_fir_interpolate_q31.c **** 
 468:Drivers/CMSIS/DSP/Source/FilteringFunctions/arm_fir_interpolate_q31.c ****   /* Processing is complete.
 469:Drivers/CMSIS/DSP/Source/FilteringFunctions/arm_fir_interpolate_q31.c ****    ** Now copy the last phaseLen - 1 samples to the satrt of the state buffer.
 470:Drivers/CMSIS/DSP/Source/FilteringFunctions/arm_fir_interpolate_q31.c ****    ** This prepares the state buffer for the next function call. */
 471:Drivers/CMSIS/DSP/Source/FilteringFunctions/arm_fir_interpolate_q31.c **** 
 472:Drivers/CMSIS/DSP/Source/FilteringFunctions/arm_fir_interpolate_q31.c ****   /* Points to the start of the state buffer */
 473:Drivers/CMSIS/DSP/Source/FilteringFunctions/arm_fir_interpolate_q31.c ****   pStateCurnt = S->pState;
 222              		.loc 1 473 15 view .LVU70
 223 00c0 029B     		ldr	r3, [sp, #8]
 224              		.loc 1 473 3 is_stmt 1 view .LVU71
 225              		.loc 1 473 15 is_stmt 0 view .LVU72
 226 00c2 BA68     		ldr	r2, [r7, #8]
 227              	.LVL34:
 474:Drivers/CMSIS/DSP/Source/FilteringFunctions/arm_fir_interpolate_q31.c **** 
 475:Drivers/CMSIS/DSP/Source/FilteringFunctions/arm_fir_interpolate_q31.c ****   tapCnt = phaseLen - 1U;
 228              		.loc 1 475 3 is_stmt 1 view .LVU73
 229              		.loc 1 475 10 is_stmt 0 view .LVU74
 230 00c4 013B     		subs	r3, r3, #1
 231 00c6 9BB2     		uxth	r3, r3
 232              	.LVL35:
 476:Drivers/CMSIS/DSP/Source/FilteringFunctions/arm_fir_interpolate_q31.c **** 
 477:Drivers/CMSIS/DSP/Source/FilteringFunctions/arm_fir_interpolate_q31.c ****   /* copy data */
 478:Drivers/CMSIS/DSP/Source/FilteringFunctions/arm_fir_interpolate_q31.c ****   while (tapCnt > 0U)
 233              		.loc 1 478 3 is_stmt 1 view .LVU75
 234 00c8 5946     		mov	r1, fp
 235              	.LVL36:
 236              		.loc 1 478 9 is_stmt 0 view .LVU76
 237 00ca 05E0     		b	.L8
 238              	.LVL37:
 239              	.L9:
 479:Drivers/CMSIS/DSP/Source/FilteringFunctions/arm_fir_interpolate_q31.c ****   {
 480:Drivers/CMSIS/DSP/Source/FilteringFunctions/arm_fir_interpolate_q31.c ****     *pStateCurnt++ = *pState++;
 240              		.loc 1 480 5 is_stmt 1 view .LVU77
 241              		.loc 1 480 22 is_stmt 0 view .LVU78
ARM GAS  C:\Users\Lamp\AppData\Local\Temp\ccjqy4iZ.s 			page 14


 242 00cc 51F8040B 		ldr	r0, [r1], #4
 243              	.LVL38:
 244              		.loc 1 480 20 view .LVU79
 245 00d0 42F8040B 		str	r0, [r2], #4
 246              	.LVL39:
 481:Drivers/CMSIS/DSP/Source/FilteringFunctions/arm_fir_interpolate_q31.c **** 
 482:Drivers/CMSIS/DSP/Source/FilteringFunctions/arm_fir_interpolate_q31.c ****     /* Decrement the loop counter */
 483:Drivers/CMSIS/DSP/Source/FilteringFunctions/arm_fir_interpolate_q31.c ****     tapCnt--;
 247              		.loc 1 483 5 is_stmt 1 view .LVU80
 248              		.loc 1 483 11 is_stmt 0 view .LVU81
 249 00d4 013B     		subs	r3, r3, #1
 250              	.LVL40:
 251              		.loc 1 483 11 view .LVU82
 252 00d6 9BB2     		uxth	r3, r3
 253              	.LVL41:
 254              	.L8:
 478:Drivers/CMSIS/DSP/Source/FilteringFunctions/arm_fir_interpolate_q31.c ****   {
 255              		.loc 1 478 17 is_stmt 1 view .LVU83
 256 00d8 002B     		cmp	r3, #0
 257 00da F7D1     		bne	.L9
 484:Drivers/CMSIS/DSP/Source/FilteringFunctions/arm_fir_interpolate_q31.c ****   }
 485:Drivers/CMSIS/DSP/Source/FilteringFunctions/arm_fir_interpolate_q31.c **** 
 486:Drivers/CMSIS/DSP/Source/FilteringFunctions/arm_fir_interpolate_q31.c **** }
 258              		.loc 1 486 1 is_stmt 0 view .LVU84
 259 00dc 05B0     		add	sp, sp, #20
 260              	.LCFI2:
 261              		.cfi_def_cfa_offset 36
 262              		@ sp needed
 263 00de BDE8F08F 		pop	{r4, r5, r6, r7, r8, r9, r10, fp, pc}
 264              		.loc 1 486 1 view .LVU85
 265              		.cfi_endproc
 266              	.LFE100:
 268              		.text
 269              	.Letext0:
 270              		.file 2 "C:/ARM GNU Toolchain/arm-none-eabi/include/machine/_default_types.h"
 271              		.file 3 "C:/ARM GNU Toolchain/arm-none-eabi/include/sys/_stdint.h"
 272              		.file 4 "Drivers/CMSIS/DSP/Include/arm_math.h"
ARM GAS  C:\Users\Lamp\AppData\Local\Temp\ccjqy4iZ.s 			page 15


DEFINED SYMBOLS
                            *ABS*:00000000 arm_fir_interpolate_q31.c
C:\Users\Lamp\AppData\Local\Temp\ccjqy4iZ.s:19     .text.arm_fir_interpolate_q31:00000000 $t
C:\Users\Lamp\AppData\Local\Temp\ccjqy4iZ.s:25     .text.arm_fir_interpolate_q31:00000000 arm_fir_interpolate_q31

NO UNDEFINED SYMBOLS
