ARM GAS  C:\Users\Lamp\AppData\Local\Temp\cczzTVQs.s 			page 1


   1              		.cpu cortex-m3
   2              		.arch armv7-m
   3              		.fpu softvfp
   4              		.eabi_attribute 20, 1
   5              		.eabi_attribute 21, 1
   6              		.eabi_attribute 23, 3
   7              		.eabi_attribute 24, 1
   8              		.eabi_attribute 25, 1
   9              		.eabi_attribute 26, 1
  10              		.eabi_attribute 30, 1
  11              		.eabi_attribute 34, 1
  12              		.eabi_attribute 18, 4
  13              		.file	"arm_sin_q15.c"
  14              		.text
  15              	.Ltext0:
  16              		.cfi_sections	.debug_frame
  17              		.file 1 "Drivers/CMSIS/DSP/Source/FastMathFunctions/arm_sin_q15.c"
  18              		.section	.text.arm_sin_q15,"ax",%progbits
  19              		.align	1
  20              		.global	arm_sin_q15
  21              		.syntax unified
  22              		.thumb
  23              		.thumb_func
  25              	arm_sin_q15:
  26              	.LVL0:
  27              	.LFB100:
   1:Drivers/CMSIS/DSP/Source/FastMathFunctions/arm_sin_q15.c **** /* ----------------------------------------------------------------------
   2:Drivers/CMSIS/DSP/Source/FastMathFunctions/arm_sin_q15.c ****  * Project:      CMSIS DSP Library
   3:Drivers/CMSIS/DSP/Source/FastMathFunctions/arm_sin_q15.c ****  * Title:        arm_sin_q15.c
   4:Drivers/CMSIS/DSP/Source/FastMathFunctions/arm_sin_q15.c ****  * Description:  Fast sine calculation for Q15 values
   5:Drivers/CMSIS/DSP/Source/FastMathFunctions/arm_sin_q15.c ****  *
   6:Drivers/CMSIS/DSP/Source/FastMathFunctions/arm_sin_q15.c ****  * $Date:        27. January 2017
   7:Drivers/CMSIS/DSP/Source/FastMathFunctions/arm_sin_q15.c ****  * $Revision:    V.1.5.1
   8:Drivers/CMSIS/DSP/Source/FastMathFunctions/arm_sin_q15.c ****  *
   9:Drivers/CMSIS/DSP/Source/FastMathFunctions/arm_sin_q15.c ****  * Target Processor: Cortex-M cores
  10:Drivers/CMSIS/DSP/Source/FastMathFunctions/arm_sin_q15.c ****  * -------------------------------------------------------------------- */
  11:Drivers/CMSIS/DSP/Source/FastMathFunctions/arm_sin_q15.c **** /*
  12:Drivers/CMSIS/DSP/Source/FastMathFunctions/arm_sin_q15.c ****  * Copyright (C) 2010-2017 ARM Limited or its affiliates. All rights reserved.
  13:Drivers/CMSIS/DSP/Source/FastMathFunctions/arm_sin_q15.c ****  *
  14:Drivers/CMSIS/DSP/Source/FastMathFunctions/arm_sin_q15.c ****  * SPDX-License-Identifier: Apache-2.0
  15:Drivers/CMSIS/DSP/Source/FastMathFunctions/arm_sin_q15.c ****  *
  16:Drivers/CMSIS/DSP/Source/FastMathFunctions/arm_sin_q15.c ****  * Licensed under the Apache License, Version 2.0 (the License); you may
  17:Drivers/CMSIS/DSP/Source/FastMathFunctions/arm_sin_q15.c ****  * not use this file except in compliance with the License.
  18:Drivers/CMSIS/DSP/Source/FastMathFunctions/arm_sin_q15.c ****  * You may obtain a copy of the License at
  19:Drivers/CMSIS/DSP/Source/FastMathFunctions/arm_sin_q15.c ****  *
  20:Drivers/CMSIS/DSP/Source/FastMathFunctions/arm_sin_q15.c ****  * www.apache.org/licenses/LICENSE-2.0
  21:Drivers/CMSIS/DSP/Source/FastMathFunctions/arm_sin_q15.c ****  *
  22:Drivers/CMSIS/DSP/Source/FastMathFunctions/arm_sin_q15.c ****  * Unless required by applicable law or agreed to in writing, software
  23:Drivers/CMSIS/DSP/Source/FastMathFunctions/arm_sin_q15.c ****  * distributed under the License is distributed on an AS IS BASIS, WITHOUT
  24:Drivers/CMSIS/DSP/Source/FastMathFunctions/arm_sin_q15.c ****  * WARRANTIES OR CONDITIONS OF ANY KIND, either express or implied.
  25:Drivers/CMSIS/DSP/Source/FastMathFunctions/arm_sin_q15.c ****  * See the License for the specific language governing permissions and
  26:Drivers/CMSIS/DSP/Source/FastMathFunctions/arm_sin_q15.c ****  * limitations under the License.
  27:Drivers/CMSIS/DSP/Source/FastMathFunctions/arm_sin_q15.c ****  */
  28:Drivers/CMSIS/DSP/Source/FastMathFunctions/arm_sin_q15.c **** 
  29:Drivers/CMSIS/DSP/Source/FastMathFunctions/arm_sin_q15.c **** #include "arm_math.h"
  30:Drivers/CMSIS/DSP/Source/FastMathFunctions/arm_sin_q15.c **** #include "arm_common_tables.h"
  31:Drivers/CMSIS/DSP/Source/FastMathFunctions/arm_sin_q15.c **** 
ARM GAS  C:\Users\Lamp\AppData\Local\Temp\cczzTVQs.s 			page 2


  32:Drivers/CMSIS/DSP/Source/FastMathFunctions/arm_sin_q15.c **** /**
  33:Drivers/CMSIS/DSP/Source/FastMathFunctions/arm_sin_q15.c ****  * @ingroup groupFastMath
  34:Drivers/CMSIS/DSP/Source/FastMathFunctions/arm_sin_q15.c ****  */
  35:Drivers/CMSIS/DSP/Source/FastMathFunctions/arm_sin_q15.c **** 
  36:Drivers/CMSIS/DSP/Source/FastMathFunctions/arm_sin_q15.c ****  /**
  37:Drivers/CMSIS/DSP/Source/FastMathFunctions/arm_sin_q15.c ****  * @addtogroup sin
  38:Drivers/CMSIS/DSP/Source/FastMathFunctions/arm_sin_q15.c ****  * @{
  39:Drivers/CMSIS/DSP/Source/FastMathFunctions/arm_sin_q15.c ****  */
  40:Drivers/CMSIS/DSP/Source/FastMathFunctions/arm_sin_q15.c **** 
  41:Drivers/CMSIS/DSP/Source/FastMathFunctions/arm_sin_q15.c **** /**
  42:Drivers/CMSIS/DSP/Source/FastMathFunctions/arm_sin_q15.c ****  * @brief Fast approximation to the trigonometric sine function for Q15 data.
  43:Drivers/CMSIS/DSP/Source/FastMathFunctions/arm_sin_q15.c ****  * @param[in] x Scaled input value in radians.
  44:Drivers/CMSIS/DSP/Source/FastMathFunctions/arm_sin_q15.c ****  * @return  sin(x).
  45:Drivers/CMSIS/DSP/Source/FastMathFunctions/arm_sin_q15.c ****  *
  46:Drivers/CMSIS/DSP/Source/FastMathFunctions/arm_sin_q15.c ****  * The Q15 input value is in the range [0 +0.9999] and is mapped to a radian value in the range [0 
  47:Drivers/CMSIS/DSP/Source/FastMathFunctions/arm_sin_q15.c ****  */
  48:Drivers/CMSIS/DSP/Source/FastMathFunctions/arm_sin_q15.c **** 
  49:Drivers/CMSIS/DSP/Source/FastMathFunctions/arm_sin_q15.c **** q15_t arm_sin_q15(
  50:Drivers/CMSIS/DSP/Source/FastMathFunctions/arm_sin_q15.c ****   q15_t x)
  51:Drivers/CMSIS/DSP/Source/FastMathFunctions/arm_sin_q15.c **** {
  28              		.loc 1 51 1 view -0
  29              		.cfi_startproc
  30              		@ args = 0, pretend = 0, frame = 0
  31              		@ frame_needed = 0, uses_anonymous_args = 0
  32              		@ link register save eliminated.
  52:Drivers/CMSIS/DSP/Source/FastMathFunctions/arm_sin_q15.c ****   q15_t sinVal;                                  /* Temporary variables for input, output */
  33              		.loc 1 52 3 view .LVU1
  53:Drivers/CMSIS/DSP/Source/FastMathFunctions/arm_sin_q15.c ****   int32_t index;                                 /* Index variables */
  34              		.loc 1 53 3 view .LVU2
  54:Drivers/CMSIS/DSP/Source/FastMathFunctions/arm_sin_q15.c ****   q15_t a, b;                                    /* Four nearest output values */
  35              		.loc 1 54 3 view .LVU3
  55:Drivers/CMSIS/DSP/Source/FastMathFunctions/arm_sin_q15.c ****   q15_t fract;                                   /* Temporary values for fractional values */
  36              		.loc 1 55 3 view .LVU4
  56:Drivers/CMSIS/DSP/Source/FastMathFunctions/arm_sin_q15.c **** 
  57:Drivers/CMSIS/DSP/Source/FastMathFunctions/arm_sin_q15.c ****   /* Calculate the nearest index */
  58:Drivers/CMSIS/DSP/Source/FastMathFunctions/arm_sin_q15.c ****   index = (uint32_t)x >> FAST_MATH_Q15_SHIFT;
  37              		.loc 1 58 3 view .LVU5
  38              		.loc 1 58 23 is_stmt 0 view .LVU6
  39 0000 8209     		lsrs	r2, r0, #6
  40              	.LVL1:
  59:Drivers/CMSIS/DSP/Source/FastMathFunctions/arm_sin_q15.c **** 
  60:Drivers/CMSIS/DSP/Source/FastMathFunctions/arm_sin_q15.c ****   /* Calculation of fractional value */
  61:Drivers/CMSIS/DSP/Source/FastMathFunctions/arm_sin_q15.c ****   fract = (x - (index << FAST_MATH_Q15_SHIFT)) << 9;
  41              		.loc 1 61 3 is_stmt 1 view .LVU7
  42              		.loc 1 61 9 is_stmt 0 view .LVU8
  43 0002 00F03F00 		and	r0, r0, #63
  44              	.LVL2:
  45              		.loc 1 61 9 view .LVU9
  46 0006 4302     		lsls	r3, r0, #9
  47              	.LVL3:
  62:Drivers/CMSIS/DSP/Source/FastMathFunctions/arm_sin_q15.c **** 
  63:Drivers/CMSIS/DSP/Source/FastMathFunctions/arm_sin_q15.c ****   /* Read two nearest values of input value from the sin table */
  64:Drivers/CMSIS/DSP/Source/FastMathFunctions/arm_sin_q15.c ****   a = sinTable_q15[index];
  48              		.loc 1 64 3 is_stmt 1 view .LVU10
  49              		.loc 1 64 5 is_stmt 0 view .LVU11
  50 0008 0849     		ldr	r1, .L2
  51 000a 31F91200 		ldrsh	r0, [r1, r2, lsl #1]
ARM GAS  C:\Users\Lamp\AppData\Local\Temp\cczzTVQs.s 			page 3


  52              	.LVL4:
  65:Drivers/CMSIS/DSP/Source/FastMathFunctions/arm_sin_q15.c ****   b = sinTable_q15[index+1];
  53              		.loc 1 65 3 is_stmt 1 view .LVU12
  54              		.loc 1 65 25 is_stmt 0 view .LVU13
  55 000e 0132     		adds	r2, r2, #1
  56              	.LVL5:
  57              		.loc 1 65 5 view .LVU14
  58 0010 31F91220 		ldrsh	r2, [r1, r2, lsl #1]
  59              	.LVL6:
  66:Drivers/CMSIS/DSP/Source/FastMathFunctions/arm_sin_q15.c **** 
  67:Drivers/CMSIS/DSP/Source/FastMathFunctions/arm_sin_q15.c ****   /* Linear interpolation process */
  68:Drivers/CMSIS/DSP/Source/FastMathFunctions/arm_sin_q15.c ****   sinVal = (q31_t)(0x8000-fract)*a >> 16;
  60              		.loc 1 68 3 is_stmt 1 view .LVU15
  61              		.loc 1 68 26 is_stmt 0 view .LVU16
  62 0014 C3F50041 		rsb	r1, r3, #32768
  63              	.LVL7:
  64              		.loc 1 68 33 view .LVU17
  65 0018 01FB00F0 		mul	r0, r1, r0
  66              	.LVL8:
  69:Drivers/CMSIS/DSP/Source/FastMathFunctions/arm_sin_q15.c ****   sinVal = (q15_t)((((q31_t)sinVal << 16) + ((q31_t)fract*b)) >> 16);
  67              		.loc 1 69 3 is_stmt 1 view .LVU18
  68              		.loc 1 69 36 is_stmt 0 view .LVU19
  69 001c 6FF30F00 		bfc	r0, #0, #16
  70              	.LVL9:
  71              		.loc 1 69 43 view .LVU20
  72 0020 03FB0200 		mla	r0, r3, r2, r0
  73              		.loc 1 69 10 view .LVU21
  74 0024 0014     		asrs	r0, r0, #16
  75              	.LVL10:
  70:Drivers/CMSIS/DSP/Source/FastMathFunctions/arm_sin_q15.c **** 
  71:Drivers/CMSIS/DSP/Source/FastMathFunctions/arm_sin_q15.c ****   return sinVal << 1;
  76              		.loc 1 71 3 is_stmt 1 view .LVU22
  77              		.loc 1 71 17 is_stmt 0 view .LVU23
  78 0026 4000     		lsls	r0, r0, #1
  79              	.LVL11:
  72:Drivers/CMSIS/DSP/Source/FastMathFunctions/arm_sin_q15.c **** }
  80              		.loc 1 72 1 view .LVU24
  81 0028 00B2     		sxth	r0, r0
  82 002a 7047     		bx	lr
  83              	.L3:
  84              		.align	2
  85              	.L2:
  86 002c 00000000 		.word	sinTable_q15
  87              		.cfi_endproc
  88              	.LFE100:
  90              		.text
  91              	.Letext0:
  92              		.file 2 "C:/ARM GNU Toolchain/arm-none-eabi/include/machine/_default_types.h"
  93              		.file 3 "C:/ARM GNU Toolchain/arm-none-eabi/include/sys/_stdint.h"
  94              		.file 4 "Drivers/CMSIS/DSP/Include/arm_math.h"
  95              		.file 5 "Drivers/CMSIS/DSP/Include/arm_common_tables.h"
ARM GAS  C:\Users\Lamp\AppData\Local\Temp\cczzTVQs.s 			page 4


DEFINED SYMBOLS
                            *ABS*:00000000 arm_sin_q15.c
C:\Users\Lamp\AppData\Local\Temp\cczzTVQs.s:19     .text.arm_sin_q15:00000000 $t
C:\Users\Lamp\AppData\Local\Temp\cczzTVQs.s:25     .text.arm_sin_q15:00000000 arm_sin_q15
C:\Users\Lamp\AppData\Local\Temp\cczzTVQs.s:86     .text.arm_sin_q15:0000002c $d

UNDEFINED SYMBOLS
sinTable_q15
