ARM GAS  C:\Users\Lamp\AppData\Local\Temp\cchTcpdj.s 			page 1


   1              		.cpu cortex-m3
   2              		.arch armv7-m
   3              		.fpu softvfp
   4              		.eabi_attribute 20, 1
   5              		.eabi_attribute 21, 1
   6              		.eabi_attribute 23, 3
   7              		.eabi_attribute 24, 1
   8              		.eabi_attribute 25, 1
   9              		.eabi_attribute 26, 1
  10              		.eabi_attribute 30, 1
  11              		.eabi_attribute 34, 1
  12              		.eabi_attribute 18, 4
  13              		.file	"arm_cmplx_mult_real_q15.c"
  14              		.text
  15              	.Ltext0:
  16              		.cfi_sections	.debug_frame
  17              		.file 1 "Drivers/CMSIS/DSP/Source/ComplexMathFunctions/arm_cmplx_mult_real_q15.c"
  18              		.section	.text.arm_cmplx_mult_real_q15,"ax",%progbits
  19              		.align	1
  20              		.global	arm_cmplx_mult_real_q15
  21              		.syntax unified
  22              		.thumb
  23              		.thumb_func
  25              	arm_cmplx_mult_real_q15:
  26              	.LVL0:
  27              	.LFB100:
   1:Drivers/CMSIS/DSP/Source/ComplexMathFunctions/arm_cmplx_mult_real_q15.c **** /* ----------------------------------------------------------------------
   2:Drivers/CMSIS/DSP/Source/ComplexMathFunctions/arm_cmplx_mult_real_q15.c ****  * Project:      CMSIS DSP Library
   3:Drivers/CMSIS/DSP/Source/ComplexMathFunctions/arm_cmplx_mult_real_q15.c ****  * Title:        arm_cmplx_mult_real_q15.c
   4:Drivers/CMSIS/DSP/Source/ComplexMathFunctions/arm_cmplx_mult_real_q15.c ****  * Description:  Q15 complex by real multiplication
   5:Drivers/CMSIS/DSP/Source/ComplexMathFunctions/arm_cmplx_mult_real_q15.c ****  *
   6:Drivers/CMSIS/DSP/Source/ComplexMathFunctions/arm_cmplx_mult_real_q15.c ****  * $Date:        27. January 2017
   7:Drivers/CMSIS/DSP/Source/ComplexMathFunctions/arm_cmplx_mult_real_q15.c ****  * $Revision:    V.1.5.1
   8:Drivers/CMSIS/DSP/Source/ComplexMathFunctions/arm_cmplx_mult_real_q15.c ****  *
   9:Drivers/CMSIS/DSP/Source/ComplexMathFunctions/arm_cmplx_mult_real_q15.c ****  * Target Processor: Cortex-M cores
  10:Drivers/CMSIS/DSP/Source/ComplexMathFunctions/arm_cmplx_mult_real_q15.c ****  * -------------------------------------------------------------------- */
  11:Drivers/CMSIS/DSP/Source/ComplexMathFunctions/arm_cmplx_mult_real_q15.c **** /*
  12:Drivers/CMSIS/DSP/Source/ComplexMathFunctions/arm_cmplx_mult_real_q15.c ****  * Copyright (C) 2010-2017 ARM Limited or its affiliates. All rights reserved.
  13:Drivers/CMSIS/DSP/Source/ComplexMathFunctions/arm_cmplx_mult_real_q15.c ****  *
  14:Drivers/CMSIS/DSP/Source/ComplexMathFunctions/arm_cmplx_mult_real_q15.c ****  * SPDX-License-Identifier: Apache-2.0
  15:Drivers/CMSIS/DSP/Source/ComplexMathFunctions/arm_cmplx_mult_real_q15.c ****  *
  16:Drivers/CMSIS/DSP/Source/ComplexMathFunctions/arm_cmplx_mult_real_q15.c ****  * Licensed under the Apache License, Version 2.0 (the License); you may
  17:Drivers/CMSIS/DSP/Source/ComplexMathFunctions/arm_cmplx_mult_real_q15.c ****  * not use this file except in compliance with the License.
  18:Drivers/CMSIS/DSP/Source/ComplexMathFunctions/arm_cmplx_mult_real_q15.c ****  * You may obtain a copy of the License at
  19:Drivers/CMSIS/DSP/Source/ComplexMathFunctions/arm_cmplx_mult_real_q15.c ****  *
  20:Drivers/CMSIS/DSP/Source/ComplexMathFunctions/arm_cmplx_mult_real_q15.c ****  * www.apache.org/licenses/LICENSE-2.0
  21:Drivers/CMSIS/DSP/Source/ComplexMathFunctions/arm_cmplx_mult_real_q15.c ****  *
  22:Drivers/CMSIS/DSP/Source/ComplexMathFunctions/arm_cmplx_mult_real_q15.c ****  * Unless required by applicable law or agreed to in writing, software
  23:Drivers/CMSIS/DSP/Source/ComplexMathFunctions/arm_cmplx_mult_real_q15.c ****  * distributed under the License is distributed on an AS IS BASIS, WITHOUT
  24:Drivers/CMSIS/DSP/Source/ComplexMathFunctions/arm_cmplx_mult_real_q15.c ****  * WARRANTIES OR CONDITIONS OF ANY KIND, either express or implied.
  25:Drivers/CMSIS/DSP/Source/ComplexMathFunctions/arm_cmplx_mult_real_q15.c ****  * See the License for the specific language governing permissions and
  26:Drivers/CMSIS/DSP/Source/ComplexMathFunctions/arm_cmplx_mult_real_q15.c ****  * limitations under the License.
  27:Drivers/CMSIS/DSP/Source/ComplexMathFunctions/arm_cmplx_mult_real_q15.c ****  */
  28:Drivers/CMSIS/DSP/Source/ComplexMathFunctions/arm_cmplx_mult_real_q15.c **** 
  29:Drivers/CMSIS/DSP/Source/ComplexMathFunctions/arm_cmplx_mult_real_q15.c **** #include "arm_math.h"
  30:Drivers/CMSIS/DSP/Source/ComplexMathFunctions/arm_cmplx_mult_real_q15.c **** 
  31:Drivers/CMSIS/DSP/Source/ComplexMathFunctions/arm_cmplx_mult_real_q15.c **** /**
ARM GAS  C:\Users\Lamp\AppData\Local\Temp\cchTcpdj.s 			page 2


  32:Drivers/CMSIS/DSP/Source/ComplexMathFunctions/arm_cmplx_mult_real_q15.c ****  * @ingroup groupCmplxMath
  33:Drivers/CMSIS/DSP/Source/ComplexMathFunctions/arm_cmplx_mult_real_q15.c ****  */
  34:Drivers/CMSIS/DSP/Source/ComplexMathFunctions/arm_cmplx_mult_real_q15.c **** 
  35:Drivers/CMSIS/DSP/Source/ComplexMathFunctions/arm_cmplx_mult_real_q15.c **** /**
  36:Drivers/CMSIS/DSP/Source/ComplexMathFunctions/arm_cmplx_mult_real_q15.c ****  * @addtogroup CmplxByRealMult
  37:Drivers/CMSIS/DSP/Source/ComplexMathFunctions/arm_cmplx_mult_real_q15.c ****  * @{
  38:Drivers/CMSIS/DSP/Source/ComplexMathFunctions/arm_cmplx_mult_real_q15.c ****  */
  39:Drivers/CMSIS/DSP/Source/ComplexMathFunctions/arm_cmplx_mult_real_q15.c **** 
  40:Drivers/CMSIS/DSP/Source/ComplexMathFunctions/arm_cmplx_mult_real_q15.c **** 
  41:Drivers/CMSIS/DSP/Source/ComplexMathFunctions/arm_cmplx_mult_real_q15.c **** /**
  42:Drivers/CMSIS/DSP/Source/ComplexMathFunctions/arm_cmplx_mult_real_q15.c ****  * @brief  Q15 complex-by-real multiplication
  43:Drivers/CMSIS/DSP/Source/ComplexMathFunctions/arm_cmplx_mult_real_q15.c ****  * @param[in]  *pSrcCmplx points to the complex input vector
  44:Drivers/CMSIS/DSP/Source/ComplexMathFunctions/arm_cmplx_mult_real_q15.c ****  * @param[in]  *pSrcReal points to the real input vector
  45:Drivers/CMSIS/DSP/Source/ComplexMathFunctions/arm_cmplx_mult_real_q15.c ****  * @param[out]  *pCmplxDst points to the complex output vector
  46:Drivers/CMSIS/DSP/Source/ComplexMathFunctions/arm_cmplx_mult_real_q15.c ****  * @param[in]  numSamples number of samples in each vector
  47:Drivers/CMSIS/DSP/Source/ComplexMathFunctions/arm_cmplx_mult_real_q15.c ****  * @return none.
  48:Drivers/CMSIS/DSP/Source/ComplexMathFunctions/arm_cmplx_mult_real_q15.c ****  *
  49:Drivers/CMSIS/DSP/Source/ComplexMathFunctions/arm_cmplx_mult_real_q15.c ****  * <b>Scaling and Overflow Behavior:</b>
  50:Drivers/CMSIS/DSP/Source/ComplexMathFunctions/arm_cmplx_mult_real_q15.c ****  * \par
  51:Drivers/CMSIS/DSP/Source/ComplexMathFunctions/arm_cmplx_mult_real_q15.c ****  * The function uses saturating arithmetic.
  52:Drivers/CMSIS/DSP/Source/ComplexMathFunctions/arm_cmplx_mult_real_q15.c ****  * Results outside of the allowable Q15 range [0x8000 0x7FFF] will be saturated.
  53:Drivers/CMSIS/DSP/Source/ComplexMathFunctions/arm_cmplx_mult_real_q15.c ****  */
  54:Drivers/CMSIS/DSP/Source/ComplexMathFunctions/arm_cmplx_mult_real_q15.c **** 
  55:Drivers/CMSIS/DSP/Source/ComplexMathFunctions/arm_cmplx_mult_real_q15.c **** void arm_cmplx_mult_real_q15(
  56:Drivers/CMSIS/DSP/Source/ComplexMathFunctions/arm_cmplx_mult_real_q15.c ****   q15_t * pSrcCmplx,
  57:Drivers/CMSIS/DSP/Source/ComplexMathFunctions/arm_cmplx_mult_real_q15.c ****   q15_t * pSrcReal,
  58:Drivers/CMSIS/DSP/Source/ComplexMathFunctions/arm_cmplx_mult_real_q15.c ****   q15_t * pCmplxDst,
  59:Drivers/CMSIS/DSP/Source/ComplexMathFunctions/arm_cmplx_mult_real_q15.c ****   uint32_t numSamples)
  60:Drivers/CMSIS/DSP/Source/ComplexMathFunctions/arm_cmplx_mult_real_q15.c **** {
  28              		.loc 1 60 1 view -0
  29              		.cfi_startproc
  30              		@ args = 0, pretend = 0, frame = 0
  31              		@ frame_needed = 0, uses_anonymous_args = 0
  61:Drivers/CMSIS/DSP/Source/ComplexMathFunctions/arm_cmplx_mult_real_q15.c ****   q15_t in;                                      /* Temporary variable to store input value */
  32              		.loc 1 61 3 view .LVU1
  62:Drivers/CMSIS/DSP/Source/ComplexMathFunctions/arm_cmplx_mult_real_q15.c **** 
  63:Drivers/CMSIS/DSP/Source/ComplexMathFunctions/arm_cmplx_mult_real_q15.c **** #if defined (ARM_MATH_DSP)
  64:Drivers/CMSIS/DSP/Source/ComplexMathFunctions/arm_cmplx_mult_real_q15.c **** 
  65:Drivers/CMSIS/DSP/Source/ComplexMathFunctions/arm_cmplx_mult_real_q15.c ****   /* Run the below code for Cortex-M4 and Cortex-M3 */
  66:Drivers/CMSIS/DSP/Source/ComplexMathFunctions/arm_cmplx_mult_real_q15.c ****   uint32_t blkCnt;                               /* loop counters */
  67:Drivers/CMSIS/DSP/Source/ComplexMathFunctions/arm_cmplx_mult_real_q15.c ****   q31_t inA1, inA2;                              /* Temporary variables to hold input data */
  68:Drivers/CMSIS/DSP/Source/ComplexMathFunctions/arm_cmplx_mult_real_q15.c ****   q31_t inB1;                                    /* Temporary variables to hold input data */
  69:Drivers/CMSIS/DSP/Source/ComplexMathFunctions/arm_cmplx_mult_real_q15.c ****   q15_t out1, out2, out3, out4;                  /* Temporary variables to hold output data */
  70:Drivers/CMSIS/DSP/Source/ComplexMathFunctions/arm_cmplx_mult_real_q15.c ****   q31_t mul1, mul2, mul3, mul4;                  /* Temporary variables to hold intermediate data *
  71:Drivers/CMSIS/DSP/Source/ComplexMathFunctions/arm_cmplx_mult_real_q15.c **** 
  72:Drivers/CMSIS/DSP/Source/ComplexMathFunctions/arm_cmplx_mult_real_q15.c ****   /* loop Unrolling */
  73:Drivers/CMSIS/DSP/Source/ComplexMathFunctions/arm_cmplx_mult_real_q15.c ****   blkCnt = numSamples >> 2U;
  74:Drivers/CMSIS/DSP/Source/ComplexMathFunctions/arm_cmplx_mult_real_q15.c **** 
  75:Drivers/CMSIS/DSP/Source/ComplexMathFunctions/arm_cmplx_mult_real_q15.c ****   /* First part of the processing with loop unrolling.  Compute 4 outputs at a time.
  76:Drivers/CMSIS/DSP/Source/ComplexMathFunctions/arm_cmplx_mult_real_q15.c ****    ** a second loop below computes the remaining 1 to 3 samples. */
  77:Drivers/CMSIS/DSP/Source/ComplexMathFunctions/arm_cmplx_mult_real_q15.c ****   while (blkCnt > 0U)
  78:Drivers/CMSIS/DSP/Source/ComplexMathFunctions/arm_cmplx_mult_real_q15.c ****   {
  79:Drivers/CMSIS/DSP/Source/ComplexMathFunctions/arm_cmplx_mult_real_q15.c ****     /* C[2 * i] = A[2 * i] * B[i].            */
  80:Drivers/CMSIS/DSP/Source/ComplexMathFunctions/arm_cmplx_mult_real_q15.c ****     /* C[2 * i + 1] = A[2 * i + 1] * B[i].        */
  81:Drivers/CMSIS/DSP/Source/ComplexMathFunctions/arm_cmplx_mult_real_q15.c ****     /* read complex number both real and imaginary from complex input buffer */
  82:Drivers/CMSIS/DSP/Source/ComplexMathFunctions/arm_cmplx_mult_real_q15.c ****     inA1 = *__SIMD32(pSrcCmplx)++;
  83:Drivers/CMSIS/DSP/Source/ComplexMathFunctions/arm_cmplx_mult_real_q15.c ****     /* read two real values at a time from real input buffer */
ARM GAS  C:\Users\Lamp\AppData\Local\Temp\cchTcpdj.s 			page 3


  84:Drivers/CMSIS/DSP/Source/ComplexMathFunctions/arm_cmplx_mult_real_q15.c ****     inB1 = *__SIMD32(pSrcReal)++;
  85:Drivers/CMSIS/DSP/Source/ComplexMathFunctions/arm_cmplx_mult_real_q15.c ****     /* read complex number both real and imaginary from complex input buffer */
  86:Drivers/CMSIS/DSP/Source/ComplexMathFunctions/arm_cmplx_mult_real_q15.c ****     inA2 = *__SIMD32(pSrcCmplx)++;
  87:Drivers/CMSIS/DSP/Source/ComplexMathFunctions/arm_cmplx_mult_real_q15.c **** 
  88:Drivers/CMSIS/DSP/Source/ComplexMathFunctions/arm_cmplx_mult_real_q15.c ****     /* multiply complex number with real numbers */
  89:Drivers/CMSIS/DSP/Source/ComplexMathFunctions/arm_cmplx_mult_real_q15.c **** #ifndef ARM_MATH_BIG_ENDIAN
  90:Drivers/CMSIS/DSP/Source/ComplexMathFunctions/arm_cmplx_mult_real_q15.c **** 
  91:Drivers/CMSIS/DSP/Source/ComplexMathFunctions/arm_cmplx_mult_real_q15.c ****     mul1 = (q31_t) ((q15_t) (inA1) * (q15_t) (inB1));
  92:Drivers/CMSIS/DSP/Source/ComplexMathFunctions/arm_cmplx_mult_real_q15.c ****     mul2 = (q31_t) ((q15_t) (inA1 >> 16) * (q15_t) (inB1));
  93:Drivers/CMSIS/DSP/Source/ComplexMathFunctions/arm_cmplx_mult_real_q15.c ****     mul3 = (q31_t) ((q15_t) (inA2) * (q15_t) (inB1 >> 16));
  94:Drivers/CMSIS/DSP/Source/ComplexMathFunctions/arm_cmplx_mult_real_q15.c ****     mul4 = (q31_t) ((q15_t) (inA2 >> 16) * (q15_t) (inB1 >> 16));
  95:Drivers/CMSIS/DSP/Source/ComplexMathFunctions/arm_cmplx_mult_real_q15.c **** 
  96:Drivers/CMSIS/DSP/Source/ComplexMathFunctions/arm_cmplx_mult_real_q15.c **** #else
  97:Drivers/CMSIS/DSP/Source/ComplexMathFunctions/arm_cmplx_mult_real_q15.c **** 
  98:Drivers/CMSIS/DSP/Source/ComplexMathFunctions/arm_cmplx_mult_real_q15.c ****     mul2 = (q31_t) ((q15_t) (inA1 >> 16) * (q15_t) (inB1 >> 16));
  99:Drivers/CMSIS/DSP/Source/ComplexMathFunctions/arm_cmplx_mult_real_q15.c ****     mul1 = (q31_t) ((q15_t) inA1 * (q15_t) (inB1 >> 16));
 100:Drivers/CMSIS/DSP/Source/ComplexMathFunctions/arm_cmplx_mult_real_q15.c ****     mul4 = (q31_t) ((q15_t) (inA2 >> 16) * (q15_t) inB1);
 101:Drivers/CMSIS/DSP/Source/ComplexMathFunctions/arm_cmplx_mult_real_q15.c ****     mul3 = (q31_t) ((q15_t) inA2 * (q15_t) inB1);
 102:Drivers/CMSIS/DSP/Source/ComplexMathFunctions/arm_cmplx_mult_real_q15.c **** 
 103:Drivers/CMSIS/DSP/Source/ComplexMathFunctions/arm_cmplx_mult_real_q15.c **** #endif /* #ifndef ARM_MATH_BIG_ENDIAN */
 104:Drivers/CMSIS/DSP/Source/ComplexMathFunctions/arm_cmplx_mult_real_q15.c **** 
 105:Drivers/CMSIS/DSP/Source/ComplexMathFunctions/arm_cmplx_mult_real_q15.c ****     /* saturate the result */
 106:Drivers/CMSIS/DSP/Source/ComplexMathFunctions/arm_cmplx_mult_real_q15.c ****     out1 = (q15_t) __SSAT(mul1 >> 15U, 16);
 107:Drivers/CMSIS/DSP/Source/ComplexMathFunctions/arm_cmplx_mult_real_q15.c ****     out2 = (q15_t) __SSAT(mul2 >> 15U, 16);
 108:Drivers/CMSIS/DSP/Source/ComplexMathFunctions/arm_cmplx_mult_real_q15.c ****     out3 = (q15_t) __SSAT(mul3 >> 15U, 16);
 109:Drivers/CMSIS/DSP/Source/ComplexMathFunctions/arm_cmplx_mult_real_q15.c ****     out4 = (q15_t) __SSAT(mul4 >> 15U, 16);
 110:Drivers/CMSIS/DSP/Source/ComplexMathFunctions/arm_cmplx_mult_real_q15.c **** 
 111:Drivers/CMSIS/DSP/Source/ComplexMathFunctions/arm_cmplx_mult_real_q15.c ****     /* pack real and imaginary outputs and store them to destination */
 112:Drivers/CMSIS/DSP/Source/ComplexMathFunctions/arm_cmplx_mult_real_q15.c ****     *__SIMD32(pCmplxDst)++ = __PKHBT(out1, out2, 16);
 113:Drivers/CMSIS/DSP/Source/ComplexMathFunctions/arm_cmplx_mult_real_q15.c ****     *__SIMD32(pCmplxDst)++ = __PKHBT(out3, out4, 16);
 114:Drivers/CMSIS/DSP/Source/ComplexMathFunctions/arm_cmplx_mult_real_q15.c **** 
 115:Drivers/CMSIS/DSP/Source/ComplexMathFunctions/arm_cmplx_mult_real_q15.c ****     inA1 = *__SIMD32(pSrcCmplx)++;
 116:Drivers/CMSIS/DSP/Source/ComplexMathFunctions/arm_cmplx_mult_real_q15.c ****     inB1 = *__SIMD32(pSrcReal)++;
 117:Drivers/CMSIS/DSP/Source/ComplexMathFunctions/arm_cmplx_mult_real_q15.c ****     inA2 = *__SIMD32(pSrcCmplx)++;
 118:Drivers/CMSIS/DSP/Source/ComplexMathFunctions/arm_cmplx_mult_real_q15.c **** 
 119:Drivers/CMSIS/DSP/Source/ComplexMathFunctions/arm_cmplx_mult_real_q15.c **** #ifndef ARM_MATH_BIG_ENDIAN
 120:Drivers/CMSIS/DSP/Source/ComplexMathFunctions/arm_cmplx_mult_real_q15.c **** 
 121:Drivers/CMSIS/DSP/Source/ComplexMathFunctions/arm_cmplx_mult_real_q15.c ****     mul1 = (q31_t) ((q15_t) (inA1) * (q15_t) (inB1));
 122:Drivers/CMSIS/DSP/Source/ComplexMathFunctions/arm_cmplx_mult_real_q15.c ****     mul2 = (q31_t) ((q15_t) (inA1 >> 16) * (q15_t) (inB1));
 123:Drivers/CMSIS/DSP/Source/ComplexMathFunctions/arm_cmplx_mult_real_q15.c ****     mul3 = (q31_t) ((q15_t) (inA2) * (q15_t) (inB1 >> 16));
 124:Drivers/CMSIS/DSP/Source/ComplexMathFunctions/arm_cmplx_mult_real_q15.c ****     mul4 = (q31_t) ((q15_t) (inA2 >> 16) * (q15_t) (inB1 >> 16));
 125:Drivers/CMSIS/DSP/Source/ComplexMathFunctions/arm_cmplx_mult_real_q15.c **** 
 126:Drivers/CMSIS/DSP/Source/ComplexMathFunctions/arm_cmplx_mult_real_q15.c **** #else
 127:Drivers/CMSIS/DSP/Source/ComplexMathFunctions/arm_cmplx_mult_real_q15.c **** 
 128:Drivers/CMSIS/DSP/Source/ComplexMathFunctions/arm_cmplx_mult_real_q15.c ****     mul2 = (q31_t) ((q15_t) (inA1 >> 16) * (q15_t) (inB1 >> 16));
 129:Drivers/CMSIS/DSP/Source/ComplexMathFunctions/arm_cmplx_mult_real_q15.c ****     mul1 = (q31_t) ((q15_t) inA1 * (q15_t) (inB1 >> 16));
 130:Drivers/CMSIS/DSP/Source/ComplexMathFunctions/arm_cmplx_mult_real_q15.c ****     mul4 = (q31_t) ((q15_t) (inA2 >> 16) * (q15_t) inB1);
 131:Drivers/CMSIS/DSP/Source/ComplexMathFunctions/arm_cmplx_mult_real_q15.c ****     mul3 = (q31_t) ((q15_t) inA2 * (q15_t) inB1);
 132:Drivers/CMSIS/DSP/Source/ComplexMathFunctions/arm_cmplx_mult_real_q15.c **** 
 133:Drivers/CMSIS/DSP/Source/ComplexMathFunctions/arm_cmplx_mult_real_q15.c **** #endif /* #ifndef ARM_MATH_BIG_ENDIAN */
 134:Drivers/CMSIS/DSP/Source/ComplexMathFunctions/arm_cmplx_mult_real_q15.c **** 
 135:Drivers/CMSIS/DSP/Source/ComplexMathFunctions/arm_cmplx_mult_real_q15.c ****     out1 = (q15_t) __SSAT(mul1 >> 15U, 16);
 136:Drivers/CMSIS/DSP/Source/ComplexMathFunctions/arm_cmplx_mult_real_q15.c ****     out2 = (q15_t) __SSAT(mul2 >> 15U, 16);
 137:Drivers/CMSIS/DSP/Source/ComplexMathFunctions/arm_cmplx_mult_real_q15.c ****     out3 = (q15_t) __SSAT(mul3 >> 15U, 16);
 138:Drivers/CMSIS/DSP/Source/ComplexMathFunctions/arm_cmplx_mult_real_q15.c ****     out4 = (q15_t) __SSAT(mul4 >> 15U, 16);
 139:Drivers/CMSIS/DSP/Source/ComplexMathFunctions/arm_cmplx_mult_real_q15.c **** 
 140:Drivers/CMSIS/DSP/Source/ComplexMathFunctions/arm_cmplx_mult_real_q15.c ****     *__SIMD32(pCmplxDst)++ = __PKHBT(out1, out2, 16);
ARM GAS  C:\Users\Lamp\AppData\Local\Temp\cchTcpdj.s 			page 4


 141:Drivers/CMSIS/DSP/Source/ComplexMathFunctions/arm_cmplx_mult_real_q15.c ****     *__SIMD32(pCmplxDst)++ = __PKHBT(out3, out4, 16);
 142:Drivers/CMSIS/DSP/Source/ComplexMathFunctions/arm_cmplx_mult_real_q15.c **** 
 143:Drivers/CMSIS/DSP/Source/ComplexMathFunctions/arm_cmplx_mult_real_q15.c ****     /* Decrement the numSamples loop counter */
 144:Drivers/CMSIS/DSP/Source/ComplexMathFunctions/arm_cmplx_mult_real_q15.c ****     blkCnt--;
 145:Drivers/CMSIS/DSP/Source/ComplexMathFunctions/arm_cmplx_mult_real_q15.c ****   }
 146:Drivers/CMSIS/DSP/Source/ComplexMathFunctions/arm_cmplx_mult_real_q15.c **** 
 147:Drivers/CMSIS/DSP/Source/ComplexMathFunctions/arm_cmplx_mult_real_q15.c ****   /* If the numSamples is not a multiple of 4, compute any remaining output samples here.
 148:Drivers/CMSIS/DSP/Source/ComplexMathFunctions/arm_cmplx_mult_real_q15.c ****    ** No loop unrolling is used. */
 149:Drivers/CMSIS/DSP/Source/ComplexMathFunctions/arm_cmplx_mult_real_q15.c ****   blkCnt = numSamples % 0x4U;
 150:Drivers/CMSIS/DSP/Source/ComplexMathFunctions/arm_cmplx_mult_real_q15.c **** 
 151:Drivers/CMSIS/DSP/Source/ComplexMathFunctions/arm_cmplx_mult_real_q15.c ****   while (blkCnt > 0U)
 152:Drivers/CMSIS/DSP/Source/ComplexMathFunctions/arm_cmplx_mult_real_q15.c ****   {
 153:Drivers/CMSIS/DSP/Source/ComplexMathFunctions/arm_cmplx_mult_real_q15.c ****     /* C[2 * i] = A[2 * i] * B[i].            */
 154:Drivers/CMSIS/DSP/Source/ComplexMathFunctions/arm_cmplx_mult_real_q15.c ****     /* C[2 * i + 1] = A[2 * i + 1] * B[i].        */
 155:Drivers/CMSIS/DSP/Source/ComplexMathFunctions/arm_cmplx_mult_real_q15.c ****     in = *pSrcReal++;
 156:Drivers/CMSIS/DSP/Source/ComplexMathFunctions/arm_cmplx_mult_real_q15.c ****     /* store the result in the destination buffer. */
 157:Drivers/CMSIS/DSP/Source/ComplexMathFunctions/arm_cmplx_mult_real_q15.c ****     *pCmplxDst++ =
 158:Drivers/CMSIS/DSP/Source/ComplexMathFunctions/arm_cmplx_mult_real_q15.c ****       (q15_t) __SSAT((((q31_t) (*pSrcCmplx++) * (in)) >> 15), 16);
 159:Drivers/CMSIS/DSP/Source/ComplexMathFunctions/arm_cmplx_mult_real_q15.c ****     *pCmplxDst++ =
 160:Drivers/CMSIS/DSP/Source/ComplexMathFunctions/arm_cmplx_mult_real_q15.c ****       (q15_t) __SSAT((((q31_t) (*pSrcCmplx++) * (in)) >> 15), 16);
 161:Drivers/CMSIS/DSP/Source/ComplexMathFunctions/arm_cmplx_mult_real_q15.c **** 
 162:Drivers/CMSIS/DSP/Source/ComplexMathFunctions/arm_cmplx_mult_real_q15.c ****     /* Decrement the numSamples loop counter */
 163:Drivers/CMSIS/DSP/Source/ComplexMathFunctions/arm_cmplx_mult_real_q15.c ****     blkCnt--;
 164:Drivers/CMSIS/DSP/Source/ComplexMathFunctions/arm_cmplx_mult_real_q15.c ****   }
 165:Drivers/CMSIS/DSP/Source/ComplexMathFunctions/arm_cmplx_mult_real_q15.c **** 
 166:Drivers/CMSIS/DSP/Source/ComplexMathFunctions/arm_cmplx_mult_real_q15.c **** #else
 167:Drivers/CMSIS/DSP/Source/ComplexMathFunctions/arm_cmplx_mult_real_q15.c **** 
 168:Drivers/CMSIS/DSP/Source/ComplexMathFunctions/arm_cmplx_mult_real_q15.c ****   /* Run the below code for Cortex-M0 */
 169:Drivers/CMSIS/DSP/Source/ComplexMathFunctions/arm_cmplx_mult_real_q15.c **** 
 170:Drivers/CMSIS/DSP/Source/ComplexMathFunctions/arm_cmplx_mult_real_q15.c ****   while (numSamples > 0U)
  33              		.loc 1 170 3 view .LVU2
  34              		.loc 1 170 21 view .LVU3
  35 0000 F3B1     		cbz	r3, .L7
  60:Drivers/CMSIS/DSP/Source/ComplexMathFunctions/arm_cmplx_mult_real_q15.c ****   q15_t in;                                      /* Temporary variable to store input value */
  36              		.loc 1 60 1 is_stmt 0 view .LVU4
  37 0002 30B5     		push	{r4, r5, lr}
  38              	.LCFI0:
  39              		.cfi_def_cfa_offset 12
  40              		.cfi_offset 4, -12
  41              		.cfi_offset 5, -8
  42              		.cfi_offset 14, -4
  43              	.L3:
 171:Drivers/CMSIS/DSP/Source/ComplexMathFunctions/arm_cmplx_mult_real_q15.c ****   {
 172:Drivers/CMSIS/DSP/Source/ComplexMathFunctions/arm_cmplx_mult_real_q15.c ****     /* realOut = realA * realB.            */
 173:Drivers/CMSIS/DSP/Source/ComplexMathFunctions/arm_cmplx_mult_real_q15.c ****     /* imagOut = imagA * realB.                */
 174:Drivers/CMSIS/DSP/Source/ComplexMathFunctions/arm_cmplx_mult_real_q15.c ****     in = *pSrcReal++;
  44              		.loc 1 174 5 is_stmt 1 view .LVU5
  45              	.LVL1:
  46              		.loc 1 174 8 is_stmt 0 view .LVU6
  47 0004 31F902CB 		ldrsh	ip, [r1], #2
  48              	.LVL2:
 175:Drivers/CMSIS/DSP/Source/ComplexMathFunctions/arm_cmplx_mult_real_q15.c ****     /* store the result in the destination buffer. */
 176:Drivers/CMSIS/DSP/Source/ComplexMathFunctions/arm_cmplx_mult_real_q15.c ****     *pCmplxDst++ =
  49              		.loc 1 176 5 is_stmt 1 view .LVU7
  50              	.LBB2:
 177:Drivers/CMSIS/DSP/Source/ComplexMathFunctions/arm_cmplx_mult_real_q15.c ****       (q15_t) __SSAT((((q31_t) (*pSrcCmplx++) * (in)) >> 15), 16);
  51              		.loc 1 177 15 view .LVU8
ARM GAS  C:\Users\Lamp\AppData\Local\Temp\cchTcpdj.s 			page 5


  52              		.loc 1 177 15 is_stmt 0 view .LVU9
  53 0008 0446     		mov	r4, r0
  54 000a 34F904EB 		ldrsh	lr, [r4], #4
  55 000e 0CFB0EFE 		mul	lr, ip, lr
  56 0012 4FEAEE3E 		asr	lr, lr, #15
  57              	.LVL3:
  58              		.loc 1 177 15 is_stmt 1 view .LVU10
  59              		.syntax unified
  60              	@ 177 "Drivers/CMSIS/DSP/Source/ComplexMathFunctions/arm_cmplx_mult_real_q15.c" 1
  61 0016 0EF30F0E 		ssat lr, #16, lr
  62              	@ 0 "" 2
  63              	.LVL4:
  64              		.loc 1 177 15 view .LVU11
  65              		.loc 1 177 15 is_stmt 0 view .LVU12
  66              		.thumb
  67              		.syntax unified
  68              	.LBE2:
 176:Drivers/CMSIS/DSP/Source/ComplexMathFunctions/arm_cmplx_mult_real_q15.c ****       (q15_t) __SSAT((((q31_t) (*pSrcCmplx++) * (in)) >> 15), 16);
  69              		.loc 1 176 18 view .LVU13
  70 001a 1546     		mov	r5, r2
  71 001c 25F804EB 		strh	lr, [r5], #4	@ movhi
  72              	.LVL5:
 178:Drivers/CMSIS/DSP/Source/ComplexMathFunctions/arm_cmplx_mult_real_q15.c ****     *pCmplxDst++ =
  73              		.loc 1 178 5 is_stmt 1 view .LVU14
  74              	.LBB3:
 179:Drivers/CMSIS/DSP/Source/ComplexMathFunctions/arm_cmplx_mult_real_q15.c ****       (q15_t) __SSAT((((q31_t) (*pSrcCmplx++) * (in)) >> 15), 16);
  75              		.loc 1 179 15 view .LVU15
  76              		.loc 1 179 15 is_stmt 0 view .LVU16
  77 0020 B0F90200 		ldrsh	r0, [r0, #2]
  78 0024 00FB0CFC 		mul	ip, r0, ip
  79              	.LVL6:
  80              		.loc 1 179 15 view .LVU17
  81 0028 4FEAEC3C 		asr	ip, ip, #15
  82              	.LVL7:
  83              		.loc 1 179 15 is_stmt 1 view .LVU18
  84              		.syntax unified
  85              	@ 179 "Drivers/CMSIS/DSP/Source/ComplexMathFunctions/arm_cmplx_mult_real_q15.c" 1
  86 002c 0CF30F0C 		ssat ip, #16, ip
  87              	@ 0 "" 2
  88              	.LVL8:
  89              		.loc 1 179 15 view .LVU19
  90              		.loc 1 179 15 is_stmt 0 view .LVU20
  91              		.thumb
  92              		.syntax unified
  93              	.LBE3:
 178:Drivers/CMSIS/DSP/Source/ComplexMathFunctions/arm_cmplx_mult_real_q15.c ****     *pCmplxDst++ =
  94              		.loc 1 178 18 view .LVU21
  95 0030 A2F802C0 		strh	ip, [r2, #2]	@ movhi
 180:Drivers/CMSIS/DSP/Source/ComplexMathFunctions/arm_cmplx_mult_real_q15.c **** 
 181:Drivers/CMSIS/DSP/Source/ComplexMathFunctions/arm_cmplx_mult_real_q15.c ****     /* Decrement the numSamples loop counter */
 182:Drivers/CMSIS/DSP/Source/ComplexMathFunctions/arm_cmplx_mult_real_q15.c ****     numSamples--;
  96              		.loc 1 182 5 is_stmt 1 view .LVU22
  97              		.loc 1 182 15 is_stmt 0 view .LVU23
  98 0034 013B     		subs	r3, r3, #1
  99              	.LVL9:
 178:Drivers/CMSIS/DSP/Source/ComplexMathFunctions/arm_cmplx_mult_real_q15.c ****       (q15_t) __SSAT((((q31_t) (*pSrcCmplx++) * (in)) >> 15), 16);
 100              		.loc 1 178 15 view .LVU24
ARM GAS  C:\Users\Lamp\AppData\Local\Temp\cchTcpdj.s 			page 6


 101 0036 2A46     		mov	r2, r5
 102              	.LBB4:
 179:Drivers/CMSIS/DSP/Source/ComplexMathFunctions/arm_cmplx_mult_real_q15.c ****       (q15_t) __SSAT((((q31_t) (*pSrcCmplx++) * (in)) >> 15), 16);
 103              		.loc 1 179 15 view .LVU25
 104 0038 2046     		mov	r0, r4
 179:Drivers/CMSIS/DSP/Source/ComplexMathFunctions/arm_cmplx_mult_real_q15.c ****       (q15_t) __SSAT((((q31_t) (*pSrcCmplx++) * (in)) >> 15), 16);
 105              		.loc 1 179 15 view .LVU26
 106              	.LBE4:
 170:Drivers/CMSIS/DSP/Source/ComplexMathFunctions/arm_cmplx_mult_real_q15.c ****   {
 107              		.loc 1 170 21 is_stmt 1 view .LVU27
 108 003a 002B     		cmp	r3, #0
 109 003c E2D1     		bne	.L3
 183:Drivers/CMSIS/DSP/Source/ComplexMathFunctions/arm_cmplx_mult_real_q15.c ****   }
 184:Drivers/CMSIS/DSP/Source/ComplexMathFunctions/arm_cmplx_mult_real_q15.c **** 
 185:Drivers/CMSIS/DSP/Source/ComplexMathFunctions/arm_cmplx_mult_real_q15.c **** #endif /* #if defined (ARM_MATH_DSP) */
 186:Drivers/CMSIS/DSP/Source/ComplexMathFunctions/arm_cmplx_mult_real_q15.c **** 
 187:Drivers/CMSIS/DSP/Source/ComplexMathFunctions/arm_cmplx_mult_real_q15.c **** }
 110              		.loc 1 187 1 is_stmt 0 view .LVU28
 111 003e 30BD     		pop	{r4, r5, pc}
 112              	.LVL10:
 113              	.L7:
 114              	.LCFI1:
 115              		.cfi_def_cfa_offset 0
 116              		.cfi_restore 4
 117              		.cfi_restore 5
 118              		.cfi_restore 14
 119              		.loc 1 187 1 view .LVU29
 120 0040 7047     		bx	lr
 121              		.cfi_endproc
 122              	.LFE100:
 124              		.text
 125              	.Letext0:
 126              		.file 2 "C:/ARM GNU Toolchain/arm-none-eabi/include/machine/_default_types.h"
 127              		.file 3 "C:/ARM GNU Toolchain/arm-none-eabi/include/sys/_stdint.h"
 128              		.file 4 "Drivers/CMSIS/DSP/Include/arm_math.h"
ARM GAS  C:\Users\Lamp\AppData\Local\Temp\cchTcpdj.s 			page 7


DEFINED SYMBOLS
                            *ABS*:00000000 arm_cmplx_mult_real_q15.c
C:\Users\Lamp\AppData\Local\Temp\cchTcpdj.s:19     .text.arm_cmplx_mult_real_q15:00000000 $t
C:\Users\Lamp\AppData\Local\Temp\cchTcpdj.s:25     .text.arm_cmplx_mult_real_q15:00000000 arm_cmplx_mult_real_q15

NO UNDEFINED SYMBOLS
