ARM GAS  C:\Users\Lamp\AppData\Local\Temp\ccpilwiD.s 			page 1


   1              		.cpu cortex-m3
   2              		.arch armv7-m
   3              		.fpu softvfp
   4              		.eabi_attribute 20, 1
   5              		.eabi_attribute 21, 1
   6              		.eabi_attribute 23, 3
   7              		.eabi_attribute 24, 1
   8              		.eabi_attribute 25, 1
   9              		.eabi_attribute 26, 1
  10              		.eabi_attribute 30, 1
  11              		.eabi_attribute 34, 1
  12              		.eabi_attribute 18, 4
  13              		.file	"arm_cfft_radix2_q31.c"
  14              		.text
  15              	.Ltext0:
  16              		.cfi_sections	.debug_frame
  17              		.file 1 "Drivers/CMSIS/DSP/Source/TransformFunctions/arm_cfft_radix2_q31.c"
  18              		.section	.text.arm_radix2_butterfly_q31,"ax",%progbits
  19              		.align	1
  20              		.global	arm_radix2_butterfly_q31
  21              		.syntax unified
  22              		.thumb
  23              		.thumb_func
  25              	arm_radix2_butterfly_q31:
  26              	.LVL0:
  27              	.LFB101:
   1:Drivers/CMSIS/DSP/Source/TransformFunctions/arm_cfft_radix2_q31.c **** /* ----------------------------------------------------------------------
   2:Drivers/CMSIS/DSP/Source/TransformFunctions/arm_cfft_radix2_q31.c ****  * Project:      CMSIS DSP Library
   3:Drivers/CMSIS/DSP/Source/TransformFunctions/arm_cfft_radix2_q31.c ****  * Title:        arm_cfft_radix2_q31.c
   4:Drivers/CMSIS/DSP/Source/TransformFunctions/arm_cfft_radix2_q31.c ****  * Description:  Radix-2 Decimation in Frequency CFFT & CIFFT Fixed point processing function
   5:Drivers/CMSIS/DSP/Source/TransformFunctions/arm_cfft_radix2_q31.c ****  *
   6:Drivers/CMSIS/DSP/Source/TransformFunctions/arm_cfft_radix2_q31.c ****  * $Date:        27. January 2017
   7:Drivers/CMSIS/DSP/Source/TransformFunctions/arm_cfft_radix2_q31.c ****  * $Revision:    V.1.5.1
   8:Drivers/CMSIS/DSP/Source/TransformFunctions/arm_cfft_radix2_q31.c ****  *
   9:Drivers/CMSIS/DSP/Source/TransformFunctions/arm_cfft_radix2_q31.c ****  * Target Processor: Cortex-M cores
  10:Drivers/CMSIS/DSP/Source/TransformFunctions/arm_cfft_radix2_q31.c ****  * -------------------------------------------------------------------- */
  11:Drivers/CMSIS/DSP/Source/TransformFunctions/arm_cfft_radix2_q31.c **** /*
  12:Drivers/CMSIS/DSP/Source/TransformFunctions/arm_cfft_radix2_q31.c ****  * Copyright (C) 2010-2017 ARM Limited or its affiliates. All rights reserved.
  13:Drivers/CMSIS/DSP/Source/TransformFunctions/arm_cfft_radix2_q31.c ****  *
  14:Drivers/CMSIS/DSP/Source/TransformFunctions/arm_cfft_radix2_q31.c ****  * SPDX-License-Identifier: Apache-2.0
  15:Drivers/CMSIS/DSP/Source/TransformFunctions/arm_cfft_radix2_q31.c ****  *
  16:Drivers/CMSIS/DSP/Source/TransformFunctions/arm_cfft_radix2_q31.c ****  * Licensed under the Apache License, Version 2.0 (the License); you may
  17:Drivers/CMSIS/DSP/Source/TransformFunctions/arm_cfft_radix2_q31.c ****  * not use this file except in compliance with the License.
  18:Drivers/CMSIS/DSP/Source/TransformFunctions/arm_cfft_radix2_q31.c ****  * You may obtain a copy of the License at
  19:Drivers/CMSIS/DSP/Source/TransformFunctions/arm_cfft_radix2_q31.c ****  *
  20:Drivers/CMSIS/DSP/Source/TransformFunctions/arm_cfft_radix2_q31.c ****  * www.apache.org/licenses/LICENSE-2.0
  21:Drivers/CMSIS/DSP/Source/TransformFunctions/arm_cfft_radix2_q31.c ****  *
  22:Drivers/CMSIS/DSP/Source/TransformFunctions/arm_cfft_radix2_q31.c ****  * Unless required by applicable law or agreed to in writing, software
  23:Drivers/CMSIS/DSP/Source/TransformFunctions/arm_cfft_radix2_q31.c ****  * distributed under the License is distributed on an AS IS BASIS, WITHOUT
  24:Drivers/CMSIS/DSP/Source/TransformFunctions/arm_cfft_radix2_q31.c ****  * WARRANTIES OR CONDITIONS OF ANY KIND, either express or implied.
  25:Drivers/CMSIS/DSP/Source/TransformFunctions/arm_cfft_radix2_q31.c ****  * See the License for the specific language governing permissions and
  26:Drivers/CMSIS/DSP/Source/TransformFunctions/arm_cfft_radix2_q31.c ****  * limitations under the License.
  27:Drivers/CMSIS/DSP/Source/TransformFunctions/arm_cfft_radix2_q31.c ****  */
  28:Drivers/CMSIS/DSP/Source/TransformFunctions/arm_cfft_radix2_q31.c **** 
  29:Drivers/CMSIS/DSP/Source/TransformFunctions/arm_cfft_radix2_q31.c **** #include "arm_math.h"
  30:Drivers/CMSIS/DSP/Source/TransformFunctions/arm_cfft_radix2_q31.c **** 
  31:Drivers/CMSIS/DSP/Source/TransformFunctions/arm_cfft_radix2_q31.c **** void arm_radix2_butterfly_q31(
ARM GAS  C:\Users\Lamp\AppData\Local\Temp\ccpilwiD.s 			page 2


  32:Drivers/CMSIS/DSP/Source/TransformFunctions/arm_cfft_radix2_q31.c ****   q31_t * pSrc,
  33:Drivers/CMSIS/DSP/Source/TransformFunctions/arm_cfft_radix2_q31.c ****   uint32_t fftLen,
  34:Drivers/CMSIS/DSP/Source/TransformFunctions/arm_cfft_radix2_q31.c ****   q31_t * pCoef,
  35:Drivers/CMSIS/DSP/Source/TransformFunctions/arm_cfft_radix2_q31.c ****   uint16_t twidCoefModifier);
  36:Drivers/CMSIS/DSP/Source/TransformFunctions/arm_cfft_radix2_q31.c **** 
  37:Drivers/CMSIS/DSP/Source/TransformFunctions/arm_cfft_radix2_q31.c **** void arm_radix2_butterfly_inverse_q31(
  38:Drivers/CMSIS/DSP/Source/TransformFunctions/arm_cfft_radix2_q31.c ****   q31_t * pSrc,
  39:Drivers/CMSIS/DSP/Source/TransformFunctions/arm_cfft_radix2_q31.c ****   uint32_t fftLen,
  40:Drivers/CMSIS/DSP/Source/TransformFunctions/arm_cfft_radix2_q31.c ****   q31_t * pCoef,
  41:Drivers/CMSIS/DSP/Source/TransformFunctions/arm_cfft_radix2_q31.c ****   uint16_t twidCoefModifier);
  42:Drivers/CMSIS/DSP/Source/TransformFunctions/arm_cfft_radix2_q31.c **** 
  43:Drivers/CMSIS/DSP/Source/TransformFunctions/arm_cfft_radix2_q31.c **** void arm_bitreversal_q31(
  44:Drivers/CMSIS/DSP/Source/TransformFunctions/arm_cfft_radix2_q31.c ****   q31_t * pSrc,
  45:Drivers/CMSIS/DSP/Source/TransformFunctions/arm_cfft_radix2_q31.c ****   uint32_t fftLen,
  46:Drivers/CMSIS/DSP/Source/TransformFunctions/arm_cfft_radix2_q31.c ****   uint16_t bitRevFactor,
  47:Drivers/CMSIS/DSP/Source/TransformFunctions/arm_cfft_radix2_q31.c ****   uint16_t * pBitRevTab);
  48:Drivers/CMSIS/DSP/Source/TransformFunctions/arm_cfft_radix2_q31.c **** 
  49:Drivers/CMSIS/DSP/Source/TransformFunctions/arm_cfft_radix2_q31.c **** /**
  50:Drivers/CMSIS/DSP/Source/TransformFunctions/arm_cfft_radix2_q31.c **** * @ingroup groupTransforms
  51:Drivers/CMSIS/DSP/Source/TransformFunctions/arm_cfft_radix2_q31.c **** */
  52:Drivers/CMSIS/DSP/Source/TransformFunctions/arm_cfft_radix2_q31.c **** 
  53:Drivers/CMSIS/DSP/Source/TransformFunctions/arm_cfft_radix2_q31.c **** /**
  54:Drivers/CMSIS/DSP/Source/TransformFunctions/arm_cfft_radix2_q31.c **** * @addtogroup ComplexFFT
  55:Drivers/CMSIS/DSP/Source/TransformFunctions/arm_cfft_radix2_q31.c **** * @{
  56:Drivers/CMSIS/DSP/Source/TransformFunctions/arm_cfft_radix2_q31.c **** */
  57:Drivers/CMSIS/DSP/Source/TransformFunctions/arm_cfft_radix2_q31.c **** 
  58:Drivers/CMSIS/DSP/Source/TransformFunctions/arm_cfft_radix2_q31.c **** /**
  59:Drivers/CMSIS/DSP/Source/TransformFunctions/arm_cfft_radix2_q31.c **** * @details
  60:Drivers/CMSIS/DSP/Source/TransformFunctions/arm_cfft_radix2_q31.c **** * @brief Processing function for the fixed-point CFFT/CIFFT.
  61:Drivers/CMSIS/DSP/Source/TransformFunctions/arm_cfft_radix2_q31.c **** * @deprecated Do not use this function.  It has been superseded by \ref arm_cfft_q31 and will be re
  62:Drivers/CMSIS/DSP/Source/TransformFunctions/arm_cfft_radix2_q31.c **** * @param[in]      *S    points to an instance of the fixed-point CFFT/CIFFT structure.
  63:Drivers/CMSIS/DSP/Source/TransformFunctions/arm_cfft_radix2_q31.c **** * @param[in, out] *pSrc points to the complex data buffer of size <code>2*fftLen</code>. Processing
  64:Drivers/CMSIS/DSP/Source/TransformFunctions/arm_cfft_radix2_q31.c **** * @return none.
  65:Drivers/CMSIS/DSP/Source/TransformFunctions/arm_cfft_radix2_q31.c **** */
  66:Drivers/CMSIS/DSP/Source/TransformFunctions/arm_cfft_radix2_q31.c **** 
  67:Drivers/CMSIS/DSP/Source/TransformFunctions/arm_cfft_radix2_q31.c **** void arm_cfft_radix2_q31(
  68:Drivers/CMSIS/DSP/Source/TransformFunctions/arm_cfft_radix2_q31.c **** const arm_cfft_radix2_instance_q31 * S,
  69:Drivers/CMSIS/DSP/Source/TransformFunctions/arm_cfft_radix2_q31.c **** q31_t * pSrc)
  70:Drivers/CMSIS/DSP/Source/TransformFunctions/arm_cfft_radix2_q31.c **** {
  71:Drivers/CMSIS/DSP/Source/TransformFunctions/arm_cfft_radix2_q31.c **** 
  72:Drivers/CMSIS/DSP/Source/TransformFunctions/arm_cfft_radix2_q31.c ****    if (S->ifftFlag == 1U)
  73:Drivers/CMSIS/DSP/Source/TransformFunctions/arm_cfft_radix2_q31.c ****    {
  74:Drivers/CMSIS/DSP/Source/TransformFunctions/arm_cfft_radix2_q31.c ****       arm_radix2_butterfly_inverse_q31(pSrc, S->fftLen,
  75:Drivers/CMSIS/DSP/Source/TransformFunctions/arm_cfft_radix2_q31.c ****       S->pTwiddle, S->twidCoefModifier);
  76:Drivers/CMSIS/DSP/Source/TransformFunctions/arm_cfft_radix2_q31.c ****    }
  77:Drivers/CMSIS/DSP/Source/TransformFunctions/arm_cfft_radix2_q31.c ****    else
  78:Drivers/CMSIS/DSP/Source/TransformFunctions/arm_cfft_radix2_q31.c ****    {
  79:Drivers/CMSIS/DSP/Source/TransformFunctions/arm_cfft_radix2_q31.c ****       arm_radix2_butterfly_q31(pSrc, S->fftLen,
  80:Drivers/CMSIS/DSP/Source/TransformFunctions/arm_cfft_radix2_q31.c ****       S->pTwiddle, S->twidCoefModifier);
  81:Drivers/CMSIS/DSP/Source/TransformFunctions/arm_cfft_radix2_q31.c ****    }
  82:Drivers/CMSIS/DSP/Source/TransformFunctions/arm_cfft_radix2_q31.c **** 
  83:Drivers/CMSIS/DSP/Source/TransformFunctions/arm_cfft_radix2_q31.c ****    arm_bitreversal_q31(pSrc, S->fftLen, S->bitRevFactor, S->pBitRevTable);
  84:Drivers/CMSIS/DSP/Source/TransformFunctions/arm_cfft_radix2_q31.c **** }
  85:Drivers/CMSIS/DSP/Source/TransformFunctions/arm_cfft_radix2_q31.c **** 
  86:Drivers/CMSIS/DSP/Source/TransformFunctions/arm_cfft_radix2_q31.c **** /**
  87:Drivers/CMSIS/DSP/Source/TransformFunctions/arm_cfft_radix2_q31.c **** * @} end of ComplexFFT group
  88:Drivers/CMSIS/DSP/Source/TransformFunctions/arm_cfft_radix2_q31.c **** */
ARM GAS  C:\Users\Lamp\AppData\Local\Temp\ccpilwiD.s 			page 3


  89:Drivers/CMSIS/DSP/Source/TransformFunctions/arm_cfft_radix2_q31.c **** 
  90:Drivers/CMSIS/DSP/Source/TransformFunctions/arm_cfft_radix2_q31.c **** void arm_radix2_butterfly_q31(
  91:Drivers/CMSIS/DSP/Source/TransformFunctions/arm_cfft_radix2_q31.c **** q31_t * pSrc,
  92:Drivers/CMSIS/DSP/Source/TransformFunctions/arm_cfft_radix2_q31.c **** uint32_t fftLen,
  93:Drivers/CMSIS/DSP/Source/TransformFunctions/arm_cfft_radix2_q31.c **** q31_t * pCoef,
  94:Drivers/CMSIS/DSP/Source/TransformFunctions/arm_cfft_radix2_q31.c **** uint16_t twidCoefModifier)
  95:Drivers/CMSIS/DSP/Source/TransformFunctions/arm_cfft_radix2_q31.c **** {
  28              		.loc 1 95 1 view -0
  29              		.cfi_startproc
  30              		@ args = 0, pretend = 0, frame = 40
  31              		@ frame_needed = 0, uses_anonymous_args = 0
  32              		.loc 1 95 1 is_stmt 0 view .LVU1
  33 0000 2DE9F04F 		push	{r4, r5, r6, r7, r8, r9, r10, fp, lr}
  34              	.LCFI0:
  35              		.cfi_def_cfa_offset 36
  36              		.cfi_offset 4, -36
  37              		.cfi_offset 5, -32
  38              		.cfi_offset 6, -28
  39              		.cfi_offset 7, -24
  40              		.cfi_offset 8, -20
  41              		.cfi_offset 9, -16
  42              		.cfi_offset 10, -12
  43              		.cfi_offset 11, -8
  44              		.cfi_offset 14, -4
  45 0004 8BB0     		sub	sp, sp, #44
  46              	.LCFI1:
  47              		.cfi_def_cfa_offset 80
  48 0006 8146     		mov	r9, r0
  49 0008 0193     		str	r3, [sp, #4]
  96:Drivers/CMSIS/DSP/Source/TransformFunctions/arm_cfft_radix2_q31.c **** 
  97:Drivers/CMSIS/DSP/Source/TransformFunctions/arm_cfft_radix2_q31.c ****    unsigned i, j, k, l, m;
  50              		.loc 1 97 4 is_stmt 1 view .LVU2
  98:Drivers/CMSIS/DSP/Source/TransformFunctions/arm_cfft_radix2_q31.c ****    unsigned n1, n2, ia;
  51              		.loc 1 98 4 view .LVU3
  99:Drivers/CMSIS/DSP/Source/TransformFunctions/arm_cfft_radix2_q31.c ****    q31_t xt, yt, cosVal, sinVal;
  52              		.loc 1 99 4 view .LVU4
 100:Drivers/CMSIS/DSP/Source/TransformFunctions/arm_cfft_radix2_q31.c ****    q31_t p0, p1;
  53              		.loc 1 100 4 view .LVU5
 101:Drivers/CMSIS/DSP/Source/TransformFunctions/arm_cfft_radix2_q31.c **** 
 102:Drivers/CMSIS/DSP/Source/TransformFunctions/arm_cfft_radix2_q31.c ****    //N = fftLen;
 103:Drivers/CMSIS/DSP/Source/TransformFunctions/arm_cfft_radix2_q31.c ****    n2 = fftLen;
  54              		.loc 1 103 4 view .LVU6
  55              	.LVL1:
 104:Drivers/CMSIS/DSP/Source/TransformFunctions/arm_cfft_radix2_q31.c **** 
 105:Drivers/CMSIS/DSP/Source/TransformFunctions/arm_cfft_radix2_q31.c ****    n1 = n2;
  56              		.loc 1 105 4 view .LVU7
 106:Drivers/CMSIS/DSP/Source/TransformFunctions/arm_cfft_radix2_q31.c ****    n2 = n2 >> 1;
  57              		.loc 1 106 4 view .LVU8
  58              		.loc 1 106 7 is_stmt 0 view .LVU9
  59 000a 4B08     		lsrs	r3, r1, #1
  60              	.LVL2:
  61              		.loc 1 106 7 view .LVU10
  62 000c 0293     		str	r3, [sp, #8]
  63              	.LVL3:
 107:Drivers/CMSIS/DSP/Source/TransformFunctions/arm_cfft_radix2_q31.c ****    ia = 0;
  64              		.loc 1 107 4 is_stmt 1 view .LVU11
 108:Drivers/CMSIS/DSP/Source/TransformFunctions/arm_cfft_radix2_q31.c **** 
ARM GAS  C:\Users\Lamp\AppData\Local\Temp\ccpilwiD.s 			page 4


 109:Drivers/CMSIS/DSP/Source/TransformFunctions/arm_cfft_radix2_q31.c ****    // loop for groups
 110:Drivers/CMSIS/DSP/Source/TransformFunctions/arm_cfft_radix2_q31.c ****    for (i = 0; i < n2; i++)
  65              		.loc 1 110 4 view .LVU12
 107:Drivers/CMSIS/DSP/Source/TransformFunctions/arm_cfft_radix2_q31.c ****    ia = 0;
  66              		.loc 1 107 7 is_stmt 0 view .LVU13
  67 000e 4FF00008 		mov	r8, #0
  68              		.loc 1 110 11 view .LVU14
  69 0012 C246     		mov	r10, r8
  70 0014 0491     		str	r1, [sp, #16]
  71 0016 0392     		str	r2, [sp, #12]
  72              		.loc 1 110 4 view .LVU15
  73 0018 66E0     		b	.L2
  74              	.LVL4:
  75              	.L3:
 111:Drivers/CMSIS/DSP/Source/TransformFunctions/arm_cfft_radix2_q31.c ****    {
 112:Drivers/CMSIS/DSP/Source/TransformFunctions/arm_cfft_radix2_q31.c ****       cosVal = pCoef[ia * 2];
  76              		.loc 1 112 7 is_stmt 1 view .LVU16
  77              		.loc 1 112 21 is_stmt 0 view .LVU17
  78 001a 4FEAC803 		lsl	r3, r8, #3
  79              		.loc 1 112 14 view .LVU18
  80 001e 039A     		ldr	r2, [sp, #12]
  81 0020 52F83810 		ldr	r1, [r2, r8, lsl #3]
  82              	.LVL5:
 113:Drivers/CMSIS/DSP/Source/TransformFunctions/arm_cfft_radix2_q31.c ****       sinVal = pCoef[(ia * 2) + 1];
  83              		.loc 1 113 7 is_stmt 1 view .LVU19
  84              		.loc 1 113 21 is_stmt 0 view .LVU20
  85 0024 0433     		adds	r3, r3, #4
  86              		.loc 1 113 14 view .LVU21
  87 0026 D258     		ldr	r2, [r2, r3]
  88              	.LVL6:
 114:Drivers/CMSIS/DSP/Source/TransformFunctions/arm_cfft_radix2_q31.c ****       ia = ia + twidCoefModifier;
  89              		.loc 1 114 7 is_stmt 1 view .LVU22
  90              		.loc 1 114 10 is_stmt 0 view .LVU23
  91 0028 019B     		ldr	r3, [sp, #4]
  92 002a 9844     		add	r8, r8, r3
  93              	.LVL7:
 115:Drivers/CMSIS/DSP/Source/TransformFunctions/arm_cfft_radix2_q31.c **** 
 116:Drivers/CMSIS/DSP/Source/TransformFunctions/arm_cfft_radix2_q31.c ****       l = i + n2;
  94              		.loc 1 116 7 is_stmt 1 view .LVU24
  95              		.loc 1 116 9 is_stmt 0 view .LVU25
  96 002c 029B     		ldr	r3, [sp, #8]
  97 002e 0AEB0307 		add	r7, r10, r3
  98              	.LVL8:
 117:Drivers/CMSIS/DSP/Source/TransformFunctions/arm_cfft_radix2_q31.c ****       xt = (pSrc[2 * i] >> 1U) - (pSrc[2 * l] >> 1U);
  99              		.loc 1 117 7 is_stmt 1 view .LVU26
 100              		.loc 1 117 17 is_stmt 0 view .LVU27
 101 0032 4FEACA04 		lsl	r4, r10, #3
 102 0036 59F83A50 		ldr	r5, [r9, r10, lsl #3]
 103              		.loc 1 117 39 view .LVU28
 104 003a FE00     		lsls	r6, r7, #3
 105 003c 59F83730 		ldr	r3, [r9, r7, lsl #3]
 106              		.loc 1 117 47 view .LVU29
 107 0040 5B10     		asrs	r3, r3, #1
 108              		.loc 1 117 10 view .LVU30
 109 0042 C3EB6500 		rsb	r0, r3, r5, asr #1
 110              	.LVL9:
 118:Drivers/CMSIS/DSP/Source/TransformFunctions/arm_cfft_radix2_q31.c ****       pSrc[2 * i] = ((pSrc[2 * i] >> 1U) + (pSrc[2 * l] >> 1U)) >> 1U;
ARM GAS  C:\Users\Lamp\AppData\Local\Temp\ccpilwiD.s 			page 5


 111              		.loc 1 118 7 is_stmt 1 view .LVU31
 112              		.loc 1 118 42 is_stmt 0 view .LVU32
 113 0046 03EB6503 		add	r3, r3, r5, asr #1
 114              		.loc 1 118 65 view .LVU33
 115 004a 5B10     		asrs	r3, r3, #1
 116              		.loc 1 118 19 view .LVU34
 117 004c 49F83A30 		str	r3, [r9, r10, lsl #3]
 119:Drivers/CMSIS/DSP/Source/TransformFunctions/arm_cfft_radix2_q31.c **** 
 120:Drivers/CMSIS/DSP/Source/TransformFunctions/arm_cfft_radix2_q31.c ****       yt = (pSrc[2 * i + 1] >> 1U) - (pSrc[2 * l + 1] >> 1U);
 118              		.loc 1 120 7 is_stmt 1 view .LVU35
 119              		.loc 1 120 17 is_stmt 0 view .LVU36
 120 0050 0434     		adds	r4, r4, #4
 121 0052 59F80450 		ldr	r5, [r9, r4]
 122              		.loc 1 120 43 view .LVU37
 123 0056 0436     		adds	r6, r6, #4
 124 0058 59F80630 		ldr	r3, [r9, r6]
 125              		.loc 1 120 55 view .LVU38
 126 005c 4FEA630C 		asr	ip, r3, #1
 127              		.loc 1 120 10 view .LVU39
 128 0060 CCEB6503 		rsb	r3, ip, r5, asr #1
 129              	.LVL10:
 121:Drivers/CMSIS/DSP/Source/TransformFunctions/arm_cfft_radix2_q31.c ****       pSrc[2 * i + 1] =
 130              		.loc 1 121 7 is_stmt 1 view .LVU40
 122:Drivers/CMSIS/DSP/Source/TransformFunctions/arm_cfft_radix2_q31.c ****         ((pSrc[2 * l + 1] >> 1U) + (pSrc[2 * i + 1] >> 1U)) >> 1U;
 131              		.loc 1 122 34 is_stmt 0 view .LVU41
 132 0064 0CEB6505 		add	r5, ip, r5, asr #1
 133              		.loc 1 122 61 view .LVU42
 134 0068 6D10     		asrs	r5, r5, #1
 121:Drivers/CMSIS/DSP/Source/TransformFunctions/arm_cfft_radix2_q31.c ****       pSrc[2 * i + 1] =
 135              		.loc 1 121 23 view .LVU43
 136 006a 49F80450 		str	r5, [r9, r4]
 123:Drivers/CMSIS/DSP/Source/TransformFunctions/arm_cfft_radix2_q31.c **** 
 124:Drivers/CMSIS/DSP/Source/TransformFunctions/arm_cfft_radix2_q31.c ****       mult_32x32_keep32_R(p0, xt, cosVal);
 137              		.loc 1 124 7 is_stmt 1 view .LVU44
 138 006e 4FEAE07E 		asr	lr, r0, #31
 139 0072 CD17     		asrs	r5, r1, #31
 140 0074 00FB05FC 		mul	ip, r0, r5
 141 0078 01FB0ECC 		mla	ip, r1, lr, ip
 142 007c A0FB014B 		umull	r4, fp, r0, r1
 143 0080 14F10044 		adds	r4, r4, #-2147483648
 144 0084 4CEB0B04 		adc	r4, ip, fp
 145 0088 0094     		str	r4, [sp]
 146              	.LVL11:
 125:Drivers/CMSIS/DSP/Source/TransformFunctions/arm_cfft_radix2_q31.c ****       mult_32x32_keep32_R(p1, yt, cosVal);
 147              		.loc 1 125 7 view .LVU45
 148 008a 4FEAE37B 		asr	fp, r3, #31
 149 008e 01FB0BF4 		mul	r4, r1, fp
 150 0092 03FB0544 		mla	r4, r3, r5, r4
 151 0096 A1FB0315 		umull	r1, r5, r1, r3
 152              	.LVL12:
 153              		.loc 1 125 7 is_stmt 0 view .LVU46
 154 009a 11F10041 		adds	r1, r1, #-2147483648
 155 009e 44EB0504 		adc	r4, r4, r5
 156              	.LVL13:
 126:Drivers/CMSIS/DSP/Source/TransformFunctions/arm_cfft_radix2_q31.c ****       multAcc_32x32_keep32_R(p0, yt, sinVal);
 157              		.loc 1 126 7 is_stmt 1 view .LVU47
 158 00a2 0021     		movs	r1, #0
ARM GAS  C:\Users\Lamp\AppData\Local\Temp\ccpilwiD.s 			page 6


 159 00a4 D517     		asrs	r5, r2, #31
 160 00a6 03FB05FC 		mul	ip, r3, r5
 161 00aa 02FB0BCC 		mla	ip, r2, fp, ip
 162 00ae A3FB023B 		umull	r3, fp, r3, r2
 163              	.LVL14:
 164              		.loc 1 126 7 is_stmt 0 view .LVU48
 165 00b2 E344     		add	fp, fp, ip
 166 00b4 CB18     		adds	r3, r1, r3
 167 00b6 13F10043 		adds	r3, r3, #-2147483648
 168 00ba 009B     		ldr	r3, [sp]
 169 00bc 4BEB0303 		adc	r3, fp, r3
 170              	.LVL15:
 127:Drivers/CMSIS/DSP/Source/TransformFunctions/arm_cfft_radix2_q31.c ****       multSub_32x32_keep32_R(p1, xt, sinVal);
 171              		.loc 1 127 7 is_stmt 1 view .LVU49
 172 00c0 00FB05F5 		mul	r5, r0, r5
 173 00c4 02FB0E55 		mla	r5, r2, lr, r5
 174 00c8 A0FB0202 		umull	r0, r2, r0, r2
 175              	.LVL16:
 176              		.loc 1 127 7 is_stmt 0 view .LVU50
 177 00cc 2A44     		add	r2, r2, r5
 178 00ce 091A     		subs	r1, r1, r0
 179 00d0 64EB0202 		sbc	r2, r4, r2
 180 00d4 11F10041 		adds	r1, r1, #-2147483648
 181 00d8 42F10002 		adc	r2, r2, #0
 182              	.LVL17:
 128:Drivers/CMSIS/DSP/Source/TransformFunctions/arm_cfft_radix2_q31.c **** 
 129:Drivers/CMSIS/DSP/Source/TransformFunctions/arm_cfft_radix2_q31.c ****       pSrc[2U * l] = p0;
 183              		.loc 1 129 7 is_stmt 1 view .LVU51
 184              		.loc 1 129 20 is_stmt 0 view .LVU52
 185 00dc 49F83730 		str	r3, [r9, r7, lsl #3]
 130:Drivers/CMSIS/DSP/Source/TransformFunctions/arm_cfft_radix2_q31.c ****       pSrc[2U * l + 1U] = p1;
 186              		.loc 1 130 7 is_stmt 1 view .LVU53
 187              		.loc 1 130 25 is_stmt 0 view .LVU54
 188 00e0 49F80620 		str	r2, [r9, r6]
 110:Drivers/CMSIS/DSP/Source/TransformFunctions/arm_cfft_radix2_q31.c ****    {
 189              		.loc 1 110 25 is_stmt 1 discriminator 3 view .LVU55
 190 00e4 0AF1010A 		add	r10, r10, #1
 191              	.LVL18:
 192              	.L2:
 110:Drivers/CMSIS/DSP/Source/TransformFunctions/arm_cfft_radix2_q31.c ****    {
 193              		.loc 1 110 18 discriminator 1 view .LVU56
 194 00e8 029B     		ldr	r3, [sp, #8]
 195 00ea 9A45     		cmp	r10, r3
 196 00ec 95D3     		bcc	.L3
 131:Drivers/CMSIS/DSP/Source/TransformFunctions/arm_cfft_radix2_q31.c **** 
 132:Drivers/CMSIS/DSP/Source/TransformFunctions/arm_cfft_radix2_q31.c ****    }                             // groups loop end
 133:Drivers/CMSIS/DSP/Source/TransformFunctions/arm_cfft_radix2_q31.c **** 
 134:Drivers/CMSIS/DSP/Source/TransformFunctions/arm_cfft_radix2_q31.c ****    twidCoefModifier <<= 1U;
 197              		.loc 1 134 21 is_stmt 0 view .LVU57
 198 00ee DDF810E0 		ldr	lr, [sp, #16]
 199 00f2 DDF80CB0 		ldr	fp, [sp, #12]
 200              		.loc 1 134 4 is_stmt 1 view .LVU58
 201              		.loc 1 134 21 is_stmt 0 view .LVU59
 202 00f6 019B     		ldr	r3, [sp, #4]
 203 00f8 5B00     		lsls	r3, r3, #1
 204 00fa 99B2     		uxth	r1, r3
 205              	.LVL19:
ARM GAS  C:\Users\Lamp\AppData\Local\Temp\ccpilwiD.s 			page 7


 135:Drivers/CMSIS/DSP/Source/TransformFunctions/arm_cfft_radix2_q31.c **** 
 136:Drivers/CMSIS/DSP/Source/TransformFunctions/arm_cfft_radix2_q31.c ****    // loop for stage
 137:Drivers/CMSIS/DSP/Source/TransformFunctions/arm_cfft_radix2_q31.c ****    for (k = fftLen / 2; k > 2; k = k >> 1)
 206              		.loc 1 137 4 is_stmt 1 view .LVU60
 207              		.loc 1 137 11 is_stmt 0 view .LVU61
 208 00fc 4FEA5E02 		lsr	r2, lr, #1
 209              	.LVL20:
 210              		.loc 1 137 11 view .LVU62
 211 0100 CDF820E0 		str	lr, [sp, #32]
 212              		.loc 1 137 4 view .LVU63
 213 0104 7CE0     		b	.L4
 214              	.LVL21:
 215              	.L7:
 138:Drivers/CMSIS/DSP/Source/TransformFunctions/arm_cfft_radix2_q31.c ****    {
 139:Drivers/CMSIS/DSP/Source/TransformFunctions/arm_cfft_radix2_q31.c ****       n1 = n2;
 140:Drivers/CMSIS/DSP/Source/TransformFunctions/arm_cfft_radix2_q31.c ****       n2 = n2 >> 1;
 141:Drivers/CMSIS/DSP/Source/TransformFunctions/arm_cfft_radix2_q31.c ****       ia = 0;
 142:Drivers/CMSIS/DSP/Source/TransformFunctions/arm_cfft_radix2_q31.c **** 
 143:Drivers/CMSIS/DSP/Source/TransformFunctions/arm_cfft_radix2_q31.c ****       // loop for groups
 144:Drivers/CMSIS/DSP/Source/TransformFunctions/arm_cfft_radix2_q31.c ****       for (j = 0; j < n2; j++)
 145:Drivers/CMSIS/DSP/Source/TransformFunctions/arm_cfft_radix2_q31.c ****       {
 146:Drivers/CMSIS/DSP/Source/TransformFunctions/arm_cfft_radix2_q31.c ****          cosVal = pCoef[ia * 2];
 216              		.loc 1 146 10 is_stmt 1 view .LVU64
 217              		.loc 1 146 24 is_stmt 0 view .LVU65
 218 0106 C200     		lsls	r2, r0, #3
 219              		.loc 1 146 17 view .LVU66
 220 0108 5BF83040 		ldr	r4, [fp, r0, lsl #3]
 221              	.LVL22:
 147:Drivers/CMSIS/DSP/Source/TransformFunctions/arm_cfft_radix2_q31.c ****          sinVal = pCoef[(ia * 2) + 1];
 222              		.loc 1 147 10 is_stmt 1 view .LVU67
 223              		.loc 1 147 24 is_stmt 0 view .LVU68
 224 010c 0432     		adds	r2, r2, #4
 225              		.loc 1 147 17 view .LVU69
 226 010e 5BF802A0 		ldr	r10, [fp, r2]
 227              	.LVL23:
 148:Drivers/CMSIS/DSP/Source/TransformFunctions/arm_cfft_radix2_q31.c ****          ia = ia + twidCoefModifier;
 228              		.loc 1 148 10 is_stmt 1 view .LVU70
 229              		.loc 1 148 13 is_stmt 0 view .LVU71
 230 0112 079B     		ldr	r3, [sp, #28]
 231 0114 1844     		add	r0, r0, r3
 232              	.LVL24:
 149:Drivers/CMSIS/DSP/Source/TransformFunctions/arm_cfft_radix2_q31.c **** 
 150:Drivers/CMSIS/DSP/Source/TransformFunctions/arm_cfft_radix2_q31.c ****          // loop for butterfly
 151:Drivers/CMSIS/DSP/Source/TransformFunctions/arm_cfft_radix2_q31.c ****          i = j;
 233              		.loc 1 151 10 is_stmt 1 view .LVU72
 152:Drivers/CMSIS/DSP/Source/TransformFunctions/arm_cfft_radix2_q31.c ****          m = fftLen / n1;
 234              		.loc 1 152 10 view .LVU73
 235              		.loc 1 152 12 is_stmt 0 view .LVU74
 236 0116 089B     		ldr	r3, [sp, #32]
 237 0118 029A     		ldr	r2, [sp, #8]
 238 011a B3FBF2F3 		udiv	r3, r3, r2
 239 011e 0093     		str	r3, [sp]
 240              	.LVL25:
 151:Drivers/CMSIS/DSP/Source/TransformFunctions/arm_cfft_radix2_q31.c ****          m = fftLen / n1;
 241              		.loc 1 151 12 view .LVU75
 242 0120 3D46     		mov	r5, r7
 243 0122 0497     		str	r7, [sp, #16]
ARM GAS  C:\Users\Lamp\AppData\Local\Temp\ccpilwiD.s 			page 8


 244 0124 0590     		str	r0, [sp, #20]
 245 0126 CDF818B0 		str	fp, [sp, #24]
 246              	.LVL26:
 247              	.L6:
 153:Drivers/CMSIS/DSP/Source/TransformFunctions/arm_cfft_radix2_q31.c ****          do
 248              		.loc 1 153 10 is_stmt 1 view .LVU76
 154:Drivers/CMSIS/DSP/Source/TransformFunctions/arm_cfft_radix2_q31.c ****          {
 155:Drivers/CMSIS/DSP/Source/TransformFunctions/arm_cfft_radix2_q31.c ****             l = i + n2;
 249              		.loc 1 155 13 view .LVU77
 250              		.loc 1 155 15 is_stmt 0 view .LVU78
 251 012a 039B     		ldr	r3, [sp, #12]
 252 012c 05EB030C 		add	ip, r5, r3
 253              	.LVL27:
 156:Drivers/CMSIS/DSP/Source/TransformFunctions/arm_cfft_radix2_q31.c ****             xt = pSrc[2 * i] - pSrc[2 * l];
 254              		.loc 1 156 13 is_stmt 1 view .LVU79
 255              		.loc 1 156 22 is_stmt 0 view .LVU80
 256 0130 E900     		lsls	r1, r5, #3
 257 0132 59F83530 		ldr	r3, [r9, r5, lsl #3]
 258              		.loc 1 156 36 view .LVU81
 259 0136 4FEACC06 		lsl	r6, ip, #3
 260 013a 59F83C20 		ldr	r2, [r9, ip, lsl #3]
 261              		.loc 1 156 16 view .LVU82
 262 013e 981A     		subs	r0, r3, r2
 263              	.LVL28:
 157:Drivers/CMSIS/DSP/Source/TransformFunctions/arm_cfft_radix2_q31.c ****             pSrc[2 * i] = (pSrc[2 * i] + pSrc[2 * l]) >> 1U;
 264              		.loc 1 157 13 is_stmt 1 view .LVU83
 265              		.loc 1 157 40 is_stmt 0 view .LVU84
 266 0140 1344     		add	r3, r3, r2
 267              		.loc 1 157 55 view .LVU85
 268 0142 5B10     		asrs	r3, r3, #1
 269              		.loc 1 157 25 view .LVU86
 270 0144 49F83530 		str	r3, [r9, r5, lsl #3]
 158:Drivers/CMSIS/DSP/Source/TransformFunctions/arm_cfft_radix2_q31.c **** 
 159:Drivers/CMSIS/DSP/Source/TransformFunctions/arm_cfft_radix2_q31.c ****             yt = pSrc[2 * i + 1] - pSrc[2 * l + 1];
 271              		.loc 1 159 13 is_stmt 1 view .LVU87
 272              		.loc 1 159 22 is_stmt 0 view .LVU88
 273 0148 0431     		adds	r1, r1, #4
 274 014a 59F80120 		ldr	r2, [r9, r1]
 275              		.loc 1 159 40 view .LVU89
 276 014e 06F10408 		add	r8, r6, #4
 277 0152 59F80860 		ldr	r6, [r9, r8]
 278              		.loc 1 159 16 view .LVU90
 279 0156 931B     		subs	r3, r2, r6
 280              	.LVL29:
 160:Drivers/CMSIS/DSP/Source/TransformFunctions/arm_cfft_radix2_q31.c ****             pSrc[2 * i + 1] = (pSrc[2 * l + 1] + pSrc[2 * i + 1]) >> 1U;
 281              		.loc 1 160 13 is_stmt 1 view .LVU91
 282              		.loc 1 160 48 is_stmt 0 view .LVU92
 283 0158 3244     		add	r2, r2, r6
 284              		.loc 1 160 67 view .LVU93
 285 015a 5210     		asrs	r2, r2, #1
 286              		.loc 1 160 29 view .LVU94
 287 015c 49F80120 		str	r2, [r9, r1]
 161:Drivers/CMSIS/DSP/Source/TransformFunctions/arm_cfft_radix2_q31.c **** 
 162:Drivers/CMSIS/DSP/Source/TransformFunctions/arm_cfft_radix2_q31.c ****             mult_32x32_keep32_R(p0, xt, cosVal);
 288              		.loc 1 162 13 is_stmt 1 view .LVU95
 289 0160 C217     		asrs	r2, r0, #31
 290 0162 E117     		asrs	r1, r4, #31
ARM GAS  C:\Users\Lamp\AppData\Local\Temp\ccpilwiD.s 			page 9


 291 0164 00FB01F7 		mul	r7, r0, r1
 292 0168 0192     		str	r2, [sp, #4]
 293 016a 04FB0277 		mla	r7, r4, r2, r7
 294 016e A0FB0426 		umull	r2, r6, r0, r4
 295 0172 12F10042 		adds	r2, r2, #-2147483648
 296 0176 47EB0607 		adc	r7, r7, r6
 297              	.LVL30:
 163:Drivers/CMSIS/DSP/Source/TransformFunctions/arm_cfft_radix2_q31.c ****             mult_32x32_keep32_R(p1, yt, cosVal);
 298              		.loc 1 163 13 view .LVU96
 299 017a 4FEAE37B 		asr	fp, r3, #31
 300 017e 04FB0BF6 		mul	r6, r4, fp
 301 0182 03FB0166 		mla	r6, r3, r1, r6
 302 0186 A4FB0321 		umull	r2, r1, r4, r3
 303 018a 12F10042 		adds	r2, r2, #-2147483648
 304 018e 46EB0106 		adc	r6, r6, r1
 305              	.LVL31:
 164:Drivers/CMSIS/DSP/Source/TransformFunctions/arm_cfft_radix2_q31.c ****             multAcc_32x32_keep32_R(p0, yt, sinVal);
 306              		.loc 1 164 13 view .LVU97
 307 0192 0021     		movs	r1, #0
 308 0194 4FEAEA72 		asr	r2, r10, #31
 309 0198 03FB02FE 		mul	lr, r3, r2
 310 019c 0AFB0BEE 		mla	lr, r10, fp, lr
 311 01a0 A3FB0A3B 		umull	r3, fp, r3, r10
 312              	.LVL32:
 313              		.loc 1 164 13 is_stmt 0 view .LVU98
 314 01a4 F344     		add	fp, fp, lr
 315 01a6 CB18     		adds	r3, r1, r3
 316 01a8 13F10043 		adds	r3, r3, #-2147483648
 317 01ac 4BEB0703 		adc	r3, fp, r7
 318              	.LVL33:
 165:Drivers/CMSIS/DSP/Source/TransformFunctions/arm_cfft_radix2_q31.c ****             multSub_32x32_keep32_R(p1, xt, sinVal);
 319              		.loc 1 165 13 is_stmt 1 view .LVU99
 320 01b0 00FB02F2 		mul	r2, r0, r2
 321 01b4 019F     		ldr	r7, [sp, #4]
 322 01b6 0AFB0722 		mla	r2, r10, r7, r2
 323 01ba A0FB0A07 		umull	r0, r7, r0, r10
 324              	.LVL34:
 325              		.loc 1 165 13 is_stmt 0 view .LVU100
 326 01be 3A44     		add	r2, r2, r7
 327 01c0 091A     		subs	r1, r1, r0
 328 01c2 66EB0202 		sbc	r2, r6, r2
 329 01c6 11F10041 		adds	r1, r1, #-2147483648
 330 01ca 42F10002 		adc	r2, r2, #0
 331              	.LVL35:
 166:Drivers/CMSIS/DSP/Source/TransformFunctions/arm_cfft_radix2_q31.c **** 
 167:Drivers/CMSIS/DSP/Source/TransformFunctions/arm_cfft_radix2_q31.c ****             pSrc[2U * l] = p0;
 332              		.loc 1 167 13 is_stmt 1 view .LVU101
 333              		.loc 1 167 26 is_stmt 0 view .LVU102
 334 01ce 49F83C30 		str	r3, [r9, ip, lsl #3]
 168:Drivers/CMSIS/DSP/Source/TransformFunctions/arm_cfft_radix2_q31.c ****             pSrc[2U * l + 1U] = p1;
 335              		.loc 1 168 13 is_stmt 1 view .LVU103
 336              		.loc 1 168 31 is_stmt 0 view .LVU104
 337 01d2 49F80820 		str	r2, [r9, r8]
 169:Drivers/CMSIS/DSP/Source/TransformFunctions/arm_cfft_radix2_q31.c ****             i += n1;
 338              		.loc 1 169 13 is_stmt 1 view .LVU105
 339              		.loc 1 169 15 is_stmt 0 view .LVU106
 340 01d6 029B     		ldr	r3, [sp, #8]
ARM GAS  C:\Users\Lamp\AppData\Local\Temp\ccpilwiD.s 			page 10


 341              	.LVL36:
 342              		.loc 1 169 15 view .LVU107
 343 01d8 1D44     		add	r5, r5, r3
 344              	.LVL37:
 170:Drivers/CMSIS/DSP/Source/TransformFunctions/arm_cfft_radix2_q31.c ****             m--;
 345              		.loc 1 170 13 is_stmt 1 view .LVU108
 171:Drivers/CMSIS/DSP/Source/TransformFunctions/arm_cfft_radix2_q31.c ****          } while ( m > 0);                   // butterfly loop end
 346              		.loc 1 171 22 discriminator 1 view .LVU109
 347 01da 009B     		ldr	r3, [sp]
 348 01dc 013B     		subs	r3, r3, #1
 349              	.LVL38:
 350              		.loc 1 171 22 is_stmt 0 discriminator 1 view .LVU110
 351 01de 0093     		str	r3, [sp]
 352 01e0 A3D1     		bne	.L6
 144:Drivers/CMSIS/DSP/Source/TransformFunctions/arm_cfft_radix2_q31.c ****       {
 353              		.loc 1 144 28 discriminator 2 view .LVU111
 354 01e2 049F     		ldr	r7, [sp, #16]
 355 01e4 0598     		ldr	r0, [sp, #20]
 356 01e6 DDF818B0 		ldr	fp, [sp, #24]
 144:Drivers/CMSIS/DSP/Source/TransformFunctions/arm_cfft_radix2_q31.c ****       {
 357              		.loc 1 144 28 is_stmt 1 discriminator 2 view .LVU112
 358 01ea 0137     		adds	r7, r7, #1
 359              	.LVL39:
 360              	.L5:
 144:Drivers/CMSIS/DSP/Source/TransformFunctions/arm_cfft_radix2_q31.c ****       {
 361              		.loc 1 144 21 discriminator 1 view .LVU113
 362 01ec 039B     		ldr	r3, [sp, #12]
 363 01ee 9F42     		cmp	r7, r3
 364 01f0 89D3     		bcc	.L7
 172:Drivers/CMSIS/DSP/Source/TransformFunctions/arm_cfft_radix2_q31.c **** 
 173:Drivers/CMSIS/DSP/Source/TransformFunctions/arm_cfft_radix2_q31.c ****       }                           // groups loop end
 174:Drivers/CMSIS/DSP/Source/TransformFunctions/arm_cfft_radix2_q31.c **** 
 175:Drivers/CMSIS/DSP/Source/TransformFunctions/arm_cfft_radix2_q31.c ****       twidCoefModifier <<= 1U;
 365              		.loc 1 175 24 is_stmt 0 view .LVU114
 366 01f2 0799     		ldr	r1, [sp, #28]
 367 01f4 099A     		ldr	r2, [sp, #36]
 368              		.loc 1 175 7 is_stmt 1 view .LVU115
 369              		.loc 1 175 24 is_stmt 0 view .LVU116
 370 01f6 4B00     		lsls	r3, r1, #1
 371              	.LVL40:
 372              		.loc 1 175 24 view .LVU117
 373 01f8 99B2     		uxth	r1, r3
 374              	.LVL41:
 137:Drivers/CMSIS/DSP/Source/TransformFunctions/arm_cfft_radix2_q31.c ****    {
 375              		.loc 1 137 34 is_stmt 1 discriminator 2 view .LVU118
 376 01fa 5208     		lsrs	r2, r2, #1
 377              	.LVL42:
 140:Drivers/CMSIS/DSP/Source/TransformFunctions/arm_cfft_radix2_q31.c ****       ia = 0;
 378              		.loc 1 140 10 is_stmt 0 view .LVU119
 379 01fc 039B     		ldr	r3, [sp, #12]
 380 01fe 0293     		str	r3, [sp, #8]
 381              	.LVL43:
 382              	.L4:
 137:Drivers/CMSIS/DSP/Source/TransformFunctions/arm_cfft_radix2_q31.c ****    {
 383              		.loc 1 137 27 is_stmt 1 discriminator 1 view .LVU120
 384 0200 022A     		cmp	r2, #2
 385 0202 07D9     		bls	.L12
ARM GAS  C:\Users\Lamp\AppData\Local\Temp\ccpilwiD.s 			page 11


 139:Drivers/CMSIS/DSP/Source/TransformFunctions/arm_cfft_radix2_q31.c ****       n2 = n2 >> 1;
 386              		.loc 1 139 7 view .LVU121
 387              	.LVL44:
 140:Drivers/CMSIS/DSP/Source/TransformFunctions/arm_cfft_radix2_q31.c ****       ia = 0;
 388              		.loc 1 140 7 view .LVU122
 140:Drivers/CMSIS/DSP/Source/TransformFunctions/arm_cfft_radix2_q31.c ****       ia = 0;
 389              		.loc 1 140 10 is_stmt 0 view .LVU123
 390 0204 029B     		ldr	r3, [sp, #8]
 391 0206 5B08     		lsrs	r3, r3, #1
 392 0208 0393     		str	r3, [sp, #12]
 393              	.LVL45:
 141:Drivers/CMSIS/DSP/Source/TransformFunctions/arm_cfft_radix2_q31.c **** 
 394              		.loc 1 141 7 is_stmt 1 view .LVU124
 144:Drivers/CMSIS/DSP/Source/TransformFunctions/arm_cfft_radix2_q31.c ****       {
 395              		.loc 1 144 7 view .LVU125
 141:Drivers/CMSIS/DSP/Source/TransformFunctions/arm_cfft_radix2_q31.c **** 
 396              		.loc 1 141 10 is_stmt 0 view .LVU126
 397 020a 0020     		movs	r0, #0
 144:Drivers/CMSIS/DSP/Source/TransformFunctions/arm_cfft_radix2_q31.c ****       {
 398              		.loc 1 144 14 view .LVU127
 399 020c 0746     		mov	r7, r0
 400 020e 0791     		str	r1, [sp, #28]
 401 0210 0992     		str	r2, [sp, #36]
 144:Drivers/CMSIS/DSP/Source/TransformFunctions/arm_cfft_radix2_q31.c ****       {
 402              		.loc 1 144 7 view .LVU128
 403 0212 EBE7     		b	.L5
 404              	.LVL46:
 405              	.L12:
 176:Drivers/CMSIS/DSP/Source/TransformFunctions/arm_cfft_radix2_q31.c ****    }                             // stages loop end
 177:Drivers/CMSIS/DSP/Source/TransformFunctions/arm_cfft_radix2_q31.c **** 
 178:Drivers/CMSIS/DSP/Source/TransformFunctions/arm_cfft_radix2_q31.c ****    n1 = n2;
 179:Drivers/CMSIS/DSP/Source/TransformFunctions/arm_cfft_radix2_q31.c ****    n2 = n2 >> 1;
 406              		.loc 1 179 7 view .LVU129
 407 0214 DDF820E0 		ldr	lr, [sp, #32]
 178:Drivers/CMSIS/DSP/Source/TransformFunctions/arm_cfft_radix2_q31.c ****    n2 = n2 >> 1;
 408              		.loc 1 178 4 is_stmt 1 view .LVU130
 409              	.LVL47:
 410              		.loc 1 179 4 view .LVU131
 411              		.loc 1 179 7 is_stmt 0 view .LVU132
 412 0218 029E     		ldr	r6, [sp, #8]
 413 021a 7508     		lsrs	r5, r6, #1
 414              	.LVL48:
 180:Drivers/CMSIS/DSP/Source/TransformFunctions/arm_cfft_radix2_q31.c ****    ia = 0;
 415              		.loc 1 180 4 is_stmt 1 view .LVU133
 181:Drivers/CMSIS/DSP/Source/TransformFunctions/arm_cfft_radix2_q31.c **** 
 182:Drivers/CMSIS/DSP/Source/TransformFunctions/arm_cfft_radix2_q31.c ****    cosVal = pCoef[ia * 2];
 416              		.loc 1 182 4 view .LVU134
 183:Drivers/CMSIS/DSP/Source/TransformFunctions/arm_cfft_radix2_q31.c ****    sinVal = pCoef[(ia * 2) + 1];
 417              		.loc 1 183 4 view .LVU135
 184:Drivers/CMSIS/DSP/Source/TransformFunctions/arm_cfft_radix2_q31.c ****    ia = ia + twidCoefModifier;
 418              		.loc 1 184 4 view .LVU136
 185:Drivers/CMSIS/DSP/Source/TransformFunctions/arm_cfft_radix2_q31.c **** 
 186:Drivers/CMSIS/DSP/Source/TransformFunctions/arm_cfft_radix2_q31.c ****    // loop for butterfly
 187:Drivers/CMSIS/DSP/Source/TransformFunctions/arm_cfft_radix2_q31.c ****    for (i = 0; i < fftLen; i += n1)
 419              		.loc 1 187 4 view .LVU137
 420              		.loc 1 187 11 is_stmt 0 view .LVU138
 421 021c 0023     		movs	r3, #0
ARM GAS  C:\Users\Lamp\AppData\Local\Temp\ccpilwiD.s 			page 12


 422              		.loc 1 187 4 view .LVU139
 423 021e 37E0     		b	.L9
 424              	.LVL49:
 425              	.L10:
 188:Drivers/CMSIS/DSP/Source/TransformFunctions/arm_cfft_radix2_q31.c ****    {
 189:Drivers/CMSIS/DSP/Source/TransformFunctions/arm_cfft_radix2_q31.c ****       l = i + n2;
 426              		.loc 1 189 7 is_stmt 1 view .LVU140
 427              		.loc 1 189 9 is_stmt 0 view .LVU141
 428 0220 5C19     		adds	r4, r3, r5
 429              	.LVL50:
 190:Drivers/CMSIS/DSP/Source/TransformFunctions/arm_cfft_radix2_q31.c ****       xt = pSrc[2 * i] - pSrc[2 * l];
 430              		.loc 1 190 7 is_stmt 1 view .LVU142
 431              		.loc 1 190 16 is_stmt 0 view .LVU143
 432 0222 D900     		lsls	r1, r3, #3
 433 0224 59F83300 		ldr	r0, [r9, r3, lsl #3]
 434              		.loc 1 190 30 view .LVU144
 435 0228 E200     		lsls	r2, r4, #3
 436 022a 59F834C0 		ldr	ip, [r9, r4, lsl #3]
 437              		.loc 1 190 10 view .LVU145
 438 022e A0EB0C07 		sub	r7, r0, ip
 439              	.LVL51:
 191:Drivers/CMSIS/DSP/Source/TransformFunctions/arm_cfft_radix2_q31.c ****       pSrc[2 * i] = (pSrc[2 * i] + pSrc[2 * l]);
 440              		.loc 1 191 7 is_stmt 1 view .LVU146
 441              		.loc 1 191 34 is_stmt 0 view .LVU147
 442 0232 6044     		add	r0, r0, ip
 443              		.loc 1 191 19 view .LVU148
 444 0234 49F83300 		str	r0, [r9, r3, lsl #3]
 192:Drivers/CMSIS/DSP/Source/TransformFunctions/arm_cfft_radix2_q31.c **** 
 193:Drivers/CMSIS/DSP/Source/TransformFunctions/arm_cfft_radix2_q31.c ****       yt = pSrc[2 * i + 1] - pSrc[2 * l + 1];
 445              		.loc 1 193 7 is_stmt 1 view .LVU149
 446              		.loc 1 193 16 is_stmt 0 view .LVU150
 447 0238 0431     		adds	r1, r1, #4
 448 023a 59F80100 		ldr	r0, [r9, r1]
 449              		.loc 1 193 34 view .LVU151
 450 023e 0432     		adds	r2, r2, #4
 451 0240 59F802C0 		ldr	ip, [r9, r2]
 452              		.loc 1 193 10 view .LVU152
 453 0244 A0EB0C08 		sub	r8, r0, ip
 454              	.LVL52:
 194:Drivers/CMSIS/DSP/Source/TransformFunctions/arm_cfft_radix2_q31.c ****       pSrc[2 * i + 1] = (pSrc[2 * l + 1] + pSrc[2 * i + 1]);
 455              		.loc 1 194 7 is_stmt 1 view .LVU153
 456              		.loc 1 194 42 is_stmt 0 view .LVU154
 457 0248 6044     		add	r0, r0, ip
 458              		.loc 1 194 23 view .LVU155
 459 024a 49F80100 		str	r0, [r9, r1]
 195:Drivers/CMSIS/DSP/Source/TransformFunctions/arm_cfft_radix2_q31.c **** 
 196:Drivers/CMSIS/DSP/Source/TransformFunctions/arm_cfft_radix2_q31.c ****       pSrc[2U * l] = xt;
 460              		.loc 1 196 7 is_stmt 1 view .LVU156
 461              		.loc 1 196 20 is_stmt 0 view .LVU157
 462 024e 49F83470 		str	r7, [r9, r4, lsl #3]
 197:Drivers/CMSIS/DSP/Source/TransformFunctions/arm_cfft_radix2_q31.c **** 
 198:Drivers/CMSIS/DSP/Source/TransformFunctions/arm_cfft_radix2_q31.c ****       pSrc[2U * l + 1U] = yt;
 463              		.loc 1 198 7 is_stmt 1 view .LVU158
 464              		.loc 1 198 25 is_stmt 0 view .LVU159
 465 0252 49F80280 		str	r8, [r9, r2]
 199:Drivers/CMSIS/DSP/Source/TransformFunctions/arm_cfft_radix2_q31.c **** 
 200:Drivers/CMSIS/DSP/Source/TransformFunctions/arm_cfft_radix2_q31.c ****       i += n1;
ARM GAS  C:\Users\Lamp\AppData\Local\Temp\ccpilwiD.s 			page 13


 466              		.loc 1 200 7 is_stmt 1 view .LVU160
 467              		.loc 1 200 9 is_stmt 0 view .LVU161
 468 0256 3344     		add	r3, r3, r6
 469              	.LVL53:
 201:Drivers/CMSIS/DSP/Source/TransformFunctions/arm_cfft_radix2_q31.c ****       l = i + n2;
 470              		.loc 1 201 7 is_stmt 1 view .LVU162
 471              		.loc 1 201 9 is_stmt 0 view .LVU163
 472 0258 EC18     		adds	r4, r5, r3
 473              	.LVL54:
 202:Drivers/CMSIS/DSP/Source/TransformFunctions/arm_cfft_radix2_q31.c **** 
 203:Drivers/CMSIS/DSP/Source/TransformFunctions/arm_cfft_radix2_q31.c ****       xt = pSrc[2 * i] - pSrc[2 * l];
 474              		.loc 1 203 7 is_stmt 1 view .LVU164
 475              		.loc 1 203 16 is_stmt 0 view .LVU165
 476 025a D900     		lsls	r1, r3, #3
 477 025c 59F83300 		ldr	r0, [r9, r3, lsl #3]
 478              		.loc 1 203 30 view .LVU166
 479 0260 E200     		lsls	r2, r4, #3
 480 0262 59F834C0 		ldr	ip, [r9, r4, lsl #3]
 481              		.loc 1 203 10 view .LVU167
 482 0266 A0EB0C07 		sub	r7, r0, ip
 483              	.LVL55:
 204:Drivers/CMSIS/DSP/Source/TransformFunctions/arm_cfft_radix2_q31.c ****       pSrc[2 * i] = (pSrc[2 * i] + pSrc[2 * l]);
 484              		.loc 1 204 7 is_stmt 1 view .LVU168
 485              		.loc 1 204 34 is_stmt 0 view .LVU169
 486 026a 6044     		add	r0, r0, ip
 487              		.loc 1 204 19 view .LVU170
 488 026c 49F83300 		str	r0, [r9, r3, lsl #3]
 205:Drivers/CMSIS/DSP/Source/TransformFunctions/arm_cfft_radix2_q31.c **** 
 206:Drivers/CMSIS/DSP/Source/TransformFunctions/arm_cfft_radix2_q31.c ****       yt = pSrc[2 * i + 1] - pSrc[2 * l + 1];
 489              		.loc 1 206 7 is_stmt 1 view .LVU171
 490              		.loc 1 206 16 is_stmt 0 view .LVU172
 491 0270 0431     		adds	r1, r1, #4
 492 0272 59F80100 		ldr	r0, [r9, r1]
 493              		.loc 1 206 34 view .LVU173
 494 0276 0432     		adds	r2, r2, #4
 495 0278 59F802C0 		ldr	ip, [r9, r2]
 496              		.loc 1 206 10 view .LVU174
 497 027c A0EB0C08 		sub	r8, r0, ip
 498              	.LVL56:
 207:Drivers/CMSIS/DSP/Source/TransformFunctions/arm_cfft_radix2_q31.c ****       pSrc[2 * i + 1] = (pSrc[2 * l + 1] + pSrc[2 * i + 1]);
 499              		.loc 1 207 7 is_stmt 1 view .LVU175
 500              		.loc 1 207 42 is_stmt 0 view .LVU176
 501 0280 6044     		add	r0, r0, ip
 502              		.loc 1 207 23 view .LVU177
 503 0282 49F80100 		str	r0, [r9, r1]
 208:Drivers/CMSIS/DSP/Source/TransformFunctions/arm_cfft_radix2_q31.c **** 
 209:Drivers/CMSIS/DSP/Source/TransformFunctions/arm_cfft_radix2_q31.c ****       pSrc[2U * l] = xt;
 504              		.loc 1 209 7 is_stmt 1 view .LVU178
 505              		.loc 1 209 20 is_stmt 0 view .LVU179
 506 0286 49F83470 		str	r7, [r9, r4, lsl #3]
 210:Drivers/CMSIS/DSP/Source/TransformFunctions/arm_cfft_radix2_q31.c **** 
 211:Drivers/CMSIS/DSP/Source/TransformFunctions/arm_cfft_radix2_q31.c ****       pSrc[2U * l + 1U] = yt;
 507              		.loc 1 211 7 is_stmt 1 view .LVU180
 508              		.loc 1 211 25 is_stmt 0 view .LVU181
 509 028a 49F80280 		str	r8, [r9, r2]
 187:Drivers/CMSIS/DSP/Source/TransformFunctions/arm_cfft_radix2_q31.c ****    {
 510              		.loc 1 187 30 is_stmt 1 discriminator 3 view .LVU182
ARM GAS  C:\Users\Lamp\AppData\Local\Temp\ccpilwiD.s 			page 14


 511 028e 3344     		add	r3, r3, r6
 512              	.LVL57:
 513              	.L9:
 187:Drivers/CMSIS/DSP/Source/TransformFunctions/arm_cfft_radix2_q31.c ****    {
 514              		.loc 1 187 18 discriminator 1 view .LVU183
 515 0290 7345     		cmp	r3, lr
 516 0292 C5D3     		bcc	.L10
 212:Drivers/CMSIS/DSP/Source/TransformFunctions/arm_cfft_radix2_q31.c **** 
 213:Drivers/CMSIS/DSP/Source/TransformFunctions/arm_cfft_radix2_q31.c ****    }                             // butterfly loop end
 214:Drivers/CMSIS/DSP/Source/TransformFunctions/arm_cfft_radix2_q31.c **** 
 215:Drivers/CMSIS/DSP/Source/TransformFunctions/arm_cfft_radix2_q31.c **** }
 517              		.loc 1 215 1 is_stmt 0 view .LVU184
 518 0294 0BB0     		add	sp, sp, #44
 519              	.LCFI2:
 520              		.cfi_def_cfa_offset 36
 521              		@ sp needed
 522 0296 BDE8F08F 		pop	{r4, r5, r6, r7, r8, r9, r10, fp, pc}
 523              		.loc 1 215 1 view .LVU185
 524              		.cfi_endproc
 525              	.LFE101:
 527              		.section	.text.arm_radix2_butterfly_inverse_q31,"ax",%progbits
 528              		.align	1
 529              		.global	arm_radix2_butterfly_inverse_q31
 530              		.syntax unified
 531              		.thumb
 532              		.thumb_func
 534              	arm_radix2_butterfly_inverse_q31:
 535              	.LVL58:
 536              	.LFB102:
 216:Drivers/CMSIS/DSP/Source/TransformFunctions/arm_cfft_radix2_q31.c **** 
 217:Drivers/CMSIS/DSP/Source/TransformFunctions/arm_cfft_radix2_q31.c **** 
 218:Drivers/CMSIS/DSP/Source/TransformFunctions/arm_cfft_radix2_q31.c **** void arm_radix2_butterfly_inverse_q31(
 219:Drivers/CMSIS/DSP/Source/TransformFunctions/arm_cfft_radix2_q31.c **** q31_t * pSrc,
 220:Drivers/CMSIS/DSP/Source/TransformFunctions/arm_cfft_radix2_q31.c **** uint32_t fftLen,
 221:Drivers/CMSIS/DSP/Source/TransformFunctions/arm_cfft_radix2_q31.c **** q31_t * pCoef,
 222:Drivers/CMSIS/DSP/Source/TransformFunctions/arm_cfft_radix2_q31.c **** uint16_t twidCoefModifier)
 223:Drivers/CMSIS/DSP/Source/TransformFunctions/arm_cfft_radix2_q31.c **** {
 537              		.loc 1 223 1 is_stmt 1 view -0
 538              		.cfi_startproc
 539              		@ args = 0, pretend = 0, frame = 40
 540              		@ frame_needed = 0, uses_anonymous_args = 0
 541              		.loc 1 223 1 is_stmt 0 view .LVU187
 542 0000 2DE9F04F 		push	{r4, r5, r6, r7, r8, r9, r10, fp, lr}
 543              	.LCFI3:
 544              		.cfi_def_cfa_offset 36
 545              		.cfi_offset 4, -36
 546              		.cfi_offset 5, -32
 547              		.cfi_offset 6, -28
 548              		.cfi_offset 7, -24
 549              		.cfi_offset 8, -20
 550              		.cfi_offset 9, -16
 551              		.cfi_offset 10, -12
 552              		.cfi_offset 11, -8
 553              		.cfi_offset 14, -4
 554 0004 8BB0     		sub	sp, sp, #44
 555              	.LCFI4:
 556              		.cfi_def_cfa_offset 80
ARM GAS  C:\Users\Lamp\AppData\Local\Temp\ccpilwiD.s 			page 15


 557 0006 8246     		mov	r10, r0
 558 0008 0391     		str	r1, [sp, #12]
 559 000a 0292     		str	r2, [sp, #8]
 560 000c 0593     		str	r3, [sp, #20]
 224:Drivers/CMSIS/DSP/Source/TransformFunctions/arm_cfft_radix2_q31.c **** 
 225:Drivers/CMSIS/DSP/Source/TransformFunctions/arm_cfft_radix2_q31.c ****    unsigned i, j, k, l;
 561              		.loc 1 225 4 is_stmt 1 view .LVU188
 226:Drivers/CMSIS/DSP/Source/TransformFunctions/arm_cfft_radix2_q31.c ****    unsigned n1, n2, ia;
 562              		.loc 1 226 4 view .LVU189
 227:Drivers/CMSIS/DSP/Source/TransformFunctions/arm_cfft_radix2_q31.c ****    q31_t xt, yt, cosVal, sinVal;
 563              		.loc 1 227 4 view .LVU190
 228:Drivers/CMSIS/DSP/Source/TransformFunctions/arm_cfft_radix2_q31.c ****    q31_t p0, p1;
 564              		.loc 1 228 4 view .LVU191
 229:Drivers/CMSIS/DSP/Source/TransformFunctions/arm_cfft_radix2_q31.c **** 
 230:Drivers/CMSIS/DSP/Source/TransformFunctions/arm_cfft_radix2_q31.c ****    //N = fftLen;
 231:Drivers/CMSIS/DSP/Source/TransformFunctions/arm_cfft_radix2_q31.c ****    n2 = fftLen;
 565              		.loc 1 231 4 view .LVU192
 566              	.LVL59:
 232:Drivers/CMSIS/DSP/Source/TransformFunctions/arm_cfft_radix2_q31.c **** 
 233:Drivers/CMSIS/DSP/Source/TransformFunctions/arm_cfft_radix2_q31.c ****    n1 = n2;
 567              		.loc 1 233 4 view .LVU193
 234:Drivers/CMSIS/DSP/Source/TransformFunctions/arm_cfft_radix2_q31.c ****    n2 = n2 >> 1;
 568              		.loc 1 234 4 view .LVU194
 569              		.loc 1 234 7 is_stmt 0 view .LVU195
 570 000e 4B08     		lsrs	r3, r1, #1
 571              	.LVL60:
 572              		.loc 1 234 7 view .LVU196
 573 0010 0493     		str	r3, [sp, #16]
 574              	.LVL61:
 235:Drivers/CMSIS/DSP/Source/TransformFunctions/arm_cfft_radix2_q31.c ****    ia = 0;
 575              		.loc 1 235 4 is_stmt 1 view .LVU197
 236:Drivers/CMSIS/DSP/Source/TransformFunctions/arm_cfft_radix2_q31.c **** 
 237:Drivers/CMSIS/DSP/Source/TransformFunctions/arm_cfft_radix2_q31.c ****    // loop for groups
 238:Drivers/CMSIS/DSP/Source/TransformFunctions/arm_cfft_radix2_q31.c ****    for (i = 0; i < n2; i++)
 576              		.loc 1 238 4 view .LVU198
 235:Drivers/CMSIS/DSP/Source/TransformFunctions/arm_cfft_radix2_q31.c ****    ia = 0;
 577              		.loc 1 235 7 is_stmt 0 view .LVU199
 578 0012 4FF00008 		mov	r8, #0
 579              		.loc 1 238 11 view .LVU200
 580 0016 C346     		mov	fp, r8
 581              		.loc 1 238 4 view .LVU201
 582 0018 67E0     		b	.L14
 583              	.LVL62:
 584              	.L15:
 239:Drivers/CMSIS/DSP/Source/TransformFunctions/arm_cfft_radix2_q31.c ****    {
 240:Drivers/CMSIS/DSP/Source/TransformFunctions/arm_cfft_radix2_q31.c ****       cosVal = pCoef[ia * 2];
 585              		.loc 1 240 7 is_stmt 1 view .LVU202
 586              		.loc 1 240 21 is_stmt 0 view .LVU203
 587 001a 4FEAC803 		lsl	r3, r8, #3
 588              		.loc 1 240 14 view .LVU204
 589 001e 029A     		ldr	r2, [sp, #8]
 590 0020 52F83810 		ldr	r1, [r2, r8, lsl #3]
 591              	.LVL63:
 241:Drivers/CMSIS/DSP/Source/TransformFunctions/arm_cfft_radix2_q31.c ****       sinVal = pCoef[(ia * 2) + 1];
 592              		.loc 1 241 7 is_stmt 1 view .LVU205
 593              		.loc 1 241 21 is_stmt 0 view .LVU206
 594 0024 0433     		adds	r3, r3, #4
ARM GAS  C:\Users\Lamp\AppData\Local\Temp\ccpilwiD.s 			page 16


 595              		.loc 1 241 14 view .LVU207
 596 0026 D058     		ldr	r0, [r2, r3]
 597              	.LVL64:
 242:Drivers/CMSIS/DSP/Source/TransformFunctions/arm_cfft_radix2_q31.c ****       ia = ia + twidCoefModifier;
 598              		.loc 1 242 7 is_stmt 1 view .LVU208
 599              		.loc 1 242 10 is_stmt 0 view .LVU209
 600 0028 059B     		ldr	r3, [sp, #20]
 601 002a 9844     		add	r8, r8, r3
 602              	.LVL65:
 243:Drivers/CMSIS/DSP/Source/TransformFunctions/arm_cfft_radix2_q31.c **** 
 244:Drivers/CMSIS/DSP/Source/TransformFunctions/arm_cfft_radix2_q31.c ****       l = i + n2;
 603              		.loc 1 244 7 is_stmt 1 view .LVU210
 604              		.loc 1 244 9 is_stmt 0 view .LVU211
 605 002c 049B     		ldr	r3, [sp, #16]
 606 002e 0BEB0307 		add	r7, fp, r3
 607              	.LVL66:
 245:Drivers/CMSIS/DSP/Source/TransformFunctions/arm_cfft_radix2_q31.c ****       xt = (pSrc[2 * i] >> 1U) - (pSrc[2 * l] >> 1U);
 608              		.loc 1 245 7 is_stmt 1 view .LVU212
 609              		.loc 1 245 17 is_stmt 0 view .LVU213
 610 0032 4FEACB04 		lsl	r4, fp, #3
 611 0036 5AF83B50 		ldr	r5, [r10, fp, lsl #3]
 612              		.loc 1 245 39 view .LVU214
 613 003a FE00     		lsls	r6, r7, #3
 614 003c 5AF83730 		ldr	r3, [r10, r7, lsl #3]
 615              		.loc 1 245 47 view .LVU215
 616 0040 5B10     		asrs	r3, r3, #1
 617              		.loc 1 245 10 view .LVU216
 618 0042 C3EB6502 		rsb	r2, r3, r5, asr #1
 619              	.LVL67:
 246:Drivers/CMSIS/DSP/Source/TransformFunctions/arm_cfft_radix2_q31.c ****       pSrc[2 * i] = ((pSrc[2 * i] >> 1U) + (pSrc[2 * l] >> 1U)) >> 1U;
 620              		.loc 1 246 7 is_stmt 1 view .LVU217
 621              		.loc 1 246 42 is_stmt 0 view .LVU218
 622 0046 03EB6503 		add	r3, r3, r5, asr #1
 623              		.loc 1 246 65 view .LVU219
 624 004a 5B10     		asrs	r3, r3, #1
 625              		.loc 1 246 19 view .LVU220
 626 004c 4AF83B30 		str	r3, [r10, fp, lsl #3]
 247:Drivers/CMSIS/DSP/Source/TransformFunctions/arm_cfft_radix2_q31.c **** 
 248:Drivers/CMSIS/DSP/Source/TransformFunctions/arm_cfft_radix2_q31.c ****       yt = (pSrc[2 * i + 1] >> 1U) - (pSrc[2 * l + 1] >> 1U);
 627              		.loc 1 248 7 is_stmt 1 view .LVU221
 628              		.loc 1 248 17 is_stmt 0 view .LVU222
 629 0050 0434     		adds	r4, r4, #4
 630 0052 5AF80450 		ldr	r5, [r10, r4]
 631              		.loc 1 248 43 view .LVU223
 632 0056 0436     		adds	r6, r6, #4
 633 0058 5AF80630 		ldr	r3, [r10, r6]
 634              		.loc 1 248 55 view .LVU224
 635 005c 4FEA630C 		asr	ip, r3, #1
 636              		.loc 1 248 10 view .LVU225
 637 0060 CCEB6503 		rsb	r3, ip, r5, asr #1
 638              	.LVL68:
 249:Drivers/CMSIS/DSP/Source/TransformFunctions/arm_cfft_radix2_q31.c ****       pSrc[2 * i + 1] =
 639              		.loc 1 249 7 is_stmt 1 view .LVU226
 250:Drivers/CMSIS/DSP/Source/TransformFunctions/arm_cfft_radix2_q31.c ****         ((pSrc[2 * l + 1] >> 1U) + (pSrc[2 * i + 1] >> 1U)) >> 1U;
 640              		.loc 1 250 34 is_stmt 0 view .LVU227
 641 0064 0CEB6505 		add	r5, ip, r5, asr #1
 642              		.loc 1 250 61 view .LVU228
ARM GAS  C:\Users\Lamp\AppData\Local\Temp\ccpilwiD.s 			page 17


 643 0068 6D10     		asrs	r5, r5, #1
 249:Drivers/CMSIS/DSP/Source/TransformFunctions/arm_cfft_radix2_q31.c ****       pSrc[2 * i + 1] =
 644              		.loc 1 249 23 view .LVU229
 645 006a 4AF80450 		str	r5, [r10, r4]
 251:Drivers/CMSIS/DSP/Source/TransformFunctions/arm_cfft_radix2_q31.c **** 
 252:Drivers/CMSIS/DSP/Source/TransformFunctions/arm_cfft_radix2_q31.c ****       mult_32x32_keep32_R(p0, xt, cosVal);
 646              		.loc 1 252 7 is_stmt 1 view .LVU230
 647 006e 4FEAE27E 		asr	lr, r2, #31
 648 0072 4FEAE17C 		asr	ip, r1, #31
 649 0076 02FB0CF5 		mul	r5, r2, ip
 650 007a 01FB0E55 		mla	r5, r1, lr, r5
 651 007e A2FB0149 		umull	r4, r9, r2, r1
 652 0082 14F10044 		adds	r4, r4, #-2147483648
 653 0086 45EB0905 		adc	r5, r5, r9
 654              	.LVL69:
 253:Drivers/CMSIS/DSP/Source/TransformFunctions/arm_cfft_radix2_q31.c ****       mult_32x32_keep32_R(p1, yt, cosVal);
 655              		.loc 1 253 7 view .LVU231
 656 008a 4FEAE379 		asr	r9, r3, #31
 657 008e 01FB09F4 		mul	r4, r1, r9
 658 0092 03FB0C44 		mla	r4, r3, ip, r4
 659 0096 A1FB031C 		umull	r1, ip, r1, r3
 660              	.LVL70:
 661              		.loc 1 253 7 is_stmt 0 view .LVU232
 662 009a 11F10041 		adds	r1, r1, #-2147483648
 663 009e 44EB0C01 		adc	r1, r4, ip
 664 00a2 0191     		str	r1, [sp, #4]
 665              	.LVL71:
 254:Drivers/CMSIS/DSP/Source/TransformFunctions/arm_cfft_radix2_q31.c ****       multSub_32x32_keep32_R(p0, yt, sinVal);
 666              		.loc 1 254 7 is_stmt 1 view .LVU233
 667 00a4 0021     		movs	r1, #0
 668 00a6 C417     		asrs	r4, r0, #31
 669 00a8 03FB04FC 		mul	ip, r3, r4
 670 00ac 00FB09CC 		mla	ip, r0, r9, ip
 671 00b0 A3FB0039 		umull	r3, r9, r3, r0
 672              	.LVL72:
 673              		.loc 1 254 7 is_stmt 0 view .LVU234
 674 00b4 E144     		add	r9, r9, ip
 675 00b6 CB1A     		subs	r3, r1, r3
 676 00b8 65EB0909 		sbc	r9, r5, r9
 677 00bc 13F10043 		adds	r3, r3, #-2147483648
 678 00c0 49F10003 		adc	r3, r9, #0
 679              	.LVL73:
 255:Drivers/CMSIS/DSP/Source/TransformFunctions/arm_cfft_radix2_q31.c ****       multAcc_32x32_keep32_R(p1, xt, sinVal);
 680              		.loc 1 255 7 is_stmt 1 view .LVU235
 681 00c4 02FB04F4 		mul	r4, r2, r4
 682 00c8 00FB0E44 		mla	r4, r0, lr, r4
 683 00cc A2FB0002 		umull	r0, r2, r2, r0
 684              	.LVL74:
 685              		.loc 1 255 7 is_stmt 0 view .LVU236
 686 00d0 2244     		add	r2, r2, r4
 687 00d2 0918     		adds	r1, r1, r0
 688 00d4 11F10041 		adds	r1, r1, #-2147483648
 689 00d8 0199     		ldr	r1, [sp, #4]
 690 00da 42EB0102 		adc	r2, r2, r1
 691              	.LVL75:
 256:Drivers/CMSIS/DSP/Source/TransformFunctions/arm_cfft_radix2_q31.c **** 
 257:Drivers/CMSIS/DSP/Source/TransformFunctions/arm_cfft_radix2_q31.c ****       pSrc[2U * l] = p0;
ARM GAS  C:\Users\Lamp\AppData\Local\Temp\ccpilwiD.s 			page 18


 692              		.loc 1 257 7 is_stmt 1 view .LVU237
 693              		.loc 1 257 20 is_stmt 0 view .LVU238
 694 00de 4AF83730 		str	r3, [r10, r7, lsl #3]
 258:Drivers/CMSIS/DSP/Source/TransformFunctions/arm_cfft_radix2_q31.c ****       pSrc[2U * l + 1U] = p1;
 695              		.loc 1 258 7 is_stmt 1 view .LVU239
 696              		.loc 1 258 25 is_stmt 0 view .LVU240
 697 00e2 4AF80620 		str	r2, [r10, r6]
 238:Drivers/CMSIS/DSP/Source/TransformFunctions/arm_cfft_radix2_q31.c ****    {
 698              		.loc 1 238 25 is_stmt 1 discriminator 3 view .LVU241
 699 00e6 0BF1010B 		add	fp, fp, #1
 700              	.LVL76:
 701              	.L14:
 238:Drivers/CMSIS/DSP/Source/TransformFunctions/arm_cfft_radix2_q31.c ****    {
 702              		.loc 1 238 18 discriminator 1 view .LVU242
 703 00ea 049B     		ldr	r3, [sp, #16]
 704 00ec 9B45     		cmp	fp, r3
 705 00ee 94D3     		bcc	.L15
 259:Drivers/CMSIS/DSP/Source/TransformFunctions/arm_cfft_radix2_q31.c ****    }                             // groups loop end
 260:Drivers/CMSIS/DSP/Source/TransformFunctions/arm_cfft_radix2_q31.c **** 
 261:Drivers/CMSIS/DSP/Source/TransformFunctions/arm_cfft_radix2_q31.c ****    twidCoefModifier = twidCoefModifier << 1U;
 706              		.loc 1 261 4 view .LVU243
 707              		.loc 1 261 21 is_stmt 0 view .LVU244
 708 00f0 059B     		ldr	r3, [sp, #20]
 709 00f2 5B00     		lsls	r3, r3, #1
 710 00f4 99B2     		uxth	r1, r3
 711              	.LVL77:
 262:Drivers/CMSIS/DSP/Source/TransformFunctions/arm_cfft_radix2_q31.c **** 
 263:Drivers/CMSIS/DSP/Source/TransformFunctions/arm_cfft_radix2_q31.c ****    // loop for stage
 264:Drivers/CMSIS/DSP/Source/TransformFunctions/arm_cfft_radix2_q31.c ****    for (k = fftLen / 2; k > 2; k = k >> 1)
 712              		.loc 1 264 4 is_stmt 1 view .LVU245
 713              		.loc 1 264 11 is_stmt 0 view .LVU246
 714 00f6 039B     		ldr	r3, [sp, #12]
 715 00f8 5A08     		lsrs	r2, r3, #1
 716              	.LVL78:
 717              		.loc 1 264 11 view .LVU247
 718 00fa 0B46     		mov	r3, r1
 719 00fc 029F     		ldr	r7, [sp, #8]
 720              		.loc 1 264 4 view .LVU248
 721 00fe 75E0     		b	.L16
 722              	.LVL79:
 723              	.L19:
 265:Drivers/CMSIS/DSP/Source/TransformFunctions/arm_cfft_radix2_q31.c ****    {
 266:Drivers/CMSIS/DSP/Source/TransformFunctions/arm_cfft_radix2_q31.c ****       n1 = n2;
 267:Drivers/CMSIS/DSP/Source/TransformFunctions/arm_cfft_radix2_q31.c ****       n2 = n2 >> 1;
 268:Drivers/CMSIS/DSP/Source/TransformFunctions/arm_cfft_radix2_q31.c ****       ia = 0;
 269:Drivers/CMSIS/DSP/Source/TransformFunctions/arm_cfft_radix2_q31.c **** 
 270:Drivers/CMSIS/DSP/Source/TransformFunctions/arm_cfft_radix2_q31.c ****       // loop for groups
 271:Drivers/CMSIS/DSP/Source/TransformFunctions/arm_cfft_radix2_q31.c ****       for (j = 0; j < n2; j++)
 272:Drivers/CMSIS/DSP/Source/TransformFunctions/arm_cfft_radix2_q31.c ****       {
 273:Drivers/CMSIS/DSP/Source/TransformFunctions/arm_cfft_radix2_q31.c ****          cosVal = pCoef[ia * 2];
 274:Drivers/CMSIS/DSP/Source/TransformFunctions/arm_cfft_radix2_q31.c ****          sinVal = pCoef[(ia * 2) + 1];
 275:Drivers/CMSIS/DSP/Source/TransformFunctions/arm_cfft_radix2_q31.c ****          ia = ia + twidCoefModifier;
 276:Drivers/CMSIS/DSP/Source/TransformFunctions/arm_cfft_radix2_q31.c **** 
 277:Drivers/CMSIS/DSP/Source/TransformFunctions/arm_cfft_radix2_q31.c ****          // loop for butterfly
 278:Drivers/CMSIS/DSP/Source/TransformFunctions/arm_cfft_radix2_q31.c ****          for (i = j; i < fftLen; i += n1)
 279:Drivers/CMSIS/DSP/Source/TransformFunctions/arm_cfft_radix2_q31.c ****          {
 280:Drivers/CMSIS/DSP/Source/TransformFunctions/arm_cfft_radix2_q31.c ****             l = i + n2;
ARM GAS  C:\Users\Lamp\AppData\Local\Temp\ccpilwiD.s 			page 19


 724              		.loc 1 280 13 is_stmt 1 view .LVU249
 725              		.loc 1 280 15 is_stmt 0 view .LVU250
 726 0100 029B     		ldr	r3, [sp, #8]
 727 0102 04EB030C 		add	ip, r4, r3
 728              	.LVL80:
 281:Drivers/CMSIS/DSP/Source/TransformFunctions/arm_cfft_radix2_q31.c ****             xt = pSrc[2 * i] - pSrc[2 * l];
 729              		.loc 1 281 13 is_stmt 1 view .LVU251
 730              		.loc 1 281 22 is_stmt 0 view .LVU252
 731 0106 E100     		lsls	r1, r4, #3
 732 0108 5AF83430 		ldr	r3, [r10, r4, lsl #3]
 733              		.loc 1 281 36 view .LVU253
 734 010c 4FEACC06 		lsl	r6, ip, #3
 735 0110 5AF83C20 		ldr	r2, [r10, ip, lsl #3]
 736              		.loc 1 281 16 view .LVU254
 737 0114 981A     		subs	r0, r3, r2
 738              	.LVL81:
 282:Drivers/CMSIS/DSP/Source/TransformFunctions/arm_cfft_radix2_q31.c ****             pSrc[2 * i] = (pSrc[2 * i] + pSrc[2 * l]) >> 1U;
 739              		.loc 1 282 13 is_stmt 1 view .LVU255
 740              		.loc 1 282 40 is_stmt 0 view .LVU256
 741 0116 1344     		add	r3, r3, r2
 742              		.loc 1 282 55 view .LVU257
 743 0118 5B10     		asrs	r3, r3, #1
 744              		.loc 1 282 25 view .LVU258
 745 011a 4AF83430 		str	r3, [r10, r4, lsl #3]
 283:Drivers/CMSIS/DSP/Source/TransformFunctions/arm_cfft_radix2_q31.c **** 
 284:Drivers/CMSIS/DSP/Source/TransformFunctions/arm_cfft_radix2_q31.c ****             yt = pSrc[2 * i + 1] - pSrc[2 * l + 1];
 746              		.loc 1 284 13 is_stmt 1 view .LVU259
 747              		.loc 1 284 22 is_stmt 0 view .LVU260
 748 011e 0431     		adds	r1, r1, #4
 749 0120 5AF80120 		ldr	r2, [r10, r1]
 750              		.loc 1 284 40 view .LVU261
 751 0124 06F10408 		add	r8, r6, #4
 752 0128 5AF80860 		ldr	r6, [r10, r8]
 753              		.loc 1 284 16 view .LVU262
 754 012c 931B     		subs	r3, r2, r6
 755              	.LVL82:
 285:Drivers/CMSIS/DSP/Source/TransformFunctions/arm_cfft_radix2_q31.c ****             pSrc[2 * i + 1] = (pSrc[2 * l + 1] + pSrc[2 * i + 1]) >> 1U;
 756              		.loc 1 285 13 is_stmt 1 view .LVU263
 757              		.loc 1 285 48 is_stmt 0 view .LVU264
 758 012e 3244     		add	r2, r2, r6
 759              		.loc 1 285 67 view .LVU265
 760 0130 5210     		asrs	r2, r2, #1
 761              		.loc 1 285 29 view .LVU266
 762 0132 4AF80120 		str	r2, [r10, r1]
 286:Drivers/CMSIS/DSP/Source/TransformFunctions/arm_cfft_radix2_q31.c **** 
 287:Drivers/CMSIS/DSP/Source/TransformFunctions/arm_cfft_radix2_q31.c ****             mult_32x32_keep32_R(p0, xt, cosVal);
 763              		.loc 1 287 13 is_stmt 1 view .LVU267
 764 0136 C217     		asrs	r2, r0, #31
 765 0138 E917     		asrs	r1, r5, #31
 766 013a 00FB01F7 		mul	r7, r0, r1
 767 013e 0192     		str	r2, [sp, #4]
 768 0140 05FB0277 		mla	r7, r5, r2, r7
 769 0144 A0FB0526 		umull	r2, r6, r0, r5
 770 0148 12F10042 		adds	r2, r2, #-2147483648
 771 014c 47EB0607 		adc	r7, r7, r6
 772              	.LVL83:
 288:Drivers/CMSIS/DSP/Source/TransformFunctions/arm_cfft_radix2_q31.c ****             mult_32x32_keep32_R(p1, yt, cosVal);
ARM GAS  C:\Users\Lamp\AppData\Local\Temp\ccpilwiD.s 			page 20


 773              		.loc 1 288 13 view .LVU268
 774 0150 4FEAE37B 		asr	fp, r3, #31
 775 0154 05FB0BF6 		mul	r6, r5, fp
 776 0158 03FB0166 		mla	r6, r3, r1, r6
 777 015c A5FB0321 		umull	r2, r1, r5, r3
 778 0160 12F10042 		adds	r2, r2, #-2147483648
 779 0164 46EB0106 		adc	r6, r6, r1
 780              	.LVL84:
 289:Drivers/CMSIS/DSP/Source/TransformFunctions/arm_cfft_radix2_q31.c ****             multSub_32x32_keep32_R(p0, yt, sinVal);
 781              		.loc 1 289 13 view .LVU269
 782 0168 0021     		movs	r1, #0
 783 016a 4FEAE972 		asr	r2, r9, #31
 784 016e 03FB02FE 		mul	lr, r3, r2
 785 0172 09FB0BEE 		mla	lr, r9, fp, lr
 786 0176 A3FB093B 		umull	r3, fp, r3, r9
 787              	.LVL85:
 788              		.loc 1 289 13 is_stmt 0 view .LVU270
 789 017a F344     		add	fp, fp, lr
 790 017c CB1A     		subs	r3, r1, r3
 791 017e 67EB0B0B 		sbc	fp, r7, fp
 792 0182 13F10043 		adds	r3, r3, #-2147483648
 793 0186 4BF10003 		adc	r3, fp, #0
 794              	.LVL86:
 290:Drivers/CMSIS/DSP/Source/TransformFunctions/arm_cfft_radix2_q31.c ****             multAcc_32x32_keep32_R(p1, xt, sinVal);
 795              		.loc 1 290 13 is_stmt 1 view .LVU271
 796 018a 00FB02F2 		mul	r2, r0, r2
 797 018e 019F     		ldr	r7, [sp, #4]
 798 0190 09FB0722 		mla	r2, r9, r7, r2
 799 0194 A0FB0907 		umull	r0, r7, r0, r9
 800              	.LVL87:
 801              		.loc 1 290 13 is_stmt 0 view .LVU272
 802 0198 3A44     		add	r2, r2, r7
 803 019a 0918     		adds	r1, r1, r0
 804 019c 11F10041 		adds	r1, r1, #-2147483648
 805 01a0 42EB0602 		adc	r2, r2, r6
 806              	.LVL88:
 291:Drivers/CMSIS/DSP/Source/TransformFunctions/arm_cfft_radix2_q31.c **** 
 292:Drivers/CMSIS/DSP/Source/TransformFunctions/arm_cfft_radix2_q31.c ****             pSrc[2U * l] = p0;
 807              		.loc 1 292 13 is_stmt 1 view .LVU273
 808              		.loc 1 292 26 is_stmt 0 view .LVU274
 809 01a4 4AF83C30 		str	r3, [r10, ip, lsl #3]
 293:Drivers/CMSIS/DSP/Source/TransformFunctions/arm_cfft_radix2_q31.c ****             pSrc[2U * l + 1U] = p1;
 810              		.loc 1 293 13 is_stmt 1 view .LVU275
 811              		.loc 1 293 31 is_stmt 0 view .LVU276
 812 01a8 4AF80820 		str	r2, [r10, r8]
 278:Drivers/CMSIS/DSP/Source/TransformFunctions/arm_cfft_radix2_q31.c ****          {
 813              		.loc 1 278 36 is_stmt 1 discriminator 3 view .LVU277
 814 01ac 049B     		ldr	r3, [sp, #16]
 815              	.LVL89:
 278:Drivers/CMSIS/DSP/Source/TransformFunctions/arm_cfft_radix2_q31.c ****          {
 816              		.loc 1 278 36 is_stmt 0 discriminator 3 view .LVU278
 817 01ae 1C44     		add	r4, r4, r3
 818              	.LVL90:
 819              	.L18:
 278:Drivers/CMSIS/DSP/Source/TransformFunctions/arm_cfft_radix2_q31.c ****          {
 820              		.loc 1 278 24 is_stmt 1 discriminator 1 view .LVU279
 821 01b0 039B     		ldr	r3, [sp, #12]
ARM GAS  C:\Users\Lamp\AppData\Local\Temp\ccpilwiD.s 			page 21


 822 01b2 9C42     		cmp	r4, r3
 823 01b4 A4D3     		bcc	.L19
 271:Drivers/CMSIS/DSP/Source/TransformFunctions/arm_cfft_radix2_q31.c ****       {
 824              		.loc 1 271 28 is_stmt 0 discriminator 2 view .LVU280
 825 01b6 0599     		ldr	r1, [sp, #20]
 826 01b8 0698     		ldr	r0, [sp, #24]
 827 01ba 079F     		ldr	r7, [sp, #28]
 271:Drivers/CMSIS/DSP/Source/TransformFunctions/arm_cfft_radix2_q31.c ****       {
 828              		.loc 1 271 28 is_stmt 1 discriminator 2 view .LVU281
 829 01bc 0131     		adds	r1, r1, #1
 830              	.LVL91:
 831              	.L17:
 271:Drivers/CMSIS/DSP/Source/TransformFunctions/arm_cfft_radix2_q31.c ****       {
 832              		.loc 1 271 21 discriminator 1 view .LVU282
 833 01be 029B     		ldr	r3, [sp, #8]
 834 01c0 9942     		cmp	r1, r3
 835 01c2 0CD2     		bcs	.L25
 273:Drivers/CMSIS/DSP/Source/TransformFunctions/arm_cfft_radix2_q31.c ****          sinVal = pCoef[(ia * 2) + 1];
 836              		.loc 1 273 10 view .LVU283
 273:Drivers/CMSIS/DSP/Source/TransformFunctions/arm_cfft_radix2_q31.c ****          sinVal = pCoef[(ia * 2) + 1];
 837              		.loc 1 273 24 is_stmt 0 view .LVU284
 838 01c4 C200     		lsls	r2, r0, #3
 273:Drivers/CMSIS/DSP/Source/TransformFunctions/arm_cfft_radix2_q31.c ****          sinVal = pCoef[(ia * 2) + 1];
 839              		.loc 1 273 17 view .LVU285
 840 01c6 57F83050 		ldr	r5, [r7, r0, lsl #3]
 841              	.LVL92:
 274:Drivers/CMSIS/DSP/Source/TransformFunctions/arm_cfft_radix2_q31.c ****          ia = ia + twidCoefModifier;
 842              		.loc 1 274 10 is_stmt 1 view .LVU286
 274:Drivers/CMSIS/DSP/Source/TransformFunctions/arm_cfft_radix2_q31.c ****          ia = ia + twidCoefModifier;
 843              		.loc 1 274 24 is_stmt 0 view .LVU287
 844 01ca 0432     		adds	r2, r2, #4
 274:Drivers/CMSIS/DSP/Source/TransformFunctions/arm_cfft_radix2_q31.c ****          ia = ia + twidCoefModifier;
 845              		.loc 1 274 17 view .LVU288
 846 01cc 57F80290 		ldr	r9, [r7, r2]
 847              	.LVL93:
 275:Drivers/CMSIS/DSP/Source/TransformFunctions/arm_cfft_radix2_q31.c **** 
 848              		.loc 1 275 10 is_stmt 1 view .LVU289
 275:Drivers/CMSIS/DSP/Source/TransformFunctions/arm_cfft_radix2_q31.c **** 
 849              		.loc 1 275 13 is_stmt 0 view .LVU290
 850 01d0 089B     		ldr	r3, [sp, #32]
 851 01d2 1844     		add	r0, r0, r3
 852              	.LVL94:
 278:Drivers/CMSIS/DSP/Source/TransformFunctions/arm_cfft_radix2_q31.c ****          {
 853              		.loc 1 278 10 is_stmt 1 view .LVU291
 278:Drivers/CMSIS/DSP/Source/TransformFunctions/arm_cfft_radix2_q31.c ****          {
 854              		.loc 1 278 17 is_stmt 0 view .LVU292
 855 01d4 0C46     		mov	r4, r1
 856 01d6 0591     		str	r1, [sp, #20]
 857 01d8 0690     		str	r0, [sp, #24]
 858 01da 0797     		str	r7, [sp, #28]
 278:Drivers/CMSIS/DSP/Source/TransformFunctions/arm_cfft_radix2_q31.c ****          {
 859              		.loc 1 278 10 view .LVU293
 860 01dc E8E7     		b	.L18
 861              	.LVL95:
 862              	.L25:
 294:Drivers/CMSIS/DSP/Source/TransformFunctions/arm_cfft_radix2_q31.c ****          }                         // butterfly loop end
 295:Drivers/CMSIS/DSP/Source/TransformFunctions/arm_cfft_radix2_q31.c **** 
ARM GAS  C:\Users\Lamp\AppData\Local\Temp\ccpilwiD.s 			page 22


 296:Drivers/CMSIS/DSP/Source/TransformFunctions/arm_cfft_radix2_q31.c ****       }                           // groups loop end
 297:Drivers/CMSIS/DSP/Source/TransformFunctions/arm_cfft_radix2_q31.c **** 
 298:Drivers/CMSIS/DSP/Source/TransformFunctions/arm_cfft_radix2_q31.c ****       twidCoefModifier = twidCoefModifier << 1U;
 863              		.loc 1 298 24 view .LVU294
 864 01de 089B     		ldr	r3, [sp, #32]
 865 01e0 099A     		ldr	r2, [sp, #36]
 866              		.loc 1 298 7 is_stmt 1 view .LVU295
 867              		.loc 1 298 24 is_stmt 0 view .LVU296
 868 01e2 5B00     		lsls	r3, r3, #1
 869              	.LVL96:
 870              		.loc 1 298 24 view .LVU297
 871 01e4 9BB2     		uxth	r3, r3
 264:Drivers/CMSIS/DSP/Source/TransformFunctions/arm_cfft_radix2_q31.c ****    {
 872              		.loc 1 264 34 is_stmt 1 discriminator 2 view .LVU298
 873 01e6 5208     		lsrs	r2, r2, #1
 874              	.LVL97:
 267:Drivers/CMSIS/DSP/Source/TransformFunctions/arm_cfft_radix2_q31.c ****       ia = 0;
 875              		.loc 1 267 10 is_stmt 0 view .LVU299
 876 01e8 0299     		ldr	r1, [sp, #8]
 877              	.LVL98:
 267:Drivers/CMSIS/DSP/Source/TransformFunctions/arm_cfft_radix2_q31.c ****       ia = 0;
 878              		.loc 1 267 10 view .LVU300
 879 01ea 0491     		str	r1, [sp, #16]
 880              	.LVL99:
 881              	.L16:
 264:Drivers/CMSIS/DSP/Source/TransformFunctions/arm_cfft_radix2_q31.c ****    {
 882              		.loc 1 264 27 is_stmt 1 discriminator 1 view .LVU301
 883 01ec 022A     		cmp	r2, #2
 884 01ee 07D9     		bls	.L26
 266:Drivers/CMSIS/DSP/Source/TransformFunctions/arm_cfft_radix2_q31.c ****       n2 = n2 >> 1;
 885              		.loc 1 266 7 view .LVU302
 886              	.LVL100:
 267:Drivers/CMSIS/DSP/Source/TransformFunctions/arm_cfft_radix2_q31.c ****       ia = 0;
 887              		.loc 1 267 7 view .LVU303
 267:Drivers/CMSIS/DSP/Source/TransformFunctions/arm_cfft_radix2_q31.c ****       ia = 0;
 888              		.loc 1 267 10 is_stmt 0 view .LVU304
 889 01f0 0499     		ldr	r1, [sp, #16]
 890 01f2 4908     		lsrs	r1, r1, #1
 891 01f4 0291     		str	r1, [sp, #8]
 892              	.LVL101:
 268:Drivers/CMSIS/DSP/Source/TransformFunctions/arm_cfft_radix2_q31.c **** 
 893              		.loc 1 268 7 is_stmt 1 view .LVU305
 271:Drivers/CMSIS/DSP/Source/TransformFunctions/arm_cfft_radix2_q31.c ****       {
 894              		.loc 1 271 7 view .LVU306
 268:Drivers/CMSIS/DSP/Source/TransformFunctions/arm_cfft_radix2_q31.c **** 
 895              		.loc 1 268 10 is_stmt 0 view .LVU307
 896 01f6 0020     		movs	r0, #0
 271:Drivers/CMSIS/DSP/Source/TransformFunctions/arm_cfft_radix2_q31.c ****       {
 897              		.loc 1 271 14 view .LVU308
 898 01f8 0146     		mov	r1, r0
 899              	.LVL102:
 271:Drivers/CMSIS/DSP/Source/TransformFunctions/arm_cfft_radix2_q31.c ****       {
 900              		.loc 1 271 14 view .LVU309
 901 01fa 0893     		str	r3, [sp, #32]
 902 01fc 0992     		str	r2, [sp, #36]
 271:Drivers/CMSIS/DSP/Source/TransformFunctions/arm_cfft_radix2_q31.c ****       {
 903              		.loc 1 271 7 view .LVU310
ARM GAS  C:\Users\Lamp\AppData\Local\Temp\ccpilwiD.s 			page 23


 904 01fe DEE7     		b	.L17
 905              	.LVL103:
 906              	.L26:
 299:Drivers/CMSIS/DSP/Source/TransformFunctions/arm_cfft_radix2_q31.c ****    }                             // stages loop end
 300:Drivers/CMSIS/DSP/Source/TransformFunctions/arm_cfft_radix2_q31.c **** 
 301:Drivers/CMSIS/DSP/Source/TransformFunctions/arm_cfft_radix2_q31.c ****    n1 = n2;
 907              		.loc 1 301 4 is_stmt 1 view .LVU311
 302:Drivers/CMSIS/DSP/Source/TransformFunctions/arm_cfft_radix2_q31.c ****    n2 = n2 >> 1;
 908              		.loc 1 302 4 view .LVU312
 909              		.loc 1 302 7 is_stmt 0 view .LVU313
 910 0200 049E     		ldr	r6, [sp, #16]
 911 0202 7508     		lsrs	r5, r6, #1
 912              	.LVL104:
 303:Drivers/CMSIS/DSP/Source/TransformFunctions/arm_cfft_radix2_q31.c ****    ia = 0;
 913              		.loc 1 303 4 is_stmt 1 view .LVU314
 304:Drivers/CMSIS/DSP/Source/TransformFunctions/arm_cfft_radix2_q31.c **** 
 305:Drivers/CMSIS/DSP/Source/TransformFunctions/arm_cfft_radix2_q31.c ****    cosVal = pCoef[ia * 2];
 914              		.loc 1 305 4 view .LVU315
 306:Drivers/CMSIS/DSP/Source/TransformFunctions/arm_cfft_radix2_q31.c ****    sinVal = pCoef[(ia * 2) + 1];
 915              		.loc 1 306 4 view .LVU316
 307:Drivers/CMSIS/DSP/Source/TransformFunctions/arm_cfft_radix2_q31.c ****    ia = ia + twidCoefModifier;
 916              		.loc 1 307 4 view .LVU317
 308:Drivers/CMSIS/DSP/Source/TransformFunctions/arm_cfft_radix2_q31.c **** 
 309:Drivers/CMSIS/DSP/Source/TransformFunctions/arm_cfft_radix2_q31.c ****    // loop for butterfly
 310:Drivers/CMSIS/DSP/Source/TransformFunctions/arm_cfft_radix2_q31.c ****    for (i = 0; i < fftLen; i += n1)
 917              		.loc 1 310 4 view .LVU318
 918              		.loc 1 310 11 is_stmt 0 view .LVU319
 919 0204 0023     		movs	r3, #0
 920              	.LVL105:
 921              		.loc 1 310 11 view .LVU320
 922 0206 039F     		ldr	r7, [sp, #12]
 923              		.loc 1 310 4 view .LVU321
 924 0208 37E0     		b	.L22
 925              	.LVL106:
 926              	.L23:
 311:Drivers/CMSIS/DSP/Source/TransformFunctions/arm_cfft_radix2_q31.c ****    {
 312:Drivers/CMSIS/DSP/Source/TransformFunctions/arm_cfft_radix2_q31.c ****       l = i + n2;
 927              		.loc 1 312 7 is_stmt 1 view .LVU322
 928              		.loc 1 312 9 is_stmt 0 view .LVU323
 929 020a 5C19     		adds	r4, r3, r5
 930              	.LVL107:
 313:Drivers/CMSIS/DSP/Source/TransformFunctions/arm_cfft_radix2_q31.c ****       xt = pSrc[2 * i] - pSrc[2 * l];
 931              		.loc 1 313 7 is_stmt 1 view .LVU324
 932              		.loc 1 313 16 is_stmt 0 view .LVU325
 933 020c D900     		lsls	r1, r3, #3
 934 020e 5AF83300 		ldr	r0, [r10, r3, lsl #3]
 935              		.loc 1 313 30 view .LVU326
 936 0212 E200     		lsls	r2, r4, #3
 937 0214 5AF834E0 		ldr	lr, [r10, r4, lsl #3]
 938              		.loc 1 313 10 view .LVU327
 939 0218 A0EB0E0C 		sub	ip, r0, lr
 940              	.LVL108:
 314:Drivers/CMSIS/DSP/Source/TransformFunctions/arm_cfft_radix2_q31.c ****       pSrc[2 * i] = (pSrc[2 * i] + pSrc[2 * l]);
 941              		.loc 1 314 7 is_stmt 1 view .LVU328
 942              		.loc 1 314 34 is_stmt 0 view .LVU329
 943 021c 7044     		add	r0, r0, lr
 944              		.loc 1 314 19 view .LVU330
ARM GAS  C:\Users\Lamp\AppData\Local\Temp\ccpilwiD.s 			page 24


 945 021e 4AF83300 		str	r0, [r10, r3, lsl #3]
 315:Drivers/CMSIS/DSP/Source/TransformFunctions/arm_cfft_radix2_q31.c **** 
 316:Drivers/CMSIS/DSP/Source/TransformFunctions/arm_cfft_radix2_q31.c ****       yt = pSrc[2 * i + 1] - pSrc[2 * l + 1];
 946              		.loc 1 316 7 is_stmt 1 view .LVU331
 947              		.loc 1 316 16 is_stmt 0 view .LVU332
 948 0222 0431     		adds	r1, r1, #4
 949 0224 5AF80100 		ldr	r0, [r10, r1]
 950              		.loc 1 316 34 view .LVU333
 951 0228 0432     		adds	r2, r2, #4
 952 022a 5AF802E0 		ldr	lr, [r10, r2]
 953              		.loc 1 316 10 view .LVU334
 954 022e A0EB0E08 		sub	r8, r0, lr
 955              	.LVL109:
 317:Drivers/CMSIS/DSP/Source/TransformFunctions/arm_cfft_radix2_q31.c ****       pSrc[2 * i + 1] = (pSrc[2 * l + 1] + pSrc[2 * i + 1]);
 956              		.loc 1 317 7 is_stmt 1 view .LVU335
 957              		.loc 1 317 42 is_stmt 0 view .LVU336
 958 0232 7044     		add	r0, r0, lr
 959              		.loc 1 317 23 view .LVU337
 960 0234 4AF80100 		str	r0, [r10, r1]
 318:Drivers/CMSIS/DSP/Source/TransformFunctions/arm_cfft_radix2_q31.c **** 
 319:Drivers/CMSIS/DSP/Source/TransformFunctions/arm_cfft_radix2_q31.c ****       pSrc[2U * l] = xt;
 961              		.loc 1 319 7 is_stmt 1 view .LVU338
 962              		.loc 1 319 20 is_stmt 0 view .LVU339
 963 0238 4AF834C0 		str	ip, [r10, r4, lsl #3]
 320:Drivers/CMSIS/DSP/Source/TransformFunctions/arm_cfft_radix2_q31.c **** 
 321:Drivers/CMSIS/DSP/Source/TransformFunctions/arm_cfft_radix2_q31.c ****       pSrc[2U * l + 1U] = yt;
 964              		.loc 1 321 7 is_stmt 1 view .LVU340
 965              		.loc 1 321 25 is_stmt 0 view .LVU341
 966 023c 4AF80280 		str	r8, [r10, r2]
 322:Drivers/CMSIS/DSP/Source/TransformFunctions/arm_cfft_radix2_q31.c **** 
 323:Drivers/CMSIS/DSP/Source/TransformFunctions/arm_cfft_radix2_q31.c ****       i += n1;
 967              		.loc 1 323 7 is_stmt 1 view .LVU342
 968              		.loc 1 323 9 is_stmt 0 view .LVU343
 969 0240 3344     		add	r3, r3, r6
 970              	.LVL110:
 324:Drivers/CMSIS/DSP/Source/TransformFunctions/arm_cfft_radix2_q31.c ****       l = i + n2;
 971              		.loc 1 324 7 is_stmt 1 view .LVU344
 972              		.loc 1 324 9 is_stmt 0 view .LVU345
 973 0242 EC18     		adds	r4, r5, r3
 974              	.LVL111:
 325:Drivers/CMSIS/DSP/Source/TransformFunctions/arm_cfft_radix2_q31.c **** 
 326:Drivers/CMSIS/DSP/Source/TransformFunctions/arm_cfft_radix2_q31.c ****       xt = pSrc[2 * i] - pSrc[2 * l];
 975              		.loc 1 326 7 is_stmt 1 view .LVU346
 976              		.loc 1 326 16 is_stmt 0 view .LVU347
 977 0244 D900     		lsls	r1, r3, #3
 978 0246 5AF83300 		ldr	r0, [r10, r3, lsl #3]
 979              		.loc 1 326 30 view .LVU348
 980 024a E200     		lsls	r2, r4, #3
 981 024c 5AF834E0 		ldr	lr, [r10, r4, lsl #3]
 982              		.loc 1 326 10 view .LVU349
 983 0250 A0EB0E0C 		sub	ip, r0, lr
 984              	.LVL112:
 327:Drivers/CMSIS/DSP/Source/TransformFunctions/arm_cfft_radix2_q31.c ****       pSrc[2 * i] = (pSrc[2 * i] + pSrc[2 * l]);
 985              		.loc 1 327 7 is_stmt 1 view .LVU350
 986              		.loc 1 327 34 is_stmt 0 view .LVU351
 987 0254 7044     		add	r0, r0, lr
 988              		.loc 1 327 19 view .LVU352
ARM GAS  C:\Users\Lamp\AppData\Local\Temp\ccpilwiD.s 			page 25


 989 0256 4AF83300 		str	r0, [r10, r3, lsl #3]
 328:Drivers/CMSIS/DSP/Source/TransformFunctions/arm_cfft_radix2_q31.c **** 
 329:Drivers/CMSIS/DSP/Source/TransformFunctions/arm_cfft_radix2_q31.c ****       yt = pSrc[2 * i + 1] - pSrc[2 * l + 1];
 990              		.loc 1 329 7 is_stmt 1 view .LVU353
 991              		.loc 1 329 16 is_stmt 0 view .LVU354
 992 025a 0431     		adds	r1, r1, #4
 993 025c 5AF80100 		ldr	r0, [r10, r1]
 994              		.loc 1 329 34 view .LVU355
 995 0260 0432     		adds	r2, r2, #4
 996 0262 5AF802E0 		ldr	lr, [r10, r2]
 997              		.loc 1 329 10 view .LVU356
 998 0266 A0EB0E08 		sub	r8, r0, lr
 999              	.LVL113:
 330:Drivers/CMSIS/DSP/Source/TransformFunctions/arm_cfft_radix2_q31.c ****       pSrc[2 * i + 1] = (pSrc[2 * l + 1] + pSrc[2 * i + 1]);
 1000              		.loc 1 330 7 is_stmt 1 view .LVU357
 1001              		.loc 1 330 42 is_stmt 0 view .LVU358
 1002 026a 7044     		add	r0, r0, lr
 1003              		.loc 1 330 23 view .LVU359
 1004 026c 4AF80100 		str	r0, [r10, r1]
 331:Drivers/CMSIS/DSP/Source/TransformFunctions/arm_cfft_radix2_q31.c **** 
 332:Drivers/CMSIS/DSP/Source/TransformFunctions/arm_cfft_radix2_q31.c ****       pSrc[2U * l] = xt;
 1005              		.loc 1 332 7 is_stmt 1 view .LVU360
 1006              		.loc 1 332 20 is_stmt 0 view .LVU361
 1007 0270 4AF834C0 		str	ip, [r10, r4, lsl #3]
 333:Drivers/CMSIS/DSP/Source/TransformFunctions/arm_cfft_radix2_q31.c **** 
 334:Drivers/CMSIS/DSP/Source/TransformFunctions/arm_cfft_radix2_q31.c ****       pSrc[2U * l + 1U] = yt;
 1008              		.loc 1 334 7 is_stmt 1 view .LVU362
 1009              		.loc 1 334 25 is_stmt 0 view .LVU363
 1010 0274 4AF80280 		str	r8, [r10, r2]
 310:Drivers/CMSIS/DSP/Source/TransformFunctions/arm_cfft_radix2_q31.c ****    {
 1011              		.loc 1 310 30 is_stmt 1 discriminator 3 view .LVU364
 1012 0278 3344     		add	r3, r3, r6
 1013              	.LVL114:
 1014              	.L22:
 310:Drivers/CMSIS/DSP/Source/TransformFunctions/arm_cfft_radix2_q31.c ****    {
 1015              		.loc 1 310 18 discriminator 1 view .LVU365
 1016 027a BB42     		cmp	r3, r7
 1017 027c C5D3     		bcc	.L23
 335:Drivers/CMSIS/DSP/Source/TransformFunctions/arm_cfft_radix2_q31.c **** 
 336:Drivers/CMSIS/DSP/Source/TransformFunctions/arm_cfft_radix2_q31.c ****    }                             // butterfly loop end
 337:Drivers/CMSIS/DSP/Source/TransformFunctions/arm_cfft_radix2_q31.c **** 
 338:Drivers/CMSIS/DSP/Source/TransformFunctions/arm_cfft_radix2_q31.c **** }
 1018              		.loc 1 338 1 is_stmt 0 view .LVU366
 1019 027e 0BB0     		add	sp, sp, #44
 1020              	.LCFI5:
 1021              		.cfi_def_cfa_offset 36
 1022              		@ sp needed
 1023 0280 BDE8F08F 		pop	{r4, r5, r6, r7, r8, r9, r10, fp, pc}
 1024              		.loc 1 338 1 view .LVU367
 1025              		.cfi_endproc
 1026              	.LFE102:
 1028              		.section	.text.arm_cfft_radix2_q31,"ax",%progbits
 1029              		.align	1
 1030              		.global	arm_cfft_radix2_q31
 1031              		.syntax unified
 1032              		.thumb
 1033              		.thumb_func
ARM GAS  C:\Users\Lamp\AppData\Local\Temp\ccpilwiD.s 			page 26


 1035              	arm_cfft_radix2_q31:
 1036              	.LVL115:
 1037              	.LFB100:
  70:Drivers/CMSIS/DSP/Source/TransformFunctions/arm_cfft_radix2_q31.c **** 
 1038              		.loc 1 70 1 is_stmt 1 view -0
 1039              		.cfi_startproc
 1040              		@ args = 0, pretend = 0, frame = 0
 1041              		@ frame_needed = 0, uses_anonymous_args = 0
  70:Drivers/CMSIS/DSP/Source/TransformFunctions/arm_cfft_radix2_q31.c **** 
 1042              		.loc 1 70 1 is_stmt 0 view .LVU369
 1043 0000 38B5     		push	{r3, r4, r5, lr}
 1044              	.LCFI6:
 1045              		.cfi_def_cfa_offset 16
 1046              		.cfi_offset 3, -16
 1047              		.cfi_offset 4, -12
 1048              		.cfi_offset 5, -8
 1049              		.cfi_offset 14, -4
 1050 0002 0446     		mov	r4, r0
 1051 0004 0D46     		mov	r5, r1
  72:Drivers/CMSIS/DSP/Source/TransformFunctions/arm_cfft_radix2_q31.c ****    {
 1052              		.loc 1 72 4 is_stmt 1 view .LVU370
  72:Drivers/CMSIS/DSP/Source/TransformFunctions/arm_cfft_radix2_q31.c ****    {
 1053              		.loc 1 72 9 is_stmt 0 view .LVU371
 1054 0006 8378     		ldrb	r3, [r0, #2]	@ zero_extendqisi2
  72:Drivers/CMSIS/DSP/Source/TransformFunctions/arm_cfft_radix2_q31.c ****    {
 1055              		.loc 1 72 7 view .LVU372
 1056 0008 012B     		cmp	r3, #1
 1057 000a 0CD0     		beq	.L31
  79:Drivers/CMSIS/DSP/Source/TransformFunctions/arm_cfft_radix2_q31.c ****       S->pTwiddle, S->twidCoefModifier);
 1058              		.loc 1 79 7 is_stmt 1 view .LVU373
 1059 000c 8389     		ldrh	r3, [r0, #12]
 1060 000e 4268     		ldr	r2, [r0, #4]
 1061 0010 0188     		ldrh	r1, [r0]
 1062              	.LVL116:
  79:Drivers/CMSIS/DSP/Source/TransformFunctions/arm_cfft_radix2_q31.c ****       S->pTwiddle, S->twidCoefModifier);
 1063              		.loc 1 79 7 is_stmt 0 view .LVU374
 1064 0012 2846     		mov	r0, r5
 1065              	.LVL117:
  79:Drivers/CMSIS/DSP/Source/TransformFunctions/arm_cfft_radix2_q31.c ****       S->pTwiddle, S->twidCoefModifier);
 1066              		.loc 1 79 7 view .LVU375
 1067 0014 FFF7FEFF 		bl	arm_radix2_butterfly_q31
 1068              	.LVL118:
 1069              	.L29:
  83:Drivers/CMSIS/DSP/Source/TransformFunctions/arm_cfft_radix2_q31.c **** }
 1070              		.loc 1 83 4 is_stmt 1 view .LVU376
 1071 0018 A368     		ldr	r3, [r4, #8]
 1072 001a E289     		ldrh	r2, [r4, #14]
 1073 001c 2188     		ldrh	r1, [r4]
 1074 001e 2846     		mov	r0, r5
 1075 0020 FFF7FEFF 		bl	arm_bitreversal_q31
 1076              	.LVL119:
  84:Drivers/CMSIS/DSP/Source/TransformFunctions/arm_cfft_radix2_q31.c **** 
 1077              		.loc 1 84 1 is_stmt 0 view .LVU377
 1078 0024 38BD     		pop	{r3, r4, r5, pc}
 1079              	.LVL120:
 1080              	.L31:
  74:Drivers/CMSIS/DSP/Source/TransformFunctions/arm_cfft_radix2_q31.c ****       S->pTwiddle, S->twidCoefModifier);
ARM GAS  C:\Users\Lamp\AppData\Local\Temp\ccpilwiD.s 			page 27


 1081              		.loc 1 74 7 is_stmt 1 view .LVU378
 1082 0026 8389     		ldrh	r3, [r0, #12]
 1083 0028 4268     		ldr	r2, [r0, #4]
 1084 002a 0188     		ldrh	r1, [r0]
 1085              	.LVL121:
  74:Drivers/CMSIS/DSP/Source/TransformFunctions/arm_cfft_radix2_q31.c ****       S->pTwiddle, S->twidCoefModifier);
 1086              		.loc 1 74 7 is_stmt 0 view .LVU379
 1087 002c 2846     		mov	r0, r5
 1088              	.LVL122:
  74:Drivers/CMSIS/DSP/Source/TransformFunctions/arm_cfft_radix2_q31.c ****       S->pTwiddle, S->twidCoefModifier);
 1089              		.loc 1 74 7 view .LVU380
 1090 002e FFF7FEFF 		bl	arm_radix2_butterfly_inverse_q31
 1091              	.LVL123:
 1092 0032 F1E7     		b	.L29
 1093              		.cfi_endproc
 1094              	.LFE100:
 1096              		.text
 1097              	.Letext0:
 1098              		.file 2 "C:/ARM GNU Toolchain/arm-none-eabi/include/machine/_default_types.h"
 1099              		.file 3 "C:/ARM GNU Toolchain/arm-none-eabi/include/sys/_stdint.h"
 1100              		.file 4 "Drivers/CMSIS/DSP/Include/arm_math.h"
ARM GAS  C:\Users\Lamp\AppData\Local\Temp\ccpilwiD.s 			page 28


DEFINED SYMBOLS
                            *ABS*:00000000 arm_cfft_radix2_q31.c
C:\Users\Lamp\AppData\Local\Temp\ccpilwiD.s:19     .text.arm_radix2_butterfly_q31:00000000 $t
C:\Users\Lamp\AppData\Local\Temp\ccpilwiD.s:25     .text.arm_radix2_butterfly_q31:00000000 arm_radix2_butterfly_q31
C:\Users\Lamp\AppData\Local\Temp\ccpilwiD.s:528    .text.arm_radix2_butterfly_inverse_q31:00000000 $t
C:\Users\Lamp\AppData\Local\Temp\ccpilwiD.s:534    .text.arm_radix2_butterfly_inverse_q31:00000000 arm_radix2_butterfly_inverse_q31
C:\Users\Lamp\AppData\Local\Temp\ccpilwiD.s:1029   .text.arm_cfft_radix2_q31:00000000 $t
C:\Users\Lamp\AppData\Local\Temp\ccpilwiD.s:1035   .text.arm_cfft_radix2_q31:00000000 arm_cfft_radix2_q31

UNDEFINED SYMBOLS
arm_bitreversal_q31
