ARM GAS  C:\Users\Lamp\AppData\Local\Temp\cc419YoH.s 			page 1


   1              		.cpu cortex-m3
   2              		.arch armv7-m
   3              		.fpu softvfp
   4              		.eabi_attribute 20, 1
   5              		.eabi_attribute 21, 1
   6              		.eabi_attribute 23, 3
   7              		.eabi_attribute 24, 1
   8              		.eabi_attribute 25, 1
   9              		.eabi_attribute 26, 1
  10              		.eabi_attribute 30, 1
  11              		.eabi_attribute 34, 1
  12              		.eabi_attribute 18, 4
  13              		.file	"arm_q7_to_q31.c"
  14              		.text
  15              	.Ltext0:
  16              		.cfi_sections	.debug_frame
  17              		.file 1 "Drivers/CMSIS/DSP/Source/SupportFunctions/arm_q7_to_q31.c"
  18              		.section	.text.arm_q7_to_q31,"ax",%progbits
  19              		.align	1
  20              		.global	arm_q7_to_q31
  21              		.syntax unified
  22              		.thumb
  23              		.thumb_func
  25              	arm_q7_to_q31:
  26              	.LVL0:
  27              	.LFB100:
   1:Drivers/CMSIS/DSP/Source/SupportFunctions/arm_q7_to_q31.c **** /* ----------------------------------------------------------------------
   2:Drivers/CMSIS/DSP/Source/SupportFunctions/arm_q7_to_q31.c ****  * Project:      CMSIS DSP Library
   3:Drivers/CMSIS/DSP/Source/SupportFunctions/arm_q7_to_q31.c ****  * Title:        arm_q7_to_q31.c
   4:Drivers/CMSIS/DSP/Source/SupportFunctions/arm_q7_to_q31.c ****  * Description:  Converts the elements of the Q7 vector to Q31 vector
   5:Drivers/CMSIS/DSP/Source/SupportFunctions/arm_q7_to_q31.c ****  *
   6:Drivers/CMSIS/DSP/Source/SupportFunctions/arm_q7_to_q31.c ****  * $Date:        27. January 2017
   7:Drivers/CMSIS/DSP/Source/SupportFunctions/arm_q7_to_q31.c ****  * $Revision:    V.1.5.1
   8:Drivers/CMSIS/DSP/Source/SupportFunctions/arm_q7_to_q31.c ****  *
   9:Drivers/CMSIS/DSP/Source/SupportFunctions/arm_q7_to_q31.c ****  * Target Processor: Cortex-M cores
  10:Drivers/CMSIS/DSP/Source/SupportFunctions/arm_q7_to_q31.c ****  * -------------------------------------------------------------------- */
  11:Drivers/CMSIS/DSP/Source/SupportFunctions/arm_q7_to_q31.c **** /*
  12:Drivers/CMSIS/DSP/Source/SupportFunctions/arm_q7_to_q31.c ****  * Copyright (C) 2010-2017 ARM Limited or its affiliates. All rights reserved.
  13:Drivers/CMSIS/DSP/Source/SupportFunctions/arm_q7_to_q31.c ****  *
  14:Drivers/CMSIS/DSP/Source/SupportFunctions/arm_q7_to_q31.c ****  * SPDX-License-Identifier: Apache-2.0
  15:Drivers/CMSIS/DSP/Source/SupportFunctions/arm_q7_to_q31.c ****  *
  16:Drivers/CMSIS/DSP/Source/SupportFunctions/arm_q7_to_q31.c ****  * Licensed under the Apache License, Version 2.0 (the License); you may
  17:Drivers/CMSIS/DSP/Source/SupportFunctions/arm_q7_to_q31.c ****  * not use this file except in compliance with the License.
  18:Drivers/CMSIS/DSP/Source/SupportFunctions/arm_q7_to_q31.c ****  * You may obtain a copy of the License at
  19:Drivers/CMSIS/DSP/Source/SupportFunctions/arm_q7_to_q31.c ****  *
  20:Drivers/CMSIS/DSP/Source/SupportFunctions/arm_q7_to_q31.c ****  * www.apache.org/licenses/LICENSE-2.0
  21:Drivers/CMSIS/DSP/Source/SupportFunctions/arm_q7_to_q31.c ****  *
  22:Drivers/CMSIS/DSP/Source/SupportFunctions/arm_q7_to_q31.c ****  * Unless required by applicable law or agreed to in writing, software
  23:Drivers/CMSIS/DSP/Source/SupportFunctions/arm_q7_to_q31.c ****  * distributed under the License is distributed on an AS IS BASIS, WITHOUT
  24:Drivers/CMSIS/DSP/Source/SupportFunctions/arm_q7_to_q31.c ****  * WARRANTIES OR CONDITIONS OF ANY KIND, either express or implied.
  25:Drivers/CMSIS/DSP/Source/SupportFunctions/arm_q7_to_q31.c ****  * See the License for the specific language governing permissions and
  26:Drivers/CMSIS/DSP/Source/SupportFunctions/arm_q7_to_q31.c ****  * limitations under the License.
  27:Drivers/CMSIS/DSP/Source/SupportFunctions/arm_q7_to_q31.c ****  */
  28:Drivers/CMSIS/DSP/Source/SupportFunctions/arm_q7_to_q31.c **** 
  29:Drivers/CMSIS/DSP/Source/SupportFunctions/arm_q7_to_q31.c **** #include "arm_math.h"
  30:Drivers/CMSIS/DSP/Source/SupportFunctions/arm_q7_to_q31.c **** 
  31:Drivers/CMSIS/DSP/Source/SupportFunctions/arm_q7_to_q31.c **** /**
ARM GAS  C:\Users\Lamp\AppData\Local\Temp\cc419YoH.s 			page 2


  32:Drivers/CMSIS/DSP/Source/SupportFunctions/arm_q7_to_q31.c ****  * @ingroup groupSupport
  33:Drivers/CMSIS/DSP/Source/SupportFunctions/arm_q7_to_q31.c ****  */
  34:Drivers/CMSIS/DSP/Source/SupportFunctions/arm_q7_to_q31.c **** 
  35:Drivers/CMSIS/DSP/Source/SupportFunctions/arm_q7_to_q31.c **** /**
  36:Drivers/CMSIS/DSP/Source/SupportFunctions/arm_q7_to_q31.c ****  * @addtogroup q7_to_x
  37:Drivers/CMSIS/DSP/Source/SupportFunctions/arm_q7_to_q31.c ****  * @{
  38:Drivers/CMSIS/DSP/Source/SupportFunctions/arm_q7_to_q31.c ****  */
  39:Drivers/CMSIS/DSP/Source/SupportFunctions/arm_q7_to_q31.c **** 
  40:Drivers/CMSIS/DSP/Source/SupportFunctions/arm_q7_to_q31.c **** /**
  41:Drivers/CMSIS/DSP/Source/SupportFunctions/arm_q7_to_q31.c ****  * @brief Converts the elements of the Q7 vector to Q31 vector.
  42:Drivers/CMSIS/DSP/Source/SupportFunctions/arm_q7_to_q31.c ****  * @param[in]       *pSrc points to the Q7 input vector
  43:Drivers/CMSIS/DSP/Source/SupportFunctions/arm_q7_to_q31.c ****  * @param[out]      *pDst points to the Q31 output vector
  44:Drivers/CMSIS/DSP/Source/SupportFunctions/arm_q7_to_q31.c ****  * @param[in]       blockSize length of the input vector
  45:Drivers/CMSIS/DSP/Source/SupportFunctions/arm_q7_to_q31.c ****  * @return none.
  46:Drivers/CMSIS/DSP/Source/SupportFunctions/arm_q7_to_q31.c ****  *
  47:Drivers/CMSIS/DSP/Source/SupportFunctions/arm_q7_to_q31.c ****  * \par Description:
  48:Drivers/CMSIS/DSP/Source/SupportFunctions/arm_q7_to_q31.c ****  *
  49:Drivers/CMSIS/DSP/Source/SupportFunctions/arm_q7_to_q31.c ****  * The equation used for the conversion process is:
  50:Drivers/CMSIS/DSP/Source/SupportFunctions/arm_q7_to_q31.c ****  *
  51:Drivers/CMSIS/DSP/Source/SupportFunctions/arm_q7_to_q31.c ****  * <pre>
  52:Drivers/CMSIS/DSP/Source/SupportFunctions/arm_q7_to_q31.c ****  * 	pDst[n] = (q31_t) pSrc[n] << 24;   0 <= n < blockSize.
  53:Drivers/CMSIS/DSP/Source/SupportFunctions/arm_q7_to_q31.c ****  * </pre>
  54:Drivers/CMSIS/DSP/Source/SupportFunctions/arm_q7_to_q31.c ****  *
  55:Drivers/CMSIS/DSP/Source/SupportFunctions/arm_q7_to_q31.c ****  */
  56:Drivers/CMSIS/DSP/Source/SupportFunctions/arm_q7_to_q31.c **** 
  57:Drivers/CMSIS/DSP/Source/SupportFunctions/arm_q7_to_q31.c **** 
  58:Drivers/CMSIS/DSP/Source/SupportFunctions/arm_q7_to_q31.c **** void arm_q7_to_q31(
  59:Drivers/CMSIS/DSP/Source/SupportFunctions/arm_q7_to_q31.c ****   q7_t * pSrc,
  60:Drivers/CMSIS/DSP/Source/SupportFunctions/arm_q7_to_q31.c ****   q31_t * pDst,
  61:Drivers/CMSIS/DSP/Source/SupportFunctions/arm_q7_to_q31.c ****   uint32_t blockSize)
  62:Drivers/CMSIS/DSP/Source/SupportFunctions/arm_q7_to_q31.c **** {
  28              		.loc 1 62 1 view -0
  29              		.cfi_startproc
  30              		@ args = 0, pretend = 0, frame = 0
  31              		@ frame_needed = 0, uses_anonymous_args = 0
  32              		@ link register save eliminated.
  63:Drivers/CMSIS/DSP/Source/SupportFunctions/arm_q7_to_q31.c ****   q7_t *pIn = pSrc;                              /* Src pointer */
  33              		.loc 1 63 3 view .LVU1
  64:Drivers/CMSIS/DSP/Source/SupportFunctions/arm_q7_to_q31.c ****   uint32_t blkCnt;                               /* loop counter */
  34              		.loc 1 64 3 view .LVU2
  65:Drivers/CMSIS/DSP/Source/SupportFunctions/arm_q7_to_q31.c **** 
  66:Drivers/CMSIS/DSP/Source/SupportFunctions/arm_q7_to_q31.c **** #if defined (ARM_MATH_DSP)
  67:Drivers/CMSIS/DSP/Source/SupportFunctions/arm_q7_to_q31.c **** 
  68:Drivers/CMSIS/DSP/Source/SupportFunctions/arm_q7_to_q31.c ****   q31_t in;
  69:Drivers/CMSIS/DSP/Source/SupportFunctions/arm_q7_to_q31.c **** 
  70:Drivers/CMSIS/DSP/Source/SupportFunctions/arm_q7_to_q31.c ****   /* Run the below code for Cortex-M4 and Cortex-M3 */
  71:Drivers/CMSIS/DSP/Source/SupportFunctions/arm_q7_to_q31.c **** 
  72:Drivers/CMSIS/DSP/Source/SupportFunctions/arm_q7_to_q31.c ****   /*loop Unrolling */
  73:Drivers/CMSIS/DSP/Source/SupportFunctions/arm_q7_to_q31.c ****   blkCnt = blockSize >> 2U;
  74:Drivers/CMSIS/DSP/Source/SupportFunctions/arm_q7_to_q31.c **** 
  75:Drivers/CMSIS/DSP/Source/SupportFunctions/arm_q7_to_q31.c ****   /* First part of the processing with loop unrolling.  Compute 4 outputs at a time.
  76:Drivers/CMSIS/DSP/Source/SupportFunctions/arm_q7_to_q31.c ****    ** a second loop below computes the remaining 1 to 3 samples. */
  77:Drivers/CMSIS/DSP/Source/SupportFunctions/arm_q7_to_q31.c ****   while (blkCnt > 0U)
  78:Drivers/CMSIS/DSP/Source/SupportFunctions/arm_q7_to_q31.c ****   {
  79:Drivers/CMSIS/DSP/Source/SupportFunctions/arm_q7_to_q31.c ****     /* C = (q31_t) A << 24 */
  80:Drivers/CMSIS/DSP/Source/SupportFunctions/arm_q7_to_q31.c ****     /* convert from q7 to q31 and then store the results in the destination buffer */
  81:Drivers/CMSIS/DSP/Source/SupportFunctions/arm_q7_to_q31.c ****     in = *__SIMD32(pIn)++;
ARM GAS  C:\Users\Lamp\AppData\Local\Temp\cc419YoH.s 			page 3


  82:Drivers/CMSIS/DSP/Source/SupportFunctions/arm_q7_to_q31.c **** 
  83:Drivers/CMSIS/DSP/Source/SupportFunctions/arm_q7_to_q31.c **** #ifndef ARM_MATH_BIG_ENDIAN
  84:Drivers/CMSIS/DSP/Source/SupportFunctions/arm_q7_to_q31.c **** 
  85:Drivers/CMSIS/DSP/Source/SupportFunctions/arm_q7_to_q31.c ****     *pDst++ = (__ROR(in, 8)) & 0xFF000000;
  86:Drivers/CMSIS/DSP/Source/SupportFunctions/arm_q7_to_q31.c ****     *pDst++ = (__ROR(in, 16)) & 0xFF000000;
  87:Drivers/CMSIS/DSP/Source/SupportFunctions/arm_q7_to_q31.c ****     *pDst++ = (__ROR(in, 24)) & 0xFF000000;
  88:Drivers/CMSIS/DSP/Source/SupportFunctions/arm_q7_to_q31.c ****     *pDst++ = (in & 0xFF000000);
  89:Drivers/CMSIS/DSP/Source/SupportFunctions/arm_q7_to_q31.c **** 
  90:Drivers/CMSIS/DSP/Source/SupportFunctions/arm_q7_to_q31.c **** #else
  91:Drivers/CMSIS/DSP/Source/SupportFunctions/arm_q7_to_q31.c **** 
  92:Drivers/CMSIS/DSP/Source/SupportFunctions/arm_q7_to_q31.c ****     *pDst++ = (in & 0xFF000000);
  93:Drivers/CMSIS/DSP/Source/SupportFunctions/arm_q7_to_q31.c ****     *pDst++ = (__ROR(in, 24)) & 0xFF000000;
  94:Drivers/CMSIS/DSP/Source/SupportFunctions/arm_q7_to_q31.c ****     *pDst++ = (__ROR(in, 16)) & 0xFF000000;
  95:Drivers/CMSIS/DSP/Source/SupportFunctions/arm_q7_to_q31.c ****     *pDst++ = (__ROR(in, 8)) & 0xFF000000;
  96:Drivers/CMSIS/DSP/Source/SupportFunctions/arm_q7_to_q31.c **** 
  97:Drivers/CMSIS/DSP/Source/SupportFunctions/arm_q7_to_q31.c **** #endif //              #ifndef ARM_MATH_BIG_ENDIAN
  98:Drivers/CMSIS/DSP/Source/SupportFunctions/arm_q7_to_q31.c **** 
  99:Drivers/CMSIS/DSP/Source/SupportFunctions/arm_q7_to_q31.c ****     /* Decrement the loop counter */
 100:Drivers/CMSIS/DSP/Source/SupportFunctions/arm_q7_to_q31.c ****     blkCnt--;
 101:Drivers/CMSIS/DSP/Source/SupportFunctions/arm_q7_to_q31.c ****   }
 102:Drivers/CMSIS/DSP/Source/SupportFunctions/arm_q7_to_q31.c **** 
 103:Drivers/CMSIS/DSP/Source/SupportFunctions/arm_q7_to_q31.c ****   /* If the blockSize is not a multiple of 4, compute any remaining output samples here.
 104:Drivers/CMSIS/DSP/Source/SupportFunctions/arm_q7_to_q31.c ****    ** No loop unrolling is used. */
 105:Drivers/CMSIS/DSP/Source/SupportFunctions/arm_q7_to_q31.c ****   blkCnt = blockSize % 0x4U;
 106:Drivers/CMSIS/DSP/Source/SupportFunctions/arm_q7_to_q31.c **** 
 107:Drivers/CMSIS/DSP/Source/SupportFunctions/arm_q7_to_q31.c **** #else
 108:Drivers/CMSIS/DSP/Source/SupportFunctions/arm_q7_to_q31.c **** 
 109:Drivers/CMSIS/DSP/Source/SupportFunctions/arm_q7_to_q31.c ****   /* Run the below code for Cortex-M0 */
 110:Drivers/CMSIS/DSP/Source/SupportFunctions/arm_q7_to_q31.c **** 
 111:Drivers/CMSIS/DSP/Source/SupportFunctions/arm_q7_to_q31.c ****   /* Loop over blockSize number of values */
 112:Drivers/CMSIS/DSP/Source/SupportFunctions/arm_q7_to_q31.c ****   blkCnt = blockSize;
  35              		.loc 1 112 3 view .LVU3
 113:Drivers/CMSIS/DSP/Source/SupportFunctions/arm_q7_to_q31.c **** 
 114:Drivers/CMSIS/DSP/Source/SupportFunctions/arm_q7_to_q31.c **** #endif /* #if defined (ARM_MATH_DSP) */
 115:Drivers/CMSIS/DSP/Source/SupportFunctions/arm_q7_to_q31.c **** 
 116:Drivers/CMSIS/DSP/Source/SupportFunctions/arm_q7_to_q31.c ****   while (blkCnt > 0U)
  36              		.loc 1 116 3 view .LVU4
  37              		.loc 1 116 9 is_stmt 0 view .LVU5
  38 0000 05E0     		b	.L2
  39              	.LVL1:
  40              	.L3:
 117:Drivers/CMSIS/DSP/Source/SupportFunctions/arm_q7_to_q31.c ****   {
 118:Drivers/CMSIS/DSP/Source/SupportFunctions/arm_q7_to_q31.c ****     /* C = (q31_t) A << 24 */
 119:Drivers/CMSIS/DSP/Source/SupportFunctions/arm_q7_to_q31.c ****     /* convert from q7 to q31 and then store the results in the destination buffer */
 120:Drivers/CMSIS/DSP/Source/SupportFunctions/arm_q7_to_q31.c ****     *pDst++ = (q31_t) * pIn++ << 24;
  41              		.loc 1 120 5 is_stmt 1 view .LVU6
  42              		.loc 1 120 23 is_stmt 0 view .LVU7
  43 0002 10F9013B 		ldrsb	r3, [r0], #1
  44              	.LVL2:
  45              		.loc 1 120 31 view .LVU8
  46 0006 1B06     		lsls	r3, r3, #24
  47              		.loc 1 120 13 view .LVU9
  48 0008 41F8043B 		str	r3, [r1], #4
  49              	.LVL3:
 121:Drivers/CMSIS/DSP/Source/SupportFunctions/arm_q7_to_q31.c **** 
 122:Drivers/CMSIS/DSP/Source/SupportFunctions/arm_q7_to_q31.c ****     /* Decrement the loop counter */
 123:Drivers/CMSIS/DSP/Source/SupportFunctions/arm_q7_to_q31.c ****     blkCnt--;
ARM GAS  C:\Users\Lamp\AppData\Local\Temp\cc419YoH.s 			page 4


  50              		.loc 1 123 5 is_stmt 1 view .LVU10
  51              		.loc 1 123 11 is_stmt 0 view .LVU11
  52 000c 013A     		subs	r2, r2, #1
  53              	.LVL4:
  54              	.L2:
 116:Drivers/CMSIS/DSP/Source/SupportFunctions/arm_q7_to_q31.c ****   {
  55              		.loc 1 116 17 is_stmt 1 view .LVU12
  56 000e 002A     		cmp	r2, #0
  57 0010 F7D1     		bne	.L3
 124:Drivers/CMSIS/DSP/Source/SupportFunctions/arm_q7_to_q31.c ****   }
 125:Drivers/CMSIS/DSP/Source/SupportFunctions/arm_q7_to_q31.c **** 
 126:Drivers/CMSIS/DSP/Source/SupportFunctions/arm_q7_to_q31.c **** }
  58              		.loc 1 126 1 is_stmt 0 view .LVU13
  59 0012 7047     		bx	lr
  60              		.cfi_endproc
  61              	.LFE100:
  63              		.text
  64              	.Letext0:
  65              		.file 2 "C:/ARM GNU Toolchain/arm-none-eabi/include/machine/_default_types.h"
  66              		.file 3 "C:/ARM GNU Toolchain/arm-none-eabi/include/sys/_stdint.h"
  67              		.file 4 "Drivers/CMSIS/DSP/Include/arm_math.h"
ARM GAS  C:\Users\Lamp\AppData\Local\Temp\cc419YoH.s 			page 5


DEFINED SYMBOLS
                            *ABS*:00000000 arm_q7_to_q31.c
C:\Users\Lamp\AppData\Local\Temp\cc419YoH.s:19     .text.arm_q7_to_q31:00000000 $t
C:\Users\Lamp\AppData\Local\Temp\cc419YoH.s:25     .text.arm_q7_to_q31:00000000 arm_q7_to_q31

NO UNDEFINED SYMBOLS
