ARM GAS  C:\Users\Lamp\AppData\Local\Temp\ccKdw4bq.s 			page 1


   1              		.cpu cortex-m3
   2              		.arch armv7-m
   3              		.fpu softvfp
   4              		.eabi_attribute 20, 1
   5              		.eabi_attribute 21, 1
   6              		.eabi_attribute 23, 3
   7              		.eabi_attribute 24, 1
   8              		.eabi_attribute 25, 1
   9              		.eabi_attribute 26, 1
  10              		.eabi_attribute 30, 1
  11              		.eabi_attribute 34, 1
  12              		.eabi_attribute 18, 4
  13              		.file	"arm_q31_to_q15.c"
  14              		.text
  15              	.Ltext0:
  16              		.cfi_sections	.debug_frame
  17              		.file 1 "Drivers/CMSIS/DSP/Source/SupportFunctions/arm_q31_to_q15.c"
  18              		.section	.text.arm_q31_to_q15,"ax",%progbits
  19              		.align	1
  20              		.global	arm_q31_to_q15
  21              		.syntax unified
  22              		.thumb
  23              		.thumb_func
  25              	arm_q31_to_q15:
  26              	.LVL0:
  27              	.LFB100:
   1:Drivers/CMSIS/DSP/Source/SupportFunctions/arm_q31_to_q15.c **** /* ----------------------------------------------------------------------
   2:Drivers/CMSIS/DSP/Source/SupportFunctions/arm_q31_to_q15.c ****  * Project:      CMSIS DSP Library
   3:Drivers/CMSIS/DSP/Source/SupportFunctions/arm_q31_to_q15.c ****  * Title:        arm_q31_to_q15.c
   4:Drivers/CMSIS/DSP/Source/SupportFunctions/arm_q31_to_q15.c ****  * Description:  Converts the elements of the Q31 vector to Q15 vector
   5:Drivers/CMSIS/DSP/Source/SupportFunctions/arm_q31_to_q15.c ****  *
   6:Drivers/CMSIS/DSP/Source/SupportFunctions/arm_q31_to_q15.c ****  * $Date:        27. January 2017
   7:Drivers/CMSIS/DSP/Source/SupportFunctions/arm_q31_to_q15.c ****  * $Revision:    V.1.5.1
   8:Drivers/CMSIS/DSP/Source/SupportFunctions/arm_q31_to_q15.c ****  *
   9:Drivers/CMSIS/DSP/Source/SupportFunctions/arm_q31_to_q15.c ****  * Target Processor: Cortex-M cores
  10:Drivers/CMSIS/DSP/Source/SupportFunctions/arm_q31_to_q15.c ****  * -------------------------------------------------------------------- */
  11:Drivers/CMSIS/DSP/Source/SupportFunctions/arm_q31_to_q15.c **** /*
  12:Drivers/CMSIS/DSP/Source/SupportFunctions/arm_q31_to_q15.c ****  * Copyright (C) 2010-2017 ARM Limited or its affiliates. All rights reserved.
  13:Drivers/CMSIS/DSP/Source/SupportFunctions/arm_q31_to_q15.c ****  *
  14:Drivers/CMSIS/DSP/Source/SupportFunctions/arm_q31_to_q15.c ****  * SPDX-License-Identifier: Apache-2.0
  15:Drivers/CMSIS/DSP/Source/SupportFunctions/arm_q31_to_q15.c ****  *
  16:Drivers/CMSIS/DSP/Source/SupportFunctions/arm_q31_to_q15.c ****  * Licensed under the Apache License, Version 2.0 (the License); you may
  17:Drivers/CMSIS/DSP/Source/SupportFunctions/arm_q31_to_q15.c ****  * not use this file except in compliance with the License.
  18:Drivers/CMSIS/DSP/Source/SupportFunctions/arm_q31_to_q15.c ****  * You may obtain a copy of the License at
  19:Drivers/CMSIS/DSP/Source/SupportFunctions/arm_q31_to_q15.c ****  *
  20:Drivers/CMSIS/DSP/Source/SupportFunctions/arm_q31_to_q15.c ****  * www.apache.org/licenses/LICENSE-2.0
  21:Drivers/CMSIS/DSP/Source/SupportFunctions/arm_q31_to_q15.c ****  *
  22:Drivers/CMSIS/DSP/Source/SupportFunctions/arm_q31_to_q15.c ****  * Unless required by applicable law or agreed to in writing, software
  23:Drivers/CMSIS/DSP/Source/SupportFunctions/arm_q31_to_q15.c ****  * distributed under the License is distributed on an AS IS BASIS, WITHOUT
  24:Drivers/CMSIS/DSP/Source/SupportFunctions/arm_q31_to_q15.c ****  * WARRANTIES OR CONDITIONS OF ANY KIND, either express or implied.
  25:Drivers/CMSIS/DSP/Source/SupportFunctions/arm_q31_to_q15.c ****  * See the License for the specific language governing permissions and
  26:Drivers/CMSIS/DSP/Source/SupportFunctions/arm_q31_to_q15.c ****  * limitations under the License.
  27:Drivers/CMSIS/DSP/Source/SupportFunctions/arm_q31_to_q15.c ****  */
  28:Drivers/CMSIS/DSP/Source/SupportFunctions/arm_q31_to_q15.c **** 
  29:Drivers/CMSIS/DSP/Source/SupportFunctions/arm_q31_to_q15.c **** #include "arm_math.h"
  30:Drivers/CMSIS/DSP/Source/SupportFunctions/arm_q31_to_q15.c **** 
  31:Drivers/CMSIS/DSP/Source/SupportFunctions/arm_q31_to_q15.c **** /**
ARM GAS  C:\Users\Lamp\AppData\Local\Temp\ccKdw4bq.s 			page 2


  32:Drivers/CMSIS/DSP/Source/SupportFunctions/arm_q31_to_q15.c ****  * @ingroup groupSupport
  33:Drivers/CMSIS/DSP/Source/SupportFunctions/arm_q31_to_q15.c ****  */
  34:Drivers/CMSIS/DSP/Source/SupportFunctions/arm_q31_to_q15.c **** 
  35:Drivers/CMSIS/DSP/Source/SupportFunctions/arm_q31_to_q15.c **** /**
  36:Drivers/CMSIS/DSP/Source/SupportFunctions/arm_q31_to_q15.c ****  * @addtogroup q31_to_x
  37:Drivers/CMSIS/DSP/Source/SupportFunctions/arm_q31_to_q15.c ****  * @{
  38:Drivers/CMSIS/DSP/Source/SupportFunctions/arm_q31_to_q15.c ****  */
  39:Drivers/CMSIS/DSP/Source/SupportFunctions/arm_q31_to_q15.c **** 
  40:Drivers/CMSIS/DSP/Source/SupportFunctions/arm_q31_to_q15.c **** /**
  41:Drivers/CMSIS/DSP/Source/SupportFunctions/arm_q31_to_q15.c ****  * @brief Converts the elements of the Q31 vector to Q15 vector.
  42:Drivers/CMSIS/DSP/Source/SupportFunctions/arm_q31_to_q15.c ****  * @param[in]       *pSrc points to the Q31 input vector
  43:Drivers/CMSIS/DSP/Source/SupportFunctions/arm_q31_to_q15.c ****  * @param[out]      *pDst points to the Q15 output vector
  44:Drivers/CMSIS/DSP/Source/SupportFunctions/arm_q31_to_q15.c ****  * @param[in]       blockSize length of the input vector
  45:Drivers/CMSIS/DSP/Source/SupportFunctions/arm_q31_to_q15.c ****  * @return none.
  46:Drivers/CMSIS/DSP/Source/SupportFunctions/arm_q31_to_q15.c ****  *
  47:Drivers/CMSIS/DSP/Source/SupportFunctions/arm_q31_to_q15.c ****  * \par Description:
  48:Drivers/CMSIS/DSP/Source/SupportFunctions/arm_q31_to_q15.c ****  *
  49:Drivers/CMSIS/DSP/Source/SupportFunctions/arm_q31_to_q15.c ****  * The equation used for the conversion process is:
  50:Drivers/CMSIS/DSP/Source/SupportFunctions/arm_q31_to_q15.c ****  *
  51:Drivers/CMSIS/DSP/Source/SupportFunctions/arm_q31_to_q15.c ****  * <pre>
  52:Drivers/CMSIS/DSP/Source/SupportFunctions/arm_q31_to_q15.c ****  * 	pDst[n] = (q15_t) pSrc[n] >> 16;   0 <= n < blockSize.
  53:Drivers/CMSIS/DSP/Source/SupportFunctions/arm_q31_to_q15.c ****  * </pre>
  54:Drivers/CMSIS/DSP/Source/SupportFunctions/arm_q31_to_q15.c ****  *
  55:Drivers/CMSIS/DSP/Source/SupportFunctions/arm_q31_to_q15.c ****  */
  56:Drivers/CMSIS/DSP/Source/SupportFunctions/arm_q31_to_q15.c **** 
  57:Drivers/CMSIS/DSP/Source/SupportFunctions/arm_q31_to_q15.c **** 
  58:Drivers/CMSIS/DSP/Source/SupportFunctions/arm_q31_to_q15.c **** void arm_q31_to_q15(
  59:Drivers/CMSIS/DSP/Source/SupportFunctions/arm_q31_to_q15.c ****   q31_t * pSrc,
  60:Drivers/CMSIS/DSP/Source/SupportFunctions/arm_q31_to_q15.c ****   q15_t * pDst,
  61:Drivers/CMSIS/DSP/Source/SupportFunctions/arm_q31_to_q15.c ****   uint32_t blockSize)
  62:Drivers/CMSIS/DSP/Source/SupportFunctions/arm_q31_to_q15.c **** {
  28              		.loc 1 62 1 view -0
  29              		.cfi_startproc
  30              		@ args = 0, pretend = 0, frame = 0
  31              		@ frame_needed = 0, uses_anonymous_args = 0
  32              		@ link register save eliminated.
  63:Drivers/CMSIS/DSP/Source/SupportFunctions/arm_q31_to_q15.c ****   q31_t *pIn = pSrc;                             /* Src pointer */
  33              		.loc 1 63 3 view .LVU1
  64:Drivers/CMSIS/DSP/Source/SupportFunctions/arm_q31_to_q15.c ****   uint32_t blkCnt;                               /* loop counter */
  34              		.loc 1 64 3 view .LVU2
  65:Drivers/CMSIS/DSP/Source/SupportFunctions/arm_q31_to_q15.c **** 
  66:Drivers/CMSIS/DSP/Source/SupportFunctions/arm_q31_to_q15.c **** #if defined (ARM_MATH_DSP)
  67:Drivers/CMSIS/DSP/Source/SupportFunctions/arm_q31_to_q15.c **** 
  68:Drivers/CMSIS/DSP/Source/SupportFunctions/arm_q31_to_q15.c ****   /* Run the below code for Cortex-M4 and Cortex-M3 */
  69:Drivers/CMSIS/DSP/Source/SupportFunctions/arm_q31_to_q15.c ****   q31_t in1, in2, in3, in4;
  70:Drivers/CMSIS/DSP/Source/SupportFunctions/arm_q31_to_q15.c ****   q31_t out1, out2;
  71:Drivers/CMSIS/DSP/Source/SupportFunctions/arm_q31_to_q15.c **** 
  72:Drivers/CMSIS/DSP/Source/SupportFunctions/arm_q31_to_q15.c ****   /*loop Unrolling */
  73:Drivers/CMSIS/DSP/Source/SupportFunctions/arm_q31_to_q15.c ****   blkCnt = blockSize >> 2U;
  74:Drivers/CMSIS/DSP/Source/SupportFunctions/arm_q31_to_q15.c **** 
  75:Drivers/CMSIS/DSP/Source/SupportFunctions/arm_q31_to_q15.c ****   /* First part of the processing with loop unrolling.  Compute 4 outputs at a time.
  76:Drivers/CMSIS/DSP/Source/SupportFunctions/arm_q31_to_q15.c ****    ** a second loop below computes the remaining 1 to 3 samples. */
  77:Drivers/CMSIS/DSP/Source/SupportFunctions/arm_q31_to_q15.c ****   while (blkCnt > 0U)
  78:Drivers/CMSIS/DSP/Source/SupportFunctions/arm_q31_to_q15.c ****   {
  79:Drivers/CMSIS/DSP/Source/SupportFunctions/arm_q31_to_q15.c ****     /* C = (q15_t) A >> 16 */
  80:Drivers/CMSIS/DSP/Source/SupportFunctions/arm_q31_to_q15.c ****     /* convert from q31 to q15 and then store the results in the destination buffer */
  81:Drivers/CMSIS/DSP/Source/SupportFunctions/arm_q31_to_q15.c ****     in1 = *pIn++;
ARM GAS  C:\Users\Lamp\AppData\Local\Temp\ccKdw4bq.s 			page 3


  82:Drivers/CMSIS/DSP/Source/SupportFunctions/arm_q31_to_q15.c ****     in2 = *pIn++;
  83:Drivers/CMSIS/DSP/Source/SupportFunctions/arm_q31_to_q15.c ****     in3 = *pIn++;
  84:Drivers/CMSIS/DSP/Source/SupportFunctions/arm_q31_to_q15.c ****     in4 = *pIn++;
  85:Drivers/CMSIS/DSP/Source/SupportFunctions/arm_q31_to_q15.c **** 
  86:Drivers/CMSIS/DSP/Source/SupportFunctions/arm_q31_to_q15.c ****     /* pack two higher 16-bit values from two 32-bit values */
  87:Drivers/CMSIS/DSP/Source/SupportFunctions/arm_q31_to_q15.c **** #ifndef ARM_MATH_BIG_ENDIAN
  88:Drivers/CMSIS/DSP/Source/SupportFunctions/arm_q31_to_q15.c **** 
  89:Drivers/CMSIS/DSP/Source/SupportFunctions/arm_q31_to_q15.c ****     out1 = __PKHTB(in2, in1, 16);
  90:Drivers/CMSIS/DSP/Source/SupportFunctions/arm_q31_to_q15.c ****     out2 = __PKHTB(in4, in3, 16);
  91:Drivers/CMSIS/DSP/Source/SupportFunctions/arm_q31_to_q15.c **** 
  92:Drivers/CMSIS/DSP/Source/SupportFunctions/arm_q31_to_q15.c **** #else
  93:Drivers/CMSIS/DSP/Source/SupportFunctions/arm_q31_to_q15.c **** 
  94:Drivers/CMSIS/DSP/Source/SupportFunctions/arm_q31_to_q15.c ****     out1 = __PKHTB(in1, in2, 16);
  95:Drivers/CMSIS/DSP/Source/SupportFunctions/arm_q31_to_q15.c ****     out2 = __PKHTB(in3, in4, 16);
  96:Drivers/CMSIS/DSP/Source/SupportFunctions/arm_q31_to_q15.c **** 
  97:Drivers/CMSIS/DSP/Source/SupportFunctions/arm_q31_to_q15.c **** #endif //      #ifdef ARM_MATH_BIG_ENDIAN
  98:Drivers/CMSIS/DSP/Source/SupportFunctions/arm_q31_to_q15.c **** 
  99:Drivers/CMSIS/DSP/Source/SupportFunctions/arm_q31_to_q15.c ****     *__SIMD32(pDst)++ = out1;
 100:Drivers/CMSIS/DSP/Source/SupportFunctions/arm_q31_to_q15.c ****     *__SIMD32(pDst)++ = out2;
 101:Drivers/CMSIS/DSP/Source/SupportFunctions/arm_q31_to_q15.c **** 
 102:Drivers/CMSIS/DSP/Source/SupportFunctions/arm_q31_to_q15.c ****     /* Decrement the loop counter */
 103:Drivers/CMSIS/DSP/Source/SupportFunctions/arm_q31_to_q15.c ****     blkCnt--;
 104:Drivers/CMSIS/DSP/Source/SupportFunctions/arm_q31_to_q15.c ****   }
 105:Drivers/CMSIS/DSP/Source/SupportFunctions/arm_q31_to_q15.c **** 
 106:Drivers/CMSIS/DSP/Source/SupportFunctions/arm_q31_to_q15.c ****   /* If the blockSize is not a multiple of 4, compute any remaining output samples here.
 107:Drivers/CMSIS/DSP/Source/SupportFunctions/arm_q31_to_q15.c ****    ** No loop unrolling is used. */
 108:Drivers/CMSIS/DSP/Source/SupportFunctions/arm_q31_to_q15.c ****   blkCnt = blockSize % 0x4U;
 109:Drivers/CMSIS/DSP/Source/SupportFunctions/arm_q31_to_q15.c **** 
 110:Drivers/CMSIS/DSP/Source/SupportFunctions/arm_q31_to_q15.c **** #else
 111:Drivers/CMSIS/DSP/Source/SupportFunctions/arm_q31_to_q15.c **** 
 112:Drivers/CMSIS/DSP/Source/SupportFunctions/arm_q31_to_q15.c ****   /* Run the below code for Cortex-M0 */
 113:Drivers/CMSIS/DSP/Source/SupportFunctions/arm_q31_to_q15.c **** 
 114:Drivers/CMSIS/DSP/Source/SupportFunctions/arm_q31_to_q15.c ****   /* Loop over blockSize number of values */
 115:Drivers/CMSIS/DSP/Source/SupportFunctions/arm_q31_to_q15.c ****   blkCnt = blockSize;
  35              		.loc 1 115 3 view .LVU3
 116:Drivers/CMSIS/DSP/Source/SupportFunctions/arm_q31_to_q15.c **** 
 117:Drivers/CMSIS/DSP/Source/SupportFunctions/arm_q31_to_q15.c **** #endif /* #if defined (ARM_MATH_DSP) */
 118:Drivers/CMSIS/DSP/Source/SupportFunctions/arm_q31_to_q15.c **** 
 119:Drivers/CMSIS/DSP/Source/SupportFunctions/arm_q31_to_q15.c ****   while (blkCnt > 0U)
  36              		.loc 1 119 3 view .LVU4
  37              		.loc 1 119 9 is_stmt 0 view .LVU5
  38 0000 05E0     		b	.L2
  39              	.LVL1:
  40              	.L3:
 120:Drivers/CMSIS/DSP/Source/SupportFunctions/arm_q31_to_q15.c ****   {
 121:Drivers/CMSIS/DSP/Source/SupportFunctions/arm_q31_to_q15.c ****     /* C = (q15_t) A >> 16 */
 122:Drivers/CMSIS/DSP/Source/SupportFunctions/arm_q31_to_q15.c ****     /* convert from q31 to q15 and then store the results in the destination buffer */
 123:Drivers/CMSIS/DSP/Source/SupportFunctions/arm_q31_to_q15.c ****     *pDst++ = (q15_t) (*pIn++ >> 16);
  41              		.loc 1 123 5 is_stmt 1 view .LVU6
  42              		.loc 1 123 24 is_stmt 0 view .LVU7
  43 0002 50F8043B 		ldr	r3, [r0], #4
  44              	.LVL2:
  45              		.loc 1 123 15 view .LVU8
  46 0006 1B14     		asrs	r3, r3, #16
  47              		.loc 1 123 13 view .LVU9
  48 0008 21F8023B 		strh	r3, [r1], #2	@ movhi
  49              	.LVL3:
ARM GAS  C:\Users\Lamp\AppData\Local\Temp\ccKdw4bq.s 			page 4


 124:Drivers/CMSIS/DSP/Source/SupportFunctions/arm_q31_to_q15.c **** 
 125:Drivers/CMSIS/DSP/Source/SupportFunctions/arm_q31_to_q15.c ****     /* Decrement the loop counter */
 126:Drivers/CMSIS/DSP/Source/SupportFunctions/arm_q31_to_q15.c ****     blkCnt--;
  50              		.loc 1 126 5 is_stmt 1 view .LVU10
  51              		.loc 1 126 11 is_stmt 0 view .LVU11
  52 000c 013A     		subs	r2, r2, #1
  53              	.LVL4:
  54              	.L2:
 119:Drivers/CMSIS/DSP/Source/SupportFunctions/arm_q31_to_q15.c ****   {
  55              		.loc 1 119 17 is_stmt 1 view .LVU12
  56 000e 002A     		cmp	r2, #0
  57 0010 F7D1     		bne	.L3
 127:Drivers/CMSIS/DSP/Source/SupportFunctions/arm_q31_to_q15.c ****   }
 128:Drivers/CMSIS/DSP/Source/SupportFunctions/arm_q31_to_q15.c **** 
 129:Drivers/CMSIS/DSP/Source/SupportFunctions/arm_q31_to_q15.c **** }
  58              		.loc 1 129 1 is_stmt 0 view .LVU13
  59 0012 7047     		bx	lr
  60              		.cfi_endproc
  61              	.LFE100:
  63              		.text
  64              	.Letext0:
  65              		.file 2 "C:/ARM GNU Toolchain/arm-none-eabi/include/machine/_default_types.h"
  66              		.file 3 "C:/ARM GNU Toolchain/arm-none-eabi/include/sys/_stdint.h"
  67              		.file 4 "Drivers/CMSIS/DSP/Include/arm_math.h"
ARM GAS  C:\Users\Lamp\AppData\Local\Temp\ccKdw4bq.s 			page 5


DEFINED SYMBOLS
                            *ABS*:00000000 arm_q31_to_q15.c
C:\Users\Lamp\AppData\Local\Temp\ccKdw4bq.s:19     .text.arm_q31_to_q15:00000000 $t
C:\Users\Lamp\AppData\Local\Temp\ccKdw4bq.s:25     .text.arm_q31_to_q15:00000000 arm_q31_to_q15

NO UNDEFINED SYMBOLS
