ARM GAS  C:\Users\Lamp\AppData\Local\Temp\ccFXfYHo.s 			page 1


   1              		.cpu cortex-m3
   2              		.arch armv7-m
   3              		.fpu softvfp
   4              		.eabi_attribute 20, 1
   5              		.eabi_attribute 21, 1
   6              		.eabi_attribute 23, 3
   7              		.eabi_attribute 24, 1
   8              		.eabi_attribute 25, 1
   9              		.eabi_attribute 26, 1
  10              		.eabi_attribute 30, 1
  11              		.eabi_attribute 34, 1
  12              		.eabi_attribute 18, 4
  13              		.file	"arm_cmplx_mag_q15.c"
  14              		.text
  15              	.Ltext0:
  16              		.cfi_sections	.debug_frame
  17              		.file 1 "Drivers/CMSIS/DSP/Source/ComplexMathFunctions/arm_cmplx_mag_q15.c"
  18              		.section	.text.arm_cmplx_mag_q15,"ax",%progbits
  19              		.align	1
  20              		.global	arm_cmplx_mag_q15
  21              		.syntax unified
  22              		.thumb
  23              		.thumb_func
  25              	arm_cmplx_mag_q15:
  26              	.LVL0:
  27              	.LFB100:
   1:Drivers/CMSIS/DSP/Source/ComplexMathFunctions/arm_cmplx_mag_q15.c **** /* ----------------------------------------------------------------------
   2:Drivers/CMSIS/DSP/Source/ComplexMathFunctions/arm_cmplx_mag_q15.c ****  * Project:      CMSIS DSP Library
   3:Drivers/CMSIS/DSP/Source/ComplexMathFunctions/arm_cmplx_mag_q15.c ****  * Title:        arm_cmplx_mag_q15.c
   4:Drivers/CMSIS/DSP/Source/ComplexMathFunctions/arm_cmplx_mag_q15.c ****  * Description:  Q15 complex magnitude
   5:Drivers/CMSIS/DSP/Source/ComplexMathFunctions/arm_cmplx_mag_q15.c ****  *
   6:Drivers/CMSIS/DSP/Source/ComplexMathFunctions/arm_cmplx_mag_q15.c ****  * $Date:        27. January 2017
   7:Drivers/CMSIS/DSP/Source/ComplexMathFunctions/arm_cmplx_mag_q15.c ****  * $Revision:    V.1.5.1
   8:Drivers/CMSIS/DSP/Source/ComplexMathFunctions/arm_cmplx_mag_q15.c ****  *
   9:Drivers/CMSIS/DSP/Source/ComplexMathFunctions/arm_cmplx_mag_q15.c ****  * Target Processor: Cortex-M cores
  10:Drivers/CMSIS/DSP/Source/ComplexMathFunctions/arm_cmplx_mag_q15.c ****  * -------------------------------------------------------------------- */
  11:Drivers/CMSIS/DSP/Source/ComplexMathFunctions/arm_cmplx_mag_q15.c **** /*
  12:Drivers/CMSIS/DSP/Source/ComplexMathFunctions/arm_cmplx_mag_q15.c ****  * Copyright (C) 2010-2017 ARM Limited or its affiliates. All rights reserved.
  13:Drivers/CMSIS/DSP/Source/ComplexMathFunctions/arm_cmplx_mag_q15.c ****  *
  14:Drivers/CMSIS/DSP/Source/ComplexMathFunctions/arm_cmplx_mag_q15.c ****  * SPDX-License-Identifier: Apache-2.0
  15:Drivers/CMSIS/DSP/Source/ComplexMathFunctions/arm_cmplx_mag_q15.c ****  *
  16:Drivers/CMSIS/DSP/Source/ComplexMathFunctions/arm_cmplx_mag_q15.c ****  * Licensed under the Apache License, Version 2.0 (the License); you may
  17:Drivers/CMSIS/DSP/Source/ComplexMathFunctions/arm_cmplx_mag_q15.c ****  * not use this file except in compliance with the License.
  18:Drivers/CMSIS/DSP/Source/ComplexMathFunctions/arm_cmplx_mag_q15.c ****  * You may obtain a copy of the License at
  19:Drivers/CMSIS/DSP/Source/ComplexMathFunctions/arm_cmplx_mag_q15.c ****  *
  20:Drivers/CMSIS/DSP/Source/ComplexMathFunctions/arm_cmplx_mag_q15.c ****  * www.apache.org/licenses/LICENSE-2.0
  21:Drivers/CMSIS/DSP/Source/ComplexMathFunctions/arm_cmplx_mag_q15.c ****  *
  22:Drivers/CMSIS/DSP/Source/ComplexMathFunctions/arm_cmplx_mag_q15.c ****  * Unless required by applicable law or agreed to in writing, software
  23:Drivers/CMSIS/DSP/Source/ComplexMathFunctions/arm_cmplx_mag_q15.c ****  * distributed under the License is distributed on an AS IS BASIS, WITHOUT
  24:Drivers/CMSIS/DSP/Source/ComplexMathFunctions/arm_cmplx_mag_q15.c ****  * WARRANTIES OR CONDITIONS OF ANY KIND, either express or implied.
  25:Drivers/CMSIS/DSP/Source/ComplexMathFunctions/arm_cmplx_mag_q15.c ****  * See the License for the specific language governing permissions and
  26:Drivers/CMSIS/DSP/Source/ComplexMathFunctions/arm_cmplx_mag_q15.c ****  * limitations under the License.
  27:Drivers/CMSIS/DSP/Source/ComplexMathFunctions/arm_cmplx_mag_q15.c ****  */
  28:Drivers/CMSIS/DSP/Source/ComplexMathFunctions/arm_cmplx_mag_q15.c **** 
  29:Drivers/CMSIS/DSP/Source/ComplexMathFunctions/arm_cmplx_mag_q15.c **** #include "arm_math.h"
  30:Drivers/CMSIS/DSP/Source/ComplexMathFunctions/arm_cmplx_mag_q15.c **** 
  31:Drivers/CMSIS/DSP/Source/ComplexMathFunctions/arm_cmplx_mag_q15.c **** /**
ARM GAS  C:\Users\Lamp\AppData\Local\Temp\ccFXfYHo.s 			page 2


  32:Drivers/CMSIS/DSP/Source/ComplexMathFunctions/arm_cmplx_mag_q15.c ****  * @ingroup groupCmplxMath
  33:Drivers/CMSIS/DSP/Source/ComplexMathFunctions/arm_cmplx_mag_q15.c ****  */
  34:Drivers/CMSIS/DSP/Source/ComplexMathFunctions/arm_cmplx_mag_q15.c **** 
  35:Drivers/CMSIS/DSP/Source/ComplexMathFunctions/arm_cmplx_mag_q15.c **** /**
  36:Drivers/CMSIS/DSP/Source/ComplexMathFunctions/arm_cmplx_mag_q15.c ****  * @addtogroup cmplx_mag
  37:Drivers/CMSIS/DSP/Source/ComplexMathFunctions/arm_cmplx_mag_q15.c ****  * @{
  38:Drivers/CMSIS/DSP/Source/ComplexMathFunctions/arm_cmplx_mag_q15.c ****  */
  39:Drivers/CMSIS/DSP/Source/ComplexMathFunctions/arm_cmplx_mag_q15.c **** 
  40:Drivers/CMSIS/DSP/Source/ComplexMathFunctions/arm_cmplx_mag_q15.c **** 
  41:Drivers/CMSIS/DSP/Source/ComplexMathFunctions/arm_cmplx_mag_q15.c **** /**
  42:Drivers/CMSIS/DSP/Source/ComplexMathFunctions/arm_cmplx_mag_q15.c ****  * @brief  Q15 complex magnitude
  43:Drivers/CMSIS/DSP/Source/ComplexMathFunctions/arm_cmplx_mag_q15.c ****  * @param  *pSrc points to the complex input vector
  44:Drivers/CMSIS/DSP/Source/ComplexMathFunctions/arm_cmplx_mag_q15.c ****  * @param  *pDst points to the real output vector
  45:Drivers/CMSIS/DSP/Source/ComplexMathFunctions/arm_cmplx_mag_q15.c ****  * @param  numSamples number of complex samples in the input vector
  46:Drivers/CMSIS/DSP/Source/ComplexMathFunctions/arm_cmplx_mag_q15.c ****  * @return none.
  47:Drivers/CMSIS/DSP/Source/ComplexMathFunctions/arm_cmplx_mag_q15.c ****  *
  48:Drivers/CMSIS/DSP/Source/ComplexMathFunctions/arm_cmplx_mag_q15.c ****  * <b>Scaling and Overflow Behavior:</b>
  49:Drivers/CMSIS/DSP/Source/ComplexMathFunctions/arm_cmplx_mag_q15.c ****  * \par
  50:Drivers/CMSIS/DSP/Source/ComplexMathFunctions/arm_cmplx_mag_q15.c ****  * The function implements 1.15 by 1.15 multiplications and finally output is converted into 2.14 f
  51:Drivers/CMSIS/DSP/Source/ComplexMathFunctions/arm_cmplx_mag_q15.c ****  */
  52:Drivers/CMSIS/DSP/Source/ComplexMathFunctions/arm_cmplx_mag_q15.c **** 
  53:Drivers/CMSIS/DSP/Source/ComplexMathFunctions/arm_cmplx_mag_q15.c **** void arm_cmplx_mag_q15(
  54:Drivers/CMSIS/DSP/Source/ComplexMathFunctions/arm_cmplx_mag_q15.c ****   q15_t * pSrc,
  55:Drivers/CMSIS/DSP/Source/ComplexMathFunctions/arm_cmplx_mag_q15.c ****   q15_t * pDst,
  56:Drivers/CMSIS/DSP/Source/ComplexMathFunctions/arm_cmplx_mag_q15.c ****   uint32_t numSamples)
  57:Drivers/CMSIS/DSP/Source/ComplexMathFunctions/arm_cmplx_mag_q15.c **** {
  28              		.loc 1 57 1 view -0
  29              		.cfi_startproc
  30              		@ args = 0, pretend = 0, frame = 0
  31              		@ frame_needed = 0, uses_anonymous_args = 0
  32              		.loc 1 57 1 is_stmt 0 view .LVU1
  33 0000 70B5     		push	{r4, r5, r6, lr}
  34              	.LCFI0:
  35              		.cfi_def_cfa_offset 16
  36              		.cfi_offset 4, -16
  37              		.cfi_offset 5, -12
  38              		.cfi_offset 6, -8
  39              		.cfi_offset 14, -4
  40 0002 1546     		mov	r5, r2
  58:Drivers/CMSIS/DSP/Source/ComplexMathFunctions/arm_cmplx_mag_q15.c ****   q31_t acc0, acc1;                              /* Accumulators */
  41              		.loc 1 58 3 is_stmt 1 view .LVU2
  59:Drivers/CMSIS/DSP/Source/ComplexMathFunctions/arm_cmplx_mag_q15.c **** 
  60:Drivers/CMSIS/DSP/Source/ComplexMathFunctions/arm_cmplx_mag_q15.c **** #if defined (ARM_MATH_DSP)
  61:Drivers/CMSIS/DSP/Source/ComplexMathFunctions/arm_cmplx_mag_q15.c **** 
  62:Drivers/CMSIS/DSP/Source/ComplexMathFunctions/arm_cmplx_mag_q15.c ****   /* Run the below code for Cortex-M4 and Cortex-M3 */
  63:Drivers/CMSIS/DSP/Source/ComplexMathFunctions/arm_cmplx_mag_q15.c ****   uint32_t blkCnt;                               /* loop counter */
  64:Drivers/CMSIS/DSP/Source/ComplexMathFunctions/arm_cmplx_mag_q15.c ****   q31_t in1, in2, in3, in4;
  65:Drivers/CMSIS/DSP/Source/ComplexMathFunctions/arm_cmplx_mag_q15.c ****   q31_t acc2, acc3;
  66:Drivers/CMSIS/DSP/Source/ComplexMathFunctions/arm_cmplx_mag_q15.c **** 
  67:Drivers/CMSIS/DSP/Source/ComplexMathFunctions/arm_cmplx_mag_q15.c **** 
  68:Drivers/CMSIS/DSP/Source/ComplexMathFunctions/arm_cmplx_mag_q15.c ****   /*loop Unrolling */
  69:Drivers/CMSIS/DSP/Source/ComplexMathFunctions/arm_cmplx_mag_q15.c ****   blkCnt = numSamples >> 2U;
  70:Drivers/CMSIS/DSP/Source/ComplexMathFunctions/arm_cmplx_mag_q15.c **** 
  71:Drivers/CMSIS/DSP/Source/ComplexMathFunctions/arm_cmplx_mag_q15.c ****   /* First part of the processing with loop unrolling.  Compute 4 outputs at a time.
  72:Drivers/CMSIS/DSP/Source/ComplexMathFunctions/arm_cmplx_mag_q15.c ****    ** a second loop below computes the remaining 1 to 3 samples. */
  73:Drivers/CMSIS/DSP/Source/ComplexMathFunctions/arm_cmplx_mag_q15.c ****   while (blkCnt > 0U)
  74:Drivers/CMSIS/DSP/Source/ComplexMathFunctions/arm_cmplx_mag_q15.c ****   {
ARM GAS  C:\Users\Lamp\AppData\Local\Temp\ccFXfYHo.s 			page 3


  75:Drivers/CMSIS/DSP/Source/ComplexMathFunctions/arm_cmplx_mag_q15.c **** 
  76:Drivers/CMSIS/DSP/Source/ComplexMathFunctions/arm_cmplx_mag_q15.c ****     /* C[0] = sqrt(A[0] * A[0] + A[1] * A[1]) */
  77:Drivers/CMSIS/DSP/Source/ComplexMathFunctions/arm_cmplx_mag_q15.c ****     in1 = *__SIMD32(pSrc)++;
  78:Drivers/CMSIS/DSP/Source/ComplexMathFunctions/arm_cmplx_mag_q15.c ****     in2 = *__SIMD32(pSrc)++;
  79:Drivers/CMSIS/DSP/Source/ComplexMathFunctions/arm_cmplx_mag_q15.c ****     in3 = *__SIMD32(pSrc)++;
  80:Drivers/CMSIS/DSP/Source/ComplexMathFunctions/arm_cmplx_mag_q15.c ****     in4 = *__SIMD32(pSrc)++;
  81:Drivers/CMSIS/DSP/Source/ComplexMathFunctions/arm_cmplx_mag_q15.c **** 
  82:Drivers/CMSIS/DSP/Source/ComplexMathFunctions/arm_cmplx_mag_q15.c ****     acc0 = __SMUAD(in1, in1);
  83:Drivers/CMSIS/DSP/Source/ComplexMathFunctions/arm_cmplx_mag_q15.c ****     acc1 = __SMUAD(in2, in2);
  84:Drivers/CMSIS/DSP/Source/ComplexMathFunctions/arm_cmplx_mag_q15.c ****     acc2 = __SMUAD(in3, in3);
  85:Drivers/CMSIS/DSP/Source/ComplexMathFunctions/arm_cmplx_mag_q15.c ****     acc3 = __SMUAD(in4, in4);
  86:Drivers/CMSIS/DSP/Source/ComplexMathFunctions/arm_cmplx_mag_q15.c **** 
  87:Drivers/CMSIS/DSP/Source/ComplexMathFunctions/arm_cmplx_mag_q15.c ****     /* store the result in 2.14 format in the destination buffer. */
  88:Drivers/CMSIS/DSP/Source/ComplexMathFunctions/arm_cmplx_mag_q15.c ****     arm_sqrt_q15((q15_t) ((acc0) >> 17), pDst++);
  89:Drivers/CMSIS/DSP/Source/ComplexMathFunctions/arm_cmplx_mag_q15.c ****     arm_sqrt_q15((q15_t) ((acc1) >> 17), pDst++);
  90:Drivers/CMSIS/DSP/Source/ComplexMathFunctions/arm_cmplx_mag_q15.c ****     arm_sqrt_q15((q15_t) ((acc2) >> 17), pDst++);
  91:Drivers/CMSIS/DSP/Source/ComplexMathFunctions/arm_cmplx_mag_q15.c ****     arm_sqrt_q15((q15_t) ((acc3) >> 17), pDst++);
  92:Drivers/CMSIS/DSP/Source/ComplexMathFunctions/arm_cmplx_mag_q15.c **** 
  93:Drivers/CMSIS/DSP/Source/ComplexMathFunctions/arm_cmplx_mag_q15.c ****     /* Decrement the loop counter */
  94:Drivers/CMSIS/DSP/Source/ComplexMathFunctions/arm_cmplx_mag_q15.c ****     blkCnt--;
  95:Drivers/CMSIS/DSP/Source/ComplexMathFunctions/arm_cmplx_mag_q15.c ****   }
  96:Drivers/CMSIS/DSP/Source/ComplexMathFunctions/arm_cmplx_mag_q15.c **** 
  97:Drivers/CMSIS/DSP/Source/ComplexMathFunctions/arm_cmplx_mag_q15.c ****   /* If the numSamples is not a multiple of 4, compute any remaining output samples here.
  98:Drivers/CMSIS/DSP/Source/ComplexMathFunctions/arm_cmplx_mag_q15.c ****    ** No loop unrolling is used. */
  99:Drivers/CMSIS/DSP/Source/ComplexMathFunctions/arm_cmplx_mag_q15.c ****   blkCnt = numSamples % 0x4U;
 100:Drivers/CMSIS/DSP/Source/ComplexMathFunctions/arm_cmplx_mag_q15.c **** 
 101:Drivers/CMSIS/DSP/Source/ComplexMathFunctions/arm_cmplx_mag_q15.c ****   while (blkCnt > 0U)
 102:Drivers/CMSIS/DSP/Source/ComplexMathFunctions/arm_cmplx_mag_q15.c ****   {
 103:Drivers/CMSIS/DSP/Source/ComplexMathFunctions/arm_cmplx_mag_q15.c ****     /* C[0] = sqrt(A[0] * A[0] + A[1] * A[1]) */
 104:Drivers/CMSIS/DSP/Source/ComplexMathFunctions/arm_cmplx_mag_q15.c ****     in1 = *__SIMD32(pSrc)++;
 105:Drivers/CMSIS/DSP/Source/ComplexMathFunctions/arm_cmplx_mag_q15.c ****     acc0 = __SMUAD(in1, in1);
 106:Drivers/CMSIS/DSP/Source/ComplexMathFunctions/arm_cmplx_mag_q15.c **** 
 107:Drivers/CMSIS/DSP/Source/ComplexMathFunctions/arm_cmplx_mag_q15.c ****     /* store the result in 2.14 format in the destination buffer. */
 108:Drivers/CMSIS/DSP/Source/ComplexMathFunctions/arm_cmplx_mag_q15.c ****     arm_sqrt_q15((q15_t) (acc0 >> 17), pDst++);
 109:Drivers/CMSIS/DSP/Source/ComplexMathFunctions/arm_cmplx_mag_q15.c **** 
 110:Drivers/CMSIS/DSP/Source/ComplexMathFunctions/arm_cmplx_mag_q15.c ****     /* Decrement the loop counter */
 111:Drivers/CMSIS/DSP/Source/ComplexMathFunctions/arm_cmplx_mag_q15.c ****     blkCnt--;
 112:Drivers/CMSIS/DSP/Source/ComplexMathFunctions/arm_cmplx_mag_q15.c ****   }
 113:Drivers/CMSIS/DSP/Source/ComplexMathFunctions/arm_cmplx_mag_q15.c **** 
 114:Drivers/CMSIS/DSP/Source/ComplexMathFunctions/arm_cmplx_mag_q15.c **** #else
 115:Drivers/CMSIS/DSP/Source/ComplexMathFunctions/arm_cmplx_mag_q15.c **** 
 116:Drivers/CMSIS/DSP/Source/ComplexMathFunctions/arm_cmplx_mag_q15.c ****   /* Run the below code for Cortex-M0 */
 117:Drivers/CMSIS/DSP/Source/ComplexMathFunctions/arm_cmplx_mag_q15.c ****   q15_t real, imag;                              /* Temporary variables to hold input values */
  42              		.loc 1 117 3 view .LVU3
 118:Drivers/CMSIS/DSP/Source/ComplexMathFunctions/arm_cmplx_mag_q15.c **** 
 119:Drivers/CMSIS/DSP/Source/ComplexMathFunctions/arm_cmplx_mag_q15.c ****   while (numSamples > 0U)
  43              		.loc 1 119 3 view .LVU4
  44              		.loc 1 119 9 is_stmt 0 view .LVU5
  45 0004 16E0     		b	.L2
  46              	.LVL1:
  47              	.L3:
 120:Drivers/CMSIS/DSP/Source/ComplexMathFunctions/arm_cmplx_mag_q15.c ****   {
 121:Drivers/CMSIS/DSP/Source/ComplexMathFunctions/arm_cmplx_mag_q15.c ****     /* out = sqrt(real * real + imag * imag) */
 122:Drivers/CMSIS/DSP/Source/ComplexMathFunctions/arm_cmplx_mag_q15.c ****     real = *pSrc++;
  48              		.loc 1 122 5 is_stmt 1 view .LVU6
  49              		.loc 1 122 10 is_stmt 0 view .LVU7
  50 0006 0446     		mov	r4, r0
ARM GAS  C:\Users\Lamp\AppData\Local\Temp\ccFXfYHo.s 			page 4


  51 0008 34F9043B 		ldrsh	r3, [r4], #4
  52              	.LVL2:
 123:Drivers/CMSIS/DSP/Source/ComplexMathFunctions/arm_cmplx_mag_q15.c ****     imag = *pSrc++;
  53              		.loc 1 123 5 is_stmt 1 view .LVU8
  54              		.loc 1 123 10 is_stmt 0 view .LVU9
  55 000c B0F90200 		ldrsh	r0, [r0, #2]
  56              	.LVL3:
 124:Drivers/CMSIS/DSP/Source/ComplexMathFunctions/arm_cmplx_mag_q15.c **** 
 125:Drivers/CMSIS/DSP/Source/ComplexMathFunctions/arm_cmplx_mag_q15.c ****     acc0 = (real * real);
  57              		.loc 1 125 5 is_stmt 1 view .LVU10
  58              		.loc 1 125 10 is_stmt 0 view .LVU11
  59 0010 03FB03F3 		mul	r3, r3, r3
  60              	.LVL4:
 126:Drivers/CMSIS/DSP/Source/ComplexMathFunctions/arm_cmplx_mag_q15.c ****     acc1 = (imag * imag);
  61              		.loc 1 126 5 is_stmt 1 view .LVU12
  62              		.loc 1 126 10 is_stmt 0 view .LVU13
  63 0014 00FB00F0 		mul	r0, r0, r0
  64              	.LVL5:
 127:Drivers/CMSIS/DSP/Source/ComplexMathFunctions/arm_cmplx_mag_q15.c **** 
 128:Drivers/CMSIS/DSP/Source/ComplexMathFunctions/arm_cmplx_mag_q15.c ****     /* store the result in 2.14 format in the destination buffer. */
 129:Drivers/CMSIS/DSP/Source/ComplexMathFunctions/arm_cmplx_mag_q15.c ****     arm_sqrt_q15((q15_t) (((q63_t) acc0 + acc1) >> 17), pDst++);
  65              		.loc 1 129 5 is_stmt 1 view .LVU14
  66              		.loc 1 129 41 is_stmt 0 view .LVU15
  67 0018 C217     		asrs	r2, r0, #31
  68 001a C018     		adds	r0, r0, r3
  69              	.LVL6:
  70              		.loc 1 129 41 view .LVU16
  71 001c 42EBE373 		adc	r3, r2, r3, asr #31
  72              	.LVL7:
  73              		.loc 1 129 49 view .LVU17
  74 0020 400C     		lsrs	r0, r0, #17
  75 0022 40EAC330 		orr	r0, r0, r3, lsl #15
  76              		.loc 1 129 5 view .LVU18
  77 0026 8E1C     		adds	r6, r1, #2
  78              	.LVL8:
  79              		.loc 1 129 5 view .LVU19
  80 0028 00B2     		sxth	r0, r0
  81 002a FFF7FEFF 		bl	arm_sqrt_q15
  82              	.LVL9:
 130:Drivers/CMSIS/DSP/Source/ComplexMathFunctions/arm_cmplx_mag_q15.c **** 
 131:Drivers/CMSIS/DSP/Source/ComplexMathFunctions/arm_cmplx_mag_q15.c ****     /* Decrement the loop counter */
 132:Drivers/CMSIS/DSP/Source/ComplexMathFunctions/arm_cmplx_mag_q15.c ****     numSamples--;
  83              		.loc 1 132 5 is_stmt 1 view .LVU20
  84              		.loc 1 132 15 is_stmt 0 view .LVU21
  85 002e 013D     		subs	r5, r5, #1
  86              	.LVL10:
 129:Drivers/CMSIS/DSP/Source/ComplexMathFunctions/arm_cmplx_mag_q15.c **** 
  87              		.loc 1 129 5 view .LVU22
  88 0030 3146     		mov	r1, r6
 123:Drivers/CMSIS/DSP/Source/ComplexMathFunctions/arm_cmplx_mag_q15.c **** 
  89              		.loc 1 123 17 view .LVU23
  90 0032 2046     		mov	r0, r4
  91              	.LVL11:
  92              	.L2:
 119:Drivers/CMSIS/DSP/Source/ComplexMathFunctions/arm_cmplx_mag_q15.c ****   {
  93              		.loc 1 119 21 is_stmt 1 view .LVU24
  94 0034 002D     		cmp	r5, #0
ARM GAS  C:\Users\Lamp\AppData\Local\Temp\ccFXfYHo.s 			page 5


  95 0036 E6D1     		bne	.L3
 133:Drivers/CMSIS/DSP/Source/ComplexMathFunctions/arm_cmplx_mag_q15.c ****   }
 134:Drivers/CMSIS/DSP/Source/ComplexMathFunctions/arm_cmplx_mag_q15.c **** 
 135:Drivers/CMSIS/DSP/Source/ComplexMathFunctions/arm_cmplx_mag_q15.c **** #endif /* #if defined (ARM_MATH_DSP) */
 136:Drivers/CMSIS/DSP/Source/ComplexMathFunctions/arm_cmplx_mag_q15.c **** 
 137:Drivers/CMSIS/DSP/Source/ComplexMathFunctions/arm_cmplx_mag_q15.c **** }
  96              		.loc 1 137 1 is_stmt 0 view .LVU25
  97 0038 70BD     		pop	{r4, r5, r6, pc}
  98              		.loc 1 137 1 view .LVU26
  99              		.cfi_endproc
 100              	.LFE100:
 102              		.text
 103              	.Letext0:
 104              		.file 2 "C:/ARM GNU Toolchain/arm-none-eabi/include/machine/_default_types.h"
 105              		.file 3 "C:/ARM GNU Toolchain/arm-none-eabi/include/sys/_stdint.h"
 106              		.file 4 "Drivers/CMSIS/DSP/Include/arm_math.h"
ARM GAS  C:\Users\Lamp\AppData\Local\Temp\ccFXfYHo.s 			page 6


DEFINED SYMBOLS
                            *ABS*:00000000 arm_cmplx_mag_q15.c
C:\Users\Lamp\AppData\Local\Temp\ccFXfYHo.s:19     .text.arm_cmplx_mag_q15:00000000 $t
C:\Users\Lamp\AppData\Local\Temp\ccFXfYHo.s:25     .text.arm_cmplx_mag_q15:00000000 arm_cmplx_mag_q15

UNDEFINED SYMBOLS
arm_sqrt_q15
