ARM GAS  C:\Users\Lamp\AppData\Local\Temp\ccG9NTuD.s 			page 1


   1              		.cpu cortex-m3
   2              		.arch armv7-m
   3              		.fpu softvfp
   4              		.eabi_attribute 20, 1
   5              		.eabi_attribute 21, 1
   6              		.eabi_attribute 23, 3
   7              		.eabi_attribute 24, 1
   8              		.eabi_attribute 25, 1
   9              		.eabi_attribute 26, 1
  10              		.eabi_attribute 30, 1
  11              		.eabi_attribute 34, 1
  12              		.eabi_attribute 18, 4
  13              		.file	"arm_mult_q15.c"
  14              		.text
  15              	.Ltext0:
  16              		.cfi_sections	.debug_frame
  17              		.file 1 "Drivers/CMSIS/DSP/Source/BasicMathFunctions/arm_mult_q15.c"
  18              		.section	.text.arm_mult_q15,"ax",%progbits
  19              		.align	1
  20              		.global	arm_mult_q15
  21              		.syntax unified
  22              		.thumb
  23              		.thumb_func
  25              	arm_mult_q15:
  26              	.LVL0:
  27              	.LFB100:
   1:Drivers/CMSIS/DSP/Source/BasicMathFunctions/arm_mult_q15.c **** /* ----------------------------------------------------------------------
   2:Drivers/CMSIS/DSP/Source/BasicMathFunctions/arm_mult_q15.c ****  * Project:      CMSIS DSP Library
   3:Drivers/CMSIS/DSP/Source/BasicMathFunctions/arm_mult_q15.c ****  * Title:        arm_mult_q15.c
   4:Drivers/CMSIS/DSP/Source/BasicMathFunctions/arm_mult_q15.c ****  * Description:  Q15 vector multiplication
   5:Drivers/CMSIS/DSP/Source/BasicMathFunctions/arm_mult_q15.c ****  *
   6:Drivers/CMSIS/DSP/Source/BasicMathFunctions/arm_mult_q15.c ****  * $Date:        27. January 2017
   7:Drivers/CMSIS/DSP/Source/BasicMathFunctions/arm_mult_q15.c ****  * $Revision:    V.1.5.1
   8:Drivers/CMSIS/DSP/Source/BasicMathFunctions/arm_mult_q15.c ****  *
   9:Drivers/CMSIS/DSP/Source/BasicMathFunctions/arm_mult_q15.c ****  * Target Processor: Cortex-M cores
  10:Drivers/CMSIS/DSP/Source/BasicMathFunctions/arm_mult_q15.c ****  * -------------------------------------------------------------------- */
  11:Drivers/CMSIS/DSP/Source/BasicMathFunctions/arm_mult_q15.c **** /*
  12:Drivers/CMSIS/DSP/Source/BasicMathFunctions/arm_mult_q15.c ****  * Copyright (C) 2010-2017 ARM Limited or its affiliates. All rights reserved.
  13:Drivers/CMSIS/DSP/Source/BasicMathFunctions/arm_mult_q15.c ****  *
  14:Drivers/CMSIS/DSP/Source/BasicMathFunctions/arm_mult_q15.c ****  * SPDX-License-Identifier: Apache-2.0
  15:Drivers/CMSIS/DSP/Source/BasicMathFunctions/arm_mult_q15.c ****  *
  16:Drivers/CMSIS/DSP/Source/BasicMathFunctions/arm_mult_q15.c ****  * Licensed under the Apache License, Version 2.0 (the License); you may
  17:Drivers/CMSIS/DSP/Source/BasicMathFunctions/arm_mult_q15.c ****  * not use this file except in compliance with the License.
  18:Drivers/CMSIS/DSP/Source/BasicMathFunctions/arm_mult_q15.c ****  * You may obtain a copy of the License at
  19:Drivers/CMSIS/DSP/Source/BasicMathFunctions/arm_mult_q15.c ****  *
  20:Drivers/CMSIS/DSP/Source/BasicMathFunctions/arm_mult_q15.c ****  * www.apache.org/licenses/LICENSE-2.0
  21:Drivers/CMSIS/DSP/Source/BasicMathFunctions/arm_mult_q15.c ****  *
  22:Drivers/CMSIS/DSP/Source/BasicMathFunctions/arm_mult_q15.c ****  * Unless required by applicable law or agreed to in writing, software
  23:Drivers/CMSIS/DSP/Source/BasicMathFunctions/arm_mult_q15.c ****  * distributed under the License is distributed on an AS IS BASIS, WITHOUT
  24:Drivers/CMSIS/DSP/Source/BasicMathFunctions/arm_mult_q15.c ****  * WARRANTIES OR CONDITIONS OF ANY KIND, either express or implied.
  25:Drivers/CMSIS/DSP/Source/BasicMathFunctions/arm_mult_q15.c ****  * See the License for the specific language governing permissions and
  26:Drivers/CMSIS/DSP/Source/BasicMathFunctions/arm_mult_q15.c ****  * limitations under the License.
  27:Drivers/CMSIS/DSP/Source/BasicMathFunctions/arm_mult_q15.c ****  */
  28:Drivers/CMSIS/DSP/Source/BasicMathFunctions/arm_mult_q15.c **** 
  29:Drivers/CMSIS/DSP/Source/BasicMathFunctions/arm_mult_q15.c **** #include "arm_math.h"
  30:Drivers/CMSIS/DSP/Source/BasicMathFunctions/arm_mult_q15.c **** 
  31:Drivers/CMSIS/DSP/Source/BasicMathFunctions/arm_mult_q15.c **** /**
ARM GAS  C:\Users\Lamp\AppData\Local\Temp\ccG9NTuD.s 			page 2


  32:Drivers/CMSIS/DSP/Source/BasicMathFunctions/arm_mult_q15.c ****  * @ingroup groupMath
  33:Drivers/CMSIS/DSP/Source/BasicMathFunctions/arm_mult_q15.c ****  */
  34:Drivers/CMSIS/DSP/Source/BasicMathFunctions/arm_mult_q15.c **** 
  35:Drivers/CMSIS/DSP/Source/BasicMathFunctions/arm_mult_q15.c **** /**
  36:Drivers/CMSIS/DSP/Source/BasicMathFunctions/arm_mult_q15.c ****  * @addtogroup BasicMult
  37:Drivers/CMSIS/DSP/Source/BasicMathFunctions/arm_mult_q15.c ****  * @{
  38:Drivers/CMSIS/DSP/Source/BasicMathFunctions/arm_mult_q15.c ****  */
  39:Drivers/CMSIS/DSP/Source/BasicMathFunctions/arm_mult_q15.c **** 
  40:Drivers/CMSIS/DSP/Source/BasicMathFunctions/arm_mult_q15.c **** 
  41:Drivers/CMSIS/DSP/Source/BasicMathFunctions/arm_mult_q15.c **** /**
  42:Drivers/CMSIS/DSP/Source/BasicMathFunctions/arm_mult_q15.c ****  * @brief           Q15 vector multiplication
  43:Drivers/CMSIS/DSP/Source/BasicMathFunctions/arm_mult_q15.c ****  * @param[in]       *pSrcA points to the first input vector
  44:Drivers/CMSIS/DSP/Source/BasicMathFunctions/arm_mult_q15.c ****  * @param[in]       *pSrcB points to the second input vector
  45:Drivers/CMSIS/DSP/Source/BasicMathFunctions/arm_mult_q15.c ****  * @param[out]      *pDst points to the output vector
  46:Drivers/CMSIS/DSP/Source/BasicMathFunctions/arm_mult_q15.c ****  * @param[in]       blockSize number of samples in each vector
  47:Drivers/CMSIS/DSP/Source/BasicMathFunctions/arm_mult_q15.c ****  * @return none.
  48:Drivers/CMSIS/DSP/Source/BasicMathFunctions/arm_mult_q15.c ****  *
  49:Drivers/CMSIS/DSP/Source/BasicMathFunctions/arm_mult_q15.c ****  * <b>Scaling and Overflow Behavior:</b>
  50:Drivers/CMSIS/DSP/Source/BasicMathFunctions/arm_mult_q15.c ****  * \par
  51:Drivers/CMSIS/DSP/Source/BasicMathFunctions/arm_mult_q15.c ****  * The function uses saturating arithmetic.
  52:Drivers/CMSIS/DSP/Source/BasicMathFunctions/arm_mult_q15.c ****  * Results outside of the allowable Q15 range [0x8000 0x7FFF] will be saturated.
  53:Drivers/CMSIS/DSP/Source/BasicMathFunctions/arm_mult_q15.c ****  */
  54:Drivers/CMSIS/DSP/Source/BasicMathFunctions/arm_mult_q15.c **** 
  55:Drivers/CMSIS/DSP/Source/BasicMathFunctions/arm_mult_q15.c **** void arm_mult_q15(
  56:Drivers/CMSIS/DSP/Source/BasicMathFunctions/arm_mult_q15.c ****   q15_t * pSrcA,
  57:Drivers/CMSIS/DSP/Source/BasicMathFunctions/arm_mult_q15.c ****   q15_t * pSrcB,
  58:Drivers/CMSIS/DSP/Source/BasicMathFunctions/arm_mult_q15.c ****   q15_t * pDst,
  59:Drivers/CMSIS/DSP/Source/BasicMathFunctions/arm_mult_q15.c ****   uint32_t blockSize)
  60:Drivers/CMSIS/DSP/Source/BasicMathFunctions/arm_mult_q15.c **** {
  28              		.loc 1 60 1 view -0
  29              		.cfi_startproc
  30              		@ args = 0, pretend = 0, frame = 0
  31              		@ frame_needed = 0, uses_anonymous_args = 0
  61:Drivers/CMSIS/DSP/Source/BasicMathFunctions/arm_mult_q15.c ****   uint32_t blkCnt;                               /* loop counters */
  32              		.loc 1 61 3 view .LVU1
  62:Drivers/CMSIS/DSP/Source/BasicMathFunctions/arm_mult_q15.c **** 
  63:Drivers/CMSIS/DSP/Source/BasicMathFunctions/arm_mult_q15.c **** #if defined (ARM_MATH_DSP)
  64:Drivers/CMSIS/DSP/Source/BasicMathFunctions/arm_mult_q15.c **** 
  65:Drivers/CMSIS/DSP/Source/BasicMathFunctions/arm_mult_q15.c **** /* Run the below code for Cortex-M4 and Cortex-M3 */
  66:Drivers/CMSIS/DSP/Source/BasicMathFunctions/arm_mult_q15.c ****   q31_t inA1, inA2, inB1, inB2;                  /* temporary input variables */
  67:Drivers/CMSIS/DSP/Source/BasicMathFunctions/arm_mult_q15.c ****   q15_t out1, out2, out3, out4;                  /* temporary output variables */
  68:Drivers/CMSIS/DSP/Source/BasicMathFunctions/arm_mult_q15.c ****   q31_t mul1, mul2, mul3, mul4;                  /* temporary variables */
  69:Drivers/CMSIS/DSP/Source/BasicMathFunctions/arm_mult_q15.c **** 
  70:Drivers/CMSIS/DSP/Source/BasicMathFunctions/arm_mult_q15.c ****   /* loop Unrolling */
  71:Drivers/CMSIS/DSP/Source/BasicMathFunctions/arm_mult_q15.c ****   blkCnt = blockSize >> 2U;
  72:Drivers/CMSIS/DSP/Source/BasicMathFunctions/arm_mult_q15.c **** 
  73:Drivers/CMSIS/DSP/Source/BasicMathFunctions/arm_mult_q15.c ****   /* First part of the processing with loop unrolling.  Compute 4 outputs at a time.
  74:Drivers/CMSIS/DSP/Source/BasicMathFunctions/arm_mult_q15.c ****    ** a second loop below computes the remaining 1 to 3 samples. */
  75:Drivers/CMSIS/DSP/Source/BasicMathFunctions/arm_mult_q15.c ****   while (blkCnt > 0U)
  76:Drivers/CMSIS/DSP/Source/BasicMathFunctions/arm_mult_q15.c ****   {
  77:Drivers/CMSIS/DSP/Source/BasicMathFunctions/arm_mult_q15.c ****     /* read two samples at a time from sourceA */
  78:Drivers/CMSIS/DSP/Source/BasicMathFunctions/arm_mult_q15.c ****     inA1 = *__SIMD32(pSrcA)++;
  79:Drivers/CMSIS/DSP/Source/BasicMathFunctions/arm_mult_q15.c ****     /* read two samples at a time from sourceB */
  80:Drivers/CMSIS/DSP/Source/BasicMathFunctions/arm_mult_q15.c ****     inB1 = *__SIMD32(pSrcB)++;
  81:Drivers/CMSIS/DSP/Source/BasicMathFunctions/arm_mult_q15.c ****     /* read two samples at a time from sourceA */
  82:Drivers/CMSIS/DSP/Source/BasicMathFunctions/arm_mult_q15.c ****     inA2 = *__SIMD32(pSrcA)++;
  83:Drivers/CMSIS/DSP/Source/BasicMathFunctions/arm_mult_q15.c ****     /* read two samples at a time from sourceB */
ARM GAS  C:\Users\Lamp\AppData\Local\Temp\ccG9NTuD.s 			page 3


  84:Drivers/CMSIS/DSP/Source/BasicMathFunctions/arm_mult_q15.c ****     inB2 = *__SIMD32(pSrcB)++;
  85:Drivers/CMSIS/DSP/Source/BasicMathFunctions/arm_mult_q15.c **** 
  86:Drivers/CMSIS/DSP/Source/BasicMathFunctions/arm_mult_q15.c ****     /* multiply mul = sourceA * sourceB */
  87:Drivers/CMSIS/DSP/Source/BasicMathFunctions/arm_mult_q15.c ****     mul1 = (q31_t) ((q15_t) (inA1 >> 16) * (q15_t) (inB1 >> 16));
  88:Drivers/CMSIS/DSP/Source/BasicMathFunctions/arm_mult_q15.c ****     mul2 = (q31_t) ((q15_t) inA1 * (q15_t) inB1);
  89:Drivers/CMSIS/DSP/Source/BasicMathFunctions/arm_mult_q15.c ****     mul3 = (q31_t) ((q15_t) (inA2 >> 16) * (q15_t) (inB2 >> 16));
  90:Drivers/CMSIS/DSP/Source/BasicMathFunctions/arm_mult_q15.c ****     mul4 = (q31_t) ((q15_t) inA2 * (q15_t) inB2);
  91:Drivers/CMSIS/DSP/Source/BasicMathFunctions/arm_mult_q15.c **** 
  92:Drivers/CMSIS/DSP/Source/BasicMathFunctions/arm_mult_q15.c ****     /* saturate result to 16 bit */
  93:Drivers/CMSIS/DSP/Source/BasicMathFunctions/arm_mult_q15.c ****     out1 = (q15_t) __SSAT(mul1 >> 15, 16);
  94:Drivers/CMSIS/DSP/Source/BasicMathFunctions/arm_mult_q15.c ****     out2 = (q15_t) __SSAT(mul2 >> 15, 16);
  95:Drivers/CMSIS/DSP/Source/BasicMathFunctions/arm_mult_q15.c ****     out3 = (q15_t) __SSAT(mul3 >> 15, 16);
  96:Drivers/CMSIS/DSP/Source/BasicMathFunctions/arm_mult_q15.c ****     out4 = (q15_t) __SSAT(mul4 >> 15, 16);
  97:Drivers/CMSIS/DSP/Source/BasicMathFunctions/arm_mult_q15.c **** 
  98:Drivers/CMSIS/DSP/Source/BasicMathFunctions/arm_mult_q15.c ****     /* store the result */
  99:Drivers/CMSIS/DSP/Source/BasicMathFunctions/arm_mult_q15.c **** #ifndef ARM_MATH_BIG_ENDIAN
 100:Drivers/CMSIS/DSP/Source/BasicMathFunctions/arm_mult_q15.c **** 
 101:Drivers/CMSIS/DSP/Source/BasicMathFunctions/arm_mult_q15.c ****     *__SIMD32(pDst)++ = __PKHBT(out2, out1, 16);
 102:Drivers/CMSIS/DSP/Source/BasicMathFunctions/arm_mult_q15.c ****     *__SIMD32(pDst)++ = __PKHBT(out4, out3, 16);
 103:Drivers/CMSIS/DSP/Source/BasicMathFunctions/arm_mult_q15.c **** 
 104:Drivers/CMSIS/DSP/Source/BasicMathFunctions/arm_mult_q15.c **** #else
 105:Drivers/CMSIS/DSP/Source/BasicMathFunctions/arm_mult_q15.c **** 
 106:Drivers/CMSIS/DSP/Source/BasicMathFunctions/arm_mult_q15.c ****     *__SIMD32(pDst)++ = __PKHBT(out2, out1, 16);
 107:Drivers/CMSIS/DSP/Source/BasicMathFunctions/arm_mult_q15.c ****     *__SIMD32(pDst)++ = __PKHBT(out4, out3, 16);
 108:Drivers/CMSIS/DSP/Source/BasicMathFunctions/arm_mult_q15.c **** 
 109:Drivers/CMSIS/DSP/Source/BasicMathFunctions/arm_mult_q15.c **** #endif /* #ifndef ARM_MATH_BIG_ENDIAN */
 110:Drivers/CMSIS/DSP/Source/BasicMathFunctions/arm_mult_q15.c **** 
 111:Drivers/CMSIS/DSP/Source/BasicMathFunctions/arm_mult_q15.c ****     /* Decrement the blockSize loop counter */
 112:Drivers/CMSIS/DSP/Source/BasicMathFunctions/arm_mult_q15.c ****     blkCnt--;
 113:Drivers/CMSIS/DSP/Source/BasicMathFunctions/arm_mult_q15.c ****   }
 114:Drivers/CMSIS/DSP/Source/BasicMathFunctions/arm_mult_q15.c **** 
 115:Drivers/CMSIS/DSP/Source/BasicMathFunctions/arm_mult_q15.c ****   /* If the blockSize is not a multiple of 4, compute any remaining output samples here.
 116:Drivers/CMSIS/DSP/Source/BasicMathFunctions/arm_mult_q15.c ****    ** No loop unrolling is used. */
 117:Drivers/CMSIS/DSP/Source/BasicMathFunctions/arm_mult_q15.c ****   blkCnt = blockSize % 0x4U;
 118:Drivers/CMSIS/DSP/Source/BasicMathFunctions/arm_mult_q15.c **** 
 119:Drivers/CMSIS/DSP/Source/BasicMathFunctions/arm_mult_q15.c **** #else
 120:Drivers/CMSIS/DSP/Source/BasicMathFunctions/arm_mult_q15.c **** 
 121:Drivers/CMSIS/DSP/Source/BasicMathFunctions/arm_mult_q15.c ****   /* Run the below code for Cortex-M0 */
 122:Drivers/CMSIS/DSP/Source/BasicMathFunctions/arm_mult_q15.c **** 
 123:Drivers/CMSIS/DSP/Source/BasicMathFunctions/arm_mult_q15.c ****   /* Initialize blkCnt with number of samples */
 124:Drivers/CMSIS/DSP/Source/BasicMathFunctions/arm_mult_q15.c ****   blkCnt = blockSize;
  33              		.loc 1 124 3 view .LVU2
 125:Drivers/CMSIS/DSP/Source/BasicMathFunctions/arm_mult_q15.c **** 
 126:Drivers/CMSIS/DSP/Source/BasicMathFunctions/arm_mult_q15.c **** #endif /* #if defined (ARM_MATH_DSP) */
 127:Drivers/CMSIS/DSP/Source/BasicMathFunctions/arm_mult_q15.c **** 
 128:Drivers/CMSIS/DSP/Source/BasicMathFunctions/arm_mult_q15.c **** 
 129:Drivers/CMSIS/DSP/Source/BasicMathFunctions/arm_mult_q15.c ****   while (blkCnt > 0U)
  34              		.loc 1 129 3 view .LVU3
  35              		.loc 1 129 17 view .LVU4
  36 0000 8BB1     		cbz	r3, .L7
  60:Drivers/CMSIS/DSP/Source/BasicMathFunctions/arm_mult_q15.c ****   uint32_t blkCnt;                               /* loop counters */
  37              		.loc 1 60 1 is_stmt 0 view .LVU5
  38 0002 00B5     		push	{lr}
  39              	.LCFI0:
  40              		.cfi_def_cfa_offset 4
  41              		.cfi_offset 14, -4
  42              	.LVL1:
ARM GAS  C:\Users\Lamp\AppData\Local\Temp\ccG9NTuD.s 			page 4


  43              	.L3:
 130:Drivers/CMSIS/DSP/Source/BasicMathFunctions/arm_mult_q15.c ****   {
 131:Drivers/CMSIS/DSP/Source/BasicMathFunctions/arm_mult_q15.c ****     /* C = A * B */
 132:Drivers/CMSIS/DSP/Source/BasicMathFunctions/arm_mult_q15.c ****     /* Multiply the inputs and store the result in the destination buffer */
 133:Drivers/CMSIS/DSP/Source/BasicMathFunctions/arm_mult_q15.c ****     *pDst++ = (q15_t) __SSAT((((q31_t) (*pSrcA++) * (*pSrcB++)) >> 15), 16);
  44              		.loc 1 133 5 is_stmt 1 view .LVU6
  45              	.LBB2:
  46              		.loc 1 133 23 view .LVU7
  47              		.loc 1 133 23 is_stmt 0 view .LVU8
  48 0004 30F902CB 		ldrsh	ip, [r0], #2
  49              	.LVL2:
  50              		.loc 1 133 23 view .LVU9
  51 0008 31F902EB 		ldrsh	lr, [r1], #2
  52              	.LVL3:
  53              		.loc 1 133 23 view .LVU10
  54 000c 0EFB0CFC 		mul	ip, lr, ip
  55 0010 4FEAEC3C 		asr	ip, ip, #15
  56              	.LVL4:
  57              		.loc 1 133 23 is_stmt 1 view .LVU11
  58              		.syntax unified
  59              	@ 133 "Drivers/CMSIS/DSP/Source/BasicMathFunctions/arm_mult_q15.c" 1
  60 0014 0CF30F0C 		ssat ip, #16, ip
  61              	@ 0 "" 2
  62              	.LVL5:
  63              		.loc 1 133 23 view .LVU12
  64              		.loc 1 133 23 is_stmt 0 view .LVU13
  65              		.thumb
  66              		.syntax unified
  67              	.LBE2:
  68              		.loc 1 133 13 view .LVU14
  69 0018 22F802CB 		strh	ip, [r2], #2	@ movhi
  70              	.LVL6:
 134:Drivers/CMSIS/DSP/Source/BasicMathFunctions/arm_mult_q15.c **** 
 135:Drivers/CMSIS/DSP/Source/BasicMathFunctions/arm_mult_q15.c ****     /* Decrement the blockSize loop counter */
 136:Drivers/CMSIS/DSP/Source/BasicMathFunctions/arm_mult_q15.c ****     blkCnt--;
  71              		.loc 1 136 5 is_stmt 1 view .LVU15
  72              		.loc 1 136 11 is_stmt 0 view .LVU16
  73 001c 013B     		subs	r3, r3, #1
  74              	.LVL7:
 129:Drivers/CMSIS/DSP/Source/BasicMathFunctions/arm_mult_q15.c ****   {
  75              		.loc 1 129 17 is_stmt 1 view .LVU17
  76 001e 002B     		cmp	r3, #0
  77 0020 F0D1     		bne	.L3
 137:Drivers/CMSIS/DSP/Source/BasicMathFunctions/arm_mult_q15.c ****   }
 138:Drivers/CMSIS/DSP/Source/BasicMathFunctions/arm_mult_q15.c **** }
  78              		.loc 1 138 1 is_stmt 0 view .LVU18
  79 0022 5DF804FB 		ldr	pc, [sp], #4
  80              	.LVL8:
  81              	.L7:
  82              	.LCFI1:
  83              		.cfi_def_cfa_offset 0
  84              		.cfi_restore 14
  85              		.loc 1 138 1 view .LVU19
  86 0026 7047     		bx	lr
  87              		.cfi_endproc
  88              	.LFE100:
  90              		.text
ARM GAS  C:\Users\Lamp\AppData\Local\Temp\ccG9NTuD.s 			page 5


  91              	.Letext0:
  92              		.file 2 "C:/ARM GNU Toolchain/arm-none-eabi/include/machine/_default_types.h"
  93              		.file 3 "C:/ARM GNU Toolchain/arm-none-eabi/include/sys/_stdint.h"
  94              		.file 4 "Drivers/CMSIS/DSP/Include/arm_math.h"
ARM GAS  C:\Users\Lamp\AppData\Local\Temp\ccG9NTuD.s 			page 6


DEFINED SYMBOLS
                            *ABS*:00000000 arm_mult_q15.c
C:\Users\Lamp\AppData\Local\Temp\ccG9NTuD.s:19     .text.arm_mult_q15:00000000 $t
C:\Users\Lamp\AppData\Local\Temp\ccG9NTuD.s:25     .text.arm_mult_q15:00000000 arm_mult_q15

NO UNDEFINED SYMBOLS
