ARM GAS  C:\Users\Lamp\AppData\Local\Temp\ccXvyITT.s 			page 1


   1              		.cpu cortex-m3
   2              		.arch armv7-m
   3              		.fpu softvfp
   4              		.eabi_attribute 20, 1
   5              		.eabi_attribute 21, 1
   6              		.eabi_attribute 23, 3
   7              		.eabi_attribute 24, 1
   8              		.eabi_attribute 25, 1
   9              		.eabi_attribute 26, 1
  10              		.eabi_attribute 30, 1
  11              		.eabi_attribute 34, 1
  12              		.eabi_attribute 18, 4
  13              		.file	"arm_cfft_radix4_init_f32.c"
  14              		.text
  15              	.Ltext0:
  16              		.cfi_sections	.debug_frame
  17              		.file 1 "Drivers/CMSIS/DSP/Source/TransformFunctions/arm_cfft_radix4_init_f32.c"
  18              		.section	.text.arm_cfft_radix4_init_f32,"ax",%progbits
  19              		.align	1
  20              		.global	arm_cfft_radix4_init_f32
  21              		.syntax unified
  22              		.thumb
  23              		.thumb_func
  25              	arm_cfft_radix4_init_f32:
  26              	.LVL0:
  27              	.LFB100:
   1:Drivers/CMSIS/DSP/Source/TransformFunctions/arm_cfft_radix4_init_f32.c **** /* ----------------------------------------------------------------------
   2:Drivers/CMSIS/DSP/Source/TransformFunctions/arm_cfft_radix4_init_f32.c ****  * Project:      CMSIS DSP Library
   3:Drivers/CMSIS/DSP/Source/TransformFunctions/arm_cfft_radix4_init_f32.c ****  * Title:        arm_cfft_radix4_init_f32.c
   4:Drivers/CMSIS/DSP/Source/TransformFunctions/arm_cfft_radix4_init_f32.c ****  * Description:  Radix-4 Decimation in Frequency Floating-point CFFT & CIFFT Initialization functio
   5:Drivers/CMSIS/DSP/Source/TransformFunctions/arm_cfft_radix4_init_f32.c ****  *
   6:Drivers/CMSIS/DSP/Source/TransformFunctions/arm_cfft_radix4_init_f32.c ****  * $Date:        27. January 2017
   7:Drivers/CMSIS/DSP/Source/TransformFunctions/arm_cfft_radix4_init_f32.c ****  * $Revision:    V.1.5.1
   8:Drivers/CMSIS/DSP/Source/TransformFunctions/arm_cfft_radix4_init_f32.c ****  *
   9:Drivers/CMSIS/DSP/Source/TransformFunctions/arm_cfft_radix4_init_f32.c ****  * Target Processor: Cortex-M cores
  10:Drivers/CMSIS/DSP/Source/TransformFunctions/arm_cfft_radix4_init_f32.c ****  * -------------------------------------------------------------------- */
  11:Drivers/CMSIS/DSP/Source/TransformFunctions/arm_cfft_radix4_init_f32.c **** /*
  12:Drivers/CMSIS/DSP/Source/TransformFunctions/arm_cfft_radix4_init_f32.c ****  * Copyright (C) 2010-2017 ARM Limited or its affiliates. All rights reserved.
  13:Drivers/CMSIS/DSP/Source/TransformFunctions/arm_cfft_radix4_init_f32.c ****  *
  14:Drivers/CMSIS/DSP/Source/TransformFunctions/arm_cfft_radix4_init_f32.c ****  * SPDX-License-Identifier: Apache-2.0
  15:Drivers/CMSIS/DSP/Source/TransformFunctions/arm_cfft_radix4_init_f32.c ****  *
  16:Drivers/CMSIS/DSP/Source/TransformFunctions/arm_cfft_radix4_init_f32.c ****  * Licensed under the Apache License, Version 2.0 (the License); you may
  17:Drivers/CMSIS/DSP/Source/TransformFunctions/arm_cfft_radix4_init_f32.c ****  * not use this file except in compliance with the License.
  18:Drivers/CMSIS/DSP/Source/TransformFunctions/arm_cfft_radix4_init_f32.c ****  * You may obtain a copy of the License at
  19:Drivers/CMSIS/DSP/Source/TransformFunctions/arm_cfft_radix4_init_f32.c ****  *
  20:Drivers/CMSIS/DSP/Source/TransformFunctions/arm_cfft_radix4_init_f32.c ****  * www.apache.org/licenses/LICENSE-2.0
  21:Drivers/CMSIS/DSP/Source/TransformFunctions/arm_cfft_radix4_init_f32.c ****  *
  22:Drivers/CMSIS/DSP/Source/TransformFunctions/arm_cfft_radix4_init_f32.c ****  * Unless required by applicable law or agreed to in writing, software
  23:Drivers/CMSIS/DSP/Source/TransformFunctions/arm_cfft_radix4_init_f32.c ****  * distributed under the License is distributed on an AS IS BASIS, WITHOUT
  24:Drivers/CMSIS/DSP/Source/TransformFunctions/arm_cfft_radix4_init_f32.c ****  * WARRANTIES OR CONDITIONS OF ANY KIND, either express or implied.
  25:Drivers/CMSIS/DSP/Source/TransformFunctions/arm_cfft_radix4_init_f32.c ****  * See the License for the specific language governing permissions and
  26:Drivers/CMSIS/DSP/Source/TransformFunctions/arm_cfft_radix4_init_f32.c ****  * limitations under the License.
  27:Drivers/CMSIS/DSP/Source/TransformFunctions/arm_cfft_radix4_init_f32.c ****  */
  28:Drivers/CMSIS/DSP/Source/TransformFunctions/arm_cfft_radix4_init_f32.c **** 
  29:Drivers/CMSIS/DSP/Source/TransformFunctions/arm_cfft_radix4_init_f32.c **** #include "arm_math.h"
  30:Drivers/CMSIS/DSP/Source/TransformFunctions/arm_cfft_radix4_init_f32.c **** #include "arm_common_tables.h"
  31:Drivers/CMSIS/DSP/Source/TransformFunctions/arm_cfft_radix4_init_f32.c **** 
ARM GAS  C:\Users\Lamp\AppData\Local\Temp\ccXvyITT.s 			page 2


  32:Drivers/CMSIS/DSP/Source/TransformFunctions/arm_cfft_radix4_init_f32.c **** /**
  33:Drivers/CMSIS/DSP/Source/TransformFunctions/arm_cfft_radix4_init_f32.c ****  * @ingroup groupTransforms
  34:Drivers/CMSIS/DSP/Source/TransformFunctions/arm_cfft_radix4_init_f32.c ****  */
  35:Drivers/CMSIS/DSP/Source/TransformFunctions/arm_cfft_radix4_init_f32.c **** 
  36:Drivers/CMSIS/DSP/Source/TransformFunctions/arm_cfft_radix4_init_f32.c **** /**
  37:Drivers/CMSIS/DSP/Source/TransformFunctions/arm_cfft_radix4_init_f32.c ****  * @addtogroup ComplexFFT
  38:Drivers/CMSIS/DSP/Source/TransformFunctions/arm_cfft_radix4_init_f32.c ****  * @{
  39:Drivers/CMSIS/DSP/Source/TransformFunctions/arm_cfft_radix4_init_f32.c ****  */
  40:Drivers/CMSIS/DSP/Source/TransformFunctions/arm_cfft_radix4_init_f32.c **** 
  41:Drivers/CMSIS/DSP/Source/TransformFunctions/arm_cfft_radix4_init_f32.c **** /**
  42:Drivers/CMSIS/DSP/Source/TransformFunctions/arm_cfft_radix4_init_f32.c **** * @brief  Initialization function for the floating-point CFFT/CIFFT.
  43:Drivers/CMSIS/DSP/Source/TransformFunctions/arm_cfft_radix4_init_f32.c **** * @deprecated Do not use this function.  It has been superceded by \ref arm_cfft_f32 and will be re
  44:Drivers/CMSIS/DSP/Source/TransformFunctions/arm_cfft_radix4_init_f32.c **** * in the future.
  45:Drivers/CMSIS/DSP/Source/TransformFunctions/arm_cfft_radix4_init_f32.c **** * @param[in,out] *S             points to an instance of the floating-point CFFT/CIFFT structure.
  46:Drivers/CMSIS/DSP/Source/TransformFunctions/arm_cfft_radix4_init_f32.c **** * @param[in]     fftLen         length of the FFT.
  47:Drivers/CMSIS/DSP/Source/TransformFunctions/arm_cfft_radix4_init_f32.c **** * @param[in]     ifftFlag       flag that selects forward (ifftFlag=0) or inverse (ifftFlag=1) tran
  48:Drivers/CMSIS/DSP/Source/TransformFunctions/arm_cfft_radix4_init_f32.c **** * @param[in]     bitReverseFlag flag that enables (bitReverseFlag=1) or disables (bitReverseFlag=0)
  49:Drivers/CMSIS/DSP/Source/TransformFunctions/arm_cfft_radix4_init_f32.c **** * @return        The function returns ARM_MATH_SUCCESS if initialization is successful or ARM_MATH_
  50:Drivers/CMSIS/DSP/Source/TransformFunctions/arm_cfft_radix4_init_f32.c **** *
  51:Drivers/CMSIS/DSP/Source/TransformFunctions/arm_cfft_radix4_init_f32.c **** * \par Description:
  52:Drivers/CMSIS/DSP/Source/TransformFunctions/arm_cfft_radix4_init_f32.c **** * \par
  53:Drivers/CMSIS/DSP/Source/TransformFunctions/arm_cfft_radix4_init_f32.c **** * The parameter <code>ifftFlag</code> controls whether a forward or inverse transform is computed.
  54:Drivers/CMSIS/DSP/Source/TransformFunctions/arm_cfft_radix4_init_f32.c **** * Set(=1) ifftFlag for calculation of CIFFT otherwise  CFFT is calculated
  55:Drivers/CMSIS/DSP/Source/TransformFunctions/arm_cfft_radix4_init_f32.c **** * \par
  56:Drivers/CMSIS/DSP/Source/TransformFunctions/arm_cfft_radix4_init_f32.c **** * The parameter <code>bitReverseFlag</code> controls whether output is in normal order or bit rever
  57:Drivers/CMSIS/DSP/Source/TransformFunctions/arm_cfft_radix4_init_f32.c **** * Set(=1) bitReverseFlag for output to be in normal order otherwise output is in bit reversed order
  58:Drivers/CMSIS/DSP/Source/TransformFunctions/arm_cfft_radix4_init_f32.c **** * \par
  59:Drivers/CMSIS/DSP/Source/TransformFunctions/arm_cfft_radix4_init_f32.c **** * The parameter <code>fftLen</code>	Specifies length of CFFT/CIFFT process. Supported FFT Lengths a
  60:Drivers/CMSIS/DSP/Source/TransformFunctions/arm_cfft_radix4_init_f32.c **** * \par
  61:Drivers/CMSIS/DSP/Source/TransformFunctions/arm_cfft_radix4_init_f32.c **** * This Function also initializes Twiddle factor table pointer and Bit reversal table pointer.
  62:Drivers/CMSIS/DSP/Source/TransformFunctions/arm_cfft_radix4_init_f32.c **** */
  63:Drivers/CMSIS/DSP/Source/TransformFunctions/arm_cfft_radix4_init_f32.c **** 
  64:Drivers/CMSIS/DSP/Source/TransformFunctions/arm_cfft_radix4_init_f32.c **** arm_status arm_cfft_radix4_init_f32(
  65:Drivers/CMSIS/DSP/Source/TransformFunctions/arm_cfft_radix4_init_f32.c ****   arm_cfft_radix4_instance_f32 * S,
  66:Drivers/CMSIS/DSP/Source/TransformFunctions/arm_cfft_radix4_init_f32.c ****   uint16_t fftLen,
  67:Drivers/CMSIS/DSP/Source/TransformFunctions/arm_cfft_radix4_init_f32.c ****   uint8_t ifftFlag,
  68:Drivers/CMSIS/DSP/Source/TransformFunctions/arm_cfft_radix4_init_f32.c ****   uint8_t bitReverseFlag)
  69:Drivers/CMSIS/DSP/Source/TransformFunctions/arm_cfft_radix4_init_f32.c **** {
  28              		.loc 1 69 1 view -0
  29              		.cfi_startproc
  30              		@ args = 0, pretend = 0, frame = 0
  31              		@ frame_needed = 0, uses_anonymous_args = 0
  32              		@ link register save eliminated.
  33              		.loc 1 69 1 is_stmt 0 view .LVU1
  34 0000 10B4     		push	{r4}
  35              	.LCFI0:
  36              		.cfi_def_cfa_offset 4
  37              		.cfi_offset 4, -4
  70:Drivers/CMSIS/DSP/Source/TransformFunctions/arm_cfft_radix4_init_f32.c ****   /*  Initialise the default arm status */
  71:Drivers/CMSIS/DSP/Source/TransformFunctions/arm_cfft_radix4_init_f32.c ****   arm_status status = ARM_MATH_SUCCESS;
  38              		.loc 1 71 3 is_stmt 1 view .LVU2
  39              	.LVL1:
  72:Drivers/CMSIS/DSP/Source/TransformFunctions/arm_cfft_radix4_init_f32.c **** 
  73:Drivers/CMSIS/DSP/Source/TransformFunctions/arm_cfft_radix4_init_f32.c ****   /*  Initialise the FFT length */
  74:Drivers/CMSIS/DSP/Source/TransformFunctions/arm_cfft_radix4_init_f32.c ****   S->fftLen = fftLen;
  40              		.loc 1 74 3 view .LVU3
  41              		.loc 1 74 13 is_stmt 0 view .LVU4
ARM GAS  C:\Users\Lamp\AppData\Local\Temp\ccXvyITT.s 			page 3


  42 0002 0180     		strh	r1, [r0]	@ movhi
  75:Drivers/CMSIS/DSP/Source/TransformFunctions/arm_cfft_radix4_init_f32.c **** 
  76:Drivers/CMSIS/DSP/Source/TransformFunctions/arm_cfft_radix4_init_f32.c ****   /*  Initialise the Twiddle coefficient pointer */
  77:Drivers/CMSIS/DSP/Source/TransformFunctions/arm_cfft_radix4_init_f32.c ****   S->pTwiddle = (float32_t *) twiddleCoef;
  43              		.loc 1 77 3 is_stmt 1 view .LVU5
  44              		.loc 1 77 15 is_stmt 0 view .LVU6
  45 0004 254C     		ldr	r4, .L12
  46 0006 4460     		str	r4, [r0, #4]
  78:Drivers/CMSIS/DSP/Source/TransformFunctions/arm_cfft_radix4_init_f32.c **** 
  79:Drivers/CMSIS/DSP/Source/TransformFunctions/arm_cfft_radix4_init_f32.c ****   /*  Initialise the Flag for selection of CFFT or CIFFT */
  80:Drivers/CMSIS/DSP/Source/TransformFunctions/arm_cfft_radix4_init_f32.c ****   S->ifftFlag = ifftFlag;
  47              		.loc 1 80 3 is_stmt 1 view .LVU7
  48              		.loc 1 80 15 is_stmt 0 view .LVU8
  49 0008 8270     		strb	r2, [r0, #2]
  81:Drivers/CMSIS/DSP/Source/TransformFunctions/arm_cfft_radix4_init_f32.c **** 
  82:Drivers/CMSIS/DSP/Source/TransformFunctions/arm_cfft_radix4_init_f32.c ****   /*  Initialise the Flag for calculation Bit reversal or not */
  83:Drivers/CMSIS/DSP/Source/TransformFunctions/arm_cfft_radix4_init_f32.c ****   S->bitReverseFlag = bitReverseFlag;
  50              		.loc 1 83 3 is_stmt 1 view .LVU9
  51              		.loc 1 83 21 is_stmt 0 view .LVU10
  52 000a C370     		strb	r3, [r0, #3]
  84:Drivers/CMSIS/DSP/Source/TransformFunctions/arm_cfft_radix4_init_f32.c **** 
  85:Drivers/CMSIS/DSP/Source/TransformFunctions/arm_cfft_radix4_init_f32.c ****   /*  Initializations of structure parameters depending on the FFT length */
  86:Drivers/CMSIS/DSP/Source/TransformFunctions/arm_cfft_radix4_init_f32.c ****   switch (S->fftLen)
  53              		.loc 1 86 3 is_stmt 1 view .LVU11
  54 000c B1F5807F 		cmp	r1, #256
  55 0010 2CD0     		beq	.L2
  56 0012 10D9     		bls	.L10
  57 0014 B1F5806F 		cmp	r1, #1024
  58 0018 1ED0     		beq	.L7
  59 001a B1F5805F 		cmp	r1, #4096
  60 001e 3AD1     		bne	.L8
  87:Drivers/CMSIS/DSP/Source/TransformFunctions/arm_cfft_radix4_init_f32.c ****   {
  88:Drivers/CMSIS/DSP/Source/TransformFunctions/arm_cfft_radix4_init_f32.c **** 
  89:Drivers/CMSIS/DSP/Source/TransformFunctions/arm_cfft_radix4_init_f32.c ****   case 4096U:
  90:Drivers/CMSIS/DSP/Source/TransformFunctions/arm_cfft_radix4_init_f32.c ****     /*  Initializations of structure parameters for 4096 point FFT */
  91:Drivers/CMSIS/DSP/Source/TransformFunctions/arm_cfft_radix4_init_f32.c **** 
  92:Drivers/CMSIS/DSP/Source/TransformFunctions/arm_cfft_radix4_init_f32.c ****     /*  Initialise the twiddle coef modifier value */
  93:Drivers/CMSIS/DSP/Source/TransformFunctions/arm_cfft_radix4_init_f32.c ****     S->twidCoefModifier = 1U;
  61              		.loc 1 93 5 view .LVU12
  62              		.loc 1 93 25 is_stmt 0 view .LVU13
  63 0020 0123     		movs	r3, #1
  64              	.LVL2:
  65              		.loc 1 93 25 view .LVU14
  66 0022 8381     		strh	r3, [r0, #12]	@ movhi
  94:Drivers/CMSIS/DSP/Source/TransformFunctions/arm_cfft_radix4_init_f32.c ****     /*  Initialise the bit reversal table modifier */
  95:Drivers/CMSIS/DSP/Source/TransformFunctions/arm_cfft_radix4_init_f32.c ****     S->bitRevFactor = 1U;
  67              		.loc 1 95 5 is_stmt 1 view .LVU15
  68              		.loc 1 95 21 is_stmt 0 view .LVU16
  69 0024 C381     		strh	r3, [r0, #14]	@ movhi
  96:Drivers/CMSIS/DSP/Source/TransformFunctions/arm_cfft_radix4_init_f32.c ****     /*  Initialise the bit reversal table pointer */
  97:Drivers/CMSIS/DSP/Source/TransformFunctions/arm_cfft_radix4_init_f32.c ****     S->pBitRevTable = (uint16_t *) armBitRevTable;
  70              		.loc 1 97 5 is_stmt 1 view .LVU17
  71              		.loc 1 97 21 is_stmt 0 view .LVU18
  72 0026 1E4B     		ldr	r3, .L12+4
  73 0028 8360     		str	r3, [r0, #8]
  98:Drivers/CMSIS/DSP/Source/TransformFunctions/arm_cfft_radix4_init_f32.c ****     /*  Initialise the 1/fftLen Value */
  99:Drivers/CMSIS/DSP/Source/TransformFunctions/arm_cfft_radix4_init_f32.c ****     S->onebyfftLen = 0.000244140625;
ARM GAS  C:\Users\Lamp\AppData\Local\Temp\ccXvyITT.s 			page 4


  74              		.loc 1 99 5 is_stmt 1 view .LVU19
  75              		.loc 1 99 20 is_stmt 0 view .LVU20
  76 002a 4FF06653 		mov	r3, #964689920
  77 002e 0361     		str	r3, [r0, #16]	@ float
 100:Drivers/CMSIS/DSP/Source/TransformFunctions/arm_cfft_radix4_init_f32.c ****     break;
  78              		.loc 1 100 5 is_stmt 1 view .LVU21
  71:Drivers/CMSIS/DSP/Source/TransformFunctions/arm_cfft_radix4_init_f32.c **** 
  79              		.loc 1 71 14 is_stmt 0 view .LVU22
  80 0030 0020     		movs	r0, #0
  81              	.LVL3:
  82              	.L6:
 101:Drivers/CMSIS/DSP/Source/TransformFunctions/arm_cfft_radix4_init_f32.c **** 
 102:Drivers/CMSIS/DSP/Source/TransformFunctions/arm_cfft_radix4_init_f32.c ****   case 1024U:
 103:Drivers/CMSIS/DSP/Source/TransformFunctions/arm_cfft_radix4_init_f32.c ****     /*  Initializations of structure parameters for 1024 point FFT */
 104:Drivers/CMSIS/DSP/Source/TransformFunctions/arm_cfft_radix4_init_f32.c **** 
 105:Drivers/CMSIS/DSP/Source/TransformFunctions/arm_cfft_radix4_init_f32.c ****     /*  Initialise the twiddle coef modifier value */
 106:Drivers/CMSIS/DSP/Source/TransformFunctions/arm_cfft_radix4_init_f32.c ****     S->twidCoefModifier = 4U;
 107:Drivers/CMSIS/DSP/Source/TransformFunctions/arm_cfft_radix4_init_f32.c ****     /*  Initialise the bit reversal table modifier */
 108:Drivers/CMSIS/DSP/Source/TransformFunctions/arm_cfft_radix4_init_f32.c ****     S->bitRevFactor = 4U;
 109:Drivers/CMSIS/DSP/Source/TransformFunctions/arm_cfft_radix4_init_f32.c ****     /*  Initialise the bit reversal table pointer */
 110:Drivers/CMSIS/DSP/Source/TransformFunctions/arm_cfft_radix4_init_f32.c ****     S->pBitRevTable = (uint16_t *) & armBitRevTable[3];
 111:Drivers/CMSIS/DSP/Source/TransformFunctions/arm_cfft_radix4_init_f32.c ****     /*  Initialise the 1/fftLen Value */
 112:Drivers/CMSIS/DSP/Source/TransformFunctions/arm_cfft_radix4_init_f32.c ****     S->onebyfftLen = 0.0009765625f;
 113:Drivers/CMSIS/DSP/Source/TransformFunctions/arm_cfft_radix4_init_f32.c ****     break;
 114:Drivers/CMSIS/DSP/Source/TransformFunctions/arm_cfft_radix4_init_f32.c **** 
 115:Drivers/CMSIS/DSP/Source/TransformFunctions/arm_cfft_radix4_init_f32.c **** 
 116:Drivers/CMSIS/DSP/Source/TransformFunctions/arm_cfft_radix4_init_f32.c ****   case 256U:
 117:Drivers/CMSIS/DSP/Source/TransformFunctions/arm_cfft_radix4_init_f32.c ****     /*  Initializations of structure parameters for 256 point FFT */
 118:Drivers/CMSIS/DSP/Source/TransformFunctions/arm_cfft_radix4_init_f32.c ****     S->twidCoefModifier = 16U;
 119:Drivers/CMSIS/DSP/Source/TransformFunctions/arm_cfft_radix4_init_f32.c ****     S->bitRevFactor = 16U;
 120:Drivers/CMSIS/DSP/Source/TransformFunctions/arm_cfft_radix4_init_f32.c ****     S->pBitRevTable = (uint16_t *) & armBitRevTable[15];
 121:Drivers/CMSIS/DSP/Source/TransformFunctions/arm_cfft_radix4_init_f32.c ****     S->onebyfftLen = 0.00390625f;
 122:Drivers/CMSIS/DSP/Source/TransformFunctions/arm_cfft_radix4_init_f32.c ****     break;
 123:Drivers/CMSIS/DSP/Source/TransformFunctions/arm_cfft_radix4_init_f32.c **** 
 124:Drivers/CMSIS/DSP/Source/TransformFunctions/arm_cfft_radix4_init_f32.c ****   case 64U:
 125:Drivers/CMSIS/DSP/Source/TransformFunctions/arm_cfft_radix4_init_f32.c ****     /*  Initializations of structure parameters for 64 point FFT */
 126:Drivers/CMSIS/DSP/Source/TransformFunctions/arm_cfft_radix4_init_f32.c ****     S->twidCoefModifier = 64U;
 127:Drivers/CMSIS/DSP/Source/TransformFunctions/arm_cfft_radix4_init_f32.c ****     S->bitRevFactor = 64U;
 128:Drivers/CMSIS/DSP/Source/TransformFunctions/arm_cfft_radix4_init_f32.c ****     S->pBitRevTable = (uint16_t *) & armBitRevTable[63];
 129:Drivers/CMSIS/DSP/Source/TransformFunctions/arm_cfft_radix4_init_f32.c ****     S->onebyfftLen = 0.015625f;
 130:Drivers/CMSIS/DSP/Source/TransformFunctions/arm_cfft_radix4_init_f32.c ****     break;
 131:Drivers/CMSIS/DSP/Source/TransformFunctions/arm_cfft_radix4_init_f32.c **** 
 132:Drivers/CMSIS/DSP/Source/TransformFunctions/arm_cfft_radix4_init_f32.c ****   case 16U:
 133:Drivers/CMSIS/DSP/Source/TransformFunctions/arm_cfft_radix4_init_f32.c ****     /*  Initializations of structure parameters for 16 point FFT */
 134:Drivers/CMSIS/DSP/Source/TransformFunctions/arm_cfft_radix4_init_f32.c ****     S->twidCoefModifier = 256U;
 135:Drivers/CMSIS/DSP/Source/TransformFunctions/arm_cfft_radix4_init_f32.c ****     S->bitRevFactor = 256U;
 136:Drivers/CMSIS/DSP/Source/TransformFunctions/arm_cfft_radix4_init_f32.c ****     S->pBitRevTable = (uint16_t *) & armBitRevTable[255];
 137:Drivers/CMSIS/DSP/Source/TransformFunctions/arm_cfft_radix4_init_f32.c ****     S->onebyfftLen = 0.0625f;
 138:Drivers/CMSIS/DSP/Source/TransformFunctions/arm_cfft_radix4_init_f32.c ****     break;
 139:Drivers/CMSIS/DSP/Source/TransformFunctions/arm_cfft_radix4_init_f32.c **** 
 140:Drivers/CMSIS/DSP/Source/TransformFunctions/arm_cfft_radix4_init_f32.c **** 
 141:Drivers/CMSIS/DSP/Source/TransformFunctions/arm_cfft_radix4_init_f32.c ****   default:
 142:Drivers/CMSIS/DSP/Source/TransformFunctions/arm_cfft_radix4_init_f32.c ****     /*  Reporting argument error if fftSize is not valid value */
 143:Drivers/CMSIS/DSP/Source/TransformFunctions/arm_cfft_radix4_init_f32.c ****     status = ARM_MATH_ARGUMENT_ERROR;
 144:Drivers/CMSIS/DSP/Source/TransformFunctions/arm_cfft_radix4_init_f32.c ****     break;
 145:Drivers/CMSIS/DSP/Source/TransformFunctions/arm_cfft_radix4_init_f32.c ****   }
 146:Drivers/CMSIS/DSP/Source/TransformFunctions/arm_cfft_radix4_init_f32.c **** 
ARM GAS  C:\Users\Lamp\AppData\Local\Temp\ccXvyITT.s 			page 5


 147:Drivers/CMSIS/DSP/Source/TransformFunctions/arm_cfft_radix4_init_f32.c ****   return (status);
  83              		.loc 1 147 3 is_stmt 1 view .LVU23
 148:Drivers/CMSIS/DSP/Source/TransformFunctions/arm_cfft_radix4_init_f32.c **** }
  84              		.loc 1 148 1 is_stmt 0 view .LVU24
  85 0032 10BC     		pop	{r4}
  86              	.LCFI1:
  87              		.cfi_remember_state
  88              		.cfi_restore 4
  89              		.cfi_def_cfa_offset 0
  90 0034 7047     		bx	lr
  91              	.LVL4:
  92              	.L10:
  93              	.LCFI2:
  94              		.cfi_restore_state
  86:Drivers/CMSIS/DSP/Source/TransformFunctions/arm_cfft_radix4_init_f32.c ****   {
  95              		.loc 1 86 3 view .LVU25
  96 0036 1029     		cmp	r1, #16
  97 0038 22D0     		beq	.L4
  98 003a 4029     		cmp	r1, #64
  99 003c 09D1     		bne	.L11
 126:Drivers/CMSIS/DSP/Source/TransformFunctions/arm_cfft_radix4_init_f32.c ****     S->bitRevFactor = 64U;
 100              		.loc 1 126 5 is_stmt 1 view .LVU26
 126:Drivers/CMSIS/DSP/Source/TransformFunctions/arm_cfft_radix4_init_f32.c ****     S->bitRevFactor = 64U;
 101              		.loc 1 126 25 is_stmt 0 view .LVU27
 102 003e 4023     		movs	r3, #64
 103              	.LVL5:
 126:Drivers/CMSIS/DSP/Source/TransformFunctions/arm_cfft_radix4_init_f32.c ****     S->bitRevFactor = 64U;
 104              		.loc 1 126 25 view .LVU28
 105 0040 8381     		strh	r3, [r0, #12]	@ movhi
 127:Drivers/CMSIS/DSP/Source/TransformFunctions/arm_cfft_radix4_init_f32.c ****     S->pBitRevTable = (uint16_t *) & armBitRevTable[63];
 106              		.loc 1 127 5 is_stmt 1 view .LVU29
 127:Drivers/CMSIS/DSP/Source/TransformFunctions/arm_cfft_radix4_init_f32.c ****     S->pBitRevTable = (uint16_t *) & armBitRevTable[63];
 107              		.loc 1 127 21 is_stmt 0 view .LVU30
 108 0042 C381     		strh	r3, [r0, #14]	@ movhi
 128:Drivers/CMSIS/DSP/Source/TransformFunctions/arm_cfft_radix4_init_f32.c ****     S->onebyfftLen = 0.015625f;
 109              		.loc 1 128 5 is_stmt 1 view .LVU31
 128:Drivers/CMSIS/DSP/Source/TransformFunctions/arm_cfft_radix4_init_f32.c ****     S->onebyfftLen = 0.015625f;
 110              		.loc 1 128 21 is_stmt 0 view .LVU32
 111 0044 174B     		ldr	r3, .L12+8
 112 0046 8360     		str	r3, [r0, #8]
 129:Drivers/CMSIS/DSP/Source/TransformFunctions/arm_cfft_radix4_init_f32.c ****     break;
 113              		.loc 1 129 5 is_stmt 1 view .LVU33
 129:Drivers/CMSIS/DSP/Source/TransformFunctions/arm_cfft_radix4_init_f32.c ****     break;
 114              		.loc 1 129 20 is_stmt 0 view .LVU34
 115 0048 4FF07253 		mov	r3, #1015021568
 116 004c 0361     		str	r3, [r0, #16]	@ float
 130:Drivers/CMSIS/DSP/Source/TransformFunctions/arm_cfft_radix4_init_f32.c **** 
 117              		.loc 1 130 5 is_stmt 1 view .LVU35
  71:Drivers/CMSIS/DSP/Source/TransformFunctions/arm_cfft_radix4_init_f32.c **** 
 118              		.loc 1 71 14 is_stmt 0 view .LVU36
 119 004e 0020     		movs	r0, #0
 120              	.LVL6:
 130:Drivers/CMSIS/DSP/Source/TransformFunctions/arm_cfft_radix4_init_f32.c **** 
 121              		.loc 1 130 5 view .LVU37
 122 0050 EFE7     		b	.L6
 123              	.LVL7:
 124              	.L11:
ARM GAS  C:\Users\Lamp\AppData\Local\Temp\ccXvyITT.s 			page 6


  86:Drivers/CMSIS/DSP/Source/TransformFunctions/arm_cfft_radix4_init_f32.c ****   {
 125              		.loc 1 86 3 view .LVU38
 126 0052 4FF0FF30 		mov	r0, #-1
 127              	.LVL8:
  86:Drivers/CMSIS/DSP/Source/TransformFunctions/arm_cfft_radix4_init_f32.c ****   {
 128              		.loc 1 86 3 view .LVU39
 129 0056 ECE7     		b	.L6
 130              	.LVL9:
 131              	.L7:
 106:Drivers/CMSIS/DSP/Source/TransformFunctions/arm_cfft_radix4_init_f32.c ****     /*  Initialise the bit reversal table modifier */
 132              		.loc 1 106 5 is_stmt 1 view .LVU40
 106:Drivers/CMSIS/DSP/Source/TransformFunctions/arm_cfft_radix4_init_f32.c ****     /*  Initialise the bit reversal table modifier */
 133              		.loc 1 106 25 is_stmt 0 view .LVU41
 134 0058 0423     		movs	r3, #4
 135              	.LVL10:
 106:Drivers/CMSIS/DSP/Source/TransformFunctions/arm_cfft_radix4_init_f32.c ****     /*  Initialise the bit reversal table modifier */
 136              		.loc 1 106 25 view .LVU42
 137 005a 8381     		strh	r3, [r0, #12]	@ movhi
 108:Drivers/CMSIS/DSP/Source/TransformFunctions/arm_cfft_radix4_init_f32.c ****     /*  Initialise the bit reversal table pointer */
 138              		.loc 1 108 5 is_stmt 1 view .LVU43
 108:Drivers/CMSIS/DSP/Source/TransformFunctions/arm_cfft_radix4_init_f32.c ****     /*  Initialise the bit reversal table pointer */
 139              		.loc 1 108 21 is_stmt 0 view .LVU44
 140 005c C381     		strh	r3, [r0, #14]	@ movhi
 110:Drivers/CMSIS/DSP/Source/TransformFunctions/arm_cfft_radix4_init_f32.c ****     /*  Initialise the 1/fftLen Value */
 141              		.loc 1 110 5 is_stmt 1 view .LVU45
 110:Drivers/CMSIS/DSP/Source/TransformFunctions/arm_cfft_radix4_init_f32.c ****     /*  Initialise the 1/fftLen Value */
 142              		.loc 1 110 21 is_stmt 0 view .LVU46
 143 005e 124B     		ldr	r3, .L12+12
 144 0060 8360     		str	r3, [r0, #8]
 112:Drivers/CMSIS/DSP/Source/TransformFunctions/arm_cfft_radix4_init_f32.c ****     break;
 145              		.loc 1 112 5 is_stmt 1 view .LVU47
 112:Drivers/CMSIS/DSP/Source/TransformFunctions/arm_cfft_radix4_init_f32.c ****     break;
 146              		.loc 1 112 20 is_stmt 0 view .LVU48
 147 0062 4FF06A53 		mov	r3, #981467136
 148 0066 0361     		str	r3, [r0, #16]	@ float
 113:Drivers/CMSIS/DSP/Source/TransformFunctions/arm_cfft_radix4_init_f32.c **** 
 149              		.loc 1 113 5 is_stmt 1 view .LVU49
  71:Drivers/CMSIS/DSP/Source/TransformFunctions/arm_cfft_radix4_init_f32.c **** 
 150              		.loc 1 71 14 is_stmt 0 view .LVU50
 151 0068 0020     		movs	r0, #0
 152              	.LVL11:
 113:Drivers/CMSIS/DSP/Source/TransformFunctions/arm_cfft_radix4_init_f32.c **** 
 153              		.loc 1 113 5 view .LVU51
 154 006a E2E7     		b	.L6
 155              	.LVL12:
 156              	.L2:
 118:Drivers/CMSIS/DSP/Source/TransformFunctions/arm_cfft_radix4_init_f32.c ****     S->bitRevFactor = 16U;
 157              		.loc 1 118 5 is_stmt 1 view .LVU52
 118:Drivers/CMSIS/DSP/Source/TransformFunctions/arm_cfft_radix4_init_f32.c ****     S->bitRevFactor = 16U;
 158              		.loc 1 118 25 is_stmt 0 view .LVU53
 159 006c 1023     		movs	r3, #16
 160              	.LVL13:
 118:Drivers/CMSIS/DSP/Source/TransformFunctions/arm_cfft_radix4_init_f32.c ****     S->bitRevFactor = 16U;
 161              		.loc 1 118 25 view .LVU54
 162 006e 8381     		strh	r3, [r0, #12]	@ movhi
 119:Drivers/CMSIS/DSP/Source/TransformFunctions/arm_cfft_radix4_init_f32.c ****     S->pBitRevTable = (uint16_t *) & armBitRevTable[15];
 163              		.loc 1 119 5 is_stmt 1 view .LVU55
ARM GAS  C:\Users\Lamp\AppData\Local\Temp\ccXvyITT.s 			page 7


 119:Drivers/CMSIS/DSP/Source/TransformFunctions/arm_cfft_radix4_init_f32.c ****     S->pBitRevTable = (uint16_t *) & armBitRevTable[15];
 164              		.loc 1 119 21 is_stmt 0 view .LVU56
 165 0070 C381     		strh	r3, [r0, #14]	@ movhi
 120:Drivers/CMSIS/DSP/Source/TransformFunctions/arm_cfft_radix4_init_f32.c ****     S->onebyfftLen = 0.00390625f;
 166              		.loc 1 120 5 is_stmt 1 view .LVU57
 120:Drivers/CMSIS/DSP/Source/TransformFunctions/arm_cfft_radix4_init_f32.c ****     S->onebyfftLen = 0.00390625f;
 167              		.loc 1 120 21 is_stmt 0 view .LVU58
 168 0072 0E4B     		ldr	r3, .L12+16
 169 0074 8360     		str	r3, [r0, #8]
 121:Drivers/CMSIS/DSP/Source/TransformFunctions/arm_cfft_radix4_init_f32.c ****     break;
 170              		.loc 1 121 5 is_stmt 1 view .LVU59
 121:Drivers/CMSIS/DSP/Source/TransformFunctions/arm_cfft_radix4_init_f32.c ****     break;
 171              		.loc 1 121 20 is_stmt 0 view .LVU60
 172 0076 4FF06E53 		mov	r3, #998244352
 173 007a 0361     		str	r3, [r0, #16]	@ float
 122:Drivers/CMSIS/DSP/Source/TransformFunctions/arm_cfft_radix4_init_f32.c **** 
 174              		.loc 1 122 5 is_stmt 1 view .LVU61
  71:Drivers/CMSIS/DSP/Source/TransformFunctions/arm_cfft_radix4_init_f32.c **** 
 175              		.loc 1 71 14 is_stmt 0 view .LVU62
 176 007c 0020     		movs	r0, #0
 177              	.LVL14:
 122:Drivers/CMSIS/DSP/Source/TransformFunctions/arm_cfft_radix4_init_f32.c **** 
 178              		.loc 1 122 5 view .LVU63
 179 007e D8E7     		b	.L6
 180              	.LVL15:
 181              	.L4:
 134:Drivers/CMSIS/DSP/Source/TransformFunctions/arm_cfft_radix4_init_f32.c ****     S->bitRevFactor = 256U;
 182              		.loc 1 134 5 is_stmt 1 view .LVU64
 134:Drivers/CMSIS/DSP/Source/TransformFunctions/arm_cfft_radix4_init_f32.c ****     S->bitRevFactor = 256U;
 183              		.loc 1 134 25 is_stmt 0 view .LVU65
 184 0080 4FF48073 		mov	r3, #256
 185              	.LVL16:
 134:Drivers/CMSIS/DSP/Source/TransformFunctions/arm_cfft_radix4_init_f32.c ****     S->bitRevFactor = 256U;
 186              		.loc 1 134 25 view .LVU66
 187 0084 8381     		strh	r3, [r0, #12]	@ movhi
 135:Drivers/CMSIS/DSP/Source/TransformFunctions/arm_cfft_radix4_init_f32.c ****     S->pBitRevTable = (uint16_t *) & armBitRevTable[255];
 188              		.loc 1 135 5 is_stmt 1 view .LVU67
 135:Drivers/CMSIS/DSP/Source/TransformFunctions/arm_cfft_radix4_init_f32.c ****     S->pBitRevTable = (uint16_t *) & armBitRevTable[255];
 189              		.loc 1 135 21 is_stmt 0 view .LVU68
 190 0086 C381     		strh	r3, [r0, #14]	@ movhi
 136:Drivers/CMSIS/DSP/Source/TransformFunctions/arm_cfft_radix4_init_f32.c ****     S->onebyfftLen = 0.0625f;
 191              		.loc 1 136 5 is_stmt 1 view .LVU69
 136:Drivers/CMSIS/DSP/Source/TransformFunctions/arm_cfft_radix4_init_f32.c ****     S->onebyfftLen = 0.0625f;
 192              		.loc 1 136 21 is_stmt 0 view .LVU70
 193 0088 094B     		ldr	r3, .L12+20
 194 008a 8360     		str	r3, [r0, #8]
 137:Drivers/CMSIS/DSP/Source/TransformFunctions/arm_cfft_radix4_init_f32.c ****     break;
 195              		.loc 1 137 5 is_stmt 1 view .LVU71
 137:Drivers/CMSIS/DSP/Source/TransformFunctions/arm_cfft_radix4_init_f32.c ****     break;
 196              		.loc 1 137 20 is_stmt 0 view .LVU72
 197 008c 4FF07653 		mov	r3, #1031798784
 198 0090 0361     		str	r3, [r0, #16]	@ float
 138:Drivers/CMSIS/DSP/Source/TransformFunctions/arm_cfft_radix4_init_f32.c **** 
 199              		.loc 1 138 5 is_stmt 1 view .LVU73
  71:Drivers/CMSIS/DSP/Source/TransformFunctions/arm_cfft_radix4_init_f32.c **** 
 200              		.loc 1 71 14 is_stmt 0 view .LVU74
 201 0092 0020     		movs	r0, #0
ARM GAS  C:\Users\Lamp\AppData\Local\Temp\ccXvyITT.s 			page 8


 202              	.LVL17:
 138:Drivers/CMSIS/DSP/Source/TransformFunctions/arm_cfft_radix4_init_f32.c **** 
 203              		.loc 1 138 5 view .LVU75
 204 0094 CDE7     		b	.L6
 205              	.LVL18:
 206              	.L8:
  86:Drivers/CMSIS/DSP/Source/TransformFunctions/arm_cfft_radix4_init_f32.c ****   {
 207              		.loc 1 86 3 view .LVU76
 208 0096 4FF0FF30 		mov	r0, #-1
 209              	.LVL19:
  86:Drivers/CMSIS/DSP/Source/TransformFunctions/arm_cfft_radix4_init_f32.c ****   {
 210              		.loc 1 86 3 view .LVU77
 211 009a CAE7     		b	.L6
 212              	.L13:
 213              		.align	2
 214              	.L12:
 215 009c 00000000 		.word	twiddleCoef_4096
 216 00a0 00000000 		.word	armBitRevTable
 217 00a4 7E000000 		.word	armBitRevTable+126
 218 00a8 06000000 		.word	armBitRevTable+6
 219 00ac 1E000000 		.word	armBitRevTable+30
 220 00b0 FE010000 		.word	armBitRevTable+510
 221              		.cfi_endproc
 222              	.LFE100:
 224              		.text
 225              	.Letext0:
 226              		.file 2 "C:/ARM GNU Toolchain/arm-none-eabi/include/machine/_default_types.h"
 227              		.file 3 "C:/ARM GNU Toolchain/arm-none-eabi/include/sys/_stdint.h"
 228              		.file 4 "Drivers/CMSIS/DSP/Include/arm_math.h"
 229              		.file 5 "Drivers/CMSIS/DSP/Include/arm_common_tables.h"
ARM GAS  C:\Users\Lamp\AppData\Local\Temp\ccXvyITT.s 			page 9


DEFINED SYMBOLS
                            *ABS*:00000000 arm_cfft_radix4_init_f32.c
C:\Users\Lamp\AppData\Local\Temp\ccXvyITT.s:19     .text.arm_cfft_radix4_init_f32:00000000 $t
C:\Users\Lamp\AppData\Local\Temp\ccXvyITT.s:25     .text.arm_cfft_radix4_init_f32:00000000 arm_cfft_radix4_init_f32
C:\Users\Lamp\AppData\Local\Temp\ccXvyITT.s:215    .text.arm_cfft_radix4_init_f32:0000009c $d

UNDEFINED SYMBOLS
twiddleCoef_4096
armBitRevTable
