ARM GAS  C:\Users\Lamp\AppData\Local\Temp\ccC9O4Cs.s 			page 1


   1              		.cpu cortex-m3
   2              		.arch armv7-m
   3              		.fpu softvfp
   4              		.eabi_attribute 20, 1
   5              		.eabi_attribute 21, 1
   6              		.eabi_attribute 23, 3
   7              		.eabi_attribute 24, 1
   8              		.eabi_attribute 25, 1
   9              		.eabi_attribute 26, 1
  10              		.eabi_attribute 30, 1
  11              		.eabi_attribute 34, 1
  12              		.eabi_attribute 18, 4
  13              		.file	"arm_dot_prod_q7.c"
  14              		.text
  15              	.Ltext0:
  16              		.cfi_sections	.debug_frame
  17              		.file 1 "Drivers/CMSIS/DSP/Source/BasicMathFunctions/arm_dot_prod_q7.c"
  18              		.section	.text.arm_dot_prod_q7,"ax",%progbits
  19              		.align	1
  20              		.global	arm_dot_prod_q7
  21              		.syntax unified
  22              		.thumb
  23              		.thumb_func
  25              	arm_dot_prod_q7:
  26              	.LVL0:
  27              	.LFB100:
   1:Drivers/CMSIS/DSP/Source/BasicMathFunctions/arm_dot_prod_q7.c **** /* ----------------------------------------------------------------------
   2:Drivers/CMSIS/DSP/Source/BasicMathFunctions/arm_dot_prod_q7.c ****  * Project:      CMSIS DSP Library
   3:Drivers/CMSIS/DSP/Source/BasicMathFunctions/arm_dot_prod_q7.c ****  * Title:        arm_dot_prod_q7.c
   4:Drivers/CMSIS/DSP/Source/BasicMathFunctions/arm_dot_prod_q7.c ****  * Description:  Q7 dot product
   5:Drivers/CMSIS/DSP/Source/BasicMathFunctions/arm_dot_prod_q7.c ****  *
   6:Drivers/CMSIS/DSP/Source/BasicMathFunctions/arm_dot_prod_q7.c ****  * $Date:        27. January 2017
   7:Drivers/CMSIS/DSP/Source/BasicMathFunctions/arm_dot_prod_q7.c ****  * $Revision:    V.1.5.1
   8:Drivers/CMSIS/DSP/Source/BasicMathFunctions/arm_dot_prod_q7.c ****  *
   9:Drivers/CMSIS/DSP/Source/BasicMathFunctions/arm_dot_prod_q7.c ****  * Target Processor: Cortex-M cores
  10:Drivers/CMSIS/DSP/Source/BasicMathFunctions/arm_dot_prod_q7.c ****  * -------------------------------------------------------------------- */
  11:Drivers/CMSIS/DSP/Source/BasicMathFunctions/arm_dot_prod_q7.c **** /*
  12:Drivers/CMSIS/DSP/Source/BasicMathFunctions/arm_dot_prod_q7.c ****  * Copyright (C) 2010-2017 ARM Limited or its affiliates. All rights reserved.
  13:Drivers/CMSIS/DSP/Source/BasicMathFunctions/arm_dot_prod_q7.c ****  *
  14:Drivers/CMSIS/DSP/Source/BasicMathFunctions/arm_dot_prod_q7.c ****  * SPDX-License-Identifier: Apache-2.0
  15:Drivers/CMSIS/DSP/Source/BasicMathFunctions/arm_dot_prod_q7.c ****  *
  16:Drivers/CMSIS/DSP/Source/BasicMathFunctions/arm_dot_prod_q7.c ****  * Licensed under the Apache License, Version 2.0 (the License); you may
  17:Drivers/CMSIS/DSP/Source/BasicMathFunctions/arm_dot_prod_q7.c ****  * not use this file except in compliance with the License.
  18:Drivers/CMSIS/DSP/Source/BasicMathFunctions/arm_dot_prod_q7.c ****  * You may obtain a copy of the License at
  19:Drivers/CMSIS/DSP/Source/BasicMathFunctions/arm_dot_prod_q7.c ****  *
  20:Drivers/CMSIS/DSP/Source/BasicMathFunctions/arm_dot_prod_q7.c ****  * www.apache.org/licenses/LICENSE-2.0
  21:Drivers/CMSIS/DSP/Source/BasicMathFunctions/arm_dot_prod_q7.c ****  *
  22:Drivers/CMSIS/DSP/Source/BasicMathFunctions/arm_dot_prod_q7.c ****  * Unless required by applicable law or agreed to in writing, software
  23:Drivers/CMSIS/DSP/Source/BasicMathFunctions/arm_dot_prod_q7.c ****  * distributed under the License is distributed on an AS IS BASIS, WITHOUT
  24:Drivers/CMSIS/DSP/Source/BasicMathFunctions/arm_dot_prod_q7.c ****  * WARRANTIES OR CONDITIONS OF ANY KIND, either express or implied.
  25:Drivers/CMSIS/DSP/Source/BasicMathFunctions/arm_dot_prod_q7.c ****  * See the License for the specific language governing permissions and
  26:Drivers/CMSIS/DSP/Source/BasicMathFunctions/arm_dot_prod_q7.c ****  * limitations under the License.
  27:Drivers/CMSIS/DSP/Source/BasicMathFunctions/arm_dot_prod_q7.c ****  */
  28:Drivers/CMSIS/DSP/Source/BasicMathFunctions/arm_dot_prod_q7.c **** 
  29:Drivers/CMSIS/DSP/Source/BasicMathFunctions/arm_dot_prod_q7.c **** #include "arm_math.h"
  30:Drivers/CMSIS/DSP/Source/BasicMathFunctions/arm_dot_prod_q7.c **** 
  31:Drivers/CMSIS/DSP/Source/BasicMathFunctions/arm_dot_prod_q7.c **** /**
ARM GAS  C:\Users\Lamp\AppData\Local\Temp\ccC9O4Cs.s 			page 2


  32:Drivers/CMSIS/DSP/Source/BasicMathFunctions/arm_dot_prod_q7.c ****  * @ingroup groupMath
  33:Drivers/CMSIS/DSP/Source/BasicMathFunctions/arm_dot_prod_q7.c ****  */
  34:Drivers/CMSIS/DSP/Source/BasicMathFunctions/arm_dot_prod_q7.c **** 
  35:Drivers/CMSIS/DSP/Source/BasicMathFunctions/arm_dot_prod_q7.c **** /**
  36:Drivers/CMSIS/DSP/Source/BasicMathFunctions/arm_dot_prod_q7.c ****  * @addtogroup dot_prod
  37:Drivers/CMSIS/DSP/Source/BasicMathFunctions/arm_dot_prod_q7.c ****  * @{
  38:Drivers/CMSIS/DSP/Source/BasicMathFunctions/arm_dot_prod_q7.c ****  */
  39:Drivers/CMSIS/DSP/Source/BasicMathFunctions/arm_dot_prod_q7.c **** 
  40:Drivers/CMSIS/DSP/Source/BasicMathFunctions/arm_dot_prod_q7.c **** /**
  41:Drivers/CMSIS/DSP/Source/BasicMathFunctions/arm_dot_prod_q7.c ****  * @brief Dot product of Q7 vectors.
  42:Drivers/CMSIS/DSP/Source/BasicMathFunctions/arm_dot_prod_q7.c ****  * @param[in]       *pSrcA points to the first input vector
  43:Drivers/CMSIS/DSP/Source/BasicMathFunctions/arm_dot_prod_q7.c ****  * @param[in]       *pSrcB points to the second input vector
  44:Drivers/CMSIS/DSP/Source/BasicMathFunctions/arm_dot_prod_q7.c ****  * @param[in]       blockSize number of samples in each vector
  45:Drivers/CMSIS/DSP/Source/BasicMathFunctions/arm_dot_prod_q7.c ****  * @param[out]      *result output result returned here
  46:Drivers/CMSIS/DSP/Source/BasicMathFunctions/arm_dot_prod_q7.c ****  * @return none.
  47:Drivers/CMSIS/DSP/Source/BasicMathFunctions/arm_dot_prod_q7.c ****  *
  48:Drivers/CMSIS/DSP/Source/BasicMathFunctions/arm_dot_prod_q7.c ****  * <b>Scaling and Overflow Behavior:</b>
  49:Drivers/CMSIS/DSP/Source/BasicMathFunctions/arm_dot_prod_q7.c ****  * \par
  50:Drivers/CMSIS/DSP/Source/BasicMathFunctions/arm_dot_prod_q7.c ****  * The intermediate multiplications are in 1.7 x 1.7 = 2.14 format and these
  51:Drivers/CMSIS/DSP/Source/BasicMathFunctions/arm_dot_prod_q7.c ****  * results are added to an accumulator in 18.14 format.
  52:Drivers/CMSIS/DSP/Source/BasicMathFunctions/arm_dot_prod_q7.c ****  * Nonsaturating additions are used and there is no danger of wrap around as long as
  53:Drivers/CMSIS/DSP/Source/BasicMathFunctions/arm_dot_prod_q7.c ****  * the vectors are less than 2^18 elements long.
  54:Drivers/CMSIS/DSP/Source/BasicMathFunctions/arm_dot_prod_q7.c ****  * The return result is in 18.14 format.
  55:Drivers/CMSIS/DSP/Source/BasicMathFunctions/arm_dot_prod_q7.c ****  */
  56:Drivers/CMSIS/DSP/Source/BasicMathFunctions/arm_dot_prod_q7.c **** 
  57:Drivers/CMSIS/DSP/Source/BasicMathFunctions/arm_dot_prod_q7.c **** void arm_dot_prod_q7(
  58:Drivers/CMSIS/DSP/Source/BasicMathFunctions/arm_dot_prod_q7.c ****   q7_t * pSrcA,
  59:Drivers/CMSIS/DSP/Source/BasicMathFunctions/arm_dot_prod_q7.c ****   q7_t * pSrcB,
  60:Drivers/CMSIS/DSP/Source/BasicMathFunctions/arm_dot_prod_q7.c ****   uint32_t blockSize,
  61:Drivers/CMSIS/DSP/Source/BasicMathFunctions/arm_dot_prod_q7.c ****   q31_t * result)
  62:Drivers/CMSIS/DSP/Source/BasicMathFunctions/arm_dot_prod_q7.c **** {
  28              		.loc 1 62 1 view -0
  29              		.cfi_startproc
  30              		@ args = 0, pretend = 0, frame = 0
  31              		@ frame_needed = 0, uses_anonymous_args = 0
  32              		.loc 1 62 1 is_stmt 0 view .LVU1
  33 0000 10B5     		push	{r4, lr}
  34              	.LCFI0:
  35              		.cfi_def_cfa_offset 8
  36              		.cfi_offset 4, -8
  37              		.cfi_offset 14, -4
  63:Drivers/CMSIS/DSP/Source/BasicMathFunctions/arm_dot_prod_q7.c ****   uint32_t blkCnt;                               /* loop counter */
  38              		.loc 1 63 3 is_stmt 1 view .LVU2
  64:Drivers/CMSIS/DSP/Source/BasicMathFunctions/arm_dot_prod_q7.c **** 
  65:Drivers/CMSIS/DSP/Source/BasicMathFunctions/arm_dot_prod_q7.c ****   q31_t sum = 0;                                 /* Temporary variables to store output */
  39              		.loc 1 65 3 view .LVU3
  40              	.LVL1:
  66:Drivers/CMSIS/DSP/Source/BasicMathFunctions/arm_dot_prod_q7.c **** 
  67:Drivers/CMSIS/DSP/Source/BasicMathFunctions/arm_dot_prod_q7.c **** #if defined (ARM_MATH_DSP)
  68:Drivers/CMSIS/DSP/Source/BasicMathFunctions/arm_dot_prod_q7.c **** 
  69:Drivers/CMSIS/DSP/Source/BasicMathFunctions/arm_dot_prod_q7.c **** /* Run the below code for Cortex-M4 and Cortex-M3 */
  70:Drivers/CMSIS/DSP/Source/BasicMathFunctions/arm_dot_prod_q7.c **** 
  71:Drivers/CMSIS/DSP/Source/BasicMathFunctions/arm_dot_prod_q7.c ****   q31_t input1, input2;                          /* Temporary variables to store input */
  72:Drivers/CMSIS/DSP/Source/BasicMathFunctions/arm_dot_prod_q7.c ****   q31_t inA1, inA2, inB1, inB2;                  /* Temporary variables to store input */
  73:Drivers/CMSIS/DSP/Source/BasicMathFunctions/arm_dot_prod_q7.c **** 
  74:Drivers/CMSIS/DSP/Source/BasicMathFunctions/arm_dot_prod_q7.c **** 
  75:Drivers/CMSIS/DSP/Source/BasicMathFunctions/arm_dot_prod_q7.c **** 
ARM GAS  C:\Users\Lamp\AppData\Local\Temp\ccC9O4Cs.s 			page 3


  76:Drivers/CMSIS/DSP/Source/BasicMathFunctions/arm_dot_prod_q7.c ****   /*loop Unrolling */
  77:Drivers/CMSIS/DSP/Source/BasicMathFunctions/arm_dot_prod_q7.c ****   blkCnt = blockSize >> 2U;
  78:Drivers/CMSIS/DSP/Source/BasicMathFunctions/arm_dot_prod_q7.c **** 
  79:Drivers/CMSIS/DSP/Source/BasicMathFunctions/arm_dot_prod_q7.c ****   /* First part of the processing with loop unrolling.  Compute 4 outputs at a time.
  80:Drivers/CMSIS/DSP/Source/BasicMathFunctions/arm_dot_prod_q7.c ****    ** a second loop below computes the remaining 1 to 3 samples. */
  81:Drivers/CMSIS/DSP/Source/BasicMathFunctions/arm_dot_prod_q7.c ****   while (blkCnt > 0U)
  82:Drivers/CMSIS/DSP/Source/BasicMathFunctions/arm_dot_prod_q7.c ****   {
  83:Drivers/CMSIS/DSP/Source/BasicMathFunctions/arm_dot_prod_q7.c ****     /* read 4 samples at a time from sourceA */
  84:Drivers/CMSIS/DSP/Source/BasicMathFunctions/arm_dot_prod_q7.c ****     input1 = *__SIMD32(pSrcA)++;
  85:Drivers/CMSIS/DSP/Source/BasicMathFunctions/arm_dot_prod_q7.c ****     /* read 4 samples at a time from sourceB */
  86:Drivers/CMSIS/DSP/Source/BasicMathFunctions/arm_dot_prod_q7.c ****     input2 = *__SIMD32(pSrcB)++;
  87:Drivers/CMSIS/DSP/Source/BasicMathFunctions/arm_dot_prod_q7.c **** 
  88:Drivers/CMSIS/DSP/Source/BasicMathFunctions/arm_dot_prod_q7.c ****     /* extract two q7_t samples to q15_t samples */
  89:Drivers/CMSIS/DSP/Source/BasicMathFunctions/arm_dot_prod_q7.c ****     inA1 = __SXTB16(__ROR(input1, 8));
  90:Drivers/CMSIS/DSP/Source/BasicMathFunctions/arm_dot_prod_q7.c ****     /* extract reminaing two samples */
  91:Drivers/CMSIS/DSP/Source/BasicMathFunctions/arm_dot_prod_q7.c ****     inA2 = __SXTB16(input1);
  92:Drivers/CMSIS/DSP/Source/BasicMathFunctions/arm_dot_prod_q7.c ****     /* extract two q7_t samples to q15_t samples */
  93:Drivers/CMSIS/DSP/Source/BasicMathFunctions/arm_dot_prod_q7.c ****     inB1 = __SXTB16(__ROR(input2, 8));
  94:Drivers/CMSIS/DSP/Source/BasicMathFunctions/arm_dot_prod_q7.c ****     /* extract reminaing two samples */
  95:Drivers/CMSIS/DSP/Source/BasicMathFunctions/arm_dot_prod_q7.c ****     inB2 = __SXTB16(input2);
  96:Drivers/CMSIS/DSP/Source/BasicMathFunctions/arm_dot_prod_q7.c **** 
  97:Drivers/CMSIS/DSP/Source/BasicMathFunctions/arm_dot_prod_q7.c ****     /* multiply and accumulate two samples at a time */
  98:Drivers/CMSIS/DSP/Source/BasicMathFunctions/arm_dot_prod_q7.c ****     sum = __SMLAD(inA1, inB1, sum);
  99:Drivers/CMSIS/DSP/Source/BasicMathFunctions/arm_dot_prod_q7.c ****     sum = __SMLAD(inA2, inB2, sum);
 100:Drivers/CMSIS/DSP/Source/BasicMathFunctions/arm_dot_prod_q7.c **** 
 101:Drivers/CMSIS/DSP/Source/BasicMathFunctions/arm_dot_prod_q7.c ****     /* Decrement the loop counter */
 102:Drivers/CMSIS/DSP/Source/BasicMathFunctions/arm_dot_prod_q7.c ****     blkCnt--;
 103:Drivers/CMSIS/DSP/Source/BasicMathFunctions/arm_dot_prod_q7.c ****   }
 104:Drivers/CMSIS/DSP/Source/BasicMathFunctions/arm_dot_prod_q7.c **** 
 105:Drivers/CMSIS/DSP/Source/BasicMathFunctions/arm_dot_prod_q7.c ****   /* If the blockSize is not a multiple of 4, compute any remaining output samples here.
 106:Drivers/CMSIS/DSP/Source/BasicMathFunctions/arm_dot_prod_q7.c ****    ** No loop unrolling is used. */
 107:Drivers/CMSIS/DSP/Source/BasicMathFunctions/arm_dot_prod_q7.c ****   blkCnt = blockSize % 0x4U;
 108:Drivers/CMSIS/DSP/Source/BasicMathFunctions/arm_dot_prod_q7.c **** 
 109:Drivers/CMSIS/DSP/Source/BasicMathFunctions/arm_dot_prod_q7.c ****   while (blkCnt > 0U)
 110:Drivers/CMSIS/DSP/Source/BasicMathFunctions/arm_dot_prod_q7.c ****   {
 111:Drivers/CMSIS/DSP/Source/BasicMathFunctions/arm_dot_prod_q7.c ****     /* C = A[0]* B[0] + A[1]* B[1] + A[2]* B[2] + .....+ A[blockSize-1]* B[blockSize-1] */
 112:Drivers/CMSIS/DSP/Source/BasicMathFunctions/arm_dot_prod_q7.c ****     /* Dot product and then store the results in a temporary buffer. */
 113:Drivers/CMSIS/DSP/Source/BasicMathFunctions/arm_dot_prod_q7.c ****     sum = __SMLAD(*pSrcA++, *pSrcB++, sum);
 114:Drivers/CMSIS/DSP/Source/BasicMathFunctions/arm_dot_prod_q7.c **** 
 115:Drivers/CMSIS/DSP/Source/BasicMathFunctions/arm_dot_prod_q7.c ****     /* Decrement the loop counter */
 116:Drivers/CMSIS/DSP/Source/BasicMathFunctions/arm_dot_prod_q7.c ****     blkCnt--;
 117:Drivers/CMSIS/DSP/Source/BasicMathFunctions/arm_dot_prod_q7.c ****   }
 118:Drivers/CMSIS/DSP/Source/BasicMathFunctions/arm_dot_prod_q7.c **** 
 119:Drivers/CMSIS/DSP/Source/BasicMathFunctions/arm_dot_prod_q7.c **** #else
 120:Drivers/CMSIS/DSP/Source/BasicMathFunctions/arm_dot_prod_q7.c **** 
 121:Drivers/CMSIS/DSP/Source/BasicMathFunctions/arm_dot_prod_q7.c ****   /* Run the below code for Cortex-M0 */
 122:Drivers/CMSIS/DSP/Source/BasicMathFunctions/arm_dot_prod_q7.c **** 
 123:Drivers/CMSIS/DSP/Source/BasicMathFunctions/arm_dot_prod_q7.c **** 
 124:Drivers/CMSIS/DSP/Source/BasicMathFunctions/arm_dot_prod_q7.c **** 
 125:Drivers/CMSIS/DSP/Source/BasicMathFunctions/arm_dot_prod_q7.c ****   /* Initialize blkCnt with number of samples */
 126:Drivers/CMSIS/DSP/Source/BasicMathFunctions/arm_dot_prod_q7.c ****   blkCnt = blockSize;
  41              		.loc 1 126 3 view .LVU4
 127:Drivers/CMSIS/DSP/Source/BasicMathFunctions/arm_dot_prod_q7.c **** 
 128:Drivers/CMSIS/DSP/Source/BasicMathFunctions/arm_dot_prod_q7.c ****   while (blkCnt > 0U)
  42              		.loc 1 128 3 view .LVU5
  65:Drivers/CMSIS/DSP/Source/BasicMathFunctions/arm_dot_prod_q7.c **** 
  43              		.loc 1 65 9 is_stmt 0 view .LVU6
ARM GAS  C:\Users\Lamp\AppData\Local\Temp\ccC9O4Cs.s 			page 4


  44 0002 0024     		movs	r4, #0
  45              		.loc 1 128 9 view .LVU7
  46 0004 06E0     		b	.L2
  47              	.LVL2:
  48              	.L3:
 129:Drivers/CMSIS/DSP/Source/BasicMathFunctions/arm_dot_prod_q7.c ****   {
 130:Drivers/CMSIS/DSP/Source/BasicMathFunctions/arm_dot_prod_q7.c ****     /* C = A[0]* B[0] + A[1]* B[1] + A[2]* B[2] + .....+ A[blockSize-1]* B[blockSize-1] */
 131:Drivers/CMSIS/DSP/Source/BasicMathFunctions/arm_dot_prod_q7.c ****     /* Dot product and then store the results in a temporary buffer. */
 132:Drivers/CMSIS/DSP/Source/BasicMathFunctions/arm_dot_prod_q7.c ****     sum += (q31_t) ((q15_t) * pSrcA++ * *pSrcB++);
  49              		.loc 1 132 5 is_stmt 1 view .LVU8
  50              		.loc 1 132 29 is_stmt 0 view .LVU9
  51 0006 10F901CB 		ldrsb	ip, [r0], #1
  52              	.LVL3:
  53              		.loc 1 132 41 view .LVU10
  54 000a 11F901EB 		ldrsb	lr, [r1], #1
  55              	.LVL4:
  56              		.loc 1 132 9 view .LVU11
  57 000e 0EFB0C44 		mla	r4, lr, ip, r4
  58              	.LVL5:
 133:Drivers/CMSIS/DSP/Source/BasicMathFunctions/arm_dot_prod_q7.c **** 
 134:Drivers/CMSIS/DSP/Source/BasicMathFunctions/arm_dot_prod_q7.c ****     /* Decrement the loop counter */
 135:Drivers/CMSIS/DSP/Source/BasicMathFunctions/arm_dot_prod_q7.c ****     blkCnt--;
  59              		.loc 1 135 5 is_stmt 1 view .LVU12
  60              		.loc 1 135 11 is_stmt 0 view .LVU13
  61 0012 013A     		subs	r2, r2, #1
  62              	.LVL6:
  63              	.L2:
 128:Drivers/CMSIS/DSP/Source/BasicMathFunctions/arm_dot_prod_q7.c ****   {
  64              		.loc 1 128 17 is_stmt 1 view .LVU14
  65 0014 002A     		cmp	r2, #0
  66 0016 F6D1     		bne	.L3
 136:Drivers/CMSIS/DSP/Source/BasicMathFunctions/arm_dot_prod_q7.c ****   }
 137:Drivers/CMSIS/DSP/Source/BasicMathFunctions/arm_dot_prod_q7.c **** 
 138:Drivers/CMSIS/DSP/Source/BasicMathFunctions/arm_dot_prod_q7.c **** #endif /* #if defined (ARM_MATH_DSP) */
 139:Drivers/CMSIS/DSP/Source/BasicMathFunctions/arm_dot_prod_q7.c **** 
 140:Drivers/CMSIS/DSP/Source/BasicMathFunctions/arm_dot_prod_q7.c **** 
 141:Drivers/CMSIS/DSP/Source/BasicMathFunctions/arm_dot_prod_q7.c ****   /* Store the result in the destination buffer in 18.14 format */
 142:Drivers/CMSIS/DSP/Source/BasicMathFunctions/arm_dot_prod_q7.c ****   *result = sum;
  67              		.loc 1 142 3 view .LVU15
  68              		.loc 1 142 11 is_stmt 0 view .LVU16
  69 0018 1C60     		str	r4, [r3]
 143:Drivers/CMSIS/DSP/Source/BasicMathFunctions/arm_dot_prod_q7.c **** }
  70              		.loc 1 143 1 view .LVU17
  71 001a 10BD     		pop	{r4, pc}
  72              		.loc 1 143 1 view .LVU18
  73              		.cfi_endproc
  74              	.LFE100:
  76              		.text
  77              	.Letext0:
  78              		.file 2 "C:/ARM GNU Toolchain/arm-none-eabi/include/machine/_default_types.h"
  79              		.file 3 "C:/ARM GNU Toolchain/arm-none-eabi/include/sys/_stdint.h"
  80              		.file 4 "Drivers/CMSIS/DSP/Include/arm_math.h"
ARM GAS  C:\Users\Lamp\AppData\Local\Temp\ccC9O4Cs.s 			page 5


DEFINED SYMBOLS
                            *ABS*:00000000 arm_dot_prod_q7.c
C:\Users\Lamp\AppData\Local\Temp\ccC9O4Cs.s:19     .text.arm_dot_prod_q7:00000000 $t
C:\Users\Lamp\AppData\Local\Temp\ccC9O4Cs.s:25     .text.arm_dot_prod_q7:00000000 arm_dot_prod_q7

NO UNDEFINED SYMBOLS
