ARM GAS  C:\Users\Lamp\AppData\Local\Temp\ccq93FHG.s 			page 1


   1              		.cpu cortex-m3
   2              		.arch armv7-m
   3              		.fpu softvfp
   4              		.eabi_attribute 20, 1
   5              		.eabi_attribute 21, 1
   6              		.eabi_attribute 23, 3
   7              		.eabi_attribute 24, 1
   8              		.eabi_attribute 25, 1
   9              		.eabi_attribute 26, 1
  10              		.eabi_attribute 30, 1
  11              		.eabi_attribute 34, 1
  12              		.eabi_attribute 18, 4
  13              		.file	"arm_mat_sub_q15.c"
  14              		.text
  15              	.Ltext0:
  16              		.cfi_sections	.debug_frame
  17              		.file 1 "Drivers/CMSIS/DSP/Source/MatrixFunctions/arm_mat_sub_q15.c"
  18              		.section	.text.arm_mat_sub_q15,"ax",%progbits
  19              		.align	1
  20              		.global	arm_mat_sub_q15
  21              		.syntax unified
  22              		.thumb
  23              		.thumb_func
  25              	arm_mat_sub_q15:
  26              	.LVL0:
  27              	.LFB100:
   1:Drivers/CMSIS/DSP/Source/MatrixFunctions/arm_mat_sub_q15.c **** /* ----------------------------------------------------------------------
   2:Drivers/CMSIS/DSP/Source/MatrixFunctions/arm_mat_sub_q15.c ****  * Project:      CMSIS DSP Library
   3:Drivers/CMSIS/DSP/Source/MatrixFunctions/arm_mat_sub_q15.c ****  * Title:        arm_mat_sub_q15.c
   4:Drivers/CMSIS/DSP/Source/MatrixFunctions/arm_mat_sub_q15.c ****  * Description:  Q15 Matrix subtraction
   5:Drivers/CMSIS/DSP/Source/MatrixFunctions/arm_mat_sub_q15.c ****  *
   6:Drivers/CMSIS/DSP/Source/MatrixFunctions/arm_mat_sub_q15.c ****  * $Date:        27. January 2017
   7:Drivers/CMSIS/DSP/Source/MatrixFunctions/arm_mat_sub_q15.c ****  * $Revision:    V.1.5.1
   8:Drivers/CMSIS/DSP/Source/MatrixFunctions/arm_mat_sub_q15.c ****  *
   9:Drivers/CMSIS/DSP/Source/MatrixFunctions/arm_mat_sub_q15.c ****  * Target Processor: Cortex-M cores
  10:Drivers/CMSIS/DSP/Source/MatrixFunctions/arm_mat_sub_q15.c ****  * -------------------------------------------------------------------- */
  11:Drivers/CMSIS/DSP/Source/MatrixFunctions/arm_mat_sub_q15.c **** /*
  12:Drivers/CMSIS/DSP/Source/MatrixFunctions/arm_mat_sub_q15.c ****  * Copyright (C) 2010-2017 ARM Limited or its affiliates. All rights reserved.
  13:Drivers/CMSIS/DSP/Source/MatrixFunctions/arm_mat_sub_q15.c ****  *
  14:Drivers/CMSIS/DSP/Source/MatrixFunctions/arm_mat_sub_q15.c ****  * SPDX-License-Identifier: Apache-2.0
  15:Drivers/CMSIS/DSP/Source/MatrixFunctions/arm_mat_sub_q15.c ****  *
  16:Drivers/CMSIS/DSP/Source/MatrixFunctions/arm_mat_sub_q15.c ****  * Licensed under the Apache License, Version 2.0 (the License); you may
  17:Drivers/CMSIS/DSP/Source/MatrixFunctions/arm_mat_sub_q15.c ****  * not use this file except in compliance with the License.
  18:Drivers/CMSIS/DSP/Source/MatrixFunctions/arm_mat_sub_q15.c ****  * You may obtain a copy of the License at
  19:Drivers/CMSIS/DSP/Source/MatrixFunctions/arm_mat_sub_q15.c ****  *
  20:Drivers/CMSIS/DSP/Source/MatrixFunctions/arm_mat_sub_q15.c ****  * www.apache.org/licenses/LICENSE-2.0
  21:Drivers/CMSIS/DSP/Source/MatrixFunctions/arm_mat_sub_q15.c ****  *
  22:Drivers/CMSIS/DSP/Source/MatrixFunctions/arm_mat_sub_q15.c ****  * Unless required by applicable law or agreed to in writing, software
  23:Drivers/CMSIS/DSP/Source/MatrixFunctions/arm_mat_sub_q15.c ****  * distributed under the License is distributed on an AS IS BASIS, WITHOUT
  24:Drivers/CMSIS/DSP/Source/MatrixFunctions/arm_mat_sub_q15.c ****  * WARRANTIES OR CONDITIONS OF ANY KIND, either express or implied.
  25:Drivers/CMSIS/DSP/Source/MatrixFunctions/arm_mat_sub_q15.c ****  * See the License for the specific language governing permissions and
  26:Drivers/CMSIS/DSP/Source/MatrixFunctions/arm_mat_sub_q15.c ****  * limitations under the License.
  27:Drivers/CMSIS/DSP/Source/MatrixFunctions/arm_mat_sub_q15.c ****  */
  28:Drivers/CMSIS/DSP/Source/MatrixFunctions/arm_mat_sub_q15.c **** 
  29:Drivers/CMSIS/DSP/Source/MatrixFunctions/arm_mat_sub_q15.c **** #include "arm_math.h"
  30:Drivers/CMSIS/DSP/Source/MatrixFunctions/arm_mat_sub_q15.c **** 
  31:Drivers/CMSIS/DSP/Source/MatrixFunctions/arm_mat_sub_q15.c **** /**
ARM GAS  C:\Users\Lamp\AppData\Local\Temp\ccq93FHG.s 			page 2


  32:Drivers/CMSIS/DSP/Source/MatrixFunctions/arm_mat_sub_q15.c ****  * @ingroup groupMatrix
  33:Drivers/CMSIS/DSP/Source/MatrixFunctions/arm_mat_sub_q15.c ****  */
  34:Drivers/CMSIS/DSP/Source/MatrixFunctions/arm_mat_sub_q15.c **** 
  35:Drivers/CMSIS/DSP/Source/MatrixFunctions/arm_mat_sub_q15.c **** /**
  36:Drivers/CMSIS/DSP/Source/MatrixFunctions/arm_mat_sub_q15.c ****  * @addtogroup MatrixSub
  37:Drivers/CMSIS/DSP/Source/MatrixFunctions/arm_mat_sub_q15.c ****  * @{
  38:Drivers/CMSIS/DSP/Source/MatrixFunctions/arm_mat_sub_q15.c ****  */
  39:Drivers/CMSIS/DSP/Source/MatrixFunctions/arm_mat_sub_q15.c **** 
  40:Drivers/CMSIS/DSP/Source/MatrixFunctions/arm_mat_sub_q15.c **** /**
  41:Drivers/CMSIS/DSP/Source/MatrixFunctions/arm_mat_sub_q15.c ****  * @brief Q15 matrix subtraction.
  42:Drivers/CMSIS/DSP/Source/MatrixFunctions/arm_mat_sub_q15.c ****  * @param[in]       *pSrcA points to the first input matrix structure
  43:Drivers/CMSIS/DSP/Source/MatrixFunctions/arm_mat_sub_q15.c ****  * @param[in]       *pSrcB points to the second input matrix structure
  44:Drivers/CMSIS/DSP/Source/MatrixFunctions/arm_mat_sub_q15.c ****  * @param[out]      *pDst points to output matrix structure
  45:Drivers/CMSIS/DSP/Source/MatrixFunctions/arm_mat_sub_q15.c ****  * @return     		The function returns either
  46:Drivers/CMSIS/DSP/Source/MatrixFunctions/arm_mat_sub_q15.c ****  * <code>ARM_MATH_SIZE_MISMATCH</code> or <code>ARM_MATH_SUCCESS</code> based on the outcome of siz
  47:Drivers/CMSIS/DSP/Source/MatrixFunctions/arm_mat_sub_q15.c ****  *
  48:Drivers/CMSIS/DSP/Source/MatrixFunctions/arm_mat_sub_q15.c ****  * <b>Scaling and Overflow Behavior:</b>
  49:Drivers/CMSIS/DSP/Source/MatrixFunctions/arm_mat_sub_q15.c ****  * \par
  50:Drivers/CMSIS/DSP/Source/MatrixFunctions/arm_mat_sub_q15.c ****  * The function uses saturating arithmetic.
  51:Drivers/CMSIS/DSP/Source/MatrixFunctions/arm_mat_sub_q15.c ****  * Results outside of the allowable Q15 range [0x8000 0x7FFF] will be saturated.
  52:Drivers/CMSIS/DSP/Source/MatrixFunctions/arm_mat_sub_q15.c ****  */
  53:Drivers/CMSIS/DSP/Source/MatrixFunctions/arm_mat_sub_q15.c **** 
  54:Drivers/CMSIS/DSP/Source/MatrixFunctions/arm_mat_sub_q15.c **** arm_status arm_mat_sub_q15(
  55:Drivers/CMSIS/DSP/Source/MatrixFunctions/arm_mat_sub_q15.c ****   const arm_matrix_instance_q15 * pSrcA,
  56:Drivers/CMSIS/DSP/Source/MatrixFunctions/arm_mat_sub_q15.c ****   const arm_matrix_instance_q15 * pSrcB,
  57:Drivers/CMSIS/DSP/Source/MatrixFunctions/arm_mat_sub_q15.c ****   arm_matrix_instance_q15 * pDst)
  58:Drivers/CMSIS/DSP/Source/MatrixFunctions/arm_mat_sub_q15.c **** {
  28              		.loc 1 58 1 view -0
  29              		.cfi_startproc
  30              		@ args = 0, pretend = 0, frame = 0
  31              		@ frame_needed = 0, uses_anonymous_args = 0
  32              		@ link register save eliminated.
  33              		.loc 1 58 1 is_stmt 0 view .LVU1
  34 0000 10B4     		push	{r4}
  35              	.LCFI0:
  36              		.cfi_def_cfa_offset 4
  37              		.cfi_offset 4, -4
  38 0002 0C46     		mov	r4, r1
  39 0004 1346     		mov	r3, r2
  59:Drivers/CMSIS/DSP/Source/MatrixFunctions/arm_mat_sub_q15.c ****   q15_t *pInA = pSrcA->pData;                    /* input data matrix pointer A */
  40              		.loc 1 59 3 is_stmt 1 view .LVU2
  41              		.loc 1 59 10 is_stmt 0 view .LVU3
  42 0006 4168     		ldr	r1, [r0, #4]
  43              	.LVL1:
  60:Drivers/CMSIS/DSP/Source/MatrixFunctions/arm_mat_sub_q15.c ****   q15_t *pInB = pSrcB->pData;                    /* input data matrix pointer B */
  44              		.loc 1 60 3 is_stmt 1 view .LVU4
  45              		.loc 1 60 10 is_stmt 0 view .LVU5
  46 0008 6268     		ldr	r2, [r4, #4]
  47              	.LVL2:
  61:Drivers/CMSIS/DSP/Source/MatrixFunctions/arm_mat_sub_q15.c ****   q15_t *pOut = pDst->pData;                     /* output data matrix pointer */
  48              		.loc 1 61 3 is_stmt 1 view .LVU6
  49              		.loc 1 61 10 is_stmt 0 view .LVU7
  50 000a 5B68     		ldr	r3, [r3, #4]
  51              	.LVL3:
  62:Drivers/CMSIS/DSP/Source/MatrixFunctions/arm_mat_sub_q15.c ****   uint32_t numSamples;                           /* total number of elements in the matrix */
  52              		.loc 1 62 3 is_stmt 1 view .LVU8
  63:Drivers/CMSIS/DSP/Source/MatrixFunctions/arm_mat_sub_q15.c ****   uint32_t blkCnt;                               /* loop counters  */
ARM GAS  C:\Users\Lamp\AppData\Local\Temp\ccq93FHG.s 			page 3


  53              		.loc 1 63 3 view .LVU9
  64:Drivers/CMSIS/DSP/Source/MatrixFunctions/arm_mat_sub_q15.c ****   arm_status status;                             /* status of matrix subtraction  */
  54              		.loc 1 64 3 view .LVU10
  65:Drivers/CMSIS/DSP/Source/MatrixFunctions/arm_mat_sub_q15.c **** 
  66:Drivers/CMSIS/DSP/Source/MatrixFunctions/arm_mat_sub_q15.c **** 
  67:Drivers/CMSIS/DSP/Source/MatrixFunctions/arm_mat_sub_q15.c **** #ifdef ARM_MATH_MATRIX_CHECK
  68:Drivers/CMSIS/DSP/Source/MatrixFunctions/arm_mat_sub_q15.c **** 
  69:Drivers/CMSIS/DSP/Source/MatrixFunctions/arm_mat_sub_q15.c **** 
  70:Drivers/CMSIS/DSP/Source/MatrixFunctions/arm_mat_sub_q15.c ****   /* Check for matrix mismatch condition */
  71:Drivers/CMSIS/DSP/Source/MatrixFunctions/arm_mat_sub_q15.c ****   if ((pSrcA->numRows != pSrcB->numRows) ||
  72:Drivers/CMSIS/DSP/Source/MatrixFunctions/arm_mat_sub_q15.c ****      (pSrcA->numCols != pSrcB->numCols) ||
  73:Drivers/CMSIS/DSP/Source/MatrixFunctions/arm_mat_sub_q15.c ****      (pSrcA->numRows != pDst->numRows) || (pSrcA->numCols != pDst->numCols))
  74:Drivers/CMSIS/DSP/Source/MatrixFunctions/arm_mat_sub_q15.c ****   {
  75:Drivers/CMSIS/DSP/Source/MatrixFunctions/arm_mat_sub_q15.c ****     /* Set status as ARM_MATH_SIZE_MISMATCH */
  76:Drivers/CMSIS/DSP/Source/MatrixFunctions/arm_mat_sub_q15.c ****     status = ARM_MATH_SIZE_MISMATCH;
  77:Drivers/CMSIS/DSP/Source/MatrixFunctions/arm_mat_sub_q15.c ****   }
  78:Drivers/CMSIS/DSP/Source/MatrixFunctions/arm_mat_sub_q15.c ****   else
  79:Drivers/CMSIS/DSP/Source/MatrixFunctions/arm_mat_sub_q15.c **** #endif /*    #ifdef ARM_MATH_MATRIX_CHECK    */
  80:Drivers/CMSIS/DSP/Source/MatrixFunctions/arm_mat_sub_q15.c **** 
  81:Drivers/CMSIS/DSP/Source/MatrixFunctions/arm_mat_sub_q15.c ****   {
  82:Drivers/CMSIS/DSP/Source/MatrixFunctions/arm_mat_sub_q15.c ****     /* Total number of samples in the input matrix */
  83:Drivers/CMSIS/DSP/Source/MatrixFunctions/arm_mat_sub_q15.c ****     numSamples = (uint32_t) pSrcA->numRows * pSrcA->numCols;
  55              		.loc 1 83 5 view .LVU11
  56              		.loc 1 83 34 is_stmt 0 view .LVU12
  57 000c 0488     		ldrh	r4, [r0]
  58              	.LVL4:
  59              		.loc 1 83 51 view .LVU13
  60 000e 4088     		ldrh	r0, [r0, #2]
  61              	.LVL5:
  62              		.loc 1 83 16 view .LVU14
  63 0010 00FB04F4 		mul	r4, r0, r4
  64              	.LVL6:
  84:Drivers/CMSIS/DSP/Source/MatrixFunctions/arm_mat_sub_q15.c **** 
  85:Drivers/CMSIS/DSP/Source/MatrixFunctions/arm_mat_sub_q15.c **** #if defined (ARM_MATH_DSP)
  86:Drivers/CMSIS/DSP/Source/MatrixFunctions/arm_mat_sub_q15.c **** 
  87:Drivers/CMSIS/DSP/Source/MatrixFunctions/arm_mat_sub_q15.c ****     /* Run the below code for Cortex-M4 and Cortex-M3 */
  88:Drivers/CMSIS/DSP/Source/MatrixFunctions/arm_mat_sub_q15.c **** 
  89:Drivers/CMSIS/DSP/Source/MatrixFunctions/arm_mat_sub_q15.c ****     /* Apply loop unrolling */
  90:Drivers/CMSIS/DSP/Source/MatrixFunctions/arm_mat_sub_q15.c ****     blkCnt = numSamples >> 2U;
  91:Drivers/CMSIS/DSP/Source/MatrixFunctions/arm_mat_sub_q15.c **** 
  92:Drivers/CMSIS/DSP/Source/MatrixFunctions/arm_mat_sub_q15.c ****     /* First part of the processing with loop unrolling.  Compute 4 outputs at a time.
  93:Drivers/CMSIS/DSP/Source/MatrixFunctions/arm_mat_sub_q15.c ****      ** a second loop below computes the remaining 1 to 3 samples. */
  94:Drivers/CMSIS/DSP/Source/MatrixFunctions/arm_mat_sub_q15.c ****     while (blkCnt > 0U)
  95:Drivers/CMSIS/DSP/Source/MatrixFunctions/arm_mat_sub_q15.c ****     {
  96:Drivers/CMSIS/DSP/Source/MatrixFunctions/arm_mat_sub_q15.c ****       /* C(m,n) = A(m,n) - B(m,n) */
  97:Drivers/CMSIS/DSP/Source/MatrixFunctions/arm_mat_sub_q15.c ****       /* Subtract, Saturate and then store the results in the destination buffer. */
  98:Drivers/CMSIS/DSP/Source/MatrixFunctions/arm_mat_sub_q15.c ****       *__SIMD32(pOut)++ = __QSUB16(*__SIMD32(pInA)++, *__SIMD32(pInB)++);
  99:Drivers/CMSIS/DSP/Source/MatrixFunctions/arm_mat_sub_q15.c ****       *__SIMD32(pOut)++ = __QSUB16(*__SIMD32(pInA)++, *__SIMD32(pInB)++);
 100:Drivers/CMSIS/DSP/Source/MatrixFunctions/arm_mat_sub_q15.c **** 
 101:Drivers/CMSIS/DSP/Source/MatrixFunctions/arm_mat_sub_q15.c ****       /* Decrement the loop counter */
 102:Drivers/CMSIS/DSP/Source/MatrixFunctions/arm_mat_sub_q15.c ****       blkCnt--;
 103:Drivers/CMSIS/DSP/Source/MatrixFunctions/arm_mat_sub_q15.c ****     }
 104:Drivers/CMSIS/DSP/Source/MatrixFunctions/arm_mat_sub_q15.c **** 
 105:Drivers/CMSIS/DSP/Source/MatrixFunctions/arm_mat_sub_q15.c ****     /* If the blockSize is not a multiple of 4, compute any remaining output samples here.
 106:Drivers/CMSIS/DSP/Source/MatrixFunctions/arm_mat_sub_q15.c ****      ** No loop unrolling is used. */
 107:Drivers/CMSIS/DSP/Source/MatrixFunctions/arm_mat_sub_q15.c ****     blkCnt = numSamples % 0x4U;
 108:Drivers/CMSIS/DSP/Source/MatrixFunctions/arm_mat_sub_q15.c **** 
ARM GAS  C:\Users\Lamp\AppData\Local\Temp\ccq93FHG.s 			page 4


 109:Drivers/CMSIS/DSP/Source/MatrixFunctions/arm_mat_sub_q15.c ****     while (blkCnt > 0U)
 110:Drivers/CMSIS/DSP/Source/MatrixFunctions/arm_mat_sub_q15.c ****     {
 111:Drivers/CMSIS/DSP/Source/MatrixFunctions/arm_mat_sub_q15.c ****       /* C(m,n) = A(m,n) - B(m,n) */
 112:Drivers/CMSIS/DSP/Source/MatrixFunctions/arm_mat_sub_q15.c ****       /* Subtract and then store the results in the destination buffer. */
 113:Drivers/CMSIS/DSP/Source/MatrixFunctions/arm_mat_sub_q15.c ****       *pOut++ = (q15_t) __QSUB16(*pInA++, *pInB++);
 114:Drivers/CMSIS/DSP/Source/MatrixFunctions/arm_mat_sub_q15.c **** 
 115:Drivers/CMSIS/DSP/Source/MatrixFunctions/arm_mat_sub_q15.c ****       /* Decrement the loop counter */
 116:Drivers/CMSIS/DSP/Source/MatrixFunctions/arm_mat_sub_q15.c ****       blkCnt--;
 117:Drivers/CMSIS/DSP/Source/MatrixFunctions/arm_mat_sub_q15.c ****     }
 118:Drivers/CMSIS/DSP/Source/MatrixFunctions/arm_mat_sub_q15.c **** 
 119:Drivers/CMSIS/DSP/Source/MatrixFunctions/arm_mat_sub_q15.c **** #else
 120:Drivers/CMSIS/DSP/Source/MatrixFunctions/arm_mat_sub_q15.c **** 
 121:Drivers/CMSIS/DSP/Source/MatrixFunctions/arm_mat_sub_q15.c ****     /* Run the below code for Cortex-M0 */
 122:Drivers/CMSIS/DSP/Source/MatrixFunctions/arm_mat_sub_q15.c **** 
 123:Drivers/CMSIS/DSP/Source/MatrixFunctions/arm_mat_sub_q15.c ****     /* Initialize blkCnt with number of samples */
 124:Drivers/CMSIS/DSP/Source/MatrixFunctions/arm_mat_sub_q15.c ****     blkCnt = numSamples;
  65              		.loc 1 124 5 is_stmt 1 view .LVU15
 125:Drivers/CMSIS/DSP/Source/MatrixFunctions/arm_mat_sub_q15.c **** 
 126:Drivers/CMSIS/DSP/Source/MatrixFunctions/arm_mat_sub_q15.c ****     while (blkCnt > 0U)
  66              		.loc 1 126 5 view .LVU16
  67              		.loc 1 126 11 is_stmt 0 view .LVU17
  68 0014 0AE0     		b	.L2
  69              	.LVL7:
  70              	.L3:
 127:Drivers/CMSIS/DSP/Source/MatrixFunctions/arm_mat_sub_q15.c ****     {
 128:Drivers/CMSIS/DSP/Source/MatrixFunctions/arm_mat_sub_q15.c ****       /* C(m,n) = A(m,n) - B(m,n) */
 129:Drivers/CMSIS/DSP/Source/MatrixFunctions/arm_mat_sub_q15.c ****       /* Subtract and then store the results in the destination buffer. */
 130:Drivers/CMSIS/DSP/Source/MatrixFunctions/arm_mat_sub_q15.c ****       *pOut++ = (q15_t) __SSAT(((q31_t) * pInA++ - *pInB++), 16);
  71              		.loc 1 130 7 is_stmt 1 view .LVU18
  72              	.LBB2:
  73              		.loc 1 130 25 view .LVU19
  74              		.loc 1 130 25 is_stmt 0 view .LVU20
  75 0016 31F9020B 		ldrsh	r0, [r1], #2
  76              	.LVL8:
  77              		.loc 1 130 25 view .LVU21
  78 001a 32F902CB 		ldrsh	ip, [r2], #2
  79              	.LVL9:
  80              		.loc 1 130 25 view .LVU22
  81 001e A0EB0C00 		sub	r0, r0, ip
  82              	.LVL10:
  83              		.loc 1 130 25 is_stmt 1 view .LVU23
  84              		.syntax unified
  85              	@ 130 "Drivers/CMSIS/DSP/Source/MatrixFunctions/arm_mat_sub_q15.c" 1
  86 0022 00F30F00 		ssat r0, #16, r0
  87              	@ 0 "" 2
  88              	.LVL11:
  89              		.loc 1 130 25 view .LVU24
  90              		.loc 1 130 25 is_stmt 0 view .LVU25
  91              		.thumb
  92              		.syntax unified
  93              	.LBE2:
  94              		.loc 1 130 15 view .LVU26
  95 0026 23F8020B 		strh	r0, [r3], #2	@ movhi
  96              	.LVL12:
 131:Drivers/CMSIS/DSP/Source/MatrixFunctions/arm_mat_sub_q15.c **** 
 132:Drivers/CMSIS/DSP/Source/MatrixFunctions/arm_mat_sub_q15.c ****       /* Decrement the loop counter */
 133:Drivers/CMSIS/DSP/Source/MatrixFunctions/arm_mat_sub_q15.c ****       blkCnt--;
ARM GAS  C:\Users\Lamp\AppData\Local\Temp\ccq93FHG.s 			page 5


  97              		.loc 1 133 7 is_stmt 1 view .LVU27
  98              		.loc 1 133 13 is_stmt 0 view .LVU28
  99 002a 013C     		subs	r4, r4, #1
 100              	.LVL13:
 101              	.L2:
 126:Drivers/CMSIS/DSP/Source/MatrixFunctions/arm_mat_sub_q15.c ****     {
 102              		.loc 1 126 19 is_stmt 1 view .LVU29
 103 002c 002C     		cmp	r4, #0
 104 002e F2D1     		bne	.L3
 134:Drivers/CMSIS/DSP/Source/MatrixFunctions/arm_mat_sub_q15.c ****     }
 135:Drivers/CMSIS/DSP/Source/MatrixFunctions/arm_mat_sub_q15.c **** 
 136:Drivers/CMSIS/DSP/Source/MatrixFunctions/arm_mat_sub_q15.c **** #endif /* #if defined (ARM_MATH_DSP) */
 137:Drivers/CMSIS/DSP/Source/MatrixFunctions/arm_mat_sub_q15.c **** 
 138:Drivers/CMSIS/DSP/Source/MatrixFunctions/arm_mat_sub_q15.c ****     /* Set status as ARM_MATH_SUCCESS */
 139:Drivers/CMSIS/DSP/Source/MatrixFunctions/arm_mat_sub_q15.c ****     status = ARM_MATH_SUCCESS;
 105              		.loc 1 139 5 view .LVU30
 106              	.LVL14:
 140:Drivers/CMSIS/DSP/Source/MatrixFunctions/arm_mat_sub_q15.c ****   }
 141:Drivers/CMSIS/DSP/Source/MatrixFunctions/arm_mat_sub_q15.c **** 
 142:Drivers/CMSIS/DSP/Source/MatrixFunctions/arm_mat_sub_q15.c ****   /* Return to application */
 143:Drivers/CMSIS/DSP/Source/MatrixFunctions/arm_mat_sub_q15.c ****   return (status);
 107              		.loc 1 143 3 view .LVU31
 144:Drivers/CMSIS/DSP/Source/MatrixFunctions/arm_mat_sub_q15.c **** }
 108              		.loc 1 144 1 is_stmt 0 view .LVU32
 109 0030 0020     		movs	r0, #0
 110 0032 10BC     		pop	{r4}
 111              	.LCFI1:
 112              		.cfi_restore 4
 113              		.cfi_def_cfa_offset 0
 114              	.LVL15:
 115              		.loc 1 144 1 view .LVU33
 116 0034 7047     		bx	lr
 117              		.cfi_endproc
 118              	.LFE100:
 120              		.text
 121              	.Letext0:
 122              		.file 2 "C:/ARM GNU Toolchain/arm-none-eabi/include/machine/_default_types.h"
 123              		.file 3 "C:/ARM GNU Toolchain/arm-none-eabi/include/sys/_stdint.h"
 124              		.file 4 "Drivers/CMSIS/DSP/Include/arm_math.h"
ARM GAS  C:\Users\Lamp\AppData\Local\Temp\ccq93FHG.s 			page 6


DEFINED SYMBOLS
                            *ABS*:00000000 arm_mat_sub_q15.c
C:\Users\Lamp\AppData\Local\Temp\ccq93FHG.s:19     .text.arm_mat_sub_q15:00000000 $t
C:\Users\Lamp\AppData\Local\Temp\ccq93FHG.s:25     .text.arm_mat_sub_q15:00000000 arm_mat_sub_q15

NO UNDEFINED SYMBOLS
