ARM GAS  C:\Users\Lamp\AppData\Local\Temp\ccaFssou.s 			page 1


   1              		.cpu cortex-m3
   2              		.arch armv7-m
   3              		.fpu softvfp
   4              		.eabi_attribute 20, 1
   5              		.eabi_attribute 21, 1
   6              		.eabi_attribute 23, 3
   7              		.eabi_attribute 24, 1
   8              		.eabi_attribute 25, 1
   9              		.eabi_attribute 26, 1
  10              		.eabi_attribute 30, 1
  11              		.eabi_attribute 34, 1
  12              		.eabi_attribute 18, 4
  13              		.file	"arm_mat_scale_q31.c"
  14              		.text
  15              	.Ltext0:
  16              		.cfi_sections	.debug_frame
  17              		.file 1 "Drivers/CMSIS/DSP/Source/MatrixFunctions/arm_mat_scale_q31.c"
  18              		.section	.text.arm_mat_scale_q31,"ax",%progbits
  19              		.align	1
  20              		.global	arm_mat_scale_q31
  21              		.syntax unified
  22              		.thumb
  23              		.thumb_func
  25              	arm_mat_scale_q31:
  26              	.LVL0:
  27              	.LFB100:
   1:Drivers/CMSIS/DSP/Source/MatrixFunctions/arm_mat_scale_q31.c **** /* ----------------------------------------------------------------------
   2:Drivers/CMSIS/DSP/Source/MatrixFunctions/arm_mat_scale_q31.c ****  * Project:      CMSIS DSP Library
   3:Drivers/CMSIS/DSP/Source/MatrixFunctions/arm_mat_scale_q31.c ****  * Title:        arm_mat_scale_q31.c
   4:Drivers/CMSIS/DSP/Source/MatrixFunctions/arm_mat_scale_q31.c ****  * Description:  Multiplies a Q31 matrix by a scalar
   5:Drivers/CMSIS/DSP/Source/MatrixFunctions/arm_mat_scale_q31.c ****  *
   6:Drivers/CMSIS/DSP/Source/MatrixFunctions/arm_mat_scale_q31.c ****  * $Date:        27. January 2017
   7:Drivers/CMSIS/DSP/Source/MatrixFunctions/arm_mat_scale_q31.c ****  * $Revision:    V.1.5.1
   8:Drivers/CMSIS/DSP/Source/MatrixFunctions/arm_mat_scale_q31.c ****  *
   9:Drivers/CMSIS/DSP/Source/MatrixFunctions/arm_mat_scale_q31.c ****  * Target Processor: Cortex-M cores
  10:Drivers/CMSIS/DSP/Source/MatrixFunctions/arm_mat_scale_q31.c ****  * -------------------------------------------------------------------- */
  11:Drivers/CMSIS/DSP/Source/MatrixFunctions/arm_mat_scale_q31.c **** /*
  12:Drivers/CMSIS/DSP/Source/MatrixFunctions/arm_mat_scale_q31.c ****  * Copyright (C) 2010-2017 ARM Limited or its affiliates. All rights reserved.
  13:Drivers/CMSIS/DSP/Source/MatrixFunctions/arm_mat_scale_q31.c ****  *
  14:Drivers/CMSIS/DSP/Source/MatrixFunctions/arm_mat_scale_q31.c ****  * SPDX-License-Identifier: Apache-2.0
  15:Drivers/CMSIS/DSP/Source/MatrixFunctions/arm_mat_scale_q31.c ****  *
  16:Drivers/CMSIS/DSP/Source/MatrixFunctions/arm_mat_scale_q31.c ****  * Licensed under the Apache License, Version 2.0 (the License); you may
  17:Drivers/CMSIS/DSP/Source/MatrixFunctions/arm_mat_scale_q31.c ****  * not use this file except in compliance with the License.
  18:Drivers/CMSIS/DSP/Source/MatrixFunctions/arm_mat_scale_q31.c ****  * You may obtain a copy of the License at
  19:Drivers/CMSIS/DSP/Source/MatrixFunctions/arm_mat_scale_q31.c ****  *
  20:Drivers/CMSIS/DSP/Source/MatrixFunctions/arm_mat_scale_q31.c ****  * www.apache.org/licenses/LICENSE-2.0
  21:Drivers/CMSIS/DSP/Source/MatrixFunctions/arm_mat_scale_q31.c ****  *
  22:Drivers/CMSIS/DSP/Source/MatrixFunctions/arm_mat_scale_q31.c ****  * Unless required by applicable law or agreed to in writing, software
  23:Drivers/CMSIS/DSP/Source/MatrixFunctions/arm_mat_scale_q31.c ****  * distributed under the License is distributed on an AS IS BASIS, WITHOUT
  24:Drivers/CMSIS/DSP/Source/MatrixFunctions/arm_mat_scale_q31.c ****  * WARRANTIES OR CONDITIONS OF ANY KIND, either express or implied.
  25:Drivers/CMSIS/DSP/Source/MatrixFunctions/arm_mat_scale_q31.c ****  * See the License for the specific language governing permissions and
  26:Drivers/CMSIS/DSP/Source/MatrixFunctions/arm_mat_scale_q31.c ****  * limitations under the License.
  27:Drivers/CMSIS/DSP/Source/MatrixFunctions/arm_mat_scale_q31.c ****  */
  28:Drivers/CMSIS/DSP/Source/MatrixFunctions/arm_mat_scale_q31.c **** 
  29:Drivers/CMSIS/DSP/Source/MatrixFunctions/arm_mat_scale_q31.c **** #include "arm_math.h"
  30:Drivers/CMSIS/DSP/Source/MatrixFunctions/arm_mat_scale_q31.c **** 
  31:Drivers/CMSIS/DSP/Source/MatrixFunctions/arm_mat_scale_q31.c **** /**
ARM GAS  C:\Users\Lamp\AppData\Local\Temp\ccaFssou.s 			page 2


  32:Drivers/CMSIS/DSP/Source/MatrixFunctions/arm_mat_scale_q31.c ****  * @ingroup groupMatrix
  33:Drivers/CMSIS/DSP/Source/MatrixFunctions/arm_mat_scale_q31.c ****  */
  34:Drivers/CMSIS/DSP/Source/MatrixFunctions/arm_mat_scale_q31.c **** 
  35:Drivers/CMSIS/DSP/Source/MatrixFunctions/arm_mat_scale_q31.c **** /**
  36:Drivers/CMSIS/DSP/Source/MatrixFunctions/arm_mat_scale_q31.c ****  * @addtogroup MatrixScale
  37:Drivers/CMSIS/DSP/Source/MatrixFunctions/arm_mat_scale_q31.c ****  * @{
  38:Drivers/CMSIS/DSP/Source/MatrixFunctions/arm_mat_scale_q31.c ****  */
  39:Drivers/CMSIS/DSP/Source/MatrixFunctions/arm_mat_scale_q31.c **** 
  40:Drivers/CMSIS/DSP/Source/MatrixFunctions/arm_mat_scale_q31.c **** /**
  41:Drivers/CMSIS/DSP/Source/MatrixFunctions/arm_mat_scale_q31.c ****  * @brief Q31 matrix scaling.
  42:Drivers/CMSIS/DSP/Source/MatrixFunctions/arm_mat_scale_q31.c ****  * @param[in]       *pSrc points to input matrix
  43:Drivers/CMSIS/DSP/Source/MatrixFunctions/arm_mat_scale_q31.c ****  * @param[in]       scaleFract fractional portion of the scale factor
  44:Drivers/CMSIS/DSP/Source/MatrixFunctions/arm_mat_scale_q31.c ****  * @param[in]       shift number of bits to shift the result by
  45:Drivers/CMSIS/DSP/Source/MatrixFunctions/arm_mat_scale_q31.c ****  * @param[out]      *pDst points to output matrix structure
  46:Drivers/CMSIS/DSP/Source/MatrixFunctions/arm_mat_scale_q31.c ****  * @return     		The function returns either
  47:Drivers/CMSIS/DSP/Source/MatrixFunctions/arm_mat_scale_q31.c ****  * <code>ARM_MATH_SIZE_MISMATCH</code> or <code>ARM_MATH_SUCCESS</code> based on the outcome of siz
  48:Drivers/CMSIS/DSP/Source/MatrixFunctions/arm_mat_scale_q31.c ****  *
  49:Drivers/CMSIS/DSP/Source/MatrixFunctions/arm_mat_scale_q31.c ****  * @details
  50:Drivers/CMSIS/DSP/Source/MatrixFunctions/arm_mat_scale_q31.c ****  * <b>Scaling and Overflow Behavior:</b>
  51:Drivers/CMSIS/DSP/Source/MatrixFunctions/arm_mat_scale_q31.c ****  * \par
  52:Drivers/CMSIS/DSP/Source/MatrixFunctions/arm_mat_scale_q31.c ****  * The input data <code>*pSrc</code> and <code>scaleFract</code> are in 1.31 format.
  53:Drivers/CMSIS/DSP/Source/MatrixFunctions/arm_mat_scale_q31.c ****  * These are multiplied to yield a 2.62 intermediate result and this is shifted with saturation to 
  54:Drivers/CMSIS/DSP/Source/MatrixFunctions/arm_mat_scale_q31.c ****  */
  55:Drivers/CMSIS/DSP/Source/MatrixFunctions/arm_mat_scale_q31.c **** 
  56:Drivers/CMSIS/DSP/Source/MatrixFunctions/arm_mat_scale_q31.c **** arm_status arm_mat_scale_q31(
  57:Drivers/CMSIS/DSP/Source/MatrixFunctions/arm_mat_scale_q31.c ****   const arm_matrix_instance_q31 * pSrc,
  58:Drivers/CMSIS/DSP/Source/MatrixFunctions/arm_mat_scale_q31.c ****   q31_t scaleFract,
  59:Drivers/CMSIS/DSP/Source/MatrixFunctions/arm_mat_scale_q31.c ****   int32_t shift,
  60:Drivers/CMSIS/DSP/Source/MatrixFunctions/arm_mat_scale_q31.c ****   arm_matrix_instance_q31 * pDst)
  61:Drivers/CMSIS/DSP/Source/MatrixFunctions/arm_mat_scale_q31.c **** {
  28              		.loc 1 61 1 view -0
  29              		.cfi_startproc
  30              		@ args = 0, pretend = 0, frame = 0
  31              		@ frame_needed = 0, uses_anonymous_args = 0
  32              		.loc 1 61 1 is_stmt 0 view .LVU1
  33 0000 30B5     		push	{r4, r5, lr}
  34              	.LCFI0:
  35              		.cfi_def_cfa_offset 12
  36              		.cfi_offset 4, -12
  37              		.cfi_offset 5, -8
  38              		.cfi_offset 14, -4
  62:Drivers/CMSIS/DSP/Source/MatrixFunctions/arm_mat_scale_q31.c ****   q31_t *pIn = pSrc->pData;                      /* input data matrix pointer */
  39              		.loc 1 62 3 is_stmt 1 view .LVU2
  40              		.loc 1 62 10 is_stmt 0 view .LVU3
  41 0002 4468     		ldr	r4, [r0, #4]
  42              	.LVL1:
  63:Drivers/CMSIS/DSP/Source/MatrixFunctions/arm_mat_scale_q31.c ****   q31_t *pOut = pDst->pData;                     /* output data matrix pointer */
  43              		.loc 1 63 3 is_stmt 1 view .LVU4
  44              		.loc 1 63 10 is_stmt 0 view .LVU5
  45 0004 5D68     		ldr	r5, [r3, #4]
  46              	.LVL2:
  64:Drivers/CMSIS/DSP/Source/MatrixFunctions/arm_mat_scale_q31.c ****   uint32_t numSamples;                           /* total number of elements in the matrix */
  47              		.loc 1 64 3 is_stmt 1 view .LVU6
  65:Drivers/CMSIS/DSP/Source/MatrixFunctions/arm_mat_scale_q31.c ****   int32_t totShift = shift + 1;                  /* shift to apply after scaling */
  48              		.loc 1 65 3 view .LVU7
  49              		.loc 1 65 11 is_stmt 0 view .LVU8
  50 0006 02F1010C 		add	ip, r2, #1
ARM GAS  C:\Users\Lamp\AppData\Local\Temp\ccaFssou.s 			page 3


  51              	.LVL3:
  66:Drivers/CMSIS/DSP/Source/MatrixFunctions/arm_mat_scale_q31.c ****   uint32_t blkCnt;                               /* loop counters  */
  52              		.loc 1 66 3 is_stmt 1 view .LVU9
  67:Drivers/CMSIS/DSP/Source/MatrixFunctions/arm_mat_scale_q31.c ****   arm_status status;                             /* status of matrix scaling      */
  53              		.loc 1 67 3 view .LVU10
  68:Drivers/CMSIS/DSP/Source/MatrixFunctions/arm_mat_scale_q31.c ****   q31_t in1, in2, out1;                          /* temporary variabels */
  54              		.loc 1 68 3 view .LVU11
  69:Drivers/CMSIS/DSP/Source/MatrixFunctions/arm_mat_scale_q31.c **** 
  70:Drivers/CMSIS/DSP/Source/MatrixFunctions/arm_mat_scale_q31.c **** #if defined (ARM_MATH_DSP)
  71:Drivers/CMSIS/DSP/Source/MatrixFunctions/arm_mat_scale_q31.c **** 
  72:Drivers/CMSIS/DSP/Source/MatrixFunctions/arm_mat_scale_q31.c ****   q31_t in3, in4, out2, out3, out4;              /* temporary variables */
  73:Drivers/CMSIS/DSP/Source/MatrixFunctions/arm_mat_scale_q31.c **** 
  74:Drivers/CMSIS/DSP/Source/MatrixFunctions/arm_mat_scale_q31.c **** #endif //      #ifndef ARM_MAT_CM0
  75:Drivers/CMSIS/DSP/Source/MatrixFunctions/arm_mat_scale_q31.c **** 
  76:Drivers/CMSIS/DSP/Source/MatrixFunctions/arm_mat_scale_q31.c **** #ifdef ARM_MATH_MATRIX_CHECK
  77:Drivers/CMSIS/DSP/Source/MatrixFunctions/arm_mat_scale_q31.c ****   /* Check for matrix mismatch  */
  78:Drivers/CMSIS/DSP/Source/MatrixFunctions/arm_mat_scale_q31.c ****   if ((pSrc->numRows != pDst->numRows) || (pSrc->numCols != pDst->numCols))
  79:Drivers/CMSIS/DSP/Source/MatrixFunctions/arm_mat_scale_q31.c ****   {
  80:Drivers/CMSIS/DSP/Source/MatrixFunctions/arm_mat_scale_q31.c ****     /* Set status as ARM_MATH_SIZE_MISMATCH */
  81:Drivers/CMSIS/DSP/Source/MatrixFunctions/arm_mat_scale_q31.c ****     status = ARM_MATH_SIZE_MISMATCH;
  82:Drivers/CMSIS/DSP/Source/MatrixFunctions/arm_mat_scale_q31.c ****   }
  83:Drivers/CMSIS/DSP/Source/MatrixFunctions/arm_mat_scale_q31.c ****   else
  84:Drivers/CMSIS/DSP/Source/MatrixFunctions/arm_mat_scale_q31.c **** #endif //    #ifdef ARM_MATH_MATRIX_CHECK
  85:Drivers/CMSIS/DSP/Source/MatrixFunctions/arm_mat_scale_q31.c ****   {
  86:Drivers/CMSIS/DSP/Source/MatrixFunctions/arm_mat_scale_q31.c ****     /* Total number of samples in the input matrix */
  87:Drivers/CMSIS/DSP/Source/MatrixFunctions/arm_mat_scale_q31.c ****     numSamples = (uint32_t) pSrc->numRows * pSrc->numCols;
  55              		.loc 1 87 5 view .LVU12
  56              		.loc 1 87 33 is_stmt 0 view .LVU13
  57 000a 0288     		ldrh	r2, [r0]
  58              	.LVL4:
  59              		.loc 1 87 49 view .LVU14
  60 000c 4388     		ldrh	r3, [r0, #2]
  61              	.LVL5:
  62              		.loc 1 87 16 view .LVU15
  63 000e 03FB02F2 		mul	r2, r3, r2
  64              	.LVL6:
  88:Drivers/CMSIS/DSP/Source/MatrixFunctions/arm_mat_scale_q31.c **** 
  89:Drivers/CMSIS/DSP/Source/MatrixFunctions/arm_mat_scale_q31.c **** #if defined (ARM_MATH_DSP)
  90:Drivers/CMSIS/DSP/Source/MatrixFunctions/arm_mat_scale_q31.c **** 
  91:Drivers/CMSIS/DSP/Source/MatrixFunctions/arm_mat_scale_q31.c ****     /* Run the below code for Cortex-M4 and Cortex-M3 */
  92:Drivers/CMSIS/DSP/Source/MatrixFunctions/arm_mat_scale_q31.c **** 
  93:Drivers/CMSIS/DSP/Source/MatrixFunctions/arm_mat_scale_q31.c ****     /* Loop Unrolling */
  94:Drivers/CMSIS/DSP/Source/MatrixFunctions/arm_mat_scale_q31.c ****     blkCnt = numSamples >> 2U;
  95:Drivers/CMSIS/DSP/Source/MatrixFunctions/arm_mat_scale_q31.c **** 
  96:Drivers/CMSIS/DSP/Source/MatrixFunctions/arm_mat_scale_q31.c ****     /* First part of the processing with loop unrolling.  Compute 4 outputs at a time.
  97:Drivers/CMSIS/DSP/Source/MatrixFunctions/arm_mat_scale_q31.c ****      ** a second loop below computes the remaining 1 to 3 samples. */
  98:Drivers/CMSIS/DSP/Source/MatrixFunctions/arm_mat_scale_q31.c ****     while (blkCnt > 0U)
  99:Drivers/CMSIS/DSP/Source/MatrixFunctions/arm_mat_scale_q31.c ****     {
 100:Drivers/CMSIS/DSP/Source/MatrixFunctions/arm_mat_scale_q31.c ****       /* C(m,n) = A(m,n) * k */
 101:Drivers/CMSIS/DSP/Source/MatrixFunctions/arm_mat_scale_q31.c ****       /* Read values from input */
 102:Drivers/CMSIS/DSP/Source/MatrixFunctions/arm_mat_scale_q31.c ****       in1 = *pIn;
 103:Drivers/CMSIS/DSP/Source/MatrixFunctions/arm_mat_scale_q31.c ****       in2 = *(pIn + 1);
 104:Drivers/CMSIS/DSP/Source/MatrixFunctions/arm_mat_scale_q31.c ****       in3 = *(pIn + 2);
 105:Drivers/CMSIS/DSP/Source/MatrixFunctions/arm_mat_scale_q31.c ****       in4 = *(pIn + 3);
 106:Drivers/CMSIS/DSP/Source/MatrixFunctions/arm_mat_scale_q31.c **** 
 107:Drivers/CMSIS/DSP/Source/MatrixFunctions/arm_mat_scale_q31.c ****       /* multiply input with scaler value */
 108:Drivers/CMSIS/DSP/Source/MatrixFunctions/arm_mat_scale_q31.c ****       in1 = ((q63_t) in1 * scaleFract) >> 32;
ARM GAS  C:\Users\Lamp\AppData\Local\Temp\ccaFssou.s 			page 4


 109:Drivers/CMSIS/DSP/Source/MatrixFunctions/arm_mat_scale_q31.c ****       in2 = ((q63_t) in2 * scaleFract) >> 32;
 110:Drivers/CMSIS/DSP/Source/MatrixFunctions/arm_mat_scale_q31.c ****       in3 = ((q63_t) in3 * scaleFract) >> 32;
 111:Drivers/CMSIS/DSP/Source/MatrixFunctions/arm_mat_scale_q31.c ****       in4 = ((q63_t) in4 * scaleFract) >> 32;
 112:Drivers/CMSIS/DSP/Source/MatrixFunctions/arm_mat_scale_q31.c **** 
 113:Drivers/CMSIS/DSP/Source/MatrixFunctions/arm_mat_scale_q31.c ****       /* apply shifting */
 114:Drivers/CMSIS/DSP/Source/MatrixFunctions/arm_mat_scale_q31.c ****       out1 = in1 << totShift;
 115:Drivers/CMSIS/DSP/Source/MatrixFunctions/arm_mat_scale_q31.c ****       out2 = in2 << totShift;
 116:Drivers/CMSIS/DSP/Source/MatrixFunctions/arm_mat_scale_q31.c **** 
 117:Drivers/CMSIS/DSP/Source/MatrixFunctions/arm_mat_scale_q31.c ****       /* saturate the results. */
 118:Drivers/CMSIS/DSP/Source/MatrixFunctions/arm_mat_scale_q31.c ****       if (in1 != (out1 >> totShift))
 119:Drivers/CMSIS/DSP/Source/MatrixFunctions/arm_mat_scale_q31.c ****         out1 = 0x7FFFFFFF ^ (in1 >> 31);
 120:Drivers/CMSIS/DSP/Source/MatrixFunctions/arm_mat_scale_q31.c **** 
 121:Drivers/CMSIS/DSP/Source/MatrixFunctions/arm_mat_scale_q31.c ****       if (in2 != (out2 >> totShift))
 122:Drivers/CMSIS/DSP/Source/MatrixFunctions/arm_mat_scale_q31.c ****         out2 = 0x7FFFFFFF ^ (in2 >> 31);
 123:Drivers/CMSIS/DSP/Source/MatrixFunctions/arm_mat_scale_q31.c **** 
 124:Drivers/CMSIS/DSP/Source/MatrixFunctions/arm_mat_scale_q31.c ****       out3 = in3 << totShift;
 125:Drivers/CMSIS/DSP/Source/MatrixFunctions/arm_mat_scale_q31.c ****       out4 = in4 << totShift;
 126:Drivers/CMSIS/DSP/Source/MatrixFunctions/arm_mat_scale_q31.c **** 
 127:Drivers/CMSIS/DSP/Source/MatrixFunctions/arm_mat_scale_q31.c ****       *pOut = out1;
 128:Drivers/CMSIS/DSP/Source/MatrixFunctions/arm_mat_scale_q31.c ****       *(pOut + 1) = out2;
 129:Drivers/CMSIS/DSP/Source/MatrixFunctions/arm_mat_scale_q31.c **** 
 130:Drivers/CMSIS/DSP/Source/MatrixFunctions/arm_mat_scale_q31.c ****       if (in3 != (out3 >> totShift))
 131:Drivers/CMSIS/DSP/Source/MatrixFunctions/arm_mat_scale_q31.c ****         out3 = 0x7FFFFFFF ^ (in3 >> 31);
 132:Drivers/CMSIS/DSP/Source/MatrixFunctions/arm_mat_scale_q31.c **** 
 133:Drivers/CMSIS/DSP/Source/MatrixFunctions/arm_mat_scale_q31.c ****       if (in4 != (out4 >> totShift))
 134:Drivers/CMSIS/DSP/Source/MatrixFunctions/arm_mat_scale_q31.c ****         out4 = 0x7FFFFFFF ^ (in4 >> 31);
 135:Drivers/CMSIS/DSP/Source/MatrixFunctions/arm_mat_scale_q31.c **** 
 136:Drivers/CMSIS/DSP/Source/MatrixFunctions/arm_mat_scale_q31.c **** 
 137:Drivers/CMSIS/DSP/Source/MatrixFunctions/arm_mat_scale_q31.c ****       *(pOut + 2) = out3;
 138:Drivers/CMSIS/DSP/Source/MatrixFunctions/arm_mat_scale_q31.c ****       *(pOut + 3) = out4;
 139:Drivers/CMSIS/DSP/Source/MatrixFunctions/arm_mat_scale_q31.c **** 
 140:Drivers/CMSIS/DSP/Source/MatrixFunctions/arm_mat_scale_q31.c ****       /* update pointers to process next sampels */
 141:Drivers/CMSIS/DSP/Source/MatrixFunctions/arm_mat_scale_q31.c ****       pIn += 4U;
 142:Drivers/CMSIS/DSP/Source/MatrixFunctions/arm_mat_scale_q31.c ****       pOut += 4U;
 143:Drivers/CMSIS/DSP/Source/MatrixFunctions/arm_mat_scale_q31.c **** 
 144:Drivers/CMSIS/DSP/Source/MatrixFunctions/arm_mat_scale_q31.c **** 
 145:Drivers/CMSIS/DSP/Source/MatrixFunctions/arm_mat_scale_q31.c ****       /* Decrement the numSamples loop counter */
 146:Drivers/CMSIS/DSP/Source/MatrixFunctions/arm_mat_scale_q31.c ****       blkCnt--;
 147:Drivers/CMSIS/DSP/Source/MatrixFunctions/arm_mat_scale_q31.c ****     }
 148:Drivers/CMSIS/DSP/Source/MatrixFunctions/arm_mat_scale_q31.c **** 
 149:Drivers/CMSIS/DSP/Source/MatrixFunctions/arm_mat_scale_q31.c ****     /* If the numSamples is not a multiple of 4, compute any remaining output samples here.
 150:Drivers/CMSIS/DSP/Source/MatrixFunctions/arm_mat_scale_q31.c ****      ** No loop unrolling is used. */
 151:Drivers/CMSIS/DSP/Source/MatrixFunctions/arm_mat_scale_q31.c ****     blkCnt = numSamples % 0x4U;
 152:Drivers/CMSIS/DSP/Source/MatrixFunctions/arm_mat_scale_q31.c **** 
 153:Drivers/CMSIS/DSP/Source/MatrixFunctions/arm_mat_scale_q31.c **** #else
 154:Drivers/CMSIS/DSP/Source/MatrixFunctions/arm_mat_scale_q31.c **** 
 155:Drivers/CMSIS/DSP/Source/MatrixFunctions/arm_mat_scale_q31.c ****     /* Run the below code for Cortex-M0 */
 156:Drivers/CMSIS/DSP/Source/MatrixFunctions/arm_mat_scale_q31.c **** 
 157:Drivers/CMSIS/DSP/Source/MatrixFunctions/arm_mat_scale_q31.c ****     /* Initialize blkCnt with number of samples */
 158:Drivers/CMSIS/DSP/Source/MatrixFunctions/arm_mat_scale_q31.c ****     blkCnt = numSamples;
  65              		.loc 1 158 5 is_stmt 1 view .LVU16
 159:Drivers/CMSIS/DSP/Source/MatrixFunctions/arm_mat_scale_q31.c **** 
 160:Drivers/CMSIS/DSP/Source/MatrixFunctions/arm_mat_scale_q31.c **** #endif /* #if defined (ARM_MATH_DSP) */
 161:Drivers/CMSIS/DSP/Source/MatrixFunctions/arm_mat_scale_q31.c **** 
 162:Drivers/CMSIS/DSP/Source/MatrixFunctions/arm_mat_scale_q31.c ****     while (blkCnt > 0U)
  66              		.loc 1 162 5 view .LVU17
  67              		.loc 1 162 11 is_stmt 0 view .LVU18
ARM GAS  C:\Users\Lamp\AppData\Local\Temp\ccaFssou.s 			page 5


  68 0012 04E0     		b	.L2
  69              	.LVL7:
  70              	.L3:
 163:Drivers/CMSIS/DSP/Source/MatrixFunctions/arm_mat_scale_q31.c ****     {
 164:Drivers/CMSIS/DSP/Source/MatrixFunctions/arm_mat_scale_q31.c ****       /* C(m,n) = A(m,n) * k */
 165:Drivers/CMSIS/DSP/Source/MatrixFunctions/arm_mat_scale_q31.c ****       /* Scale, saturate and then store the results in the destination buffer. */
 166:Drivers/CMSIS/DSP/Source/MatrixFunctions/arm_mat_scale_q31.c ****       in1 = *pIn++;
 167:Drivers/CMSIS/DSP/Source/MatrixFunctions/arm_mat_scale_q31.c **** 
 168:Drivers/CMSIS/DSP/Source/MatrixFunctions/arm_mat_scale_q31.c ****       in2 = ((q63_t) in1 * scaleFract) >> 32;
 169:Drivers/CMSIS/DSP/Source/MatrixFunctions/arm_mat_scale_q31.c **** 
 170:Drivers/CMSIS/DSP/Source/MatrixFunctions/arm_mat_scale_q31.c ****       out1 = in2 << totShift;
 171:Drivers/CMSIS/DSP/Source/MatrixFunctions/arm_mat_scale_q31.c **** 
 172:Drivers/CMSIS/DSP/Source/MatrixFunctions/arm_mat_scale_q31.c ****       if (in2 != (out1 >> totShift))
 173:Drivers/CMSIS/DSP/Source/MatrixFunctions/arm_mat_scale_q31.c ****         out1 = 0x7FFFFFFF ^ (in2 >> 31);
 174:Drivers/CMSIS/DSP/Source/MatrixFunctions/arm_mat_scale_q31.c **** 
 175:Drivers/CMSIS/DSP/Source/MatrixFunctions/arm_mat_scale_q31.c ****       *pOut++ = out1;
  71              		.loc 1 175 7 is_stmt 1 view .LVU19
  72              		.loc 1 175 12 is_stmt 0 view .LVU20
  73 0014 2B46     		mov	r3, r5
  74              	.LVL8:
  75              		.loc 1 175 15 view .LVU21
  76 0016 43F8040B 		str	r0, [r3], #4
  77              	.LVL9:
 176:Drivers/CMSIS/DSP/Source/MatrixFunctions/arm_mat_scale_q31.c **** 
 177:Drivers/CMSIS/DSP/Source/MatrixFunctions/arm_mat_scale_q31.c ****       /* Decrement the numSamples loop counter */
 178:Drivers/CMSIS/DSP/Source/MatrixFunctions/arm_mat_scale_q31.c ****       blkCnt--;
  78              		.loc 1 178 7 is_stmt 1 view .LVU22
  79              		.loc 1 178 13 is_stmt 0 view .LVU23
  80 001a 013A     		subs	r2, r2, #1
  81              	.LVL10:
 175:Drivers/CMSIS/DSP/Source/MatrixFunctions/arm_mat_scale_q31.c **** 
  82              		.loc 1 175 12 view .LVU24
  83 001c 1D46     		mov	r5, r3
  84              	.LVL11:
  85              	.L2:
 162:Drivers/CMSIS/DSP/Source/MatrixFunctions/arm_mat_scale_q31.c ****     {
  86              		.loc 1 162 19 is_stmt 1 view .LVU25
  87 001e B2B1     		cbz	r2, .L6
 166:Drivers/CMSIS/DSP/Source/MatrixFunctions/arm_mat_scale_q31.c **** 
  88              		.loc 1 166 7 view .LVU26
  89              	.LVL12:
 166:Drivers/CMSIS/DSP/Source/MatrixFunctions/arm_mat_scale_q31.c **** 
  90              		.loc 1 166 11 is_stmt 0 view .LVU27
  91 0020 54F8040B 		ldr	r0, [r4], #4
  92              	.LVL13:
 168:Drivers/CMSIS/DSP/Source/MatrixFunctions/arm_mat_scale_q31.c **** 
  93              		.loc 1 168 7 is_stmt 1 view .LVU28
 168:Drivers/CMSIS/DSP/Source/MatrixFunctions/arm_mat_scale_q31.c **** 
  94              		.loc 1 168 14 is_stmt 0 view .LVU29
  95 0024 C317     		asrs	r3, r0, #31
 168:Drivers/CMSIS/DSP/Source/MatrixFunctions/arm_mat_scale_q31.c **** 
  96              		.loc 1 168 26 view .LVU30
  97 0026 4FEAE17E 		asr	lr, r1, #31
  98 002a 01FB03F3 		mul	r3, r1, r3
  99 002e 00FB0E33 		mla	r3, r0, lr, r3
 100 0032 A1FB000E 		umull	r0, lr, r1, r0
 101              	.LVL14:
ARM GAS  C:\Users\Lamp\AppData\Local\Temp\ccaFssou.s 			page 6


 168:Drivers/CMSIS/DSP/Source/MatrixFunctions/arm_mat_scale_q31.c **** 
 102              		.loc 1 168 26 view .LVU31
 103 0036 7344     		add	r3, r3, lr
 104              	.LVL15:
 170:Drivers/CMSIS/DSP/Source/MatrixFunctions/arm_mat_scale_q31.c **** 
 105              		.loc 1 170 7 is_stmt 1 view .LVU32
 170:Drivers/CMSIS/DSP/Source/MatrixFunctions/arm_mat_scale_q31.c **** 
 106              		.loc 1 170 12 is_stmt 0 view .LVU33
 107 0038 03FA0CF0 		lsl	r0, r3, ip
 108              	.LVL16:
 172:Drivers/CMSIS/DSP/Source/MatrixFunctions/arm_mat_scale_q31.c ****         out1 = 0x7FFFFFFF ^ (in2 >> 31);
 109              		.loc 1 172 7 is_stmt 1 view .LVU34
 172:Drivers/CMSIS/DSP/Source/MatrixFunctions/arm_mat_scale_q31.c ****         out1 = 0x7FFFFFFF ^ (in2 >> 31);
 110              		.loc 1 172 24 is_stmt 0 view .LVU35
 111 003c 40FA0CFE 		asr	lr, r0, ip
 172:Drivers/CMSIS/DSP/Source/MatrixFunctions/arm_mat_scale_q31.c ****         out1 = 0x7FFFFFFF ^ (in2 >> 31);
 112              		.loc 1 172 10 view .LVU36
 113 0040 9E45     		cmp	lr, r3
 114 0042 E7D0     		beq	.L3
 173:Drivers/CMSIS/DSP/Source/MatrixFunctions/arm_mat_scale_q31.c **** 
 115              		.loc 1 173 9 is_stmt 1 view .LVU37
 173:Drivers/CMSIS/DSP/Source/MatrixFunctions/arm_mat_scale_q31.c **** 
 116              		.loc 1 173 14 is_stmt 0 view .LVU38
 117 0044 6FF00040 		mvn	r0, #-2147483648
 118              	.LVL17:
 173:Drivers/CMSIS/DSP/Source/MatrixFunctions/arm_mat_scale_q31.c **** 
 119              		.loc 1 173 14 view .LVU39
 120 0048 80EAE370 		eor	r0, r0, r3, asr #31
 121              	.LVL18:
 173:Drivers/CMSIS/DSP/Source/MatrixFunctions/arm_mat_scale_q31.c **** 
 122              		.loc 1 173 14 view .LVU40
 123 004c E2E7     		b	.L3
 124              	.LVL19:
 125              	.L6:
 179:Drivers/CMSIS/DSP/Source/MatrixFunctions/arm_mat_scale_q31.c ****     }
 180:Drivers/CMSIS/DSP/Source/MatrixFunctions/arm_mat_scale_q31.c **** 
 181:Drivers/CMSIS/DSP/Source/MatrixFunctions/arm_mat_scale_q31.c ****     /* Set status as ARM_MATH_SUCCESS */
 182:Drivers/CMSIS/DSP/Source/MatrixFunctions/arm_mat_scale_q31.c ****     status = ARM_MATH_SUCCESS;
 126              		.loc 1 182 5 is_stmt 1 view .LVU41
 183:Drivers/CMSIS/DSP/Source/MatrixFunctions/arm_mat_scale_q31.c ****   }
 184:Drivers/CMSIS/DSP/Source/MatrixFunctions/arm_mat_scale_q31.c **** 
 185:Drivers/CMSIS/DSP/Source/MatrixFunctions/arm_mat_scale_q31.c ****   /* Return to application */
 186:Drivers/CMSIS/DSP/Source/MatrixFunctions/arm_mat_scale_q31.c ****   return (status);
 127              		.loc 1 186 3 view .LVU42
 187:Drivers/CMSIS/DSP/Source/MatrixFunctions/arm_mat_scale_q31.c **** }
 128              		.loc 1 187 1 is_stmt 0 view .LVU43
 129 004e 0020     		movs	r0, #0
 130 0050 30BD     		pop	{r4, r5, pc}
 131              		.loc 1 187 1 view .LVU44
 132              		.cfi_endproc
 133              	.LFE100:
 135              		.text
 136              	.Letext0:
 137              		.file 2 "C:/ARM GNU Toolchain/arm-none-eabi/include/machine/_default_types.h"
 138              		.file 3 "C:/ARM GNU Toolchain/arm-none-eabi/include/sys/_stdint.h"
 139              		.file 4 "Drivers/CMSIS/DSP/Include/arm_math.h"
ARM GAS  C:\Users\Lamp\AppData\Local\Temp\ccaFssou.s 			page 7


DEFINED SYMBOLS
                            *ABS*:00000000 arm_mat_scale_q31.c
C:\Users\Lamp\AppData\Local\Temp\ccaFssou.s:19     .text.arm_mat_scale_q31:00000000 $t
C:\Users\Lamp\AppData\Local\Temp\ccaFssou.s:25     .text.arm_mat_scale_q31:00000000 arm_mat_scale_q31

NO UNDEFINED SYMBOLS
