ARM GAS  C:\Users\Lamp\AppData\Local\Temp\ccmfhJD8.s 			page 1


   1              		.cpu cortex-m3
   2              		.arch armv7-m
   3              		.fpu softvfp
   4              		.eabi_attribute 20, 1
   5              		.eabi_attribute 21, 1
   6              		.eabi_attribute 23, 3
   7              		.eabi_attribute 24, 1
   8              		.eabi_attribute 25, 1
   9              		.eabi_attribute 26, 1
  10              		.eabi_attribute 30, 1
  11              		.eabi_attribute 34, 1
  12              		.eabi_attribute 18, 4
  13              		.file	"arm_negate_q31.c"
  14              		.text
  15              	.Ltext0:
  16              		.cfi_sections	.debug_frame
  17              		.file 1 "Drivers/CMSIS/DSP/Source/BasicMathFunctions/arm_negate_q31.c"
  18              		.section	.text.arm_negate_q31,"ax",%progbits
  19              		.align	1
  20              		.global	arm_negate_q31
  21              		.syntax unified
  22              		.thumb
  23              		.thumb_func
  25              	arm_negate_q31:
  26              	.LVL0:
  27              	.LFB100:
   1:Drivers/CMSIS/DSP/Source/BasicMathFunctions/arm_negate_q31.c **** /* ----------------------------------------------------------------------
   2:Drivers/CMSIS/DSP/Source/BasicMathFunctions/arm_negate_q31.c ****  * Project:      CMSIS DSP Library
   3:Drivers/CMSIS/DSP/Source/BasicMathFunctions/arm_negate_q31.c ****  * Title:        arm_negate_q31.c
   4:Drivers/CMSIS/DSP/Source/BasicMathFunctions/arm_negate_q31.c ****  * Description:  Negates Q31 vectors
   5:Drivers/CMSIS/DSP/Source/BasicMathFunctions/arm_negate_q31.c ****  *
   6:Drivers/CMSIS/DSP/Source/BasicMathFunctions/arm_negate_q31.c ****  * $Date:        27. January 2017
   7:Drivers/CMSIS/DSP/Source/BasicMathFunctions/arm_negate_q31.c ****  * $Revision:    V.1.5.1
   8:Drivers/CMSIS/DSP/Source/BasicMathFunctions/arm_negate_q31.c ****  *
   9:Drivers/CMSIS/DSP/Source/BasicMathFunctions/arm_negate_q31.c ****  * Target Processor: Cortex-M cores
  10:Drivers/CMSIS/DSP/Source/BasicMathFunctions/arm_negate_q31.c ****  * -------------------------------------------------------------------- */
  11:Drivers/CMSIS/DSP/Source/BasicMathFunctions/arm_negate_q31.c **** /*
  12:Drivers/CMSIS/DSP/Source/BasicMathFunctions/arm_negate_q31.c ****  * Copyright (C) 2010-2017 ARM Limited or its affiliates. All rights reserved.
  13:Drivers/CMSIS/DSP/Source/BasicMathFunctions/arm_negate_q31.c ****  *
  14:Drivers/CMSIS/DSP/Source/BasicMathFunctions/arm_negate_q31.c ****  * SPDX-License-Identifier: Apache-2.0
  15:Drivers/CMSIS/DSP/Source/BasicMathFunctions/arm_negate_q31.c ****  *
  16:Drivers/CMSIS/DSP/Source/BasicMathFunctions/arm_negate_q31.c ****  * Licensed under the Apache License, Version 2.0 (the License); you may
  17:Drivers/CMSIS/DSP/Source/BasicMathFunctions/arm_negate_q31.c ****  * not use this file except in compliance with the License.
  18:Drivers/CMSIS/DSP/Source/BasicMathFunctions/arm_negate_q31.c ****  * You may obtain a copy of the License at
  19:Drivers/CMSIS/DSP/Source/BasicMathFunctions/arm_negate_q31.c ****  *
  20:Drivers/CMSIS/DSP/Source/BasicMathFunctions/arm_negate_q31.c ****  * www.apache.org/licenses/LICENSE-2.0
  21:Drivers/CMSIS/DSP/Source/BasicMathFunctions/arm_negate_q31.c ****  *
  22:Drivers/CMSIS/DSP/Source/BasicMathFunctions/arm_negate_q31.c ****  * Unless required by applicable law or agreed to in writing, software
  23:Drivers/CMSIS/DSP/Source/BasicMathFunctions/arm_negate_q31.c ****  * distributed under the License is distributed on an AS IS BASIS, WITHOUT
  24:Drivers/CMSIS/DSP/Source/BasicMathFunctions/arm_negate_q31.c ****  * WARRANTIES OR CONDITIONS OF ANY KIND, either express or implied.
  25:Drivers/CMSIS/DSP/Source/BasicMathFunctions/arm_negate_q31.c ****  * See the License for the specific language governing permissions and
  26:Drivers/CMSIS/DSP/Source/BasicMathFunctions/arm_negate_q31.c ****  * limitations under the License.
  27:Drivers/CMSIS/DSP/Source/BasicMathFunctions/arm_negate_q31.c ****  */
  28:Drivers/CMSIS/DSP/Source/BasicMathFunctions/arm_negate_q31.c **** 
  29:Drivers/CMSIS/DSP/Source/BasicMathFunctions/arm_negate_q31.c **** #include "arm_math.h"
  30:Drivers/CMSIS/DSP/Source/BasicMathFunctions/arm_negate_q31.c **** 
  31:Drivers/CMSIS/DSP/Source/BasicMathFunctions/arm_negate_q31.c **** /**
ARM GAS  C:\Users\Lamp\AppData\Local\Temp\ccmfhJD8.s 			page 2


  32:Drivers/CMSIS/DSP/Source/BasicMathFunctions/arm_negate_q31.c ****  * @ingroup groupMath
  33:Drivers/CMSIS/DSP/Source/BasicMathFunctions/arm_negate_q31.c ****  */
  34:Drivers/CMSIS/DSP/Source/BasicMathFunctions/arm_negate_q31.c **** 
  35:Drivers/CMSIS/DSP/Source/BasicMathFunctions/arm_negate_q31.c **** /**
  36:Drivers/CMSIS/DSP/Source/BasicMathFunctions/arm_negate_q31.c ****  * @addtogroup negate
  37:Drivers/CMSIS/DSP/Source/BasicMathFunctions/arm_negate_q31.c ****  * @{
  38:Drivers/CMSIS/DSP/Source/BasicMathFunctions/arm_negate_q31.c ****  */
  39:Drivers/CMSIS/DSP/Source/BasicMathFunctions/arm_negate_q31.c **** 
  40:Drivers/CMSIS/DSP/Source/BasicMathFunctions/arm_negate_q31.c **** /**
  41:Drivers/CMSIS/DSP/Source/BasicMathFunctions/arm_negate_q31.c ****  * @brief  Negates the elements of a Q31 vector.
  42:Drivers/CMSIS/DSP/Source/BasicMathFunctions/arm_negate_q31.c ****  * @param[in]  *pSrc points to the input vector
  43:Drivers/CMSIS/DSP/Source/BasicMathFunctions/arm_negate_q31.c ****  * @param[out]  *pDst points to the output vector
  44:Drivers/CMSIS/DSP/Source/BasicMathFunctions/arm_negate_q31.c ****  * @param[in]  blockSize number of samples in the vector
  45:Drivers/CMSIS/DSP/Source/BasicMathFunctions/arm_negate_q31.c ****  * @return none.
  46:Drivers/CMSIS/DSP/Source/BasicMathFunctions/arm_negate_q31.c ****  *
  47:Drivers/CMSIS/DSP/Source/BasicMathFunctions/arm_negate_q31.c ****  * <b>Scaling and Overflow Behavior:</b>
  48:Drivers/CMSIS/DSP/Source/BasicMathFunctions/arm_negate_q31.c ****  * \par
  49:Drivers/CMSIS/DSP/Source/BasicMathFunctions/arm_negate_q31.c ****  * The function uses saturating arithmetic.
  50:Drivers/CMSIS/DSP/Source/BasicMathFunctions/arm_negate_q31.c ****  * The Q31 value -1 (0x80000000) will be saturated to the maximum allowable positive value 0x7FFFFF
  51:Drivers/CMSIS/DSP/Source/BasicMathFunctions/arm_negate_q31.c ****  */
  52:Drivers/CMSIS/DSP/Source/BasicMathFunctions/arm_negate_q31.c **** 
  53:Drivers/CMSIS/DSP/Source/BasicMathFunctions/arm_negate_q31.c **** void arm_negate_q31(
  54:Drivers/CMSIS/DSP/Source/BasicMathFunctions/arm_negate_q31.c ****   q31_t * pSrc,
  55:Drivers/CMSIS/DSP/Source/BasicMathFunctions/arm_negate_q31.c ****   q31_t * pDst,
  56:Drivers/CMSIS/DSP/Source/BasicMathFunctions/arm_negate_q31.c ****   uint32_t blockSize)
  57:Drivers/CMSIS/DSP/Source/BasicMathFunctions/arm_negate_q31.c **** {
  28              		.loc 1 57 1 view -0
  29              		.cfi_startproc
  30              		@ args = 0, pretend = 0, frame = 0
  31              		@ frame_needed = 0, uses_anonymous_args = 0
  32              		@ link register save eliminated.
  58:Drivers/CMSIS/DSP/Source/BasicMathFunctions/arm_negate_q31.c ****   q31_t in;                                      /* Temporary variable */
  33              		.loc 1 58 3 view .LVU1
  59:Drivers/CMSIS/DSP/Source/BasicMathFunctions/arm_negate_q31.c ****   uint32_t blkCnt;                               /* loop counter */
  34              		.loc 1 59 3 view .LVU2
  60:Drivers/CMSIS/DSP/Source/BasicMathFunctions/arm_negate_q31.c **** 
  61:Drivers/CMSIS/DSP/Source/BasicMathFunctions/arm_negate_q31.c **** #if defined (ARM_MATH_DSP)
  62:Drivers/CMSIS/DSP/Source/BasicMathFunctions/arm_negate_q31.c **** 
  63:Drivers/CMSIS/DSP/Source/BasicMathFunctions/arm_negate_q31.c **** /* Run the below code for Cortex-M4 and Cortex-M3 */
  64:Drivers/CMSIS/DSP/Source/BasicMathFunctions/arm_negate_q31.c ****   q31_t in1, in2, in3, in4;
  65:Drivers/CMSIS/DSP/Source/BasicMathFunctions/arm_negate_q31.c **** 
  66:Drivers/CMSIS/DSP/Source/BasicMathFunctions/arm_negate_q31.c ****   /*loop Unrolling */
  67:Drivers/CMSIS/DSP/Source/BasicMathFunctions/arm_negate_q31.c ****   blkCnt = blockSize >> 2U;
  68:Drivers/CMSIS/DSP/Source/BasicMathFunctions/arm_negate_q31.c **** 
  69:Drivers/CMSIS/DSP/Source/BasicMathFunctions/arm_negate_q31.c ****   /* First part of the processing with loop unrolling.  Compute 4 outputs at a time.
  70:Drivers/CMSIS/DSP/Source/BasicMathFunctions/arm_negate_q31.c ****    ** a second loop below computes the remaining 1 to 3 samples. */
  71:Drivers/CMSIS/DSP/Source/BasicMathFunctions/arm_negate_q31.c ****   while (blkCnt > 0U)
  72:Drivers/CMSIS/DSP/Source/BasicMathFunctions/arm_negate_q31.c ****   {
  73:Drivers/CMSIS/DSP/Source/BasicMathFunctions/arm_negate_q31.c ****     /* C = -A */
  74:Drivers/CMSIS/DSP/Source/BasicMathFunctions/arm_negate_q31.c ****     /* Negate and then store the results in the destination buffer. */
  75:Drivers/CMSIS/DSP/Source/BasicMathFunctions/arm_negate_q31.c ****     in1 = *pSrc++;
  76:Drivers/CMSIS/DSP/Source/BasicMathFunctions/arm_negate_q31.c ****     in2 = *pSrc++;
  77:Drivers/CMSIS/DSP/Source/BasicMathFunctions/arm_negate_q31.c ****     in3 = *pSrc++;
  78:Drivers/CMSIS/DSP/Source/BasicMathFunctions/arm_negate_q31.c ****     in4 = *pSrc++;
  79:Drivers/CMSIS/DSP/Source/BasicMathFunctions/arm_negate_q31.c **** 
  80:Drivers/CMSIS/DSP/Source/BasicMathFunctions/arm_negate_q31.c ****     *pDst++ = __QSUB(0, in1);
  81:Drivers/CMSIS/DSP/Source/BasicMathFunctions/arm_negate_q31.c ****     *pDst++ = __QSUB(0, in2);
ARM GAS  C:\Users\Lamp\AppData\Local\Temp\ccmfhJD8.s 			page 3


  82:Drivers/CMSIS/DSP/Source/BasicMathFunctions/arm_negate_q31.c ****     *pDst++ = __QSUB(0, in3);
  83:Drivers/CMSIS/DSP/Source/BasicMathFunctions/arm_negate_q31.c ****     *pDst++ = __QSUB(0, in4);
  84:Drivers/CMSIS/DSP/Source/BasicMathFunctions/arm_negate_q31.c **** 
  85:Drivers/CMSIS/DSP/Source/BasicMathFunctions/arm_negate_q31.c ****     /* Decrement the loop counter */
  86:Drivers/CMSIS/DSP/Source/BasicMathFunctions/arm_negate_q31.c ****     blkCnt--;
  87:Drivers/CMSIS/DSP/Source/BasicMathFunctions/arm_negate_q31.c ****   }
  88:Drivers/CMSIS/DSP/Source/BasicMathFunctions/arm_negate_q31.c **** 
  89:Drivers/CMSIS/DSP/Source/BasicMathFunctions/arm_negate_q31.c ****   /* If the blockSize is not a multiple of 4, compute any remaining output samples here.
  90:Drivers/CMSIS/DSP/Source/BasicMathFunctions/arm_negate_q31.c ****    ** No loop unrolling is used. */
  91:Drivers/CMSIS/DSP/Source/BasicMathFunctions/arm_negate_q31.c ****   blkCnt = blockSize % 0x4U;
  92:Drivers/CMSIS/DSP/Source/BasicMathFunctions/arm_negate_q31.c **** 
  93:Drivers/CMSIS/DSP/Source/BasicMathFunctions/arm_negate_q31.c **** #else
  94:Drivers/CMSIS/DSP/Source/BasicMathFunctions/arm_negate_q31.c **** 
  95:Drivers/CMSIS/DSP/Source/BasicMathFunctions/arm_negate_q31.c ****   /* Run the below code for Cortex-M0 */
  96:Drivers/CMSIS/DSP/Source/BasicMathFunctions/arm_negate_q31.c **** 
  97:Drivers/CMSIS/DSP/Source/BasicMathFunctions/arm_negate_q31.c ****   /* Initialize blkCnt with number of samples */
  98:Drivers/CMSIS/DSP/Source/BasicMathFunctions/arm_negate_q31.c ****   blkCnt = blockSize;
  35              		.loc 1 98 3 view .LVU3
  99:Drivers/CMSIS/DSP/Source/BasicMathFunctions/arm_negate_q31.c **** 
 100:Drivers/CMSIS/DSP/Source/BasicMathFunctions/arm_negate_q31.c **** #endif /* #if defined (ARM_MATH_DSP) */
 101:Drivers/CMSIS/DSP/Source/BasicMathFunctions/arm_negate_q31.c **** 
 102:Drivers/CMSIS/DSP/Source/BasicMathFunctions/arm_negate_q31.c **** 
 103:Drivers/CMSIS/DSP/Source/BasicMathFunctions/arm_negate_q31.c ****   while (blkCnt > 0U)
  36              		.loc 1 103 3 view .LVU4
  37              		.loc 1 103 9 is_stmt 0 view .LVU5
  38 0000 04E0     		b	.L2
  39              	.LVL1:
  40              	.L5:
 104:Drivers/CMSIS/DSP/Source/BasicMathFunctions/arm_negate_q31.c ****   {
 105:Drivers/CMSIS/DSP/Source/BasicMathFunctions/arm_negate_q31.c ****     /* C = -A */
 106:Drivers/CMSIS/DSP/Source/BasicMathFunctions/arm_negate_q31.c ****     /* Negate and then store the result in the destination buffer. */
 107:Drivers/CMSIS/DSP/Source/BasicMathFunctions/arm_negate_q31.c ****     in = *pSrc++;
 108:Drivers/CMSIS/DSP/Source/BasicMathFunctions/arm_negate_q31.c ****     *pDst++ = (in == INT32_MIN) ? INT32_MAX : -in;
  41              		.loc 1 108 45 discriminator 2 view .LVU6
  42 0002 6FF00043 		mvn	r3, #-2147483648
  43              	.LVL2:
  44              	.L3:
  45              		.loc 1 108 13 discriminator 4 view .LVU7
  46 0006 41F8043B 		str	r3, [r1], #4
  47              	.LVL3:
 109:Drivers/CMSIS/DSP/Source/BasicMathFunctions/arm_negate_q31.c **** 
 110:Drivers/CMSIS/DSP/Source/BasicMathFunctions/arm_negate_q31.c ****     /* Decrement the loop counter */
 111:Drivers/CMSIS/DSP/Source/BasicMathFunctions/arm_negate_q31.c ****     blkCnt--;
  48              		.loc 1 111 5 is_stmt 1 view .LVU8
  49              		.loc 1 111 11 is_stmt 0 view .LVU9
  50 000a 013A     		subs	r2, r2, #1
  51              	.LVL4:
  52              	.L2:
 103:Drivers/CMSIS/DSP/Source/BasicMathFunctions/arm_negate_q31.c ****   {
  53              		.loc 1 103 17 is_stmt 1 view .LVU10
  54 000c 32B1     		cbz	r2, .L6
 107:Drivers/CMSIS/DSP/Source/BasicMathFunctions/arm_negate_q31.c ****     *pDst++ = (in == INT32_MIN) ? INT32_MAX : -in;
  55              		.loc 1 107 5 view .LVU11
  56              	.LVL5:
 107:Drivers/CMSIS/DSP/Source/BasicMathFunctions/arm_negate_q31.c ****     *pDst++ = (in == INT32_MIN) ? INT32_MAX : -in;
  57              		.loc 1 107 8 is_stmt 0 view .LVU12
  58 000e 50F8043B 		ldr	r3, [r0], #4
ARM GAS  C:\Users\Lamp\AppData\Local\Temp\ccmfhJD8.s 			page 4


  59              	.LVL6:
 108:Drivers/CMSIS/DSP/Source/BasicMathFunctions/arm_negate_q31.c **** 
  60              		.loc 1 108 5 is_stmt 1 view .LVU13
 108:Drivers/CMSIS/DSP/Source/BasicMathFunctions/arm_negate_q31.c **** 
  61              		.loc 1 108 45 is_stmt 0 view .LVU14
  62 0012 B3F1004F 		cmp	r3, #-2147483648
  63 0016 F4D0     		beq	.L5
 108:Drivers/CMSIS/DSP/Source/BasicMathFunctions/arm_negate_q31.c **** 
  64              		.loc 1 108 45 discriminator 1 view .LVU15
  65 0018 5B42     		rsbs	r3, r3, #0
  66              	.LVL7:
 108:Drivers/CMSIS/DSP/Source/BasicMathFunctions/arm_negate_q31.c **** 
  67              		.loc 1 108 45 discriminator 1 view .LVU16
  68 001a F4E7     		b	.L3
  69              	.LVL8:
  70              	.L6:
 112:Drivers/CMSIS/DSP/Source/BasicMathFunctions/arm_negate_q31.c ****   }
 113:Drivers/CMSIS/DSP/Source/BasicMathFunctions/arm_negate_q31.c **** }
  71              		.loc 1 113 1 view .LVU17
  72 001c 7047     		bx	lr
  73              		.cfi_endproc
  74              	.LFE100:
  76              		.text
  77              	.Letext0:
  78              		.file 2 "C:/ARM GNU Toolchain/arm-none-eabi/include/machine/_default_types.h"
  79              		.file 3 "C:/ARM GNU Toolchain/arm-none-eabi/include/sys/_stdint.h"
  80              		.file 4 "Drivers/CMSIS/DSP/Include/arm_math.h"
ARM GAS  C:\Users\Lamp\AppData\Local\Temp\ccmfhJD8.s 			page 5


DEFINED SYMBOLS
                            *ABS*:00000000 arm_negate_q31.c
C:\Users\Lamp\AppData\Local\Temp\ccmfhJD8.s:19     .text.arm_negate_q31:00000000 $t
C:\Users\Lamp\AppData\Local\Temp\ccmfhJD8.s:25     .text.arm_negate_q31:00000000 arm_negate_q31

NO UNDEFINED SYMBOLS
