ARM GAS  C:\Users\Lamp\AppData\Local\Temp\cc3RQdTF.s 			page 1


   1              		.cpu cortex-m3
   2              		.arch armv7-m
   3              		.fpu softvfp
   4              		.eabi_attribute 20, 1
   5              		.eabi_attribute 21, 1
   6              		.eabi_attribute 23, 3
   7              		.eabi_attribute 24, 1
   8              		.eabi_attribute 25, 1
   9              		.eabi_attribute 26, 1
  10              		.eabi_attribute 30, 1
  11              		.eabi_attribute 34, 1
  12              		.eabi_attribute 18, 4
  13              		.file	"arm_fill_q15.c"
  14              		.text
  15              	.Ltext0:
  16              		.cfi_sections	.debug_frame
  17              		.file 1 "Drivers/CMSIS/DSP/Source/SupportFunctions/arm_fill_q15.c"
  18              		.section	.text.arm_fill_q15,"ax",%progbits
  19              		.align	1
  20              		.global	arm_fill_q15
  21              		.syntax unified
  22              		.thumb
  23              		.thumb_func
  25              	arm_fill_q15:
  26              	.LVL0:
  27              	.LFB100:
   1:Drivers/CMSIS/DSP/Source/SupportFunctions/arm_fill_q15.c **** /* ----------------------------------------------------------------------
   2:Drivers/CMSIS/DSP/Source/SupportFunctions/arm_fill_q15.c ****  * Project:      CMSIS DSP Library
   3:Drivers/CMSIS/DSP/Source/SupportFunctions/arm_fill_q15.c ****  * Title:        arm_fill_q15.c
   4:Drivers/CMSIS/DSP/Source/SupportFunctions/arm_fill_q15.c ****  * Description:  Fills a constant value into a Q15 vector
   5:Drivers/CMSIS/DSP/Source/SupportFunctions/arm_fill_q15.c ****  *
   6:Drivers/CMSIS/DSP/Source/SupportFunctions/arm_fill_q15.c ****  * $Date:        27. January 2017
   7:Drivers/CMSIS/DSP/Source/SupportFunctions/arm_fill_q15.c ****  * $Revision:    V.1.5.1
   8:Drivers/CMSIS/DSP/Source/SupportFunctions/arm_fill_q15.c ****  *
   9:Drivers/CMSIS/DSP/Source/SupportFunctions/arm_fill_q15.c ****  * Target Processor: Cortex-M cores
  10:Drivers/CMSIS/DSP/Source/SupportFunctions/arm_fill_q15.c ****  * -------------------------------------------------------------------- */
  11:Drivers/CMSIS/DSP/Source/SupportFunctions/arm_fill_q15.c **** /*
  12:Drivers/CMSIS/DSP/Source/SupportFunctions/arm_fill_q15.c ****  * Copyright (C) 2010-2017 ARM Limited or its affiliates. All rights reserved.
  13:Drivers/CMSIS/DSP/Source/SupportFunctions/arm_fill_q15.c ****  *
  14:Drivers/CMSIS/DSP/Source/SupportFunctions/arm_fill_q15.c ****  * SPDX-License-Identifier: Apache-2.0
  15:Drivers/CMSIS/DSP/Source/SupportFunctions/arm_fill_q15.c ****  *
  16:Drivers/CMSIS/DSP/Source/SupportFunctions/arm_fill_q15.c ****  * Licensed under the Apache License, Version 2.0 (the License); you may
  17:Drivers/CMSIS/DSP/Source/SupportFunctions/arm_fill_q15.c ****  * not use this file except in compliance with the License.
  18:Drivers/CMSIS/DSP/Source/SupportFunctions/arm_fill_q15.c ****  * You may obtain a copy of the License at
  19:Drivers/CMSIS/DSP/Source/SupportFunctions/arm_fill_q15.c ****  *
  20:Drivers/CMSIS/DSP/Source/SupportFunctions/arm_fill_q15.c ****  * www.apache.org/licenses/LICENSE-2.0
  21:Drivers/CMSIS/DSP/Source/SupportFunctions/arm_fill_q15.c ****  *
  22:Drivers/CMSIS/DSP/Source/SupportFunctions/arm_fill_q15.c ****  * Unless required by applicable law or agreed to in writing, software
  23:Drivers/CMSIS/DSP/Source/SupportFunctions/arm_fill_q15.c ****  * distributed under the License is distributed on an AS IS BASIS, WITHOUT
  24:Drivers/CMSIS/DSP/Source/SupportFunctions/arm_fill_q15.c ****  * WARRANTIES OR CONDITIONS OF ANY KIND, either express or implied.
  25:Drivers/CMSIS/DSP/Source/SupportFunctions/arm_fill_q15.c ****  * See the License for the specific language governing permissions and
  26:Drivers/CMSIS/DSP/Source/SupportFunctions/arm_fill_q15.c ****  * limitations under the License.
  27:Drivers/CMSIS/DSP/Source/SupportFunctions/arm_fill_q15.c ****  */
  28:Drivers/CMSIS/DSP/Source/SupportFunctions/arm_fill_q15.c **** 
  29:Drivers/CMSIS/DSP/Source/SupportFunctions/arm_fill_q15.c **** #include "arm_math.h"
  30:Drivers/CMSIS/DSP/Source/SupportFunctions/arm_fill_q15.c **** 
  31:Drivers/CMSIS/DSP/Source/SupportFunctions/arm_fill_q15.c **** /**
ARM GAS  C:\Users\Lamp\AppData\Local\Temp\cc3RQdTF.s 			page 2


  32:Drivers/CMSIS/DSP/Source/SupportFunctions/arm_fill_q15.c ****  * @ingroup groupSupport
  33:Drivers/CMSIS/DSP/Source/SupportFunctions/arm_fill_q15.c ****  */
  34:Drivers/CMSIS/DSP/Source/SupportFunctions/arm_fill_q15.c **** 
  35:Drivers/CMSIS/DSP/Source/SupportFunctions/arm_fill_q15.c **** /**
  36:Drivers/CMSIS/DSP/Source/SupportFunctions/arm_fill_q15.c ****  * @addtogroup Fill
  37:Drivers/CMSIS/DSP/Source/SupportFunctions/arm_fill_q15.c ****  * @{
  38:Drivers/CMSIS/DSP/Source/SupportFunctions/arm_fill_q15.c ****  */
  39:Drivers/CMSIS/DSP/Source/SupportFunctions/arm_fill_q15.c **** 
  40:Drivers/CMSIS/DSP/Source/SupportFunctions/arm_fill_q15.c **** /**
  41:Drivers/CMSIS/DSP/Source/SupportFunctions/arm_fill_q15.c ****  * @brief Fills a constant value into a Q15 vector.
  42:Drivers/CMSIS/DSP/Source/SupportFunctions/arm_fill_q15.c ****  * @param[in]       value input value to be filled
  43:Drivers/CMSIS/DSP/Source/SupportFunctions/arm_fill_q15.c ****  * @param[out]      *pDst points to output vector
  44:Drivers/CMSIS/DSP/Source/SupportFunctions/arm_fill_q15.c ****  * @param[in]       blockSize length of the output vector
  45:Drivers/CMSIS/DSP/Source/SupportFunctions/arm_fill_q15.c ****  * @return none.
  46:Drivers/CMSIS/DSP/Source/SupportFunctions/arm_fill_q15.c ****  *
  47:Drivers/CMSIS/DSP/Source/SupportFunctions/arm_fill_q15.c ****  */
  48:Drivers/CMSIS/DSP/Source/SupportFunctions/arm_fill_q15.c **** 
  49:Drivers/CMSIS/DSP/Source/SupportFunctions/arm_fill_q15.c **** void arm_fill_q15(
  50:Drivers/CMSIS/DSP/Source/SupportFunctions/arm_fill_q15.c ****   q15_t value,
  51:Drivers/CMSIS/DSP/Source/SupportFunctions/arm_fill_q15.c ****   q15_t * pDst,
  52:Drivers/CMSIS/DSP/Source/SupportFunctions/arm_fill_q15.c ****   uint32_t blockSize)
  53:Drivers/CMSIS/DSP/Source/SupportFunctions/arm_fill_q15.c **** {
  28              		.loc 1 53 1 view -0
  29              		.cfi_startproc
  30              		@ args = 0, pretend = 0, frame = 0
  31              		@ frame_needed = 0, uses_anonymous_args = 0
  32              		@ link register save eliminated.
  54:Drivers/CMSIS/DSP/Source/SupportFunctions/arm_fill_q15.c ****   uint32_t blkCnt;                               /* loop counter */
  33              		.loc 1 54 3 view .LVU1
  55:Drivers/CMSIS/DSP/Source/SupportFunctions/arm_fill_q15.c **** 
  56:Drivers/CMSIS/DSP/Source/SupportFunctions/arm_fill_q15.c **** #if defined (ARM_MATH_DSP)
  57:Drivers/CMSIS/DSP/Source/SupportFunctions/arm_fill_q15.c **** 
  58:Drivers/CMSIS/DSP/Source/SupportFunctions/arm_fill_q15.c ****   /* Run the below code for Cortex-M4 and Cortex-M3 */
  59:Drivers/CMSIS/DSP/Source/SupportFunctions/arm_fill_q15.c **** 
  60:Drivers/CMSIS/DSP/Source/SupportFunctions/arm_fill_q15.c ****   q31_t packedValue;                             /* value packed to 32 bits */
  61:Drivers/CMSIS/DSP/Source/SupportFunctions/arm_fill_q15.c **** 
  62:Drivers/CMSIS/DSP/Source/SupportFunctions/arm_fill_q15.c **** 
  63:Drivers/CMSIS/DSP/Source/SupportFunctions/arm_fill_q15.c ****   /*loop Unrolling */
  64:Drivers/CMSIS/DSP/Source/SupportFunctions/arm_fill_q15.c ****   blkCnt = blockSize >> 2U;
  65:Drivers/CMSIS/DSP/Source/SupportFunctions/arm_fill_q15.c **** 
  66:Drivers/CMSIS/DSP/Source/SupportFunctions/arm_fill_q15.c ****   /* Packing two 16 bit values to 32 bit value in order to use SIMD */
  67:Drivers/CMSIS/DSP/Source/SupportFunctions/arm_fill_q15.c ****   packedValue = __PKHBT(value, value, 16U);
  68:Drivers/CMSIS/DSP/Source/SupportFunctions/arm_fill_q15.c **** 
  69:Drivers/CMSIS/DSP/Source/SupportFunctions/arm_fill_q15.c ****   /* First part of the processing with loop unrolling.  Compute 4 outputs at a time.
  70:Drivers/CMSIS/DSP/Source/SupportFunctions/arm_fill_q15.c ****    ** a second loop below computes the remaining 1 to 3 samples. */
  71:Drivers/CMSIS/DSP/Source/SupportFunctions/arm_fill_q15.c ****   while (blkCnt > 0U)
  72:Drivers/CMSIS/DSP/Source/SupportFunctions/arm_fill_q15.c ****   {
  73:Drivers/CMSIS/DSP/Source/SupportFunctions/arm_fill_q15.c ****     /* C = value */
  74:Drivers/CMSIS/DSP/Source/SupportFunctions/arm_fill_q15.c ****     /* Fill the value in the destination buffer */
  75:Drivers/CMSIS/DSP/Source/SupportFunctions/arm_fill_q15.c ****     *__SIMD32(pDst)++ = packedValue;
  76:Drivers/CMSIS/DSP/Source/SupportFunctions/arm_fill_q15.c ****     *__SIMD32(pDst)++ = packedValue;
  77:Drivers/CMSIS/DSP/Source/SupportFunctions/arm_fill_q15.c **** 
  78:Drivers/CMSIS/DSP/Source/SupportFunctions/arm_fill_q15.c ****     /* Decrement the loop counter */
  79:Drivers/CMSIS/DSP/Source/SupportFunctions/arm_fill_q15.c ****     blkCnt--;
  80:Drivers/CMSIS/DSP/Source/SupportFunctions/arm_fill_q15.c ****   }
  81:Drivers/CMSIS/DSP/Source/SupportFunctions/arm_fill_q15.c **** 
  82:Drivers/CMSIS/DSP/Source/SupportFunctions/arm_fill_q15.c ****   /* If the blockSize is not a multiple of 4, compute any remaining output samples here.
ARM GAS  C:\Users\Lamp\AppData\Local\Temp\cc3RQdTF.s 			page 3


  83:Drivers/CMSIS/DSP/Source/SupportFunctions/arm_fill_q15.c ****    ** No loop unrolling is used. */
  84:Drivers/CMSIS/DSP/Source/SupportFunctions/arm_fill_q15.c ****   blkCnt = blockSize % 0x4U;
  85:Drivers/CMSIS/DSP/Source/SupportFunctions/arm_fill_q15.c **** 
  86:Drivers/CMSIS/DSP/Source/SupportFunctions/arm_fill_q15.c **** #else
  87:Drivers/CMSIS/DSP/Source/SupportFunctions/arm_fill_q15.c **** 
  88:Drivers/CMSIS/DSP/Source/SupportFunctions/arm_fill_q15.c ****   /* Run the below code for Cortex-M0 */
  89:Drivers/CMSIS/DSP/Source/SupportFunctions/arm_fill_q15.c **** 
  90:Drivers/CMSIS/DSP/Source/SupportFunctions/arm_fill_q15.c ****   /* Loop over blockSize number of values */
  91:Drivers/CMSIS/DSP/Source/SupportFunctions/arm_fill_q15.c ****   blkCnt = blockSize;
  34              		.loc 1 91 3 view .LVU2
  92:Drivers/CMSIS/DSP/Source/SupportFunctions/arm_fill_q15.c **** 
  93:Drivers/CMSIS/DSP/Source/SupportFunctions/arm_fill_q15.c **** #endif /* #if defined (ARM_MATH_DSP) */
  94:Drivers/CMSIS/DSP/Source/SupportFunctions/arm_fill_q15.c **** 
  95:Drivers/CMSIS/DSP/Source/SupportFunctions/arm_fill_q15.c ****   while (blkCnt > 0U)
  35              		.loc 1 95 3 view .LVU3
  36              		.loc 1 95 9 is_stmt 0 view .LVU4
  37 0000 02E0     		b	.L2
  38              	.LVL1:
  39              	.L3:
  96:Drivers/CMSIS/DSP/Source/SupportFunctions/arm_fill_q15.c ****   {
  97:Drivers/CMSIS/DSP/Source/SupportFunctions/arm_fill_q15.c ****     /* C = value */
  98:Drivers/CMSIS/DSP/Source/SupportFunctions/arm_fill_q15.c ****     /* Fill the value in the destination buffer */
  99:Drivers/CMSIS/DSP/Source/SupportFunctions/arm_fill_q15.c ****     *pDst++ = value;
  40              		.loc 1 99 5 is_stmt 1 view .LVU5
  41              		.loc 1 99 13 is_stmt 0 view .LVU6
  42 0002 21F8020B 		strh	r0, [r1], #2	@ movhi
  43              	.LVL2:
 100:Drivers/CMSIS/DSP/Source/SupportFunctions/arm_fill_q15.c **** 
 101:Drivers/CMSIS/DSP/Source/SupportFunctions/arm_fill_q15.c ****     /* Decrement the loop counter */
 102:Drivers/CMSIS/DSP/Source/SupportFunctions/arm_fill_q15.c ****     blkCnt--;
  44              		.loc 1 102 5 is_stmt 1 view .LVU7
  45              		.loc 1 102 11 is_stmt 0 view .LVU8
  46 0006 013A     		subs	r2, r2, #1
  47              	.LVL3:
  48              	.L2:
  95:Drivers/CMSIS/DSP/Source/SupportFunctions/arm_fill_q15.c ****   {
  49              		.loc 1 95 17 is_stmt 1 view .LVU9
  50 0008 002A     		cmp	r2, #0
  51 000a FAD1     		bne	.L3
 103:Drivers/CMSIS/DSP/Source/SupportFunctions/arm_fill_q15.c ****   }
 104:Drivers/CMSIS/DSP/Source/SupportFunctions/arm_fill_q15.c **** }
  52              		.loc 1 104 1 is_stmt 0 view .LVU10
  53 000c 7047     		bx	lr
  54              		.cfi_endproc
  55              	.LFE100:
  57              		.text
  58              	.Letext0:
  59              		.file 2 "C:/ARM GNU Toolchain/arm-none-eabi/include/machine/_default_types.h"
  60              		.file 3 "C:/ARM GNU Toolchain/arm-none-eabi/include/sys/_stdint.h"
  61              		.file 4 "Drivers/CMSIS/DSP/Include/arm_math.h"
ARM GAS  C:\Users\Lamp\AppData\Local\Temp\cc3RQdTF.s 			page 4


DEFINED SYMBOLS
                            *ABS*:00000000 arm_fill_q15.c
C:\Users\Lamp\AppData\Local\Temp\cc3RQdTF.s:19     .text.arm_fill_q15:00000000 $t
C:\Users\Lamp\AppData\Local\Temp\cc3RQdTF.s:25     .text.arm_fill_q15:00000000 arm_fill_q15

NO UNDEFINED SYMBOLS
