ARM GAS  C:\Users\Lamp\AppData\Local\Temp\ccxpC2oA.s 			page 1


   1              		.cpu cortex-m3
   2              		.arch armv7-m
   3              		.fpu softvfp
   4              		.eabi_attribute 20, 1
   5              		.eabi_attribute 21, 1
   6              		.eabi_attribute 23, 3
   7              		.eabi_attribute 24, 1
   8              		.eabi_attribute 25, 1
   9              		.eabi_attribute 26, 1
  10              		.eabi_attribute 30, 1
  11              		.eabi_attribute 34, 1
  12              		.eabi_attribute 18, 4
  13              		.file	"arm_cmplx_mag_squared_f32.c"
  14              		.text
  15              	.Ltext0:
  16              		.cfi_sections	.debug_frame
  17              		.file 1 "Drivers/CMSIS/DSP/Source/ComplexMathFunctions/arm_cmplx_mag_squared_f32.c"
  18              		.global	__aeabi_fmul
  19              		.global	__aeabi_fadd
  20              		.section	.text.arm_cmplx_mag_squared_f32,"ax",%progbits
  21              		.align	1
  22              		.global	arm_cmplx_mag_squared_f32
  23              		.syntax unified
  24              		.thumb
  25              		.thumb_func
  27              	arm_cmplx_mag_squared_f32:
  28              	.LVL0:
  29              	.LFB100:
   1:Drivers/CMSIS/DSP/Source/ComplexMathFunctions/arm_cmplx_mag_squared_f32.c **** /* ----------------------------------------------------------------------
   2:Drivers/CMSIS/DSP/Source/ComplexMathFunctions/arm_cmplx_mag_squared_f32.c ****  * Project:      CMSIS DSP Library
   3:Drivers/CMSIS/DSP/Source/ComplexMathFunctions/arm_cmplx_mag_squared_f32.c ****  * Title:        arm_cmplx_mag_squared_f32.c
   4:Drivers/CMSIS/DSP/Source/ComplexMathFunctions/arm_cmplx_mag_squared_f32.c ****  * Description:  Floating-point complex magnitude squared
   5:Drivers/CMSIS/DSP/Source/ComplexMathFunctions/arm_cmplx_mag_squared_f32.c ****  *
   6:Drivers/CMSIS/DSP/Source/ComplexMathFunctions/arm_cmplx_mag_squared_f32.c ****  * $Date:        27. January 2017
   7:Drivers/CMSIS/DSP/Source/ComplexMathFunctions/arm_cmplx_mag_squared_f32.c ****  * $Revision:    V.1.5.1
   8:Drivers/CMSIS/DSP/Source/ComplexMathFunctions/arm_cmplx_mag_squared_f32.c ****  *
   9:Drivers/CMSIS/DSP/Source/ComplexMathFunctions/arm_cmplx_mag_squared_f32.c ****  * Target Processor: Cortex-M cores
  10:Drivers/CMSIS/DSP/Source/ComplexMathFunctions/arm_cmplx_mag_squared_f32.c ****  * -------------------------------------------------------------------- */
  11:Drivers/CMSIS/DSP/Source/ComplexMathFunctions/arm_cmplx_mag_squared_f32.c **** /*
  12:Drivers/CMSIS/DSP/Source/ComplexMathFunctions/arm_cmplx_mag_squared_f32.c ****  * Copyright (C) 2010-2017 ARM Limited or its affiliates. All rights reserved.
  13:Drivers/CMSIS/DSP/Source/ComplexMathFunctions/arm_cmplx_mag_squared_f32.c ****  *
  14:Drivers/CMSIS/DSP/Source/ComplexMathFunctions/arm_cmplx_mag_squared_f32.c ****  * SPDX-License-Identifier: Apache-2.0
  15:Drivers/CMSIS/DSP/Source/ComplexMathFunctions/arm_cmplx_mag_squared_f32.c ****  *
  16:Drivers/CMSIS/DSP/Source/ComplexMathFunctions/arm_cmplx_mag_squared_f32.c ****  * Licensed under the Apache License, Version 2.0 (the License); you may
  17:Drivers/CMSIS/DSP/Source/ComplexMathFunctions/arm_cmplx_mag_squared_f32.c ****  * not use this file except in compliance with the License.
  18:Drivers/CMSIS/DSP/Source/ComplexMathFunctions/arm_cmplx_mag_squared_f32.c ****  * You may obtain a copy of the License at
  19:Drivers/CMSIS/DSP/Source/ComplexMathFunctions/arm_cmplx_mag_squared_f32.c ****  *
  20:Drivers/CMSIS/DSP/Source/ComplexMathFunctions/arm_cmplx_mag_squared_f32.c ****  * www.apache.org/licenses/LICENSE-2.0
  21:Drivers/CMSIS/DSP/Source/ComplexMathFunctions/arm_cmplx_mag_squared_f32.c ****  *
  22:Drivers/CMSIS/DSP/Source/ComplexMathFunctions/arm_cmplx_mag_squared_f32.c ****  * Unless required by applicable law or agreed to in writing, software
  23:Drivers/CMSIS/DSP/Source/ComplexMathFunctions/arm_cmplx_mag_squared_f32.c ****  * distributed under the License is distributed on an AS IS BASIS, WITHOUT
  24:Drivers/CMSIS/DSP/Source/ComplexMathFunctions/arm_cmplx_mag_squared_f32.c ****  * WARRANTIES OR CONDITIONS OF ANY KIND, either express or implied.
  25:Drivers/CMSIS/DSP/Source/ComplexMathFunctions/arm_cmplx_mag_squared_f32.c ****  * See the License for the specific language governing permissions and
  26:Drivers/CMSIS/DSP/Source/ComplexMathFunctions/arm_cmplx_mag_squared_f32.c ****  * limitations under the License.
  27:Drivers/CMSIS/DSP/Source/ComplexMathFunctions/arm_cmplx_mag_squared_f32.c ****  */
  28:Drivers/CMSIS/DSP/Source/ComplexMathFunctions/arm_cmplx_mag_squared_f32.c **** 
  29:Drivers/CMSIS/DSP/Source/ComplexMathFunctions/arm_cmplx_mag_squared_f32.c **** #include "arm_math.h"
ARM GAS  C:\Users\Lamp\AppData\Local\Temp\ccxpC2oA.s 			page 2


  30:Drivers/CMSIS/DSP/Source/ComplexMathFunctions/arm_cmplx_mag_squared_f32.c **** 
  31:Drivers/CMSIS/DSP/Source/ComplexMathFunctions/arm_cmplx_mag_squared_f32.c **** /**
  32:Drivers/CMSIS/DSP/Source/ComplexMathFunctions/arm_cmplx_mag_squared_f32.c ****  * @ingroup groupCmplxMath
  33:Drivers/CMSIS/DSP/Source/ComplexMathFunctions/arm_cmplx_mag_squared_f32.c ****  */
  34:Drivers/CMSIS/DSP/Source/ComplexMathFunctions/arm_cmplx_mag_squared_f32.c **** 
  35:Drivers/CMSIS/DSP/Source/ComplexMathFunctions/arm_cmplx_mag_squared_f32.c **** /**
  36:Drivers/CMSIS/DSP/Source/ComplexMathFunctions/arm_cmplx_mag_squared_f32.c ****  * @defgroup cmplx_mag_squared Complex Magnitude Squared
  37:Drivers/CMSIS/DSP/Source/ComplexMathFunctions/arm_cmplx_mag_squared_f32.c ****  *
  38:Drivers/CMSIS/DSP/Source/ComplexMathFunctions/arm_cmplx_mag_squared_f32.c ****  * Computes the magnitude squared of the elements of a complex data vector.
  39:Drivers/CMSIS/DSP/Source/ComplexMathFunctions/arm_cmplx_mag_squared_f32.c ****  *
  40:Drivers/CMSIS/DSP/Source/ComplexMathFunctions/arm_cmplx_mag_squared_f32.c ****  * The <code>pSrc</code> points to the source data and
  41:Drivers/CMSIS/DSP/Source/ComplexMathFunctions/arm_cmplx_mag_squared_f32.c ****  * <code>pDst</code> points to the where the result should be written.
  42:Drivers/CMSIS/DSP/Source/ComplexMathFunctions/arm_cmplx_mag_squared_f32.c ****  * <code>numSamples</code> specifies the number of complex samples
  43:Drivers/CMSIS/DSP/Source/ComplexMathFunctions/arm_cmplx_mag_squared_f32.c ****  * in the input array and the data is stored in an interleaved fashion
  44:Drivers/CMSIS/DSP/Source/ComplexMathFunctions/arm_cmplx_mag_squared_f32.c ****  * (real, imag, real, imag, ...).
  45:Drivers/CMSIS/DSP/Source/ComplexMathFunctions/arm_cmplx_mag_squared_f32.c ****  * The input array has a total of <code>2*numSamples</code> values;
  46:Drivers/CMSIS/DSP/Source/ComplexMathFunctions/arm_cmplx_mag_squared_f32.c ****  * the output array has a total of <code>numSamples</code> values.
  47:Drivers/CMSIS/DSP/Source/ComplexMathFunctions/arm_cmplx_mag_squared_f32.c ****  *
  48:Drivers/CMSIS/DSP/Source/ComplexMathFunctions/arm_cmplx_mag_squared_f32.c ****  * The underlying algorithm is used:
  49:Drivers/CMSIS/DSP/Source/ComplexMathFunctions/arm_cmplx_mag_squared_f32.c ****  *
  50:Drivers/CMSIS/DSP/Source/ComplexMathFunctions/arm_cmplx_mag_squared_f32.c ****  * <pre>
  51:Drivers/CMSIS/DSP/Source/ComplexMathFunctions/arm_cmplx_mag_squared_f32.c ****  * for(n=0; n<numSamples; n++) {
  52:Drivers/CMSIS/DSP/Source/ComplexMathFunctions/arm_cmplx_mag_squared_f32.c ****  *     pDst[n] = pSrc[(2*n)+0]^2 + pSrc[(2*n)+1]^2;
  53:Drivers/CMSIS/DSP/Source/ComplexMathFunctions/arm_cmplx_mag_squared_f32.c ****  * }
  54:Drivers/CMSIS/DSP/Source/ComplexMathFunctions/arm_cmplx_mag_squared_f32.c ****  * </pre>
  55:Drivers/CMSIS/DSP/Source/ComplexMathFunctions/arm_cmplx_mag_squared_f32.c ****  *
  56:Drivers/CMSIS/DSP/Source/ComplexMathFunctions/arm_cmplx_mag_squared_f32.c ****  * There are separate functions for floating-point, Q15, and Q31 data types.
  57:Drivers/CMSIS/DSP/Source/ComplexMathFunctions/arm_cmplx_mag_squared_f32.c ****  */
  58:Drivers/CMSIS/DSP/Source/ComplexMathFunctions/arm_cmplx_mag_squared_f32.c **** 
  59:Drivers/CMSIS/DSP/Source/ComplexMathFunctions/arm_cmplx_mag_squared_f32.c **** /**
  60:Drivers/CMSIS/DSP/Source/ComplexMathFunctions/arm_cmplx_mag_squared_f32.c ****  * @addtogroup cmplx_mag_squared
  61:Drivers/CMSIS/DSP/Source/ComplexMathFunctions/arm_cmplx_mag_squared_f32.c ****  * @{
  62:Drivers/CMSIS/DSP/Source/ComplexMathFunctions/arm_cmplx_mag_squared_f32.c ****  */
  63:Drivers/CMSIS/DSP/Source/ComplexMathFunctions/arm_cmplx_mag_squared_f32.c **** 
  64:Drivers/CMSIS/DSP/Source/ComplexMathFunctions/arm_cmplx_mag_squared_f32.c **** 
  65:Drivers/CMSIS/DSP/Source/ComplexMathFunctions/arm_cmplx_mag_squared_f32.c **** /**
  66:Drivers/CMSIS/DSP/Source/ComplexMathFunctions/arm_cmplx_mag_squared_f32.c ****  * @brief  Floating-point complex magnitude squared
  67:Drivers/CMSIS/DSP/Source/ComplexMathFunctions/arm_cmplx_mag_squared_f32.c ****  * @param[in]  *pSrc points to the complex input vector
  68:Drivers/CMSIS/DSP/Source/ComplexMathFunctions/arm_cmplx_mag_squared_f32.c ****  * @param[out]  *pDst points to the real output vector
  69:Drivers/CMSIS/DSP/Source/ComplexMathFunctions/arm_cmplx_mag_squared_f32.c ****  * @param[in]  numSamples number of complex samples in the input vector
  70:Drivers/CMSIS/DSP/Source/ComplexMathFunctions/arm_cmplx_mag_squared_f32.c ****  * @return none.
  71:Drivers/CMSIS/DSP/Source/ComplexMathFunctions/arm_cmplx_mag_squared_f32.c ****  */
  72:Drivers/CMSIS/DSP/Source/ComplexMathFunctions/arm_cmplx_mag_squared_f32.c **** 
  73:Drivers/CMSIS/DSP/Source/ComplexMathFunctions/arm_cmplx_mag_squared_f32.c **** void arm_cmplx_mag_squared_f32(
  74:Drivers/CMSIS/DSP/Source/ComplexMathFunctions/arm_cmplx_mag_squared_f32.c ****   float32_t * pSrc,
  75:Drivers/CMSIS/DSP/Source/ComplexMathFunctions/arm_cmplx_mag_squared_f32.c ****   float32_t * pDst,
  76:Drivers/CMSIS/DSP/Source/ComplexMathFunctions/arm_cmplx_mag_squared_f32.c ****   uint32_t numSamples)
  77:Drivers/CMSIS/DSP/Source/ComplexMathFunctions/arm_cmplx_mag_squared_f32.c **** {
  30              		.loc 1 77 1 view -0
  31              		.cfi_startproc
  32              		@ args = 0, pretend = 0, frame = 0
  33              		@ frame_needed = 0, uses_anonymous_args = 0
  34              		.loc 1 77 1 is_stmt 0 view .LVU1
  35 0000 2DE9F041 		push	{r4, r5, r6, r7, r8, lr}
  36              	.LCFI0:
  37              		.cfi_def_cfa_offset 24
  38              		.cfi_offset 4, -24
ARM GAS  C:\Users\Lamp\AppData\Local\Temp\ccxpC2oA.s 			page 3


  39              		.cfi_offset 5, -20
  40              		.cfi_offset 6, -16
  41              		.cfi_offset 7, -12
  42              		.cfi_offset 8, -8
  43              		.cfi_offset 14, -4
  44 0004 0346     		mov	r3, r0
  45 0006 0C46     		mov	r4, r1
  46 0008 1746     		mov	r7, r2
  78:Drivers/CMSIS/DSP/Source/ComplexMathFunctions/arm_cmplx_mag_squared_f32.c ****   float32_t real, imag;                          /* Temporary variables to store real and imaginary
  47              		.loc 1 78 3 is_stmt 1 view .LVU2
  79:Drivers/CMSIS/DSP/Source/ComplexMathFunctions/arm_cmplx_mag_squared_f32.c ****   uint32_t blkCnt;                               /* loop counter */
  48              		.loc 1 79 3 view .LVU3
  80:Drivers/CMSIS/DSP/Source/ComplexMathFunctions/arm_cmplx_mag_squared_f32.c **** 
  81:Drivers/CMSIS/DSP/Source/ComplexMathFunctions/arm_cmplx_mag_squared_f32.c **** #if defined (ARM_MATH_DSP)
  82:Drivers/CMSIS/DSP/Source/ComplexMathFunctions/arm_cmplx_mag_squared_f32.c ****   float32_t real1, real2, real3, real4;          /* Temporary variables to hold real values */
  83:Drivers/CMSIS/DSP/Source/ComplexMathFunctions/arm_cmplx_mag_squared_f32.c ****   float32_t imag1, imag2, imag3, imag4;          /* Temporary variables to hold imaginary values */
  84:Drivers/CMSIS/DSP/Source/ComplexMathFunctions/arm_cmplx_mag_squared_f32.c ****   float32_t mul1, mul2, mul3, mul4;              /* Temporary variables */
  85:Drivers/CMSIS/DSP/Source/ComplexMathFunctions/arm_cmplx_mag_squared_f32.c ****   float32_t mul5, mul6, mul7, mul8;              /* Temporary variables */
  86:Drivers/CMSIS/DSP/Source/ComplexMathFunctions/arm_cmplx_mag_squared_f32.c ****   float32_t out1, out2, out3, out4;              /* Temporary variables to hold output values */
  87:Drivers/CMSIS/DSP/Source/ComplexMathFunctions/arm_cmplx_mag_squared_f32.c **** 
  88:Drivers/CMSIS/DSP/Source/ComplexMathFunctions/arm_cmplx_mag_squared_f32.c ****   /*loop Unrolling */
  89:Drivers/CMSIS/DSP/Source/ComplexMathFunctions/arm_cmplx_mag_squared_f32.c ****   blkCnt = numSamples >> 2U;
  90:Drivers/CMSIS/DSP/Source/ComplexMathFunctions/arm_cmplx_mag_squared_f32.c **** 
  91:Drivers/CMSIS/DSP/Source/ComplexMathFunctions/arm_cmplx_mag_squared_f32.c ****   /* First part of the processing with loop unrolling.  Compute 4 outputs at a time.
  92:Drivers/CMSIS/DSP/Source/ComplexMathFunctions/arm_cmplx_mag_squared_f32.c ****    ** a second loop below computes the remaining 1 to 3 samples. */
  93:Drivers/CMSIS/DSP/Source/ComplexMathFunctions/arm_cmplx_mag_squared_f32.c ****   while (blkCnt > 0U)
  94:Drivers/CMSIS/DSP/Source/ComplexMathFunctions/arm_cmplx_mag_squared_f32.c ****   {
  95:Drivers/CMSIS/DSP/Source/ComplexMathFunctions/arm_cmplx_mag_squared_f32.c ****     /* C[0] = (A[0] * A[0] + A[1] * A[1]) */
  96:Drivers/CMSIS/DSP/Source/ComplexMathFunctions/arm_cmplx_mag_squared_f32.c ****     /* read real input sample from source buffer */
  97:Drivers/CMSIS/DSP/Source/ComplexMathFunctions/arm_cmplx_mag_squared_f32.c ****     real1 = pSrc[0];
  98:Drivers/CMSIS/DSP/Source/ComplexMathFunctions/arm_cmplx_mag_squared_f32.c ****     /* read imaginary input sample from source buffer */
  99:Drivers/CMSIS/DSP/Source/ComplexMathFunctions/arm_cmplx_mag_squared_f32.c ****     imag1 = pSrc[1];
 100:Drivers/CMSIS/DSP/Source/ComplexMathFunctions/arm_cmplx_mag_squared_f32.c **** 
 101:Drivers/CMSIS/DSP/Source/ComplexMathFunctions/arm_cmplx_mag_squared_f32.c ****     /* calculate power of real value */
 102:Drivers/CMSIS/DSP/Source/ComplexMathFunctions/arm_cmplx_mag_squared_f32.c ****     mul1 = real1 * real1;
 103:Drivers/CMSIS/DSP/Source/ComplexMathFunctions/arm_cmplx_mag_squared_f32.c **** 
 104:Drivers/CMSIS/DSP/Source/ComplexMathFunctions/arm_cmplx_mag_squared_f32.c ****     /* read real input sample from source buffer */
 105:Drivers/CMSIS/DSP/Source/ComplexMathFunctions/arm_cmplx_mag_squared_f32.c ****     real2 = pSrc[2];
 106:Drivers/CMSIS/DSP/Source/ComplexMathFunctions/arm_cmplx_mag_squared_f32.c **** 
 107:Drivers/CMSIS/DSP/Source/ComplexMathFunctions/arm_cmplx_mag_squared_f32.c ****     /* calculate power of imaginary value */
 108:Drivers/CMSIS/DSP/Source/ComplexMathFunctions/arm_cmplx_mag_squared_f32.c ****     mul2 = imag1 * imag1;
 109:Drivers/CMSIS/DSP/Source/ComplexMathFunctions/arm_cmplx_mag_squared_f32.c **** 
 110:Drivers/CMSIS/DSP/Source/ComplexMathFunctions/arm_cmplx_mag_squared_f32.c ****     /* read imaginary input sample from source buffer */
 111:Drivers/CMSIS/DSP/Source/ComplexMathFunctions/arm_cmplx_mag_squared_f32.c ****     imag2 = pSrc[3];
 112:Drivers/CMSIS/DSP/Source/ComplexMathFunctions/arm_cmplx_mag_squared_f32.c **** 
 113:Drivers/CMSIS/DSP/Source/ComplexMathFunctions/arm_cmplx_mag_squared_f32.c ****     /* calculate power of real value */
 114:Drivers/CMSIS/DSP/Source/ComplexMathFunctions/arm_cmplx_mag_squared_f32.c ****     mul3 = real2 * real2;
 115:Drivers/CMSIS/DSP/Source/ComplexMathFunctions/arm_cmplx_mag_squared_f32.c **** 
 116:Drivers/CMSIS/DSP/Source/ComplexMathFunctions/arm_cmplx_mag_squared_f32.c ****     /* read real input sample from source buffer */
 117:Drivers/CMSIS/DSP/Source/ComplexMathFunctions/arm_cmplx_mag_squared_f32.c ****     real3 = pSrc[4];
 118:Drivers/CMSIS/DSP/Source/ComplexMathFunctions/arm_cmplx_mag_squared_f32.c **** 
 119:Drivers/CMSIS/DSP/Source/ComplexMathFunctions/arm_cmplx_mag_squared_f32.c ****     /* calculate power of imaginary value */
 120:Drivers/CMSIS/DSP/Source/ComplexMathFunctions/arm_cmplx_mag_squared_f32.c ****     mul4 = imag2 * imag2;
 121:Drivers/CMSIS/DSP/Source/ComplexMathFunctions/arm_cmplx_mag_squared_f32.c **** 
 122:Drivers/CMSIS/DSP/Source/ComplexMathFunctions/arm_cmplx_mag_squared_f32.c ****     /* read imaginary input sample from source buffer */
 123:Drivers/CMSIS/DSP/Source/ComplexMathFunctions/arm_cmplx_mag_squared_f32.c ****     imag3 = pSrc[5];
 124:Drivers/CMSIS/DSP/Source/ComplexMathFunctions/arm_cmplx_mag_squared_f32.c **** 
ARM GAS  C:\Users\Lamp\AppData\Local\Temp\ccxpC2oA.s 			page 4


 125:Drivers/CMSIS/DSP/Source/ComplexMathFunctions/arm_cmplx_mag_squared_f32.c ****     /* calculate power of real value */
 126:Drivers/CMSIS/DSP/Source/ComplexMathFunctions/arm_cmplx_mag_squared_f32.c ****     mul5 = real3 * real3;
 127:Drivers/CMSIS/DSP/Source/ComplexMathFunctions/arm_cmplx_mag_squared_f32.c ****     /* calculate power of imaginary value */
 128:Drivers/CMSIS/DSP/Source/ComplexMathFunctions/arm_cmplx_mag_squared_f32.c ****     mul6 = imag3 * imag3;
 129:Drivers/CMSIS/DSP/Source/ComplexMathFunctions/arm_cmplx_mag_squared_f32.c **** 
 130:Drivers/CMSIS/DSP/Source/ComplexMathFunctions/arm_cmplx_mag_squared_f32.c ****     /* read real input sample from source buffer */
 131:Drivers/CMSIS/DSP/Source/ComplexMathFunctions/arm_cmplx_mag_squared_f32.c ****     real4 = pSrc[6];
 132:Drivers/CMSIS/DSP/Source/ComplexMathFunctions/arm_cmplx_mag_squared_f32.c **** 
 133:Drivers/CMSIS/DSP/Source/ComplexMathFunctions/arm_cmplx_mag_squared_f32.c ****     /* accumulate real and imaginary powers */
 134:Drivers/CMSIS/DSP/Source/ComplexMathFunctions/arm_cmplx_mag_squared_f32.c ****     out1 = mul1 + mul2;
 135:Drivers/CMSIS/DSP/Source/ComplexMathFunctions/arm_cmplx_mag_squared_f32.c **** 
 136:Drivers/CMSIS/DSP/Source/ComplexMathFunctions/arm_cmplx_mag_squared_f32.c ****     /* read imaginary input sample from source buffer */
 137:Drivers/CMSIS/DSP/Source/ComplexMathFunctions/arm_cmplx_mag_squared_f32.c ****     imag4 = pSrc[7];
 138:Drivers/CMSIS/DSP/Source/ComplexMathFunctions/arm_cmplx_mag_squared_f32.c **** 
 139:Drivers/CMSIS/DSP/Source/ComplexMathFunctions/arm_cmplx_mag_squared_f32.c ****     /* accumulate real and imaginary powers */
 140:Drivers/CMSIS/DSP/Source/ComplexMathFunctions/arm_cmplx_mag_squared_f32.c ****     out2 = mul3 + mul4;
 141:Drivers/CMSIS/DSP/Source/ComplexMathFunctions/arm_cmplx_mag_squared_f32.c **** 
 142:Drivers/CMSIS/DSP/Source/ComplexMathFunctions/arm_cmplx_mag_squared_f32.c ****     /* calculate power of real value */
 143:Drivers/CMSIS/DSP/Source/ComplexMathFunctions/arm_cmplx_mag_squared_f32.c ****     mul7 = real4 * real4;
 144:Drivers/CMSIS/DSP/Source/ComplexMathFunctions/arm_cmplx_mag_squared_f32.c ****     /* calculate power of imaginary value */
 145:Drivers/CMSIS/DSP/Source/ComplexMathFunctions/arm_cmplx_mag_squared_f32.c ****     mul8 = imag4 * imag4;
 146:Drivers/CMSIS/DSP/Source/ComplexMathFunctions/arm_cmplx_mag_squared_f32.c **** 
 147:Drivers/CMSIS/DSP/Source/ComplexMathFunctions/arm_cmplx_mag_squared_f32.c ****     /* store output to destination */
 148:Drivers/CMSIS/DSP/Source/ComplexMathFunctions/arm_cmplx_mag_squared_f32.c ****     pDst[0] = out1;
 149:Drivers/CMSIS/DSP/Source/ComplexMathFunctions/arm_cmplx_mag_squared_f32.c **** 
 150:Drivers/CMSIS/DSP/Source/ComplexMathFunctions/arm_cmplx_mag_squared_f32.c ****     /* accumulate real and imaginary powers */
 151:Drivers/CMSIS/DSP/Source/ComplexMathFunctions/arm_cmplx_mag_squared_f32.c ****     out3 = mul5 + mul6;
 152:Drivers/CMSIS/DSP/Source/ComplexMathFunctions/arm_cmplx_mag_squared_f32.c **** 
 153:Drivers/CMSIS/DSP/Source/ComplexMathFunctions/arm_cmplx_mag_squared_f32.c ****     /* store output to destination */
 154:Drivers/CMSIS/DSP/Source/ComplexMathFunctions/arm_cmplx_mag_squared_f32.c ****     pDst[1] = out2;
 155:Drivers/CMSIS/DSP/Source/ComplexMathFunctions/arm_cmplx_mag_squared_f32.c **** 
 156:Drivers/CMSIS/DSP/Source/ComplexMathFunctions/arm_cmplx_mag_squared_f32.c ****     /* accumulate real and imaginary powers */
 157:Drivers/CMSIS/DSP/Source/ComplexMathFunctions/arm_cmplx_mag_squared_f32.c ****     out4 = mul7 + mul8;
 158:Drivers/CMSIS/DSP/Source/ComplexMathFunctions/arm_cmplx_mag_squared_f32.c **** 
 159:Drivers/CMSIS/DSP/Source/ComplexMathFunctions/arm_cmplx_mag_squared_f32.c ****     /* store output to destination */
 160:Drivers/CMSIS/DSP/Source/ComplexMathFunctions/arm_cmplx_mag_squared_f32.c ****     pDst[2] = out3;
 161:Drivers/CMSIS/DSP/Source/ComplexMathFunctions/arm_cmplx_mag_squared_f32.c **** 
 162:Drivers/CMSIS/DSP/Source/ComplexMathFunctions/arm_cmplx_mag_squared_f32.c ****     /* increment destination pointer by 8 to process next samples */
 163:Drivers/CMSIS/DSP/Source/ComplexMathFunctions/arm_cmplx_mag_squared_f32.c ****     pSrc += 8U;
 164:Drivers/CMSIS/DSP/Source/ComplexMathFunctions/arm_cmplx_mag_squared_f32.c **** 
 165:Drivers/CMSIS/DSP/Source/ComplexMathFunctions/arm_cmplx_mag_squared_f32.c ****     /* store output to destination */
 166:Drivers/CMSIS/DSP/Source/ComplexMathFunctions/arm_cmplx_mag_squared_f32.c ****     pDst[3] = out4;
 167:Drivers/CMSIS/DSP/Source/ComplexMathFunctions/arm_cmplx_mag_squared_f32.c **** 
 168:Drivers/CMSIS/DSP/Source/ComplexMathFunctions/arm_cmplx_mag_squared_f32.c ****     /* increment destination pointer by 4 to process next samples */
 169:Drivers/CMSIS/DSP/Source/ComplexMathFunctions/arm_cmplx_mag_squared_f32.c ****     pDst += 4U;
 170:Drivers/CMSIS/DSP/Source/ComplexMathFunctions/arm_cmplx_mag_squared_f32.c **** 
 171:Drivers/CMSIS/DSP/Source/ComplexMathFunctions/arm_cmplx_mag_squared_f32.c ****     /* Decrement the loop counter */
 172:Drivers/CMSIS/DSP/Source/ComplexMathFunctions/arm_cmplx_mag_squared_f32.c ****     blkCnt--;
 173:Drivers/CMSIS/DSP/Source/ComplexMathFunctions/arm_cmplx_mag_squared_f32.c ****   }
 174:Drivers/CMSIS/DSP/Source/ComplexMathFunctions/arm_cmplx_mag_squared_f32.c **** 
 175:Drivers/CMSIS/DSP/Source/ComplexMathFunctions/arm_cmplx_mag_squared_f32.c ****   /* If the numSamples is not a multiple of 4, compute any remaining output samples here.
 176:Drivers/CMSIS/DSP/Source/ComplexMathFunctions/arm_cmplx_mag_squared_f32.c ****    ** No loop unrolling is used. */
 177:Drivers/CMSIS/DSP/Source/ComplexMathFunctions/arm_cmplx_mag_squared_f32.c ****   blkCnt = numSamples % 0x4U;
 178:Drivers/CMSIS/DSP/Source/ComplexMathFunctions/arm_cmplx_mag_squared_f32.c **** 
 179:Drivers/CMSIS/DSP/Source/ComplexMathFunctions/arm_cmplx_mag_squared_f32.c **** #else
 180:Drivers/CMSIS/DSP/Source/ComplexMathFunctions/arm_cmplx_mag_squared_f32.c **** 
 181:Drivers/CMSIS/DSP/Source/ComplexMathFunctions/arm_cmplx_mag_squared_f32.c ****   /* Run the below code for Cortex-M0 */
ARM GAS  C:\Users\Lamp\AppData\Local\Temp\ccxpC2oA.s 			page 5


 182:Drivers/CMSIS/DSP/Source/ComplexMathFunctions/arm_cmplx_mag_squared_f32.c **** 
 183:Drivers/CMSIS/DSP/Source/ComplexMathFunctions/arm_cmplx_mag_squared_f32.c ****   blkCnt = numSamples;
  49              		.loc 1 183 3 view .LVU4
  50              	.LVL1:
 184:Drivers/CMSIS/DSP/Source/ComplexMathFunctions/arm_cmplx_mag_squared_f32.c **** 
 185:Drivers/CMSIS/DSP/Source/ComplexMathFunctions/arm_cmplx_mag_squared_f32.c **** #endif /* #if defined (ARM_MATH_DSP) */
 186:Drivers/CMSIS/DSP/Source/ComplexMathFunctions/arm_cmplx_mag_squared_f32.c **** 
 187:Drivers/CMSIS/DSP/Source/ComplexMathFunctions/arm_cmplx_mag_squared_f32.c ****   while (blkCnt > 0U)
  51              		.loc 1 187 3 view .LVU5
  52              		.loc 1 187 9 is_stmt 0 view .LVU6
  53 000a 14E0     		b	.L2
  54              	.LVL2:
  55              	.L3:
 188:Drivers/CMSIS/DSP/Source/ComplexMathFunctions/arm_cmplx_mag_squared_f32.c ****   {
 189:Drivers/CMSIS/DSP/Source/ComplexMathFunctions/arm_cmplx_mag_squared_f32.c ****     /* C[0] = (A[0] * A[0] + A[1] * A[1]) */
 190:Drivers/CMSIS/DSP/Source/ComplexMathFunctions/arm_cmplx_mag_squared_f32.c ****     real = *pSrc++;
  56              		.loc 1 190 5 is_stmt 1 view .LVU7
  57              		.loc 1 190 10 is_stmt 0 view .LVU8
  58 000c 1D46     		mov	r5, r3
  59 000e 55F8080B 		ldr	r0, [r5], #8	@ float
  60              	.LVL3:
 191:Drivers/CMSIS/DSP/Source/ComplexMathFunctions/arm_cmplx_mag_squared_f32.c ****     imag = *pSrc++;
  61              		.loc 1 191 5 is_stmt 1 view .LVU9
  62              		.loc 1 191 10 is_stmt 0 view .LVU10
  63 0012 D3F80480 		ldr	r8, [r3, #4]	@ float
  64              	.LVL4:
 192:Drivers/CMSIS/DSP/Source/ComplexMathFunctions/arm_cmplx_mag_squared_f32.c **** 
 193:Drivers/CMSIS/DSP/Source/ComplexMathFunctions/arm_cmplx_mag_squared_f32.c ****     /* out = (real * real) + (imag * imag) */
 194:Drivers/CMSIS/DSP/Source/ComplexMathFunctions/arm_cmplx_mag_squared_f32.c ****     /* store the result in the destination buffer. */
 195:Drivers/CMSIS/DSP/Source/ComplexMathFunctions/arm_cmplx_mag_squared_f32.c ****     *pDst++ = (real * real) + (imag * imag);
  65              		.loc 1 195 5 is_stmt 1 view .LVU11
  66              		.loc 1 195 21 is_stmt 0 view .LVU12
  67 0016 0146     		mov	r1, r0
  68 0018 FFF7FEFF 		bl	__aeabi_fmul
  69              	.LVL5:
  70              		.loc 1 195 21 view .LVU13
  71 001c 0646     		mov	r6, r0
  72              		.loc 1 195 37 view .LVU14
  73 001e 4146     		mov	r1, r8
  74 0020 4046     		mov	r0, r8
  75 0022 FFF7FEFF 		bl	__aeabi_fmul
  76              	.LVL6:
  77 0026 0146     		mov	r1, r0
  78              	.LVL7:
  79              		.loc 1 195 29 view .LVU15
  80 0028 3046     		mov	r0, r6
  81 002a FFF7FEFF 		bl	__aeabi_fadd
  82              	.LVL8:
  83              		.loc 1 195 13 view .LVU16
  84 002e 44F8040B 		str	r0, [r4], #4	@ float
  85              	.LVL9:
 196:Drivers/CMSIS/DSP/Source/ComplexMathFunctions/arm_cmplx_mag_squared_f32.c **** 
 197:Drivers/CMSIS/DSP/Source/ComplexMathFunctions/arm_cmplx_mag_squared_f32.c ****     /* Decrement the loop counter */
 198:Drivers/CMSIS/DSP/Source/ComplexMathFunctions/arm_cmplx_mag_squared_f32.c ****     blkCnt--;
  86              		.loc 1 198 5 is_stmt 1 view .LVU17
  87              		.loc 1 198 11 is_stmt 0 view .LVU18
  88 0032 013F     		subs	r7, r7, #1
ARM GAS  C:\Users\Lamp\AppData\Local\Temp\ccxpC2oA.s 			page 6


  89              	.LVL10:
 191:Drivers/CMSIS/DSP/Source/ComplexMathFunctions/arm_cmplx_mag_squared_f32.c **** 
  90              		.loc 1 191 17 view .LVU19
  91 0034 2B46     		mov	r3, r5
  92              	.LVL11:
  93              	.L2:
 187:Drivers/CMSIS/DSP/Source/ComplexMathFunctions/arm_cmplx_mag_squared_f32.c ****   {
  94              		.loc 1 187 17 is_stmt 1 view .LVU20
  95 0036 002F     		cmp	r7, #0
  96 0038 E8D1     		bne	.L3
 199:Drivers/CMSIS/DSP/Source/ComplexMathFunctions/arm_cmplx_mag_squared_f32.c ****   }
 200:Drivers/CMSIS/DSP/Source/ComplexMathFunctions/arm_cmplx_mag_squared_f32.c **** }
  97              		.loc 1 200 1 is_stmt 0 view .LVU21
  98 003a BDE8F081 		pop	{r4, r5, r6, r7, r8, pc}
  99              		.loc 1 200 1 view .LVU22
 100              		.cfi_endproc
 101              	.LFE100:
 103              		.text
 104              	.Letext0:
 105              		.file 2 "C:/ARM GNU Toolchain/arm-none-eabi/include/machine/_default_types.h"
 106              		.file 3 "C:/ARM GNU Toolchain/arm-none-eabi/include/sys/_stdint.h"
 107              		.file 4 "Drivers/CMSIS/DSP/Include/arm_math.h"
ARM GAS  C:\Users\Lamp\AppData\Local\Temp\ccxpC2oA.s 			page 7


DEFINED SYMBOLS
                            *ABS*:00000000 arm_cmplx_mag_squared_f32.c
C:\Users\Lamp\AppData\Local\Temp\ccxpC2oA.s:21     .text.arm_cmplx_mag_squared_f32:00000000 $t
C:\Users\Lamp\AppData\Local\Temp\ccxpC2oA.s:27     .text.arm_cmplx_mag_squared_f32:00000000 arm_cmplx_mag_squared_f32

UNDEFINED SYMBOLS
__aeabi_fmul
__aeabi_fadd
