ARM GAS  C:\Users\Lamp\AppData\Local\Temp\ccpvIFry.s 			page 1


   1              		.cpu cortex-m3
   2              		.arch armv7-m
   3              		.fpu softvfp
   4              		.eabi_attribute 20, 1
   5              		.eabi_attribute 21, 1
   6              		.eabi_attribute 23, 3
   7              		.eabi_attribute 24, 1
   8              		.eabi_attribute 25, 1
   9              		.eabi_attribute 26, 1
  10              		.eabi_attribute 30, 1
  11              		.eabi_attribute 34, 1
  12              		.eabi_attribute 18, 4
  13              		.file	"arm_mat_init_q15.c"
  14              		.text
  15              	.Ltext0:
  16              		.cfi_sections	.debug_frame
  17              		.file 1 "Drivers/CMSIS/DSP/Source/MatrixFunctions/arm_mat_init_q15.c"
  18              		.section	.text.arm_mat_init_q15,"ax",%progbits
  19              		.align	1
  20              		.global	arm_mat_init_q15
  21              		.syntax unified
  22              		.thumb
  23              		.thumb_func
  25              	arm_mat_init_q15:
  26              	.LVL0:
  27              	.LFB100:
   1:Drivers/CMSIS/DSP/Source/MatrixFunctions/arm_mat_init_q15.c **** /* ----------------------------------------------------------------------
   2:Drivers/CMSIS/DSP/Source/MatrixFunctions/arm_mat_init_q15.c ****  * Project:      CMSIS DSP Library
   3:Drivers/CMSIS/DSP/Source/MatrixFunctions/arm_mat_init_q15.c ****  * Title:        arm_mat_init_q15.c
   4:Drivers/CMSIS/DSP/Source/MatrixFunctions/arm_mat_init_q15.c ****  * Description:  Q15 matrix initialization
   5:Drivers/CMSIS/DSP/Source/MatrixFunctions/arm_mat_init_q15.c ****  *
   6:Drivers/CMSIS/DSP/Source/MatrixFunctions/arm_mat_init_q15.c ****  * $Date:        27. January 2017
   7:Drivers/CMSIS/DSP/Source/MatrixFunctions/arm_mat_init_q15.c ****  * $Revision:    V.1.5.1
   8:Drivers/CMSIS/DSP/Source/MatrixFunctions/arm_mat_init_q15.c ****  *
   9:Drivers/CMSIS/DSP/Source/MatrixFunctions/arm_mat_init_q15.c ****  * Target Processor: Cortex-M cores
  10:Drivers/CMSIS/DSP/Source/MatrixFunctions/arm_mat_init_q15.c ****  * -------------------------------------------------------------------- */
  11:Drivers/CMSIS/DSP/Source/MatrixFunctions/arm_mat_init_q15.c **** /*
  12:Drivers/CMSIS/DSP/Source/MatrixFunctions/arm_mat_init_q15.c ****  * Copyright (C) 2010-2017 ARM Limited or its affiliates. All rights reserved.
  13:Drivers/CMSIS/DSP/Source/MatrixFunctions/arm_mat_init_q15.c ****  *
  14:Drivers/CMSIS/DSP/Source/MatrixFunctions/arm_mat_init_q15.c ****  * SPDX-License-Identifier: Apache-2.0
  15:Drivers/CMSIS/DSP/Source/MatrixFunctions/arm_mat_init_q15.c ****  *
  16:Drivers/CMSIS/DSP/Source/MatrixFunctions/arm_mat_init_q15.c ****  * Licensed under the Apache License, Version 2.0 (the License); you may
  17:Drivers/CMSIS/DSP/Source/MatrixFunctions/arm_mat_init_q15.c ****  * not use this file except in compliance with the License.
  18:Drivers/CMSIS/DSP/Source/MatrixFunctions/arm_mat_init_q15.c ****  * You may obtain a copy of the License at
  19:Drivers/CMSIS/DSP/Source/MatrixFunctions/arm_mat_init_q15.c ****  *
  20:Drivers/CMSIS/DSP/Source/MatrixFunctions/arm_mat_init_q15.c ****  * www.apache.org/licenses/LICENSE-2.0
  21:Drivers/CMSIS/DSP/Source/MatrixFunctions/arm_mat_init_q15.c ****  *
  22:Drivers/CMSIS/DSP/Source/MatrixFunctions/arm_mat_init_q15.c ****  * Unless required by applicable law or agreed to in writing, software
  23:Drivers/CMSIS/DSP/Source/MatrixFunctions/arm_mat_init_q15.c ****  * distributed under the License is distributed on an AS IS BASIS, WITHOUT
  24:Drivers/CMSIS/DSP/Source/MatrixFunctions/arm_mat_init_q15.c ****  * WARRANTIES OR CONDITIONS OF ANY KIND, either express or implied.
  25:Drivers/CMSIS/DSP/Source/MatrixFunctions/arm_mat_init_q15.c ****  * See the License for the specific language governing permissions and
  26:Drivers/CMSIS/DSP/Source/MatrixFunctions/arm_mat_init_q15.c ****  * limitations under the License.
  27:Drivers/CMSIS/DSP/Source/MatrixFunctions/arm_mat_init_q15.c ****  */
  28:Drivers/CMSIS/DSP/Source/MatrixFunctions/arm_mat_init_q15.c **** 
  29:Drivers/CMSIS/DSP/Source/MatrixFunctions/arm_mat_init_q15.c **** #include "arm_math.h"
  30:Drivers/CMSIS/DSP/Source/MatrixFunctions/arm_mat_init_q15.c **** 
  31:Drivers/CMSIS/DSP/Source/MatrixFunctions/arm_mat_init_q15.c **** /**
ARM GAS  C:\Users\Lamp\AppData\Local\Temp\ccpvIFry.s 			page 2


  32:Drivers/CMSIS/DSP/Source/MatrixFunctions/arm_mat_init_q15.c ****  * @ingroup groupMatrix
  33:Drivers/CMSIS/DSP/Source/MatrixFunctions/arm_mat_init_q15.c ****  */
  34:Drivers/CMSIS/DSP/Source/MatrixFunctions/arm_mat_init_q15.c **** 
  35:Drivers/CMSIS/DSP/Source/MatrixFunctions/arm_mat_init_q15.c **** /**
  36:Drivers/CMSIS/DSP/Source/MatrixFunctions/arm_mat_init_q15.c ****  * @addtogroup MatrixInit
  37:Drivers/CMSIS/DSP/Source/MatrixFunctions/arm_mat_init_q15.c ****  * @{
  38:Drivers/CMSIS/DSP/Source/MatrixFunctions/arm_mat_init_q15.c ****  */
  39:Drivers/CMSIS/DSP/Source/MatrixFunctions/arm_mat_init_q15.c **** 
  40:Drivers/CMSIS/DSP/Source/MatrixFunctions/arm_mat_init_q15.c ****   /**
  41:Drivers/CMSIS/DSP/Source/MatrixFunctions/arm_mat_init_q15.c ****    * @brief  Q15 matrix initialization.
  42:Drivers/CMSIS/DSP/Source/MatrixFunctions/arm_mat_init_q15.c ****    * @param[in,out] *S             points to an instance of the floating-point matrix structure.
  43:Drivers/CMSIS/DSP/Source/MatrixFunctions/arm_mat_init_q15.c ****    * @param[in]     nRows          number of rows in the matrix.
  44:Drivers/CMSIS/DSP/Source/MatrixFunctions/arm_mat_init_q15.c ****    * @param[in]     nColumns       number of columns in the matrix.
  45:Drivers/CMSIS/DSP/Source/MatrixFunctions/arm_mat_init_q15.c ****    * @param[in]     *pData	   points to the matrix data array.
  46:Drivers/CMSIS/DSP/Source/MatrixFunctions/arm_mat_init_q15.c ****    * @return        none
  47:Drivers/CMSIS/DSP/Source/MatrixFunctions/arm_mat_init_q15.c ****    */
  48:Drivers/CMSIS/DSP/Source/MatrixFunctions/arm_mat_init_q15.c **** 
  49:Drivers/CMSIS/DSP/Source/MatrixFunctions/arm_mat_init_q15.c **** void arm_mat_init_q15(
  50:Drivers/CMSIS/DSP/Source/MatrixFunctions/arm_mat_init_q15.c ****   arm_matrix_instance_q15 * S,
  51:Drivers/CMSIS/DSP/Source/MatrixFunctions/arm_mat_init_q15.c ****   uint16_t nRows,
  52:Drivers/CMSIS/DSP/Source/MatrixFunctions/arm_mat_init_q15.c ****   uint16_t nColumns,
  53:Drivers/CMSIS/DSP/Source/MatrixFunctions/arm_mat_init_q15.c ****   q15_t * pData)
  54:Drivers/CMSIS/DSP/Source/MatrixFunctions/arm_mat_init_q15.c **** {
  28              		.loc 1 54 1 view -0
  29              		.cfi_startproc
  30              		@ args = 0, pretend = 0, frame = 0
  31              		@ frame_needed = 0, uses_anonymous_args = 0
  32              		@ link register save eliminated.
  55:Drivers/CMSIS/DSP/Source/MatrixFunctions/arm_mat_init_q15.c ****   /* Assign Number of Rows */
  56:Drivers/CMSIS/DSP/Source/MatrixFunctions/arm_mat_init_q15.c ****   S->numRows = nRows;
  33              		.loc 1 56 3 view .LVU1
  34              		.loc 1 56 14 is_stmt 0 view .LVU2
  35 0000 0180     		strh	r1, [r0]	@ movhi
  57:Drivers/CMSIS/DSP/Source/MatrixFunctions/arm_mat_init_q15.c **** 
  58:Drivers/CMSIS/DSP/Source/MatrixFunctions/arm_mat_init_q15.c ****   /* Assign Number of Columns */
  59:Drivers/CMSIS/DSP/Source/MatrixFunctions/arm_mat_init_q15.c ****   S->numCols = nColumns;
  36              		.loc 1 59 3 is_stmt 1 view .LVU3
  37              		.loc 1 59 14 is_stmt 0 view .LVU4
  38 0002 4280     		strh	r2, [r0, #2]	@ movhi
  60:Drivers/CMSIS/DSP/Source/MatrixFunctions/arm_mat_init_q15.c **** 
  61:Drivers/CMSIS/DSP/Source/MatrixFunctions/arm_mat_init_q15.c ****   /* Assign Data pointer */
  62:Drivers/CMSIS/DSP/Source/MatrixFunctions/arm_mat_init_q15.c ****   S->pData = pData;
  39              		.loc 1 62 3 is_stmt 1 view .LVU5
  40              		.loc 1 62 12 is_stmt 0 view .LVU6
  41 0004 4360     		str	r3, [r0, #4]
  63:Drivers/CMSIS/DSP/Source/MatrixFunctions/arm_mat_init_q15.c **** }
  42              		.loc 1 63 1 view .LVU7
  43 0006 7047     		bx	lr
  44              		.cfi_endproc
  45              	.LFE100:
  47              		.text
  48              	.Letext0:
  49              		.file 2 "C:/ARM GNU Toolchain/arm-none-eabi/include/machine/_default_types.h"
  50              		.file 3 "C:/ARM GNU Toolchain/arm-none-eabi/include/sys/_stdint.h"
  51              		.file 4 "Drivers/CMSIS/DSP/Include/arm_math.h"
ARM GAS  C:\Users\Lamp\AppData\Local\Temp\ccpvIFry.s 			page 3


DEFINED SYMBOLS
                            *ABS*:00000000 arm_mat_init_q15.c
C:\Users\Lamp\AppData\Local\Temp\ccpvIFry.s:19     .text.arm_mat_init_q15:00000000 $t
C:\Users\Lamp\AppData\Local\Temp\ccpvIFry.s:25     .text.arm_mat_init_q15:00000000 arm_mat_init_q15

NO UNDEFINED SYMBOLS
