ARM GAS  C:\Users\Lamp\AppData\Local\Temp\ccY6tDc3.s 			page 1


   1              		.cpu cortex-m3
   2              		.arch armv7-m
   3              		.fpu softvfp
   4              		.eabi_attribute 20, 1
   5              		.eabi_attribute 21, 1
   6              		.eabi_attribute 23, 3
   7              		.eabi_attribute 24, 1
   8              		.eabi_attribute 25, 1
   9              		.eabi_attribute 26, 1
  10              		.eabi_attribute 30, 1
  11              		.eabi_attribute 34, 1
  12              		.eabi_attribute 18, 4
  13              		.file	"arm_fir_sparse_init_q31.c"
  14              		.text
  15              	.Ltext0:
  16              		.cfi_sections	.debug_frame
  17              		.file 1 "Drivers/CMSIS/DSP/Source/FilteringFunctions/arm_fir_sparse_init_q31.c"
  18              		.section	.text.arm_fir_sparse_init_q31,"ax",%progbits
  19              		.align	1
  20              		.global	arm_fir_sparse_init_q31
  21              		.syntax unified
  22              		.thumb
  23              		.thumb_func
  25              	arm_fir_sparse_init_q31:
  26              	.LVL0:
  27              	.LFB100:
   1:Drivers/CMSIS/DSP/Source/FilteringFunctions/arm_fir_sparse_init_q31.c **** /* ----------------------------------------------------------------------
   2:Drivers/CMSIS/DSP/Source/FilteringFunctions/arm_fir_sparse_init_q31.c ****  * Project:      CMSIS DSP Library
   3:Drivers/CMSIS/DSP/Source/FilteringFunctions/arm_fir_sparse_init_q31.c ****  * Title:        arm_fir_sparse_init_q31.c
   4:Drivers/CMSIS/DSP/Source/FilteringFunctions/arm_fir_sparse_init_q31.c ****  * Description:  Q31 sparse FIR filter initialization function
   5:Drivers/CMSIS/DSP/Source/FilteringFunctions/arm_fir_sparse_init_q31.c ****  *
   6:Drivers/CMSIS/DSP/Source/FilteringFunctions/arm_fir_sparse_init_q31.c ****  * $Date:        27. January 2017
   7:Drivers/CMSIS/DSP/Source/FilteringFunctions/arm_fir_sparse_init_q31.c ****  * $Revision:    V.1.5.1
   8:Drivers/CMSIS/DSP/Source/FilteringFunctions/arm_fir_sparse_init_q31.c ****  *
   9:Drivers/CMSIS/DSP/Source/FilteringFunctions/arm_fir_sparse_init_q31.c ****  * Target Processor: Cortex-M cores
  10:Drivers/CMSIS/DSP/Source/FilteringFunctions/arm_fir_sparse_init_q31.c ****  * -------------------------------------------------------------------- */
  11:Drivers/CMSIS/DSP/Source/FilteringFunctions/arm_fir_sparse_init_q31.c **** /*
  12:Drivers/CMSIS/DSP/Source/FilteringFunctions/arm_fir_sparse_init_q31.c ****  * Copyright (C) 2010-2017 ARM Limited or its affiliates. All rights reserved.
  13:Drivers/CMSIS/DSP/Source/FilteringFunctions/arm_fir_sparse_init_q31.c ****  *
  14:Drivers/CMSIS/DSP/Source/FilteringFunctions/arm_fir_sparse_init_q31.c ****  * SPDX-License-Identifier: Apache-2.0
  15:Drivers/CMSIS/DSP/Source/FilteringFunctions/arm_fir_sparse_init_q31.c ****  *
  16:Drivers/CMSIS/DSP/Source/FilteringFunctions/arm_fir_sparse_init_q31.c ****  * Licensed under the Apache License, Version 2.0 (the License); you may
  17:Drivers/CMSIS/DSP/Source/FilteringFunctions/arm_fir_sparse_init_q31.c ****  * not use this file except in compliance with the License.
  18:Drivers/CMSIS/DSP/Source/FilteringFunctions/arm_fir_sparse_init_q31.c ****  * You may obtain a copy of the License at
  19:Drivers/CMSIS/DSP/Source/FilteringFunctions/arm_fir_sparse_init_q31.c ****  *
  20:Drivers/CMSIS/DSP/Source/FilteringFunctions/arm_fir_sparse_init_q31.c ****  * www.apache.org/licenses/LICENSE-2.0
  21:Drivers/CMSIS/DSP/Source/FilteringFunctions/arm_fir_sparse_init_q31.c ****  *
  22:Drivers/CMSIS/DSP/Source/FilteringFunctions/arm_fir_sparse_init_q31.c ****  * Unless required by applicable law or agreed to in writing, software
  23:Drivers/CMSIS/DSP/Source/FilteringFunctions/arm_fir_sparse_init_q31.c ****  * distributed under the License is distributed on an AS IS BASIS, WITHOUT
  24:Drivers/CMSIS/DSP/Source/FilteringFunctions/arm_fir_sparse_init_q31.c ****  * WARRANTIES OR CONDITIONS OF ANY KIND, either express or implied.
  25:Drivers/CMSIS/DSP/Source/FilteringFunctions/arm_fir_sparse_init_q31.c ****  * See the License for the specific language governing permissions and
  26:Drivers/CMSIS/DSP/Source/FilteringFunctions/arm_fir_sparse_init_q31.c ****  * limitations under the License.
  27:Drivers/CMSIS/DSP/Source/FilteringFunctions/arm_fir_sparse_init_q31.c ****  */
  28:Drivers/CMSIS/DSP/Source/FilteringFunctions/arm_fir_sparse_init_q31.c **** 
  29:Drivers/CMSIS/DSP/Source/FilteringFunctions/arm_fir_sparse_init_q31.c **** #include "arm_math.h"
  30:Drivers/CMSIS/DSP/Source/FilteringFunctions/arm_fir_sparse_init_q31.c **** 
  31:Drivers/CMSIS/DSP/Source/FilteringFunctions/arm_fir_sparse_init_q31.c **** /**
ARM GAS  C:\Users\Lamp\AppData\Local\Temp\ccY6tDc3.s 			page 2


  32:Drivers/CMSIS/DSP/Source/FilteringFunctions/arm_fir_sparse_init_q31.c ****  * @ingroup groupFilters
  33:Drivers/CMSIS/DSP/Source/FilteringFunctions/arm_fir_sparse_init_q31.c ****  */
  34:Drivers/CMSIS/DSP/Source/FilteringFunctions/arm_fir_sparse_init_q31.c **** 
  35:Drivers/CMSIS/DSP/Source/FilteringFunctions/arm_fir_sparse_init_q31.c **** /**
  36:Drivers/CMSIS/DSP/Source/FilteringFunctions/arm_fir_sparse_init_q31.c ****  * @addtogroup FIR_Sparse
  37:Drivers/CMSIS/DSP/Source/FilteringFunctions/arm_fir_sparse_init_q31.c ****  * @{
  38:Drivers/CMSIS/DSP/Source/FilteringFunctions/arm_fir_sparse_init_q31.c ****  */
  39:Drivers/CMSIS/DSP/Source/FilteringFunctions/arm_fir_sparse_init_q31.c **** 
  40:Drivers/CMSIS/DSP/Source/FilteringFunctions/arm_fir_sparse_init_q31.c **** /**
  41:Drivers/CMSIS/DSP/Source/FilteringFunctions/arm_fir_sparse_init_q31.c ****  * @brief  Initialization function for the Q31 sparse FIR filter.
  42:Drivers/CMSIS/DSP/Source/FilteringFunctions/arm_fir_sparse_init_q31.c ****  * @param[in,out] *S         points to an instance of the Q31 sparse FIR structure.
  43:Drivers/CMSIS/DSP/Source/FilteringFunctions/arm_fir_sparse_init_q31.c ****  * @param[in]     numTaps    number of nonzero coefficients in the filter.
  44:Drivers/CMSIS/DSP/Source/FilteringFunctions/arm_fir_sparse_init_q31.c ****  * @param[in]     *pCoeffs   points to the array of filter coefficients.
  45:Drivers/CMSIS/DSP/Source/FilteringFunctions/arm_fir_sparse_init_q31.c ****  * @param[in]     *pState    points to the state buffer.
  46:Drivers/CMSIS/DSP/Source/FilteringFunctions/arm_fir_sparse_init_q31.c ****  * @param[in]     *pTapDelay points to the array of offset times.
  47:Drivers/CMSIS/DSP/Source/FilteringFunctions/arm_fir_sparse_init_q31.c ****  * @param[in]     maxDelay   maximum offset time supported.
  48:Drivers/CMSIS/DSP/Source/FilteringFunctions/arm_fir_sparse_init_q31.c ****  * @param[in]     blockSize  number of samples that will be processed per block.
  49:Drivers/CMSIS/DSP/Source/FilteringFunctions/arm_fir_sparse_init_q31.c ****  * @return none
  50:Drivers/CMSIS/DSP/Source/FilteringFunctions/arm_fir_sparse_init_q31.c ****  *
  51:Drivers/CMSIS/DSP/Source/FilteringFunctions/arm_fir_sparse_init_q31.c ****  * <b>Description:</b>
  52:Drivers/CMSIS/DSP/Source/FilteringFunctions/arm_fir_sparse_init_q31.c ****  * \par
  53:Drivers/CMSIS/DSP/Source/FilteringFunctions/arm_fir_sparse_init_q31.c ****  * <code>pCoeffs</code> holds the filter coefficients and has length <code>numTaps</code>.
  54:Drivers/CMSIS/DSP/Source/FilteringFunctions/arm_fir_sparse_init_q31.c ****  * <code>pState</code> holds the filter's state variables and must be of length
  55:Drivers/CMSIS/DSP/Source/FilteringFunctions/arm_fir_sparse_init_q31.c ****  * <code>maxDelay + blockSize</code>, where <code>maxDelay</code>
  56:Drivers/CMSIS/DSP/Source/FilteringFunctions/arm_fir_sparse_init_q31.c ****  * is the maximum number of delay line values.
  57:Drivers/CMSIS/DSP/Source/FilteringFunctions/arm_fir_sparse_init_q31.c ****  * <code>blockSize</code> is the number of words processed by <code>arm_fir_sparse_q31()</code> fun
  58:Drivers/CMSIS/DSP/Source/FilteringFunctions/arm_fir_sparse_init_q31.c ****  */
  59:Drivers/CMSIS/DSP/Source/FilteringFunctions/arm_fir_sparse_init_q31.c **** 
  60:Drivers/CMSIS/DSP/Source/FilteringFunctions/arm_fir_sparse_init_q31.c **** void arm_fir_sparse_init_q31(
  61:Drivers/CMSIS/DSP/Source/FilteringFunctions/arm_fir_sparse_init_q31.c ****   arm_fir_sparse_instance_q31 * S,
  62:Drivers/CMSIS/DSP/Source/FilteringFunctions/arm_fir_sparse_init_q31.c ****   uint16_t numTaps,
  63:Drivers/CMSIS/DSP/Source/FilteringFunctions/arm_fir_sparse_init_q31.c ****   q31_t * pCoeffs,
  64:Drivers/CMSIS/DSP/Source/FilteringFunctions/arm_fir_sparse_init_q31.c ****   q31_t * pState,
  65:Drivers/CMSIS/DSP/Source/FilteringFunctions/arm_fir_sparse_init_q31.c ****   int32_t * pTapDelay,
  66:Drivers/CMSIS/DSP/Source/FilteringFunctions/arm_fir_sparse_init_q31.c ****   uint16_t maxDelay,
  67:Drivers/CMSIS/DSP/Source/FilteringFunctions/arm_fir_sparse_init_q31.c ****   uint32_t blockSize)
  68:Drivers/CMSIS/DSP/Source/FilteringFunctions/arm_fir_sparse_init_q31.c **** {
  28              		.loc 1 68 1 view -0
  29              		.cfi_startproc
  30              		@ args = 12, pretend = 0, frame = 0
  31              		@ frame_needed = 0, uses_anonymous_args = 0
  32              		.loc 1 68 1 is_stmt 0 view .LVU1
  33 0000 38B5     		push	{r3, r4, r5, lr}
  34              	.LCFI0:
  35              		.cfi_def_cfa_offset 16
  36              		.cfi_offset 3, -16
  37              		.cfi_offset 4, -12
  38              		.cfi_offset 5, -8
  39              		.cfi_offset 14, -4
  40 0002 0446     		mov	r4, r0
  41 0004 1D46     		mov	r5, r3
  42 0006 BDF81430 		ldrh	r3, [sp, #20]
  43              	.LVL1:
  69:Drivers/CMSIS/DSP/Source/FilteringFunctions/arm_fir_sparse_init_q31.c ****   /* Assign filter taps */
  70:Drivers/CMSIS/DSP/Source/FilteringFunctions/arm_fir_sparse_init_q31.c ****   S->numTaps = numTaps;
  44              		.loc 1 70 3 is_stmt 1 view .LVU2
  45              		.loc 1 70 14 is_stmt 0 view .LVU3
ARM GAS  C:\Users\Lamp\AppData\Local\Temp\ccY6tDc3.s 			page 3


  46 000a 0180     		strh	r1, [r0]	@ movhi
  71:Drivers/CMSIS/DSP/Source/FilteringFunctions/arm_fir_sparse_init_q31.c **** 
  72:Drivers/CMSIS/DSP/Source/FilteringFunctions/arm_fir_sparse_init_q31.c ****   /* Assign coefficient pointer */
  73:Drivers/CMSIS/DSP/Source/FilteringFunctions/arm_fir_sparse_init_q31.c ****   S->pCoeffs = pCoeffs;
  47              		.loc 1 73 3 is_stmt 1 view .LVU4
  48              		.loc 1 73 14 is_stmt 0 view .LVU5
  49 000c 8260     		str	r2, [r0, #8]
  74:Drivers/CMSIS/DSP/Source/FilteringFunctions/arm_fir_sparse_init_q31.c **** 
  75:Drivers/CMSIS/DSP/Source/FilteringFunctions/arm_fir_sparse_init_q31.c ****   /* Assign TapDelay pointer */
  76:Drivers/CMSIS/DSP/Source/FilteringFunctions/arm_fir_sparse_init_q31.c ****   S->pTapDelay = pTapDelay;
  50              		.loc 1 76 3 is_stmt 1 view .LVU6
  51              		.loc 1 76 16 is_stmt 0 view .LVU7
  52 000e 049A     		ldr	r2, [sp, #16]
  53              	.LVL2:
  54              		.loc 1 76 16 view .LVU8
  55 0010 0261     		str	r2, [r0, #16]
  77:Drivers/CMSIS/DSP/Source/FilteringFunctions/arm_fir_sparse_init_q31.c **** 
  78:Drivers/CMSIS/DSP/Source/FilteringFunctions/arm_fir_sparse_init_q31.c ****   /* Assign MaxDelay */
  79:Drivers/CMSIS/DSP/Source/FilteringFunctions/arm_fir_sparse_init_q31.c ****   S->maxDelay = maxDelay;
  56              		.loc 1 79 3 is_stmt 1 view .LVU9
  57              		.loc 1 79 15 is_stmt 0 view .LVU10
  58 0012 8381     		strh	r3, [r0, #12]	@ movhi
  80:Drivers/CMSIS/DSP/Source/FilteringFunctions/arm_fir_sparse_init_q31.c **** 
  81:Drivers/CMSIS/DSP/Source/FilteringFunctions/arm_fir_sparse_init_q31.c ****   /* reset the stateIndex to 0 */
  82:Drivers/CMSIS/DSP/Source/FilteringFunctions/arm_fir_sparse_init_q31.c ****   S->stateIndex = 0U;
  59              		.loc 1 82 3 is_stmt 1 view .LVU11
  60              		.loc 1 82 17 is_stmt 0 view .LVU12
  61 0014 0021     		movs	r1, #0
  62              	.LVL3:
  63              		.loc 1 82 17 view .LVU13
  64 0016 4180     		strh	r1, [r0, #2]	@ movhi
  83:Drivers/CMSIS/DSP/Source/FilteringFunctions/arm_fir_sparse_init_q31.c **** 
  84:Drivers/CMSIS/DSP/Source/FilteringFunctions/arm_fir_sparse_init_q31.c ****   /* Clear state buffer and size is always maxDelay + blockSize */
  85:Drivers/CMSIS/DSP/Source/FilteringFunctions/arm_fir_sparse_init_q31.c ****   memset(pState, 0, (maxDelay + blockSize) * sizeof(q31_t));
  65              		.loc 1 85 3 is_stmt 1 view .LVU14
  66              		.loc 1 85 31 is_stmt 0 view .LVU15
  67 0018 069A     		ldr	r2, [sp, #24]
  68 001a 1A44     		add	r2, r2, r3
  69              		.loc 1 85 3 view .LVU16
  70 001c 9200     		lsls	r2, r2, #2
  71 001e 2846     		mov	r0, r5
  72              	.LVL4:
  73              		.loc 1 85 3 view .LVU17
  74 0020 FFF7FEFF 		bl	memset
  75              	.LVL5:
  86:Drivers/CMSIS/DSP/Source/FilteringFunctions/arm_fir_sparse_init_q31.c **** 
  87:Drivers/CMSIS/DSP/Source/FilteringFunctions/arm_fir_sparse_init_q31.c ****   /* Assign state pointer */
  88:Drivers/CMSIS/DSP/Source/FilteringFunctions/arm_fir_sparse_init_q31.c ****   S->pState = pState;
  76              		.loc 1 88 3 is_stmt 1 view .LVU18
  77              		.loc 1 88 13 is_stmt 0 view .LVU19
  78 0024 6560     		str	r5, [r4, #4]
  89:Drivers/CMSIS/DSP/Source/FilteringFunctions/arm_fir_sparse_init_q31.c **** 
  90:Drivers/CMSIS/DSP/Source/FilteringFunctions/arm_fir_sparse_init_q31.c **** }
  79              		.loc 1 90 1 view .LVU20
  80 0026 38BD     		pop	{r3, r4, r5, pc}
  81              		.loc 1 90 1 view .LVU21
  82              		.cfi_endproc
ARM GAS  C:\Users\Lamp\AppData\Local\Temp\ccY6tDc3.s 			page 4


  83              	.LFE100:
  85              		.text
  86              	.Letext0:
  87              		.file 2 "C:/ARM GNU Toolchain/arm-none-eabi/include/machine/_default_types.h"
  88              		.file 3 "C:/ARM GNU Toolchain/arm-none-eabi/include/sys/_stdint.h"
  89              		.file 4 "C:/ARM GNU Toolchain/lib/gcc/arm-none-eabi/13.3.1/include/stddef.h"
  90              		.file 5 "Drivers/CMSIS/DSP/Include/arm_math.h"
  91              		.file 6 "C:/ARM GNU Toolchain/arm-none-eabi/include/string.h"
  92              		.file 7 "<built-in>"
ARM GAS  C:\Users\Lamp\AppData\Local\Temp\ccY6tDc3.s 			page 5


DEFINED SYMBOLS
                            *ABS*:00000000 arm_fir_sparse_init_q31.c
C:\Users\Lamp\AppData\Local\Temp\ccY6tDc3.s:19     .text.arm_fir_sparse_init_q31:00000000 $t
C:\Users\Lamp\AppData\Local\Temp\ccY6tDc3.s:25     .text.arm_fir_sparse_init_q31:00000000 arm_fir_sparse_init_q31

UNDEFINED SYMBOLS
memset
