ARM GAS  C:\Users\Lamp\AppData\Local\Temp\cckLBO3l.s 			page 1


   1              		.cpu cortex-m3
   2              		.arch armv7-m
   3              		.fpu softvfp
   4              		.eabi_attribute 20, 1
   5              		.eabi_attribute 21, 1
   6              		.eabi_attribute 23, 3
   7              		.eabi_attribute 24, 1
   8              		.eabi_attribute 25, 1
   9              		.eabi_attribute 26, 1
  10              		.eabi_attribute 30, 1
  11              		.eabi_attribute 34, 1
  12              		.eabi_attribute 18, 4
  13              		.file	"arm_sub_q7.c"
  14              		.text
  15              	.Ltext0:
  16              		.cfi_sections	.debug_frame
  17              		.file 1 "Drivers/CMSIS/DSP/Source/BasicMathFunctions/arm_sub_q7.c"
  18              		.section	.text.arm_sub_q7,"ax",%progbits
  19              		.align	1
  20              		.global	arm_sub_q7
  21              		.syntax unified
  22              		.thumb
  23              		.thumb_func
  25              	arm_sub_q7:
  26              	.LVL0:
  27              	.LFB100:
   1:Drivers/CMSIS/DSP/Source/BasicMathFunctions/arm_sub_q7.c **** /* ----------------------------------------------------------------------
   2:Drivers/CMSIS/DSP/Source/BasicMathFunctions/arm_sub_q7.c ****  * Project:      CMSIS DSP Library
   3:Drivers/CMSIS/DSP/Source/BasicMathFunctions/arm_sub_q7.c ****  * Title:        arm_sub_q7.c
   4:Drivers/CMSIS/DSP/Source/BasicMathFunctions/arm_sub_q7.c ****  * Description:  Q7 vector subtraction
   5:Drivers/CMSIS/DSP/Source/BasicMathFunctions/arm_sub_q7.c ****  *
   6:Drivers/CMSIS/DSP/Source/BasicMathFunctions/arm_sub_q7.c ****  * $Date:        27. January 2017
   7:Drivers/CMSIS/DSP/Source/BasicMathFunctions/arm_sub_q7.c ****  * $Revision:    V.1.5.1
   8:Drivers/CMSIS/DSP/Source/BasicMathFunctions/arm_sub_q7.c ****  *
   9:Drivers/CMSIS/DSP/Source/BasicMathFunctions/arm_sub_q7.c ****  * Target Processor: Cortex-M cores
  10:Drivers/CMSIS/DSP/Source/BasicMathFunctions/arm_sub_q7.c ****  * -------------------------------------------------------------------- */
  11:Drivers/CMSIS/DSP/Source/BasicMathFunctions/arm_sub_q7.c **** /*
  12:Drivers/CMSIS/DSP/Source/BasicMathFunctions/arm_sub_q7.c ****  * Copyright (C) 2010-2017 ARM Limited or its affiliates. All rights reserved.
  13:Drivers/CMSIS/DSP/Source/BasicMathFunctions/arm_sub_q7.c ****  *
  14:Drivers/CMSIS/DSP/Source/BasicMathFunctions/arm_sub_q7.c ****  * SPDX-License-Identifier: Apache-2.0
  15:Drivers/CMSIS/DSP/Source/BasicMathFunctions/arm_sub_q7.c ****  *
  16:Drivers/CMSIS/DSP/Source/BasicMathFunctions/arm_sub_q7.c ****  * Licensed under the Apache License, Version 2.0 (the License); you may
  17:Drivers/CMSIS/DSP/Source/BasicMathFunctions/arm_sub_q7.c ****  * not use this file except in compliance with the License.
  18:Drivers/CMSIS/DSP/Source/BasicMathFunctions/arm_sub_q7.c ****  * You may obtain a copy of the License at
  19:Drivers/CMSIS/DSP/Source/BasicMathFunctions/arm_sub_q7.c ****  *
  20:Drivers/CMSIS/DSP/Source/BasicMathFunctions/arm_sub_q7.c ****  * www.apache.org/licenses/LICENSE-2.0
  21:Drivers/CMSIS/DSP/Source/BasicMathFunctions/arm_sub_q7.c ****  *
  22:Drivers/CMSIS/DSP/Source/BasicMathFunctions/arm_sub_q7.c ****  * Unless required by applicable law or agreed to in writing, software
  23:Drivers/CMSIS/DSP/Source/BasicMathFunctions/arm_sub_q7.c ****  * distributed under the License is distributed on an AS IS BASIS, WITHOUT
  24:Drivers/CMSIS/DSP/Source/BasicMathFunctions/arm_sub_q7.c ****  * WARRANTIES OR CONDITIONS OF ANY KIND, either express or implied.
  25:Drivers/CMSIS/DSP/Source/BasicMathFunctions/arm_sub_q7.c ****  * See the License for the specific language governing permissions and
  26:Drivers/CMSIS/DSP/Source/BasicMathFunctions/arm_sub_q7.c ****  * limitations under the License.
  27:Drivers/CMSIS/DSP/Source/BasicMathFunctions/arm_sub_q7.c ****  */
  28:Drivers/CMSIS/DSP/Source/BasicMathFunctions/arm_sub_q7.c **** 
  29:Drivers/CMSIS/DSP/Source/BasicMathFunctions/arm_sub_q7.c **** #include "arm_math.h"
  30:Drivers/CMSIS/DSP/Source/BasicMathFunctions/arm_sub_q7.c **** 
  31:Drivers/CMSIS/DSP/Source/BasicMathFunctions/arm_sub_q7.c **** /**
ARM GAS  C:\Users\Lamp\AppData\Local\Temp\cckLBO3l.s 			page 2


  32:Drivers/CMSIS/DSP/Source/BasicMathFunctions/arm_sub_q7.c ****  * @ingroup groupMath
  33:Drivers/CMSIS/DSP/Source/BasicMathFunctions/arm_sub_q7.c ****  */
  34:Drivers/CMSIS/DSP/Source/BasicMathFunctions/arm_sub_q7.c **** 
  35:Drivers/CMSIS/DSP/Source/BasicMathFunctions/arm_sub_q7.c **** /**
  36:Drivers/CMSIS/DSP/Source/BasicMathFunctions/arm_sub_q7.c ****  * @addtogroup BasicSub
  37:Drivers/CMSIS/DSP/Source/BasicMathFunctions/arm_sub_q7.c ****  * @{
  38:Drivers/CMSIS/DSP/Source/BasicMathFunctions/arm_sub_q7.c ****  */
  39:Drivers/CMSIS/DSP/Source/BasicMathFunctions/arm_sub_q7.c **** 
  40:Drivers/CMSIS/DSP/Source/BasicMathFunctions/arm_sub_q7.c **** /**
  41:Drivers/CMSIS/DSP/Source/BasicMathFunctions/arm_sub_q7.c ****  * @brief Q7 vector subtraction.
  42:Drivers/CMSIS/DSP/Source/BasicMathFunctions/arm_sub_q7.c ****  * @param[in]       *pSrcA points to the first input vector
  43:Drivers/CMSIS/DSP/Source/BasicMathFunctions/arm_sub_q7.c ****  * @param[in]       *pSrcB points to the second input vector
  44:Drivers/CMSIS/DSP/Source/BasicMathFunctions/arm_sub_q7.c ****  * @param[out]      *pDst points to the output vector
  45:Drivers/CMSIS/DSP/Source/BasicMathFunctions/arm_sub_q7.c ****  * @param[in]       blockSize number of samples in each vector
  46:Drivers/CMSIS/DSP/Source/BasicMathFunctions/arm_sub_q7.c ****  * @return none.
  47:Drivers/CMSIS/DSP/Source/BasicMathFunctions/arm_sub_q7.c ****  *
  48:Drivers/CMSIS/DSP/Source/BasicMathFunctions/arm_sub_q7.c ****  * <b>Scaling and Overflow Behavior:</b>
  49:Drivers/CMSIS/DSP/Source/BasicMathFunctions/arm_sub_q7.c ****  * \par
  50:Drivers/CMSIS/DSP/Source/BasicMathFunctions/arm_sub_q7.c ****  * The function uses saturating arithmetic.
  51:Drivers/CMSIS/DSP/Source/BasicMathFunctions/arm_sub_q7.c ****  * Results outside of the allowable Q7 range [0x80 0x7F] will be saturated.
  52:Drivers/CMSIS/DSP/Source/BasicMathFunctions/arm_sub_q7.c ****  */
  53:Drivers/CMSIS/DSP/Source/BasicMathFunctions/arm_sub_q7.c **** 
  54:Drivers/CMSIS/DSP/Source/BasicMathFunctions/arm_sub_q7.c **** void arm_sub_q7(
  55:Drivers/CMSIS/DSP/Source/BasicMathFunctions/arm_sub_q7.c ****   q7_t * pSrcA,
  56:Drivers/CMSIS/DSP/Source/BasicMathFunctions/arm_sub_q7.c ****   q7_t * pSrcB,
  57:Drivers/CMSIS/DSP/Source/BasicMathFunctions/arm_sub_q7.c ****   q7_t * pDst,
  58:Drivers/CMSIS/DSP/Source/BasicMathFunctions/arm_sub_q7.c ****   uint32_t blockSize)
  59:Drivers/CMSIS/DSP/Source/BasicMathFunctions/arm_sub_q7.c **** {
  28              		.loc 1 59 1 view -0
  29              		.cfi_startproc
  30              		@ args = 0, pretend = 0, frame = 0
  31              		@ frame_needed = 0, uses_anonymous_args = 0
  60:Drivers/CMSIS/DSP/Source/BasicMathFunctions/arm_sub_q7.c ****   uint32_t blkCnt;                               /* loop counter */
  32              		.loc 1 60 3 view .LVU1
  61:Drivers/CMSIS/DSP/Source/BasicMathFunctions/arm_sub_q7.c **** 
  62:Drivers/CMSIS/DSP/Source/BasicMathFunctions/arm_sub_q7.c **** #if defined (ARM_MATH_DSP)
  63:Drivers/CMSIS/DSP/Source/BasicMathFunctions/arm_sub_q7.c **** 
  64:Drivers/CMSIS/DSP/Source/BasicMathFunctions/arm_sub_q7.c **** /* Run the below code for Cortex-M4 and Cortex-M3 */
  65:Drivers/CMSIS/DSP/Source/BasicMathFunctions/arm_sub_q7.c **** 
  66:Drivers/CMSIS/DSP/Source/BasicMathFunctions/arm_sub_q7.c ****   /*loop Unrolling */
  67:Drivers/CMSIS/DSP/Source/BasicMathFunctions/arm_sub_q7.c ****   blkCnt = blockSize >> 2U;
  68:Drivers/CMSIS/DSP/Source/BasicMathFunctions/arm_sub_q7.c **** 
  69:Drivers/CMSIS/DSP/Source/BasicMathFunctions/arm_sub_q7.c ****   /* First part of the processing with loop unrolling.  Compute 4 outputs at a time.
  70:Drivers/CMSIS/DSP/Source/BasicMathFunctions/arm_sub_q7.c ****    ** a second loop below computes the remaining 1 to 3 samples. */
  71:Drivers/CMSIS/DSP/Source/BasicMathFunctions/arm_sub_q7.c ****   while (blkCnt > 0U)
  72:Drivers/CMSIS/DSP/Source/BasicMathFunctions/arm_sub_q7.c ****   {
  73:Drivers/CMSIS/DSP/Source/BasicMathFunctions/arm_sub_q7.c ****     /* C = A - B */
  74:Drivers/CMSIS/DSP/Source/BasicMathFunctions/arm_sub_q7.c ****     /* Subtract and then store the results in the destination buffer 4 samples at a time. */
  75:Drivers/CMSIS/DSP/Source/BasicMathFunctions/arm_sub_q7.c ****     *__SIMD32(pDst)++ = __QSUB8(*__SIMD32(pSrcA)++, *__SIMD32(pSrcB)++);
  76:Drivers/CMSIS/DSP/Source/BasicMathFunctions/arm_sub_q7.c **** 
  77:Drivers/CMSIS/DSP/Source/BasicMathFunctions/arm_sub_q7.c ****     /* Decrement the loop counter */
  78:Drivers/CMSIS/DSP/Source/BasicMathFunctions/arm_sub_q7.c ****     blkCnt--;
  79:Drivers/CMSIS/DSP/Source/BasicMathFunctions/arm_sub_q7.c ****   }
  80:Drivers/CMSIS/DSP/Source/BasicMathFunctions/arm_sub_q7.c **** 
  81:Drivers/CMSIS/DSP/Source/BasicMathFunctions/arm_sub_q7.c ****   /* If the blockSize is not a multiple of 4, compute any remaining output samples here.
  82:Drivers/CMSIS/DSP/Source/BasicMathFunctions/arm_sub_q7.c ****    ** No loop unrolling is used. */
  83:Drivers/CMSIS/DSP/Source/BasicMathFunctions/arm_sub_q7.c ****   blkCnt = blockSize % 0x4U;
ARM GAS  C:\Users\Lamp\AppData\Local\Temp\cckLBO3l.s 			page 3


  84:Drivers/CMSIS/DSP/Source/BasicMathFunctions/arm_sub_q7.c **** 
  85:Drivers/CMSIS/DSP/Source/BasicMathFunctions/arm_sub_q7.c ****   while (blkCnt > 0U)
  86:Drivers/CMSIS/DSP/Source/BasicMathFunctions/arm_sub_q7.c ****   {
  87:Drivers/CMSIS/DSP/Source/BasicMathFunctions/arm_sub_q7.c ****     /* C = A - B */
  88:Drivers/CMSIS/DSP/Source/BasicMathFunctions/arm_sub_q7.c ****     /* Subtract and then store the result in the destination buffer. */
  89:Drivers/CMSIS/DSP/Source/BasicMathFunctions/arm_sub_q7.c ****     *pDst++ = __SSAT(*pSrcA++ - *pSrcB++, 8);
  90:Drivers/CMSIS/DSP/Source/BasicMathFunctions/arm_sub_q7.c **** 
  91:Drivers/CMSIS/DSP/Source/BasicMathFunctions/arm_sub_q7.c ****     /* Decrement the loop counter */
  92:Drivers/CMSIS/DSP/Source/BasicMathFunctions/arm_sub_q7.c ****     blkCnt--;
  93:Drivers/CMSIS/DSP/Source/BasicMathFunctions/arm_sub_q7.c ****   }
  94:Drivers/CMSIS/DSP/Source/BasicMathFunctions/arm_sub_q7.c **** 
  95:Drivers/CMSIS/DSP/Source/BasicMathFunctions/arm_sub_q7.c **** #else
  96:Drivers/CMSIS/DSP/Source/BasicMathFunctions/arm_sub_q7.c **** 
  97:Drivers/CMSIS/DSP/Source/BasicMathFunctions/arm_sub_q7.c ****   /* Run the below code for Cortex-M0 */
  98:Drivers/CMSIS/DSP/Source/BasicMathFunctions/arm_sub_q7.c **** 
  99:Drivers/CMSIS/DSP/Source/BasicMathFunctions/arm_sub_q7.c ****   /* Initialize blkCnt with number of samples */
 100:Drivers/CMSIS/DSP/Source/BasicMathFunctions/arm_sub_q7.c ****   blkCnt = blockSize;
  33              		.loc 1 100 3 view .LVU2
 101:Drivers/CMSIS/DSP/Source/BasicMathFunctions/arm_sub_q7.c **** 
 102:Drivers/CMSIS/DSP/Source/BasicMathFunctions/arm_sub_q7.c ****   while (blkCnt > 0U)
  34              		.loc 1 102 3 view .LVU3
  35              		.loc 1 102 17 view .LVU4
  36 0000 7BB1     		cbz	r3, .L7
  59:Drivers/CMSIS/DSP/Source/BasicMathFunctions/arm_sub_q7.c ****   uint32_t blkCnt;                               /* loop counter */
  37              		.loc 1 59 1 is_stmt 0 view .LVU5
  38 0002 00B5     		push	{lr}
  39              	.LCFI0:
  40              		.cfi_def_cfa_offset 4
  41              		.cfi_offset 14, -4
  42              	.LVL1:
  43              	.L3:
 103:Drivers/CMSIS/DSP/Source/BasicMathFunctions/arm_sub_q7.c ****   {
 104:Drivers/CMSIS/DSP/Source/BasicMathFunctions/arm_sub_q7.c ****     /* C = A - B */
 105:Drivers/CMSIS/DSP/Source/BasicMathFunctions/arm_sub_q7.c ****     /* Subtract and then store the result in the destination buffer. */
 106:Drivers/CMSIS/DSP/Source/BasicMathFunctions/arm_sub_q7.c ****     *pDst++ = (q7_t) __SSAT((q15_t) * pSrcA++ - *pSrcB++, 8);
  44              		.loc 1 106 5 is_stmt 1 view .LVU6
  45              	.LBB2:
  46              		.loc 1 106 22 view .LVU7
  47              		.loc 1 106 22 is_stmt 0 view .LVU8
  48 0004 10F901CB 		ldrsb	ip, [r0], #1
  49              	.LVL2:
  50              		.loc 1 106 22 view .LVU9
  51 0008 11F901EB 		ldrsb	lr, [r1], #1
  52              	.LVL3:
  53              		.loc 1 106 22 view .LVU10
  54 000c ACEB0E0C 		sub	ip, ip, lr
  55              	.LVL4:
  56              		.loc 1 106 22 is_stmt 1 view .LVU11
  57              		.syntax unified
  58              	@ 106 "Drivers/CMSIS/DSP/Source/BasicMathFunctions/arm_sub_q7.c" 1
  59 0010 0CF3070C 		ssat ip, #8, ip
  60              	@ 0 "" 2
  61              	.LVL5:
  62              		.loc 1 106 22 view .LVU12
  63              		.loc 1 106 22 is_stmt 0 view .LVU13
  64              		.thumb
  65              		.syntax unified
ARM GAS  C:\Users\Lamp\AppData\Local\Temp\cckLBO3l.s 			page 4


  66              	.LBE2:
  67              		.loc 1 106 13 view .LVU14
  68 0014 02F801CB 		strb	ip, [r2], #1
  69              	.LVL6:
 107:Drivers/CMSIS/DSP/Source/BasicMathFunctions/arm_sub_q7.c **** 
 108:Drivers/CMSIS/DSP/Source/BasicMathFunctions/arm_sub_q7.c ****     /* Decrement the loop counter */
 109:Drivers/CMSIS/DSP/Source/BasicMathFunctions/arm_sub_q7.c ****     blkCnt--;
  70              		.loc 1 109 5 is_stmt 1 view .LVU15
  71              		.loc 1 109 11 is_stmt 0 view .LVU16
  72 0018 013B     		subs	r3, r3, #1
  73              	.LVL7:
 102:Drivers/CMSIS/DSP/Source/BasicMathFunctions/arm_sub_q7.c ****   {
  74              		.loc 1 102 17 is_stmt 1 view .LVU17
  75 001a 002B     		cmp	r3, #0
  76 001c F2D1     		bne	.L3
 110:Drivers/CMSIS/DSP/Source/BasicMathFunctions/arm_sub_q7.c ****   }
 111:Drivers/CMSIS/DSP/Source/BasicMathFunctions/arm_sub_q7.c **** 
 112:Drivers/CMSIS/DSP/Source/BasicMathFunctions/arm_sub_q7.c **** #endif /* #if defined (ARM_MATH_DSP) */
 113:Drivers/CMSIS/DSP/Source/BasicMathFunctions/arm_sub_q7.c **** 
 114:Drivers/CMSIS/DSP/Source/BasicMathFunctions/arm_sub_q7.c **** 
 115:Drivers/CMSIS/DSP/Source/BasicMathFunctions/arm_sub_q7.c **** }
  77              		.loc 1 115 1 is_stmt 0 view .LVU18
  78 001e 5DF804FB 		ldr	pc, [sp], #4
  79              	.LVL8:
  80              	.L7:
  81              	.LCFI1:
  82              		.cfi_def_cfa_offset 0
  83              		.cfi_restore 14
  84              		.loc 1 115 1 view .LVU19
  85 0022 7047     		bx	lr
  86              		.cfi_endproc
  87              	.LFE100:
  89              		.text
  90              	.Letext0:
  91              		.file 2 "C:/ARM GNU Toolchain/arm-none-eabi/include/machine/_default_types.h"
  92              		.file 3 "C:/ARM GNU Toolchain/arm-none-eabi/include/sys/_stdint.h"
  93              		.file 4 "Drivers/CMSIS/DSP/Include/arm_math.h"
ARM GAS  C:\Users\Lamp\AppData\Local\Temp\cckLBO3l.s 			page 5


DEFINED SYMBOLS
                            *ABS*:00000000 arm_sub_q7.c
C:\Users\Lamp\AppData\Local\Temp\cckLBO3l.s:19     .text.arm_sub_q7:00000000 $t
C:\Users\Lamp\AppData\Local\Temp\cckLBO3l.s:25     .text.arm_sub_q7:00000000 arm_sub_q7

NO UNDEFINED SYMBOLS
