ARM GAS  C:\Users\Lamp\AppData\Local\Temp\ccFj8Yce.s 			page 1


   1              		.cpu cortex-m3
   2              		.arch armv7-m
   3              		.fpu softvfp
   4              		.eabi_attribute 20, 1
   5              		.eabi_attribute 21, 1
   6              		.eabi_attribute 23, 3
   7              		.eabi_attribute 24, 1
   8              		.eabi_attribute 25, 1
   9              		.eabi_attribute 26, 1
  10              		.eabi_attribute 30, 1
  11              		.eabi_attribute 34, 1
  12              		.eabi_attribute 18, 4
  13              		.file	"arm_cmplx_dot_prod_q31.c"
  14              		.text
  15              	.Ltext0:
  16              		.cfi_sections	.debug_frame
  17              		.file 1 "Drivers/CMSIS/DSP/Source/ComplexMathFunctions/arm_cmplx_dot_prod_q31.c"
  18              		.section	.text.arm_cmplx_dot_prod_q31,"ax",%progbits
  19              		.align	1
  20              		.global	arm_cmplx_dot_prod_q31
  21              		.syntax unified
  22              		.thumb
  23              		.thumb_func
  25              	arm_cmplx_dot_prod_q31:
  26              	.LVL0:
  27              	.LFB100:
   1:Drivers/CMSIS/DSP/Source/ComplexMathFunctions/arm_cmplx_dot_prod_q31.c **** /* ----------------------------------------------------------------------
   2:Drivers/CMSIS/DSP/Source/ComplexMathFunctions/arm_cmplx_dot_prod_q31.c ****  * Project:      CMSIS DSP Library
   3:Drivers/CMSIS/DSP/Source/ComplexMathFunctions/arm_cmplx_dot_prod_q31.c ****  * Title:        arm_cmplx_dot_prod_q31.c
   4:Drivers/CMSIS/DSP/Source/ComplexMathFunctions/arm_cmplx_dot_prod_q31.c ****  * Description:  Q31 complex dot product
   5:Drivers/CMSIS/DSP/Source/ComplexMathFunctions/arm_cmplx_dot_prod_q31.c ****  *
   6:Drivers/CMSIS/DSP/Source/ComplexMathFunctions/arm_cmplx_dot_prod_q31.c ****  * $Date:        27. January 2017
   7:Drivers/CMSIS/DSP/Source/ComplexMathFunctions/arm_cmplx_dot_prod_q31.c ****  * $Revision:    V.1.5.1
   8:Drivers/CMSIS/DSP/Source/ComplexMathFunctions/arm_cmplx_dot_prod_q31.c ****  *
   9:Drivers/CMSIS/DSP/Source/ComplexMathFunctions/arm_cmplx_dot_prod_q31.c ****  * Target Processor: Cortex-M cores
  10:Drivers/CMSIS/DSP/Source/ComplexMathFunctions/arm_cmplx_dot_prod_q31.c ****  * -------------------------------------------------------------------- */
  11:Drivers/CMSIS/DSP/Source/ComplexMathFunctions/arm_cmplx_dot_prod_q31.c **** /*
  12:Drivers/CMSIS/DSP/Source/ComplexMathFunctions/arm_cmplx_dot_prod_q31.c ****  * Copyright (C) 2010-2017 ARM Limited or its affiliates. All rights reserved.
  13:Drivers/CMSIS/DSP/Source/ComplexMathFunctions/arm_cmplx_dot_prod_q31.c ****  *
  14:Drivers/CMSIS/DSP/Source/ComplexMathFunctions/arm_cmplx_dot_prod_q31.c ****  * SPDX-License-Identifier: Apache-2.0
  15:Drivers/CMSIS/DSP/Source/ComplexMathFunctions/arm_cmplx_dot_prod_q31.c ****  *
  16:Drivers/CMSIS/DSP/Source/ComplexMathFunctions/arm_cmplx_dot_prod_q31.c ****  * Licensed under the Apache License, Version 2.0 (the License); you may
  17:Drivers/CMSIS/DSP/Source/ComplexMathFunctions/arm_cmplx_dot_prod_q31.c ****  * not use this file except in compliance with the License.
  18:Drivers/CMSIS/DSP/Source/ComplexMathFunctions/arm_cmplx_dot_prod_q31.c ****  * You may obtain a copy of the License at
  19:Drivers/CMSIS/DSP/Source/ComplexMathFunctions/arm_cmplx_dot_prod_q31.c ****  *
  20:Drivers/CMSIS/DSP/Source/ComplexMathFunctions/arm_cmplx_dot_prod_q31.c ****  * www.apache.org/licenses/LICENSE-2.0
  21:Drivers/CMSIS/DSP/Source/ComplexMathFunctions/arm_cmplx_dot_prod_q31.c ****  *
  22:Drivers/CMSIS/DSP/Source/ComplexMathFunctions/arm_cmplx_dot_prod_q31.c ****  * Unless required by applicable law or agreed to in writing, software
  23:Drivers/CMSIS/DSP/Source/ComplexMathFunctions/arm_cmplx_dot_prod_q31.c ****  * distributed under the License is distributed on an AS IS BASIS, WITHOUT
  24:Drivers/CMSIS/DSP/Source/ComplexMathFunctions/arm_cmplx_dot_prod_q31.c ****  * WARRANTIES OR CONDITIONS OF ANY KIND, either express or implied.
  25:Drivers/CMSIS/DSP/Source/ComplexMathFunctions/arm_cmplx_dot_prod_q31.c ****  * See the License for the specific language governing permissions and
  26:Drivers/CMSIS/DSP/Source/ComplexMathFunctions/arm_cmplx_dot_prod_q31.c ****  * limitations under the License.
  27:Drivers/CMSIS/DSP/Source/ComplexMathFunctions/arm_cmplx_dot_prod_q31.c ****  */
  28:Drivers/CMSIS/DSP/Source/ComplexMathFunctions/arm_cmplx_dot_prod_q31.c **** 
  29:Drivers/CMSIS/DSP/Source/ComplexMathFunctions/arm_cmplx_dot_prod_q31.c **** #include "arm_math.h"
  30:Drivers/CMSIS/DSP/Source/ComplexMathFunctions/arm_cmplx_dot_prod_q31.c **** 
  31:Drivers/CMSIS/DSP/Source/ComplexMathFunctions/arm_cmplx_dot_prod_q31.c **** /**
ARM GAS  C:\Users\Lamp\AppData\Local\Temp\ccFj8Yce.s 			page 2


  32:Drivers/CMSIS/DSP/Source/ComplexMathFunctions/arm_cmplx_dot_prod_q31.c ****  * @ingroup groupCmplxMath
  33:Drivers/CMSIS/DSP/Source/ComplexMathFunctions/arm_cmplx_dot_prod_q31.c ****  */
  34:Drivers/CMSIS/DSP/Source/ComplexMathFunctions/arm_cmplx_dot_prod_q31.c **** 
  35:Drivers/CMSIS/DSP/Source/ComplexMathFunctions/arm_cmplx_dot_prod_q31.c **** /**
  36:Drivers/CMSIS/DSP/Source/ComplexMathFunctions/arm_cmplx_dot_prod_q31.c ****  * @addtogroup cmplx_dot_prod
  37:Drivers/CMSIS/DSP/Source/ComplexMathFunctions/arm_cmplx_dot_prod_q31.c ****  * @{
  38:Drivers/CMSIS/DSP/Source/ComplexMathFunctions/arm_cmplx_dot_prod_q31.c ****  */
  39:Drivers/CMSIS/DSP/Source/ComplexMathFunctions/arm_cmplx_dot_prod_q31.c **** 
  40:Drivers/CMSIS/DSP/Source/ComplexMathFunctions/arm_cmplx_dot_prod_q31.c **** /**
  41:Drivers/CMSIS/DSP/Source/ComplexMathFunctions/arm_cmplx_dot_prod_q31.c ****  * @brief  Q31 complex dot product
  42:Drivers/CMSIS/DSP/Source/ComplexMathFunctions/arm_cmplx_dot_prod_q31.c ****  * @param  *pSrcA points to the first input vector
  43:Drivers/CMSIS/DSP/Source/ComplexMathFunctions/arm_cmplx_dot_prod_q31.c ****  * @param  *pSrcB points to the second input vector
  44:Drivers/CMSIS/DSP/Source/ComplexMathFunctions/arm_cmplx_dot_prod_q31.c ****  * @param  numSamples number of complex samples in each vector
  45:Drivers/CMSIS/DSP/Source/ComplexMathFunctions/arm_cmplx_dot_prod_q31.c ****  * @param  *realResult real part of the result returned here
  46:Drivers/CMSIS/DSP/Source/ComplexMathFunctions/arm_cmplx_dot_prod_q31.c ****  * @param  *imagResult imaginary part of the result returned here
  47:Drivers/CMSIS/DSP/Source/ComplexMathFunctions/arm_cmplx_dot_prod_q31.c ****  * @return none.
  48:Drivers/CMSIS/DSP/Source/ComplexMathFunctions/arm_cmplx_dot_prod_q31.c ****  *
  49:Drivers/CMSIS/DSP/Source/ComplexMathFunctions/arm_cmplx_dot_prod_q31.c ****  * <b>Scaling and Overflow Behavior:</b>
  50:Drivers/CMSIS/DSP/Source/ComplexMathFunctions/arm_cmplx_dot_prod_q31.c ****  * \par
  51:Drivers/CMSIS/DSP/Source/ComplexMathFunctions/arm_cmplx_dot_prod_q31.c ****  * The function is implemented using an internal 64-bit accumulator.
  52:Drivers/CMSIS/DSP/Source/ComplexMathFunctions/arm_cmplx_dot_prod_q31.c ****  * The intermediate 1.31 by 1.31 multiplications are performed with 64-bit precision and then shift
  53:Drivers/CMSIS/DSP/Source/ComplexMathFunctions/arm_cmplx_dot_prod_q31.c ****  * The internal real and imaginary accumulators are in 16.48 format and provide 15 guard bits.
  54:Drivers/CMSIS/DSP/Source/ComplexMathFunctions/arm_cmplx_dot_prod_q31.c ****  * Additions are nonsaturating and no overflow will occur as long as <code>numSamples</code> is les
  55:Drivers/CMSIS/DSP/Source/ComplexMathFunctions/arm_cmplx_dot_prod_q31.c ****  * The return results <code>realResult</code> and <code>imagResult</code> are in 16.48 format.
  56:Drivers/CMSIS/DSP/Source/ComplexMathFunctions/arm_cmplx_dot_prod_q31.c ****  * Input down scaling is not required.
  57:Drivers/CMSIS/DSP/Source/ComplexMathFunctions/arm_cmplx_dot_prod_q31.c ****  */
  58:Drivers/CMSIS/DSP/Source/ComplexMathFunctions/arm_cmplx_dot_prod_q31.c **** 
  59:Drivers/CMSIS/DSP/Source/ComplexMathFunctions/arm_cmplx_dot_prod_q31.c **** void arm_cmplx_dot_prod_q31(
  60:Drivers/CMSIS/DSP/Source/ComplexMathFunctions/arm_cmplx_dot_prod_q31.c ****   q31_t * pSrcA,
  61:Drivers/CMSIS/DSP/Source/ComplexMathFunctions/arm_cmplx_dot_prod_q31.c ****   q31_t * pSrcB,
  62:Drivers/CMSIS/DSP/Source/ComplexMathFunctions/arm_cmplx_dot_prod_q31.c ****   uint32_t numSamples,
  63:Drivers/CMSIS/DSP/Source/ComplexMathFunctions/arm_cmplx_dot_prod_q31.c ****   q63_t * realResult,
  64:Drivers/CMSIS/DSP/Source/ComplexMathFunctions/arm_cmplx_dot_prod_q31.c ****   q63_t * imagResult)
  65:Drivers/CMSIS/DSP/Source/ComplexMathFunctions/arm_cmplx_dot_prod_q31.c **** {
  28              		.loc 1 65 1 view -0
  29              		.cfi_startproc
  30              		@ args = 4, pretend = 0, frame = 16
  31              		@ frame_needed = 0, uses_anonymous_args = 0
  32              		.loc 1 65 1 is_stmt 0 view .LVU1
  33 0000 2DE9F04F 		push	{r4, r5, r6, r7, r8, r9, r10, fp, lr}
  34              	.LCFI0:
  35              		.cfi_def_cfa_offset 36
  36              		.cfi_offset 4, -36
  37              		.cfi_offset 5, -32
  38              		.cfi_offset 6, -28
  39              		.cfi_offset 7, -24
  40              		.cfi_offset 8, -20
  41              		.cfi_offset 9, -16
  42              		.cfi_offset 10, -12
  43              		.cfi_offset 11, -8
  44              		.cfi_offset 14, -4
  45 0004 85B0     		sub	sp, sp, #20
  46              	.LCFI1:
  47              		.cfi_def_cfa_offset 56
  48 0006 9646     		mov	lr, r2
  66:Drivers/CMSIS/DSP/Source/ComplexMathFunctions/arm_cmplx_dot_prod_q31.c ****   q63_t real_sum = 0, imag_sum = 0;              /* Temporary result storage */
  49              		.loc 1 66 3 is_stmt 1 view .LVU2
ARM GAS  C:\Users\Lamp\AppData\Local\Temp\ccFj8Yce.s 			page 3


  50              	.LVL1:
  67:Drivers/CMSIS/DSP/Source/ComplexMathFunctions/arm_cmplx_dot_prod_q31.c ****   q31_t a0,b0,c0,d0;
  51              		.loc 1 67 3 view .LVU3
  68:Drivers/CMSIS/DSP/Source/ComplexMathFunctions/arm_cmplx_dot_prod_q31.c **** 
  69:Drivers/CMSIS/DSP/Source/ComplexMathFunctions/arm_cmplx_dot_prod_q31.c **** #if defined (ARM_MATH_DSP)
  70:Drivers/CMSIS/DSP/Source/ComplexMathFunctions/arm_cmplx_dot_prod_q31.c **** 
  71:Drivers/CMSIS/DSP/Source/ComplexMathFunctions/arm_cmplx_dot_prod_q31.c ****   /* Run the below code for Cortex-M4 and Cortex-M3 */
  72:Drivers/CMSIS/DSP/Source/ComplexMathFunctions/arm_cmplx_dot_prod_q31.c ****   uint32_t blkCnt;                               /* loop counter */
  73:Drivers/CMSIS/DSP/Source/ComplexMathFunctions/arm_cmplx_dot_prod_q31.c **** 
  74:Drivers/CMSIS/DSP/Source/ComplexMathFunctions/arm_cmplx_dot_prod_q31.c **** 
  75:Drivers/CMSIS/DSP/Source/ComplexMathFunctions/arm_cmplx_dot_prod_q31.c ****   /*loop Unrolling */
  76:Drivers/CMSIS/DSP/Source/ComplexMathFunctions/arm_cmplx_dot_prod_q31.c ****   blkCnt = numSamples >> 2U;
  77:Drivers/CMSIS/DSP/Source/ComplexMathFunctions/arm_cmplx_dot_prod_q31.c **** 
  78:Drivers/CMSIS/DSP/Source/ComplexMathFunctions/arm_cmplx_dot_prod_q31.c ****   /* First part of the processing with loop unrolling.  Compute 4 outputs at a time.
  79:Drivers/CMSIS/DSP/Source/ComplexMathFunctions/arm_cmplx_dot_prod_q31.c ****    ** a second loop below computes the remaining 1 to 3 samples. */
  80:Drivers/CMSIS/DSP/Source/ComplexMathFunctions/arm_cmplx_dot_prod_q31.c ****   while (blkCnt > 0U)
  81:Drivers/CMSIS/DSP/Source/ComplexMathFunctions/arm_cmplx_dot_prod_q31.c ****   {
  82:Drivers/CMSIS/DSP/Source/ComplexMathFunctions/arm_cmplx_dot_prod_q31.c ****       a0 = *pSrcA++;
  83:Drivers/CMSIS/DSP/Source/ComplexMathFunctions/arm_cmplx_dot_prod_q31.c ****       b0 = *pSrcA++;
  84:Drivers/CMSIS/DSP/Source/ComplexMathFunctions/arm_cmplx_dot_prod_q31.c ****       c0 = *pSrcB++;
  85:Drivers/CMSIS/DSP/Source/ComplexMathFunctions/arm_cmplx_dot_prod_q31.c ****       d0 = *pSrcB++;
  86:Drivers/CMSIS/DSP/Source/ComplexMathFunctions/arm_cmplx_dot_prod_q31.c **** 
  87:Drivers/CMSIS/DSP/Source/ComplexMathFunctions/arm_cmplx_dot_prod_q31.c ****       real_sum += ((q63_t)a0 * c0) >> 14;
  88:Drivers/CMSIS/DSP/Source/ComplexMathFunctions/arm_cmplx_dot_prod_q31.c ****       imag_sum += ((q63_t)a0 * d0) >> 14;
  89:Drivers/CMSIS/DSP/Source/ComplexMathFunctions/arm_cmplx_dot_prod_q31.c ****       real_sum -= ((q63_t)b0 * d0) >> 14;
  90:Drivers/CMSIS/DSP/Source/ComplexMathFunctions/arm_cmplx_dot_prod_q31.c ****       imag_sum += ((q63_t)b0 * c0) >> 14;
  91:Drivers/CMSIS/DSP/Source/ComplexMathFunctions/arm_cmplx_dot_prod_q31.c **** 
  92:Drivers/CMSIS/DSP/Source/ComplexMathFunctions/arm_cmplx_dot_prod_q31.c ****       a0 = *pSrcA++;
  93:Drivers/CMSIS/DSP/Source/ComplexMathFunctions/arm_cmplx_dot_prod_q31.c ****       b0 = *pSrcA++;
  94:Drivers/CMSIS/DSP/Source/ComplexMathFunctions/arm_cmplx_dot_prod_q31.c ****       c0 = *pSrcB++;
  95:Drivers/CMSIS/DSP/Source/ComplexMathFunctions/arm_cmplx_dot_prod_q31.c ****       d0 = *pSrcB++;
  96:Drivers/CMSIS/DSP/Source/ComplexMathFunctions/arm_cmplx_dot_prod_q31.c **** 
  97:Drivers/CMSIS/DSP/Source/ComplexMathFunctions/arm_cmplx_dot_prod_q31.c ****       real_sum += ((q63_t)a0 * c0) >> 14;
  98:Drivers/CMSIS/DSP/Source/ComplexMathFunctions/arm_cmplx_dot_prod_q31.c ****       imag_sum += ((q63_t)a0 * d0) >> 14;
  99:Drivers/CMSIS/DSP/Source/ComplexMathFunctions/arm_cmplx_dot_prod_q31.c ****       real_sum -= ((q63_t)b0 * d0) >> 14;
 100:Drivers/CMSIS/DSP/Source/ComplexMathFunctions/arm_cmplx_dot_prod_q31.c ****       imag_sum += ((q63_t)b0 * c0) >> 14;
 101:Drivers/CMSIS/DSP/Source/ComplexMathFunctions/arm_cmplx_dot_prod_q31.c **** 
 102:Drivers/CMSIS/DSP/Source/ComplexMathFunctions/arm_cmplx_dot_prod_q31.c ****       a0 = *pSrcA++;
 103:Drivers/CMSIS/DSP/Source/ComplexMathFunctions/arm_cmplx_dot_prod_q31.c ****       b0 = *pSrcA++;
 104:Drivers/CMSIS/DSP/Source/ComplexMathFunctions/arm_cmplx_dot_prod_q31.c ****       c0 = *pSrcB++;
 105:Drivers/CMSIS/DSP/Source/ComplexMathFunctions/arm_cmplx_dot_prod_q31.c ****       d0 = *pSrcB++;
 106:Drivers/CMSIS/DSP/Source/ComplexMathFunctions/arm_cmplx_dot_prod_q31.c **** 
 107:Drivers/CMSIS/DSP/Source/ComplexMathFunctions/arm_cmplx_dot_prod_q31.c ****       real_sum += ((q63_t)a0 * c0) >> 14;
 108:Drivers/CMSIS/DSP/Source/ComplexMathFunctions/arm_cmplx_dot_prod_q31.c ****       imag_sum += ((q63_t)a0 * d0) >> 14;
 109:Drivers/CMSIS/DSP/Source/ComplexMathFunctions/arm_cmplx_dot_prod_q31.c ****       real_sum -= ((q63_t)b0 * d0) >> 14;
 110:Drivers/CMSIS/DSP/Source/ComplexMathFunctions/arm_cmplx_dot_prod_q31.c ****       imag_sum += ((q63_t)b0 * c0) >> 14;
 111:Drivers/CMSIS/DSP/Source/ComplexMathFunctions/arm_cmplx_dot_prod_q31.c **** 
 112:Drivers/CMSIS/DSP/Source/ComplexMathFunctions/arm_cmplx_dot_prod_q31.c ****       a0 = *pSrcA++;
 113:Drivers/CMSIS/DSP/Source/ComplexMathFunctions/arm_cmplx_dot_prod_q31.c ****       b0 = *pSrcA++;
 114:Drivers/CMSIS/DSP/Source/ComplexMathFunctions/arm_cmplx_dot_prod_q31.c ****       c0 = *pSrcB++;
 115:Drivers/CMSIS/DSP/Source/ComplexMathFunctions/arm_cmplx_dot_prod_q31.c ****       d0 = *pSrcB++;
 116:Drivers/CMSIS/DSP/Source/ComplexMathFunctions/arm_cmplx_dot_prod_q31.c **** 
 117:Drivers/CMSIS/DSP/Source/ComplexMathFunctions/arm_cmplx_dot_prod_q31.c ****       real_sum += ((q63_t)a0 * c0) >> 14;
 118:Drivers/CMSIS/DSP/Source/ComplexMathFunctions/arm_cmplx_dot_prod_q31.c ****       imag_sum += ((q63_t)a0 * d0) >> 14;
 119:Drivers/CMSIS/DSP/Source/ComplexMathFunctions/arm_cmplx_dot_prod_q31.c ****       real_sum -= ((q63_t)b0 * d0) >> 14;
 120:Drivers/CMSIS/DSP/Source/ComplexMathFunctions/arm_cmplx_dot_prod_q31.c ****       imag_sum += ((q63_t)b0 * c0) >> 14;
 121:Drivers/CMSIS/DSP/Source/ComplexMathFunctions/arm_cmplx_dot_prod_q31.c **** 
ARM GAS  C:\Users\Lamp\AppData\Local\Temp\ccFj8Yce.s 			page 4


 122:Drivers/CMSIS/DSP/Source/ComplexMathFunctions/arm_cmplx_dot_prod_q31.c ****       /* Decrement the loop counter */
 123:Drivers/CMSIS/DSP/Source/ComplexMathFunctions/arm_cmplx_dot_prod_q31.c ****       blkCnt--;
 124:Drivers/CMSIS/DSP/Source/ComplexMathFunctions/arm_cmplx_dot_prod_q31.c ****   }
 125:Drivers/CMSIS/DSP/Source/ComplexMathFunctions/arm_cmplx_dot_prod_q31.c **** 
 126:Drivers/CMSIS/DSP/Source/ComplexMathFunctions/arm_cmplx_dot_prod_q31.c ****   /* If the numSamples  is not a multiple of 4, compute any remaining output samples here.
 127:Drivers/CMSIS/DSP/Source/ComplexMathFunctions/arm_cmplx_dot_prod_q31.c ****    ** No loop unrolling is used. */
 128:Drivers/CMSIS/DSP/Source/ComplexMathFunctions/arm_cmplx_dot_prod_q31.c ****   blkCnt = numSamples % 0x4U;
 129:Drivers/CMSIS/DSP/Source/ComplexMathFunctions/arm_cmplx_dot_prod_q31.c **** 
 130:Drivers/CMSIS/DSP/Source/ComplexMathFunctions/arm_cmplx_dot_prod_q31.c ****   while (blkCnt > 0U)
 131:Drivers/CMSIS/DSP/Source/ComplexMathFunctions/arm_cmplx_dot_prod_q31.c ****   {
 132:Drivers/CMSIS/DSP/Source/ComplexMathFunctions/arm_cmplx_dot_prod_q31.c ****       a0 = *pSrcA++;
 133:Drivers/CMSIS/DSP/Source/ComplexMathFunctions/arm_cmplx_dot_prod_q31.c ****       b0 = *pSrcA++;
 134:Drivers/CMSIS/DSP/Source/ComplexMathFunctions/arm_cmplx_dot_prod_q31.c ****       c0 = *pSrcB++;
 135:Drivers/CMSIS/DSP/Source/ComplexMathFunctions/arm_cmplx_dot_prod_q31.c ****       d0 = *pSrcB++;
 136:Drivers/CMSIS/DSP/Source/ComplexMathFunctions/arm_cmplx_dot_prod_q31.c **** 
 137:Drivers/CMSIS/DSP/Source/ComplexMathFunctions/arm_cmplx_dot_prod_q31.c ****       real_sum += ((q63_t)a0 * c0) >> 14;
 138:Drivers/CMSIS/DSP/Source/ComplexMathFunctions/arm_cmplx_dot_prod_q31.c ****       imag_sum += ((q63_t)a0 * d0) >> 14;
 139:Drivers/CMSIS/DSP/Source/ComplexMathFunctions/arm_cmplx_dot_prod_q31.c ****       real_sum -= ((q63_t)b0 * d0) >> 14;
 140:Drivers/CMSIS/DSP/Source/ComplexMathFunctions/arm_cmplx_dot_prod_q31.c ****       imag_sum += ((q63_t)b0 * c0) >> 14;
 141:Drivers/CMSIS/DSP/Source/ComplexMathFunctions/arm_cmplx_dot_prod_q31.c **** 
 142:Drivers/CMSIS/DSP/Source/ComplexMathFunctions/arm_cmplx_dot_prod_q31.c ****       /* Decrement the loop counter */
 143:Drivers/CMSIS/DSP/Source/ComplexMathFunctions/arm_cmplx_dot_prod_q31.c ****       blkCnt--;
 144:Drivers/CMSIS/DSP/Source/ComplexMathFunctions/arm_cmplx_dot_prod_q31.c ****   }
 145:Drivers/CMSIS/DSP/Source/ComplexMathFunctions/arm_cmplx_dot_prod_q31.c **** 
 146:Drivers/CMSIS/DSP/Source/ComplexMathFunctions/arm_cmplx_dot_prod_q31.c **** #else
 147:Drivers/CMSIS/DSP/Source/ComplexMathFunctions/arm_cmplx_dot_prod_q31.c **** 
 148:Drivers/CMSIS/DSP/Source/ComplexMathFunctions/arm_cmplx_dot_prod_q31.c ****   /* Run the below code for Cortex-M0 */
 149:Drivers/CMSIS/DSP/Source/ComplexMathFunctions/arm_cmplx_dot_prod_q31.c **** 
 150:Drivers/CMSIS/DSP/Source/ComplexMathFunctions/arm_cmplx_dot_prod_q31.c ****   while (numSamples > 0U)
  52              		.loc 1 150 3 view .LVU4
  66:Drivers/CMSIS/DSP/Source/ComplexMathFunctions/arm_cmplx_dot_prod_q31.c ****   q31_t a0,b0,c0,d0;
  53              		.loc 1 66 23 is_stmt 0 view .LVU5
  54 0008 0025     		movs	r5, #0
  55 000a 0195     		str	r5, [sp, #4]
  66:Drivers/CMSIS/DSP/Source/ComplexMathFunctions/arm_cmplx_dot_prod_q31.c ****   q31_t a0,b0,c0,d0;
  56              		.loc 1 66 9 view .LVU6
  57 000c 2F46     		mov	r7, r5
  58 000e 2C46     		mov	r4, r5
  59 0010 0393     		str	r3, [sp, #12]
  60              		.loc 1 150 9 view .LVU7
  61 0012 4DE0     		b	.L2
  62              	.LVL2:
  63              	.L3:
 151:Drivers/CMSIS/DSP/Source/ComplexMathFunctions/arm_cmplx_dot_prod_q31.c ****   {
 152:Drivers/CMSIS/DSP/Source/ComplexMathFunctions/arm_cmplx_dot_prod_q31.c ****       a0 = *pSrcA++;
  64              		.loc 1 152 7 is_stmt 1 view .LVU8
  65              		.loc 1 152 10 is_stmt 0 view .LVU9
  66 0014 0346     		mov	r3, r0
  67 0016 53F8082B 		ldr	r2, [r3], #8
  68 001a 0293     		str	r3, [sp, #8]
  69              	.LVL3:
 153:Drivers/CMSIS/DSP/Source/ComplexMathFunctions/arm_cmplx_dot_prod_q31.c ****       b0 = *pSrcA++;
  70              		.loc 1 153 7 is_stmt 1 view .LVU10
  71              		.loc 1 153 10 is_stmt 0 view .LVU11
  72 001c 4668     		ldr	r6, [r0, #4]
  73              	.LVL4:
 154:Drivers/CMSIS/DSP/Source/ComplexMathFunctions/arm_cmplx_dot_prod_q31.c ****       c0 = *pSrcB++;
ARM GAS  C:\Users\Lamp\AppData\Local\Temp\ccFj8Yce.s 			page 5


  74              		.loc 1 154 7 is_stmt 1 view .LVU12
  75              		.loc 1 154 10 is_stmt 0 view .LVU13
  76 001e 8C46     		mov	ip, r1
  77 0020 5CF8083B 		ldr	r3, [ip], #8
  78              	.LVL5:
 155:Drivers/CMSIS/DSP/Source/ComplexMathFunctions/arm_cmplx_dot_prod_q31.c ****       d0 = *pSrcB++;
  79              		.loc 1 155 7 is_stmt 1 view .LVU14
  80              		.loc 1 155 10 is_stmt 0 view .LVU15
  81 0024 4968     		ldr	r1, [r1, #4]
  82              	.LVL6:
 156:Drivers/CMSIS/DSP/Source/ComplexMathFunctions/arm_cmplx_dot_prod_q31.c **** 
 157:Drivers/CMSIS/DSP/Source/ComplexMathFunctions/arm_cmplx_dot_prod_q31.c ****       real_sum += ((q63_t)a0 * c0) >> 14;
  83              		.loc 1 157 7 is_stmt 1 view .LVU16
  84              		.loc 1 157 20 is_stmt 0 view .LVU17
  85 0026 D017     		asrs	r0, r2, #31
  86              		.loc 1 157 30 view .LVU18
  87 0028 4FEAE378 		asr	r8, r3, #31
  88 002c 02FB08FB 		mul	fp, r2, r8
  89 0030 03FB00BB 		mla	fp, r3, r0, fp
  90 0034 A2FB039A 		umull	r9, r10, r2, r3
  91 0038 DA44     		add	r10, r10, fp
  92              		.loc 1 157 36 view .LVU19
  93 003a 4FEA9939 		lsr	r9, r9, #14
  94 003e 49EA8A49 		orr	r9, r9, r10, lsl #18
  95              		.loc 1 157 16 view .LVU20
  96 0042 19EB0707 		adds	r7, r9, r7
  97              	.LVL7:
  98              		.loc 1 157 16 view .LVU21
  99 0046 44EBAA34 		adc	r4, r4, r10, asr #14
 100              	.LVL8:
 158:Drivers/CMSIS/DSP/Source/ComplexMathFunctions/arm_cmplx_dot_prod_q31.c ****       imag_sum += ((q63_t)a0 * d0) >> 14;
 101              		.loc 1 158 7 is_stmt 1 view .LVU22
 102              		.loc 1 158 30 is_stmt 0 view .LVU23
 103 004a 4FEAE179 		asr	r9, r1, #31
 104 004e 02FB09FA 		mul	r10, r2, r9
 105 0052 01FB00AA 		mla	r10, r1, r0, r10
 106 0056 A2FB0102 		umull	r0, r2, r2, r1
 107              	.LVL9:
 108              		.loc 1 158 30 view .LVU24
 109 005a 5244     		add	r2, r2, r10
 110              		.loc 1 158 36 view .LVU25
 111 005c 800B     		lsrs	r0, r0, #14
 112 005e 40EA8240 		orr	r0, r0, r2, lsl #18
 113              		.loc 1 158 16 view .LVU26
 114 0062 4519     		adds	r5, r0, r5
 115              	.LVL10:
 116              		.loc 1 158 16 view .LVU27
 117 0064 DDF804A0 		ldr	r10, [sp, #4]
 118 0068 4AEBA232 		adc	r2, r10, r2, asr #14
 119              	.LVL11:
 159:Drivers/CMSIS/DSP/Source/ComplexMathFunctions/arm_cmplx_dot_prod_q31.c ****       real_sum -= ((q63_t)b0 * d0) >> 14;
 120              		.loc 1 159 7 is_stmt 1 view .LVU28
 121              		.loc 1 159 20 is_stmt 0 view .LVU29
 122 006c F017     		asrs	r0, r6, #31
 123              		.loc 1 159 30 view .LVU30
 124 006e 01FB00FA 		mul	r10, r1, r0
 125 0072 06FB09AA 		mla	r10, r6, r9, r10
ARM GAS  C:\Users\Lamp\AppData\Local\Temp\ccFj8Yce.s 			page 6


 126 0076 A1FB0691 		umull	r9, r1, r1, r6
 127              	.LVL12:
 128              		.loc 1 159 30 view .LVU31
 129 007a 5144     		add	r1, r1, r10
 130              		.loc 1 159 36 view .LVU32
 131 007c 4FEA9939 		lsr	r9, r9, #14
 132 0080 49EA8149 		orr	r9, r9, r1, lsl #18
 133              		.loc 1 159 16 view .LVU33
 134 0084 B7EB0907 		subs	r7, r7, r9
 135              	.LVL13:
 136              		.loc 1 159 16 view .LVU34
 137 0088 64EBA134 		sbc	r4, r4, r1, asr #14
 138              	.LVL14:
 160:Drivers/CMSIS/DSP/Source/ComplexMathFunctions/arm_cmplx_dot_prod_q31.c ****       imag_sum += ((q63_t)b0 * c0) >> 14;
 139              		.loc 1 160 7 is_stmt 1 view .LVU35
 140              		.loc 1 160 30 is_stmt 0 view .LVU36
 141 008c 03FB00F0 		mul	r0, r3, r0
 142 0090 06FB0800 		mla	r0, r6, r8, r0
 143 0094 A3FB0636 		umull	r3, r6, r3, r6
 144              	.LVL15:
 145              		.loc 1 160 30 view .LVU37
 146 0098 3044     		add	r0, r0, r6
 147              		.loc 1 160 36 view .LVU38
 148 009a 9B0B     		lsrs	r3, r3, #14
 149 009c 43EA8043 		orr	r3, r3, r0, lsl #18
 150              		.loc 1 160 16 view .LVU39
 151 00a0 5D19     		adds	r5, r3, r5
 152              	.LVL16:
 153              		.loc 1 160 16 view .LVU40
 154 00a2 42EBA032 		adc	r2, r2, r0, asr #14
 155 00a6 0192     		str	r2, [sp, #4]
 156              	.LVL17:
 161:Drivers/CMSIS/DSP/Source/ComplexMathFunctions/arm_cmplx_dot_prod_q31.c **** 
 162:Drivers/CMSIS/DSP/Source/ComplexMathFunctions/arm_cmplx_dot_prod_q31.c ****       /* Decrement the loop counter */
 163:Drivers/CMSIS/DSP/Source/ComplexMathFunctions/arm_cmplx_dot_prod_q31.c ****       numSamples--;
 157              		.loc 1 163 7 is_stmt 1 view .LVU41
 158              		.loc 1 163 17 is_stmt 0 view .LVU42
 159 00a8 0EF1FF3E 		add	lr, lr, #-1
 160              	.LVL18:
 155:Drivers/CMSIS/DSP/Source/ComplexMathFunctions/arm_cmplx_dot_prod_q31.c **** 
 161              		.loc 1 155 18 view .LVU43
 162 00ac 6146     		mov	r1, ip
 153:Drivers/CMSIS/DSP/Source/ComplexMathFunctions/arm_cmplx_dot_prod_q31.c ****       c0 = *pSrcB++;
 163              		.loc 1 153 18 view .LVU44
 164 00ae 0298     		ldr	r0, [sp, #8]
 165              	.LVL19:
 166              	.L2:
 150:Drivers/CMSIS/DSP/Source/ComplexMathFunctions/arm_cmplx_dot_prod_q31.c ****   {
 167              		.loc 1 150 21 is_stmt 1 view .LVU45
 168 00b0 BEF1000F 		cmp	lr, #0
 169 00b4 AED1     		bne	.L3
 164:Drivers/CMSIS/DSP/Source/ComplexMathFunctions/arm_cmplx_dot_prod_q31.c ****   }
 165:Drivers/CMSIS/DSP/Source/ComplexMathFunctions/arm_cmplx_dot_prod_q31.c **** 
 166:Drivers/CMSIS/DSP/Source/ComplexMathFunctions/arm_cmplx_dot_prod_q31.c **** #endif /* #if defined (ARM_MATH_DSP) */
 167:Drivers/CMSIS/DSP/Source/ComplexMathFunctions/arm_cmplx_dot_prod_q31.c **** 
 168:Drivers/CMSIS/DSP/Source/ComplexMathFunctions/arm_cmplx_dot_prod_q31.c ****   /* Store the real and imaginary results in 16.48 format  */
 169:Drivers/CMSIS/DSP/Source/ComplexMathFunctions/arm_cmplx_dot_prod_q31.c ****   *realResult = real_sum;
ARM GAS  C:\Users\Lamp\AppData\Local\Temp\ccFj8Yce.s 			page 7


 170              		.loc 1 169 15 is_stmt 0 view .LVU46
 171 00b6 039A     		ldr	r2, [sp, #12]
 172 00b8 0E9E     		ldr	r6, [sp, #56]
 173              		.loc 1 169 3 is_stmt 1 view .LVU47
 174              		.loc 1 169 15 is_stmt 0 view .LVU48
 175 00ba 1760     		str	r7, [r2]
 176 00bc 5460     		str	r4, [r2, #4]
 170:Drivers/CMSIS/DSP/Source/ComplexMathFunctions/arm_cmplx_dot_prod_q31.c ****   *imagResult = imag_sum;
 177              		.loc 1 170 3 is_stmt 1 view .LVU49
 178              		.loc 1 170 15 is_stmt 0 view .LVU50
 179 00be 3560     		str	r5, [r6]
 180 00c0 019B     		ldr	r3, [sp, #4]
 181 00c2 7360     		str	r3, [r6, #4]
 171:Drivers/CMSIS/DSP/Source/ComplexMathFunctions/arm_cmplx_dot_prod_q31.c **** }
 182              		.loc 1 171 1 view .LVU51
 183 00c4 05B0     		add	sp, sp, #20
 184              	.LCFI2:
 185              		.cfi_def_cfa_offset 36
 186              		@ sp needed
 187 00c6 BDE8F08F 		pop	{r4, r5, r6, r7, r8, r9, r10, fp, pc}
 188              		.loc 1 171 1 view .LVU52
 189              		.cfi_endproc
 190              	.LFE100:
 192              		.text
 193              	.Letext0:
 194              		.file 2 "C:/ARM GNU Toolchain/arm-none-eabi/include/machine/_default_types.h"
 195              		.file 3 "C:/ARM GNU Toolchain/arm-none-eabi/include/sys/_stdint.h"
 196              		.file 4 "Drivers/CMSIS/DSP/Include/arm_math.h"
ARM GAS  C:\Users\Lamp\AppData\Local\Temp\ccFj8Yce.s 			page 8


DEFINED SYMBOLS
                            *ABS*:00000000 arm_cmplx_dot_prod_q31.c
C:\Users\Lamp\AppData\Local\Temp\ccFj8Yce.s:19     .text.arm_cmplx_dot_prod_q31:00000000 $t
C:\Users\Lamp\AppData\Local\Temp\ccFj8Yce.s:25     .text.arm_cmplx_dot_prod_q31:00000000 arm_cmplx_dot_prod_q31

NO UNDEFINED SYMBOLS
