ARM GAS  C:\Users\Lamp\AppData\Local\Temp\ccMmDP6x.s 			page 1


   1              		.cpu cortex-m3
   2              		.arch armv7-m
   3              		.fpu softvfp
   4              		.eabi_attribute 20, 1
   5              		.eabi_attribute 21, 1
   6              		.eabi_attribute 23, 3
   7              		.eabi_attribute 24, 1
   8              		.eabi_attribute 25, 1
   9              		.eabi_attribute 26, 1
  10              		.eabi_attribute 30, 1
  11              		.eabi_attribute 34, 1
  12              		.eabi_attribute 18, 4
  13              		.file	"arm_mat_sub_f32.c"
  14              		.text
  15              	.Ltext0:
  16              		.cfi_sections	.debug_frame
  17              		.file 1 "Drivers/CMSIS/DSP/Source/MatrixFunctions/arm_mat_sub_f32.c"
  18              		.global	__aeabi_fsub
  19              		.section	.text.arm_mat_sub_f32,"ax",%progbits
  20              		.align	1
  21              		.global	arm_mat_sub_f32
  22              		.syntax unified
  23              		.thumb
  24              		.thumb_func
  26              	arm_mat_sub_f32:
  27              	.LVL0:
  28              	.LFB100:
   1:Drivers/CMSIS/DSP/Source/MatrixFunctions/arm_mat_sub_f32.c **** /* ----------------------------------------------------------------------
   2:Drivers/CMSIS/DSP/Source/MatrixFunctions/arm_mat_sub_f32.c ****  * Project:      CMSIS DSP Library
   3:Drivers/CMSIS/DSP/Source/MatrixFunctions/arm_mat_sub_f32.c ****  * Title:        arm_mat_sub_f32.c
   4:Drivers/CMSIS/DSP/Source/MatrixFunctions/arm_mat_sub_f32.c ****  * Description:  Floating-point matrix subtraction
   5:Drivers/CMSIS/DSP/Source/MatrixFunctions/arm_mat_sub_f32.c ****  *
   6:Drivers/CMSIS/DSP/Source/MatrixFunctions/arm_mat_sub_f32.c ****  * $Date:        27. January 2017
   7:Drivers/CMSIS/DSP/Source/MatrixFunctions/arm_mat_sub_f32.c ****  * $Revision:    V.1.5.1
   8:Drivers/CMSIS/DSP/Source/MatrixFunctions/arm_mat_sub_f32.c ****  *
   9:Drivers/CMSIS/DSP/Source/MatrixFunctions/arm_mat_sub_f32.c ****  * Target Processor: Cortex-M cores
  10:Drivers/CMSIS/DSP/Source/MatrixFunctions/arm_mat_sub_f32.c ****  * -------------------------------------------------------------------- */
  11:Drivers/CMSIS/DSP/Source/MatrixFunctions/arm_mat_sub_f32.c **** /*
  12:Drivers/CMSIS/DSP/Source/MatrixFunctions/arm_mat_sub_f32.c ****  * Copyright (C) 2010-2017 ARM Limited or its affiliates. All rights reserved.
  13:Drivers/CMSIS/DSP/Source/MatrixFunctions/arm_mat_sub_f32.c ****  *
  14:Drivers/CMSIS/DSP/Source/MatrixFunctions/arm_mat_sub_f32.c ****  * SPDX-License-Identifier: Apache-2.0
  15:Drivers/CMSIS/DSP/Source/MatrixFunctions/arm_mat_sub_f32.c ****  *
  16:Drivers/CMSIS/DSP/Source/MatrixFunctions/arm_mat_sub_f32.c ****  * Licensed under the Apache License, Version 2.0 (the License); you may
  17:Drivers/CMSIS/DSP/Source/MatrixFunctions/arm_mat_sub_f32.c ****  * not use this file except in compliance with the License.
  18:Drivers/CMSIS/DSP/Source/MatrixFunctions/arm_mat_sub_f32.c ****  * You may obtain a copy of the License at
  19:Drivers/CMSIS/DSP/Source/MatrixFunctions/arm_mat_sub_f32.c ****  *
  20:Drivers/CMSIS/DSP/Source/MatrixFunctions/arm_mat_sub_f32.c ****  * www.apache.org/licenses/LICENSE-2.0
  21:Drivers/CMSIS/DSP/Source/MatrixFunctions/arm_mat_sub_f32.c ****  *
  22:Drivers/CMSIS/DSP/Source/MatrixFunctions/arm_mat_sub_f32.c ****  * Unless required by applicable law or agreed to in writing, software
  23:Drivers/CMSIS/DSP/Source/MatrixFunctions/arm_mat_sub_f32.c ****  * distributed under the License is distributed on an AS IS BASIS, WITHOUT
  24:Drivers/CMSIS/DSP/Source/MatrixFunctions/arm_mat_sub_f32.c ****  * WARRANTIES OR CONDITIONS OF ANY KIND, either express or implied.
  25:Drivers/CMSIS/DSP/Source/MatrixFunctions/arm_mat_sub_f32.c ****  * See the License for the specific language governing permissions and
  26:Drivers/CMSIS/DSP/Source/MatrixFunctions/arm_mat_sub_f32.c ****  * limitations under the License.
  27:Drivers/CMSIS/DSP/Source/MatrixFunctions/arm_mat_sub_f32.c ****  */
  28:Drivers/CMSIS/DSP/Source/MatrixFunctions/arm_mat_sub_f32.c **** 
  29:Drivers/CMSIS/DSP/Source/MatrixFunctions/arm_mat_sub_f32.c **** #include "arm_math.h"
  30:Drivers/CMSIS/DSP/Source/MatrixFunctions/arm_mat_sub_f32.c **** 
ARM GAS  C:\Users\Lamp\AppData\Local\Temp\ccMmDP6x.s 			page 2


  31:Drivers/CMSIS/DSP/Source/MatrixFunctions/arm_mat_sub_f32.c **** /**
  32:Drivers/CMSIS/DSP/Source/MatrixFunctions/arm_mat_sub_f32.c ****  * @ingroup groupMatrix
  33:Drivers/CMSIS/DSP/Source/MatrixFunctions/arm_mat_sub_f32.c ****  */
  34:Drivers/CMSIS/DSP/Source/MatrixFunctions/arm_mat_sub_f32.c **** 
  35:Drivers/CMSIS/DSP/Source/MatrixFunctions/arm_mat_sub_f32.c **** /**
  36:Drivers/CMSIS/DSP/Source/MatrixFunctions/arm_mat_sub_f32.c ****  * @defgroup MatrixSub Matrix Subtraction
  37:Drivers/CMSIS/DSP/Source/MatrixFunctions/arm_mat_sub_f32.c ****  *
  38:Drivers/CMSIS/DSP/Source/MatrixFunctions/arm_mat_sub_f32.c ****  * Subtract two matrices.
  39:Drivers/CMSIS/DSP/Source/MatrixFunctions/arm_mat_sub_f32.c ****  * \image html MatrixSubtraction.gif "Subraction of two 3 x 3 matrices"
  40:Drivers/CMSIS/DSP/Source/MatrixFunctions/arm_mat_sub_f32.c ****  *
  41:Drivers/CMSIS/DSP/Source/MatrixFunctions/arm_mat_sub_f32.c ****  * The functions check to make sure that
  42:Drivers/CMSIS/DSP/Source/MatrixFunctions/arm_mat_sub_f32.c ****  * <code>pSrcA</code>, <code>pSrcB</code>, and <code>pDst</code> have the same
  43:Drivers/CMSIS/DSP/Source/MatrixFunctions/arm_mat_sub_f32.c ****  * number of rows and columns.
  44:Drivers/CMSIS/DSP/Source/MatrixFunctions/arm_mat_sub_f32.c ****  */
  45:Drivers/CMSIS/DSP/Source/MatrixFunctions/arm_mat_sub_f32.c **** 
  46:Drivers/CMSIS/DSP/Source/MatrixFunctions/arm_mat_sub_f32.c **** /**
  47:Drivers/CMSIS/DSP/Source/MatrixFunctions/arm_mat_sub_f32.c ****  * @addtogroup MatrixSub
  48:Drivers/CMSIS/DSP/Source/MatrixFunctions/arm_mat_sub_f32.c ****  * @{
  49:Drivers/CMSIS/DSP/Source/MatrixFunctions/arm_mat_sub_f32.c ****  */
  50:Drivers/CMSIS/DSP/Source/MatrixFunctions/arm_mat_sub_f32.c **** 
  51:Drivers/CMSIS/DSP/Source/MatrixFunctions/arm_mat_sub_f32.c **** /**
  52:Drivers/CMSIS/DSP/Source/MatrixFunctions/arm_mat_sub_f32.c ****  * @brief Floating-point matrix subtraction
  53:Drivers/CMSIS/DSP/Source/MatrixFunctions/arm_mat_sub_f32.c ****  * @param[in]       *pSrcA points to the first input matrix structure
  54:Drivers/CMSIS/DSP/Source/MatrixFunctions/arm_mat_sub_f32.c ****  * @param[in]       *pSrcB points to the second input matrix structure
  55:Drivers/CMSIS/DSP/Source/MatrixFunctions/arm_mat_sub_f32.c ****  * @param[out]      *pDst points to output matrix structure
  56:Drivers/CMSIS/DSP/Source/MatrixFunctions/arm_mat_sub_f32.c ****  * @return     		The function returns either
  57:Drivers/CMSIS/DSP/Source/MatrixFunctions/arm_mat_sub_f32.c ****  * <code>ARM_MATH_SIZE_MISMATCH</code> or <code>ARM_MATH_SUCCESS</code> based on the outcome of siz
  58:Drivers/CMSIS/DSP/Source/MatrixFunctions/arm_mat_sub_f32.c ****  */
  59:Drivers/CMSIS/DSP/Source/MatrixFunctions/arm_mat_sub_f32.c **** 
  60:Drivers/CMSIS/DSP/Source/MatrixFunctions/arm_mat_sub_f32.c **** arm_status arm_mat_sub_f32(
  61:Drivers/CMSIS/DSP/Source/MatrixFunctions/arm_mat_sub_f32.c ****   const arm_matrix_instance_f32 * pSrcA,
  62:Drivers/CMSIS/DSP/Source/MatrixFunctions/arm_mat_sub_f32.c ****   const arm_matrix_instance_f32 * pSrcB,
  63:Drivers/CMSIS/DSP/Source/MatrixFunctions/arm_mat_sub_f32.c ****   arm_matrix_instance_f32 * pDst)
  64:Drivers/CMSIS/DSP/Source/MatrixFunctions/arm_mat_sub_f32.c **** {
  29              		.loc 1 64 1 view -0
  30              		.cfi_startproc
  31              		@ args = 0, pretend = 0, frame = 0
  32              		@ frame_needed = 0, uses_anonymous_args = 0
  33              		.loc 1 64 1 is_stmt 0 view .LVU1
  34 0000 F8B5     		push	{r3, r4, r5, r6, r7, lr}
  35              	.LCFI0:
  36              		.cfi_def_cfa_offset 24
  37              		.cfi_offset 3, -24
  38              		.cfi_offset 4, -20
  39              		.cfi_offset 5, -16
  40              		.cfi_offset 6, -12
  41              		.cfi_offset 7, -8
  42              		.cfi_offset 14, -4
  65:Drivers/CMSIS/DSP/Source/MatrixFunctions/arm_mat_sub_f32.c ****   float32_t *pIn1 = pSrcA->pData;                /* input data matrix pointer A */
  43              		.loc 1 65 3 is_stmt 1 view .LVU2
  44              		.loc 1 65 14 is_stmt 0 view .LVU3
  45 0002 4668     		ldr	r6, [r0, #4]
  46              	.LVL1:
  66:Drivers/CMSIS/DSP/Source/MatrixFunctions/arm_mat_sub_f32.c ****   float32_t *pIn2 = pSrcB->pData;                /* input data matrix pointer B */
  47              		.loc 1 66 3 is_stmt 1 view .LVU4
  48              		.loc 1 66 14 is_stmt 0 view .LVU5
  49 0004 4D68     		ldr	r5, [r1, #4]
ARM GAS  C:\Users\Lamp\AppData\Local\Temp\ccMmDP6x.s 			page 3


  50              	.LVL2:
  67:Drivers/CMSIS/DSP/Source/MatrixFunctions/arm_mat_sub_f32.c ****   float32_t *pOut = pDst->pData;                 /* output data matrix pointer  */
  51              		.loc 1 67 3 is_stmt 1 view .LVU6
  52              		.loc 1 67 14 is_stmt 0 view .LVU7
  53 0006 5468     		ldr	r4, [r2, #4]
  54              	.LVL3:
  68:Drivers/CMSIS/DSP/Source/MatrixFunctions/arm_mat_sub_f32.c **** 
  69:Drivers/CMSIS/DSP/Source/MatrixFunctions/arm_mat_sub_f32.c **** #if defined (ARM_MATH_DSP)
  70:Drivers/CMSIS/DSP/Source/MatrixFunctions/arm_mat_sub_f32.c **** 
  71:Drivers/CMSIS/DSP/Source/MatrixFunctions/arm_mat_sub_f32.c ****   float32_t inA1, inA2, inB1, inB2, out1, out2;  /* temporary variables */
  72:Drivers/CMSIS/DSP/Source/MatrixFunctions/arm_mat_sub_f32.c **** 
  73:Drivers/CMSIS/DSP/Source/MatrixFunctions/arm_mat_sub_f32.c **** #endif //      #if defined (ARM_MATH_DSP)
  74:Drivers/CMSIS/DSP/Source/MatrixFunctions/arm_mat_sub_f32.c **** 
  75:Drivers/CMSIS/DSP/Source/MatrixFunctions/arm_mat_sub_f32.c ****   uint32_t numSamples;                           /* total number of elements in the matrix  */
  55              		.loc 1 75 3 is_stmt 1 view .LVU8
  76:Drivers/CMSIS/DSP/Source/MatrixFunctions/arm_mat_sub_f32.c ****   uint32_t blkCnt;                               /* loop counters */
  56              		.loc 1 76 3 view .LVU9
  77:Drivers/CMSIS/DSP/Source/MatrixFunctions/arm_mat_sub_f32.c ****   arm_status status;                             /* status of matrix subtraction */
  57              		.loc 1 77 3 view .LVU10
  78:Drivers/CMSIS/DSP/Source/MatrixFunctions/arm_mat_sub_f32.c **** 
  79:Drivers/CMSIS/DSP/Source/MatrixFunctions/arm_mat_sub_f32.c **** #ifdef ARM_MATH_MATRIX_CHECK
  80:Drivers/CMSIS/DSP/Source/MatrixFunctions/arm_mat_sub_f32.c ****   /* Check for matrix mismatch condition */
  81:Drivers/CMSIS/DSP/Source/MatrixFunctions/arm_mat_sub_f32.c ****   if ((pSrcA->numRows != pSrcB->numRows) ||
  82:Drivers/CMSIS/DSP/Source/MatrixFunctions/arm_mat_sub_f32.c ****      (pSrcA->numCols != pSrcB->numCols) ||
  83:Drivers/CMSIS/DSP/Source/MatrixFunctions/arm_mat_sub_f32.c ****      (pSrcA->numRows != pDst->numRows) || (pSrcA->numCols != pDst->numCols))
  84:Drivers/CMSIS/DSP/Source/MatrixFunctions/arm_mat_sub_f32.c ****   {
  85:Drivers/CMSIS/DSP/Source/MatrixFunctions/arm_mat_sub_f32.c ****     /* Set status as ARM_MATH_SIZE_MISMATCH */
  86:Drivers/CMSIS/DSP/Source/MatrixFunctions/arm_mat_sub_f32.c ****     status = ARM_MATH_SIZE_MISMATCH;
  87:Drivers/CMSIS/DSP/Source/MatrixFunctions/arm_mat_sub_f32.c ****   }
  88:Drivers/CMSIS/DSP/Source/MatrixFunctions/arm_mat_sub_f32.c ****   else
  89:Drivers/CMSIS/DSP/Source/MatrixFunctions/arm_mat_sub_f32.c **** #endif /*    #ifdef ARM_MATH_MATRIX_CHECK    */
  90:Drivers/CMSIS/DSP/Source/MatrixFunctions/arm_mat_sub_f32.c ****   {
  91:Drivers/CMSIS/DSP/Source/MatrixFunctions/arm_mat_sub_f32.c ****     /* Total number of samples in the input matrix */
  92:Drivers/CMSIS/DSP/Source/MatrixFunctions/arm_mat_sub_f32.c ****     numSamples = (uint32_t) pSrcA->numRows * pSrcA->numCols;
  58              		.loc 1 92 5 view .LVU11
  59              		.loc 1 92 34 is_stmt 0 view .LVU12
  60 0008 0788     		ldrh	r7, [r0]
  61              		.loc 1 92 51 view .LVU13
  62 000a 4388     		ldrh	r3, [r0, #2]
  63              		.loc 1 92 16 view .LVU14
  64 000c 03FB07F7 		mul	r7, r3, r7
  65              	.LVL4:
  93:Drivers/CMSIS/DSP/Source/MatrixFunctions/arm_mat_sub_f32.c **** 
  94:Drivers/CMSIS/DSP/Source/MatrixFunctions/arm_mat_sub_f32.c **** #if defined (ARM_MATH_DSP)
  95:Drivers/CMSIS/DSP/Source/MatrixFunctions/arm_mat_sub_f32.c **** 
  96:Drivers/CMSIS/DSP/Source/MatrixFunctions/arm_mat_sub_f32.c ****     /* Run the below code for Cortex-M4 and Cortex-M3 */
  97:Drivers/CMSIS/DSP/Source/MatrixFunctions/arm_mat_sub_f32.c **** 
  98:Drivers/CMSIS/DSP/Source/MatrixFunctions/arm_mat_sub_f32.c ****     /* Loop Unrolling */
  99:Drivers/CMSIS/DSP/Source/MatrixFunctions/arm_mat_sub_f32.c ****     blkCnt = numSamples >> 2U;
 100:Drivers/CMSIS/DSP/Source/MatrixFunctions/arm_mat_sub_f32.c **** 
 101:Drivers/CMSIS/DSP/Source/MatrixFunctions/arm_mat_sub_f32.c ****     /* First part of the processing with loop unrolling.  Compute 4 outputs at a time.
 102:Drivers/CMSIS/DSP/Source/MatrixFunctions/arm_mat_sub_f32.c ****      ** a second loop below computes the remaining 1 to 3 samples. */
 103:Drivers/CMSIS/DSP/Source/MatrixFunctions/arm_mat_sub_f32.c ****     while (blkCnt > 0U)
 104:Drivers/CMSIS/DSP/Source/MatrixFunctions/arm_mat_sub_f32.c ****     {
 105:Drivers/CMSIS/DSP/Source/MatrixFunctions/arm_mat_sub_f32.c ****       /* C(m,n) = A(m,n) - B(m,n) */
 106:Drivers/CMSIS/DSP/Source/MatrixFunctions/arm_mat_sub_f32.c ****       /* Subtract and then store the results in the destination buffer. */
 107:Drivers/CMSIS/DSP/Source/MatrixFunctions/arm_mat_sub_f32.c ****       /* Read values from source A */
ARM GAS  C:\Users\Lamp\AppData\Local\Temp\ccMmDP6x.s 			page 4


 108:Drivers/CMSIS/DSP/Source/MatrixFunctions/arm_mat_sub_f32.c ****       inA1 = pIn1[0];
 109:Drivers/CMSIS/DSP/Source/MatrixFunctions/arm_mat_sub_f32.c **** 
 110:Drivers/CMSIS/DSP/Source/MatrixFunctions/arm_mat_sub_f32.c ****       /* Read values from source B */
 111:Drivers/CMSIS/DSP/Source/MatrixFunctions/arm_mat_sub_f32.c ****       inB1 = pIn2[0];
 112:Drivers/CMSIS/DSP/Source/MatrixFunctions/arm_mat_sub_f32.c **** 
 113:Drivers/CMSIS/DSP/Source/MatrixFunctions/arm_mat_sub_f32.c ****       /* Read values from source A */
 114:Drivers/CMSIS/DSP/Source/MatrixFunctions/arm_mat_sub_f32.c ****       inA2 = pIn1[1];
 115:Drivers/CMSIS/DSP/Source/MatrixFunctions/arm_mat_sub_f32.c **** 
 116:Drivers/CMSIS/DSP/Source/MatrixFunctions/arm_mat_sub_f32.c ****       /* out = sourceA - sourceB */
 117:Drivers/CMSIS/DSP/Source/MatrixFunctions/arm_mat_sub_f32.c ****       out1 = inA1 - inB1;
 118:Drivers/CMSIS/DSP/Source/MatrixFunctions/arm_mat_sub_f32.c **** 
 119:Drivers/CMSIS/DSP/Source/MatrixFunctions/arm_mat_sub_f32.c ****       /* Read values from source B */
 120:Drivers/CMSIS/DSP/Source/MatrixFunctions/arm_mat_sub_f32.c ****       inB2 = pIn2[1];
 121:Drivers/CMSIS/DSP/Source/MatrixFunctions/arm_mat_sub_f32.c **** 
 122:Drivers/CMSIS/DSP/Source/MatrixFunctions/arm_mat_sub_f32.c ****       /* Read values from source A */
 123:Drivers/CMSIS/DSP/Source/MatrixFunctions/arm_mat_sub_f32.c ****       inA1 = pIn1[2];
 124:Drivers/CMSIS/DSP/Source/MatrixFunctions/arm_mat_sub_f32.c **** 
 125:Drivers/CMSIS/DSP/Source/MatrixFunctions/arm_mat_sub_f32.c ****       /* out = sourceA - sourceB */
 126:Drivers/CMSIS/DSP/Source/MatrixFunctions/arm_mat_sub_f32.c ****       out2 = inA2 - inB2;
 127:Drivers/CMSIS/DSP/Source/MatrixFunctions/arm_mat_sub_f32.c **** 
 128:Drivers/CMSIS/DSP/Source/MatrixFunctions/arm_mat_sub_f32.c ****       /* Read values from source B */
 129:Drivers/CMSIS/DSP/Source/MatrixFunctions/arm_mat_sub_f32.c ****       inB1 = pIn2[2];
 130:Drivers/CMSIS/DSP/Source/MatrixFunctions/arm_mat_sub_f32.c **** 
 131:Drivers/CMSIS/DSP/Source/MatrixFunctions/arm_mat_sub_f32.c ****       /* Store result in destination */
 132:Drivers/CMSIS/DSP/Source/MatrixFunctions/arm_mat_sub_f32.c ****       pOut[0] = out1;
 133:Drivers/CMSIS/DSP/Source/MatrixFunctions/arm_mat_sub_f32.c ****       pOut[1] = out2;
 134:Drivers/CMSIS/DSP/Source/MatrixFunctions/arm_mat_sub_f32.c **** 
 135:Drivers/CMSIS/DSP/Source/MatrixFunctions/arm_mat_sub_f32.c ****       /* Read values from source A */
 136:Drivers/CMSIS/DSP/Source/MatrixFunctions/arm_mat_sub_f32.c ****       inA2 = pIn1[3];
 137:Drivers/CMSIS/DSP/Source/MatrixFunctions/arm_mat_sub_f32.c **** 
 138:Drivers/CMSIS/DSP/Source/MatrixFunctions/arm_mat_sub_f32.c ****       /* Read values from source B */
 139:Drivers/CMSIS/DSP/Source/MatrixFunctions/arm_mat_sub_f32.c ****       inB2 = pIn2[3];
 140:Drivers/CMSIS/DSP/Source/MatrixFunctions/arm_mat_sub_f32.c **** 
 141:Drivers/CMSIS/DSP/Source/MatrixFunctions/arm_mat_sub_f32.c ****       /* out = sourceA - sourceB */
 142:Drivers/CMSIS/DSP/Source/MatrixFunctions/arm_mat_sub_f32.c ****       out1 = inA1 - inB1;
 143:Drivers/CMSIS/DSP/Source/MatrixFunctions/arm_mat_sub_f32.c **** 
 144:Drivers/CMSIS/DSP/Source/MatrixFunctions/arm_mat_sub_f32.c **** 
 145:Drivers/CMSIS/DSP/Source/MatrixFunctions/arm_mat_sub_f32.c ****       /* out = sourceA - sourceB */
 146:Drivers/CMSIS/DSP/Source/MatrixFunctions/arm_mat_sub_f32.c ****       out2 = inA2 - inB2;
 147:Drivers/CMSIS/DSP/Source/MatrixFunctions/arm_mat_sub_f32.c **** 
 148:Drivers/CMSIS/DSP/Source/MatrixFunctions/arm_mat_sub_f32.c ****       /* Store result in destination */
 149:Drivers/CMSIS/DSP/Source/MatrixFunctions/arm_mat_sub_f32.c ****       pOut[2] = out1;
 150:Drivers/CMSIS/DSP/Source/MatrixFunctions/arm_mat_sub_f32.c **** 
 151:Drivers/CMSIS/DSP/Source/MatrixFunctions/arm_mat_sub_f32.c ****       /* Store result in destination */
 152:Drivers/CMSIS/DSP/Source/MatrixFunctions/arm_mat_sub_f32.c ****       pOut[3] = out2;
 153:Drivers/CMSIS/DSP/Source/MatrixFunctions/arm_mat_sub_f32.c **** 
 154:Drivers/CMSIS/DSP/Source/MatrixFunctions/arm_mat_sub_f32.c **** 
 155:Drivers/CMSIS/DSP/Source/MatrixFunctions/arm_mat_sub_f32.c ****       /* update pointers to process next sampels */
 156:Drivers/CMSIS/DSP/Source/MatrixFunctions/arm_mat_sub_f32.c ****       pIn1 += 4U;
 157:Drivers/CMSIS/DSP/Source/MatrixFunctions/arm_mat_sub_f32.c ****       pIn2 += 4U;
 158:Drivers/CMSIS/DSP/Source/MatrixFunctions/arm_mat_sub_f32.c ****       pOut += 4U;
 159:Drivers/CMSIS/DSP/Source/MatrixFunctions/arm_mat_sub_f32.c **** 
 160:Drivers/CMSIS/DSP/Source/MatrixFunctions/arm_mat_sub_f32.c ****       /* Decrement the loop counter */
 161:Drivers/CMSIS/DSP/Source/MatrixFunctions/arm_mat_sub_f32.c ****       blkCnt--;
 162:Drivers/CMSIS/DSP/Source/MatrixFunctions/arm_mat_sub_f32.c ****     }
 163:Drivers/CMSIS/DSP/Source/MatrixFunctions/arm_mat_sub_f32.c **** 
 164:Drivers/CMSIS/DSP/Source/MatrixFunctions/arm_mat_sub_f32.c ****     /* If the numSamples is not a multiple of 4, compute any remaining output samples here.
ARM GAS  C:\Users\Lamp\AppData\Local\Temp\ccMmDP6x.s 			page 5


 165:Drivers/CMSIS/DSP/Source/MatrixFunctions/arm_mat_sub_f32.c ****      ** No loop unrolling is used. */
 166:Drivers/CMSIS/DSP/Source/MatrixFunctions/arm_mat_sub_f32.c ****     blkCnt = numSamples % 0x4U;
 167:Drivers/CMSIS/DSP/Source/MatrixFunctions/arm_mat_sub_f32.c **** 
 168:Drivers/CMSIS/DSP/Source/MatrixFunctions/arm_mat_sub_f32.c **** #else
 169:Drivers/CMSIS/DSP/Source/MatrixFunctions/arm_mat_sub_f32.c **** 
 170:Drivers/CMSIS/DSP/Source/MatrixFunctions/arm_mat_sub_f32.c ****     /* Run the below code for Cortex-M0 */
 171:Drivers/CMSIS/DSP/Source/MatrixFunctions/arm_mat_sub_f32.c **** 
 172:Drivers/CMSIS/DSP/Source/MatrixFunctions/arm_mat_sub_f32.c ****     /* Initialize blkCnt with number of samples */
 173:Drivers/CMSIS/DSP/Source/MatrixFunctions/arm_mat_sub_f32.c ****     blkCnt = numSamples;
  66              		.loc 1 173 5 is_stmt 1 view .LVU15
 174:Drivers/CMSIS/DSP/Source/MatrixFunctions/arm_mat_sub_f32.c **** 
 175:Drivers/CMSIS/DSP/Source/MatrixFunctions/arm_mat_sub_f32.c **** #endif /* #if defined (ARM_MATH_DSP) */
 176:Drivers/CMSIS/DSP/Source/MatrixFunctions/arm_mat_sub_f32.c **** 
 177:Drivers/CMSIS/DSP/Source/MatrixFunctions/arm_mat_sub_f32.c ****     while (blkCnt > 0U)
  67              		.loc 1 177 5 view .LVU16
  68              		.loc 1 177 11 is_stmt 0 view .LVU17
  69 0010 08E0     		b	.L2
  70              	.LVL5:
  71              	.L3:
 178:Drivers/CMSIS/DSP/Source/MatrixFunctions/arm_mat_sub_f32.c ****     {
 179:Drivers/CMSIS/DSP/Source/MatrixFunctions/arm_mat_sub_f32.c ****       /* C(m,n) = A(m,n) - B(m,n) */
 180:Drivers/CMSIS/DSP/Source/MatrixFunctions/arm_mat_sub_f32.c ****       /* Subtract and then store the results in the destination buffer. */
 181:Drivers/CMSIS/DSP/Source/MatrixFunctions/arm_mat_sub_f32.c ****       *pOut++ = (*pIn1++) - (*pIn2++);
  72              		.loc 1 181 7 is_stmt 1 view .LVU18
  73              		.loc 1 181 27 is_stmt 0 view .LVU19
  74 0012 55F8041B 		ldr	r1, [r5], #4	@ float
  75              	.LVL6:
  76              		.loc 1 181 27 view .LVU20
  77 0016 56F8040B 		ldr	r0, [r6], #4	@ float
  78              	.LVL7:
  79              		.loc 1 181 27 view .LVU21
  80 001a FFF7FEFF 		bl	__aeabi_fsub
  81              	.LVL8:
  82              		.loc 1 181 15 view .LVU22
  83 001e 44F8040B 		str	r0, [r4], #4	@ float
  84              	.LVL9:
 182:Drivers/CMSIS/DSP/Source/MatrixFunctions/arm_mat_sub_f32.c **** 
 183:Drivers/CMSIS/DSP/Source/MatrixFunctions/arm_mat_sub_f32.c ****       /* Decrement the loop counter */
 184:Drivers/CMSIS/DSP/Source/MatrixFunctions/arm_mat_sub_f32.c ****       blkCnt--;
  85              		.loc 1 184 7 is_stmt 1 view .LVU23
  86              		.loc 1 184 13 is_stmt 0 view .LVU24
  87 0022 013F     		subs	r7, r7, #1
  88              	.LVL10:
  89              	.L2:
 177:Drivers/CMSIS/DSP/Source/MatrixFunctions/arm_mat_sub_f32.c ****     {
  90              		.loc 1 177 19 is_stmt 1 view .LVU25
  91 0024 002F     		cmp	r7, #0
  92 0026 F4D1     		bne	.L3
 185:Drivers/CMSIS/DSP/Source/MatrixFunctions/arm_mat_sub_f32.c ****     }
 186:Drivers/CMSIS/DSP/Source/MatrixFunctions/arm_mat_sub_f32.c **** 
 187:Drivers/CMSIS/DSP/Source/MatrixFunctions/arm_mat_sub_f32.c ****     /* Set status as ARM_MATH_SUCCESS */
 188:Drivers/CMSIS/DSP/Source/MatrixFunctions/arm_mat_sub_f32.c ****     status = ARM_MATH_SUCCESS;
  93              		.loc 1 188 5 view .LVU26
  94              	.LVL11:
 189:Drivers/CMSIS/DSP/Source/MatrixFunctions/arm_mat_sub_f32.c ****   }
 190:Drivers/CMSIS/DSP/Source/MatrixFunctions/arm_mat_sub_f32.c **** 
 191:Drivers/CMSIS/DSP/Source/MatrixFunctions/arm_mat_sub_f32.c ****   /* Return to application */
ARM GAS  C:\Users\Lamp\AppData\Local\Temp\ccMmDP6x.s 			page 6


 192:Drivers/CMSIS/DSP/Source/MatrixFunctions/arm_mat_sub_f32.c ****   return (status);
  95              		.loc 1 192 3 view .LVU27
 193:Drivers/CMSIS/DSP/Source/MatrixFunctions/arm_mat_sub_f32.c **** }
  96              		.loc 1 193 1 is_stmt 0 view .LVU28
  97 0028 0020     		movs	r0, #0
  98 002a F8BD     		pop	{r3, r4, r5, r6, r7, pc}
  99              		.loc 1 193 1 view .LVU29
 100              		.cfi_endproc
 101              	.LFE100:
 103              		.text
 104              	.Letext0:
 105              		.file 2 "C:/ARM GNU Toolchain/arm-none-eabi/include/machine/_default_types.h"
 106              		.file 3 "C:/ARM GNU Toolchain/arm-none-eabi/include/sys/_stdint.h"
 107              		.file 4 "Drivers/CMSIS/DSP/Include/arm_math.h"
ARM GAS  C:\Users\Lamp\AppData\Local\Temp\ccMmDP6x.s 			page 7


DEFINED SYMBOLS
                            *ABS*:00000000 arm_mat_sub_f32.c
C:\Users\Lamp\AppData\Local\Temp\ccMmDP6x.s:20     .text.arm_mat_sub_f32:00000000 $t
C:\Users\Lamp\AppData\Local\Temp\ccMmDP6x.s:26     .text.arm_mat_sub_f32:00000000 arm_mat_sub_f32

UNDEFINED SYMBOLS
__aeabi_fsub
