ARM GAS  C:\Users\Lamp\AppData\Local\Temp\ccekRmng.s 			page 1


   1              		.cpu cortex-m3
   2              		.arch armv7-m
   3              		.fpu softvfp
   4              		.eabi_attribute 20, 1
   5              		.eabi_attribute 21, 1
   6              		.eabi_attribute 23, 3
   7              		.eabi_attribute 24, 1
   8              		.eabi_attribute 25, 1
   9              		.eabi_attribute 26, 1
  10              		.eabi_attribute 30, 1
  11              		.eabi_attribute 34, 1
  12              		.eabi_attribute 18, 4
  13              		.file	"arm_cmplx_dot_prod_q15.c"
  14              		.text
  15              	.Ltext0:
  16              		.cfi_sections	.debug_frame
  17              		.file 1 "Drivers/CMSIS/DSP/Source/ComplexMathFunctions/arm_cmplx_dot_prod_q15.c"
  18              		.section	.text.arm_cmplx_dot_prod_q15,"ax",%progbits
  19              		.align	1
  20              		.global	arm_cmplx_dot_prod_q15
  21              		.syntax unified
  22              		.thumb
  23              		.thumb_func
  25              	arm_cmplx_dot_prod_q15:
  26              	.LVL0:
  27              	.LFB100:
   1:Drivers/CMSIS/DSP/Source/ComplexMathFunctions/arm_cmplx_dot_prod_q15.c **** /* ----------------------------------------------------------------------
   2:Drivers/CMSIS/DSP/Source/ComplexMathFunctions/arm_cmplx_dot_prod_q15.c ****  * Project:      CMSIS DSP Library
   3:Drivers/CMSIS/DSP/Source/ComplexMathFunctions/arm_cmplx_dot_prod_q15.c ****  * Title:        arm_cmplx_dot_prod_q15.c
   4:Drivers/CMSIS/DSP/Source/ComplexMathFunctions/arm_cmplx_dot_prod_q15.c ****  * Description:  Processing function for the Q15 Complex Dot product
   5:Drivers/CMSIS/DSP/Source/ComplexMathFunctions/arm_cmplx_dot_prod_q15.c ****  *
   6:Drivers/CMSIS/DSP/Source/ComplexMathFunctions/arm_cmplx_dot_prod_q15.c ****  * $Date:        27. January 2017
   7:Drivers/CMSIS/DSP/Source/ComplexMathFunctions/arm_cmplx_dot_prod_q15.c ****  * $Revision:    V.1.5.1
   8:Drivers/CMSIS/DSP/Source/ComplexMathFunctions/arm_cmplx_dot_prod_q15.c ****  *
   9:Drivers/CMSIS/DSP/Source/ComplexMathFunctions/arm_cmplx_dot_prod_q15.c ****  * Target Processor: Cortex-M cores
  10:Drivers/CMSIS/DSP/Source/ComplexMathFunctions/arm_cmplx_dot_prod_q15.c ****  * -------------------------------------------------------------------- */
  11:Drivers/CMSIS/DSP/Source/ComplexMathFunctions/arm_cmplx_dot_prod_q15.c **** /*
  12:Drivers/CMSIS/DSP/Source/ComplexMathFunctions/arm_cmplx_dot_prod_q15.c ****  * Copyright (C) 2010-2017 ARM Limited or its affiliates. All rights reserved.
  13:Drivers/CMSIS/DSP/Source/ComplexMathFunctions/arm_cmplx_dot_prod_q15.c ****  *
  14:Drivers/CMSIS/DSP/Source/ComplexMathFunctions/arm_cmplx_dot_prod_q15.c ****  * SPDX-License-Identifier: Apache-2.0
  15:Drivers/CMSIS/DSP/Source/ComplexMathFunctions/arm_cmplx_dot_prod_q15.c ****  *
  16:Drivers/CMSIS/DSP/Source/ComplexMathFunctions/arm_cmplx_dot_prod_q15.c ****  * Licensed under the Apache License, Version 2.0 (the License); you may
  17:Drivers/CMSIS/DSP/Source/ComplexMathFunctions/arm_cmplx_dot_prod_q15.c ****  * not use this file except in compliance with the License.
  18:Drivers/CMSIS/DSP/Source/ComplexMathFunctions/arm_cmplx_dot_prod_q15.c ****  * You may obtain a copy of the License at
  19:Drivers/CMSIS/DSP/Source/ComplexMathFunctions/arm_cmplx_dot_prod_q15.c ****  *
  20:Drivers/CMSIS/DSP/Source/ComplexMathFunctions/arm_cmplx_dot_prod_q15.c ****  * www.apache.org/licenses/LICENSE-2.0
  21:Drivers/CMSIS/DSP/Source/ComplexMathFunctions/arm_cmplx_dot_prod_q15.c ****  *
  22:Drivers/CMSIS/DSP/Source/ComplexMathFunctions/arm_cmplx_dot_prod_q15.c ****  * Unless required by applicable law or agreed to in writing, software
  23:Drivers/CMSIS/DSP/Source/ComplexMathFunctions/arm_cmplx_dot_prod_q15.c ****  * distributed under the License is distributed on an AS IS BASIS, WITHOUT
  24:Drivers/CMSIS/DSP/Source/ComplexMathFunctions/arm_cmplx_dot_prod_q15.c ****  * WARRANTIES OR CONDITIONS OF ANY KIND, either express or implied.
  25:Drivers/CMSIS/DSP/Source/ComplexMathFunctions/arm_cmplx_dot_prod_q15.c ****  * See the License for the specific language governing permissions and
  26:Drivers/CMSIS/DSP/Source/ComplexMathFunctions/arm_cmplx_dot_prod_q15.c ****  * limitations under the License.
  27:Drivers/CMSIS/DSP/Source/ComplexMathFunctions/arm_cmplx_dot_prod_q15.c ****  */
  28:Drivers/CMSIS/DSP/Source/ComplexMathFunctions/arm_cmplx_dot_prod_q15.c **** 
  29:Drivers/CMSIS/DSP/Source/ComplexMathFunctions/arm_cmplx_dot_prod_q15.c **** #include "arm_math.h"
  30:Drivers/CMSIS/DSP/Source/ComplexMathFunctions/arm_cmplx_dot_prod_q15.c **** 
  31:Drivers/CMSIS/DSP/Source/ComplexMathFunctions/arm_cmplx_dot_prod_q15.c **** /**
ARM GAS  C:\Users\Lamp\AppData\Local\Temp\ccekRmng.s 			page 2


  32:Drivers/CMSIS/DSP/Source/ComplexMathFunctions/arm_cmplx_dot_prod_q15.c ****  * @ingroup groupCmplxMath
  33:Drivers/CMSIS/DSP/Source/ComplexMathFunctions/arm_cmplx_dot_prod_q15.c ****  */
  34:Drivers/CMSIS/DSP/Source/ComplexMathFunctions/arm_cmplx_dot_prod_q15.c **** 
  35:Drivers/CMSIS/DSP/Source/ComplexMathFunctions/arm_cmplx_dot_prod_q15.c **** /**
  36:Drivers/CMSIS/DSP/Source/ComplexMathFunctions/arm_cmplx_dot_prod_q15.c ****  * @addtogroup cmplx_dot_prod
  37:Drivers/CMSIS/DSP/Source/ComplexMathFunctions/arm_cmplx_dot_prod_q15.c ****  * @{
  38:Drivers/CMSIS/DSP/Source/ComplexMathFunctions/arm_cmplx_dot_prod_q15.c ****  */
  39:Drivers/CMSIS/DSP/Source/ComplexMathFunctions/arm_cmplx_dot_prod_q15.c **** 
  40:Drivers/CMSIS/DSP/Source/ComplexMathFunctions/arm_cmplx_dot_prod_q15.c **** /**
  41:Drivers/CMSIS/DSP/Source/ComplexMathFunctions/arm_cmplx_dot_prod_q15.c ****  * @brief  Q15 complex dot product
  42:Drivers/CMSIS/DSP/Source/ComplexMathFunctions/arm_cmplx_dot_prod_q15.c ****  * @param  *pSrcA points to the first input vector
  43:Drivers/CMSIS/DSP/Source/ComplexMathFunctions/arm_cmplx_dot_prod_q15.c ****  * @param  *pSrcB points to the second input vector
  44:Drivers/CMSIS/DSP/Source/ComplexMathFunctions/arm_cmplx_dot_prod_q15.c ****  * @param  numSamples number of complex samples in each vector
  45:Drivers/CMSIS/DSP/Source/ComplexMathFunctions/arm_cmplx_dot_prod_q15.c ****  * @param  *realResult real part of the result returned here
  46:Drivers/CMSIS/DSP/Source/ComplexMathFunctions/arm_cmplx_dot_prod_q15.c ****  * @param  *imagResult imaginary part of the result returned here
  47:Drivers/CMSIS/DSP/Source/ComplexMathFunctions/arm_cmplx_dot_prod_q15.c ****  * @return none.
  48:Drivers/CMSIS/DSP/Source/ComplexMathFunctions/arm_cmplx_dot_prod_q15.c ****  *
  49:Drivers/CMSIS/DSP/Source/ComplexMathFunctions/arm_cmplx_dot_prod_q15.c ****  * <b>Scaling and Overflow Behavior:</b>
  50:Drivers/CMSIS/DSP/Source/ComplexMathFunctions/arm_cmplx_dot_prod_q15.c ****  * \par
  51:Drivers/CMSIS/DSP/Source/ComplexMathFunctions/arm_cmplx_dot_prod_q15.c ****  * The function is implemented using an internal 64-bit accumulator.
  52:Drivers/CMSIS/DSP/Source/ComplexMathFunctions/arm_cmplx_dot_prod_q15.c ****  * The intermediate 1.15 by 1.15 multiplications are performed with full precision and yield a 2.30
  53:Drivers/CMSIS/DSP/Source/ComplexMathFunctions/arm_cmplx_dot_prod_q15.c ****  * These are accumulated in a 64-bit accumulator with 34.30 precision.
  54:Drivers/CMSIS/DSP/Source/ComplexMathFunctions/arm_cmplx_dot_prod_q15.c ****  * As a final step, the accumulators are converted to 8.24 format.
  55:Drivers/CMSIS/DSP/Source/ComplexMathFunctions/arm_cmplx_dot_prod_q15.c ****  * The return results <code>realResult</code> and <code>imagResult</code> are in 8.24 format.
  56:Drivers/CMSIS/DSP/Source/ComplexMathFunctions/arm_cmplx_dot_prod_q15.c ****  */
  57:Drivers/CMSIS/DSP/Source/ComplexMathFunctions/arm_cmplx_dot_prod_q15.c **** 
  58:Drivers/CMSIS/DSP/Source/ComplexMathFunctions/arm_cmplx_dot_prod_q15.c **** void arm_cmplx_dot_prod_q15(
  59:Drivers/CMSIS/DSP/Source/ComplexMathFunctions/arm_cmplx_dot_prod_q15.c ****   q15_t * pSrcA,
  60:Drivers/CMSIS/DSP/Source/ComplexMathFunctions/arm_cmplx_dot_prod_q15.c ****   q15_t * pSrcB,
  61:Drivers/CMSIS/DSP/Source/ComplexMathFunctions/arm_cmplx_dot_prod_q15.c ****   uint32_t numSamples,
  62:Drivers/CMSIS/DSP/Source/ComplexMathFunctions/arm_cmplx_dot_prod_q15.c ****   q31_t * realResult,
  63:Drivers/CMSIS/DSP/Source/ComplexMathFunctions/arm_cmplx_dot_prod_q15.c ****   q31_t * imagResult)
  64:Drivers/CMSIS/DSP/Source/ComplexMathFunctions/arm_cmplx_dot_prod_q15.c **** {
  28              		.loc 1 64 1 view -0
  29              		.cfi_startproc
  30              		@ args = 4, pretend = 0, frame = 0
  31              		@ frame_needed = 0, uses_anonymous_args = 0
  32              		.loc 1 64 1 is_stmt 0 view .LVU1
  33 0000 2DE9F047 		push	{r4, r5, r6, r7, r8, r9, r10, lr}
  34              	.LCFI0:
  35              		.cfi_def_cfa_offset 32
  36              		.cfi_offset 4, -32
  37              		.cfi_offset 5, -28
  38              		.cfi_offset 6, -24
  39              		.cfi_offset 7, -20
  40              		.cfi_offset 8, -16
  41              		.cfi_offset 9, -12
  42              		.cfi_offset 10, -8
  43              		.cfi_offset 14, -4
  44 0004 0C46     		mov	r4, r1
  65:Drivers/CMSIS/DSP/Source/ComplexMathFunctions/arm_cmplx_dot_prod_q15.c ****   q63_t real_sum = 0, imag_sum = 0;              /* Temporary result storage */
  45              		.loc 1 65 3 is_stmt 1 view .LVU2
  46              	.LVL1:
  66:Drivers/CMSIS/DSP/Source/ComplexMathFunctions/arm_cmplx_dot_prod_q15.c ****   q15_t a0,b0,c0,d0;
  47              		.loc 1 66 3 view .LVU3
  67:Drivers/CMSIS/DSP/Source/ComplexMathFunctions/arm_cmplx_dot_prod_q15.c **** 
  68:Drivers/CMSIS/DSP/Source/ComplexMathFunctions/arm_cmplx_dot_prod_q15.c **** #if defined (ARM_MATH_DSP)
ARM GAS  C:\Users\Lamp\AppData\Local\Temp\ccekRmng.s 			page 3


  69:Drivers/CMSIS/DSP/Source/ComplexMathFunctions/arm_cmplx_dot_prod_q15.c **** 
  70:Drivers/CMSIS/DSP/Source/ComplexMathFunctions/arm_cmplx_dot_prod_q15.c ****   /* Run the below code for Cortex-M4 and Cortex-M3 */
  71:Drivers/CMSIS/DSP/Source/ComplexMathFunctions/arm_cmplx_dot_prod_q15.c ****   uint32_t blkCnt;                               /* loop counter */
  72:Drivers/CMSIS/DSP/Source/ComplexMathFunctions/arm_cmplx_dot_prod_q15.c **** 
  73:Drivers/CMSIS/DSP/Source/ComplexMathFunctions/arm_cmplx_dot_prod_q15.c **** 
  74:Drivers/CMSIS/DSP/Source/ComplexMathFunctions/arm_cmplx_dot_prod_q15.c ****   /*loop Unrolling */
  75:Drivers/CMSIS/DSP/Source/ComplexMathFunctions/arm_cmplx_dot_prod_q15.c ****   blkCnt = numSamples >> 2U;
  76:Drivers/CMSIS/DSP/Source/ComplexMathFunctions/arm_cmplx_dot_prod_q15.c **** 
  77:Drivers/CMSIS/DSP/Source/ComplexMathFunctions/arm_cmplx_dot_prod_q15.c ****   /* First part of the processing with loop unrolling.  Compute 4 outputs at a time.
  78:Drivers/CMSIS/DSP/Source/ComplexMathFunctions/arm_cmplx_dot_prod_q15.c ****    ** a second loop below computes the remaining 1 to 3 samples. */
  79:Drivers/CMSIS/DSP/Source/ComplexMathFunctions/arm_cmplx_dot_prod_q15.c ****   while (blkCnt > 0U)
  80:Drivers/CMSIS/DSP/Source/ComplexMathFunctions/arm_cmplx_dot_prod_q15.c ****   {
  81:Drivers/CMSIS/DSP/Source/ComplexMathFunctions/arm_cmplx_dot_prod_q15.c ****       a0 = *pSrcA++;
  82:Drivers/CMSIS/DSP/Source/ComplexMathFunctions/arm_cmplx_dot_prod_q15.c ****       b0 = *pSrcA++;
  83:Drivers/CMSIS/DSP/Source/ComplexMathFunctions/arm_cmplx_dot_prod_q15.c ****       c0 = *pSrcB++;
  84:Drivers/CMSIS/DSP/Source/ComplexMathFunctions/arm_cmplx_dot_prod_q15.c ****       d0 = *pSrcB++;
  85:Drivers/CMSIS/DSP/Source/ComplexMathFunctions/arm_cmplx_dot_prod_q15.c **** 
  86:Drivers/CMSIS/DSP/Source/ComplexMathFunctions/arm_cmplx_dot_prod_q15.c ****       real_sum += (q31_t)a0 * c0;
  87:Drivers/CMSIS/DSP/Source/ComplexMathFunctions/arm_cmplx_dot_prod_q15.c ****       imag_sum += (q31_t)a0 * d0;
  88:Drivers/CMSIS/DSP/Source/ComplexMathFunctions/arm_cmplx_dot_prod_q15.c ****       real_sum -= (q31_t)b0 * d0;
  89:Drivers/CMSIS/DSP/Source/ComplexMathFunctions/arm_cmplx_dot_prod_q15.c ****       imag_sum += (q31_t)b0 * c0;
  90:Drivers/CMSIS/DSP/Source/ComplexMathFunctions/arm_cmplx_dot_prod_q15.c **** 
  91:Drivers/CMSIS/DSP/Source/ComplexMathFunctions/arm_cmplx_dot_prod_q15.c ****       a0 = *pSrcA++;
  92:Drivers/CMSIS/DSP/Source/ComplexMathFunctions/arm_cmplx_dot_prod_q15.c ****       b0 = *pSrcA++;
  93:Drivers/CMSIS/DSP/Source/ComplexMathFunctions/arm_cmplx_dot_prod_q15.c ****       c0 = *pSrcB++;
  94:Drivers/CMSIS/DSP/Source/ComplexMathFunctions/arm_cmplx_dot_prod_q15.c ****       d0 = *pSrcB++;
  95:Drivers/CMSIS/DSP/Source/ComplexMathFunctions/arm_cmplx_dot_prod_q15.c **** 
  96:Drivers/CMSIS/DSP/Source/ComplexMathFunctions/arm_cmplx_dot_prod_q15.c ****       real_sum += (q31_t)a0 * c0;
  97:Drivers/CMSIS/DSP/Source/ComplexMathFunctions/arm_cmplx_dot_prod_q15.c ****       imag_sum += (q31_t)a0 * d0;
  98:Drivers/CMSIS/DSP/Source/ComplexMathFunctions/arm_cmplx_dot_prod_q15.c ****       real_sum -= (q31_t)b0 * d0;
  99:Drivers/CMSIS/DSP/Source/ComplexMathFunctions/arm_cmplx_dot_prod_q15.c ****       imag_sum += (q31_t)b0 * c0;
 100:Drivers/CMSIS/DSP/Source/ComplexMathFunctions/arm_cmplx_dot_prod_q15.c **** 
 101:Drivers/CMSIS/DSP/Source/ComplexMathFunctions/arm_cmplx_dot_prod_q15.c ****       a0 = *pSrcA++;
 102:Drivers/CMSIS/DSP/Source/ComplexMathFunctions/arm_cmplx_dot_prod_q15.c ****       b0 = *pSrcA++;
 103:Drivers/CMSIS/DSP/Source/ComplexMathFunctions/arm_cmplx_dot_prod_q15.c ****       c0 = *pSrcB++;
 104:Drivers/CMSIS/DSP/Source/ComplexMathFunctions/arm_cmplx_dot_prod_q15.c ****       d0 = *pSrcB++;
 105:Drivers/CMSIS/DSP/Source/ComplexMathFunctions/arm_cmplx_dot_prod_q15.c **** 
 106:Drivers/CMSIS/DSP/Source/ComplexMathFunctions/arm_cmplx_dot_prod_q15.c ****       real_sum += (q31_t)a0 * c0;
 107:Drivers/CMSIS/DSP/Source/ComplexMathFunctions/arm_cmplx_dot_prod_q15.c ****       imag_sum += (q31_t)a0 * d0;
 108:Drivers/CMSIS/DSP/Source/ComplexMathFunctions/arm_cmplx_dot_prod_q15.c ****       real_sum -= (q31_t)b0 * d0;
 109:Drivers/CMSIS/DSP/Source/ComplexMathFunctions/arm_cmplx_dot_prod_q15.c ****       imag_sum += (q31_t)b0 * c0;
 110:Drivers/CMSIS/DSP/Source/ComplexMathFunctions/arm_cmplx_dot_prod_q15.c **** 
 111:Drivers/CMSIS/DSP/Source/ComplexMathFunctions/arm_cmplx_dot_prod_q15.c ****       a0 = *pSrcA++;
 112:Drivers/CMSIS/DSP/Source/ComplexMathFunctions/arm_cmplx_dot_prod_q15.c ****       b0 = *pSrcA++;
 113:Drivers/CMSIS/DSP/Source/ComplexMathFunctions/arm_cmplx_dot_prod_q15.c ****       c0 = *pSrcB++;
 114:Drivers/CMSIS/DSP/Source/ComplexMathFunctions/arm_cmplx_dot_prod_q15.c ****       d0 = *pSrcB++;
 115:Drivers/CMSIS/DSP/Source/ComplexMathFunctions/arm_cmplx_dot_prod_q15.c **** 
 116:Drivers/CMSIS/DSP/Source/ComplexMathFunctions/arm_cmplx_dot_prod_q15.c ****       real_sum += (q31_t)a0 * c0;
 117:Drivers/CMSIS/DSP/Source/ComplexMathFunctions/arm_cmplx_dot_prod_q15.c ****       imag_sum += (q31_t)a0 * d0;
 118:Drivers/CMSIS/DSP/Source/ComplexMathFunctions/arm_cmplx_dot_prod_q15.c ****       real_sum -= (q31_t)b0 * d0;
 119:Drivers/CMSIS/DSP/Source/ComplexMathFunctions/arm_cmplx_dot_prod_q15.c ****       imag_sum += (q31_t)b0 * c0;
 120:Drivers/CMSIS/DSP/Source/ComplexMathFunctions/arm_cmplx_dot_prod_q15.c **** 
 121:Drivers/CMSIS/DSP/Source/ComplexMathFunctions/arm_cmplx_dot_prod_q15.c ****       /* Decrement the loop counter */
 122:Drivers/CMSIS/DSP/Source/ComplexMathFunctions/arm_cmplx_dot_prod_q15.c ****       blkCnt--;
 123:Drivers/CMSIS/DSP/Source/ComplexMathFunctions/arm_cmplx_dot_prod_q15.c ****   }
 124:Drivers/CMSIS/DSP/Source/ComplexMathFunctions/arm_cmplx_dot_prod_q15.c **** 
 125:Drivers/CMSIS/DSP/Source/ComplexMathFunctions/arm_cmplx_dot_prod_q15.c ****   /* If the numSamples is not a multiple of 4, compute any remaining output samples here.
ARM GAS  C:\Users\Lamp\AppData\Local\Temp\ccekRmng.s 			page 4


 126:Drivers/CMSIS/DSP/Source/ComplexMathFunctions/arm_cmplx_dot_prod_q15.c ****    ** No loop unrolling is used. */
 127:Drivers/CMSIS/DSP/Source/ComplexMathFunctions/arm_cmplx_dot_prod_q15.c ****   blkCnt = numSamples % 0x4U;
 128:Drivers/CMSIS/DSP/Source/ComplexMathFunctions/arm_cmplx_dot_prod_q15.c **** 
 129:Drivers/CMSIS/DSP/Source/ComplexMathFunctions/arm_cmplx_dot_prod_q15.c ****   while (blkCnt > 0U)
 130:Drivers/CMSIS/DSP/Source/ComplexMathFunctions/arm_cmplx_dot_prod_q15.c ****   {
 131:Drivers/CMSIS/DSP/Source/ComplexMathFunctions/arm_cmplx_dot_prod_q15.c ****       a0 = *pSrcA++;
 132:Drivers/CMSIS/DSP/Source/ComplexMathFunctions/arm_cmplx_dot_prod_q15.c ****       b0 = *pSrcA++;
 133:Drivers/CMSIS/DSP/Source/ComplexMathFunctions/arm_cmplx_dot_prod_q15.c ****       c0 = *pSrcB++;
 134:Drivers/CMSIS/DSP/Source/ComplexMathFunctions/arm_cmplx_dot_prod_q15.c ****       d0 = *pSrcB++;
 135:Drivers/CMSIS/DSP/Source/ComplexMathFunctions/arm_cmplx_dot_prod_q15.c **** 
 136:Drivers/CMSIS/DSP/Source/ComplexMathFunctions/arm_cmplx_dot_prod_q15.c ****       real_sum += (q31_t)a0 * c0;
 137:Drivers/CMSIS/DSP/Source/ComplexMathFunctions/arm_cmplx_dot_prod_q15.c ****       imag_sum += (q31_t)a0 * d0;
 138:Drivers/CMSIS/DSP/Source/ComplexMathFunctions/arm_cmplx_dot_prod_q15.c ****       real_sum -= (q31_t)b0 * d0;
 139:Drivers/CMSIS/DSP/Source/ComplexMathFunctions/arm_cmplx_dot_prod_q15.c ****       imag_sum += (q31_t)b0 * c0;
 140:Drivers/CMSIS/DSP/Source/ComplexMathFunctions/arm_cmplx_dot_prod_q15.c **** 
 141:Drivers/CMSIS/DSP/Source/ComplexMathFunctions/arm_cmplx_dot_prod_q15.c ****       /* Decrement the loop counter */
 142:Drivers/CMSIS/DSP/Source/ComplexMathFunctions/arm_cmplx_dot_prod_q15.c ****       blkCnt--;
 143:Drivers/CMSIS/DSP/Source/ComplexMathFunctions/arm_cmplx_dot_prod_q15.c ****   }
 144:Drivers/CMSIS/DSP/Source/ComplexMathFunctions/arm_cmplx_dot_prod_q15.c **** 
 145:Drivers/CMSIS/DSP/Source/ComplexMathFunctions/arm_cmplx_dot_prod_q15.c **** #else
 146:Drivers/CMSIS/DSP/Source/ComplexMathFunctions/arm_cmplx_dot_prod_q15.c **** 
 147:Drivers/CMSIS/DSP/Source/ComplexMathFunctions/arm_cmplx_dot_prod_q15.c ****   /* Run the below code for Cortex-M0 */
 148:Drivers/CMSIS/DSP/Source/ComplexMathFunctions/arm_cmplx_dot_prod_q15.c **** 
 149:Drivers/CMSIS/DSP/Source/ComplexMathFunctions/arm_cmplx_dot_prod_q15.c ****   while (numSamples > 0U)
  48              		.loc 1 149 3 view .LVU4
  65:Drivers/CMSIS/DSP/Source/ComplexMathFunctions/arm_cmplx_dot_prod_q15.c ****   q15_t a0,b0,c0,d0;
  49              		.loc 1 65 23 is_stmt 0 view .LVU5
  50 0006 4FF0000E 		mov	lr, #0
  51 000a 7546     		mov	r5, lr
  65:Drivers/CMSIS/DSP/Source/ComplexMathFunctions/arm_cmplx_dot_prod_q15.c ****   q15_t a0,b0,c0,d0;
  52              		.loc 1 65 9 view .LVU6
  53 000c F446     		mov	ip, lr
  54 000e F146     		mov	r9, lr
  55              		.loc 1 149 9 view .LVU7
  56 0010 24E0     		b	.L2
  57              	.LVL2:
  58              	.L3:
 150:Drivers/CMSIS/DSP/Source/ComplexMathFunctions/arm_cmplx_dot_prod_q15.c ****   {
 151:Drivers/CMSIS/DSP/Source/ComplexMathFunctions/arm_cmplx_dot_prod_q15.c ****       a0 = *pSrcA++;
  59              		.loc 1 151 7 is_stmt 1 view .LVU8
  60              		.loc 1 151 10 is_stmt 0 view .LVU9
  61 0012 0646     		mov	r6, r0
  62 0014 36F904AB 		ldrsh	r10, [r6], #4
  63              	.LVL3:
 152:Drivers/CMSIS/DSP/Source/ComplexMathFunctions/arm_cmplx_dot_prod_q15.c ****       b0 = *pSrcA++;
  64              		.loc 1 152 7 is_stmt 1 view .LVU10
  65              		.loc 1 152 10 is_stmt 0 view .LVU11
  66 0018 B0F90280 		ldrsh	r8, [r0, #2]
  67              	.LVL4:
 153:Drivers/CMSIS/DSP/Source/ComplexMathFunctions/arm_cmplx_dot_prod_q15.c ****       c0 = *pSrcB++;
  68              		.loc 1 153 7 is_stmt 1 view .LVU12
  69              		.loc 1 153 10 is_stmt 0 view .LVU13
  70 001c 2746     		mov	r7, r4
  71 001e 37F9041B 		ldrsh	r1, [r7], #4
  72              	.LVL5:
 154:Drivers/CMSIS/DSP/Source/ComplexMathFunctions/arm_cmplx_dot_prod_q15.c ****       d0 = *pSrcB++;
  73              		.loc 1 154 7 is_stmt 1 view .LVU14
ARM GAS  C:\Users\Lamp\AppData\Local\Temp\ccekRmng.s 			page 5


  74              		.loc 1 154 10 is_stmt 0 view .LVU15
  75 0022 B4F90240 		ldrsh	r4, [r4, #2]
  76              	.LVL6:
 155:Drivers/CMSIS/DSP/Source/ComplexMathFunctions/arm_cmplx_dot_prod_q15.c **** 
 156:Drivers/CMSIS/DSP/Source/ComplexMathFunctions/arm_cmplx_dot_prod_q15.c ****       real_sum += a0 * c0;
  77              		.loc 1 156 7 is_stmt 1 view .LVU16
  78              		.loc 1 156 22 is_stmt 0 view .LVU17
  79 0026 01FB0AF0 		mul	r0, r1, r10
  80              		.loc 1 156 16 view .LVU18
  81 002a 10EB0C0C 		adds	ip, r0, ip
  82              	.LVL7:
  83              		.loc 1 156 16 view .LVU19
  84 002e 49EBE070 		adc	r0, r9, r0, asr #31
  85              	.LVL8:
 157:Drivers/CMSIS/DSP/Source/ComplexMathFunctions/arm_cmplx_dot_prod_q15.c ****       imag_sum += a0 * d0;
  86              		.loc 1 157 7 is_stmt 1 view .LVU20
  87              		.loc 1 157 22 is_stmt 0 view .LVU21
  88 0032 04FB0AF9 		mul	r9, r4, r10
  89              		.loc 1 157 16 view .LVU22
  90 0036 19EB0E0E 		adds	lr, r9, lr
  91              	.LVL9:
  92              		.loc 1 157 16 view .LVU23
  93 003a 45EBE975 		adc	r5, r5, r9, asr #31
  94              	.LVL10:
 158:Drivers/CMSIS/DSP/Source/ComplexMathFunctions/arm_cmplx_dot_prod_q15.c ****       real_sum -= b0 * d0;
  95              		.loc 1 158 7 is_stmt 1 view .LVU24
  96              		.loc 1 158 22 is_stmt 0 view .LVU25
  97 003e 08FB04F4 		mul	r4, r8, r4
  98              	.LVL11:
  99              		.loc 1 158 16 view .LVU26
 100 0042 BCEB040C 		subs	ip, ip, r4
 101              	.LVL12:
 102              		.loc 1 158 16 view .LVU27
 103 0046 60EBE479 		sbc	r9, r0, r4, asr #31
 104              	.LVL13:
 159:Drivers/CMSIS/DSP/Source/ComplexMathFunctions/arm_cmplx_dot_prod_q15.c ****       imag_sum += b0 * c0;
 105              		.loc 1 159 7 is_stmt 1 view .LVU28
 106              		.loc 1 159 22 is_stmt 0 view .LVU29
 107 004a 08FB01F1 		mul	r1, r8, r1
 108              	.LVL14:
 109              		.loc 1 159 16 view .LVU30
 110 004e 11EB0E0E 		adds	lr, r1, lr
 111              	.LVL15:
 112              		.loc 1 159 16 view .LVU31
 113 0052 45EBE175 		adc	r5, r5, r1, asr #31
 114              	.LVL16:
 160:Drivers/CMSIS/DSP/Source/ComplexMathFunctions/arm_cmplx_dot_prod_q15.c **** 
 161:Drivers/CMSIS/DSP/Source/ComplexMathFunctions/arm_cmplx_dot_prod_q15.c **** 
 162:Drivers/CMSIS/DSP/Source/ComplexMathFunctions/arm_cmplx_dot_prod_q15.c ****       /* Decrement the loop counter */
 163:Drivers/CMSIS/DSP/Source/ComplexMathFunctions/arm_cmplx_dot_prod_q15.c ****       numSamples--;
 115              		.loc 1 163 7 is_stmt 1 view .LVU32
 116              		.loc 1 163 17 is_stmt 0 view .LVU33
 117 0056 013A     		subs	r2, r2, #1
 118              	.LVL17:
 154:Drivers/CMSIS/DSP/Source/ComplexMathFunctions/arm_cmplx_dot_prod_q15.c **** 
 119              		.loc 1 154 18 view .LVU34
 120 0058 3C46     		mov	r4, r7
ARM GAS  C:\Users\Lamp\AppData\Local\Temp\ccekRmng.s 			page 6


 152:Drivers/CMSIS/DSP/Source/ComplexMathFunctions/arm_cmplx_dot_prod_q15.c ****       c0 = *pSrcB++;
 121              		.loc 1 152 18 view .LVU35
 122 005a 3046     		mov	r0, r6
 123              	.LVL18:
 124              	.L2:
 149:Drivers/CMSIS/DSP/Source/ComplexMathFunctions/arm_cmplx_dot_prod_q15.c ****   {
 125              		.loc 1 149 21 is_stmt 1 view .LVU36
 126 005c 002A     		cmp	r2, #0
 127 005e D8D1     		bne	.L3
 164:Drivers/CMSIS/DSP/Source/ComplexMathFunctions/arm_cmplx_dot_prod_q15.c ****   }
 165:Drivers/CMSIS/DSP/Source/ComplexMathFunctions/arm_cmplx_dot_prod_q15.c **** 
 166:Drivers/CMSIS/DSP/Source/ComplexMathFunctions/arm_cmplx_dot_prod_q15.c **** #endif /* #if defined (ARM_MATH_DSP) */
 167:Drivers/CMSIS/DSP/Source/ComplexMathFunctions/arm_cmplx_dot_prod_q15.c **** 
 168:Drivers/CMSIS/DSP/Source/ComplexMathFunctions/arm_cmplx_dot_prod_q15.c ****   /* Store the real and imaginary results in 8.24 format  */
 169:Drivers/CMSIS/DSP/Source/ComplexMathFunctions/arm_cmplx_dot_prod_q15.c ****   /* Convert real data in 34.30 to 8.24 by 6 right shifts */
 170:Drivers/CMSIS/DSP/Source/ComplexMathFunctions/arm_cmplx_dot_prod_q15.c ****   *realResult = (q31_t) (real_sum >> 6);
 128              		.loc 1 170 3 view .LVU37
 129              		.loc 1 170 35 is_stmt 0 view .LVU38
 130 0060 4FEA9C12 		lsr	r2, ip, #6
 131              	.LVL19:
 132              		.loc 1 170 35 view .LVU39
 133 0064 42EA8962 		orr	r2, r2, r9, lsl #26
 134              		.loc 1 170 15 view .LVU40
 135 0068 1A60     		str	r2, [r3]
 171:Drivers/CMSIS/DSP/Source/ComplexMathFunctions/arm_cmplx_dot_prod_q15.c ****   /* Convert imaginary data in 34.30 to 8.24 by 6 right shifts */
 172:Drivers/CMSIS/DSP/Source/ComplexMathFunctions/arm_cmplx_dot_prod_q15.c ****   *imagResult = (q31_t) (imag_sum >> 6);
 136              		.loc 1 172 3 is_stmt 1 view .LVU41
 137              		.loc 1 172 35 is_stmt 0 view .LVU42
 138 006a 4FEA9E13 		lsr	r3, lr, #6
 139              	.LVL20:
 140              		.loc 1 172 35 view .LVU43
 141 006e 43EA8563 		orr	r3, r3, r5, lsl #26
 142              		.loc 1 172 15 view .LVU44
 143 0072 089A     		ldr	r2, [sp, #32]
 144 0074 1360     		str	r3, [r2]
 173:Drivers/CMSIS/DSP/Source/ComplexMathFunctions/arm_cmplx_dot_prod_q15.c **** }
 145              		.loc 1 173 1 view .LVU45
 146 0076 BDE8F087 		pop	{r4, r5, r6, r7, r8, r9, r10, pc}
 147              		.loc 1 173 1 view .LVU46
 148              		.cfi_endproc
 149              	.LFE100:
 151              		.text
 152              	.Letext0:
 153              		.file 2 "C:/ARM GNU Toolchain/arm-none-eabi/include/machine/_default_types.h"
 154              		.file 3 "C:/ARM GNU Toolchain/arm-none-eabi/include/sys/_stdint.h"
 155              		.file 4 "Drivers/CMSIS/DSP/Include/arm_math.h"
ARM GAS  C:\Users\Lamp\AppData\Local\Temp\ccekRmng.s 			page 7


DEFINED SYMBOLS
                            *ABS*:00000000 arm_cmplx_dot_prod_q15.c
C:\Users\Lamp\AppData\Local\Temp\ccekRmng.s:19     .text.arm_cmplx_dot_prod_q15:00000000 $t
C:\Users\Lamp\AppData\Local\Temp\ccekRmng.s:25     .text.arm_cmplx_dot_prod_q15:00000000 arm_cmplx_dot_prod_q15

NO UNDEFINED SYMBOLS
