ARM GAS  C:\Users\Lamp\AppData\Local\Temp\ccPrp78z.s 			page 1


   1              		.cpu cortex-m3
   2              		.arch armv7-m
   3              		.fpu softvfp
   4              		.eabi_attribute 20, 1
   5              		.eabi_attribute 21, 1
   6              		.eabi_attribute 23, 3
   7              		.eabi_attribute 24, 1
   8              		.eabi_attribute 25, 1
   9              		.eabi_attribute 26, 1
  10              		.eabi_attribute 30, 1
  11              		.eabi_attribute 34, 1
  12              		.eabi_attribute 18, 4
  13              		.file	"arm_scale_f32.c"
  14              		.text
  15              	.Ltext0:
  16              		.cfi_sections	.debug_frame
  17              		.file 1 "Drivers/CMSIS/DSP/Source/BasicMathFunctions/arm_scale_f32.c"
  18              		.global	__aeabi_fmul
  19              		.section	.text.arm_scale_f32,"ax",%progbits
  20              		.align	1
  21              		.global	arm_scale_f32
  22              		.syntax unified
  23              		.thumb
  24              		.thumb_func
  26              	arm_scale_f32:
  27              	.LVL0:
  28              	.LFB100:
   1:Drivers/CMSIS/DSP/Source/BasicMathFunctions/arm_scale_f32.c **** /* ----------------------------------------------------------------------
   2:Drivers/CMSIS/DSP/Source/BasicMathFunctions/arm_scale_f32.c ****  * Project:      CMSIS DSP Library
   3:Drivers/CMSIS/DSP/Source/BasicMathFunctions/arm_scale_f32.c ****  * Title:        arm_scale_f32.c
   4:Drivers/CMSIS/DSP/Source/BasicMathFunctions/arm_scale_f32.c ****  * Description:  Multiplies a floating-point vector by a scalar
   5:Drivers/CMSIS/DSP/Source/BasicMathFunctions/arm_scale_f32.c ****  *
   6:Drivers/CMSIS/DSP/Source/BasicMathFunctions/arm_scale_f32.c ****  * $Date:        27. January 2017
   7:Drivers/CMSIS/DSP/Source/BasicMathFunctions/arm_scale_f32.c ****  * $Revision:    V.1.5.1
   8:Drivers/CMSIS/DSP/Source/BasicMathFunctions/arm_scale_f32.c ****  *
   9:Drivers/CMSIS/DSP/Source/BasicMathFunctions/arm_scale_f32.c ****  * Target Processor: Cortex-M cores
  10:Drivers/CMSIS/DSP/Source/BasicMathFunctions/arm_scale_f32.c ****  * -------------------------------------------------------------------- */
  11:Drivers/CMSIS/DSP/Source/BasicMathFunctions/arm_scale_f32.c **** /*
  12:Drivers/CMSIS/DSP/Source/BasicMathFunctions/arm_scale_f32.c ****  * Copyright (C) 2010-2017 ARM Limited or its affiliates. All rights reserved.
  13:Drivers/CMSIS/DSP/Source/BasicMathFunctions/arm_scale_f32.c ****  *
  14:Drivers/CMSIS/DSP/Source/BasicMathFunctions/arm_scale_f32.c ****  * SPDX-License-Identifier: Apache-2.0
  15:Drivers/CMSIS/DSP/Source/BasicMathFunctions/arm_scale_f32.c ****  *
  16:Drivers/CMSIS/DSP/Source/BasicMathFunctions/arm_scale_f32.c ****  * Licensed under the Apache License, Version 2.0 (the License); you may
  17:Drivers/CMSIS/DSP/Source/BasicMathFunctions/arm_scale_f32.c ****  * not use this file except in compliance with the License.
  18:Drivers/CMSIS/DSP/Source/BasicMathFunctions/arm_scale_f32.c ****  * You may obtain a copy of the License at
  19:Drivers/CMSIS/DSP/Source/BasicMathFunctions/arm_scale_f32.c ****  *
  20:Drivers/CMSIS/DSP/Source/BasicMathFunctions/arm_scale_f32.c ****  * www.apache.org/licenses/LICENSE-2.0
  21:Drivers/CMSIS/DSP/Source/BasicMathFunctions/arm_scale_f32.c ****  *
  22:Drivers/CMSIS/DSP/Source/BasicMathFunctions/arm_scale_f32.c ****  * Unless required by applicable law or agreed to in writing, software
  23:Drivers/CMSIS/DSP/Source/BasicMathFunctions/arm_scale_f32.c ****  * distributed under the License is distributed on an AS IS BASIS, WITHOUT
  24:Drivers/CMSIS/DSP/Source/BasicMathFunctions/arm_scale_f32.c ****  * WARRANTIES OR CONDITIONS OF ANY KIND, either express or implied.
  25:Drivers/CMSIS/DSP/Source/BasicMathFunctions/arm_scale_f32.c ****  * See the License for the specific language governing permissions and
  26:Drivers/CMSIS/DSP/Source/BasicMathFunctions/arm_scale_f32.c ****  * limitations under the License.
  27:Drivers/CMSIS/DSP/Source/BasicMathFunctions/arm_scale_f32.c ****  */
  28:Drivers/CMSIS/DSP/Source/BasicMathFunctions/arm_scale_f32.c **** 
  29:Drivers/CMSIS/DSP/Source/BasicMathFunctions/arm_scale_f32.c **** #include "arm_math.h"
  30:Drivers/CMSIS/DSP/Source/BasicMathFunctions/arm_scale_f32.c **** 
ARM GAS  C:\Users\Lamp\AppData\Local\Temp\ccPrp78z.s 			page 2


  31:Drivers/CMSIS/DSP/Source/BasicMathFunctions/arm_scale_f32.c **** /**
  32:Drivers/CMSIS/DSP/Source/BasicMathFunctions/arm_scale_f32.c ****  * @ingroup groupMath
  33:Drivers/CMSIS/DSP/Source/BasicMathFunctions/arm_scale_f32.c ****  */
  34:Drivers/CMSIS/DSP/Source/BasicMathFunctions/arm_scale_f32.c **** 
  35:Drivers/CMSIS/DSP/Source/BasicMathFunctions/arm_scale_f32.c **** /**
  36:Drivers/CMSIS/DSP/Source/BasicMathFunctions/arm_scale_f32.c ****  * @defgroup scale Vector Scale
  37:Drivers/CMSIS/DSP/Source/BasicMathFunctions/arm_scale_f32.c ****  *
  38:Drivers/CMSIS/DSP/Source/BasicMathFunctions/arm_scale_f32.c ****  * Multiply a vector by a scalar value.  For floating-point data, the algorithm used is:
  39:Drivers/CMSIS/DSP/Source/BasicMathFunctions/arm_scale_f32.c ****  *
  40:Drivers/CMSIS/DSP/Source/BasicMathFunctions/arm_scale_f32.c ****  * <pre>
  41:Drivers/CMSIS/DSP/Source/BasicMathFunctions/arm_scale_f32.c ****  *     pDst[n] = pSrc[n] * scale,   0 <= n < blockSize.
  42:Drivers/CMSIS/DSP/Source/BasicMathFunctions/arm_scale_f32.c ****  * </pre>
  43:Drivers/CMSIS/DSP/Source/BasicMathFunctions/arm_scale_f32.c ****  *
  44:Drivers/CMSIS/DSP/Source/BasicMathFunctions/arm_scale_f32.c ****  * In the fixed-point Q7, Q15, and Q31 functions, <code>scale</code> is represented by
  45:Drivers/CMSIS/DSP/Source/BasicMathFunctions/arm_scale_f32.c ****  * a fractional multiplication <code>scaleFract</code> and an arithmetic shift <code>shift</code>.
  46:Drivers/CMSIS/DSP/Source/BasicMathFunctions/arm_scale_f32.c ****  * The shift allows the gain of the scaling operation to exceed 1.0.
  47:Drivers/CMSIS/DSP/Source/BasicMathFunctions/arm_scale_f32.c ****  * The algorithm used with fixed-point data is:
  48:Drivers/CMSIS/DSP/Source/BasicMathFunctions/arm_scale_f32.c ****  *
  49:Drivers/CMSIS/DSP/Source/BasicMathFunctions/arm_scale_f32.c ****  * <pre>
  50:Drivers/CMSIS/DSP/Source/BasicMathFunctions/arm_scale_f32.c ****  *     pDst[n] = (pSrc[n] * scaleFract) << shift,   0 <= n < blockSize.
  51:Drivers/CMSIS/DSP/Source/BasicMathFunctions/arm_scale_f32.c ****  * </pre>
  52:Drivers/CMSIS/DSP/Source/BasicMathFunctions/arm_scale_f32.c ****  *
  53:Drivers/CMSIS/DSP/Source/BasicMathFunctions/arm_scale_f32.c ****  * The overall scale factor applied to the fixed-point data is
  54:Drivers/CMSIS/DSP/Source/BasicMathFunctions/arm_scale_f32.c ****  * <pre>
  55:Drivers/CMSIS/DSP/Source/BasicMathFunctions/arm_scale_f32.c ****  *     scale = scaleFract * 2^shift.
  56:Drivers/CMSIS/DSP/Source/BasicMathFunctions/arm_scale_f32.c ****  * </pre>
  57:Drivers/CMSIS/DSP/Source/BasicMathFunctions/arm_scale_f32.c ****  *
  58:Drivers/CMSIS/DSP/Source/BasicMathFunctions/arm_scale_f32.c ****  * The functions support in-place computation allowing the source and destination
  59:Drivers/CMSIS/DSP/Source/BasicMathFunctions/arm_scale_f32.c ****  * pointers to reference the same memory buffer.
  60:Drivers/CMSIS/DSP/Source/BasicMathFunctions/arm_scale_f32.c ****  */
  61:Drivers/CMSIS/DSP/Source/BasicMathFunctions/arm_scale_f32.c **** 
  62:Drivers/CMSIS/DSP/Source/BasicMathFunctions/arm_scale_f32.c **** /**
  63:Drivers/CMSIS/DSP/Source/BasicMathFunctions/arm_scale_f32.c ****  * @addtogroup scale
  64:Drivers/CMSIS/DSP/Source/BasicMathFunctions/arm_scale_f32.c ****  * @{
  65:Drivers/CMSIS/DSP/Source/BasicMathFunctions/arm_scale_f32.c ****  */
  66:Drivers/CMSIS/DSP/Source/BasicMathFunctions/arm_scale_f32.c **** 
  67:Drivers/CMSIS/DSP/Source/BasicMathFunctions/arm_scale_f32.c **** /**
  68:Drivers/CMSIS/DSP/Source/BasicMathFunctions/arm_scale_f32.c ****  * @brief Multiplies a floating-point vector by a scalar.
  69:Drivers/CMSIS/DSP/Source/BasicMathFunctions/arm_scale_f32.c ****  * @param[in]       *pSrc points to the input vector
  70:Drivers/CMSIS/DSP/Source/BasicMathFunctions/arm_scale_f32.c ****  * @param[in]       scale scale factor to be applied
  71:Drivers/CMSIS/DSP/Source/BasicMathFunctions/arm_scale_f32.c ****  * @param[out]      *pDst points to the output vector
  72:Drivers/CMSIS/DSP/Source/BasicMathFunctions/arm_scale_f32.c ****  * @param[in]       blockSize number of samples in the vector
  73:Drivers/CMSIS/DSP/Source/BasicMathFunctions/arm_scale_f32.c ****  * @return none.
  74:Drivers/CMSIS/DSP/Source/BasicMathFunctions/arm_scale_f32.c ****  */
  75:Drivers/CMSIS/DSP/Source/BasicMathFunctions/arm_scale_f32.c **** 
  76:Drivers/CMSIS/DSP/Source/BasicMathFunctions/arm_scale_f32.c **** 
  77:Drivers/CMSIS/DSP/Source/BasicMathFunctions/arm_scale_f32.c **** void arm_scale_f32(
  78:Drivers/CMSIS/DSP/Source/BasicMathFunctions/arm_scale_f32.c ****   float32_t * pSrc,
  79:Drivers/CMSIS/DSP/Source/BasicMathFunctions/arm_scale_f32.c ****   float32_t scale,
  80:Drivers/CMSIS/DSP/Source/BasicMathFunctions/arm_scale_f32.c ****   float32_t * pDst,
  81:Drivers/CMSIS/DSP/Source/BasicMathFunctions/arm_scale_f32.c ****   uint32_t blockSize)
  82:Drivers/CMSIS/DSP/Source/BasicMathFunctions/arm_scale_f32.c **** {
  29              		.loc 1 82 1 view -0
  30              		.cfi_startproc
  31              		@ args = 0, pretend = 0, frame = 0
  32              		@ frame_needed = 0, uses_anonymous_args = 0
  33              		.loc 1 82 1 is_stmt 0 view .LVU1
ARM GAS  C:\Users\Lamp\AppData\Local\Temp\ccPrp78z.s 			page 3


  34 0000 F8B5     		push	{r3, r4, r5, r6, r7, lr}
  35              	.LCFI0:
  36              		.cfi_def_cfa_offset 24
  37              		.cfi_offset 3, -24
  38              		.cfi_offset 4, -20
  39              		.cfi_offset 5, -16
  40              		.cfi_offset 6, -12
  41              		.cfi_offset 7, -8
  42              		.cfi_offset 14, -4
  43 0002 0546     		mov	r5, r0
  44 0004 0F46     		mov	r7, r1
  45 0006 1446     		mov	r4, r2
  46 0008 1E46     		mov	r6, r3
  83:Drivers/CMSIS/DSP/Source/BasicMathFunctions/arm_scale_f32.c ****   uint32_t blkCnt;                               /* loop counter */
  47              		.loc 1 83 3 is_stmt 1 view .LVU2
  84:Drivers/CMSIS/DSP/Source/BasicMathFunctions/arm_scale_f32.c **** #if defined (ARM_MATH_DSP)
  85:Drivers/CMSIS/DSP/Source/BasicMathFunctions/arm_scale_f32.c **** 
  86:Drivers/CMSIS/DSP/Source/BasicMathFunctions/arm_scale_f32.c **** /* Run the below code for Cortex-M4 and Cortex-M3 */
  87:Drivers/CMSIS/DSP/Source/BasicMathFunctions/arm_scale_f32.c ****   float32_t in1, in2, in3, in4;                  /* temporary variabels */
  88:Drivers/CMSIS/DSP/Source/BasicMathFunctions/arm_scale_f32.c **** 
  89:Drivers/CMSIS/DSP/Source/BasicMathFunctions/arm_scale_f32.c ****   /*loop Unrolling */
  90:Drivers/CMSIS/DSP/Source/BasicMathFunctions/arm_scale_f32.c ****   blkCnt = blockSize >> 2U;
  91:Drivers/CMSIS/DSP/Source/BasicMathFunctions/arm_scale_f32.c **** 
  92:Drivers/CMSIS/DSP/Source/BasicMathFunctions/arm_scale_f32.c ****   /* First part of the processing with loop unrolling.  Compute 4 outputs at a time.
  93:Drivers/CMSIS/DSP/Source/BasicMathFunctions/arm_scale_f32.c ****    ** a second loop below computes the remaining 1 to 3 samples. */
  94:Drivers/CMSIS/DSP/Source/BasicMathFunctions/arm_scale_f32.c ****   while (blkCnt > 0U)
  95:Drivers/CMSIS/DSP/Source/BasicMathFunctions/arm_scale_f32.c ****   {
  96:Drivers/CMSIS/DSP/Source/BasicMathFunctions/arm_scale_f32.c ****     /* C = A * scale */
  97:Drivers/CMSIS/DSP/Source/BasicMathFunctions/arm_scale_f32.c ****     /* Scale the input and then store the results in the destination buffer. */
  98:Drivers/CMSIS/DSP/Source/BasicMathFunctions/arm_scale_f32.c ****     /* read input samples from source */
  99:Drivers/CMSIS/DSP/Source/BasicMathFunctions/arm_scale_f32.c ****     in1 = *pSrc;
 100:Drivers/CMSIS/DSP/Source/BasicMathFunctions/arm_scale_f32.c ****     in2 = *(pSrc + 1);
 101:Drivers/CMSIS/DSP/Source/BasicMathFunctions/arm_scale_f32.c **** 
 102:Drivers/CMSIS/DSP/Source/BasicMathFunctions/arm_scale_f32.c ****     /* multiply with scaling factor */
 103:Drivers/CMSIS/DSP/Source/BasicMathFunctions/arm_scale_f32.c ****     in1 = in1 * scale;
 104:Drivers/CMSIS/DSP/Source/BasicMathFunctions/arm_scale_f32.c **** 
 105:Drivers/CMSIS/DSP/Source/BasicMathFunctions/arm_scale_f32.c ****     /* read input sample from source */
 106:Drivers/CMSIS/DSP/Source/BasicMathFunctions/arm_scale_f32.c ****     in3 = *(pSrc + 2);
 107:Drivers/CMSIS/DSP/Source/BasicMathFunctions/arm_scale_f32.c **** 
 108:Drivers/CMSIS/DSP/Source/BasicMathFunctions/arm_scale_f32.c ****     /* multiply with scaling factor */
 109:Drivers/CMSIS/DSP/Source/BasicMathFunctions/arm_scale_f32.c ****     in2 = in2 * scale;
 110:Drivers/CMSIS/DSP/Source/BasicMathFunctions/arm_scale_f32.c **** 
 111:Drivers/CMSIS/DSP/Source/BasicMathFunctions/arm_scale_f32.c ****     /* read input sample from source */
 112:Drivers/CMSIS/DSP/Source/BasicMathFunctions/arm_scale_f32.c ****     in4 = *(pSrc + 3);
 113:Drivers/CMSIS/DSP/Source/BasicMathFunctions/arm_scale_f32.c **** 
 114:Drivers/CMSIS/DSP/Source/BasicMathFunctions/arm_scale_f32.c ****     /* multiply with scaling factor */
 115:Drivers/CMSIS/DSP/Source/BasicMathFunctions/arm_scale_f32.c ****     in3 = in3 * scale;
 116:Drivers/CMSIS/DSP/Source/BasicMathFunctions/arm_scale_f32.c ****     in4 = in4 * scale;
 117:Drivers/CMSIS/DSP/Source/BasicMathFunctions/arm_scale_f32.c ****     /* store the result to destination */
 118:Drivers/CMSIS/DSP/Source/BasicMathFunctions/arm_scale_f32.c ****     *pDst = in1;
 119:Drivers/CMSIS/DSP/Source/BasicMathFunctions/arm_scale_f32.c ****     *(pDst + 1) = in2;
 120:Drivers/CMSIS/DSP/Source/BasicMathFunctions/arm_scale_f32.c ****     *(pDst + 2) = in3;
 121:Drivers/CMSIS/DSP/Source/BasicMathFunctions/arm_scale_f32.c ****     *(pDst + 3) = in4;
 122:Drivers/CMSIS/DSP/Source/BasicMathFunctions/arm_scale_f32.c **** 
 123:Drivers/CMSIS/DSP/Source/BasicMathFunctions/arm_scale_f32.c ****     /* update pointers to process next samples */
 124:Drivers/CMSIS/DSP/Source/BasicMathFunctions/arm_scale_f32.c ****     pSrc += 4U;
 125:Drivers/CMSIS/DSP/Source/BasicMathFunctions/arm_scale_f32.c ****     pDst += 4U;
ARM GAS  C:\Users\Lamp\AppData\Local\Temp\ccPrp78z.s 			page 4


 126:Drivers/CMSIS/DSP/Source/BasicMathFunctions/arm_scale_f32.c **** 
 127:Drivers/CMSIS/DSP/Source/BasicMathFunctions/arm_scale_f32.c ****     /* Decrement the loop counter */
 128:Drivers/CMSIS/DSP/Source/BasicMathFunctions/arm_scale_f32.c ****     blkCnt--;
 129:Drivers/CMSIS/DSP/Source/BasicMathFunctions/arm_scale_f32.c ****   }
 130:Drivers/CMSIS/DSP/Source/BasicMathFunctions/arm_scale_f32.c **** 
 131:Drivers/CMSIS/DSP/Source/BasicMathFunctions/arm_scale_f32.c ****   /* If the blockSize is not a multiple of 4, compute any remaining output samples here.
 132:Drivers/CMSIS/DSP/Source/BasicMathFunctions/arm_scale_f32.c ****    ** No loop unrolling is used. */
 133:Drivers/CMSIS/DSP/Source/BasicMathFunctions/arm_scale_f32.c ****   blkCnt = blockSize % 0x4U;
 134:Drivers/CMSIS/DSP/Source/BasicMathFunctions/arm_scale_f32.c **** 
 135:Drivers/CMSIS/DSP/Source/BasicMathFunctions/arm_scale_f32.c **** #else
 136:Drivers/CMSIS/DSP/Source/BasicMathFunctions/arm_scale_f32.c **** 
 137:Drivers/CMSIS/DSP/Source/BasicMathFunctions/arm_scale_f32.c ****   /* Run the below code for Cortex-M0 */
 138:Drivers/CMSIS/DSP/Source/BasicMathFunctions/arm_scale_f32.c **** 
 139:Drivers/CMSIS/DSP/Source/BasicMathFunctions/arm_scale_f32.c ****   /* Initialize blkCnt with number of samples */
 140:Drivers/CMSIS/DSP/Source/BasicMathFunctions/arm_scale_f32.c ****   blkCnt = blockSize;
  48              		.loc 1 140 3 view .LVU3
  49              	.LVL1:
 141:Drivers/CMSIS/DSP/Source/BasicMathFunctions/arm_scale_f32.c **** 
 142:Drivers/CMSIS/DSP/Source/BasicMathFunctions/arm_scale_f32.c **** #endif /* #if defined (ARM_MATH_DSP) */
 143:Drivers/CMSIS/DSP/Source/BasicMathFunctions/arm_scale_f32.c **** 
 144:Drivers/CMSIS/DSP/Source/BasicMathFunctions/arm_scale_f32.c ****   while (blkCnt > 0U)
  50              		.loc 1 144 3 view .LVU4
  51              		.loc 1 144 9 is_stmt 0 view .LVU5
  52 000a 07E0     		b	.L2
  53              	.LVL2:
  54              	.L3:
 145:Drivers/CMSIS/DSP/Source/BasicMathFunctions/arm_scale_f32.c ****   {
 146:Drivers/CMSIS/DSP/Source/BasicMathFunctions/arm_scale_f32.c ****     /* C = A * scale */
 147:Drivers/CMSIS/DSP/Source/BasicMathFunctions/arm_scale_f32.c ****     /* Scale the input and then store the result in the destination buffer. */
 148:Drivers/CMSIS/DSP/Source/BasicMathFunctions/arm_scale_f32.c ****     *pDst++ = (*pSrc++) * scale;
  55              		.loc 1 148 5 is_stmt 1 view .LVU6
  56              		.loc 1 148 25 is_stmt 0 view .LVU7
  57 000c 3946     		mov	r1, r7
  58 000e 55F8040B 		ldr	r0, [r5], #4	@ float
  59              	.LVL3:
  60              		.loc 1 148 25 view .LVU8
  61 0012 FFF7FEFF 		bl	__aeabi_fmul
  62              	.LVL4:
  63              		.loc 1 148 13 view .LVU9
  64 0016 44F8040B 		str	r0, [r4], #4	@ float
  65              	.LVL5:
 149:Drivers/CMSIS/DSP/Source/BasicMathFunctions/arm_scale_f32.c **** 
 150:Drivers/CMSIS/DSP/Source/BasicMathFunctions/arm_scale_f32.c ****     /* Decrement the loop counter */
 151:Drivers/CMSIS/DSP/Source/BasicMathFunctions/arm_scale_f32.c ****     blkCnt--;
  66              		.loc 1 151 5 is_stmt 1 view .LVU10
  67              		.loc 1 151 11 is_stmt 0 view .LVU11
  68 001a 013E     		subs	r6, r6, #1
  69              	.LVL6:
  70              	.L2:
 144:Drivers/CMSIS/DSP/Source/BasicMathFunctions/arm_scale_f32.c ****   {
  71              		.loc 1 144 17 is_stmt 1 view .LVU12
  72 001c 002E     		cmp	r6, #0
  73 001e F5D1     		bne	.L3
 152:Drivers/CMSIS/DSP/Source/BasicMathFunctions/arm_scale_f32.c ****   }
 153:Drivers/CMSIS/DSP/Source/BasicMathFunctions/arm_scale_f32.c **** }
  74              		.loc 1 153 1 is_stmt 0 view .LVU13
  75 0020 F8BD     		pop	{r3, r4, r5, r6, r7, pc}
ARM GAS  C:\Users\Lamp\AppData\Local\Temp\ccPrp78z.s 			page 5


  76              		.loc 1 153 1 view .LVU14
  77              		.cfi_endproc
  78              	.LFE100:
  80              		.text
  81              	.Letext0:
  82              		.file 2 "C:/ARM GNU Toolchain/arm-none-eabi/include/machine/_default_types.h"
  83              		.file 3 "C:/ARM GNU Toolchain/arm-none-eabi/include/sys/_stdint.h"
  84              		.file 4 "Drivers/CMSIS/DSP/Include/arm_math.h"
ARM GAS  C:\Users\Lamp\AppData\Local\Temp\ccPrp78z.s 			page 6


DEFINED SYMBOLS
                            *ABS*:00000000 arm_scale_f32.c
C:\Users\Lamp\AppData\Local\Temp\ccPrp78z.s:20     .text.arm_scale_f32:00000000 $t
C:\Users\Lamp\AppData\Local\Temp\ccPrp78z.s:26     .text.arm_scale_f32:00000000 arm_scale_f32

UNDEFINED SYMBOLS
__aeabi_fmul
