ARM GAS  C:\Users\Lamp\AppData\Local\Temp\ccXTLWXc.s 			page 1


   1              		.cpu cortex-m3
   2              		.arch armv7-m
   3              		.fpu softvfp
   4              		.eabi_attribute 20, 1
   5              		.eabi_attribute 21, 1
   6              		.eabi_attribute 23, 3
   7              		.eabi_attribute 24, 1
   8              		.eabi_attribute 25, 1
   9              		.eabi_attribute 26, 1
  10              		.eabi_attribute 30, 1
  11              		.eabi_attribute 34, 1
  12              		.eabi_attribute 18, 4
  13              		.file	"arm_cfft_radix2_init_f32.c"
  14              		.text
  15              	.Ltext0:
  16              		.cfi_sections	.debug_frame
  17              		.file 1 "Drivers/CMSIS/DSP/Source/TransformFunctions/arm_cfft_radix2_init_f32.c"
  18              		.section	.text.arm_cfft_radix2_init_f32,"ax",%progbits
  19              		.align	1
  20              		.global	arm_cfft_radix2_init_f32
  21              		.syntax unified
  22              		.thumb
  23              		.thumb_func
  25              	arm_cfft_radix2_init_f32:
  26              	.LVL0:
  27              	.LFB100:
   1:Drivers/CMSIS/DSP/Source/TransformFunctions/arm_cfft_radix2_init_f32.c **** /* ----------------------------------------------------------------------
   2:Drivers/CMSIS/DSP/Source/TransformFunctions/arm_cfft_radix2_init_f32.c ****  * Project:      CMSIS DSP Library
   3:Drivers/CMSIS/DSP/Source/TransformFunctions/arm_cfft_radix2_init_f32.c ****  * Title:        arm_cfft_radix2_init_f32.c
   4:Drivers/CMSIS/DSP/Source/TransformFunctions/arm_cfft_radix2_init_f32.c ****  * Description:  Radix-2 Decimation in Frequency Floating-point CFFT & CIFFT Initialization functio
   5:Drivers/CMSIS/DSP/Source/TransformFunctions/arm_cfft_radix2_init_f32.c ****  *
   6:Drivers/CMSIS/DSP/Source/TransformFunctions/arm_cfft_radix2_init_f32.c ****  * $Date:        27. January 2017
   7:Drivers/CMSIS/DSP/Source/TransformFunctions/arm_cfft_radix2_init_f32.c ****  * $Revision:    V.1.5.1
   8:Drivers/CMSIS/DSP/Source/TransformFunctions/arm_cfft_radix2_init_f32.c ****  *
   9:Drivers/CMSIS/DSP/Source/TransformFunctions/arm_cfft_radix2_init_f32.c ****  * Target Processor: Cortex-M cores
  10:Drivers/CMSIS/DSP/Source/TransformFunctions/arm_cfft_radix2_init_f32.c ****  * -------------------------------------------------------------------- */
  11:Drivers/CMSIS/DSP/Source/TransformFunctions/arm_cfft_radix2_init_f32.c **** /*
  12:Drivers/CMSIS/DSP/Source/TransformFunctions/arm_cfft_radix2_init_f32.c ****  * Copyright (C) 2010-2017 ARM Limited or its affiliates. All rights reserved.
  13:Drivers/CMSIS/DSP/Source/TransformFunctions/arm_cfft_radix2_init_f32.c ****  *
  14:Drivers/CMSIS/DSP/Source/TransformFunctions/arm_cfft_radix2_init_f32.c ****  * SPDX-License-Identifier: Apache-2.0
  15:Drivers/CMSIS/DSP/Source/TransformFunctions/arm_cfft_radix2_init_f32.c ****  *
  16:Drivers/CMSIS/DSP/Source/TransformFunctions/arm_cfft_radix2_init_f32.c ****  * Licensed under the Apache License, Version 2.0 (the License); you may
  17:Drivers/CMSIS/DSP/Source/TransformFunctions/arm_cfft_radix2_init_f32.c ****  * not use this file except in compliance with the License.
  18:Drivers/CMSIS/DSP/Source/TransformFunctions/arm_cfft_radix2_init_f32.c ****  * You may obtain a copy of the License at
  19:Drivers/CMSIS/DSP/Source/TransformFunctions/arm_cfft_radix2_init_f32.c ****  *
  20:Drivers/CMSIS/DSP/Source/TransformFunctions/arm_cfft_radix2_init_f32.c ****  * www.apache.org/licenses/LICENSE-2.0
  21:Drivers/CMSIS/DSP/Source/TransformFunctions/arm_cfft_radix2_init_f32.c ****  *
  22:Drivers/CMSIS/DSP/Source/TransformFunctions/arm_cfft_radix2_init_f32.c ****  * Unless required by applicable law or agreed to in writing, software
  23:Drivers/CMSIS/DSP/Source/TransformFunctions/arm_cfft_radix2_init_f32.c ****  * distributed under the License is distributed on an AS IS BASIS, WITHOUT
  24:Drivers/CMSIS/DSP/Source/TransformFunctions/arm_cfft_radix2_init_f32.c ****  * WARRANTIES OR CONDITIONS OF ANY KIND, either express or implied.
  25:Drivers/CMSIS/DSP/Source/TransformFunctions/arm_cfft_radix2_init_f32.c ****  * See the License for the specific language governing permissions and
  26:Drivers/CMSIS/DSP/Source/TransformFunctions/arm_cfft_radix2_init_f32.c ****  * limitations under the License.
  27:Drivers/CMSIS/DSP/Source/TransformFunctions/arm_cfft_radix2_init_f32.c ****  */
  28:Drivers/CMSIS/DSP/Source/TransformFunctions/arm_cfft_radix2_init_f32.c **** 
  29:Drivers/CMSIS/DSP/Source/TransformFunctions/arm_cfft_radix2_init_f32.c **** #include "arm_math.h"
  30:Drivers/CMSIS/DSP/Source/TransformFunctions/arm_cfft_radix2_init_f32.c **** #include "arm_common_tables.h"
  31:Drivers/CMSIS/DSP/Source/TransformFunctions/arm_cfft_radix2_init_f32.c **** 
ARM GAS  C:\Users\Lamp\AppData\Local\Temp\ccXTLWXc.s 			page 2


  32:Drivers/CMSIS/DSP/Source/TransformFunctions/arm_cfft_radix2_init_f32.c **** /**
  33:Drivers/CMSIS/DSP/Source/TransformFunctions/arm_cfft_radix2_init_f32.c ****  * @ingroup groupTransforms
  34:Drivers/CMSIS/DSP/Source/TransformFunctions/arm_cfft_radix2_init_f32.c ****  */
  35:Drivers/CMSIS/DSP/Source/TransformFunctions/arm_cfft_radix2_init_f32.c **** 
  36:Drivers/CMSIS/DSP/Source/TransformFunctions/arm_cfft_radix2_init_f32.c **** /**
  37:Drivers/CMSIS/DSP/Source/TransformFunctions/arm_cfft_radix2_init_f32.c ****  * @addtogroup ComplexFFT
  38:Drivers/CMSIS/DSP/Source/TransformFunctions/arm_cfft_radix2_init_f32.c ****  * @{
  39:Drivers/CMSIS/DSP/Source/TransformFunctions/arm_cfft_radix2_init_f32.c ****  */
  40:Drivers/CMSIS/DSP/Source/TransformFunctions/arm_cfft_radix2_init_f32.c **** 
  41:Drivers/CMSIS/DSP/Source/TransformFunctions/arm_cfft_radix2_init_f32.c **** /**
  42:Drivers/CMSIS/DSP/Source/TransformFunctions/arm_cfft_radix2_init_f32.c **** * @brief  Initialization function for the floating-point CFFT/CIFFT.
  43:Drivers/CMSIS/DSP/Source/TransformFunctions/arm_cfft_radix2_init_f32.c **** * @deprecated Do not use this function.  It has been superseded by \ref arm_cfft_f32 and will be re
  44:Drivers/CMSIS/DSP/Source/TransformFunctions/arm_cfft_radix2_init_f32.c **** * in the future.
  45:Drivers/CMSIS/DSP/Source/TransformFunctions/arm_cfft_radix2_init_f32.c **** * @param[in,out] *S             points to an instance of the floating-point CFFT/CIFFT structure.
  46:Drivers/CMSIS/DSP/Source/TransformFunctions/arm_cfft_radix2_init_f32.c **** * @param[in]     fftLen         length of the FFT.
  47:Drivers/CMSIS/DSP/Source/TransformFunctions/arm_cfft_radix2_init_f32.c **** * @param[in]     ifftFlag       flag that selects forward (ifftFlag=0) or inverse (ifftFlag=1) tran
  48:Drivers/CMSIS/DSP/Source/TransformFunctions/arm_cfft_radix2_init_f32.c **** * @param[in]     bitReverseFlag flag that enables (bitReverseFlag=1) or disables (bitReverseFlag=0)
  49:Drivers/CMSIS/DSP/Source/TransformFunctions/arm_cfft_radix2_init_f32.c **** * @return        The function returns ARM_MATH_SUCCESS if initialization is successful or ARM_MATH_
  50:Drivers/CMSIS/DSP/Source/TransformFunctions/arm_cfft_radix2_init_f32.c **** *
  51:Drivers/CMSIS/DSP/Source/TransformFunctions/arm_cfft_radix2_init_f32.c **** * \par Description:
  52:Drivers/CMSIS/DSP/Source/TransformFunctions/arm_cfft_radix2_init_f32.c **** * \par
  53:Drivers/CMSIS/DSP/Source/TransformFunctions/arm_cfft_radix2_init_f32.c **** * The parameter <code>ifftFlag</code> controls whether a forward or inverse transform is computed.
  54:Drivers/CMSIS/DSP/Source/TransformFunctions/arm_cfft_radix2_init_f32.c **** * Set(=1) ifftFlag for calculation of CIFFT otherwise  CFFT is calculated
  55:Drivers/CMSIS/DSP/Source/TransformFunctions/arm_cfft_radix2_init_f32.c **** * \par
  56:Drivers/CMSIS/DSP/Source/TransformFunctions/arm_cfft_radix2_init_f32.c **** * The parameter <code>bitReverseFlag</code> controls whether output is in normal order or bit rever
  57:Drivers/CMSIS/DSP/Source/TransformFunctions/arm_cfft_radix2_init_f32.c **** * Set(=1) bitReverseFlag for output to be in normal order otherwise output is in bit reversed order
  58:Drivers/CMSIS/DSP/Source/TransformFunctions/arm_cfft_radix2_init_f32.c **** * \par
  59:Drivers/CMSIS/DSP/Source/TransformFunctions/arm_cfft_radix2_init_f32.c **** * The parameter <code>fftLen</code>	Specifies length of CFFT/CIFFT process. Supported FFT Lengths a
  60:Drivers/CMSIS/DSP/Source/TransformFunctions/arm_cfft_radix2_init_f32.c **** * \par
  61:Drivers/CMSIS/DSP/Source/TransformFunctions/arm_cfft_radix2_init_f32.c **** * This Function also initializes Twiddle factor table pointer and Bit reversal table pointer.
  62:Drivers/CMSIS/DSP/Source/TransformFunctions/arm_cfft_radix2_init_f32.c **** */
  63:Drivers/CMSIS/DSP/Source/TransformFunctions/arm_cfft_radix2_init_f32.c **** arm_status arm_cfft_radix2_init_f32(
  64:Drivers/CMSIS/DSP/Source/TransformFunctions/arm_cfft_radix2_init_f32.c ****   arm_cfft_radix2_instance_f32 * S,
  65:Drivers/CMSIS/DSP/Source/TransformFunctions/arm_cfft_radix2_init_f32.c ****   uint16_t fftLen,
  66:Drivers/CMSIS/DSP/Source/TransformFunctions/arm_cfft_radix2_init_f32.c ****   uint8_t ifftFlag,
  67:Drivers/CMSIS/DSP/Source/TransformFunctions/arm_cfft_radix2_init_f32.c ****   uint8_t bitReverseFlag)
  68:Drivers/CMSIS/DSP/Source/TransformFunctions/arm_cfft_radix2_init_f32.c **** {
  28              		.loc 1 68 1 view -0
  29              		.cfi_startproc
  30              		@ args = 0, pretend = 0, frame = 0
  31              		@ frame_needed = 0, uses_anonymous_args = 0
  32              		@ link register save eliminated.
  33              		.loc 1 68 1 is_stmt 0 view .LVU1
  34 0000 10B4     		push	{r4}
  35              	.LCFI0:
  36              		.cfi_def_cfa_offset 4
  37              		.cfi_offset 4, -4
  69:Drivers/CMSIS/DSP/Source/TransformFunctions/arm_cfft_radix2_init_f32.c ****   /*  Initialise the default arm status */
  70:Drivers/CMSIS/DSP/Source/TransformFunctions/arm_cfft_radix2_init_f32.c ****   arm_status status = ARM_MATH_SUCCESS;
  38              		.loc 1 70 3 is_stmt 1 view .LVU2
  39              	.LVL1:
  71:Drivers/CMSIS/DSP/Source/TransformFunctions/arm_cfft_radix2_init_f32.c **** 
  72:Drivers/CMSIS/DSP/Source/TransformFunctions/arm_cfft_radix2_init_f32.c ****   /*  Initialise the FFT length */
  73:Drivers/CMSIS/DSP/Source/TransformFunctions/arm_cfft_radix2_init_f32.c ****   S->fftLen = fftLen;
  40              		.loc 1 73 3 view .LVU3
  41              		.loc 1 73 13 is_stmt 0 view .LVU4
  42 0002 0180     		strh	r1, [r0]	@ movhi
ARM GAS  C:\Users\Lamp\AppData\Local\Temp\ccXTLWXc.s 			page 3


  74:Drivers/CMSIS/DSP/Source/TransformFunctions/arm_cfft_radix2_init_f32.c **** 
  75:Drivers/CMSIS/DSP/Source/TransformFunctions/arm_cfft_radix2_init_f32.c ****   /*  Initialise the Twiddle coefficient pointer */
  76:Drivers/CMSIS/DSP/Source/TransformFunctions/arm_cfft_radix2_init_f32.c ****   S->pTwiddle = (float32_t *) twiddleCoef;
  43              		.loc 1 76 3 is_stmt 1 view .LVU5
  44              		.loc 1 76 15 is_stmt 0 view .LVU6
  45 0004 424C     		ldr	r4, .L20
  46 0006 4460     		str	r4, [r0, #4]
  77:Drivers/CMSIS/DSP/Source/TransformFunctions/arm_cfft_radix2_init_f32.c **** 
  78:Drivers/CMSIS/DSP/Source/TransformFunctions/arm_cfft_radix2_init_f32.c ****   /*  Initialise the Flag for selection of CFFT or CIFFT */
  79:Drivers/CMSIS/DSP/Source/TransformFunctions/arm_cfft_radix2_init_f32.c ****   S->ifftFlag = ifftFlag;
  47              		.loc 1 79 3 is_stmt 1 view .LVU7
  48              		.loc 1 79 15 is_stmt 0 view .LVU8
  49 0008 8270     		strb	r2, [r0, #2]
  80:Drivers/CMSIS/DSP/Source/TransformFunctions/arm_cfft_radix2_init_f32.c **** 
  81:Drivers/CMSIS/DSP/Source/TransformFunctions/arm_cfft_radix2_init_f32.c ****   /*  Initialise the Flag for calculation Bit reversal or not */
  82:Drivers/CMSIS/DSP/Source/TransformFunctions/arm_cfft_radix2_init_f32.c ****   S->bitReverseFlag = bitReverseFlag;
  50              		.loc 1 82 3 is_stmt 1 view .LVU9
  51              		.loc 1 82 21 is_stmt 0 view .LVU10
  52 000a C370     		strb	r3, [r0, #3]
  83:Drivers/CMSIS/DSP/Source/TransformFunctions/arm_cfft_radix2_init_f32.c **** 
  84:Drivers/CMSIS/DSP/Source/TransformFunctions/arm_cfft_radix2_init_f32.c ****   /*  Initializations of structure parameters depending on the FFT length */
  85:Drivers/CMSIS/DSP/Source/TransformFunctions/arm_cfft_radix2_init_f32.c ****   switch (S->fftLen)
  53              		.loc 1 85 3 is_stmt 1 view .LVU11
  54 000c B1F5807F 		cmp	r1, #256
  55 0010 5CD0     		beq	.L2
  56 0012 13D9     		bls	.L16
  57 0014 B1F5006F 		cmp	r1, #2048
  58 0018 44D0     		beq	.L10
  59 001a 35D8     		bhi	.L11
  60 001c B1F5007F 		cmp	r1, #512
  61 0020 4AD0     		beq	.L12
  62 0022 B1F5806F 		cmp	r1, #1024
  63 0026 2CD1     		bne	.L17
  86:Drivers/CMSIS/DSP/Source/TransformFunctions/arm_cfft_radix2_init_f32.c ****   {
  87:Drivers/CMSIS/DSP/Source/TransformFunctions/arm_cfft_radix2_init_f32.c **** 
  88:Drivers/CMSIS/DSP/Source/TransformFunctions/arm_cfft_radix2_init_f32.c ****   case 4096U:
  89:Drivers/CMSIS/DSP/Source/TransformFunctions/arm_cfft_radix2_init_f32.c ****     /*  Initializations of structure parameters for 4096 point FFT */
  90:Drivers/CMSIS/DSP/Source/TransformFunctions/arm_cfft_radix2_init_f32.c **** 
  91:Drivers/CMSIS/DSP/Source/TransformFunctions/arm_cfft_radix2_init_f32.c ****     /*  Initialise the twiddle coef modifier value */
  92:Drivers/CMSIS/DSP/Source/TransformFunctions/arm_cfft_radix2_init_f32.c ****     S->twidCoefModifier = 1U;
  93:Drivers/CMSIS/DSP/Source/TransformFunctions/arm_cfft_radix2_init_f32.c ****     /*  Initialise the bit reversal table modifier */
  94:Drivers/CMSIS/DSP/Source/TransformFunctions/arm_cfft_radix2_init_f32.c ****     S->bitRevFactor = 1U;
  95:Drivers/CMSIS/DSP/Source/TransformFunctions/arm_cfft_radix2_init_f32.c ****     /*  Initialise the bit reversal table pointer */
  96:Drivers/CMSIS/DSP/Source/TransformFunctions/arm_cfft_radix2_init_f32.c ****     S->pBitRevTable = (uint16_t *) armBitRevTable;
  97:Drivers/CMSIS/DSP/Source/TransformFunctions/arm_cfft_radix2_init_f32.c ****     /*  Initialise the 1/fftLen Value */
  98:Drivers/CMSIS/DSP/Source/TransformFunctions/arm_cfft_radix2_init_f32.c ****     S->onebyfftLen = 0.000244140625;
  99:Drivers/CMSIS/DSP/Source/TransformFunctions/arm_cfft_radix2_init_f32.c ****     break;
 100:Drivers/CMSIS/DSP/Source/TransformFunctions/arm_cfft_radix2_init_f32.c **** 
 101:Drivers/CMSIS/DSP/Source/TransformFunctions/arm_cfft_radix2_init_f32.c ****   case 2048U:
 102:Drivers/CMSIS/DSP/Source/TransformFunctions/arm_cfft_radix2_init_f32.c ****     /*  Initializations of structure parameters for 2048 point FFT */
 103:Drivers/CMSIS/DSP/Source/TransformFunctions/arm_cfft_radix2_init_f32.c **** 
 104:Drivers/CMSIS/DSP/Source/TransformFunctions/arm_cfft_radix2_init_f32.c ****     /*  Initialise the twiddle coef modifier value */
 105:Drivers/CMSIS/DSP/Source/TransformFunctions/arm_cfft_radix2_init_f32.c ****     S->twidCoefModifier = 2U;
 106:Drivers/CMSIS/DSP/Source/TransformFunctions/arm_cfft_radix2_init_f32.c ****     /*  Initialise the bit reversal table modifier */
 107:Drivers/CMSIS/DSP/Source/TransformFunctions/arm_cfft_radix2_init_f32.c ****     S->bitRevFactor = 2U;
 108:Drivers/CMSIS/DSP/Source/TransformFunctions/arm_cfft_radix2_init_f32.c ****     /*  Initialise the bit reversal table pointer */
 109:Drivers/CMSIS/DSP/Source/TransformFunctions/arm_cfft_radix2_init_f32.c ****     S->pBitRevTable = (uint16_t *) & armBitRevTable[1];
ARM GAS  C:\Users\Lamp\AppData\Local\Temp\ccXTLWXc.s 			page 4


 110:Drivers/CMSIS/DSP/Source/TransformFunctions/arm_cfft_radix2_init_f32.c ****     /*  Initialise the 1/fftLen Value */
 111:Drivers/CMSIS/DSP/Source/TransformFunctions/arm_cfft_radix2_init_f32.c ****     S->onebyfftLen = 0.00048828125;
 112:Drivers/CMSIS/DSP/Source/TransformFunctions/arm_cfft_radix2_init_f32.c ****     break;
 113:Drivers/CMSIS/DSP/Source/TransformFunctions/arm_cfft_radix2_init_f32.c **** 
 114:Drivers/CMSIS/DSP/Source/TransformFunctions/arm_cfft_radix2_init_f32.c ****   case 1024U:
 115:Drivers/CMSIS/DSP/Source/TransformFunctions/arm_cfft_radix2_init_f32.c ****     /*  Initializations of structure parameters for 1024 point FFT */
 116:Drivers/CMSIS/DSP/Source/TransformFunctions/arm_cfft_radix2_init_f32.c **** 
 117:Drivers/CMSIS/DSP/Source/TransformFunctions/arm_cfft_radix2_init_f32.c ****     /*  Initialise the twiddle coef modifier value */
 118:Drivers/CMSIS/DSP/Source/TransformFunctions/arm_cfft_radix2_init_f32.c ****     S->twidCoefModifier = 4U;
  64              		.loc 1 118 5 view .LVU12
  65              		.loc 1 118 25 is_stmt 0 view .LVU13
  66 0028 0423     		movs	r3, #4
  67              	.LVL2:
  68              		.loc 1 118 25 view .LVU14
  69 002a 8381     		strh	r3, [r0, #12]	@ movhi
 119:Drivers/CMSIS/DSP/Source/TransformFunctions/arm_cfft_radix2_init_f32.c ****     /*  Initialise the bit reversal table modifier */
 120:Drivers/CMSIS/DSP/Source/TransformFunctions/arm_cfft_radix2_init_f32.c ****     S->bitRevFactor = 4U;
  70              		.loc 1 120 5 is_stmt 1 view .LVU15
  71              		.loc 1 120 21 is_stmt 0 view .LVU16
  72 002c C381     		strh	r3, [r0, #14]	@ movhi
 121:Drivers/CMSIS/DSP/Source/TransformFunctions/arm_cfft_radix2_init_f32.c ****     /*  Initialise the bit reversal table pointer */
 122:Drivers/CMSIS/DSP/Source/TransformFunctions/arm_cfft_radix2_init_f32.c ****     S->pBitRevTable = (uint16_t *) & armBitRevTable[3];
  73              		.loc 1 122 5 is_stmt 1 view .LVU17
  74              		.loc 1 122 21 is_stmt 0 view .LVU18
  75 002e 394B     		ldr	r3, .L20+4
  76 0030 8360     		str	r3, [r0, #8]
 123:Drivers/CMSIS/DSP/Source/TransformFunctions/arm_cfft_radix2_init_f32.c ****     /*  Initialise the 1/fftLen Value */
 124:Drivers/CMSIS/DSP/Source/TransformFunctions/arm_cfft_radix2_init_f32.c ****     S->onebyfftLen = 0.0009765625f;
  77              		.loc 1 124 5 is_stmt 1 view .LVU19
  78              		.loc 1 124 20 is_stmt 0 view .LVU20
  79 0032 4FF06A53 		mov	r3, #981467136
  80 0036 0361     		str	r3, [r0, #16]	@ float
 125:Drivers/CMSIS/DSP/Source/TransformFunctions/arm_cfft_radix2_init_f32.c ****     break;
  81              		.loc 1 125 5 is_stmt 1 view .LVU21
  70:Drivers/CMSIS/DSP/Source/TransformFunctions/arm_cfft_radix2_init_f32.c **** 
  82              		.loc 1 70 14 is_stmt 0 view .LVU22
  83 0038 0020     		movs	r0, #0
  84              	.LVL3:
  85              		.loc 1 125 5 view .LVU23
  86 003a 31E0     		b	.L8
  87              	.LVL4:
  88              	.L16:
  85:Drivers/CMSIS/DSP/Source/TransformFunctions/arm_cfft_radix2_init_f32.c ****   {
  89              		.loc 1 85 3 view .LVU24
  90 003c 4029     		cmp	r1, #64
  91 003e 4FD0     		beq	.L4
  92 0040 10D8     		bhi	.L5
  93 0042 1029     		cmp	r1, #16
  94 0044 56D0     		beq	.L6
  95 0046 2029     		cmp	r1, #32
  96 0048 09D1     		bne	.L18
 126:Drivers/CMSIS/DSP/Source/TransformFunctions/arm_cfft_radix2_init_f32.c **** 
 127:Drivers/CMSIS/DSP/Source/TransformFunctions/arm_cfft_radix2_init_f32.c ****   case 512U:
 128:Drivers/CMSIS/DSP/Source/TransformFunctions/arm_cfft_radix2_init_f32.c ****     /*  Initializations of structure parameters for 512 point FFT */
 129:Drivers/CMSIS/DSP/Source/TransformFunctions/arm_cfft_radix2_init_f32.c **** 
 130:Drivers/CMSIS/DSP/Source/TransformFunctions/arm_cfft_radix2_init_f32.c ****     /*  Initialise the twiddle coef modifier value */
 131:Drivers/CMSIS/DSP/Source/TransformFunctions/arm_cfft_radix2_init_f32.c ****     S->twidCoefModifier = 8U;
ARM GAS  C:\Users\Lamp\AppData\Local\Temp\ccXTLWXc.s 			page 5


 132:Drivers/CMSIS/DSP/Source/TransformFunctions/arm_cfft_radix2_init_f32.c ****     /*  Initialise the bit reversal table modifier */
 133:Drivers/CMSIS/DSP/Source/TransformFunctions/arm_cfft_radix2_init_f32.c ****     S->bitRevFactor = 8U;
 134:Drivers/CMSIS/DSP/Source/TransformFunctions/arm_cfft_radix2_init_f32.c ****     /*  Initialise the bit reversal table pointer */
 135:Drivers/CMSIS/DSP/Source/TransformFunctions/arm_cfft_radix2_init_f32.c ****     S->pBitRevTable = (uint16_t *) & armBitRevTable[7];
 136:Drivers/CMSIS/DSP/Source/TransformFunctions/arm_cfft_radix2_init_f32.c ****     /*  Initialise the 1/fftLen Value */
 137:Drivers/CMSIS/DSP/Source/TransformFunctions/arm_cfft_radix2_init_f32.c ****     S->onebyfftLen = 0.001953125;
 138:Drivers/CMSIS/DSP/Source/TransformFunctions/arm_cfft_radix2_init_f32.c ****     break;
 139:Drivers/CMSIS/DSP/Source/TransformFunctions/arm_cfft_radix2_init_f32.c **** 
 140:Drivers/CMSIS/DSP/Source/TransformFunctions/arm_cfft_radix2_init_f32.c ****   case 256U:
 141:Drivers/CMSIS/DSP/Source/TransformFunctions/arm_cfft_radix2_init_f32.c ****     /*  Initializations of structure parameters for 256 point FFT */
 142:Drivers/CMSIS/DSP/Source/TransformFunctions/arm_cfft_radix2_init_f32.c ****     S->twidCoefModifier = 16U;
 143:Drivers/CMSIS/DSP/Source/TransformFunctions/arm_cfft_radix2_init_f32.c ****     S->bitRevFactor = 16U;
 144:Drivers/CMSIS/DSP/Source/TransformFunctions/arm_cfft_radix2_init_f32.c ****     S->pBitRevTable = (uint16_t *) & armBitRevTable[15];
 145:Drivers/CMSIS/DSP/Source/TransformFunctions/arm_cfft_radix2_init_f32.c ****     S->onebyfftLen = 0.00390625f;
 146:Drivers/CMSIS/DSP/Source/TransformFunctions/arm_cfft_radix2_init_f32.c ****     break;
 147:Drivers/CMSIS/DSP/Source/TransformFunctions/arm_cfft_radix2_init_f32.c **** 
 148:Drivers/CMSIS/DSP/Source/TransformFunctions/arm_cfft_radix2_init_f32.c ****   case 128U:
 149:Drivers/CMSIS/DSP/Source/TransformFunctions/arm_cfft_radix2_init_f32.c ****     /*  Initializations of structure parameters for 128 point FFT */
 150:Drivers/CMSIS/DSP/Source/TransformFunctions/arm_cfft_radix2_init_f32.c ****     S->twidCoefModifier = 32U;
 151:Drivers/CMSIS/DSP/Source/TransformFunctions/arm_cfft_radix2_init_f32.c ****     S->bitRevFactor = 32U;
 152:Drivers/CMSIS/DSP/Source/TransformFunctions/arm_cfft_radix2_init_f32.c ****     S->pBitRevTable = (uint16_t *) & armBitRevTable[31];
 153:Drivers/CMSIS/DSP/Source/TransformFunctions/arm_cfft_radix2_init_f32.c ****     S->onebyfftLen = 0.0078125;
 154:Drivers/CMSIS/DSP/Source/TransformFunctions/arm_cfft_radix2_init_f32.c ****     break;
 155:Drivers/CMSIS/DSP/Source/TransformFunctions/arm_cfft_radix2_init_f32.c **** 
 156:Drivers/CMSIS/DSP/Source/TransformFunctions/arm_cfft_radix2_init_f32.c ****   case 64U:
 157:Drivers/CMSIS/DSP/Source/TransformFunctions/arm_cfft_radix2_init_f32.c ****     /*  Initializations of structure parameters for 64 point FFT */
 158:Drivers/CMSIS/DSP/Source/TransformFunctions/arm_cfft_radix2_init_f32.c ****     S->twidCoefModifier = 64U;
 159:Drivers/CMSIS/DSP/Source/TransformFunctions/arm_cfft_radix2_init_f32.c ****     S->bitRevFactor = 64U;
 160:Drivers/CMSIS/DSP/Source/TransformFunctions/arm_cfft_radix2_init_f32.c ****     S->pBitRevTable = (uint16_t *) & armBitRevTable[63];
 161:Drivers/CMSIS/DSP/Source/TransformFunctions/arm_cfft_radix2_init_f32.c ****     S->onebyfftLen = 0.015625f;
 162:Drivers/CMSIS/DSP/Source/TransformFunctions/arm_cfft_radix2_init_f32.c ****     break;
 163:Drivers/CMSIS/DSP/Source/TransformFunctions/arm_cfft_radix2_init_f32.c **** 
 164:Drivers/CMSIS/DSP/Source/TransformFunctions/arm_cfft_radix2_init_f32.c ****   case 32U:
 165:Drivers/CMSIS/DSP/Source/TransformFunctions/arm_cfft_radix2_init_f32.c ****     /*  Initializations of structure parameters for 64 point FFT */
 166:Drivers/CMSIS/DSP/Source/TransformFunctions/arm_cfft_radix2_init_f32.c ****     S->twidCoefModifier = 128U;
  97              		.loc 1 166 5 is_stmt 1 view .LVU25
  98              		.loc 1 166 25 is_stmt 0 view .LVU26
  99 004a 8023     		movs	r3, #128
 100              	.LVL5:
 101              		.loc 1 166 25 view .LVU27
 102 004c 8381     		strh	r3, [r0, #12]	@ movhi
 167:Drivers/CMSIS/DSP/Source/TransformFunctions/arm_cfft_radix2_init_f32.c ****     S->bitRevFactor = 128U;
 103              		.loc 1 167 5 is_stmt 1 view .LVU28
 104              		.loc 1 167 21 is_stmt 0 view .LVU29
 105 004e C381     		strh	r3, [r0, #14]	@ movhi
 168:Drivers/CMSIS/DSP/Source/TransformFunctions/arm_cfft_radix2_init_f32.c ****     S->pBitRevTable = (uint16_t *) & armBitRevTable[127];
 106              		.loc 1 168 5 is_stmt 1 view .LVU30
 107              		.loc 1 168 21 is_stmt 0 view .LVU31
 108 0050 314B     		ldr	r3, .L20+8
 109 0052 8360     		str	r3, [r0, #8]
 169:Drivers/CMSIS/DSP/Source/TransformFunctions/arm_cfft_radix2_init_f32.c ****     S->onebyfftLen = 0.03125;
 110              		.loc 1 169 5 is_stmt 1 view .LVU32
 111              		.loc 1 169 20 is_stmt 0 view .LVU33
 112 0054 4FF07453 		mov	r3, #1023410176
 113 0058 0361     		str	r3, [r0, #16]	@ float
 170:Drivers/CMSIS/DSP/Source/TransformFunctions/arm_cfft_radix2_init_f32.c ****     break;
 114              		.loc 1 170 5 is_stmt 1 view .LVU34
ARM GAS  C:\Users\Lamp\AppData\Local\Temp\ccXTLWXc.s 			page 6


  70:Drivers/CMSIS/DSP/Source/TransformFunctions/arm_cfft_radix2_init_f32.c **** 
 115              		.loc 1 70 14 is_stmt 0 view .LVU35
 116 005a 0020     		movs	r0, #0
 117              	.LVL6:
 118              		.loc 1 170 5 view .LVU36
 119 005c 20E0     		b	.L8
 120              	.LVL7:
 121              	.L18:
  85:Drivers/CMSIS/DSP/Source/TransformFunctions/arm_cfft_radix2_init_f32.c ****   {
 122              		.loc 1 85 3 view .LVU37
 123 005e 4FF0FF30 		mov	r0, #-1
 124              	.LVL8:
  85:Drivers/CMSIS/DSP/Source/TransformFunctions/arm_cfft_radix2_init_f32.c ****   {
 125              		.loc 1 85 3 view .LVU38
 126 0062 1DE0     		b	.L8
 127              	.LVL9:
 128              	.L5:
  85:Drivers/CMSIS/DSP/Source/TransformFunctions/arm_cfft_radix2_init_f32.c ****   {
 129              		.loc 1 85 3 view .LVU39
 130 0064 8029     		cmp	r1, #128
 131 0066 09D1     		bne	.L19
 150:Drivers/CMSIS/DSP/Source/TransformFunctions/arm_cfft_radix2_init_f32.c ****     S->bitRevFactor = 32U;
 132              		.loc 1 150 5 is_stmt 1 view .LVU40
 150:Drivers/CMSIS/DSP/Source/TransformFunctions/arm_cfft_radix2_init_f32.c ****     S->bitRevFactor = 32U;
 133              		.loc 1 150 25 is_stmt 0 view .LVU41
 134 0068 2023     		movs	r3, #32
 135              	.LVL10:
 150:Drivers/CMSIS/DSP/Source/TransformFunctions/arm_cfft_radix2_init_f32.c ****     S->bitRevFactor = 32U;
 136              		.loc 1 150 25 view .LVU42
 137 006a 8381     		strh	r3, [r0, #12]	@ movhi
 151:Drivers/CMSIS/DSP/Source/TransformFunctions/arm_cfft_radix2_init_f32.c ****     S->pBitRevTable = (uint16_t *) & armBitRevTable[31];
 138              		.loc 1 151 5 is_stmt 1 view .LVU43
 151:Drivers/CMSIS/DSP/Source/TransformFunctions/arm_cfft_radix2_init_f32.c ****     S->pBitRevTable = (uint16_t *) & armBitRevTable[31];
 139              		.loc 1 151 21 is_stmt 0 view .LVU44
 140 006c C381     		strh	r3, [r0, #14]	@ movhi
 152:Drivers/CMSIS/DSP/Source/TransformFunctions/arm_cfft_radix2_init_f32.c ****     S->onebyfftLen = 0.0078125;
 141              		.loc 1 152 5 is_stmt 1 view .LVU45
 152:Drivers/CMSIS/DSP/Source/TransformFunctions/arm_cfft_radix2_init_f32.c ****     S->onebyfftLen = 0.0078125;
 142              		.loc 1 152 21 is_stmt 0 view .LVU46
 143 006e 2B4B     		ldr	r3, .L20+12
 144 0070 8360     		str	r3, [r0, #8]
 153:Drivers/CMSIS/DSP/Source/TransformFunctions/arm_cfft_radix2_init_f32.c ****     break;
 145              		.loc 1 153 5 is_stmt 1 view .LVU47
 153:Drivers/CMSIS/DSP/Source/TransformFunctions/arm_cfft_radix2_init_f32.c ****     break;
 146              		.loc 1 153 20 is_stmt 0 view .LVU48
 147 0072 4FF07053 		mov	r3, #1006632960
 148 0076 0361     		str	r3, [r0, #16]	@ float
 154:Drivers/CMSIS/DSP/Source/TransformFunctions/arm_cfft_radix2_init_f32.c **** 
 149              		.loc 1 154 5 is_stmt 1 view .LVU49
  70:Drivers/CMSIS/DSP/Source/TransformFunctions/arm_cfft_radix2_init_f32.c **** 
 150              		.loc 1 70 14 is_stmt 0 view .LVU50
 151 0078 0020     		movs	r0, #0
 152              	.LVL11:
 154:Drivers/CMSIS/DSP/Source/TransformFunctions/arm_cfft_radix2_init_f32.c **** 
 153              		.loc 1 154 5 view .LVU51
 154 007a 11E0     		b	.L8
 155              	.LVL12:
ARM GAS  C:\Users\Lamp\AppData\Local\Temp\ccXTLWXc.s 			page 7


 156              	.L19:
  85:Drivers/CMSIS/DSP/Source/TransformFunctions/arm_cfft_radix2_init_f32.c ****   {
 157              		.loc 1 85 3 view .LVU52
 158 007c 4FF0FF30 		mov	r0, #-1
 159              	.LVL13:
  85:Drivers/CMSIS/DSP/Source/TransformFunctions/arm_cfft_radix2_init_f32.c ****   {
 160              		.loc 1 85 3 view .LVU53
 161 0080 0EE0     		b	.L8
 162              	.LVL14:
 163              	.L17:
  85:Drivers/CMSIS/DSP/Source/TransformFunctions/arm_cfft_radix2_init_f32.c ****   {
 164              		.loc 1 85 3 view .LVU54
 165 0082 4FF0FF30 		mov	r0, #-1
 166              	.LVL15:
  85:Drivers/CMSIS/DSP/Source/TransformFunctions/arm_cfft_radix2_init_f32.c ****   {
 167              		.loc 1 85 3 view .LVU55
 168 0086 0BE0     		b	.L8
 169              	.LVL16:
 170              	.L11:
  85:Drivers/CMSIS/DSP/Source/TransformFunctions/arm_cfft_radix2_init_f32.c ****   {
 171              		.loc 1 85 3 view .LVU56
 172 0088 B1F5805F 		cmp	r1, #4096
 173 008c 3DD1     		bne	.L14
  92:Drivers/CMSIS/DSP/Source/TransformFunctions/arm_cfft_radix2_init_f32.c ****     /*  Initialise the bit reversal table modifier */
 174              		.loc 1 92 5 is_stmt 1 view .LVU57
  92:Drivers/CMSIS/DSP/Source/TransformFunctions/arm_cfft_radix2_init_f32.c ****     /*  Initialise the bit reversal table modifier */
 175              		.loc 1 92 25 is_stmt 0 view .LVU58
 176 008e 0123     		movs	r3, #1
 177              	.LVL17:
  92:Drivers/CMSIS/DSP/Source/TransformFunctions/arm_cfft_radix2_init_f32.c ****     /*  Initialise the bit reversal table modifier */
 178              		.loc 1 92 25 view .LVU59
 179 0090 8381     		strh	r3, [r0, #12]	@ movhi
  94:Drivers/CMSIS/DSP/Source/TransformFunctions/arm_cfft_radix2_init_f32.c ****     /*  Initialise the bit reversal table pointer */
 180              		.loc 1 94 5 is_stmt 1 view .LVU60
  94:Drivers/CMSIS/DSP/Source/TransformFunctions/arm_cfft_radix2_init_f32.c ****     /*  Initialise the bit reversal table pointer */
 181              		.loc 1 94 21 is_stmt 0 view .LVU61
 182 0092 C381     		strh	r3, [r0, #14]	@ movhi
  96:Drivers/CMSIS/DSP/Source/TransformFunctions/arm_cfft_radix2_init_f32.c ****     /*  Initialise the 1/fftLen Value */
 183              		.loc 1 96 5 is_stmt 1 view .LVU62
  96:Drivers/CMSIS/DSP/Source/TransformFunctions/arm_cfft_radix2_init_f32.c ****     /*  Initialise the 1/fftLen Value */
 184              		.loc 1 96 21 is_stmt 0 view .LVU63
 185 0094 224B     		ldr	r3, .L20+16
 186 0096 8360     		str	r3, [r0, #8]
  98:Drivers/CMSIS/DSP/Source/TransformFunctions/arm_cfft_radix2_init_f32.c ****     break;
 187              		.loc 1 98 5 is_stmt 1 view .LVU64
  98:Drivers/CMSIS/DSP/Source/TransformFunctions/arm_cfft_radix2_init_f32.c ****     break;
 188              		.loc 1 98 20 is_stmt 0 view .LVU65
 189 0098 4FF06653 		mov	r3, #964689920
 190 009c 0361     		str	r3, [r0, #16]	@ float
  99:Drivers/CMSIS/DSP/Source/TransformFunctions/arm_cfft_radix2_init_f32.c **** 
 191              		.loc 1 99 5 is_stmt 1 view .LVU66
  70:Drivers/CMSIS/DSP/Source/TransformFunctions/arm_cfft_radix2_init_f32.c **** 
 192              		.loc 1 70 14 is_stmt 0 view .LVU67
 193 009e 0020     		movs	r0, #0
 194              	.LVL18:
 195              	.L8:
 171:Drivers/CMSIS/DSP/Source/TransformFunctions/arm_cfft_radix2_init_f32.c **** 
ARM GAS  C:\Users\Lamp\AppData\Local\Temp\ccXTLWXc.s 			page 8


 172:Drivers/CMSIS/DSP/Source/TransformFunctions/arm_cfft_radix2_init_f32.c ****   case 16U:
 173:Drivers/CMSIS/DSP/Source/TransformFunctions/arm_cfft_radix2_init_f32.c ****     /*  Initializations of structure parameters for 16 point FFT */
 174:Drivers/CMSIS/DSP/Source/TransformFunctions/arm_cfft_radix2_init_f32.c ****     S->twidCoefModifier = 256U;
 175:Drivers/CMSIS/DSP/Source/TransformFunctions/arm_cfft_radix2_init_f32.c ****     S->bitRevFactor = 256U;
 176:Drivers/CMSIS/DSP/Source/TransformFunctions/arm_cfft_radix2_init_f32.c ****     S->pBitRevTable = (uint16_t *) & armBitRevTable[255];
 177:Drivers/CMSIS/DSP/Source/TransformFunctions/arm_cfft_radix2_init_f32.c ****     S->onebyfftLen = 0.0625f;
 178:Drivers/CMSIS/DSP/Source/TransformFunctions/arm_cfft_radix2_init_f32.c ****     break;
 179:Drivers/CMSIS/DSP/Source/TransformFunctions/arm_cfft_radix2_init_f32.c **** 
 180:Drivers/CMSIS/DSP/Source/TransformFunctions/arm_cfft_radix2_init_f32.c **** 
 181:Drivers/CMSIS/DSP/Source/TransformFunctions/arm_cfft_radix2_init_f32.c ****   default:
 182:Drivers/CMSIS/DSP/Source/TransformFunctions/arm_cfft_radix2_init_f32.c ****     /*  Reporting argument error if fftSize is not valid value */
 183:Drivers/CMSIS/DSP/Source/TransformFunctions/arm_cfft_radix2_init_f32.c ****     status = ARM_MATH_ARGUMENT_ERROR;
 184:Drivers/CMSIS/DSP/Source/TransformFunctions/arm_cfft_radix2_init_f32.c ****     break;
 185:Drivers/CMSIS/DSP/Source/TransformFunctions/arm_cfft_radix2_init_f32.c ****   }
 186:Drivers/CMSIS/DSP/Source/TransformFunctions/arm_cfft_radix2_init_f32.c **** 
 187:Drivers/CMSIS/DSP/Source/TransformFunctions/arm_cfft_radix2_init_f32.c ****   return (status);
 196              		.loc 1 187 3 is_stmt 1 view .LVU68
 188:Drivers/CMSIS/DSP/Source/TransformFunctions/arm_cfft_radix2_init_f32.c **** }
 197              		.loc 1 188 1 is_stmt 0 view .LVU69
 198 00a0 10BC     		pop	{r4}
 199              	.LCFI1:
 200              		.cfi_remember_state
 201              		.cfi_restore 4
 202              		.cfi_def_cfa_offset 0
 203 00a2 7047     		bx	lr
 204              	.LVL19:
 205              	.L10:
 206              	.LCFI2:
 207              		.cfi_restore_state
 105:Drivers/CMSIS/DSP/Source/TransformFunctions/arm_cfft_radix2_init_f32.c ****     /*  Initialise the bit reversal table modifier */
 208              		.loc 1 105 5 is_stmt 1 view .LVU70
 105:Drivers/CMSIS/DSP/Source/TransformFunctions/arm_cfft_radix2_init_f32.c ****     /*  Initialise the bit reversal table modifier */
 209              		.loc 1 105 25 is_stmt 0 view .LVU71
 210 00a4 0223     		movs	r3, #2
 211              	.LVL20:
 105:Drivers/CMSIS/DSP/Source/TransformFunctions/arm_cfft_radix2_init_f32.c ****     /*  Initialise the bit reversal table modifier */
 212              		.loc 1 105 25 view .LVU72
 213 00a6 8381     		strh	r3, [r0, #12]	@ movhi
 107:Drivers/CMSIS/DSP/Source/TransformFunctions/arm_cfft_radix2_init_f32.c ****     /*  Initialise the bit reversal table pointer */
 214              		.loc 1 107 5 is_stmt 1 view .LVU73
 107:Drivers/CMSIS/DSP/Source/TransformFunctions/arm_cfft_radix2_init_f32.c ****     /*  Initialise the bit reversal table pointer */
 215              		.loc 1 107 21 is_stmt 0 view .LVU74
 216 00a8 C381     		strh	r3, [r0, #14]	@ movhi
 109:Drivers/CMSIS/DSP/Source/TransformFunctions/arm_cfft_radix2_init_f32.c ****     /*  Initialise the 1/fftLen Value */
 217              		.loc 1 109 5 is_stmt 1 view .LVU75
 109:Drivers/CMSIS/DSP/Source/TransformFunctions/arm_cfft_radix2_init_f32.c ****     /*  Initialise the 1/fftLen Value */
 218              		.loc 1 109 21 is_stmt 0 view .LVU76
 219 00aa 1E4B     		ldr	r3, .L20+20
 220 00ac 8360     		str	r3, [r0, #8]
 111:Drivers/CMSIS/DSP/Source/TransformFunctions/arm_cfft_radix2_init_f32.c ****     break;
 221              		.loc 1 111 5 is_stmt 1 view .LVU77
 111:Drivers/CMSIS/DSP/Source/TransformFunctions/arm_cfft_radix2_init_f32.c ****     break;
 222              		.loc 1 111 20 is_stmt 0 view .LVU78
 223 00ae 4FF06853 		mov	r3, #973078528
 224 00b2 0361     		str	r3, [r0, #16]	@ float
 112:Drivers/CMSIS/DSP/Source/TransformFunctions/arm_cfft_radix2_init_f32.c **** 
 225              		.loc 1 112 5 is_stmt 1 view .LVU79
ARM GAS  C:\Users\Lamp\AppData\Local\Temp\ccXTLWXc.s 			page 9


  70:Drivers/CMSIS/DSP/Source/TransformFunctions/arm_cfft_radix2_init_f32.c **** 
 226              		.loc 1 70 14 is_stmt 0 view .LVU80
 227 00b4 0020     		movs	r0, #0
 228              	.LVL21:
 112:Drivers/CMSIS/DSP/Source/TransformFunctions/arm_cfft_radix2_init_f32.c **** 
 229              		.loc 1 112 5 view .LVU81
 230 00b6 F3E7     		b	.L8
 231              	.LVL22:
 232              	.L12:
 131:Drivers/CMSIS/DSP/Source/TransformFunctions/arm_cfft_radix2_init_f32.c ****     /*  Initialise the bit reversal table modifier */
 233              		.loc 1 131 5 is_stmt 1 view .LVU82
 131:Drivers/CMSIS/DSP/Source/TransformFunctions/arm_cfft_radix2_init_f32.c ****     /*  Initialise the bit reversal table modifier */
 234              		.loc 1 131 25 is_stmt 0 view .LVU83
 235 00b8 0823     		movs	r3, #8
 236              	.LVL23:
 131:Drivers/CMSIS/DSP/Source/TransformFunctions/arm_cfft_radix2_init_f32.c ****     /*  Initialise the bit reversal table modifier */
 237              		.loc 1 131 25 view .LVU84
 238 00ba 8381     		strh	r3, [r0, #12]	@ movhi
 133:Drivers/CMSIS/DSP/Source/TransformFunctions/arm_cfft_radix2_init_f32.c ****     /*  Initialise the bit reversal table pointer */
 239              		.loc 1 133 5 is_stmt 1 view .LVU85
 133:Drivers/CMSIS/DSP/Source/TransformFunctions/arm_cfft_radix2_init_f32.c ****     /*  Initialise the bit reversal table pointer */
 240              		.loc 1 133 21 is_stmt 0 view .LVU86
 241 00bc C381     		strh	r3, [r0, #14]	@ movhi
 135:Drivers/CMSIS/DSP/Source/TransformFunctions/arm_cfft_radix2_init_f32.c ****     /*  Initialise the 1/fftLen Value */
 242              		.loc 1 135 5 is_stmt 1 view .LVU87
 135:Drivers/CMSIS/DSP/Source/TransformFunctions/arm_cfft_radix2_init_f32.c ****     /*  Initialise the 1/fftLen Value */
 243              		.loc 1 135 21 is_stmt 0 view .LVU88
 244 00be 1A4B     		ldr	r3, .L20+24
 245 00c0 8360     		str	r3, [r0, #8]
 137:Drivers/CMSIS/DSP/Source/TransformFunctions/arm_cfft_radix2_init_f32.c ****     break;
 246              		.loc 1 137 5 is_stmt 1 view .LVU89
 137:Drivers/CMSIS/DSP/Source/TransformFunctions/arm_cfft_radix2_init_f32.c ****     break;
 247              		.loc 1 137 20 is_stmt 0 view .LVU90
 248 00c2 4FF06C53 		mov	r3, #989855744
 249 00c6 0361     		str	r3, [r0, #16]	@ float
 138:Drivers/CMSIS/DSP/Source/TransformFunctions/arm_cfft_radix2_init_f32.c **** 
 250              		.loc 1 138 5 is_stmt 1 view .LVU91
  70:Drivers/CMSIS/DSP/Source/TransformFunctions/arm_cfft_radix2_init_f32.c **** 
 251              		.loc 1 70 14 is_stmt 0 view .LVU92
 252 00c8 0020     		movs	r0, #0
 253              	.LVL24:
 138:Drivers/CMSIS/DSP/Source/TransformFunctions/arm_cfft_radix2_init_f32.c **** 
 254              		.loc 1 138 5 view .LVU93
 255 00ca E9E7     		b	.L8
 256              	.LVL25:
 257              	.L2:
 142:Drivers/CMSIS/DSP/Source/TransformFunctions/arm_cfft_radix2_init_f32.c ****     S->bitRevFactor = 16U;
 258              		.loc 1 142 5 is_stmt 1 view .LVU94
 142:Drivers/CMSIS/DSP/Source/TransformFunctions/arm_cfft_radix2_init_f32.c ****     S->bitRevFactor = 16U;
 259              		.loc 1 142 25 is_stmt 0 view .LVU95
 260 00cc 1023     		movs	r3, #16
 261              	.LVL26:
 142:Drivers/CMSIS/DSP/Source/TransformFunctions/arm_cfft_radix2_init_f32.c ****     S->bitRevFactor = 16U;
 262              		.loc 1 142 25 view .LVU96
 263 00ce 8381     		strh	r3, [r0, #12]	@ movhi
 143:Drivers/CMSIS/DSP/Source/TransformFunctions/arm_cfft_radix2_init_f32.c ****     S->pBitRevTable = (uint16_t *) & armBitRevTable[15];
 264              		.loc 1 143 5 is_stmt 1 view .LVU97
ARM GAS  C:\Users\Lamp\AppData\Local\Temp\ccXTLWXc.s 			page 10


 143:Drivers/CMSIS/DSP/Source/TransformFunctions/arm_cfft_radix2_init_f32.c ****     S->pBitRevTable = (uint16_t *) & armBitRevTable[15];
 265              		.loc 1 143 21 is_stmt 0 view .LVU98
 266 00d0 C381     		strh	r3, [r0, #14]	@ movhi
 144:Drivers/CMSIS/DSP/Source/TransformFunctions/arm_cfft_radix2_init_f32.c ****     S->onebyfftLen = 0.00390625f;
 267              		.loc 1 144 5 is_stmt 1 view .LVU99
 144:Drivers/CMSIS/DSP/Source/TransformFunctions/arm_cfft_radix2_init_f32.c ****     S->onebyfftLen = 0.00390625f;
 268              		.loc 1 144 21 is_stmt 0 view .LVU100
 269 00d2 164B     		ldr	r3, .L20+28
 270 00d4 8360     		str	r3, [r0, #8]
 145:Drivers/CMSIS/DSP/Source/TransformFunctions/arm_cfft_radix2_init_f32.c ****     break;
 271              		.loc 1 145 5 is_stmt 1 view .LVU101
 145:Drivers/CMSIS/DSP/Source/TransformFunctions/arm_cfft_radix2_init_f32.c ****     break;
 272              		.loc 1 145 20 is_stmt 0 view .LVU102
 273 00d6 4FF06E53 		mov	r3, #998244352
 274 00da 0361     		str	r3, [r0, #16]	@ float
 146:Drivers/CMSIS/DSP/Source/TransformFunctions/arm_cfft_radix2_init_f32.c **** 
 275              		.loc 1 146 5 is_stmt 1 view .LVU103
  70:Drivers/CMSIS/DSP/Source/TransformFunctions/arm_cfft_radix2_init_f32.c **** 
 276              		.loc 1 70 14 is_stmt 0 view .LVU104
 277 00dc 0020     		movs	r0, #0
 278              	.LVL27:
 146:Drivers/CMSIS/DSP/Source/TransformFunctions/arm_cfft_radix2_init_f32.c **** 
 279              		.loc 1 146 5 view .LVU105
 280 00de DFE7     		b	.L8
 281              	.LVL28:
 282              	.L4:
 158:Drivers/CMSIS/DSP/Source/TransformFunctions/arm_cfft_radix2_init_f32.c ****     S->bitRevFactor = 64U;
 283              		.loc 1 158 5 is_stmt 1 view .LVU106
 158:Drivers/CMSIS/DSP/Source/TransformFunctions/arm_cfft_radix2_init_f32.c ****     S->bitRevFactor = 64U;
 284              		.loc 1 158 25 is_stmt 0 view .LVU107
 285 00e0 4023     		movs	r3, #64
 286              	.LVL29:
 158:Drivers/CMSIS/DSP/Source/TransformFunctions/arm_cfft_radix2_init_f32.c ****     S->bitRevFactor = 64U;
 287              		.loc 1 158 25 view .LVU108
 288 00e2 8381     		strh	r3, [r0, #12]	@ movhi
 159:Drivers/CMSIS/DSP/Source/TransformFunctions/arm_cfft_radix2_init_f32.c ****     S->pBitRevTable = (uint16_t *) & armBitRevTable[63];
 289              		.loc 1 159 5 is_stmt 1 view .LVU109
 159:Drivers/CMSIS/DSP/Source/TransformFunctions/arm_cfft_radix2_init_f32.c ****     S->pBitRevTable = (uint16_t *) & armBitRevTable[63];
 290              		.loc 1 159 21 is_stmt 0 view .LVU110
 291 00e4 C381     		strh	r3, [r0, #14]	@ movhi
 160:Drivers/CMSIS/DSP/Source/TransformFunctions/arm_cfft_radix2_init_f32.c ****     S->onebyfftLen = 0.015625f;
 292              		.loc 1 160 5 is_stmt 1 view .LVU111
 160:Drivers/CMSIS/DSP/Source/TransformFunctions/arm_cfft_radix2_init_f32.c ****     S->onebyfftLen = 0.015625f;
 293              		.loc 1 160 21 is_stmt 0 view .LVU112
 294 00e6 124B     		ldr	r3, .L20+32
 295 00e8 8360     		str	r3, [r0, #8]
 161:Drivers/CMSIS/DSP/Source/TransformFunctions/arm_cfft_radix2_init_f32.c ****     break;
 296              		.loc 1 161 5 is_stmt 1 view .LVU113
 161:Drivers/CMSIS/DSP/Source/TransformFunctions/arm_cfft_radix2_init_f32.c ****     break;
 297              		.loc 1 161 20 is_stmt 0 view .LVU114
 298 00ea 4FF07253 		mov	r3, #1015021568
 299 00ee 0361     		str	r3, [r0, #16]	@ float
 162:Drivers/CMSIS/DSP/Source/TransformFunctions/arm_cfft_radix2_init_f32.c **** 
 300              		.loc 1 162 5 is_stmt 1 view .LVU115
  70:Drivers/CMSIS/DSP/Source/TransformFunctions/arm_cfft_radix2_init_f32.c **** 
 301              		.loc 1 70 14 is_stmt 0 view .LVU116
 302 00f0 0020     		movs	r0, #0
ARM GAS  C:\Users\Lamp\AppData\Local\Temp\ccXTLWXc.s 			page 11


 303              	.LVL30:
 162:Drivers/CMSIS/DSP/Source/TransformFunctions/arm_cfft_radix2_init_f32.c **** 
 304              		.loc 1 162 5 view .LVU117
 305 00f2 D5E7     		b	.L8
 306              	.LVL31:
 307              	.L6:
 174:Drivers/CMSIS/DSP/Source/TransformFunctions/arm_cfft_radix2_init_f32.c ****     S->bitRevFactor = 256U;
 308              		.loc 1 174 5 is_stmt 1 view .LVU118
 174:Drivers/CMSIS/DSP/Source/TransformFunctions/arm_cfft_radix2_init_f32.c ****     S->bitRevFactor = 256U;
 309              		.loc 1 174 25 is_stmt 0 view .LVU119
 310 00f4 4FF48073 		mov	r3, #256
 311              	.LVL32:
 174:Drivers/CMSIS/DSP/Source/TransformFunctions/arm_cfft_radix2_init_f32.c ****     S->bitRevFactor = 256U;
 312              		.loc 1 174 25 view .LVU120
 313 00f8 8381     		strh	r3, [r0, #12]	@ movhi
 175:Drivers/CMSIS/DSP/Source/TransformFunctions/arm_cfft_radix2_init_f32.c ****     S->pBitRevTable = (uint16_t *) & armBitRevTable[255];
 314              		.loc 1 175 5 is_stmt 1 view .LVU121
 175:Drivers/CMSIS/DSP/Source/TransformFunctions/arm_cfft_radix2_init_f32.c ****     S->pBitRevTable = (uint16_t *) & armBitRevTable[255];
 315              		.loc 1 175 21 is_stmt 0 view .LVU122
 316 00fa C381     		strh	r3, [r0, #14]	@ movhi
 176:Drivers/CMSIS/DSP/Source/TransformFunctions/arm_cfft_radix2_init_f32.c ****     S->onebyfftLen = 0.0625f;
 317              		.loc 1 176 5 is_stmt 1 view .LVU123
 176:Drivers/CMSIS/DSP/Source/TransformFunctions/arm_cfft_radix2_init_f32.c ****     S->onebyfftLen = 0.0625f;
 318              		.loc 1 176 21 is_stmt 0 view .LVU124
 319 00fc 0D4B     		ldr	r3, .L20+36
 320 00fe 8360     		str	r3, [r0, #8]
 177:Drivers/CMSIS/DSP/Source/TransformFunctions/arm_cfft_radix2_init_f32.c ****     break;
 321              		.loc 1 177 5 is_stmt 1 view .LVU125
 177:Drivers/CMSIS/DSP/Source/TransformFunctions/arm_cfft_radix2_init_f32.c ****     break;
 322              		.loc 1 177 20 is_stmt 0 view .LVU126
 323 0100 4FF07653 		mov	r3, #1031798784
 324 0104 0361     		str	r3, [r0, #16]	@ float
 178:Drivers/CMSIS/DSP/Source/TransformFunctions/arm_cfft_radix2_init_f32.c **** 
 325              		.loc 1 178 5 is_stmt 1 view .LVU127
  70:Drivers/CMSIS/DSP/Source/TransformFunctions/arm_cfft_radix2_init_f32.c **** 
 326              		.loc 1 70 14 is_stmt 0 view .LVU128
 327 0106 0020     		movs	r0, #0
 328              	.LVL33:
 178:Drivers/CMSIS/DSP/Source/TransformFunctions/arm_cfft_radix2_init_f32.c **** 
 329              		.loc 1 178 5 view .LVU129
 330 0108 CAE7     		b	.L8
 331              	.LVL34:
 332              	.L14:
  85:Drivers/CMSIS/DSP/Source/TransformFunctions/arm_cfft_radix2_init_f32.c ****   {
 333              		.loc 1 85 3 view .LVU130
 334 010a 4FF0FF30 		mov	r0, #-1
 335              	.LVL35:
  85:Drivers/CMSIS/DSP/Source/TransformFunctions/arm_cfft_radix2_init_f32.c ****   {
 336              		.loc 1 85 3 view .LVU131
 337 010e C7E7     		b	.L8
 338              	.L21:
 339              		.align	2
 340              	.L20:
 341 0110 00000000 		.word	twiddleCoef_4096
 342 0114 06000000 		.word	armBitRevTable+6
 343 0118 FE000000 		.word	armBitRevTable+254
 344 011c 3E000000 		.word	armBitRevTable+62
ARM GAS  C:\Users\Lamp\AppData\Local\Temp\ccXTLWXc.s 			page 12


 345 0120 00000000 		.word	armBitRevTable
 346 0124 02000000 		.word	armBitRevTable+2
 347 0128 0E000000 		.word	armBitRevTable+14
 348 012c 1E000000 		.word	armBitRevTable+30
 349 0130 7E000000 		.word	armBitRevTable+126
 350 0134 FE010000 		.word	armBitRevTable+510
 351              		.cfi_endproc
 352              	.LFE100:
 354              		.text
 355              	.Letext0:
 356              		.file 2 "C:/ARM GNU Toolchain/arm-none-eabi/include/machine/_default_types.h"
 357              		.file 3 "C:/ARM GNU Toolchain/arm-none-eabi/include/sys/_stdint.h"
 358              		.file 4 "Drivers/CMSIS/DSP/Include/arm_math.h"
 359              		.file 5 "Drivers/CMSIS/DSP/Include/arm_common_tables.h"
ARM GAS  C:\Users\Lamp\AppData\Local\Temp\ccXTLWXc.s 			page 13


DEFINED SYMBOLS
                            *ABS*:00000000 arm_cfft_radix2_init_f32.c
C:\Users\Lamp\AppData\Local\Temp\ccXTLWXc.s:19     .text.arm_cfft_radix2_init_f32:00000000 $t
C:\Users\Lamp\AppData\Local\Temp\ccXTLWXc.s:25     .text.arm_cfft_radix2_init_f32:00000000 arm_cfft_radix2_init_f32
C:\Users\Lamp\AppData\Local\Temp\ccXTLWXc.s:341    .text.arm_cfft_radix2_init_f32:00000110 $d

UNDEFINED SYMBOLS
twiddleCoef_4096
armBitRevTable
