ARM GAS  C:\Users\Lamp\AppData\Local\Temp\ccC1H9oD.s 			page 1


   1              		.cpu cortex-m3
   2              		.arch armv7-m
   3              		.fpu softvfp
   4              		.eabi_attribute 20, 1
   5              		.eabi_attribute 21, 1
   6              		.eabi_attribute 23, 3
   7              		.eabi_attribute 24, 1
   8              		.eabi_attribute 25, 1
   9              		.eabi_attribute 26, 1
  10              		.eabi_attribute 30, 1
  11              		.eabi_attribute 34, 1
  12              		.eabi_attribute 18, 4
  13              		.file	"arm_q7_to_q15.c"
  14              		.text
  15              	.Ltext0:
  16              		.cfi_sections	.debug_frame
  17              		.file 1 "Drivers/CMSIS/DSP/Source/SupportFunctions/arm_q7_to_q15.c"
  18              		.section	.text.arm_q7_to_q15,"ax",%progbits
  19              		.align	1
  20              		.global	arm_q7_to_q15
  21              		.syntax unified
  22              		.thumb
  23              		.thumb_func
  25              	arm_q7_to_q15:
  26              	.LVL0:
  27              	.LFB100:
   1:Drivers/CMSIS/DSP/Source/SupportFunctions/arm_q7_to_q15.c **** /* ----------------------------------------------------------------------
   2:Drivers/CMSIS/DSP/Source/SupportFunctions/arm_q7_to_q15.c ****  * Project:      CMSIS DSP Library
   3:Drivers/CMSIS/DSP/Source/SupportFunctions/arm_q7_to_q15.c ****  * Title:        arm_q7_to_q15.c
   4:Drivers/CMSIS/DSP/Source/SupportFunctions/arm_q7_to_q15.c ****  * Description:  Converts the elements of the Q7 vector to Q15 vector
   5:Drivers/CMSIS/DSP/Source/SupportFunctions/arm_q7_to_q15.c ****  *
   6:Drivers/CMSIS/DSP/Source/SupportFunctions/arm_q7_to_q15.c ****  * $Date:        27. January 2017
   7:Drivers/CMSIS/DSP/Source/SupportFunctions/arm_q7_to_q15.c ****  * $Revision:    V.1.5.1
   8:Drivers/CMSIS/DSP/Source/SupportFunctions/arm_q7_to_q15.c ****  *
   9:Drivers/CMSIS/DSP/Source/SupportFunctions/arm_q7_to_q15.c ****  * Target Processor: Cortex-M cores
  10:Drivers/CMSIS/DSP/Source/SupportFunctions/arm_q7_to_q15.c ****  * -------------------------------------------------------------------- */
  11:Drivers/CMSIS/DSP/Source/SupportFunctions/arm_q7_to_q15.c **** /*
  12:Drivers/CMSIS/DSP/Source/SupportFunctions/arm_q7_to_q15.c ****  * Copyright (C) 2010-2017 ARM Limited or its affiliates. All rights reserved.
  13:Drivers/CMSIS/DSP/Source/SupportFunctions/arm_q7_to_q15.c ****  *
  14:Drivers/CMSIS/DSP/Source/SupportFunctions/arm_q7_to_q15.c ****  * SPDX-License-Identifier: Apache-2.0
  15:Drivers/CMSIS/DSP/Source/SupportFunctions/arm_q7_to_q15.c ****  *
  16:Drivers/CMSIS/DSP/Source/SupportFunctions/arm_q7_to_q15.c ****  * Licensed under the Apache License, Version 2.0 (the License); you may
  17:Drivers/CMSIS/DSP/Source/SupportFunctions/arm_q7_to_q15.c ****  * not use this file except in compliance with the License.
  18:Drivers/CMSIS/DSP/Source/SupportFunctions/arm_q7_to_q15.c ****  * You may obtain a copy of the License at
  19:Drivers/CMSIS/DSP/Source/SupportFunctions/arm_q7_to_q15.c ****  *
  20:Drivers/CMSIS/DSP/Source/SupportFunctions/arm_q7_to_q15.c ****  * www.apache.org/licenses/LICENSE-2.0
  21:Drivers/CMSIS/DSP/Source/SupportFunctions/arm_q7_to_q15.c ****  *
  22:Drivers/CMSIS/DSP/Source/SupportFunctions/arm_q7_to_q15.c ****  * Unless required by applicable law or agreed to in writing, software
  23:Drivers/CMSIS/DSP/Source/SupportFunctions/arm_q7_to_q15.c ****  * distributed under the License is distributed on an AS IS BASIS, WITHOUT
  24:Drivers/CMSIS/DSP/Source/SupportFunctions/arm_q7_to_q15.c ****  * WARRANTIES OR CONDITIONS OF ANY KIND, either express or implied.
  25:Drivers/CMSIS/DSP/Source/SupportFunctions/arm_q7_to_q15.c ****  * See the License for the specific language governing permissions and
  26:Drivers/CMSIS/DSP/Source/SupportFunctions/arm_q7_to_q15.c ****  * limitations under the License.
  27:Drivers/CMSIS/DSP/Source/SupportFunctions/arm_q7_to_q15.c ****  */
  28:Drivers/CMSIS/DSP/Source/SupportFunctions/arm_q7_to_q15.c **** 
  29:Drivers/CMSIS/DSP/Source/SupportFunctions/arm_q7_to_q15.c **** #include "arm_math.h"
  30:Drivers/CMSIS/DSP/Source/SupportFunctions/arm_q7_to_q15.c **** 
  31:Drivers/CMSIS/DSP/Source/SupportFunctions/arm_q7_to_q15.c **** /**
ARM GAS  C:\Users\Lamp\AppData\Local\Temp\ccC1H9oD.s 			page 2


  32:Drivers/CMSIS/DSP/Source/SupportFunctions/arm_q7_to_q15.c ****  * @ingroup groupSupport
  33:Drivers/CMSIS/DSP/Source/SupportFunctions/arm_q7_to_q15.c ****  */
  34:Drivers/CMSIS/DSP/Source/SupportFunctions/arm_q7_to_q15.c **** 
  35:Drivers/CMSIS/DSP/Source/SupportFunctions/arm_q7_to_q15.c **** /**
  36:Drivers/CMSIS/DSP/Source/SupportFunctions/arm_q7_to_q15.c ****  * @addtogroup q7_to_x
  37:Drivers/CMSIS/DSP/Source/SupportFunctions/arm_q7_to_q15.c ****  * @{
  38:Drivers/CMSIS/DSP/Source/SupportFunctions/arm_q7_to_q15.c ****  */
  39:Drivers/CMSIS/DSP/Source/SupportFunctions/arm_q7_to_q15.c **** 
  40:Drivers/CMSIS/DSP/Source/SupportFunctions/arm_q7_to_q15.c **** 
  41:Drivers/CMSIS/DSP/Source/SupportFunctions/arm_q7_to_q15.c **** 
  42:Drivers/CMSIS/DSP/Source/SupportFunctions/arm_q7_to_q15.c **** 
  43:Drivers/CMSIS/DSP/Source/SupportFunctions/arm_q7_to_q15.c **** /**
  44:Drivers/CMSIS/DSP/Source/SupportFunctions/arm_q7_to_q15.c ****  * @brief Converts the elements of the Q7 vector to Q15 vector.
  45:Drivers/CMSIS/DSP/Source/SupportFunctions/arm_q7_to_q15.c ****  * @param[in]       *pSrc points to the Q7 input vector
  46:Drivers/CMSIS/DSP/Source/SupportFunctions/arm_q7_to_q15.c ****  * @param[out]      *pDst points to the Q15 output vector
  47:Drivers/CMSIS/DSP/Source/SupportFunctions/arm_q7_to_q15.c ****  * @param[in]       blockSize length of the input vector
  48:Drivers/CMSIS/DSP/Source/SupportFunctions/arm_q7_to_q15.c ****  * @return none.
  49:Drivers/CMSIS/DSP/Source/SupportFunctions/arm_q7_to_q15.c ****  *
  50:Drivers/CMSIS/DSP/Source/SupportFunctions/arm_q7_to_q15.c ****  * \par Description:
  51:Drivers/CMSIS/DSP/Source/SupportFunctions/arm_q7_to_q15.c ****  *
  52:Drivers/CMSIS/DSP/Source/SupportFunctions/arm_q7_to_q15.c ****  * The equation used for the conversion process is:
  53:Drivers/CMSIS/DSP/Source/SupportFunctions/arm_q7_to_q15.c ****  *
  54:Drivers/CMSIS/DSP/Source/SupportFunctions/arm_q7_to_q15.c ****  * <pre>
  55:Drivers/CMSIS/DSP/Source/SupportFunctions/arm_q7_to_q15.c ****  * 	pDst[n] = (q15_t) pSrc[n] << 8;   0 <= n < blockSize.
  56:Drivers/CMSIS/DSP/Source/SupportFunctions/arm_q7_to_q15.c ****  * </pre>
  57:Drivers/CMSIS/DSP/Source/SupportFunctions/arm_q7_to_q15.c ****  *
  58:Drivers/CMSIS/DSP/Source/SupportFunctions/arm_q7_to_q15.c ****  */
  59:Drivers/CMSIS/DSP/Source/SupportFunctions/arm_q7_to_q15.c **** 
  60:Drivers/CMSIS/DSP/Source/SupportFunctions/arm_q7_to_q15.c **** 
  61:Drivers/CMSIS/DSP/Source/SupportFunctions/arm_q7_to_q15.c **** void arm_q7_to_q15(
  62:Drivers/CMSIS/DSP/Source/SupportFunctions/arm_q7_to_q15.c ****   q7_t * pSrc,
  63:Drivers/CMSIS/DSP/Source/SupportFunctions/arm_q7_to_q15.c ****   q15_t * pDst,
  64:Drivers/CMSIS/DSP/Source/SupportFunctions/arm_q7_to_q15.c ****   uint32_t blockSize)
  65:Drivers/CMSIS/DSP/Source/SupportFunctions/arm_q7_to_q15.c **** {
  28              		.loc 1 65 1 view -0
  29              		.cfi_startproc
  30              		@ args = 0, pretend = 0, frame = 0
  31              		@ frame_needed = 0, uses_anonymous_args = 0
  32              		@ link register save eliminated.
  66:Drivers/CMSIS/DSP/Source/SupportFunctions/arm_q7_to_q15.c ****   q7_t *pIn = pSrc;                              /* Src pointer */
  33              		.loc 1 66 3 view .LVU1
  67:Drivers/CMSIS/DSP/Source/SupportFunctions/arm_q7_to_q15.c ****   uint32_t blkCnt;                               /* loop counter */
  34              		.loc 1 67 3 view .LVU2
  68:Drivers/CMSIS/DSP/Source/SupportFunctions/arm_q7_to_q15.c **** 
  69:Drivers/CMSIS/DSP/Source/SupportFunctions/arm_q7_to_q15.c **** #if defined (ARM_MATH_DSP)
  70:Drivers/CMSIS/DSP/Source/SupportFunctions/arm_q7_to_q15.c ****   q31_t in;
  71:Drivers/CMSIS/DSP/Source/SupportFunctions/arm_q7_to_q15.c ****   q31_t in1, in2;
  72:Drivers/CMSIS/DSP/Source/SupportFunctions/arm_q7_to_q15.c ****   q31_t out1, out2;
  73:Drivers/CMSIS/DSP/Source/SupportFunctions/arm_q7_to_q15.c **** 
  74:Drivers/CMSIS/DSP/Source/SupportFunctions/arm_q7_to_q15.c ****   /* Run the below code for Cortex-M4 and Cortex-M3 */
  75:Drivers/CMSIS/DSP/Source/SupportFunctions/arm_q7_to_q15.c **** 
  76:Drivers/CMSIS/DSP/Source/SupportFunctions/arm_q7_to_q15.c ****   /*loop Unrolling */
  77:Drivers/CMSIS/DSP/Source/SupportFunctions/arm_q7_to_q15.c ****   blkCnt = blockSize >> 2U;
  78:Drivers/CMSIS/DSP/Source/SupportFunctions/arm_q7_to_q15.c **** 
  79:Drivers/CMSIS/DSP/Source/SupportFunctions/arm_q7_to_q15.c ****   /* First part of the processing with loop unrolling.  Compute 4 outputs at a time.
  80:Drivers/CMSIS/DSP/Source/SupportFunctions/arm_q7_to_q15.c ****    ** a second loop below computes the remaining 1 to 3 samples. */
  81:Drivers/CMSIS/DSP/Source/SupportFunctions/arm_q7_to_q15.c ****   while (blkCnt > 0U)
ARM GAS  C:\Users\Lamp\AppData\Local\Temp\ccC1H9oD.s 			page 3


  82:Drivers/CMSIS/DSP/Source/SupportFunctions/arm_q7_to_q15.c ****   {
  83:Drivers/CMSIS/DSP/Source/SupportFunctions/arm_q7_to_q15.c ****     /* C = (q15_t) A << 8 */
  84:Drivers/CMSIS/DSP/Source/SupportFunctions/arm_q7_to_q15.c ****     /* convert from q7 to q15 and then store the results in the destination buffer */
  85:Drivers/CMSIS/DSP/Source/SupportFunctions/arm_q7_to_q15.c ****     in = *__SIMD32(pIn)++;
  86:Drivers/CMSIS/DSP/Source/SupportFunctions/arm_q7_to_q15.c **** 
  87:Drivers/CMSIS/DSP/Source/SupportFunctions/arm_q7_to_q15.c ****     /* rotatate in by 8 and extend two q7_t values to q15_t values */
  88:Drivers/CMSIS/DSP/Source/SupportFunctions/arm_q7_to_q15.c ****     in1 = __SXTB16(__ROR(in, 8));
  89:Drivers/CMSIS/DSP/Source/SupportFunctions/arm_q7_to_q15.c **** 
  90:Drivers/CMSIS/DSP/Source/SupportFunctions/arm_q7_to_q15.c ****     /* extend remainig two q7_t values to q15_t values */
  91:Drivers/CMSIS/DSP/Source/SupportFunctions/arm_q7_to_q15.c ****     in2 = __SXTB16(in);
  92:Drivers/CMSIS/DSP/Source/SupportFunctions/arm_q7_to_q15.c **** 
  93:Drivers/CMSIS/DSP/Source/SupportFunctions/arm_q7_to_q15.c ****     in1 = in1 << 8U;
  94:Drivers/CMSIS/DSP/Source/SupportFunctions/arm_q7_to_q15.c ****     in2 = in2 << 8U;
  95:Drivers/CMSIS/DSP/Source/SupportFunctions/arm_q7_to_q15.c **** 
  96:Drivers/CMSIS/DSP/Source/SupportFunctions/arm_q7_to_q15.c ****     in1 = in1 & 0xFF00FF00;
  97:Drivers/CMSIS/DSP/Source/SupportFunctions/arm_q7_to_q15.c ****     in2 = in2 & 0xFF00FF00;
  98:Drivers/CMSIS/DSP/Source/SupportFunctions/arm_q7_to_q15.c **** 
  99:Drivers/CMSIS/DSP/Source/SupportFunctions/arm_q7_to_q15.c **** #ifndef ARM_MATH_BIG_ENDIAN
 100:Drivers/CMSIS/DSP/Source/SupportFunctions/arm_q7_to_q15.c **** 
 101:Drivers/CMSIS/DSP/Source/SupportFunctions/arm_q7_to_q15.c ****     out2 = __PKHTB(in1, in2, 16);
 102:Drivers/CMSIS/DSP/Source/SupportFunctions/arm_q7_to_q15.c ****     out1 = __PKHBT(in2, in1, 16);
 103:Drivers/CMSIS/DSP/Source/SupportFunctions/arm_q7_to_q15.c **** 
 104:Drivers/CMSIS/DSP/Source/SupportFunctions/arm_q7_to_q15.c **** #else
 105:Drivers/CMSIS/DSP/Source/SupportFunctions/arm_q7_to_q15.c **** 
 106:Drivers/CMSIS/DSP/Source/SupportFunctions/arm_q7_to_q15.c ****     out1 = __PKHTB(in1, in2, 16);
 107:Drivers/CMSIS/DSP/Source/SupportFunctions/arm_q7_to_q15.c ****     out2 = __PKHBT(in2, in1, 16);
 108:Drivers/CMSIS/DSP/Source/SupportFunctions/arm_q7_to_q15.c **** 
 109:Drivers/CMSIS/DSP/Source/SupportFunctions/arm_q7_to_q15.c **** #endif
 110:Drivers/CMSIS/DSP/Source/SupportFunctions/arm_q7_to_q15.c **** 
 111:Drivers/CMSIS/DSP/Source/SupportFunctions/arm_q7_to_q15.c ****     *__SIMD32(pDst)++ = out1;
 112:Drivers/CMSIS/DSP/Source/SupportFunctions/arm_q7_to_q15.c ****     *__SIMD32(pDst)++ = out2;
 113:Drivers/CMSIS/DSP/Source/SupportFunctions/arm_q7_to_q15.c **** 
 114:Drivers/CMSIS/DSP/Source/SupportFunctions/arm_q7_to_q15.c ****     /* Decrement the loop counter */
 115:Drivers/CMSIS/DSP/Source/SupportFunctions/arm_q7_to_q15.c ****     blkCnt--;
 116:Drivers/CMSIS/DSP/Source/SupportFunctions/arm_q7_to_q15.c ****   }
 117:Drivers/CMSIS/DSP/Source/SupportFunctions/arm_q7_to_q15.c **** 
 118:Drivers/CMSIS/DSP/Source/SupportFunctions/arm_q7_to_q15.c ****   /* If the blockSize is not a multiple of 4, compute any remaining output samples here.
 119:Drivers/CMSIS/DSP/Source/SupportFunctions/arm_q7_to_q15.c ****    ** No loop unrolling is used. */
 120:Drivers/CMSIS/DSP/Source/SupportFunctions/arm_q7_to_q15.c ****   blkCnt = blockSize % 0x4U;
 121:Drivers/CMSIS/DSP/Source/SupportFunctions/arm_q7_to_q15.c **** 
 122:Drivers/CMSIS/DSP/Source/SupportFunctions/arm_q7_to_q15.c **** #else
 123:Drivers/CMSIS/DSP/Source/SupportFunctions/arm_q7_to_q15.c **** 
 124:Drivers/CMSIS/DSP/Source/SupportFunctions/arm_q7_to_q15.c ****   /* Run the below code for Cortex-M0 */
 125:Drivers/CMSIS/DSP/Source/SupportFunctions/arm_q7_to_q15.c **** 
 126:Drivers/CMSIS/DSP/Source/SupportFunctions/arm_q7_to_q15.c ****   /* Loop over blockSize number of values */
 127:Drivers/CMSIS/DSP/Source/SupportFunctions/arm_q7_to_q15.c ****   blkCnt = blockSize;
  35              		.loc 1 127 3 view .LVU3
 128:Drivers/CMSIS/DSP/Source/SupportFunctions/arm_q7_to_q15.c **** 
 129:Drivers/CMSIS/DSP/Source/SupportFunctions/arm_q7_to_q15.c **** #endif /* #if defined (ARM_MATH_DSP) */
 130:Drivers/CMSIS/DSP/Source/SupportFunctions/arm_q7_to_q15.c **** 
 131:Drivers/CMSIS/DSP/Source/SupportFunctions/arm_q7_to_q15.c ****   while (blkCnt > 0U)
  36              		.loc 1 131 3 view .LVU4
  37              		.loc 1 131 9 is_stmt 0 view .LVU5
  38 0000 05E0     		b	.L2
  39              	.LVL1:
  40              	.L3:
 132:Drivers/CMSIS/DSP/Source/SupportFunctions/arm_q7_to_q15.c ****   {
ARM GAS  C:\Users\Lamp\AppData\Local\Temp\ccC1H9oD.s 			page 4


 133:Drivers/CMSIS/DSP/Source/SupportFunctions/arm_q7_to_q15.c ****     /* C = (q15_t) A << 8 */
 134:Drivers/CMSIS/DSP/Source/SupportFunctions/arm_q7_to_q15.c ****     /* convert from q7 to q15 and then store the results in the destination buffer */
 135:Drivers/CMSIS/DSP/Source/SupportFunctions/arm_q7_to_q15.c ****     *pDst++ = (q15_t) * pIn++ << 8;
  41              		.loc 1 135 5 is_stmt 1 view .LVU6
  42              		.loc 1 135 23 is_stmt 0 view .LVU7
  43 0002 10F9013B 		ldrsb	r3, [r0], #1
  44              	.LVL2:
  45              		.loc 1 135 13 view .LVU8
  46 0006 1B02     		lsls	r3, r3, #8
  47 0008 21F8023B 		strh	r3, [r1], #2	@ movhi
  48              	.LVL3:
 136:Drivers/CMSIS/DSP/Source/SupportFunctions/arm_q7_to_q15.c **** 
 137:Drivers/CMSIS/DSP/Source/SupportFunctions/arm_q7_to_q15.c ****     /* Decrement the loop counter */
 138:Drivers/CMSIS/DSP/Source/SupportFunctions/arm_q7_to_q15.c ****     blkCnt--;
  49              		.loc 1 138 5 is_stmt 1 view .LVU9
  50              		.loc 1 138 11 is_stmt 0 view .LVU10
  51 000c 013A     		subs	r2, r2, #1
  52              	.LVL4:
  53              	.L2:
 131:Drivers/CMSIS/DSP/Source/SupportFunctions/arm_q7_to_q15.c ****   {
  54              		.loc 1 131 17 is_stmt 1 view .LVU11
  55 000e 002A     		cmp	r2, #0
  56 0010 F7D1     		bne	.L3
 139:Drivers/CMSIS/DSP/Source/SupportFunctions/arm_q7_to_q15.c ****   }
 140:Drivers/CMSIS/DSP/Source/SupportFunctions/arm_q7_to_q15.c **** 
 141:Drivers/CMSIS/DSP/Source/SupportFunctions/arm_q7_to_q15.c **** }
  57              		.loc 1 141 1 is_stmt 0 view .LVU12
  58 0012 7047     		bx	lr
  59              		.cfi_endproc
  60              	.LFE100:
  62              		.text
  63              	.Letext0:
  64              		.file 2 "C:/ARM GNU Toolchain/arm-none-eabi/include/machine/_default_types.h"
  65              		.file 3 "C:/ARM GNU Toolchain/arm-none-eabi/include/sys/_stdint.h"
  66              		.file 4 "Drivers/CMSIS/DSP/Include/arm_math.h"
ARM GAS  C:\Users\Lamp\AppData\Local\Temp\ccC1H9oD.s 			page 5


DEFINED SYMBOLS
                            *ABS*:00000000 arm_q7_to_q15.c
C:\Users\Lamp\AppData\Local\Temp\ccC1H9oD.s:19     .text.arm_q7_to_q15:00000000 $t
C:\Users\Lamp\AppData\Local\Temp\ccC1H9oD.s:25     .text.arm_q7_to_q15:00000000 arm_q7_to_q15

NO UNDEFINED SYMBOLS
