ARM GAS  C:\Users\Lamp\AppData\Local\Temp\ccrmQCE4.s 			page 1


   1              		.cpu cortex-m3
   2              		.arch armv7-m
   3              		.fpu softvfp
   4              		.eabi_attribute 20, 1
   5              		.eabi_attribute 21, 1
   6              		.eabi_attribute 23, 3
   7              		.eabi_attribute 24, 1
   8              		.eabi_attribute 25, 1
   9              		.eabi_attribute 26, 1
  10              		.eabi_attribute 30, 1
  11              		.eabi_attribute 34, 1
  12              		.eabi_attribute 18, 4
  13              		.file	"arm_cmplx_mult_cmplx_q31.c"
  14              		.text
  15              	.Ltext0:
  16              		.cfi_sections	.debug_frame
  17              		.file 1 "Drivers/CMSIS/DSP/Source/ComplexMathFunctions/arm_cmplx_mult_cmplx_q31.c"
  18              		.section	.text.arm_cmplx_mult_cmplx_q31,"ax",%progbits
  19              		.align	1
  20              		.global	arm_cmplx_mult_cmplx_q31
  21              		.syntax unified
  22              		.thumb
  23              		.thumb_func
  25              	arm_cmplx_mult_cmplx_q31:
  26              	.LVL0:
  27              	.LFB100:
   1:Drivers/CMSIS/DSP/Source/ComplexMathFunctions/arm_cmplx_mult_cmplx_q31.c **** /* ----------------------------------------------------------------------
   2:Drivers/CMSIS/DSP/Source/ComplexMathFunctions/arm_cmplx_mult_cmplx_q31.c ****  * Project:      CMSIS DSP Library
   3:Drivers/CMSIS/DSP/Source/ComplexMathFunctions/arm_cmplx_mult_cmplx_q31.c ****  * Title:        arm_cmplx_mult_cmplx_q31.c
   4:Drivers/CMSIS/DSP/Source/ComplexMathFunctions/arm_cmplx_mult_cmplx_q31.c ****  * Description:  Q31 complex-by-complex multiplication
   5:Drivers/CMSIS/DSP/Source/ComplexMathFunctions/arm_cmplx_mult_cmplx_q31.c ****  *
   6:Drivers/CMSIS/DSP/Source/ComplexMathFunctions/arm_cmplx_mult_cmplx_q31.c ****  * $Date:        27. January 2017
   7:Drivers/CMSIS/DSP/Source/ComplexMathFunctions/arm_cmplx_mult_cmplx_q31.c ****  * $Revision:    V.1.5.1
   8:Drivers/CMSIS/DSP/Source/ComplexMathFunctions/arm_cmplx_mult_cmplx_q31.c ****  *
   9:Drivers/CMSIS/DSP/Source/ComplexMathFunctions/arm_cmplx_mult_cmplx_q31.c ****  * Target Processor: Cortex-M cores
  10:Drivers/CMSIS/DSP/Source/ComplexMathFunctions/arm_cmplx_mult_cmplx_q31.c ****  * -------------------------------------------------------------------- */
  11:Drivers/CMSIS/DSP/Source/ComplexMathFunctions/arm_cmplx_mult_cmplx_q31.c **** /*
  12:Drivers/CMSIS/DSP/Source/ComplexMathFunctions/arm_cmplx_mult_cmplx_q31.c ****  * Copyright (C) 2010-2017 ARM Limited or its affiliates. All rights reserved.
  13:Drivers/CMSIS/DSP/Source/ComplexMathFunctions/arm_cmplx_mult_cmplx_q31.c ****  *
  14:Drivers/CMSIS/DSP/Source/ComplexMathFunctions/arm_cmplx_mult_cmplx_q31.c ****  * SPDX-License-Identifier: Apache-2.0
  15:Drivers/CMSIS/DSP/Source/ComplexMathFunctions/arm_cmplx_mult_cmplx_q31.c ****  *
  16:Drivers/CMSIS/DSP/Source/ComplexMathFunctions/arm_cmplx_mult_cmplx_q31.c ****  * Licensed under the Apache License, Version 2.0 (the License); you may
  17:Drivers/CMSIS/DSP/Source/ComplexMathFunctions/arm_cmplx_mult_cmplx_q31.c ****  * not use this file except in compliance with the License.
  18:Drivers/CMSIS/DSP/Source/ComplexMathFunctions/arm_cmplx_mult_cmplx_q31.c ****  * You may obtain a copy of the License at
  19:Drivers/CMSIS/DSP/Source/ComplexMathFunctions/arm_cmplx_mult_cmplx_q31.c ****  *
  20:Drivers/CMSIS/DSP/Source/ComplexMathFunctions/arm_cmplx_mult_cmplx_q31.c ****  * www.apache.org/licenses/LICENSE-2.0
  21:Drivers/CMSIS/DSP/Source/ComplexMathFunctions/arm_cmplx_mult_cmplx_q31.c ****  *
  22:Drivers/CMSIS/DSP/Source/ComplexMathFunctions/arm_cmplx_mult_cmplx_q31.c ****  * Unless required by applicable law or agreed to in writing, software
  23:Drivers/CMSIS/DSP/Source/ComplexMathFunctions/arm_cmplx_mult_cmplx_q31.c ****  * distributed under the License is distributed on an AS IS BASIS, WITHOUT
  24:Drivers/CMSIS/DSP/Source/ComplexMathFunctions/arm_cmplx_mult_cmplx_q31.c ****  * WARRANTIES OR CONDITIONS OF ANY KIND, either express or implied.
  25:Drivers/CMSIS/DSP/Source/ComplexMathFunctions/arm_cmplx_mult_cmplx_q31.c ****  * See the License for the specific language governing permissions and
  26:Drivers/CMSIS/DSP/Source/ComplexMathFunctions/arm_cmplx_mult_cmplx_q31.c ****  * limitations under the License.
  27:Drivers/CMSIS/DSP/Source/ComplexMathFunctions/arm_cmplx_mult_cmplx_q31.c ****  */
  28:Drivers/CMSIS/DSP/Source/ComplexMathFunctions/arm_cmplx_mult_cmplx_q31.c **** 
  29:Drivers/CMSIS/DSP/Source/ComplexMathFunctions/arm_cmplx_mult_cmplx_q31.c **** #include "arm_math.h"
  30:Drivers/CMSIS/DSP/Source/ComplexMathFunctions/arm_cmplx_mult_cmplx_q31.c **** 
  31:Drivers/CMSIS/DSP/Source/ComplexMathFunctions/arm_cmplx_mult_cmplx_q31.c **** /**
ARM GAS  C:\Users\Lamp\AppData\Local\Temp\ccrmQCE4.s 			page 2


  32:Drivers/CMSIS/DSP/Source/ComplexMathFunctions/arm_cmplx_mult_cmplx_q31.c ****  * @ingroup groupCmplxMath
  33:Drivers/CMSIS/DSP/Source/ComplexMathFunctions/arm_cmplx_mult_cmplx_q31.c ****  */
  34:Drivers/CMSIS/DSP/Source/ComplexMathFunctions/arm_cmplx_mult_cmplx_q31.c **** 
  35:Drivers/CMSIS/DSP/Source/ComplexMathFunctions/arm_cmplx_mult_cmplx_q31.c **** /**
  36:Drivers/CMSIS/DSP/Source/ComplexMathFunctions/arm_cmplx_mult_cmplx_q31.c ****  * @addtogroup CmplxByCmplxMult
  37:Drivers/CMSIS/DSP/Source/ComplexMathFunctions/arm_cmplx_mult_cmplx_q31.c ****  * @{
  38:Drivers/CMSIS/DSP/Source/ComplexMathFunctions/arm_cmplx_mult_cmplx_q31.c ****  */
  39:Drivers/CMSIS/DSP/Source/ComplexMathFunctions/arm_cmplx_mult_cmplx_q31.c **** 
  40:Drivers/CMSIS/DSP/Source/ComplexMathFunctions/arm_cmplx_mult_cmplx_q31.c **** 
  41:Drivers/CMSIS/DSP/Source/ComplexMathFunctions/arm_cmplx_mult_cmplx_q31.c **** /**
  42:Drivers/CMSIS/DSP/Source/ComplexMathFunctions/arm_cmplx_mult_cmplx_q31.c ****  * @brief  Q31 complex-by-complex multiplication
  43:Drivers/CMSIS/DSP/Source/ComplexMathFunctions/arm_cmplx_mult_cmplx_q31.c ****  * @param[in]  *pSrcA points to the first input vector
  44:Drivers/CMSIS/DSP/Source/ComplexMathFunctions/arm_cmplx_mult_cmplx_q31.c ****  * @param[in]  *pSrcB points to the second input vector
  45:Drivers/CMSIS/DSP/Source/ComplexMathFunctions/arm_cmplx_mult_cmplx_q31.c ****  * @param[out]  *pDst  points to the output vector
  46:Drivers/CMSIS/DSP/Source/ComplexMathFunctions/arm_cmplx_mult_cmplx_q31.c ****  * @param[in]  numSamples number of complex samples in each vector
  47:Drivers/CMSIS/DSP/Source/ComplexMathFunctions/arm_cmplx_mult_cmplx_q31.c ****  * @return none.
  48:Drivers/CMSIS/DSP/Source/ComplexMathFunctions/arm_cmplx_mult_cmplx_q31.c ****  *
  49:Drivers/CMSIS/DSP/Source/ComplexMathFunctions/arm_cmplx_mult_cmplx_q31.c ****  * <b>Scaling and Overflow Behavior:</b>
  50:Drivers/CMSIS/DSP/Source/ComplexMathFunctions/arm_cmplx_mult_cmplx_q31.c ****  * \par
  51:Drivers/CMSIS/DSP/Source/ComplexMathFunctions/arm_cmplx_mult_cmplx_q31.c ****  * The function implements 1.31 by 1.31 multiplications and finally output is converted into 3.29 f
  52:Drivers/CMSIS/DSP/Source/ComplexMathFunctions/arm_cmplx_mult_cmplx_q31.c ****  * Input down scaling is not required.
  53:Drivers/CMSIS/DSP/Source/ComplexMathFunctions/arm_cmplx_mult_cmplx_q31.c ****  */
  54:Drivers/CMSIS/DSP/Source/ComplexMathFunctions/arm_cmplx_mult_cmplx_q31.c **** 
  55:Drivers/CMSIS/DSP/Source/ComplexMathFunctions/arm_cmplx_mult_cmplx_q31.c **** void arm_cmplx_mult_cmplx_q31(
  56:Drivers/CMSIS/DSP/Source/ComplexMathFunctions/arm_cmplx_mult_cmplx_q31.c ****   q31_t * pSrcA,
  57:Drivers/CMSIS/DSP/Source/ComplexMathFunctions/arm_cmplx_mult_cmplx_q31.c ****   q31_t * pSrcB,
  58:Drivers/CMSIS/DSP/Source/ComplexMathFunctions/arm_cmplx_mult_cmplx_q31.c ****   q31_t * pDst,
  59:Drivers/CMSIS/DSP/Source/ComplexMathFunctions/arm_cmplx_mult_cmplx_q31.c ****   uint32_t numSamples)
  60:Drivers/CMSIS/DSP/Source/ComplexMathFunctions/arm_cmplx_mult_cmplx_q31.c **** {
  28              		.loc 1 60 1 view -0
  29              		.cfi_startproc
  30              		@ args = 0, pretend = 0, frame = 16
  31              		@ frame_needed = 0, uses_anonymous_args = 0
  32              		.loc 1 60 1 is_stmt 0 view .LVU1
  33 0000 2DE9F04F 		push	{r4, r5, r6, r7, r8, r9, r10, fp, lr}
  34              	.LCFI0:
  35              		.cfi_def_cfa_offset 36
  36              		.cfi_offset 4, -36
  37              		.cfi_offset 5, -32
  38              		.cfi_offset 6, -28
  39              		.cfi_offset 7, -24
  40              		.cfi_offset 8, -20
  41              		.cfi_offset 9, -16
  42              		.cfi_offset 10, -12
  43              		.cfi_offset 11, -8
  44              		.cfi_offset 14, -4
  45 0004 85B0     		sub	sp, sp, #20
  46              	.LCFI1:
  47              		.cfi_def_cfa_offset 56
  48 0006 9346     		mov	fp, r2
  49 0008 9846     		mov	r8, r3
  61:Drivers/CMSIS/DSP/Source/ComplexMathFunctions/arm_cmplx_mult_cmplx_q31.c ****   q31_t a, b, c, d;                              /* Temporary variables to store real and imaginary
  50              		.loc 1 61 3 is_stmt 1 view .LVU2
  62:Drivers/CMSIS/DSP/Source/ComplexMathFunctions/arm_cmplx_mult_cmplx_q31.c ****   uint32_t blkCnt;                               /* loop counters */
  51              		.loc 1 62 3 view .LVU3
  63:Drivers/CMSIS/DSP/Source/ComplexMathFunctions/arm_cmplx_mult_cmplx_q31.c ****   q31_t mul1, mul2, mul3, mul4;
  52              		.loc 1 63 3 view .LVU4
ARM GAS  C:\Users\Lamp\AppData\Local\Temp\ccrmQCE4.s 			page 3


  64:Drivers/CMSIS/DSP/Source/ComplexMathFunctions/arm_cmplx_mult_cmplx_q31.c ****   q31_t out1, out2;
  53              		.loc 1 64 3 view .LVU5
  65:Drivers/CMSIS/DSP/Source/ComplexMathFunctions/arm_cmplx_mult_cmplx_q31.c **** 
  66:Drivers/CMSIS/DSP/Source/ComplexMathFunctions/arm_cmplx_mult_cmplx_q31.c **** #if defined (ARM_MATH_DSP)
  67:Drivers/CMSIS/DSP/Source/ComplexMathFunctions/arm_cmplx_mult_cmplx_q31.c **** 
  68:Drivers/CMSIS/DSP/Source/ComplexMathFunctions/arm_cmplx_mult_cmplx_q31.c ****   /* Run the below code for Cortex-M4 and Cortex-M3 */
  69:Drivers/CMSIS/DSP/Source/ComplexMathFunctions/arm_cmplx_mult_cmplx_q31.c **** 
  70:Drivers/CMSIS/DSP/Source/ComplexMathFunctions/arm_cmplx_mult_cmplx_q31.c ****   /* loop Unrolling */
  71:Drivers/CMSIS/DSP/Source/ComplexMathFunctions/arm_cmplx_mult_cmplx_q31.c ****   blkCnt = numSamples >> 2U;
  72:Drivers/CMSIS/DSP/Source/ComplexMathFunctions/arm_cmplx_mult_cmplx_q31.c **** 
  73:Drivers/CMSIS/DSP/Source/ComplexMathFunctions/arm_cmplx_mult_cmplx_q31.c ****   /* First part of the processing with loop unrolling.  Compute 4 outputs at a time.
  74:Drivers/CMSIS/DSP/Source/ComplexMathFunctions/arm_cmplx_mult_cmplx_q31.c ****    ** a second loop below computes the remaining 1 to 3 samples. */
  75:Drivers/CMSIS/DSP/Source/ComplexMathFunctions/arm_cmplx_mult_cmplx_q31.c ****   while (blkCnt > 0U)
  76:Drivers/CMSIS/DSP/Source/ComplexMathFunctions/arm_cmplx_mult_cmplx_q31.c ****   {
  77:Drivers/CMSIS/DSP/Source/ComplexMathFunctions/arm_cmplx_mult_cmplx_q31.c ****     /* C[2 * i] = A[2 * i] * B[2 * i] - A[2 * i + 1] * B[2 * i + 1].  */
  78:Drivers/CMSIS/DSP/Source/ComplexMathFunctions/arm_cmplx_mult_cmplx_q31.c ****     /* C[2 * i + 1] = A[2 * i] * B[2 * i + 1] + A[2 * i + 1] * B[2 * i].  */
  79:Drivers/CMSIS/DSP/Source/ComplexMathFunctions/arm_cmplx_mult_cmplx_q31.c ****     a = *pSrcA++;
  80:Drivers/CMSIS/DSP/Source/ComplexMathFunctions/arm_cmplx_mult_cmplx_q31.c ****     b = *pSrcA++;
  81:Drivers/CMSIS/DSP/Source/ComplexMathFunctions/arm_cmplx_mult_cmplx_q31.c ****     c = *pSrcB++;
  82:Drivers/CMSIS/DSP/Source/ComplexMathFunctions/arm_cmplx_mult_cmplx_q31.c ****     d = *pSrcB++;
  83:Drivers/CMSIS/DSP/Source/ComplexMathFunctions/arm_cmplx_mult_cmplx_q31.c **** 
  84:Drivers/CMSIS/DSP/Source/ComplexMathFunctions/arm_cmplx_mult_cmplx_q31.c ****     mul1 = (q31_t) (((q63_t) a * c) >> 32);
  85:Drivers/CMSIS/DSP/Source/ComplexMathFunctions/arm_cmplx_mult_cmplx_q31.c ****     mul2 = (q31_t) (((q63_t) b * d) >> 32);
  86:Drivers/CMSIS/DSP/Source/ComplexMathFunctions/arm_cmplx_mult_cmplx_q31.c ****     mul3 = (q31_t) (((q63_t) a * d) >> 32);
  87:Drivers/CMSIS/DSP/Source/ComplexMathFunctions/arm_cmplx_mult_cmplx_q31.c ****     mul4 = (q31_t) (((q63_t) b * c) >> 32);
  88:Drivers/CMSIS/DSP/Source/ComplexMathFunctions/arm_cmplx_mult_cmplx_q31.c **** 
  89:Drivers/CMSIS/DSP/Source/ComplexMathFunctions/arm_cmplx_mult_cmplx_q31.c ****     mul1 = (mul1 >> 1);
  90:Drivers/CMSIS/DSP/Source/ComplexMathFunctions/arm_cmplx_mult_cmplx_q31.c ****     mul2 = (mul2 >> 1);
  91:Drivers/CMSIS/DSP/Source/ComplexMathFunctions/arm_cmplx_mult_cmplx_q31.c ****     mul3 = (mul3 >> 1);
  92:Drivers/CMSIS/DSP/Source/ComplexMathFunctions/arm_cmplx_mult_cmplx_q31.c ****     mul4 = (mul4 >> 1);
  93:Drivers/CMSIS/DSP/Source/ComplexMathFunctions/arm_cmplx_mult_cmplx_q31.c **** 
  94:Drivers/CMSIS/DSP/Source/ComplexMathFunctions/arm_cmplx_mult_cmplx_q31.c ****     out1 = mul1 - mul2;
  95:Drivers/CMSIS/DSP/Source/ComplexMathFunctions/arm_cmplx_mult_cmplx_q31.c ****     out2 = mul3 + mul4;
  96:Drivers/CMSIS/DSP/Source/ComplexMathFunctions/arm_cmplx_mult_cmplx_q31.c **** 
  97:Drivers/CMSIS/DSP/Source/ComplexMathFunctions/arm_cmplx_mult_cmplx_q31.c ****     /* store the real result in 3.29 format in the destination buffer. */
  98:Drivers/CMSIS/DSP/Source/ComplexMathFunctions/arm_cmplx_mult_cmplx_q31.c ****     *pDst++ = out1;
  99:Drivers/CMSIS/DSP/Source/ComplexMathFunctions/arm_cmplx_mult_cmplx_q31.c ****     /* store the imag result in 3.29 format in the destination buffer. */
 100:Drivers/CMSIS/DSP/Source/ComplexMathFunctions/arm_cmplx_mult_cmplx_q31.c ****     *pDst++ = out2;
 101:Drivers/CMSIS/DSP/Source/ComplexMathFunctions/arm_cmplx_mult_cmplx_q31.c **** 
 102:Drivers/CMSIS/DSP/Source/ComplexMathFunctions/arm_cmplx_mult_cmplx_q31.c ****     a = *pSrcA++;
 103:Drivers/CMSIS/DSP/Source/ComplexMathFunctions/arm_cmplx_mult_cmplx_q31.c ****     b = *pSrcA++;
 104:Drivers/CMSIS/DSP/Source/ComplexMathFunctions/arm_cmplx_mult_cmplx_q31.c ****     c = *pSrcB++;
 105:Drivers/CMSIS/DSP/Source/ComplexMathFunctions/arm_cmplx_mult_cmplx_q31.c ****     d = *pSrcB++;
 106:Drivers/CMSIS/DSP/Source/ComplexMathFunctions/arm_cmplx_mult_cmplx_q31.c **** 
 107:Drivers/CMSIS/DSP/Source/ComplexMathFunctions/arm_cmplx_mult_cmplx_q31.c ****     mul1 = (q31_t) (((q63_t) a * c) >> 32);
 108:Drivers/CMSIS/DSP/Source/ComplexMathFunctions/arm_cmplx_mult_cmplx_q31.c ****     mul2 = (q31_t) (((q63_t) b * d) >> 32);
 109:Drivers/CMSIS/DSP/Source/ComplexMathFunctions/arm_cmplx_mult_cmplx_q31.c ****     mul3 = (q31_t) (((q63_t) a * d) >> 32);
 110:Drivers/CMSIS/DSP/Source/ComplexMathFunctions/arm_cmplx_mult_cmplx_q31.c ****     mul4 = (q31_t) (((q63_t) b * c) >> 32);
 111:Drivers/CMSIS/DSP/Source/ComplexMathFunctions/arm_cmplx_mult_cmplx_q31.c **** 
 112:Drivers/CMSIS/DSP/Source/ComplexMathFunctions/arm_cmplx_mult_cmplx_q31.c ****     mul1 = (mul1 >> 1);
 113:Drivers/CMSIS/DSP/Source/ComplexMathFunctions/arm_cmplx_mult_cmplx_q31.c ****     mul2 = (mul2 >> 1);
 114:Drivers/CMSIS/DSP/Source/ComplexMathFunctions/arm_cmplx_mult_cmplx_q31.c ****     mul3 = (mul3 >> 1);
 115:Drivers/CMSIS/DSP/Source/ComplexMathFunctions/arm_cmplx_mult_cmplx_q31.c ****     mul4 = (mul4 >> 1);
 116:Drivers/CMSIS/DSP/Source/ComplexMathFunctions/arm_cmplx_mult_cmplx_q31.c **** 
 117:Drivers/CMSIS/DSP/Source/ComplexMathFunctions/arm_cmplx_mult_cmplx_q31.c ****     out1 = mul1 - mul2;
 118:Drivers/CMSIS/DSP/Source/ComplexMathFunctions/arm_cmplx_mult_cmplx_q31.c ****     out2 = mul3 + mul4;
 119:Drivers/CMSIS/DSP/Source/ComplexMathFunctions/arm_cmplx_mult_cmplx_q31.c **** 
ARM GAS  C:\Users\Lamp\AppData\Local\Temp\ccrmQCE4.s 			page 4


 120:Drivers/CMSIS/DSP/Source/ComplexMathFunctions/arm_cmplx_mult_cmplx_q31.c ****     /* store the real result in 3.29 format in the destination buffer. */
 121:Drivers/CMSIS/DSP/Source/ComplexMathFunctions/arm_cmplx_mult_cmplx_q31.c ****     *pDst++ = out1;
 122:Drivers/CMSIS/DSP/Source/ComplexMathFunctions/arm_cmplx_mult_cmplx_q31.c ****     /* store the imag result in 3.29 format in the destination buffer. */
 123:Drivers/CMSIS/DSP/Source/ComplexMathFunctions/arm_cmplx_mult_cmplx_q31.c ****     *pDst++ = out2;
 124:Drivers/CMSIS/DSP/Source/ComplexMathFunctions/arm_cmplx_mult_cmplx_q31.c **** 
 125:Drivers/CMSIS/DSP/Source/ComplexMathFunctions/arm_cmplx_mult_cmplx_q31.c ****     a = *pSrcA++;
 126:Drivers/CMSIS/DSP/Source/ComplexMathFunctions/arm_cmplx_mult_cmplx_q31.c ****     b = *pSrcA++;
 127:Drivers/CMSIS/DSP/Source/ComplexMathFunctions/arm_cmplx_mult_cmplx_q31.c ****     c = *pSrcB++;
 128:Drivers/CMSIS/DSP/Source/ComplexMathFunctions/arm_cmplx_mult_cmplx_q31.c ****     d = *pSrcB++;
 129:Drivers/CMSIS/DSP/Source/ComplexMathFunctions/arm_cmplx_mult_cmplx_q31.c **** 
 130:Drivers/CMSIS/DSP/Source/ComplexMathFunctions/arm_cmplx_mult_cmplx_q31.c ****     mul1 = (q31_t) (((q63_t) a * c) >> 32);
 131:Drivers/CMSIS/DSP/Source/ComplexMathFunctions/arm_cmplx_mult_cmplx_q31.c ****     mul2 = (q31_t) (((q63_t) b * d) >> 32);
 132:Drivers/CMSIS/DSP/Source/ComplexMathFunctions/arm_cmplx_mult_cmplx_q31.c ****     mul3 = (q31_t) (((q63_t) a * d) >> 32);
 133:Drivers/CMSIS/DSP/Source/ComplexMathFunctions/arm_cmplx_mult_cmplx_q31.c ****     mul4 = (q31_t) (((q63_t) b * c) >> 32);
 134:Drivers/CMSIS/DSP/Source/ComplexMathFunctions/arm_cmplx_mult_cmplx_q31.c **** 
 135:Drivers/CMSIS/DSP/Source/ComplexMathFunctions/arm_cmplx_mult_cmplx_q31.c ****     mul1 = (mul1 >> 1);
 136:Drivers/CMSIS/DSP/Source/ComplexMathFunctions/arm_cmplx_mult_cmplx_q31.c ****     mul2 = (mul2 >> 1);
 137:Drivers/CMSIS/DSP/Source/ComplexMathFunctions/arm_cmplx_mult_cmplx_q31.c ****     mul3 = (mul3 >> 1);
 138:Drivers/CMSIS/DSP/Source/ComplexMathFunctions/arm_cmplx_mult_cmplx_q31.c ****     mul4 = (mul4 >> 1);
 139:Drivers/CMSIS/DSP/Source/ComplexMathFunctions/arm_cmplx_mult_cmplx_q31.c **** 
 140:Drivers/CMSIS/DSP/Source/ComplexMathFunctions/arm_cmplx_mult_cmplx_q31.c ****     out1 = mul1 - mul2;
 141:Drivers/CMSIS/DSP/Source/ComplexMathFunctions/arm_cmplx_mult_cmplx_q31.c ****     out2 = mul3 + mul4;
 142:Drivers/CMSIS/DSP/Source/ComplexMathFunctions/arm_cmplx_mult_cmplx_q31.c **** 
 143:Drivers/CMSIS/DSP/Source/ComplexMathFunctions/arm_cmplx_mult_cmplx_q31.c ****     /* store the real result in 3.29 format in the destination buffer. */
 144:Drivers/CMSIS/DSP/Source/ComplexMathFunctions/arm_cmplx_mult_cmplx_q31.c ****     *pDst++ = out1;
 145:Drivers/CMSIS/DSP/Source/ComplexMathFunctions/arm_cmplx_mult_cmplx_q31.c ****     /* store the imag result in 3.29 format in the destination buffer. */
 146:Drivers/CMSIS/DSP/Source/ComplexMathFunctions/arm_cmplx_mult_cmplx_q31.c ****     *pDst++ = out2;
 147:Drivers/CMSIS/DSP/Source/ComplexMathFunctions/arm_cmplx_mult_cmplx_q31.c **** 
 148:Drivers/CMSIS/DSP/Source/ComplexMathFunctions/arm_cmplx_mult_cmplx_q31.c ****     a = *pSrcA++;
 149:Drivers/CMSIS/DSP/Source/ComplexMathFunctions/arm_cmplx_mult_cmplx_q31.c ****     b = *pSrcA++;
 150:Drivers/CMSIS/DSP/Source/ComplexMathFunctions/arm_cmplx_mult_cmplx_q31.c ****     c = *pSrcB++;
 151:Drivers/CMSIS/DSP/Source/ComplexMathFunctions/arm_cmplx_mult_cmplx_q31.c ****     d = *pSrcB++;
 152:Drivers/CMSIS/DSP/Source/ComplexMathFunctions/arm_cmplx_mult_cmplx_q31.c **** 
 153:Drivers/CMSIS/DSP/Source/ComplexMathFunctions/arm_cmplx_mult_cmplx_q31.c ****     mul1 = (q31_t) (((q63_t) a * c) >> 32);
 154:Drivers/CMSIS/DSP/Source/ComplexMathFunctions/arm_cmplx_mult_cmplx_q31.c ****     mul2 = (q31_t) (((q63_t) b * d) >> 32);
 155:Drivers/CMSIS/DSP/Source/ComplexMathFunctions/arm_cmplx_mult_cmplx_q31.c ****     mul3 = (q31_t) (((q63_t) a * d) >> 32);
 156:Drivers/CMSIS/DSP/Source/ComplexMathFunctions/arm_cmplx_mult_cmplx_q31.c ****     mul4 = (q31_t) (((q63_t) b * c) >> 32);
 157:Drivers/CMSIS/DSP/Source/ComplexMathFunctions/arm_cmplx_mult_cmplx_q31.c **** 
 158:Drivers/CMSIS/DSP/Source/ComplexMathFunctions/arm_cmplx_mult_cmplx_q31.c ****     mul1 = (mul1 >> 1);
 159:Drivers/CMSIS/DSP/Source/ComplexMathFunctions/arm_cmplx_mult_cmplx_q31.c ****     mul2 = (mul2 >> 1);
 160:Drivers/CMSIS/DSP/Source/ComplexMathFunctions/arm_cmplx_mult_cmplx_q31.c ****     mul3 = (mul3 >> 1);
 161:Drivers/CMSIS/DSP/Source/ComplexMathFunctions/arm_cmplx_mult_cmplx_q31.c ****     mul4 = (mul4 >> 1);
 162:Drivers/CMSIS/DSP/Source/ComplexMathFunctions/arm_cmplx_mult_cmplx_q31.c **** 
 163:Drivers/CMSIS/DSP/Source/ComplexMathFunctions/arm_cmplx_mult_cmplx_q31.c ****     out1 = mul1 - mul2;
 164:Drivers/CMSIS/DSP/Source/ComplexMathFunctions/arm_cmplx_mult_cmplx_q31.c ****     out2 = mul3 + mul4;
 165:Drivers/CMSIS/DSP/Source/ComplexMathFunctions/arm_cmplx_mult_cmplx_q31.c **** 
 166:Drivers/CMSIS/DSP/Source/ComplexMathFunctions/arm_cmplx_mult_cmplx_q31.c ****     /* store the real result in 3.29 format in the destination buffer. */
 167:Drivers/CMSIS/DSP/Source/ComplexMathFunctions/arm_cmplx_mult_cmplx_q31.c ****     *pDst++ = out1;
 168:Drivers/CMSIS/DSP/Source/ComplexMathFunctions/arm_cmplx_mult_cmplx_q31.c ****     /* store the imag result in 3.29 format in the destination buffer. */
 169:Drivers/CMSIS/DSP/Source/ComplexMathFunctions/arm_cmplx_mult_cmplx_q31.c ****     *pDst++ = out2;
 170:Drivers/CMSIS/DSP/Source/ComplexMathFunctions/arm_cmplx_mult_cmplx_q31.c **** 
 171:Drivers/CMSIS/DSP/Source/ComplexMathFunctions/arm_cmplx_mult_cmplx_q31.c ****     /* Decrement the blockSize loop counter */
 172:Drivers/CMSIS/DSP/Source/ComplexMathFunctions/arm_cmplx_mult_cmplx_q31.c ****     blkCnt--;
 173:Drivers/CMSIS/DSP/Source/ComplexMathFunctions/arm_cmplx_mult_cmplx_q31.c ****   }
 174:Drivers/CMSIS/DSP/Source/ComplexMathFunctions/arm_cmplx_mult_cmplx_q31.c **** 
 175:Drivers/CMSIS/DSP/Source/ComplexMathFunctions/arm_cmplx_mult_cmplx_q31.c ****   /* If the blockSize is not a multiple of 4, compute any remaining output samples here.
 176:Drivers/CMSIS/DSP/Source/ComplexMathFunctions/arm_cmplx_mult_cmplx_q31.c ****    ** No loop unrolling is used. */
ARM GAS  C:\Users\Lamp\AppData\Local\Temp\ccrmQCE4.s 			page 5


 177:Drivers/CMSIS/DSP/Source/ComplexMathFunctions/arm_cmplx_mult_cmplx_q31.c ****   blkCnt = numSamples % 0x4U;
 178:Drivers/CMSIS/DSP/Source/ComplexMathFunctions/arm_cmplx_mult_cmplx_q31.c **** 
 179:Drivers/CMSIS/DSP/Source/ComplexMathFunctions/arm_cmplx_mult_cmplx_q31.c ****   while (blkCnt > 0U)
 180:Drivers/CMSIS/DSP/Source/ComplexMathFunctions/arm_cmplx_mult_cmplx_q31.c ****   {
 181:Drivers/CMSIS/DSP/Source/ComplexMathFunctions/arm_cmplx_mult_cmplx_q31.c ****     /* C[2 * i] = A[2 * i] * B[2 * i] - A[2 * i + 1] * B[2 * i + 1].  */
 182:Drivers/CMSIS/DSP/Source/ComplexMathFunctions/arm_cmplx_mult_cmplx_q31.c ****     /* C[2 * i + 1] = A[2 * i] * B[2 * i + 1] + A[2 * i + 1] * B[2 * i].  */
 183:Drivers/CMSIS/DSP/Source/ComplexMathFunctions/arm_cmplx_mult_cmplx_q31.c ****     a = *pSrcA++;
 184:Drivers/CMSIS/DSP/Source/ComplexMathFunctions/arm_cmplx_mult_cmplx_q31.c ****     b = *pSrcA++;
 185:Drivers/CMSIS/DSP/Source/ComplexMathFunctions/arm_cmplx_mult_cmplx_q31.c ****     c = *pSrcB++;
 186:Drivers/CMSIS/DSP/Source/ComplexMathFunctions/arm_cmplx_mult_cmplx_q31.c ****     d = *pSrcB++;
 187:Drivers/CMSIS/DSP/Source/ComplexMathFunctions/arm_cmplx_mult_cmplx_q31.c **** 
 188:Drivers/CMSIS/DSP/Source/ComplexMathFunctions/arm_cmplx_mult_cmplx_q31.c ****     mul1 = (q31_t) (((q63_t) a * c) >> 32);
 189:Drivers/CMSIS/DSP/Source/ComplexMathFunctions/arm_cmplx_mult_cmplx_q31.c ****     mul2 = (q31_t) (((q63_t) b * d) >> 32);
 190:Drivers/CMSIS/DSP/Source/ComplexMathFunctions/arm_cmplx_mult_cmplx_q31.c ****     mul3 = (q31_t) (((q63_t) a * d) >> 32);
 191:Drivers/CMSIS/DSP/Source/ComplexMathFunctions/arm_cmplx_mult_cmplx_q31.c ****     mul4 = (q31_t) (((q63_t) b * c) >> 32);
 192:Drivers/CMSIS/DSP/Source/ComplexMathFunctions/arm_cmplx_mult_cmplx_q31.c **** 
 193:Drivers/CMSIS/DSP/Source/ComplexMathFunctions/arm_cmplx_mult_cmplx_q31.c ****     mul1 = (mul1 >> 1);
 194:Drivers/CMSIS/DSP/Source/ComplexMathFunctions/arm_cmplx_mult_cmplx_q31.c ****     mul2 = (mul2 >> 1);
 195:Drivers/CMSIS/DSP/Source/ComplexMathFunctions/arm_cmplx_mult_cmplx_q31.c ****     mul3 = (mul3 >> 1);
 196:Drivers/CMSIS/DSP/Source/ComplexMathFunctions/arm_cmplx_mult_cmplx_q31.c ****     mul4 = (mul4 >> 1);
 197:Drivers/CMSIS/DSP/Source/ComplexMathFunctions/arm_cmplx_mult_cmplx_q31.c **** 
 198:Drivers/CMSIS/DSP/Source/ComplexMathFunctions/arm_cmplx_mult_cmplx_q31.c ****     out1 = mul1 - mul2;
 199:Drivers/CMSIS/DSP/Source/ComplexMathFunctions/arm_cmplx_mult_cmplx_q31.c ****     out2 = mul3 + mul4;
 200:Drivers/CMSIS/DSP/Source/ComplexMathFunctions/arm_cmplx_mult_cmplx_q31.c **** 
 201:Drivers/CMSIS/DSP/Source/ComplexMathFunctions/arm_cmplx_mult_cmplx_q31.c ****     /* store the real result in 3.29 format in the destination buffer. */
 202:Drivers/CMSIS/DSP/Source/ComplexMathFunctions/arm_cmplx_mult_cmplx_q31.c ****     *pDst++ = out1;
 203:Drivers/CMSIS/DSP/Source/ComplexMathFunctions/arm_cmplx_mult_cmplx_q31.c ****     /* store the imag result in 3.29 format in the destination buffer. */
 204:Drivers/CMSIS/DSP/Source/ComplexMathFunctions/arm_cmplx_mult_cmplx_q31.c ****     *pDst++ = out2;
 205:Drivers/CMSIS/DSP/Source/ComplexMathFunctions/arm_cmplx_mult_cmplx_q31.c **** 
 206:Drivers/CMSIS/DSP/Source/ComplexMathFunctions/arm_cmplx_mult_cmplx_q31.c ****     /* Decrement the blockSize loop counter */
 207:Drivers/CMSIS/DSP/Source/ComplexMathFunctions/arm_cmplx_mult_cmplx_q31.c ****     blkCnt--;
 208:Drivers/CMSIS/DSP/Source/ComplexMathFunctions/arm_cmplx_mult_cmplx_q31.c ****   }
 209:Drivers/CMSIS/DSP/Source/ComplexMathFunctions/arm_cmplx_mult_cmplx_q31.c **** 
 210:Drivers/CMSIS/DSP/Source/ComplexMathFunctions/arm_cmplx_mult_cmplx_q31.c **** #else
 211:Drivers/CMSIS/DSP/Source/ComplexMathFunctions/arm_cmplx_mult_cmplx_q31.c **** 
 212:Drivers/CMSIS/DSP/Source/ComplexMathFunctions/arm_cmplx_mult_cmplx_q31.c ****   /* Run the below code for Cortex-M0 */
 213:Drivers/CMSIS/DSP/Source/ComplexMathFunctions/arm_cmplx_mult_cmplx_q31.c **** 
 214:Drivers/CMSIS/DSP/Source/ComplexMathFunctions/arm_cmplx_mult_cmplx_q31.c ****   /* loop Unrolling */
 215:Drivers/CMSIS/DSP/Source/ComplexMathFunctions/arm_cmplx_mult_cmplx_q31.c ****   blkCnt = numSamples >> 1U;
  54              		.loc 1 215 3 view .LVU6
  55              		.loc 1 215 10 is_stmt 0 view .LVU7
  56 000a 5B08     		lsrs	r3, r3, #1
  57              	.LVL1:
 216:Drivers/CMSIS/DSP/Source/ComplexMathFunctions/arm_cmplx_mult_cmplx_q31.c **** 
 217:Drivers/CMSIS/DSP/Source/ComplexMathFunctions/arm_cmplx_mult_cmplx_q31.c ****   /* First part of the processing with loop unrolling.  Compute 2 outputs at a time.
 218:Drivers/CMSIS/DSP/Source/ComplexMathFunctions/arm_cmplx_mult_cmplx_q31.c ****    ** a second loop below computes the remaining 1 sample. */
 219:Drivers/CMSIS/DSP/Source/ComplexMathFunctions/arm_cmplx_mult_cmplx_q31.c ****   while (blkCnt > 0U)
  58              		.loc 1 219 3 is_stmt 1 view .LVU8
  59 000c 0193     		str	r3, [sp, #4]
  60 000e CDF80C80 		str	r8, [sp, #12]
  61              		.loc 1 219 9 is_stmt 0 view .LVU9
  62 0012 6CE0     		b	.L2
  63              	.LVL2:
  64              	.L3:
 220:Drivers/CMSIS/DSP/Source/ComplexMathFunctions/arm_cmplx_mult_cmplx_q31.c ****   {
 221:Drivers/CMSIS/DSP/Source/ComplexMathFunctions/arm_cmplx_mult_cmplx_q31.c ****     /* C[2 * i] = A[2 * i] * B[2 * i] - A[2 * i + 1] * B[2 * i + 1].  */
 222:Drivers/CMSIS/DSP/Source/ComplexMathFunctions/arm_cmplx_mult_cmplx_q31.c ****     /* C[2 * i + 1] = A[2 * i] * B[2 * i + 1] + A[2 * i + 1] * B[2 * i].  */
ARM GAS  C:\Users\Lamp\AppData\Local\Temp\ccrmQCE4.s 			page 6


 223:Drivers/CMSIS/DSP/Source/ComplexMathFunctions/arm_cmplx_mult_cmplx_q31.c ****     a = *pSrcA++;
  65              		.loc 1 223 5 is_stmt 1 view .LVU10
  66              		.loc 1 223 7 is_stmt 0 view .LVU11
  67 0014 0768     		ldr	r7, [r0]
  68              	.LVL3:
 224:Drivers/CMSIS/DSP/Source/ComplexMathFunctions/arm_cmplx_mult_cmplx_q31.c ****     b = *pSrcA++;
  69              		.loc 1 224 5 is_stmt 1 view .LVU12
  70              		.loc 1 224 7 is_stmt 0 view .LVU13
  71 0016 4268     		ldr	r2, [r0, #4]
  72              	.LVL4:
 225:Drivers/CMSIS/DSP/Source/ComplexMathFunctions/arm_cmplx_mult_cmplx_q31.c ****     c = *pSrcB++;
  73              		.loc 1 225 5 is_stmt 1 view .LVU14
  74              		.loc 1 225 7 is_stmt 0 view .LVU15
  75 0018 0E68     		ldr	r6, [r1]
  76              	.LVL5:
 226:Drivers/CMSIS/DSP/Source/ComplexMathFunctions/arm_cmplx_mult_cmplx_q31.c ****     d = *pSrcB++;
  77              		.loc 1 226 5 is_stmt 1 view .LVU16
  78              		.loc 1 226 7 is_stmt 0 view .LVU17
  79 001a 4C68     		ldr	r4, [r1, #4]
  80              	.LVL6:
 227:Drivers/CMSIS/DSP/Source/ComplexMathFunctions/arm_cmplx_mult_cmplx_q31.c **** 
 228:Drivers/CMSIS/DSP/Source/ComplexMathFunctions/arm_cmplx_mult_cmplx_q31.c ****     mul1 = (q31_t) (((q63_t) a * c) >> 32);
  81              		.loc 1 228 5 is_stmt 1 view .LVU18
  82              		.loc 1 228 22 is_stmt 0 view .LVU19
  83 001c 4FEAE779 		asr	r9, r7, #31
  84              		.loc 1 228 32 view .LVU20
  85 0020 4FEAE678 		asr	r8, r6, #31
  86 0024 07FB08F3 		mul	r3, r7, r8
  87              	.LVL7:
  88              		.loc 1 228 32 view .LVU21
  89 0028 06FB0933 		mla	r3, r6, r9, r3
  90 002c A7FB06C5 		umull	ip, r5, r7, r6
  91 0030 2B44     		add	r3, r3, r5
  92 0032 0293     		str	r3, [sp, #8]
  93              	.LVL8:
 229:Drivers/CMSIS/DSP/Source/ComplexMathFunctions/arm_cmplx_mult_cmplx_q31.c ****     mul2 = (q31_t) (((q63_t) b * d) >> 32);
  94              		.loc 1 229 5 is_stmt 1 view .LVU22
  95              		.loc 1 229 22 is_stmt 0 view .LVU23
  96 0034 D317     		asrs	r3, r2, #31
  97              	.LVL9:
  98              		.loc 1 229 32 view .LVU24
  99 0036 E517     		asrs	r5, r4, #31
 100 0038 02FB05FE 		mul	lr, r2, r5
 101 003c 04FB03EE 		mla	lr, r4, r3, lr
 102 0040 A2FB04AC 		umull	r10, ip, r2, r4
 103 0044 F444     		add	ip, ip, lr
 104              	.LVL10:
 230:Drivers/CMSIS/DSP/Source/ComplexMathFunctions/arm_cmplx_mult_cmplx_q31.c ****     mul3 = (q31_t) (((q63_t) a * d) >> 32);
 105              		.loc 1 230 5 is_stmt 1 view .LVU25
 106              		.loc 1 230 32 is_stmt 0 view .LVU26
 107 0046 07FB05F5 		mul	r5, r7, r5
 108 004a 04FB0955 		mla	r5, r4, r9, r5
 109 004e A7FB0474 		umull	r7, r4, r7, r4
 110              	.LVL11:
 111              		.loc 1 230 32 view .LVU27
 112 0052 2C44     		add	r4, r4, r5
 113              	.LVL12:
ARM GAS  C:\Users\Lamp\AppData\Local\Temp\ccrmQCE4.s 			page 7


 231:Drivers/CMSIS/DSP/Source/ComplexMathFunctions/arm_cmplx_mult_cmplx_q31.c ****     mul4 = (q31_t) (((q63_t) b * c) >> 32);
 114              		.loc 1 231 5 is_stmt 1 view .LVU28
 115              		.loc 1 231 32 is_stmt 0 view .LVU29
 116 0054 06FB03F5 		mul	r5, r6, r3
 117 0058 02FB0855 		mla	r5, r2, r8, r5
 118 005c A6FB0262 		umull	r6, r2, r6, r2
 119              	.LVL13:
 120              		.loc 1 231 32 view .LVU30
 121 0060 1544     		add	r5, r5, r2
 122              	.LVL14:
 232:Drivers/CMSIS/DSP/Source/ComplexMathFunctions/arm_cmplx_mult_cmplx_q31.c **** 
 233:Drivers/CMSIS/DSP/Source/ComplexMathFunctions/arm_cmplx_mult_cmplx_q31.c ****     mul1 = (mul1 >> 1);
 123              		.loc 1 233 5 is_stmt 1 view .LVU31
 234:Drivers/CMSIS/DSP/Source/ComplexMathFunctions/arm_cmplx_mult_cmplx_q31.c ****     mul2 = (mul2 >> 1);
 124              		.loc 1 234 5 view .LVU32
 125              		.loc 1 234 10 is_stmt 0 view .LVU33
 126 0062 4FEA6C0C 		asr	ip, ip, #1
 127              	.LVL15:
 235:Drivers/CMSIS/DSP/Source/ComplexMathFunctions/arm_cmplx_mult_cmplx_q31.c ****     mul3 = (mul3 >> 1);
 128              		.loc 1 235 5 is_stmt 1 view .LVU34
 236:Drivers/CMSIS/DSP/Source/ComplexMathFunctions/arm_cmplx_mult_cmplx_q31.c ****     mul4 = (mul4 >> 1);
 129              		.loc 1 236 5 view .LVU35
 130              		.loc 1 236 10 is_stmt 0 view .LVU36
 131 0066 6D10     		asrs	r5, r5, #1
 132              	.LVL16:
 237:Drivers/CMSIS/DSP/Source/ComplexMathFunctions/arm_cmplx_mult_cmplx_q31.c **** 
 238:Drivers/CMSIS/DSP/Source/ComplexMathFunctions/arm_cmplx_mult_cmplx_q31.c ****     out1 = mul1 - mul2;
 133              		.loc 1 238 5 is_stmt 1 view .LVU37
 134              		.loc 1 238 10 is_stmt 0 view .LVU38
 135 0068 029B     		ldr	r3, [sp, #8]
 136 006a CCEB6303 		rsb	r3, ip, r3, asr #1
 137              	.LVL17:
 239:Drivers/CMSIS/DSP/Source/ComplexMathFunctions/arm_cmplx_mult_cmplx_q31.c ****     out2 = mul3 + mul4;
 138              		.loc 1 239 5 is_stmt 1 view .LVU39
 139              		.loc 1 239 10 is_stmt 0 view .LVU40
 140 006e 05EB6405 		add	r5, r5, r4, asr #1
 141              	.LVL18:
 240:Drivers/CMSIS/DSP/Source/ComplexMathFunctions/arm_cmplx_mult_cmplx_q31.c **** 
 241:Drivers/CMSIS/DSP/Source/ComplexMathFunctions/arm_cmplx_mult_cmplx_q31.c ****     /* store the real result in 3.29 format in the destination buffer. */
 242:Drivers/CMSIS/DSP/Source/ComplexMathFunctions/arm_cmplx_mult_cmplx_q31.c ****     *pDst++ = out1;
 142              		.loc 1 242 5 is_stmt 1 view .LVU41
 143              		.loc 1 242 13 is_stmt 0 view .LVU42
 144 0072 CBF80030 		str	r3, [fp]
 145              	.LVL19:
 243:Drivers/CMSIS/DSP/Source/ComplexMathFunctions/arm_cmplx_mult_cmplx_q31.c ****     /* store the imag result in 3.29 format in the destination buffer. */
 244:Drivers/CMSIS/DSP/Source/ComplexMathFunctions/arm_cmplx_mult_cmplx_q31.c ****     *pDst++ = out2;
 146              		.loc 1 244 5 is_stmt 1 view .LVU43
 147              		.loc 1 244 13 is_stmt 0 view .LVU44
 148 0076 CBF80450 		str	r5, [fp, #4]
 245:Drivers/CMSIS/DSP/Source/ComplexMathFunctions/arm_cmplx_mult_cmplx_q31.c **** 
 246:Drivers/CMSIS/DSP/Source/ComplexMathFunctions/arm_cmplx_mult_cmplx_q31.c ****     a = *pSrcA++;
 149              		.loc 1 246 5 is_stmt 1 view .LVU45
 150              	.LVL20:
 151              		.loc 1 246 7 is_stmt 0 view .LVU46
 152 007a 8768     		ldr	r7, [r0, #8]
 153              	.LVL21:
 247:Drivers/CMSIS/DSP/Source/ComplexMathFunctions/arm_cmplx_mult_cmplx_q31.c ****     b = *pSrcA++;
ARM GAS  C:\Users\Lamp\AppData\Local\Temp\ccrmQCE4.s 			page 8


 154              		.loc 1 247 5 is_stmt 1 view .LVU47
 155              		.loc 1 247 7 is_stmt 0 view .LVU48
 156 007c C268     		ldr	r2, [r0, #12]
 157              	.LVL22:
 248:Drivers/CMSIS/DSP/Source/ComplexMathFunctions/arm_cmplx_mult_cmplx_q31.c ****     c = *pSrcB++;
 158              		.loc 1 248 5 is_stmt 1 view .LVU49
 159              		.loc 1 248 7 is_stmt 0 view .LVU50
 160 007e 8E68     		ldr	r6, [r1, #8]
 161              	.LVL23:
 249:Drivers/CMSIS/DSP/Source/ComplexMathFunctions/arm_cmplx_mult_cmplx_q31.c ****     d = *pSrcB++;
 162              		.loc 1 249 5 is_stmt 1 view .LVU51
 163              		.loc 1 249 7 is_stmt 0 view .LVU52
 164 0080 CC68     		ldr	r4, [r1, #12]
 165              	.LVL24:
 250:Drivers/CMSIS/DSP/Source/ComplexMathFunctions/arm_cmplx_mult_cmplx_q31.c **** 
 251:Drivers/CMSIS/DSP/Source/ComplexMathFunctions/arm_cmplx_mult_cmplx_q31.c ****     mul1 = (q31_t) (((q63_t) a * c) >> 32);
 166              		.loc 1 251 5 is_stmt 1 view .LVU53
 167              		.loc 1 251 22 is_stmt 0 view .LVU54
 168 0082 4FEAE779 		asr	r9, r7, #31
 169              		.loc 1 251 32 view .LVU55
 170 0086 4FEAE678 		asr	r8, r6, #31
 171 008a 07FB08F3 		mul	r3, r7, r8
 172              	.LVL25:
 173              		.loc 1 251 32 view .LVU56
 174 008e 06FB0933 		mla	r3, r6, r9, r3
 175 0092 A7FB06C5 		umull	ip, r5, r7, r6
 176              	.LVL26:
 177              		.loc 1 251 32 view .LVU57
 178 0096 2B44     		add	r3, r3, r5
 179 0098 0293     		str	r3, [sp, #8]
 180              	.LVL27:
 252:Drivers/CMSIS/DSP/Source/ComplexMathFunctions/arm_cmplx_mult_cmplx_q31.c ****     mul2 = (q31_t) (((q63_t) b * d) >> 32);
 181              		.loc 1 252 5 is_stmt 1 view .LVU58
 182              		.loc 1 252 22 is_stmt 0 view .LVU59
 183 009a D317     		asrs	r3, r2, #31
 184              	.LVL28:
 185              		.loc 1 252 32 view .LVU60
 186 009c E517     		asrs	r5, r4, #31
 187 009e 02FB05FE 		mul	lr, r2, r5
 188 00a2 04FB03EE 		mla	lr, r4, r3, lr
 189 00a6 A2FB04AC 		umull	r10, ip, r2, r4
 190 00aa F444     		add	ip, ip, lr
 191              	.LVL29:
 253:Drivers/CMSIS/DSP/Source/ComplexMathFunctions/arm_cmplx_mult_cmplx_q31.c ****     mul3 = (q31_t) (((q63_t) a * d) >> 32);
 192              		.loc 1 253 5 is_stmt 1 view .LVU61
 193              		.loc 1 253 32 is_stmt 0 view .LVU62
 194 00ac 07FB05F5 		mul	r5, r7, r5
 195 00b0 04FB0955 		mla	r5, r4, r9, r5
 196 00b4 A7FB0474 		umull	r7, r4, r7, r4
 197              	.LVL30:
 198              		.loc 1 253 32 view .LVU63
 199 00b8 2C44     		add	r4, r4, r5
 200              	.LVL31:
 254:Drivers/CMSIS/DSP/Source/ComplexMathFunctions/arm_cmplx_mult_cmplx_q31.c ****     mul4 = (q31_t) (((q63_t) b * c) >> 32);
 201              		.loc 1 254 5 is_stmt 1 view .LVU64
 202              		.loc 1 254 32 is_stmt 0 view .LVU65
 203 00ba 06FB03F5 		mul	r5, r6, r3
ARM GAS  C:\Users\Lamp\AppData\Local\Temp\ccrmQCE4.s 			page 9


 204 00be 02FB0855 		mla	r5, r2, r8, r5
 205 00c2 A6FB0262 		umull	r6, r2, r6, r2
 206              	.LVL32:
 207              		.loc 1 254 32 view .LVU66
 208 00c6 1544     		add	r5, r5, r2
 209              	.LVL33:
 255:Drivers/CMSIS/DSP/Source/ComplexMathFunctions/arm_cmplx_mult_cmplx_q31.c **** 
 256:Drivers/CMSIS/DSP/Source/ComplexMathFunctions/arm_cmplx_mult_cmplx_q31.c ****     mul1 = (mul1 >> 1);
 210              		.loc 1 256 5 is_stmt 1 view .LVU67
 257:Drivers/CMSIS/DSP/Source/ComplexMathFunctions/arm_cmplx_mult_cmplx_q31.c ****     mul2 = (mul2 >> 1);
 211              		.loc 1 257 5 view .LVU68
 212              		.loc 1 257 10 is_stmt 0 view .LVU69
 213 00c8 4FEA6C0C 		asr	ip, ip, #1
 214              	.LVL34:
 258:Drivers/CMSIS/DSP/Source/ComplexMathFunctions/arm_cmplx_mult_cmplx_q31.c ****     mul3 = (mul3 >> 1);
 215              		.loc 1 258 5 is_stmt 1 view .LVU70
 259:Drivers/CMSIS/DSP/Source/ComplexMathFunctions/arm_cmplx_mult_cmplx_q31.c ****     mul4 = (mul4 >> 1);
 216              		.loc 1 259 5 view .LVU71
 217              		.loc 1 259 10 is_stmt 0 view .LVU72
 218 00cc 6D10     		asrs	r5, r5, #1
 219              	.LVL35:
 260:Drivers/CMSIS/DSP/Source/ComplexMathFunctions/arm_cmplx_mult_cmplx_q31.c **** 
 261:Drivers/CMSIS/DSP/Source/ComplexMathFunctions/arm_cmplx_mult_cmplx_q31.c ****     out1 = mul1 - mul2;
 220              		.loc 1 261 5 is_stmt 1 view .LVU73
 221              		.loc 1 261 10 is_stmt 0 view .LVU74
 222 00ce 029B     		ldr	r3, [sp, #8]
 223 00d0 CCEB6303 		rsb	r3, ip, r3, asr #1
 224              	.LVL36:
 262:Drivers/CMSIS/DSP/Source/ComplexMathFunctions/arm_cmplx_mult_cmplx_q31.c ****     out2 = mul3 + mul4;
 225              		.loc 1 262 5 is_stmt 1 view .LVU75
 226              		.loc 1 262 10 is_stmt 0 view .LVU76
 227 00d4 05EB6405 		add	r5, r5, r4, asr #1
 228              	.LVL37:
 263:Drivers/CMSIS/DSP/Source/ComplexMathFunctions/arm_cmplx_mult_cmplx_q31.c **** 
 264:Drivers/CMSIS/DSP/Source/ComplexMathFunctions/arm_cmplx_mult_cmplx_q31.c ****     /* store the real result in 3.29 format in the destination buffer. */
 265:Drivers/CMSIS/DSP/Source/ComplexMathFunctions/arm_cmplx_mult_cmplx_q31.c ****     *pDst++ = out1;
 229              		.loc 1 265 5 is_stmt 1 view .LVU77
 230              		.loc 1 265 13 is_stmt 0 view .LVU78
 231 00d8 CBF80830 		str	r3, [fp, #8]
 232              	.LVL38:
 266:Drivers/CMSIS/DSP/Source/ComplexMathFunctions/arm_cmplx_mult_cmplx_q31.c ****     /* store the imag result in 3.29 format in the destination buffer. */
 267:Drivers/CMSIS/DSP/Source/ComplexMathFunctions/arm_cmplx_mult_cmplx_q31.c ****     *pDst++ = out2;
 233              		.loc 1 267 5 is_stmt 1 view .LVU79
 234              		.loc 1 267 13 is_stmt 0 view .LVU80
 235 00dc CBF80C50 		str	r5, [fp, #12]
 268:Drivers/CMSIS/DSP/Source/ComplexMathFunctions/arm_cmplx_mult_cmplx_q31.c **** 
 269:Drivers/CMSIS/DSP/Source/ComplexMathFunctions/arm_cmplx_mult_cmplx_q31.c ****     /* Decrement the blockSize loop counter */
 270:Drivers/CMSIS/DSP/Source/ComplexMathFunctions/arm_cmplx_mult_cmplx_q31.c ****     blkCnt--;
 236              		.loc 1 270 5 is_stmt 1 view .LVU81
 237              		.loc 1 270 11 is_stmt 0 view .LVU82
 238 00e0 019B     		ldr	r3, [sp, #4]
 239              	.LVL39:
 240              		.loc 1 270 11 view .LVU83
 241 00e2 013B     		subs	r3, r3, #1
 242 00e4 0193     		str	r3, [sp, #4]
 243              	.LVL40:
 267:Drivers/CMSIS/DSP/Source/ComplexMathFunctions/arm_cmplx_mult_cmplx_q31.c **** 
ARM GAS  C:\Users\Lamp\AppData\Local\Temp\ccrmQCE4.s 			page 10


 244              		.loc 1 267 10 view .LVU84
 245 00e6 0BF1100B 		add	fp, fp, #16
 246              	.LVL41:
 249:Drivers/CMSIS/DSP/Source/ComplexMathFunctions/arm_cmplx_mult_cmplx_q31.c **** 
 247              		.loc 1 249 15 view .LVU85
 248 00ea 1031     		adds	r1, r1, #16
 249              	.LVL42:
 247:Drivers/CMSIS/DSP/Source/ComplexMathFunctions/arm_cmplx_mult_cmplx_q31.c ****     c = *pSrcB++;
 250              		.loc 1 247 15 view .LVU86
 251 00ec 1030     		adds	r0, r0, #16
 252              	.LVL43:
 253              	.L2:
 219:Drivers/CMSIS/DSP/Source/ComplexMathFunctions/arm_cmplx_mult_cmplx_q31.c ****   {
 254              		.loc 1 219 17 is_stmt 1 view .LVU87
 255 00ee 019B     		ldr	r3, [sp, #4]
 256 00f0 002B     		cmp	r3, #0
 257 00f2 8FD1     		bne	.L3
 271:Drivers/CMSIS/DSP/Source/ComplexMathFunctions/arm_cmplx_mult_cmplx_q31.c ****   }
 272:Drivers/CMSIS/DSP/Source/ComplexMathFunctions/arm_cmplx_mult_cmplx_q31.c **** 
 273:Drivers/CMSIS/DSP/Source/ComplexMathFunctions/arm_cmplx_mult_cmplx_q31.c ****   /* If the blockSize is not a multiple of 2, compute any remaining output samples here.
 274:Drivers/CMSIS/DSP/Source/ComplexMathFunctions/arm_cmplx_mult_cmplx_q31.c ****    ** No loop unrolling is used. */
 275:Drivers/CMSIS/DSP/Source/ComplexMathFunctions/arm_cmplx_mult_cmplx_q31.c ****   blkCnt = numSamples % 0x2U;
 258              		.loc 1 275 10 is_stmt 0 view .LVU88
 259 00f4 DDF80C80 		ldr	r8, [sp, #12]
 260              		.loc 1 275 3 is_stmt 1 view .LVU89
 261              		.loc 1 275 10 is_stmt 0 view .LVU90
 262 00f8 08F00103 		and	r3, r8, #1
 263              	.LVL44:
 276:Drivers/CMSIS/DSP/Source/ComplexMathFunctions/arm_cmplx_mult_cmplx_q31.c **** 
 277:Drivers/CMSIS/DSP/Source/ComplexMathFunctions/arm_cmplx_mult_cmplx_q31.c ****   while (blkCnt > 0U)
 264              		.loc 1 277 3 is_stmt 1 view .LVU91
 265 00fc 9846     		mov	r8, r3
 266 00fe CDF804B0 		str	fp, [sp, #4]
 267              		.loc 1 277 9 is_stmt 0 view .LVU92
 268 0102 3EE0     		b	.L4
 269              	.LVL45:
 270              	.L5:
 278:Drivers/CMSIS/DSP/Source/ComplexMathFunctions/arm_cmplx_mult_cmplx_q31.c ****   {
 279:Drivers/CMSIS/DSP/Source/ComplexMathFunctions/arm_cmplx_mult_cmplx_q31.c ****     /* C[2 * i] = A[2 * i] * B[2 * i] - A[2 * i + 1] * B[2 * i + 1].  */
 280:Drivers/CMSIS/DSP/Source/ComplexMathFunctions/arm_cmplx_mult_cmplx_q31.c ****     /* C[2 * i + 1] = A[2 * i] * B[2 * i + 1] + A[2 * i + 1] * B[2 * i].  */
 281:Drivers/CMSIS/DSP/Source/ComplexMathFunctions/arm_cmplx_mult_cmplx_q31.c ****     a = *pSrcA++;
 271              		.loc 1 281 5 is_stmt 1 view .LVU93
 272              		.loc 1 281 7 is_stmt 0 view .LVU94
 273 0104 0746     		mov	r7, r0
 274 0106 57F8085B 		ldr	r5, [r7], #8
 275              	.LVL46:
 282:Drivers/CMSIS/DSP/Source/ComplexMathFunctions/arm_cmplx_mult_cmplx_q31.c ****     b = *pSrcA++;
 276              		.loc 1 282 5 is_stmt 1 view .LVU95
 277              		.loc 1 282 7 is_stmt 0 view .LVU96
 278 010a 4268     		ldr	r2, [r0, #4]
 279              	.LVL47:
 283:Drivers/CMSIS/DSP/Source/ComplexMathFunctions/arm_cmplx_mult_cmplx_q31.c ****     c = *pSrcB++;
 280              		.loc 1 283 5 is_stmt 1 view .LVU97
 281              		.loc 1 283 7 is_stmt 0 view .LVU98
 282 010c 8C46     		mov	ip, r1
 283 010e 5CF8084B 		ldr	r4, [ip], #8
 284              	.LVL48:
ARM GAS  C:\Users\Lamp\AppData\Local\Temp\ccrmQCE4.s 			page 11


 284:Drivers/CMSIS/DSP/Source/ComplexMathFunctions/arm_cmplx_mult_cmplx_q31.c ****     d = *pSrcB++;
 285              		.loc 1 284 5 is_stmt 1 view .LVU99
 286              		.loc 1 284 7 is_stmt 0 view .LVU100
 287 0112 4968     		ldr	r1, [r1, #4]
 288              	.LVL49:
 285:Drivers/CMSIS/DSP/Source/ComplexMathFunctions/arm_cmplx_mult_cmplx_q31.c **** 
 286:Drivers/CMSIS/DSP/Source/ComplexMathFunctions/arm_cmplx_mult_cmplx_q31.c ****     mul1 = (q31_t) (((q63_t) a * c) >> 32);
 289              		.loc 1 286 5 is_stmt 1 view .LVU101
 290              		.loc 1 286 22 is_stmt 0 view .LVU102
 291 0114 4FEAE57A 		asr	r10, r5, #31
 292              		.loc 1 286 32 view .LVU103
 293 0118 4FEAE479 		asr	r9, r4, #31
 294 011c 05FB09F3 		mul	r3, r5, r9
 295 0120 04FB0A33 		mla	r3, r4, r10, r3
 296 0124 A5FB0460 		umull	r6, r0, r5, r4
 297 0128 03EB000B 		add	fp, r3, r0
 298              	.LVL50:
 287:Drivers/CMSIS/DSP/Source/ComplexMathFunctions/arm_cmplx_mult_cmplx_q31.c ****     mul2 = (q31_t) (((q63_t) b * d) >> 32);
 299              		.loc 1 287 5 is_stmt 1 view .LVU104
 300              		.loc 1 287 22 is_stmt 0 view .LVU105
 301 012c D317     		asrs	r3, r2, #31
 302              		.loc 1 287 32 view .LVU106
 303 012e C817     		asrs	r0, r1, #31
 304 0130 02FB00FE 		mul	lr, r2, r0
 305 0134 01FB03EE 		mla	lr, r1, r3, lr
 306 0138 CDF808E0 		str	lr, [sp, #8]
 307 013c A2FB01E6 		umull	lr, r6, r2, r1
 308 0140 DDF808E0 		ldr	lr, [sp, #8]
 309 0144 7644     		add	r6, r6, lr
 310              	.LVL51:
 288:Drivers/CMSIS/DSP/Source/ComplexMathFunctions/arm_cmplx_mult_cmplx_q31.c ****     mul3 = (q31_t) (((q63_t) a * d) >> 32);
 311              		.loc 1 288 5 is_stmt 1 view .LVU107
 312              		.loc 1 288 32 is_stmt 0 view .LVU108
 313 0146 05FB00F0 		mul	r0, r5, r0
 314 014a 01FB0A00 		mla	r0, r1, r10, r0
 315 014e A5FB0151 		umull	r5, r1, r5, r1
 316              	.LVL52:
 317              		.loc 1 288 32 view .LVU109
 318 0152 0844     		add	r0, r0, r1
 319              	.LVL53:
 289:Drivers/CMSIS/DSP/Source/ComplexMathFunctions/arm_cmplx_mult_cmplx_q31.c ****     mul4 = (q31_t) (((q63_t) b * c) >> 32);
 320              		.loc 1 289 5 is_stmt 1 view .LVU110
 321              		.loc 1 289 32 is_stmt 0 view .LVU111
 322 0154 04FB03F3 		mul	r3, r4, r3
 323 0158 02FB0933 		mla	r3, r2, r9, r3
 324 015c A4FB0242 		umull	r4, r2, r4, r2
 325              	.LVL54:
 326              		.loc 1 289 32 view .LVU112
 327 0160 1344     		add	r3, r3, r2
 328              	.LVL55:
 290:Drivers/CMSIS/DSP/Source/ComplexMathFunctions/arm_cmplx_mult_cmplx_q31.c **** 
 291:Drivers/CMSIS/DSP/Source/ComplexMathFunctions/arm_cmplx_mult_cmplx_q31.c ****     mul1 = (mul1 >> 1);
 329              		.loc 1 291 5 is_stmt 1 view .LVU113
 292:Drivers/CMSIS/DSP/Source/ComplexMathFunctions/arm_cmplx_mult_cmplx_q31.c ****     mul2 = (mul2 >> 1);
 330              		.loc 1 292 5 view .LVU114
 331              		.loc 1 292 10 is_stmt 0 view .LVU115
 332 0162 7610     		asrs	r6, r6, #1
ARM GAS  C:\Users\Lamp\AppData\Local\Temp\ccrmQCE4.s 			page 12


 333              	.LVL56:
 293:Drivers/CMSIS/DSP/Source/ComplexMathFunctions/arm_cmplx_mult_cmplx_q31.c ****     mul3 = (mul3 >> 1);
 334              		.loc 1 293 5 is_stmt 1 view .LVU116
 294:Drivers/CMSIS/DSP/Source/ComplexMathFunctions/arm_cmplx_mult_cmplx_q31.c ****     mul4 = (mul4 >> 1);
 335              		.loc 1 294 5 view .LVU117
 336              		.loc 1 294 10 is_stmt 0 view .LVU118
 337 0164 5B10     		asrs	r3, r3, #1
 338              	.LVL57:
 295:Drivers/CMSIS/DSP/Source/ComplexMathFunctions/arm_cmplx_mult_cmplx_q31.c **** 
 296:Drivers/CMSIS/DSP/Source/ComplexMathFunctions/arm_cmplx_mult_cmplx_q31.c ****     out1 = mul1 - mul2;
 339              		.loc 1 296 5 is_stmt 1 view .LVU119
 340              		.loc 1 296 10 is_stmt 0 view .LVU120
 341 0166 C6EB6B06 		rsb	r6, r6, fp, asr #1
 342              	.LVL58:
 297:Drivers/CMSIS/DSP/Source/ComplexMathFunctions/arm_cmplx_mult_cmplx_q31.c ****     out2 = mul3 + mul4;
 343              		.loc 1 297 5 is_stmt 1 view .LVU121
 344              		.loc 1 297 10 is_stmt 0 view .LVU122
 345 016a 03EB6003 		add	r3, r3, r0, asr #1
 346              	.LVL59:
 298:Drivers/CMSIS/DSP/Source/ComplexMathFunctions/arm_cmplx_mult_cmplx_q31.c **** 
 299:Drivers/CMSIS/DSP/Source/ComplexMathFunctions/arm_cmplx_mult_cmplx_q31.c ****     /* store the real result in 3.29 format in the destination buffer. */
 300:Drivers/CMSIS/DSP/Source/ComplexMathFunctions/arm_cmplx_mult_cmplx_q31.c ****     *pDst++ = out1;
 347              		.loc 1 300 5 is_stmt 1 view .LVU123
 348              		.loc 1 300 13 is_stmt 0 view .LVU124
 349 016e 0199     		ldr	r1, [sp, #4]
 350 0170 0A46     		mov	r2, r1
 351              	.LVL60:
 352              		.loc 1 300 13 view .LVU125
 353 0172 42F8086B 		str	r6, [r2], #8
 354              	.LVL61:
 301:Drivers/CMSIS/DSP/Source/ComplexMathFunctions/arm_cmplx_mult_cmplx_q31.c ****     /* store the imag result in 3.29 format in the destination buffer. */
 302:Drivers/CMSIS/DSP/Source/ComplexMathFunctions/arm_cmplx_mult_cmplx_q31.c ****     *pDst++ = out2;
 355              		.loc 1 302 5 is_stmt 1 view .LVU126
 356              		.loc 1 302 13 is_stmt 0 view .LVU127
 357 0176 4B60     		str	r3, [r1, #4]
 303:Drivers/CMSIS/DSP/Source/ComplexMathFunctions/arm_cmplx_mult_cmplx_q31.c **** 
 304:Drivers/CMSIS/DSP/Source/ComplexMathFunctions/arm_cmplx_mult_cmplx_q31.c ****     /* Decrement the blockSize loop counter */
 305:Drivers/CMSIS/DSP/Source/ComplexMathFunctions/arm_cmplx_mult_cmplx_q31.c ****     blkCnt--;
 358              		.loc 1 305 5 is_stmt 1 view .LVU128
 359              		.loc 1 305 11 is_stmt 0 view .LVU129
 360 0178 08F1FF38 		add	r8, r8, #-1
 361              	.LVL62:
 302:Drivers/CMSIS/DSP/Source/ComplexMathFunctions/arm_cmplx_mult_cmplx_q31.c **** 
 362              		.loc 1 302 10 view .LVU130
 363 017c 0192     		str	r2, [sp, #4]
 284:Drivers/CMSIS/DSP/Source/ComplexMathFunctions/arm_cmplx_mult_cmplx_q31.c **** 
 364              		.loc 1 284 15 view .LVU131
 365 017e 6146     		mov	r1, ip
 282:Drivers/CMSIS/DSP/Source/ComplexMathFunctions/arm_cmplx_mult_cmplx_q31.c ****     c = *pSrcB++;
 366              		.loc 1 282 15 view .LVU132
 367 0180 3846     		mov	r0, r7
 368              	.LVL63:
 369              	.L4:
 277:Drivers/CMSIS/DSP/Source/ComplexMathFunctions/arm_cmplx_mult_cmplx_q31.c ****   {
 370              		.loc 1 277 17 is_stmt 1 view .LVU133
 371 0182 B8F1000F 		cmp	r8, #0
 372 0186 BDD1     		bne	.L5
ARM GAS  C:\Users\Lamp\AppData\Local\Temp\ccrmQCE4.s 			page 13


 306:Drivers/CMSIS/DSP/Source/ComplexMathFunctions/arm_cmplx_mult_cmplx_q31.c ****   }
 307:Drivers/CMSIS/DSP/Source/ComplexMathFunctions/arm_cmplx_mult_cmplx_q31.c **** 
 308:Drivers/CMSIS/DSP/Source/ComplexMathFunctions/arm_cmplx_mult_cmplx_q31.c **** #endif /* #if defined (ARM_MATH_DSP) */
 309:Drivers/CMSIS/DSP/Source/ComplexMathFunctions/arm_cmplx_mult_cmplx_q31.c **** 
 310:Drivers/CMSIS/DSP/Source/ComplexMathFunctions/arm_cmplx_mult_cmplx_q31.c **** }
 373              		.loc 1 310 1 is_stmt 0 view .LVU134
 374 0188 05B0     		add	sp, sp, #20
 375              	.LCFI2:
 376              		.cfi_def_cfa_offset 36
 377              		@ sp needed
 378 018a BDE8F08F 		pop	{r4, r5, r6, r7, r8, r9, r10, fp, pc}
 379              		.loc 1 310 1 view .LVU135
 380              		.cfi_endproc
 381              	.LFE100:
 383              		.text
 384              	.Letext0:
 385              		.file 2 "C:/ARM GNU Toolchain/arm-none-eabi/include/machine/_default_types.h"
 386              		.file 3 "C:/ARM GNU Toolchain/arm-none-eabi/include/sys/_stdint.h"
 387              		.file 4 "Drivers/CMSIS/DSP/Include/arm_math.h"
ARM GAS  C:\Users\Lamp\AppData\Local\Temp\ccrmQCE4.s 			page 14


DEFINED SYMBOLS
                            *ABS*:00000000 arm_cmplx_mult_cmplx_q31.c
C:\Users\Lamp\AppData\Local\Temp\ccrmQCE4.s:19     .text.arm_cmplx_mult_cmplx_q31:00000000 $t
C:\Users\Lamp\AppData\Local\Temp\ccrmQCE4.s:25     .text.arm_cmplx_mult_cmplx_q31:00000000 arm_cmplx_mult_cmplx_q31

NO UNDEFINED SYMBOLS
