ARM GAS  C:\Users\Lamp\AppData\Local\Temp\cck6pW4e.s 			page 1


   1              		.cpu cortex-m3
   2              		.arch armv7-m
   3              		.fpu softvfp
   4              		.eabi_attribute 20, 1
   5              		.eabi_attribute 21, 1
   6              		.eabi_attribute 23, 3
   7              		.eabi_attribute 24, 1
   8              		.eabi_attribute 25, 1
   9              		.eabi_attribute 26, 1
  10              		.eabi_attribute 30, 1
  11              		.eabi_attribute 34, 1
  12              		.eabi_attribute 18, 4
  13              		.file	"arm_max_q15.c"
  14              		.text
  15              	.Ltext0:
  16              		.cfi_sections	.debug_frame
  17              		.file 1 "Drivers/CMSIS/DSP/Source/StatisticsFunctions/arm_max_q15.c"
  18              		.section	.text.arm_max_q15,"ax",%progbits
  19              		.align	1
  20              		.global	arm_max_q15
  21              		.syntax unified
  22              		.thumb
  23              		.thumb_func
  25              	arm_max_q15:
  26              	.LVL0:
  27              	.LFB100:
   1:Drivers/CMSIS/DSP/Source/StatisticsFunctions/arm_max_q15.c **** /* ----------------------------------------------------------------------
   2:Drivers/CMSIS/DSP/Source/StatisticsFunctions/arm_max_q15.c ****  * Project:      CMSIS DSP Library
   3:Drivers/CMSIS/DSP/Source/StatisticsFunctions/arm_max_q15.c ****  * Title:        arm_max_q15.c
   4:Drivers/CMSIS/DSP/Source/StatisticsFunctions/arm_max_q15.c ****  * Description:  Maximum value of a Q15 vector
   5:Drivers/CMSIS/DSP/Source/StatisticsFunctions/arm_max_q15.c ****  *
   6:Drivers/CMSIS/DSP/Source/StatisticsFunctions/arm_max_q15.c ****  * $Date:        27. January 2017
   7:Drivers/CMSIS/DSP/Source/StatisticsFunctions/arm_max_q15.c ****  * $Revision:    V.1.5.1
   8:Drivers/CMSIS/DSP/Source/StatisticsFunctions/arm_max_q15.c ****  *
   9:Drivers/CMSIS/DSP/Source/StatisticsFunctions/arm_max_q15.c ****  * Target Processor: Cortex-M cores
  10:Drivers/CMSIS/DSP/Source/StatisticsFunctions/arm_max_q15.c ****  * -------------------------------------------------------------------- */
  11:Drivers/CMSIS/DSP/Source/StatisticsFunctions/arm_max_q15.c **** /*
  12:Drivers/CMSIS/DSP/Source/StatisticsFunctions/arm_max_q15.c ****  * Copyright (C) 2010-2017 ARM Limited or its affiliates. All rights reserved.
  13:Drivers/CMSIS/DSP/Source/StatisticsFunctions/arm_max_q15.c ****  *
  14:Drivers/CMSIS/DSP/Source/StatisticsFunctions/arm_max_q15.c ****  * SPDX-License-Identifier: Apache-2.0
  15:Drivers/CMSIS/DSP/Source/StatisticsFunctions/arm_max_q15.c ****  *
  16:Drivers/CMSIS/DSP/Source/StatisticsFunctions/arm_max_q15.c ****  * Licensed under the Apache License, Version 2.0 (the License); you may
  17:Drivers/CMSIS/DSP/Source/StatisticsFunctions/arm_max_q15.c ****  * not use this file except in compliance with the License.
  18:Drivers/CMSIS/DSP/Source/StatisticsFunctions/arm_max_q15.c ****  * You may obtain a copy of the License at
  19:Drivers/CMSIS/DSP/Source/StatisticsFunctions/arm_max_q15.c ****  *
  20:Drivers/CMSIS/DSP/Source/StatisticsFunctions/arm_max_q15.c ****  * www.apache.org/licenses/LICENSE-2.0
  21:Drivers/CMSIS/DSP/Source/StatisticsFunctions/arm_max_q15.c ****  *
  22:Drivers/CMSIS/DSP/Source/StatisticsFunctions/arm_max_q15.c ****  * Unless required by applicable law or agreed to in writing, software
  23:Drivers/CMSIS/DSP/Source/StatisticsFunctions/arm_max_q15.c ****  * distributed under the License is distributed on an AS IS BASIS, WITHOUT
  24:Drivers/CMSIS/DSP/Source/StatisticsFunctions/arm_max_q15.c ****  * WARRANTIES OR CONDITIONS OF ANY KIND, either express or implied.
  25:Drivers/CMSIS/DSP/Source/StatisticsFunctions/arm_max_q15.c ****  * See the License for the specific language governing permissions and
  26:Drivers/CMSIS/DSP/Source/StatisticsFunctions/arm_max_q15.c ****  * limitations under the License.
  27:Drivers/CMSIS/DSP/Source/StatisticsFunctions/arm_max_q15.c ****  */
  28:Drivers/CMSIS/DSP/Source/StatisticsFunctions/arm_max_q15.c **** 
  29:Drivers/CMSIS/DSP/Source/StatisticsFunctions/arm_max_q15.c **** #include "arm_math.h"
  30:Drivers/CMSIS/DSP/Source/StatisticsFunctions/arm_max_q15.c **** 
  31:Drivers/CMSIS/DSP/Source/StatisticsFunctions/arm_max_q15.c **** /**
ARM GAS  C:\Users\Lamp\AppData\Local\Temp\cck6pW4e.s 			page 2


  32:Drivers/CMSIS/DSP/Source/StatisticsFunctions/arm_max_q15.c ****  * @ingroup groupStats
  33:Drivers/CMSIS/DSP/Source/StatisticsFunctions/arm_max_q15.c ****  */
  34:Drivers/CMSIS/DSP/Source/StatisticsFunctions/arm_max_q15.c **** 
  35:Drivers/CMSIS/DSP/Source/StatisticsFunctions/arm_max_q15.c **** /**
  36:Drivers/CMSIS/DSP/Source/StatisticsFunctions/arm_max_q15.c ****  * @addtogroup Max
  37:Drivers/CMSIS/DSP/Source/StatisticsFunctions/arm_max_q15.c ****  * @{
  38:Drivers/CMSIS/DSP/Source/StatisticsFunctions/arm_max_q15.c ****  */
  39:Drivers/CMSIS/DSP/Source/StatisticsFunctions/arm_max_q15.c **** 
  40:Drivers/CMSIS/DSP/Source/StatisticsFunctions/arm_max_q15.c **** 
  41:Drivers/CMSIS/DSP/Source/StatisticsFunctions/arm_max_q15.c **** /**
  42:Drivers/CMSIS/DSP/Source/StatisticsFunctions/arm_max_q15.c ****  * @brief Maximum value of a Q15 vector.
  43:Drivers/CMSIS/DSP/Source/StatisticsFunctions/arm_max_q15.c ****  * @param[in]       *pSrc points to the input vector
  44:Drivers/CMSIS/DSP/Source/StatisticsFunctions/arm_max_q15.c ****  * @param[in]       blockSize length of the input vector
  45:Drivers/CMSIS/DSP/Source/StatisticsFunctions/arm_max_q15.c ****  * @param[out]      *pResult maximum value returned here
  46:Drivers/CMSIS/DSP/Source/StatisticsFunctions/arm_max_q15.c ****  * @param[out]      *pIndex index of maximum value returned here
  47:Drivers/CMSIS/DSP/Source/StatisticsFunctions/arm_max_q15.c ****  * @return none.
  48:Drivers/CMSIS/DSP/Source/StatisticsFunctions/arm_max_q15.c ****  */
  49:Drivers/CMSIS/DSP/Source/StatisticsFunctions/arm_max_q15.c **** 
  50:Drivers/CMSIS/DSP/Source/StatisticsFunctions/arm_max_q15.c **** void arm_max_q15(
  51:Drivers/CMSIS/DSP/Source/StatisticsFunctions/arm_max_q15.c ****   q15_t * pSrc,
  52:Drivers/CMSIS/DSP/Source/StatisticsFunctions/arm_max_q15.c ****   uint32_t blockSize,
  53:Drivers/CMSIS/DSP/Source/StatisticsFunctions/arm_max_q15.c ****   q15_t * pResult,
  54:Drivers/CMSIS/DSP/Source/StatisticsFunctions/arm_max_q15.c ****   uint32_t * pIndex)
  55:Drivers/CMSIS/DSP/Source/StatisticsFunctions/arm_max_q15.c **** {
  28              		.loc 1 55 1 view -0
  29              		.cfi_startproc
  30              		@ args = 0, pretend = 0, frame = 0
  31              		@ frame_needed = 0, uses_anonymous_args = 0
  32              		.loc 1 55 1 is_stmt 0 view .LVU1
  33 0000 30B5     		push	{r4, r5, lr}
  34              	.LCFI0:
  35              		.cfi_def_cfa_offset 12
  36              		.cfi_offset 4, -12
  37              		.cfi_offset 5, -8
  38              		.cfi_offset 14, -4
  56:Drivers/CMSIS/DSP/Source/StatisticsFunctions/arm_max_q15.c **** #if defined (ARM_MATH_DSP)
  57:Drivers/CMSIS/DSP/Source/StatisticsFunctions/arm_max_q15.c ****   /* Run the below code for Cortex-M4 and Cortex-M3 */
  58:Drivers/CMSIS/DSP/Source/StatisticsFunctions/arm_max_q15.c **** 
  59:Drivers/CMSIS/DSP/Source/StatisticsFunctions/arm_max_q15.c ****   q15_t maxVal1, maxVal2, out;                   /* Temporary variables to store the output value. 
  60:Drivers/CMSIS/DSP/Source/StatisticsFunctions/arm_max_q15.c ****   uint32_t blkCnt, outIndex, count;              /* loop counter */
  61:Drivers/CMSIS/DSP/Source/StatisticsFunctions/arm_max_q15.c **** 
  62:Drivers/CMSIS/DSP/Source/StatisticsFunctions/arm_max_q15.c ****   /* Initialise the count value. */
  63:Drivers/CMSIS/DSP/Source/StatisticsFunctions/arm_max_q15.c ****   count = 0U;
  64:Drivers/CMSIS/DSP/Source/StatisticsFunctions/arm_max_q15.c ****   /* Initialise the index value to zero. */
  65:Drivers/CMSIS/DSP/Source/StatisticsFunctions/arm_max_q15.c ****   outIndex = 0U;
  66:Drivers/CMSIS/DSP/Source/StatisticsFunctions/arm_max_q15.c ****   /* Load first input value that act as reference value for comparision */
  67:Drivers/CMSIS/DSP/Source/StatisticsFunctions/arm_max_q15.c ****   out = *pSrc++;
  68:Drivers/CMSIS/DSP/Source/StatisticsFunctions/arm_max_q15.c **** 
  69:Drivers/CMSIS/DSP/Source/StatisticsFunctions/arm_max_q15.c ****   /* Loop unrolling */
  70:Drivers/CMSIS/DSP/Source/StatisticsFunctions/arm_max_q15.c ****   blkCnt = (blockSize - 1U) >> 2U;
  71:Drivers/CMSIS/DSP/Source/StatisticsFunctions/arm_max_q15.c **** 
  72:Drivers/CMSIS/DSP/Source/StatisticsFunctions/arm_max_q15.c ****   while (blkCnt > 0U)
  73:Drivers/CMSIS/DSP/Source/StatisticsFunctions/arm_max_q15.c ****   {
  74:Drivers/CMSIS/DSP/Source/StatisticsFunctions/arm_max_q15.c ****     /* Initialize maxVal to the next consecutive values one by one */
  75:Drivers/CMSIS/DSP/Source/StatisticsFunctions/arm_max_q15.c ****     maxVal1 = *pSrc++;
  76:Drivers/CMSIS/DSP/Source/StatisticsFunctions/arm_max_q15.c ****     maxVal2 = *pSrc++;
  77:Drivers/CMSIS/DSP/Source/StatisticsFunctions/arm_max_q15.c **** 
ARM GAS  C:\Users\Lamp\AppData\Local\Temp\cck6pW4e.s 			page 3


  78:Drivers/CMSIS/DSP/Source/StatisticsFunctions/arm_max_q15.c ****     /* compare for the maximum value */
  79:Drivers/CMSIS/DSP/Source/StatisticsFunctions/arm_max_q15.c ****     if (out < maxVal1)
  80:Drivers/CMSIS/DSP/Source/StatisticsFunctions/arm_max_q15.c ****     {
  81:Drivers/CMSIS/DSP/Source/StatisticsFunctions/arm_max_q15.c ****       /* Update the maximum value and its index */
  82:Drivers/CMSIS/DSP/Source/StatisticsFunctions/arm_max_q15.c ****       out = maxVal1;
  83:Drivers/CMSIS/DSP/Source/StatisticsFunctions/arm_max_q15.c ****       outIndex = count + 1U;
  84:Drivers/CMSIS/DSP/Source/StatisticsFunctions/arm_max_q15.c ****     }
  85:Drivers/CMSIS/DSP/Source/StatisticsFunctions/arm_max_q15.c **** 
  86:Drivers/CMSIS/DSP/Source/StatisticsFunctions/arm_max_q15.c ****     /* compare for the maximum value */
  87:Drivers/CMSIS/DSP/Source/StatisticsFunctions/arm_max_q15.c ****     if (out < maxVal2)
  88:Drivers/CMSIS/DSP/Source/StatisticsFunctions/arm_max_q15.c ****     {
  89:Drivers/CMSIS/DSP/Source/StatisticsFunctions/arm_max_q15.c ****       /* Update the maximum value and its index */
  90:Drivers/CMSIS/DSP/Source/StatisticsFunctions/arm_max_q15.c ****       out = maxVal2;
  91:Drivers/CMSIS/DSP/Source/StatisticsFunctions/arm_max_q15.c ****       outIndex = count + 2U;
  92:Drivers/CMSIS/DSP/Source/StatisticsFunctions/arm_max_q15.c ****     }
  93:Drivers/CMSIS/DSP/Source/StatisticsFunctions/arm_max_q15.c **** 
  94:Drivers/CMSIS/DSP/Source/StatisticsFunctions/arm_max_q15.c ****     /* Initialize maxVal to the next consecutive values one by one */
  95:Drivers/CMSIS/DSP/Source/StatisticsFunctions/arm_max_q15.c ****     maxVal1 = *pSrc++;
  96:Drivers/CMSIS/DSP/Source/StatisticsFunctions/arm_max_q15.c ****     maxVal2 = *pSrc++;
  97:Drivers/CMSIS/DSP/Source/StatisticsFunctions/arm_max_q15.c **** 
  98:Drivers/CMSIS/DSP/Source/StatisticsFunctions/arm_max_q15.c ****     /* compare for the maximum value */
  99:Drivers/CMSIS/DSP/Source/StatisticsFunctions/arm_max_q15.c ****     if (out < maxVal1)
 100:Drivers/CMSIS/DSP/Source/StatisticsFunctions/arm_max_q15.c ****     {
 101:Drivers/CMSIS/DSP/Source/StatisticsFunctions/arm_max_q15.c ****       /* Update the maximum value and its index */
 102:Drivers/CMSIS/DSP/Source/StatisticsFunctions/arm_max_q15.c ****       out = maxVal1;
 103:Drivers/CMSIS/DSP/Source/StatisticsFunctions/arm_max_q15.c ****       outIndex = count + 3U;
 104:Drivers/CMSIS/DSP/Source/StatisticsFunctions/arm_max_q15.c ****     }
 105:Drivers/CMSIS/DSP/Source/StatisticsFunctions/arm_max_q15.c **** 
 106:Drivers/CMSIS/DSP/Source/StatisticsFunctions/arm_max_q15.c ****     /* compare for the maximum value */
 107:Drivers/CMSIS/DSP/Source/StatisticsFunctions/arm_max_q15.c ****     if (out < maxVal2)
 108:Drivers/CMSIS/DSP/Source/StatisticsFunctions/arm_max_q15.c ****     {
 109:Drivers/CMSIS/DSP/Source/StatisticsFunctions/arm_max_q15.c ****       /* Update the maximum value and its index */
 110:Drivers/CMSIS/DSP/Source/StatisticsFunctions/arm_max_q15.c ****       out = maxVal2;
 111:Drivers/CMSIS/DSP/Source/StatisticsFunctions/arm_max_q15.c ****       outIndex = count + 4U;
 112:Drivers/CMSIS/DSP/Source/StatisticsFunctions/arm_max_q15.c ****     }
 113:Drivers/CMSIS/DSP/Source/StatisticsFunctions/arm_max_q15.c **** 
 114:Drivers/CMSIS/DSP/Source/StatisticsFunctions/arm_max_q15.c ****     count += 4U;
 115:Drivers/CMSIS/DSP/Source/StatisticsFunctions/arm_max_q15.c **** 
 116:Drivers/CMSIS/DSP/Source/StatisticsFunctions/arm_max_q15.c ****     /* Decrement the loop counter */
 117:Drivers/CMSIS/DSP/Source/StatisticsFunctions/arm_max_q15.c ****     blkCnt--;
 118:Drivers/CMSIS/DSP/Source/StatisticsFunctions/arm_max_q15.c ****   }
 119:Drivers/CMSIS/DSP/Source/StatisticsFunctions/arm_max_q15.c **** 
 120:Drivers/CMSIS/DSP/Source/StatisticsFunctions/arm_max_q15.c ****   /* if (blockSize - 1U) is not multiple of 4 */
 121:Drivers/CMSIS/DSP/Source/StatisticsFunctions/arm_max_q15.c ****   blkCnt = (blockSize - 1U) % 4U;
 122:Drivers/CMSIS/DSP/Source/StatisticsFunctions/arm_max_q15.c **** 
 123:Drivers/CMSIS/DSP/Source/StatisticsFunctions/arm_max_q15.c **** #else
 124:Drivers/CMSIS/DSP/Source/StatisticsFunctions/arm_max_q15.c ****   /* Run the below code for Cortex-M0 */
 125:Drivers/CMSIS/DSP/Source/StatisticsFunctions/arm_max_q15.c **** 
 126:Drivers/CMSIS/DSP/Source/StatisticsFunctions/arm_max_q15.c ****   q15_t maxVal1, out;                            /* Temporary variables to store the output value. 
  39              		.loc 1 126 3 is_stmt 1 view .LVU2
 127:Drivers/CMSIS/DSP/Source/StatisticsFunctions/arm_max_q15.c ****   uint32_t blkCnt, outIndex;                     /* loop counter */
  40              		.loc 1 127 3 view .LVU3
 128:Drivers/CMSIS/DSP/Source/StatisticsFunctions/arm_max_q15.c **** 
 129:Drivers/CMSIS/DSP/Source/StatisticsFunctions/arm_max_q15.c ****   /* Initialise the index value to zero. */
 130:Drivers/CMSIS/DSP/Source/StatisticsFunctions/arm_max_q15.c ****   outIndex = 0U;
  41              		.loc 1 130 3 view .LVU4
  42              	.LVL1:
ARM GAS  C:\Users\Lamp\AppData\Local\Temp\cck6pW4e.s 			page 4


 131:Drivers/CMSIS/DSP/Source/StatisticsFunctions/arm_max_q15.c ****   /* Load first input value that act as reference value for comparision */
 132:Drivers/CMSIS/DSP/Source/StatisticsFunctions/arm_max_q15.c ****   out = *pSrc++;
  43              		.loc 1 132 3 view .LVU5
  44              		.loc 1 132 7 is_stmt 0 view .LVU6
  45 0002 30F902EB 		ldrsh	lr, [r0], #2
  46              	.LVL2:
 133:Drivers/CMSIS/DSP/Source/StatisticsFunctions/arm_max_q15.c **** 
 134:Drivers/CMSIS/DSP/Source/StatisticsFunctions/arm_max_q15.c ****   blkCnt = (blockSize - 1U);
  47              		.loc 1 134 3 is_stmt 1 view .LVU7
  48              		.loc 1 134 10 is_stmt 0 view .LVU8
  49 0006 4C1E     		subs	r4, r1, #1
  50              	.LVL3:
 135:Drivers/CMSIS/DSP/Source/StatisticsFunctions/arm_max_q15.c **** 
 136:Drivers/CMSIS/DSP/Source/StatisticsFunctions/arm_max_q15.c **** #endif /* #if defined (ARM_MATH_DSP) */
 137:Drivers/CMSIS/DSP/Source/StatisticsFunctions/arm_max_q15.c **** 
 138:Drivers/CMSIS/DSP/Source/StatisticsFunctions/arm_max_q15.c ****   while (blkCnt > 0U)
  51              		.loc 1 138 3 is_stmt 1 view .LVU9
 130:Drivers/CMSIS/DSP/Source/StatisticsFunctions/arm_max_q15.c ****   /* Load first input value that act as reference value for comparision */
  52              		.loc 1 130 12 is_stmt 0 view .LVU10
  53 0008 0025     		movs	r5, #0
  54              		.loc 1 138 9 view .LVU11
  55 000a 00E0     		b	.L2
  56              	.LVL4:
  57              	.L3:
 139:Drivers/CMSIS/DSP/Source/StatisticsFunctions/arm_max_q15.c ****   {
 140:Drivers/CMSIS/DSP/Source/StatisticsFunctions/arm_max_q15.c ****     /* Initialize maxVal to the next consecutive values one by one */
 141:Drivers/CMSIS/DSP/Source/StatisticsFunctions/arm_max_q15.c ****     maxVal1 = *pSrc++;
 142:Drivers/CMSIS/DSP/Source/StatisticsFunctions/arm_max_q15.c **** 
 143:Drivers/CMSIS/DSP/Source/StatisticsFunctions/arm_max_q15.c ****     /* compare for the maximum value */
 144:Drivers/CMSIS/DSP/Source/StatisticsFunctions/arm_max_q15.c ****     if (out < maxVal1)
 145:Drivers/CMSIS/DSP/Source/StatisticsFunctions/arm_max_q15.c ****     {
 146:Drivers/CMSIS/DSP/Source/StatisticsFunctions/arm_max_q15.c ****       /* Update the maximum value and it's index */
 147:Drivers/CMSIS/DSP/Source/StatisticsFunctions/arm_max_q15.c ****       out = maxVal1;
 148:Drivers/CMSIS/DSP/Source/StatisticsFunctions/arm_max_q15.c ****       outIndex = blockSize - blkCnt;
 149:Drivers/CMSIS/DSP/Source/StatisticsFunctions/arm_max_q15.c ****     }
 150:Drivers/CMSIS/DSP/Source/StatisticsFunctions/arm_max_q15.c **** 
 151:Drivers/CMSIS/DSP/Source/StatisticsFunctions/arm_max_q15.c ****     /* Decrement the loop counter */
 152:Drivers/CMSIS/DSP/Source/StatisticsFunctions/arm_max_q15.c ****     blkCnt--;
  58              		.loc 1 152 5 is_stmt 1 view .LVU12
  59              		.loc 1 152 11 is_stmt 0 view .LVU13
  60 000c 013C     		subs	r4, r4, #1
  61              	.LVL5:
  62              	.L2:
 138:Drivers/CMSIS/DSP/Source/StatisticsFunctions/arm_max_q15.c ****   {
  63              		.loc 1 138 17 is_stmt 1 view .LVU14
  64 000e 34B1     		cbz	r4, .L6
 141:Drivers/CMSIS/DSP/Source/StatisticsFunctions/arm_max_q15.c **** 
  65              		.loc 1 141 5 view .LVU15
  66              	.LVL6:
 141:Drivers/CMSIS/DSP/Source/StatisticsFunctions/arm_max_q15.c **** 
  67              		.loc 1 141 13 is_stmt 0 view .LVU16
  68 0010 30F902CB 		ldrsh	ip, [r0], #2
  69              	.LVL7:
 144:Drivers/CMSIS/DSP/Source/StatisticsFunctions/arm_max_q15.c ****     {
  70              		.loc 1 144 5 is_stmt 1 view .LVU17
 144:Drivers/CMSIS/DSP/Source/StatisticsFunctions/arm_max_q15.c ****     {
  71              		.loc 1 144 8 is_stmt 0 view .LVU18
ARM GAS  C:\Users\Lamp\AppData\Local\Temp\cck6pW4e.s 			page 5


  72 0014 E645     		cmp	lr, ip
  73 0016 F9DA     		bge	.L3
 147:Drivers/CMSIS/DSP/Source/StatisticsFunctions/arm_max_q15.c ****       outIndex = blockSize - blkCnt;
  74              		.loc 1 147 7 is_stmt 1 view .LVU19
  75              	.LVL8:
 148:Drivers/CMSIS/DSP/Source/StatisticsFunctions/arm_max_q15.c ****     }
  76              		.loc 1 148 7 view .LVU20
 148:Drivers/CMSIS/DSP/Source/StatisticsFunctions/arm_max_q15.c ****     }
  77              		.loc 1 148 16 is_stmt 0 view .LVU21
  78 0018 0D1B     		subs	r5, r1, r4
  79              	.LVL9:
 147:Drivers/CMSIS/DSP/Source/StatisticsFunctions/arm_max_q15.c ****       outIndex = blockSize - blkCnt;
  80              		.loc 1 147 11 view .LVU22
  81 001a E646     		mov	lr, ip
  82 001c F6E7     		b	.L3
  83              	.LVL10:
  84              	.L6:
 153:Drivers/CMSIS/DSP/Source/StatisticsFunctions/arm_max_q15.c ****   }
 154:Drivers/CMSIS/DSP/Source/StatisticsFunctions/arm_max_q15.c **** 
 155:Drivers/CMSIS/DSP/Source/StatisticsFunctions/arm_max_q15.c ****   /* Store the maximum value and it's index into destination pointers */
 156:Drivers/CMSIS/DSP/Source/StatisticsFunctions/arm_max_q15.c ****   *pResult = out;
  85              		.loc 1 156 3 is_stmt 1 view .LVU23
  86              		.loc 1 156 12 is_stmt 0 view .LVU24
  87 001e A2F800E0 		strh	lr, [r2]	@ movhi
 157:Drivers/CMSIS/DSP/Source/StatisticsFunctions/arm_max_q15.c ****   *pIndex = outIndex;
  88              		.loc 1 157 3 is_stmt 1 view .LVU25
  89              		.loc 1 157 11 is_stmt 0 view .LVU26
  90 0022 1D60     		str	r5, [r3]
 158:Drivers/CMSIS/DSP/Source/StatisticsFunctions/arm_max_q15.c **** }
  91              		.loc 1 158 1 view .LVU27
  92 0024 30BD     		pop	{r4, r5, pc}
  93              		.loc 1 158 1 view .LVU28
  94              		.cfi_endproc
  95              	.LFE100:
  97              		.text
  98              	.Letext0:
  99              		.file 2 "C:/ARM GNU Toolchain/arm-none-eabi/include/machine/_default_types.h"
 100              		.file 3 "C:/ARM GNU Toolchain/arm-none-eabi/include/sys/_stdint.h"
 101              		.file 4 "Drivers/CMSIS/DSP/Include/arm_math.h"
ARM GAS  C:\Users\Lamp\AppData\Local\Temp\cck6pW4e.s 			page 6


DEFINED SYMBOLS
                            *ABS*:00000000 arm_max_q15.c
C:\Users\Lamp\AppData\Local\Temp\cck6pW4e.s:19     .text.arm_max_q15:00000000 $t
C:\Users\Lamp\AppData\Local\Temp\cck6pW4e.s:25     .text.arm_max_q15:00000000 arm_max_q15

NO UNDEFINED SYMBOLS
