ARM GAS  C:\Users\Lamp\AppData\Local\Temp\ccQMqTf7.s 			page 1


   1              		.cpu cortex-m3
   2              		.arch armv7-m
   3              		.fpu softvfp
   4              		.eabi_attribute 20, 1
   5              		.eabi_attribute 21, 1
   6              		.eabi_attribute 23, 3
   7              		.eabi_attribute 24, 1
   8              		.eabi_attribute 25, 1
   9              		.eabi_attribute 26, 1
  10              		.eabi_attribute 30, 1
  11              		.eabi_attribute 34, 1
  12              		.eabi_attribute 18, 4
  13              		.file	"arm_fir_sparse_init_q7.c"
  14              		.text
  15              	.Ltext0:
  16              		.cfi_sections	.debug_frame
  17              		.file 1 "Drivers/CMSIS/DSP/Source/FilteringFunctions/arm_fir_sparse_init_q7.c"
  18              		.section	.text.arm_fir_sparse_init_q7,"ax",%progbits
  19              		.align	1
  20              		.global	arm_fir_sparse_init_q7
  21              		.syntax unified
  22              		.thumb
  23              		.thumb_func
  25              	arm_fir_sparse_init_q7:
  26              	.LVL0:
  27              	.LFB100:
   1:Drivers/CMSIS/DSP/Source/FilteringFunctions/arm_fir_sparse_init_q7.c **** /* ----------------------------------------------------------------------
   2:Drivers/CMSIS/DSP/Source/FilteringFunctions/arm_fir_sparse_init_q7.c ****  * Project:      CMSIS DSP Library
   3:Drivers/CMSIS/DSP/Source/FilteringFunctions/arm_fir_sparse_init_q7.c ****  * Title:        arm_fir_sparse_init_q7.c
   4:Drivers/CMSIS/DSP/Source/FilteringFunctions/arm_fir_sparse_init_q7.c ****  * Description:  Q7 sparse FIR filter initialization function
   5:Drivers/CMSIS/DSP/Source/FilteringFunctions/arm_fir_sparse_init_q7.c ****  *
   6:Drivers/CMSIS/DSP/Source/FilteringFunctions/arm_fir_sparse_init_q7.c ****  * $Date:        27. January 2017
   7:Drivers/CMSIS/DSP/Source/FilteringFunctions/arm_fir_sparse_init_q7.c ****  * $Revision:    V.1.5.1
   8:Drivers/CMSIS/DSP/Source/FilteringFunctions/arm_fir_sparse_init_q7.c ****  *
   9:Drivers/CMSIS/DSP/Source/FilteringFunctions/arm_fir_sparse_init_q7.c ****  * Target Processor: Cortex-M cores
  10:Drivers/CMSIS/DSP/Source/FilteringFunctions/arm_fir_sparse_init_q7.c ****  * -------------------------------------------------------------------- */
  11:Drivers/CMSIS/DSP/Source/FilteringFunctions/arm_fir_sparse_init_q7.c **** /*
  12:Drivers/CMSIS/DSP/Source/FilteringFunctions/arm_fir_sparse_init_q7.c ****  * Copyright (C) 2010-2017 ARM Limited or its affiliates. All rights reserved.
  13:Drivers/CMSIS/DSP/Source/FilteringFunctions/arm_fir_sparse_init_q7.c ****  *
  14:Drivers/CMSIS/DSP/Source/FilteringFunctions/arm_fir_sparse_init_q7.c ****  * SPDX-License-Identifier: Apache-2.0
  15:Drivers/CMSIS/DSP/Source/FilteringFunctions/arm_fir_sparse_init_q7.c ****  *
  16:Drivers/CMSIS/DSP/Source/FilteringFunctions/arm_fir_sparse_init_q7.c ****  * Licensed under the Apache License, Version 2.0 (the License); you may
  17:Drivers/CMSIS/DSP/Source/FilteringFunctions/arm_fir_sparse_init_q7.c ****  * not use this file except in compliance with the License.
  18:Drivers/CMSIS/DSP/Source/FilteringFunctions/arm_fir_sparse_init_q7.c ****  * You may obtain a copy of the License at
  19:Drivers/CMSIS/DSP/Source/FilteringFunctions/arm_fir_sparse_init_q7.c ****  *
  20:Drivers/CMSIS/DSP/Source/FilteringFunctions/arm_fir_sparse_init_q7.c ****  * www.apache.org/licenses/LICENSE-2.0
  21:Drivers/CMSIS/DSP/Source/FilteringFunctions/arm_fir_sparse_init_q7.c ****  *
  22:Drivers/CMSIS/DSP/Source/FilteringFunctions/arm_fir_sparse_init_q7.c ****  * Unless required by applicable law or agreed to in writing, software
  23:Drivers/CMSIS/DSP/Source/FilteringFunctions/arm_fir_sparse_init_q7.c ****  * distributed under the License is distributed on an AS IS BASIS, WITHOUT
  24:Drivers/CMSIS/DSP/Source/FilteringFunctions/arm_fir_sparse_init_q7.c ****  * WARRANTIES OR CONDITIONS OF ANY KIND, either express or implied.
  25:Drivers/CMSIS/DSP/Source/FilteringFunctions/arm_fir_sparse_init_q7.c ****  * See the License for the specific language governing permissions and
  26:Drivers/CMSIS/DSP/Source/FilteringFunctions/arm_fir_sparse_init_q7.c ****  * limitations under the License.
  27:Drivers/CMSIS/DSP/Source/FilteringFunctions/arm_fir_sparse_init_q7.c ****  */
  28:Drivers/CMSIS/DSP/Source/FilteringFunctions/arm_fir_sparse_init_q7.c **** 
  29:Drivers/CMSIS/DSP/Source/FilteringFunctions/arm_fir_sparse_init_q7.c **** #include "arm_math.h"
  30:Drivers/CMSIS/DSP/Source/FilteringFunctions/arm_fir_sparse_init_q7.c **** 
  31:Drivers/CMSIS/DSP/Source/FilteringFunctions/arm_fir_sparse_init_q7.c **** /**
ARM GAS  C:\Users\Lamp\AppData\Local\Temp\ccQMqTf7.s 			page 2


  32:Drivers/CMSIS/DSP/Source/FilteringFunctions/arm_fir_sparse_init_q7.c ****  * @ingroup groupFilters
  33:Drivers/CMSIS/DSP/Source/FilteringFunctions/arm_fir_sparse_init_q7.c ****  */
  34:Drivers/CMSIS/DSP/Source/FilteringFunctions/arm_fir_sparse_init_q7.c **** 
  35:Drivers/CMSIS/DSP/Source/FilteringFunctions/arm_fir_sparse_init_q7.c **** /**
  36:Drivers/CMSIS/DSP/Source/FilteringFunctions/arm_fir_sparse_init_q7.c ****  * @addtogroup FIR_Sparse
  37:Drivers/CMSIS/DSP/Source/FilteringFunctions/arm_fir_sparse_init_q7.c ****  * @{
  38:Drivers/CMSIS/DSP/Source/FilteringFunctions/arm_fir_sparse_init_q7.c ****  */
  39:Drivers/CMSIS/DSP/Source/FilteringFunctions/arm_fir_sparse_init_q7.c **** 
  40:Drivers/CMSIS/DSP/Source/FilteringFunctions/arm_fir_sparse_init_q7.c **** /**
  41:Drivers/CMSIS/DSP/Source/FilteringFunctions/arm_fir_sparse_init_q7.c ****  * @brief  Initialization function for the Q7 sparse FIR filter.
  42:Drivers/CMSIS/DSP/Source/FilteringFunctions/arm_fir_sparse_init_q7.c ****  * @param[in,out] *S         points to an instance of the Q7 sparse FIR structure.
  43:Drivers/CMSIS/DSP/Source/FilteringFunctions/arm_fir_sparse_init_q7.c ****  * @param[in]     numTaps    number of nonzero coefficients in the filter.
  44:Drivers/CMSIS/DSP/Source/FilteringFunctions/arm_fir_sparse_init_q7.c ****  * @param[in]     *pCoeffs   points to the array of filter coefficients.
  45:Drivers/CMSIS/DSP/Source/FilteringFunctions/arm_fir_sparse_init_q7.c ****  * @param[in]     *pState    points to the state buffer.
  46:Drivers/CMSIS/DSP/Source/FilteringFunctions/arm_fir_sparse_init_q7.c ****  * @param[in]     *pTapDelay points to the array of offset times.
  47:Drivers/CMSIS/DSP/Source/FilteringFunctions/arm_fir_sparse_init_q7.c ****  * @param[in]     maxDelay   maximum offset time supported.
  48:Drivers/CMSIS/DSP/Source/FilteringFunctions/arm_fir_sparse_init_q7.c ****  * @param[in]     blockSize  number of samples that will be processed per block.
  49:Drivers/CMSIS/DSP/Source/FilteringFunctions/arm_fir_sparse_init_q7.c ****  * @return none
  50:Drivers/CMSIS/DSP/Source/FilteringFunctions/arm_fir_sparse_init_q7.c ****  *
  51:Drivers/CMSIS/DSP/Source/FilteringFunctions/arm_fir_sparse_init_q7.c ****  * <b>Description:</b>
  52:Drivers/CMSIS/DSP/Source/FilteringFunctions/arm_fir_sparse_init_q7.c ****  * \par
  53:Drivers/CMSIS/DSP/Source/FilteringFunctions/arm_fir_sparse_init_q7.c ****  * <code>pCoeffs</code> holds the filter coefficients and has length <code>numTaps</code>.
  54:Drivers/CMSIS/DSP/Source/FilteringFunctions/arm_fir_sparse_init_q7.c ****  * <code>pState</code> holds the filter's state variables and must be of length
  55:Drivers/CMSIS/DSP/Source/FilteringFunctions/arm_fir_sparse_init_q7.c ****  * <code>maxDelay + blockSize</code>, where <code>maxDelay</code>
  56:Drivers/CMSIS/DSP/Source/FilteringFunctions/arm_fir_sparse_init_q7.c ****  * is the maximum number of delay line values.
  57:Drivers/CMSIS/DSP/Source/FilteringFunctions/arm_fir_sparse_init_q7.c ****  * <code>blockSize</code> is the
  58:Drivers/CMSIS/DSP/Source/FilteringFunctions/arm_fir_sparse_init_q7.c ****  * number of samples processed by the <code>arm_fir_sparse_q7()</code> function.
  59:Drivers/CMSIS/DSP/Source/FilteringFunctions/arm_fir_sparse_init_q7.c ****  */
  60:Drivers/CMSIS/DSP/Source/FilteringFunctions/arm_fir_sparse_init_q7.c **** 
  61:Drivers/CMSIS/DSP/Source/FilteringFunctions/arm_fir_sparse_init_q7.c **** void arm_fir_sparse_init_q7(
  62:Drivers/CMSIS/DSP/Source/FilteringFunctions/arm_fir_sparse_init_q7.c ****   arm_fir_sparse_instance_q7 * S,
  63:Drivers/CMSIS/DSP/Source/FilteringFunctions/arm_fir_sparse_init_q7.c ****   uint16_t numTaps,
  64:Drivers/CMSIS/DSP/Source/FilteringFunctions/arm_fir_sparse_init_q7.c ****   q7_t * pCoeffs,
  65:Drivers/CMSIS/DSP/Source/FilteringFunctions/arm_fir_sparse_init_q7.c ****   q7_t * pState,
  66:Drivers/CMSIS/DSP/Source/FilteringFunctions/arm_fir_sparse_init_q7.c ****   int32_t * pTapDelay,
  67:Drivers/CMSIS/DSP/Source/FilteringFunctions/arm_fir_sparse_init_q7.c ****   uint16_t maxDelay,
  68:Drivers/CMSIS/DSP/Source/FilteringFunctions/arm_fir_sparse_init_q7.c ****   uint32_t blockSize)
  69:Drivers/CMSIS/DSP/Source/FilteringFunctions/arm_fir_sparse_init_q7.c **** {
  28              		.loc 1 69 1 view -0
  29              		.cfi_startproc
  30              		@ args = 12, pretend = 0, frame = 0
  31              		@ frame_needed = 0, uses_anonymous_args = 0
  32              		.loc 1 69 1 is_stmt 0 view .LVU1
  33 0000 38B5     		push	{r3, r4, r5, lr}
  34              	.LCFI0:
  35              		.cfi_def_cfa_offset 16
  36              		.cfi_offset 3, -16
  37              		.cfi_offset 4, -12
  38              		.cfi_offset 5, -8
  39              		.cfi_offset 14, -4
  40 0002 0446     		mov	r4, r0
  41 0004 1D46     		mov	r5, r3
  42 0006 BDF81430 		ldrh	r3, [sp, #20]
  43              	.LVL1:
  70:Drivers/CMSIS/DSP/Source/FilteringFunctions/arm_fir_sparse_init_q7.c ****   /* Assign filter taps */
  71:Drivers/CMSIS/DSP/Source/FilteringFunctions/arm_fir_sparse_init_q7.c ****   S->numTaps = numTaps;
  44              		.loc 1 71 3 is_stmt 1 view .LVU2
ARM GAS  C:\Users\Lamp\AppData\Local\Temp\ccQMqTf7.s 			page 3


  45              		.loc 1 71 14 is_stmt 0 view .LVU3
  46 000a 0180     		strh	r1, [r0]	@ movhi
  72:Drivers/CMSIS/DSP/Source/FilteringFunctions/arm_fir_sparse_init_q7.c **** 
  73:Drivers/CMSIS/DSP/Source/FilteringFunctions/arm_fir_sparse_init_q7.c ****   /* Assign coefficient pointer */
  74:Drivers/CMSIS/DSP/Source/FilteringFunctions/arm_fir_sparse_init_q7.c ****   S->pCoeffs = pCoeffs;
  47              		.loc 1 74 3 is_stmt 1 view .LVU4
  48              		.loc 1 74 14 is_stmt 0 view .LVU5
  49 000c 8260     		str	r2, [r0, #8]
  75:Drivers/CMSIS/DSP/Source/FilteringFunctions/arm_fir_sparse_init_q7.c **** 
  76:Drivers/CMSIS/DSP/Source/FilteringFunctions/arm_fir_sparse_init_q7.c ****   /* Assign TapDelay pointer */
  77:Drivers/CMSIS/DSP/Source/FilteringFunctions/arm_fir_sparse_init_q7.c ****   S->pTapDelay = pTapDelay;
  50              		.loc 1 77 3 is_stmt 1 view .LVU6
  51              		.loc 1 77 16 is_stmt 0 view .LVU7
  52 000e 049A     		ldr	r2, [sp, #16]
  53              	.LVL2:
  54              		.loc 1 77 16 view .LVU8
  55 0010 0261     		str	r2, [r0, #16]
  78:Drivers/CMSIS/DSP/Source/FilteringFunctions/arm_fir_sparse_init_q7.c **** 
  79:Drivers/CMSIS/DSP/Source/FilteringFunctions/arm_fir_sparse_init_q7.c ****   /* Assign MaxDelay */
  80:Drivers/CMSIS/DSP/Source/FilteringFunctions/arm_fir_sparse_init_q7.c ****   S->maxDelay = maxDelay;
  56              		.loc 1 80 3 is_stmt 1 view .LVU9
  57              		.loc 1 80 15 is_stmt 0 view .LVU10
  58 0012 8381     		strh	r3, [r0, #12]	@ movhi
  81:Drivers/CMSIS/DSP/Source/FilteringFunctions/arm_fir_sparse_init_q7.c **** 
  82:Drivers/CMSIS/DSP/Source/FilteringFunctions/arm_fir_sparse_init_q7.c ****   /* reset the stateIndex to 0 */
  83:Drivers/CMSIS/DSP/Source/FilteringFunctions/arm_fir_sparse_init_q7.c ****   S->stateIndex = 0U;
  59              		.loc 1 83 3 is_stmt 1 view .LVU11
  60              		.loc 1 83 17 is_stmt 0 view .LVU12
  61 0014 0021     		movs	r1, #0
  62              	.LVL3:
  63              		.loc 1 83 17 view .LVU13
  64 0016 4180     		strh	r1, [r0, #2]	@ movhi
  84:Drivers/CMSIS/DSP/Source/FilteringFunctions/arm_fir_sparse_init_q7.c **** 
  85:Drivers/CMSIS/DSP/Source/FilteringFunctions/arm_fir_sparse_init_q7.c ****   /* Clear state buffer and size is always maxDelay + blockSize */
  86:Drivers/CMSIS/DSP/Source/FilteringFunctions/arm_fir_sparse_init_q7.c ****   memset(pState, 0, (maxDelay + blockSize) * sizeof(q7_t));
  65              		.loc 1 86 3 is_stmt 1 view .LVU14
  66 0018 069A     		ldr	r2, [sp, #24]
  67 001a 1A44     		add	r2, r2, r3
  68 001c 2846     		mov	r0, r5
  69              	.LVL4:
  70              		.loc 1 86 3 is_stmt 0 view .LVU15
  71 001e FFF7FEFF 		bl	memset
  72              	.LVL5:
  87:Drivers/CMSIS/DSP/Source/FilteringFunctions/arm_fir_sparse_init_q7.c **** 
  88:Drivers/CMSIS/DSP/Source/FilteringFunctions/arm_fir_sparse_init_q7.c ****   /* Assign state pointer */
  89:Drivers/CMSIS/DSP/Source/FilteringFunctions/arm_fir_sparse_init_q7.c ****   S->pState = pState;
  73              		.loc 1 89 3 is_stmt 1 view .LVU16
  74              		.loc 1 89 13 is_stmt 0 view .LVU17
  75 0022 6560     		str	r5, [r4, #4]
  90:Drivers/CMSIS/DSP/Source/FilteringFunctions/arm_fir_sparse_init_q7.c **** 
  91:Drivers/CMSIS/DSP/Source/FilteringFunctions/arm_fir_sparse_init_q7.c **** }
  76              		.loc 1 91 1 view .LVU18
  77 0024 38BD     		pop	{r3, r4, r5, pc}
  78              		.loc 1 91 1 view .LVU19
  79              		.cfi_endproc
  80              	.LFE100:
  82              		.text
ARM GAS  C:\Users\Lamp\AppData\Local\Temp\ccQMqTf7.s 			page 4


  83              	.Letext0:
  84              		.file 2 "C:/ARM GNU Toolchain/arm-none-eabi/include/machine/_default_types.h"
  85              		.file 3 "C:/ARM GNU Toolchain/arm-none-eabi/include/sys/_stdint.h"
  86              		.file 4 "C:/ARM GNU Toolchain/lib/gcc/arm-none-eabi/13.3.1/include/stddef.h"
  87              		.file 5 "Drivers/CMSIS/DSP/Include/arm_math.h"
  88              		.file 6 "C:/ARM GNU Toolchain/arm-none-eabi/include/string.h"
  89              		.file 7 "<built-in>"
ARM GAS  C:\Users\Lamp\AppData\Local\Temp\ccQMqTf7.s 			page 5


DEFINED SYMBOLS
                            *ABS*:00000000 arm_fir_sparse_init_q7.c
C:\Users\Lamp\AppData\Local\Temp\ccQMqTf7.s:19     .text.arm_fir_sparse_init_q7:00000000 $t
C:\Users\Lamp\AppData\Local\Temp\ccQMqTf7.s:25     .text.arm_fir_sparse_init_q7:00000000 arm_fir_sparse_init_q7

UNDEFINED SYMBOLS
memset
