ARM GAS  C:\Users\Lamp\AppData\Local\Temp\cct7JNgZ.s 			page 1


   1              		.cpu cortex-m3
   2              		.arch armv7-m
   3              		.fpu softvfp
   4              		.eabi_attribute 20, 1
   5              		.eabi_attribute 21, 1
   6              		.eabi_attribute 23, 3
   7              		.eabi_attribute 24, 1
   8              		.eabi_attribute 25, 1
   9              		.eabi_attribute 26, 1
  10              		.eabi_attribute 30, 1
  11              		.eabi_attribute 34, 1
  12              		.eabi_attribute 18, 4
  13              		.file	"arm_add_q15.c"
  14              		.text
  15              	.Ltext0:
  16              		.cfi_sections	.debug_frame
  17              		.file 1 "Drivers/CMSIS/DSP/Source/BasicMathFunctions/arm_add_q15.c"
  18              		.section	.text.arm_add_q15,"ax",%progbits
  19              		.align	1
  20              		.global	arm_add_q15
  21              		.syntax unified
  22              		.thumb
  23              		.thumb_func
  25              	arm_add_q15:
  26              	.LVL0:
  27              	.LFB100:
   1:Drivers/CMSIS/DSP/Source/BasicMathFunctions/arm_add_q15.c **** /* ----------------------------------------------------------------------
   2:Drivers/CMSIS/DSP/Source/BasicMathFunctions/arm_add_q15.c ****  * Project:      CMSIS DSP Library
   3:Drivers/CMSIS/DSP/Source/BasicMathFunctions/arm_add_q15.c ****  * Title:        arm_add_q15.c
   4:Drivers/CMSIS/DSP/Source/BasicMathFunctions/arm_add_q15.c ****  * Description:  Q15 vector addition
   5:Drivers/CMSIS/DSP/Source/BasicMathFunctions/arm_add_q15.c ****  *
   6:Drivers/CMSIS/DSP/Source/BasicMathFunctions/arm_add_q15.c ****  * $Date:        27. January 2017
   7:Drivers/CMSIS/DSP/Source/BasicMathFunctions/arm_add_q15.c ****  * $Revision:    V.1.5.1
   8:Drivers/CMSIS/DSP/Source/BasicMathFunctions/arm_add_q15.c ****  *
   9:Drivers/CMSIS/DSP/Source/BasicMathFunctions/arm_add_q15.c ****  * Target Processor: Cortex-M cores
  10:Drivers/CMSIS/DSP/Source/BasicMathFunctions/arm_add_q15.c ****  * -------------------------------------------------------------------- */
  11:Drivers/CMSIS/DSP/Source/BasicMathFunctions/arm_add_q15.c **** /*
  12:Drivers/CMSIS/DSP/Source/BasicMathFunctions/arm_add_q15.c ****  * Copyright (C) 2010-2017 ARM Limited or its affiliates. All rights reserved.
  13:Drivers/CMSIS/DSP/Source/BasicMathFunctions/arm_add_q15.c ****  *
  14:Drivers/CMSIS/DSP/Source/BasicMathFunctions/arm_add_q15.c ****  * SPDX-License-Identifier: Apache-2.0
  15:Drivers/CMSIS/DSP/Source/BasicMathFunctions/arm_add_q15.c ****  *
  16:Drivers/CMSIS/DSP/Source/BasicMathFunctions/arm_add_q15.c ****  * Licensed under the Apache License, Version 2.0 (the License); you may
  17:Drivers/CMSIS/DSP/Source/BasicMathFunctions/arm_add_q15.c ****  * not use this file except in compliance with the License.
  18:Drivers/CMSIS/DSP/Source/BasicMathFunctions/arm_add_q15.c ****  * You may obtain a copy of the License at
  19:Drivers/CMSIS/DSP/Source/BasicMathFunctions/arm_add_q15.c ****  *
  20:Drivers/CMSIS/DSP/Source/BasicMathFunctions/arm_add_q15.c ****  * www.apache.org/licenses/LICENSE-2.0
  21:Drivers/CMSIS/DSP/Source/BasicMathFunctions/arm_add_q15.c ****  *
  22:Drivers/CMSIS/DSP/Source/BasicMathFunctions/arm_add_q15.c ****  * Unless required by applicable law or agreed to in writing, software
  23:Drivers/CMSIS/DSP/Source/BasicMathFunctions/arm_add_q15.c ****  * distributed under the License is distributed on an AS IS BASIS, WITHOUT
  24:Drivers/CMSIS/DSP/Source/BasicMathFunctions/arm_add_q15.c ****  * WARRANTIES OR CONDITIONS OF ANY KIND, either express or implied.
  25:Drivers/CMSIS/DSP/Source/BasicMathFunctions/arm_add_q15.c ****  * See the License for the specific language governing permissions and
  26:Drivers/CMSIS/DSP/Source/BasicMathFunctions/arm_add_q15.c ****  * limitations under the License.
  27:Drivers/CMSIS/DSP/Source/BasicMathFunctions/arm_add_q15.c ****  */
  28:Drivers/CMSIS/DSP/Source/BasicMathFunctions/arm_add_q15.c **** 
  29:Drivers/CMSIS/DSP/Source/BasicMathFunctions/arm_add_q15.c **** #include "arm_math.h"
  30:Drivers/CMSIS/DSP/Source/BasicMathFunctions/arm_add_q15.c **** 
  31:Drivers/CMSIS/DSP/Source/BasicMathFunctions/arm_add_q15.c **** /**
ARM GAS  C:\Users\Lamp\AppData\Local\Temp\cct7JNgZ.s 			page 2


  32:Drivers/CMSIS/DSP/Source/BasicMathFunctions/arm_add_q15.c ****  * @ingroup groupMath
  33:Drivers/CMSIS/DSP/Source/BasicMathFunctions/arm_add_q15.c ****  */
  34:Drivers/CMSIS/DSP/Source/BasicMathFunctions/arm_add_q15.c **** 
  35:Drivers/CMSIS/DSP/Source/BasicMathFunctions/arm_add_q15.c **** /**
  36:Drivers/CMSIS/DSP/Source/BasicMathFunctions/arm_add_q15.c ****  * @addtogroup BasicAdd
  37:Drivers/CMSIS/DSP/Source/BasicMathFunctions/arm_add_q15.c ****  * @{
  38:Drivers/CMSIS/DSP/Source/BasicMathFunctions/arm_add_q15.c ****  */
  39:Drivers/CMSIS/DSP/Source/BasicMathFunctions/arm_add_q15.c **** 
  40:Drivers/CMSIS/DSP/Source/BasicMathFunctions/arm_add_q15.c **** /**
  41:Drivers/CMSIS/DSP/Source/BasicMathFunctions/arm_add_q15.c ****  * @brief Q15 vector addition.
  42:Drivers/CMSIS/DSP/Source/BasicMathFunctions/arm_add_q15.c ****  * @param[in]       *pSrcA points to the first input vector
  43:Drivers/CMSIS/DSP/Source/BasicMathFunctions/arm_add_q15.c ****  * @param[in]       *pSrcB points to the second input vector
  44:Drivers/CMSIS/DSP/Source/BasicMathFunctions/arm_add_q15.c ****  * @param[out]      *pDst points to the output vector
  45:Drivers/CMSIS/DSP/Source/BasicMathFunctions/arm_add_q15.c ****  * @param[in]       blockSize number of samples in each vector
  46:Drivers/CMSIS/DSP/Source/BasicMathFunctions/arm_add_q15.c ****  * @return none.
  47:Drivers/CMSIS/DSP/Source/BasicMathFunctions/arm_add_q15.c ****  *
  48:Drivers/CMSIS/DSP/Source/BasicMathFunctions/arm_add_q15.c ****  * <b>Scaling and Overflow Behavior:</b>
  49:Drivers/CMSIS/DSP/Source/BasicMathFunctions/arm_add_q15.c ****  * \par
  50:Drivers/CMSIS/DSP/Source/BasicMathFunctions/arm_add_q15.c ****  * The function uses saturating arithmetic.
  51:Drivers/CMSIS/DSP/Source/BasicMathFunctions/arm_add_q15.c ****  * Results outside of the allowable Q15 range [0x8000 0x7FFF] will be saturated.
  52:Drivers/CMSIS/DSP/Source/BasicMathFunctions/arm_add_q15.c ****  */
  53:Drivers/CMSIS/DSP/Source/BasicMathFunctions/arm_add_q15.c **** 
  54:Drivers/CMSIS/DSP/Source/BasicMathFunctions/arm_add_q15.c **** void arm_add_q15(
  55:Drivers/CMSIS/DSP/Source/BasicMathFunctions/arm_add_q15.c ****   q15_t * pSrcA,
  56:Drivers/CMSIS/DSP/Source/BasicMathFunctions/arm_add_q15.c ****   q15_t * pSrcB,
  57:Drivers/CMSIS/DSP/Source/BasicMathFunctions/arm_add_q15.c ****   q15_t * pDst,
  58:Drivers/CMSIS/DSP/Source/BasicMathFunctions/arm_add_q15.c ****   uint32_t blockSize)
  59:Drivers/CMSIS/DSP/Source/BasicMathFunctions/arm_add_q15.c **** {
  28              		.loc 1 59 1 view -0
  29              		.cfi_startproc
  30              		@ args = 0, pretend = 0, frame = 0
  31              		@ frame_needed = 0, uses_anonymous_args = 0
  60:Drivers/CMSIS/DSP/Source/BasicMathFunctions/arm_add_q15.c ****   uint32_t blkCnt;                               /* loop counter */
  32              		.loc 1 60 3 view .LVU1
  61:Drivers/CMSIS/DSP/Source/BasicMathFunctions/arm_add_q15.c **** 
  62:Drivers/CMSIS/DSP/Source/BasicMathFunctions/arm_add_q15.c **** #if defined (ARM_MATH_DSP)
  63:Drivers/CMSIS/DSP/Source/BasicMathFunctions/arm_add_q15.c **** 
  64:Drivers/CMSIS/DSP/Source/BasicMathFunctions/arm_add_q15.c **** /* Run the below code for Cortex-M4 and Cortex-M3 */
  65:Drivers/CMSIS/DSP/Source/BasicMathFunctions/arm_add_q15.c ****   q31_t inA1, inA2, inB1, inB2;
  66:Drivers/CMSIS/DSP/Source/BasicMathFunctions/arm_add_q15.c **** 
  67:Drivers/CMSIS/DSP/Source/BasicMathFunctions/arm_add_q15.c ****   /*loop Unrolling */
  68:Drivers/CMSIS/DSP/Source/BasicMathFunctions/arm_add_q15.c ****   blkCnt = blockSize >> 2U;
  69:Drivers/CMSIS/DSP/Source/BasicMathFunctions/arm_add_q15.c **** 
  70:Drivers/CMSIS/DSP/Source/BasicMathFunctions/arm_add_q15.c ****   /* First part of the processing with loop unrolling.  Compute 4 outputs at a time.
  71:Drivers/CMSIS/DSP/Source/BasicMathFunctions/arm_add_q15.c ****    ** a second loop below computes the remaining 1 to 3 samples. */
  72:Drivers/CMSIS/DSP/Source/BasicMathFunctions/arm_add_q15.c ****   while (blkCnt > 0U)
  73:Drivers/CMSIS/DSP/Source/BasicMathFunctions/arm_add_q15.c ****   {
  74:Drivers/CMSIS/DSP/Source/BasicMathFunctions/arm_add_q15.c ****     /* C = A + B */
  75:Drivers/CMSIS/DSP/Source/BasicMathFunctions/arm_add_q15.c ****     /* Add and then store the results in the destination buffer. */
  76:Drivers/CMSIS/DSP/Source/BasicMathFunctions/arm_add_q15.c ****     inA1 = *__SIMD32(pSrcA)++;
  77:Drivers/CMSIS/DSP/Source/BasicMathFunctions/arm_add_q15.c ****     inA2 = *__SIMD32(pSrcA)++;
  78:Drivers/CMSIS/DSP/Source/BasicMathFunctions/arm_add_q15.c ****     inB1 = *__SIMD32(pSrcB)++;
  79:Drivers/CMSIS/DSP/Source/BasicMathFunctions/arm_add_q15.c ****     inB2 = *__SIMD32(pSrcB)++;
  80:Drivers/CMSIS/DSP/Source/BasicMathFunctions/arm_add_q15.c **** 
  81:Drivers/CMSIS/DSP/Source/BasicMathFunctions/arm_add_q15.c ****     *__SIMD32(pDst)++ = __QADD16(inA1, inB1);
  82:Drivers/CMSIS/DSP/Source/BasicMathFunctions/arm_add_q15.c ****     *__SIMD32(pDst)++ = __QADD16(inA2, inB2);
  83:Drivers/CMSIS/DSP/Source/BasicMathFunctions/arm_add_q15.c **** 
ARM GAS  C:\Users\Lamp\AppData\Local\Temp\cct7JNgZ.s 			page 3


  84:Drivers/CMSIS/DSP/Source/BasicMathFunctions/arm_add_q15.c ****     /* Decrement the loop counter */
  85:Drivers/CMSIS/DSP/Source/BasicMathFunctions/arm_add_q15.c ****     blkCnt--;
  86:Drivers/CMSIS/DSP/Source/BasicMathFunctions/arm_add_q15.c ****   }
  87:Drivers/CMSIS/DSP/Source/BasicMathFunctions/arm_add_q15.c **** 
  88:Drivers/CMSIS/DSP/Source/BasicMathFunctions/arm_add_q15.c ****   /* If the blockSize is not a multiple of 4, compute any remaining output samples here.
  89:Drivers/CMSIS/DSP/Source/BasicMathFunctions/arm_add_q15.c ****    ** No loop unrolling is used. */
  90:Drivers/CMSIS/DSP/Source/BasicMathFunctions/arm_add_q15.c ****   blkCnt = blockSize % 0x4U;
  91:Drivers/CMSIS/DSP/Source/BasicMathFunctions/arm_add_q15.c **** 
  92:Drivers/CMSIS/DSP/Source/BasicMathFunctions/arm_add_q15.c ****   while (blkCnt > 0U)
  93:Drivers/CMSIS/DSP/Source/BasicMathFunctions/arm_add_q15.c ****   {
  94:Drivers/CMSIS/DSP/Source/BasicMathFunctions/arm_add_q15.c ****     /* C = A + B */
  95:Drivers/CMSIS/DSP/Source/BasicMathFunctions/arm_add_q15.c ****     /* Add and then store the results in the destination buffer. */
  96:Drivers/CMSIS/DSP/Source/BasicMathFunctions/arm_add_q15.c ****     *pDst++ = (q15_t) __QADD16(*pSrcA++, *pSrcB++);
  97:Drivers/CMSIS/DSP/Source/BasicMathFunctions/arm_add_q15.c **** 
  98:Drivers/CMSIS/DSP/Source/BasicMathFunctions/arm_add_q15.c ****     /* Decrement the loop counter */
  99:Drivers/CMSIS/DSP/Source/BasicMathFunctions/arm_add_q15.c ****     blkCnt--;
 100:Drivers/CMSIS/DSP/Source/BasicMathFunctions/arm_add_q15.c ****   }
 101:Drivers/CMSIS/DSP/Source/BasicMathFunctions/arm_add_q15.c **** 
 102:Drivers/CMSIS/DSP/Source/BasicMathFunctions/arm_add_q15.c **** #else
 103:Drivers/CMSIS/DSP/Source/BasicMathFunctions/arm_add_q15.c **** 
 104:Drivers/CMSIS/DSP/Source/BasicMathFunctions/arm_add_q15.c ****   /* Run the below code for Cortex-M0 */
 105:Drivers/CMSIS/DSP/Source/BasicMathFunctions/arm_add_q15.c **** 
 106:Drivers/CMSIS/DSP/Source/BasicMathFunctions/arm_add_q15.c **** 
 107:Drivers/CMSIS/DSP/Source/BasicMathFunctions/arm_add_q15.c **** 
 108:Drivers/CMSIS/DSP/Source/BasicMathFunctions/arm_add_q15.c ****   /* Initialize blkCnt with number of samples */
 109:Drivers/CMSIS/DSP/Source/BasicMathFunctions/arm_add_q15.c ****   blkCnt = blockSize;
  33              		.loc 1 109 3 view .LVU2
 110:Drivers/CMSIS/DSP/Source/BasicMathFunctions/arm_add_q15.c **** 
 111:Drivers/CMSIS/DSP/Source/BasicMathFunctions/arm_add_q15.c ****   while (blkCnt > 0U)
  34              		.loc 1 111 3 view .LVU3
  35              		.loc 1 111 17 view .LVU4
  36 0000 73B1     		cbz	r3, .L7
  59:Drivers/CMSIS/DSP/Source/BasicMathFunctions/arm_add_q15.c ****   uint32_t blkCnt;                               /* loop counter */
  37              		.loc 1 59 1 is_stmt 0 view .LVU5
  38 0002 00B5     		push	{lr}
  39              	.LCFI0:
  40              		.cfi_def_cfa_offset 4
  41              		.cfi_offset 14, -4
  42              	.LVL1:
  43              	.L3:
 112:Drivers/CMSIS/DSP/Source/BasicMathFunctions/arm_add_q15.c ****   {
 113:Drivers/CMSIS/DSP/Source/BasicMathFunctions/arm_add_q15.c ****     /* C = A + B */
 114:Drivers/CMSIS/DSP/Source/BasicMathFunctions/arm_add_q15.c ****     /* Add and then store the results in the destination buffer. */
 115:Drivers/CMSIS/DSP/Source/BasicMathFunctions/arm_add_q15.c ****     *pDst++ = (q15_t) __SSAT(((q31_t) * pSrcA++ + *pSrcB++), 16);
  44              		.loc 1 115 5 is_stmt 1 view .LVU6
  45              	.LBB2:
  46              		.loc 1 115 23 view .LVU7
  47              		.loc 1 115 23 is_stmt 0 view .LVU8
  48 0004 30F902CB 		ldrsh	ip, [r0], #2
  49              	.LVL2:
  50              		.loc 1 115 23 view .LVU9
  51 0008 31F902EB 		ldrsh	lr, [r1], #2
  52              	.LVL3:
  53              		.loc 1 115 23 view .LVU10
  54 000c F444     		add	ip, ip, lr
  55              	.LVL4:
  56              		.loc 1 115 23 is_stmt 1 view .LVU11
ARM GAS  C:\Users\Lamp\AppData\Local\Temp\cct7JNgZ.s 			page 4


  57              		.syntax unified
  58              	@ 115 "Drivers/CMSIS/DSP/Source/BasicMathFunctions/arm_add_q15.c" 1
  59 000e 0CF30F0C 		ssat ip, #16, ip
  60              	@ 0 "" 2
  61              	.LVL5:
  62              		.loc 1 115 23 view .LVU12
  63              		.loc 1 115 23 is_stmt 0 view .LVU13
  64              		.thumb
  65              		.syntax unified
  66              	.LBE2:
  67              		.loc 1 115 13 view .LVU14
  68 0012 22F802CB 		strh	ip, [r2], #2	@ movhi
  69              	.LVL6:
 116:Drivers/CMSIS/DSP/Source/BasicMathFunctions/arm_add_q15.c **** 
 117:Drivers/CMSIS/DSP/Source/BasicMathFunctions/arm_add_q15.c ****     /* Decrement the loop counter */
 118:Drivers/CMSIS/DSP/Source/BasicMathFunctions/arm_add_q15.c ****     blkCnt--;
  70              		.loc 1 118 5 is_stmt 1 view .LVU15
  71              		.loc 1 118 11 is_stmt 0 view .LVU16
  72 0016 013B     		subs	r3, r3, #1
  73              	.LVL7:
 111:Drivers/CMSIS/DSP/Source/BasicMathFunctions/arm_add_q15.c ****   {
  74              		.loc 1 111 17 is_stmt 1 view .LVU17
  75 0018 002B     		cmp	r3, #0
  76 001a F3D1     		bne	.L3
 119:Drivers/CMSIS/DSP/Source/BasicMathFunctions/arm_add_q15.c ****   }
 120:Drivers/CMSIS/DSP/Source/BasicMathFunctions/arm_add_q15.c **** 
 121:Drivers/CMSIS/DSP/Source/BasicMathFunctions/arm_add_q15.c **** #endif /* #if defined (ARM_MATH_DSP) */
 122:Drivers/CMSIS/DSP/Source/BasicMathFunctions/arm_add_q15.c **** 
 123:Drivers/CMSIS/DSP/Source/BasicMathFunctions/arm_add_q15.c **** 
 124:Drivers/CMSIS/DSP/Source/BasicMathFunctions/arm_add_q15.c **** }
  77              		.loc 1 124 1 is_stmt 0 view .LVU18
  78 001c 5DF804FB 		ldr	pc, [sp], #4
  79              	.LVL8:
  80              	.L7:
  81              	.LCFI1:
  82              		.cfi_def_cfa_offset 0
  83              		.cfi_restore 14
  84              		.loc 1 124 1 view .LVU19
  85 0020 7047     		bx	lr
  86              		.cfi_endproc
  87              	.LFE100:
  89              		.text
  90              	.Letext0:
  91              		.file 2 "C:/ARM GNU Toolchain/arm-none-eabi/include/machine/_default_types.h"
  92              		.file 3 "C:/ARM GNU Toolchain/arm-none-eabi/include/sys/_stdint.h"
  93              		.file 4 "Drivers/CMSIS/DSP/Include/arm_math.h"
ARM GAS  C:\Users\Lamp\AppData\Local\Temp\cct7JNgZ.s 			page 5


DEFINED SYMBOLS
                            *ABS*:00000000 arm_add_q15.c
C:\Users\Lamp\AppData\Local\Temp\cct7JNgZ.s:19     .text.arm_add_q15:00000000 $t
C:\Users\Lamp\AppData\Local\Temp\cct7JNgZ.s:25     .text.arm_add_q15:00000000 arm_add_q15

NO UNDEFINED SYMBOLS
