ARM GAS  C:\Users\Lamp\AppData\Local\Temp\ccJ8OYrk.s 			page 1


   1              		.cpu cortex-m3
   2              		.arch armv7-m
   3              		.fpu softvfp
   4              		.eabi_attribute 20, 1
   5              		.eabi_attribute 21, 1
   6              		.eabi_attribute 23, 3
   7              		.eabi_attribute 24, 1
   8              		.eabi_attribute 25, 1
   9              		.eabi_attribute 26, 1
  10              		.eabi_attribute 30, 1
  11              		.eabi_attribute 34, 1
  12              		.eabi_attribute 18, 4
  13              		.file	"arm_power_f32.c"
  14              		.text
  15              	.Ltext0:
  16              		.cfi_sections	.debug_frame
  17              		.file 1 "Drivers/CMSIS/DSP/Source/StatisticsFunctions/arm_power_f32.c"
  18              		.global	__aeabi_fmul
  19              		.global	__aeabi_fadd
  20              		.section	.text.arm_power_f32,"ax",%progbits
  21              		.align	1
  22              		.global	arm_power_f32
  23              		.syntax unified
  24              		.thumb
  25              		.thumb_func
  27              	arm_power_f32:
  28              	.LVL0:
  29              	.LFB100:
   1:Drivers/CMSIS/DSP/Source/StatisticsFunctions/arm_power_f32.c **** /* ----------------------------------------------------------------------
   2:Drivers/CMSIS/DSP/Source/StatisticsFunctions/arm_power_f32.c ****  * Project:      CMSIS DSP Library
   3:Drivers/CMSIS/DSP/Source/StatisticsFunctions/arm_power_f32.c ****  * Title:        arm_power_f32.c
   4:Drivers/CMSIS/DSP/Source/StatisticsFunctions/arm_power_f32.c ****  * Description:  Sum of the squares of the elements of a floating-point vector
   5:Drivers/CMSIS/DSP/Source/StatisticsFunctions/arm_power_f32.c ****  *
   6:Drivers/CMSIS/DSP/Source/StatisticsFunctions/arm_power_f32.c ****  * $Date:        27. January 2017
   7:Drivers/CMSIS/DSP/Source/StatisticsFunctions/arm_power_f32.c ****  * $Revision:    V.1.5.1
   8:Drivers/CMSIS/DSP/Source/StatisticsFunctions/arm_power_f32.c ****  *
   9:Drivers/CMSIS/DSP/Source/StatisticsFunctions/arm_power_f32.c ****  * Target Processor: Cortex-M cores
  10:Drivers/CMSIS/DSP/Source/StatisticsFunctions/arm_power_f32.c ****  * -------------------------------------------------------------------- */
  11:Drivers/CMSIS/DSP/Source/StatisticsFunctions/arm_power_f32.c **** /*
  12:Drivers/CMSIS/DSP/Source/StatisticsFunctions/arm_power_f32.c ****  * Copyright (C) 2010-2017 ARM Limited or its affiliates. All rights reserved.
  13:Drivers/CMSIS/DSP/Source/StatisticsFunctions/arm_power_f32.c ****  *
  14:Drivers/CMSIS/DSP/Source/StatisticsFunctions/arm_power_f32.c ****  * SPDX-License-Identifier: Apache-2.0
  15:Drivers/CMSIS/DSP/Source/StatisticsFunctions/arm_power_f32.c ****  *
  16:Drivers/CMSIS/DSP/Source/StatisticsFunctions/arm_power_f32.c ****  * Licensed under the Apache License, Version 2.0 (the License); you may
  17:Drivers/CMSIS/DSP/Source/StatisticsFunctions/arm_power_f32.c ****  * not use this file except in compliance with the License.
  18:Drivers/CMSIS/DSP/Source/StatisticsFunctions/arm_power_f32.c ****  * You may obtain a copy of the License at
  19:Drivers/CMSIS/DSP/Source/StatisticsFunctions/arm_power_f32.c ****  *
  20:Drivers/CMSIS/DSP/Source/StatisticsFunctions/arm_power_f32.c ****  * www.apache.org/licenses/LICENSE-2.0
  21:Drivers/CMSIS/DSP/Source/StatisticsFunctions/arm_power_f32.c ****  *
  22:Drivers/CMSIS/DSP/Source/StatisticsFunctions/arm_power_f32.c ****  * Unless required by applicable law or agreed to in writing, software
  23:Drivers/CMSIS/DSP/Source/StatisticsFunctions/arm_power_f32.c ****  * distributed under the License is distributed on an AS IS BASIS, WITHOUT
  24:Drivers/CMSIS/DSP/Source/StatisticsFunctions/arm_power_f32.c ****  * WARRANTIES OR CONDITIONS OF ANY KIND, either express or implied.
  25:Drivers/CMSIS/DSP/Source/StatisticsFunctions/arm_power_f32.c ****  * See the License for the specific language governing permissions and
  26:Drivers/CMSIS/DSP/Source/StatisticsFunctions/arm_power_f32.c ****  * limitations under the License.
  27:Drivers/CMSIS/DSP/Source/StatisticsFunctions/arm_power_f32.c ****  */
  28:Drivers/CMSIS/DSP/Source/StatisticsFunctions/arm_power_f32.c **** 
  29:Drivers/CMSIS/DSP/Source/StatisticsFunctions/arm_power_f32.c **** #include "arm_math.h"
ARM GAS  C:\Users\Lamp\AppData\Local\Temp\ccJ8OYrk.s 			page 2


  30:Drivers/CMSIS/DSP/Source/StatisticsFunctions/arm_power_f32.c **** 
  31:Drivers/CMSIS/DSP/Source/StatisticsFunctions/arm_power_f32.c **** /**
  32:Drivers/CMSIS/DSP/Source/StatisticsFunctions/arm_power_f32.c ****  * @ingroup groupStats
  33:Drivers/CMSIS/DSP/Source/StatisticsFunctions/arm_power_f32.c ****  */
  34:Drivers/CMSIS/DSP/Source/StatisticsFunctions/arm_power_f32.c **** 
  35:Drivers/CMSIS/DSP/Source/StatisticsFunctions/arm_power_f32.c **** /**
  36:Drivers/CMSIS/DSP/Source/StatisticsFunctions/arm_power_f32.c ****  * @defgroup power Power
  37:Drivers/CMSIS/DSP/Source/StatisticsFunctions/arm_power_f32.c ****  *
  38:Drivers/CMSIS/DSP/Source/StatisticsFunctions/arm_power_f32.c ****  * Calculates the sum of the squares of the elements in the input vector.
  39:Drivers/CMSIS/DSP/Source/StatisticsFunctions/arm_power_f32.c ****  * The underlying algorithm is used:
  40:Drivers/CMSIS/DSP/Source/StatisticsFunctions/arm_power_f32.c ****  *
  41:Drivers/CMSIS/DSP/Source/StatisticsFunctions/arm_power_f32.c ****  * <pre>
  42:Drivers/CMSIS/DSP/Source/StatisticsFunctions/arm_power_f32.c ****  * 	Result = pSrc[0] * pSrc[0] + pSrc[1] * pSrc[1] + pSrc[2] * pSrc[2] + ... + pSrc[blockSize-1] * 
  43:Drivers/CMSIS/DSP/Source/StatisticsFunctions/arm_power_f32.c ****  * </pre>
  44:Drivers/CMSIS/DSP/Source/StatisticsFunctions/arm_power_f32.c ****  *
  45:Drivers/CMSIS/DSP/Source/StatisticsFunctions/arm_power_f32.c ****  * There are separate functions for floating point, Q31, Q15, and Q7 data types.
  46:Drivers/CMSIS/DSP/Source/StatisticsFunctions/arm_power_f32.c ****  */
  47:Drivers/CMSIS/DSP/Source/StatisticsFunctions/arm_power_f32.c **** 
  48:Drivers/CMSIS/DSP/Source/StatisticsFunctions/arm_power_f32.c **** /**
  49:Drivers/CMSIS/DSP/Source/StatisticsFunctions/arm_power_f32.c ****  * @addtogroup power
  50:Drivers/CMSIS/DSP/Source/StatisticsFunctions/arm_power_f32.c ****  * @{
  51:Drivers/CMSIS/DSP/Source/StatisticsFunctions/arm_power_f32.c ****  */
  52:Drivers/CMSIS/DSP/Source/StatisticsFunctions/arm_power_f32.c **** 
  53:Drivers/CMSIS/DSP/Source/StatisticsFunctions/arm_power_f32.c **** 
  54:Drivers/CMSIS/DSP/Source/StatisticsFunctions/arm_power_f32.c **** /**
  55:Drivers/CMSIS/DSP/Source/StatisticsFunctions/arm_power_f32.c ****  * @brief Sum of the squares of the elements of a floating-point vector.
  56:Drivers/CMSIS/DSP/Source/StatisticsFunctions/arm_power_f32.c ****  * @param[in]       *pSrc points to the input vector
  57:Drivers/CMSIS/DSP/Source/StatisticsFunctions/arm_power_f32.c ****  * @param[in]       blockSize length of the input vector
  58:Drivers/CMSIS/DSP/Source/StatisticsFunctions/arm_power_f32.c ****  * @param[out]      *pResult sum of the squares value returned here
  59:Drivers/CMSIS/DSP/Source/StatisticsFunctions/arm_power_f32.c ****  * @return none.
  60:Drivers/CMSIS/DSP/Source/StatisticsFunctions/arm_power_f32.c ****  *
  61:Drivers/CMSIS/DSP/Source/StatisticsFunctions/arm_power_f32.c ****  */
  62:Drivers/CMSIS/DSP/Source/StatisticsFunctions/arm_power_f32.c **** 
  63:Drivers/CMSIS/DSP/Source/StatisticsFunctions/arm_power_f32.c **** 
  64:Drivers/CMSIS/DSP/Source/StatisticsFunctions/arm_power_f32.c **** void arm_power_f32(
  65:Drivers/CMSIS/DSP/Source/StatisticsFunctions/arm_power_f32.c ****   float32_t * pSrc,
  66:Drivers/CMSIS/DSP/Source/StatisticsFunctions/arm_power_f32.c ****   uint32_t blockSize,
  67:Drivers/CMSIS/DSP/Source/StatisticsFunctions/arm_power_f32.c ****   float32_t * pResult)
  68:Drivers/CMSIS/DSP/Source/StatisticsFunctions/arm_power_f32.c **** {
  30              		.loc 1 68 1 view -0
  31              		.cfi_startproc
  32              		@ args = 0, pretend = 0, frame = 0
  33              		@ frame_needed = 0, uses_anonymous_args = 0
  34              		.loc 1 68 1 is_stmt 0 view .LVU1
  35 0000 F8B5     		push	{r3, r4, r5, r6, r7, lr}
  36              	.LCFI0:
  37              		.cfi_def_cfa_offset 24
  38              		.cfi_offset 3, -24
  39              		.cfi_offset 4, -20
  40              		.cfi_offset 5, -16
  41              		.cfi_offset 6, -12
  42              		.cfi_offset 7, -8
  43              		.cfi_offset 14, -4
  44 0002 0446     		mov	r4, r0
  45 0004 0E46     		mov	r6, r1
  46 0006 1746     		mov	r7, r2
  69:Drivers/CMSIS/DSP/Source/StatisticsFunctions/arm_power_f32.c ****   float32_t sum = 0.0f;                          /* accumulator */
ARM GAS  C:\Users\Lamp\AppData\Local\Temp\ccJ8OYrk.s 			page 3


  47              		.loc 1 69 3 is_stmt 1 view .LVU2
  48              	.LVL1:
  70:Drivers/CMSIS/DSP/Source/StatisticsFunctions/arm_power_f32.c ****   float32_t in;                                  /* Temporary variable to store input value */
  49              		.loc 1 70 3 view .LVU3
  71:Drivers/CMSIS/DSP/Source/StatisticsFunctions/arm_power_f32.c ****   uint32_t blkCnt;                               /* loop counter */
  50              		.loc 1 71 3 view .LVU4
  72:Drivers/CMSIS/DSP/Source/StatisticsFunctions/arm_power_f32.c **** 
  73:Drivers/CMSIS/DSP/Source/StatisticsFunctions/arm_power_f32.c **** #if defined (ARM_MATH_DSP)
  74:Drivers/CMSIS/DSP/Source/StatisticsFunctions/arm_power_f32.c ****   /* Run the below code for Cortex-M4 and Cortex-M3 */
  75:Drivers/CMSIS/DSP/Source/StatisticsFunctions/arm_power_f32.c **** 
  76:Drivers/CMSIS/DSP/Source/StatisticsFunctions/arm_power_f32.c ****   /*loop Unrolling */
  77:Drivers/CMSIS/DSP/Source/StatisticsFunctions/arm_power_f32.c ****   blkCnt = blockSize >> 2U;
  78:Drivers/CMSIS/DSP/Source/StatisticsFunctions/arm_power_f32.c **** 
  79:Drivers/CMSIS/DSP/Source/StatisticsFunctions/arm_power_f32.c ****   /* First part of the processing with loop unrolling.  Compute 4 outputs at a time.
  80:Drivers/CMSIS/DSP/Source/StatisticsFunctions/arm_power_f32.c ****    ** a second loop below computes the remaining 1 to 3 samples. */
  81:Drivers/CMSIS/DSP/Source/StatisticsFunctions/arm_power_f32.c ****   while (blkCnt > 0U)
  82:Drivers/CMSIS/DSP/Source/StatisticsFunctions/arm_power_f32.c ****   {
  83:Drivers/CMSIS/DSP/Source/StatisticsFunctions/arm_power_f32.c ****     /* C = A[0] * A[0] + A[1] * A[1] + A[2] * A[2] + ... + A[blockSize-1] * A[blockSize-1] */
  84:Drivers/CMSIS/DSP/Source/StatisticsFunctions/arm_power_f32.c ****     /* Compute Power and then store the result in a temporary variable, sum. */
  85:Drivers/CMSIS/DSP/Source/StatisticsFunctions/arm_power_f32.c ****     in = *pSrc++;
  86:Drivers/CMSIS/DSP/Source/StatisticsFunctions/arm_power_f32.c ****     sum += in * in;
  87:Drivers/CMSIS/DSP/Source/StatisticsFunctions/arm_power_f32.c ****     in = *pSrc++;
  88:Drivers/CMSIS/DSP/Source/StatisticsFunctions/arm_power_f32.c ****     sum += in * in;
  89:Drivers/CMSIS/DSP/Source/StatisticsFunctions/arm_power_f32.c ****     in = *pSrc++;
  90:Drivers/CMSIS/DSP/Source/StatisticsFunctions/arm_power_f32.c ****     sum += in * in;
  91:Drivers/CMSIS/DSP/Source/StatisticsFunctions/arm_power_f32.c ****     in = *pSrc++;
  92:Drivers/CMSIS/DSP/Source/StatisticsFunctions/arm_power_f32.c ****     sum += in * in;
  93:Drivers/CMSIS/DSP/Source/StatisticsFunctions/arm_power_f32.c **** 
  94:Drivers/CMSIS/DSP/Source/StatisticsFunctions/arm_power_f32.c ****     /* Decrement the loop counter */
  95:Drivers/CMSIS/DSP/Source/StatisticsFunctions/arm_power_f32.c ****     blkCnt--;
  96:Drivers/CMSIS/DSP/Source/StatisticsFunctions/arm_power_f32.c ****   }
  97:Drivers/CMSIS/DSP/Source/StatisticsFunctions/arm_power_f32.c **** 
  98:Drivers/CMSIS/DSP/Source/StatisticsFunctions/arm_power_f32.c ****   /* If the blockSize is not a multiple of 4, compute any remaining output samples here.
  99:Drivers/CMSIS/DSP/Source/StatisticsFunctions/arm_power_f32.c ****    ** No loop unrolling is used. */
 100:Drivers/CMSIS/DSP/Source/StatisticsFunctions/arm_power_f32.c ****   blkCnt = blockSize % 0x4U;
 101:Drivers/CMSIS/DSP/Source/StatisticsFunctions/arm_power_f32.c **** 
 102:Drivers/CMSIS/DSP/Source/StatisticsFunctions/arm_power_f32.c **** 
 103:Drivers/CMSIS/DSP/Source/StatisticsFunctions/arm_power_f32.c **** #else
 104:Drivers/CMSIS/DSP/Source/StatisticsFunctions/arm_power_f32.c ****   /* Run the below code for Cortex-M0 */
 105:Drivers/CMSIS/DSP/Source/StatisticsFunctions/arm_power_f32.c **** 
 106:Drivers/CMSIS/DSP/Source/StatisticsFunctions/arm_power_f32.c ****   /* Loop over blockSize number of values */
 107:Drivers/CMSIS/DSP/Source/StatisticsFunctions/arm_power_f32.c ****   blkCnt = blockSize;
  51              		.loc 1 107 3 view .LVU5
 108:Drivers/CMSIS/DSP/Source/StatisticsFunctions/arm_power_f32.c **** 
 109:Drivers/CMSIS/DSP/Source/StatisticsFunctions/arm_power_f32.c **** #endif /* #if defined (ARM_MATH_DSP) */
 110:Drivers/CMSIS/DSP/Source/StatisticsFunctions/arm_power_f32.c **** 
 111:Drivers/CMSIS/DSP/Source/StatisticsFunctions/arm_power_f32.c **** 
 112:Drivers/CMSIS/DSP/Source/StatisticsFunctions/arm_power_f32.c ****   while (blkCnt > 0U)
  52              		.loc 1 112 3 view .LVU6
  69:Drivers/CMSIS/DSP/Source/StatisticsFunctions/arm_power_f32.c ****   float32_t in;                                  /* Temporary variable to store input value */
  53              		.loc 1 69 13 is_stmt 0 view .LVU7
  54 0008 0025     		movs	r5, #0
  55              		.loc 1 112 9 view .LVU8
  56 000a 0AE0     		b	.L2
  57              	.LVL2:
  58              	.L3:
 113:Drivers/CMSIS/DSP/Source/StatisticsFunctions/arm_power_f32.c ****   {
ARM GAS  C:\Users\Lamp\AppData\Local\Temp\ccJ8OYrk.s 			page 4


 114:Drivers/CMSIS/DSP/Source/StatisticsFunctions/arm_power_f32.c ****     /* C = A[0] * A[0] + A[1] * A[1] + A[2] * A[2] + ... + A[blockSize-1] * A[blockSize-1] */
 115:Drivers/CMSIS/DSP/Source/StatisticsFunctions/arm_power_f32.c ****     /* compute power and then store the result in a temporary variable, sum. */
 116:Drivers/CMSIS/DSP/Source/StatisticsFunctions/arm_power_f32.c ****     in = *pSrc++;
  59              		.loc 1 116 5 is_stmt 1 view .LVU9
  60              		.loc 1 116 8 is_stmt 0 view .LVU10
  61 000c 54F8040B 		ldr	r0, [r4], #4	@ float
  62              	.LVL3:
 117:Drivers/CMSIS/DSP/Source/StatisticsFunctions/arm_power_f32.c ****     sum += in * in;
  63              		.loc 1 117 5 is_stmt 1 view .LVU11
  64              		.loc 1 117 15 is_stmt 0 view .LVU12
  65 0010 0146     		mov	r1, r0
  66 0012 FFF7FEFF 		bl	__aeabi_fmul
  67              	.LVL4:
  68              		.loc 1 117 15 view .LVU13
  69 0016 0146     		mov	r1, r0
  70              		.loc 1 117 9 view .LVU14
  71 0018 2846     		mov	r0, r5
  72 001a FFF7FEFF 		bl	__aeabi_fadd
  73              	.LVL5:
  74 001e 0546     		mov	r5, r0
  75              	.LVL6:
 118:Drivers/CMSIS/DSP/Source/StatisticsFunctions/arm_power_f32.c **** 
 119:Drivers/CMSIS/DSP/Source/StatisticsFunctions/arm_power_f32.c ****     /* Decrement the loop counter */
 120:Drivers/CMSIS/DSP/Source/StatisticsFunctions/arm_power_f32.c ****     blkCnt--;
  76              		.loc 1 120 5 is_stmt 1 view .LVU15
  77              		.loc 1 120 11 is_stmt 0 view .LVU16
  78 0020 013E     		subs	r6, r6, #1
  79              	.LVL7:
  80              	.L2:
 112:Drivers/CMSIS/DSP/Source/StatisticsFunctions/arm_power_f32.c ****   {
  81              		.loc 1 112 17 is_stmt 1 view .LVU17
  82 0022 002E     		cmp	r6, #0
  83 0024 F2D1     		bne	.L3
 121:Drivers/CMSIS/DSP/Source/StatisticsFunctions/arm_power_f32.c ****   }
 122:Drivers/CMSIS/DSP/Source/StatisticsFunctions/arm_power_f32.c **** 
 123:Drivers/CMSIS/DSP/Source/StatisticsFunctions/arm_power_f32.c ****   /* Store the result to the destination */
 124:Drivers/CMSIS/DSP/Source/StatisticsFunctions/arm_power_f32.c ****   *pResult = sum;
  84              		.loc 1 124 3 view .LVU18
  85              		.loc 1 124 12 is_stmt 0 view .LVU19
  86 0026 3D60     		str	r5, [r7]	@ float
 125:Drivers/CMSIS/DSP/Source/StatisticsFunctions/arm_power_f32.c **** }
  87              		.loc 1 125 1 view .LVU20
  88 0028 F8BD     		pop	{r3, r4, r5, r6, r7, pc}
  89              		.loc 1 125 1 view .LVU21
  90              		.cfi_endproc
  91              	.LFE100:
  93              		.text
  94              	.Letext0:
  95              		.file 2 "C:/ARM GNU Toolchain/arm-none-eabi/include/machine/_default_types.h"
  96              		.file 3 "C:/ARM GNU Toolchain/arm-none-eabi/include/sys/_stdint.h"
  97              		.file 4 "Drivers/CMSIS/DSP/Include/arm_math.h"
ARM GAS  C:\Users\Lamp\AppData\Local\Temp\ccJ8OYrk.s 			page 5


DEFINED SYMBOLS
                            *ABS*:00000000 arm_power_f32.c
C:\Users\Lamp\AppData\Local\Temp\ccJ8OYrk.s:21     .text.arm_power_f32:00000000 $t
C:\Users\Lamp\AppData\Local\Temp\ccJ8OYrk.s:27     .text.arm_power_f32:00000000 arm_power_f32

UNDEFINED SYMBOLS
__aeabi_fmul
__aeabi_fadd
