ARM GAS  C:\Users\Lamp\AppData\Local\Temp\ccyE7SDT.s 			page 1


   1              		.cpu cortex-m3
   2              		.arch armv7-m
   3              		.fpu softvfp
   4              		.eabi_attribute 20, 1
   5              		.eabi_attribute 21, 1
   6              		.eabi_attribute 23, 3
   7              		.eabi_attribute 24, 1
   8              		.eabi_attribute 25, 1
   9              		.eabi_attribute 26, 1
  10              		.eabi_attribute 30, 1
  11              		.eabi_attribute 34, 1
  12              		.eabi_attribute 18, 4
  13              		.file	"arm_biquad_cascade_df2T_init_f32.c"
  14              		.text
  15              	.Ltext0:
  16              		.cfi_sections	.debug_frame
  17              		.file 1 "Drivers/CMSIS/DSP/Source/FilteringFunctions/arm_biquad_cascade_df2T_init_f32.c"
  18              		.section	.text.arm_biquad_cascade_df2T_init_f32,"ax",%progbits
  19              		.align	1
  20              		.global	arm_biquad_cascade_df2T_init_f32
  21              		.syntax unified
  22              		.thumb
  23              		.thumb_func
  25              	arm_biquad_cascade_df2T_init_f32:
  26              	.LVL0:
  27              	.LFB100:
   1:Drivers/CMSIS/DSP/Source/FilteringFunctions/arm_biquad_cascade_df2T_init_f32.c **** /* ----------------------------------------------------------------------
   2:Drivers/CMSIS/DSP/Source/FilteringFunctions/arm_biquad_cascade_df2T_init_f32.c ****  * Project:      CMSIS DSP Library
   3:Drivers/CMSIS/DSP/Source/FilteringFunctions/arm_biquad_cascade_df2T_init_f32.c ****  * Title:        arm_biquad_cascade_df2T_init_f32.c
   4:Drivers/CMSIS/DSP/Source/FilteringFunctions/arm_biquad_cascade_df2T_init_f32.c ****  * Description:  Initialization function for floating-point transposed direct form II Biquad cascad
   5:Drivers/CMSIS/DSP/Source/FilteringFunctions/arm_biquad_cascade_df2T_init_f32.c ****  *
   6:Drivers/CMSIS/DSP/Source/FilteringFunctions/arm_biquad_cascade_df2T_init_f32.c ****  * $Date:        27. January 2017
   7:Drivers/CMSIS/DSP/Source/FilteringFunctions/arm_biquad_cascade_df2T_init_f32.c ****  * $Revision:    V.1.5.1
   8:Drivers/CMSIS/DSP/Source/FilteringFunctions/arm_biquad_cascade_df2T_init_f32.c ****  *
   9:Drivers/CMSIS/DSP/Source/FilteringFunctions/arm_biquad_cascade_df2T_init_f32.c ****  * Target Processor: Cortex-M cores
  10:Drivers/CMSIS/DSP/Source/FilteringFunctions/arm_biquad_cascade_df2T_init_f32.c ****  * -------------------------------------------------------------------- */
  11:Drivers/CMSIS/DSP/Source/FilteringFunctions/arm_biquad_cascade_df2T_init_f32.c **** /*
  12:Drivers/CMSIS/DSP/Source/FilteringFunctions/arm_biquad_cascade_df2T_init_f32.c ****  * Copyright (C) 2010-2017 ARM Limited or its affiliates. All rights reserved.
  13:Drivers/CMSIS/DSP/Source/FilteringFunctions/arm_biquad_cascade_df2T_init_f32.c ****  *
  14:Drivers/CMSIS/DSP/Source/FilteringFunctions/arm_biquad_cascade_df2T_init_f32.c ****  * SPDX-License-Identifier: Apache-2.0
  15:Drivers/CMSIS/DSP/Source/FilteringFunctions/arm_biquad_cascade_df2T_init_f32.c ****  *
  16:Drivers/CMSIS/DSP/Source/FilteringFunctions/arm_biquad_cascade_df2T_init_f32.c ****  * Licensed under the Apache License, Version 2.0 (the License); you may
  17:Drivers/CMSIS/DSP/Source/FilteringFunctions/arm_biquad_cascade_df2T_init_f32.c ****  * not use this file except in compliance with the License.
  18:Drivers/CMSIS/DSP/Source/FilteringFunctions/arm_biquad_cascade_df2T_init_f32.c ****  * You may obtain a copy of the License at
  19:Drivers/CMSIS/DSP/Source/FilteringFunctions/arm_biquad_cascade_df2T_init_f32.c ****  *
  20:Drivers/CMSIS/DSP/Source/FilteringFunctions/arm_biquad_cascade_df2T_init_f32.c ****  * www.apache.org/licenses/LICENSE-2.0
  21:Drivers/CMSIS/DSP/Source/FilteringFunctions/arm_biquad_cascade_df2T_init_f32.c ****  *
  22:Drivers/CMSIS/DSP/Source/FilteringFunctions/arm_biquad_cascade_df2T_init_f32.c ****  * Unless required by applicable law or agreed to in writing, software
  23:Drivers/CMSIS/DSP/Source/FilteringFunctions/arm_biquad_cascade_df2T_init_f32.c ****  * distributed under the License is distributed on an AS IS BASIS, WITHOUT
  24:Drivers/CMSIS/DSP/Source/FilteringFunctions/arm_biquad_cascade_df2T_init_f32.c ****  * WARRANTIES OR CONDITIONS OF ANY KIND, either express or implied.
  25:Drivers/CMSIS/DSP/Source/FilteringFunctions/arm_biquad_cascade_df2T_init_f32.c ****  * See the License for the specific language governing permissions and
  26:Drivers/CMSIS/DSP/Source/FilteringFunctions/arm_biquad_cascade_df2T_init_f32.c ****  * limitations under the License.
  27:Drivers/CMSIS/DSP/Source/FilteringFunctions/arm_biquad_cascade_df2T_init_f32.c ****  */
  28:Drivers/CMSIS/DSP/Source/FilteringFunctions/arm_biquad_cascade_df2T_init_f32.c **** 
  29:Drivers/CMSIS/DSP/Source/FilteringFunctions/arm_biquad_cascade_df2T_init_f32.c **** #include "arm_math.h"
  30:Drivers/CMSIS/DSP/Source/FilteringFunctions/arm_biquad_cascade_df2T_init_f32.c **** 
  31:Drivers/CMSIS/DSP/Source/FilteringFunctions/arm_biquad_cascade_df2T_init_f32.c **** /**
ARM GAS  C:\Users\Lamp\AppData\Local\Temp\ccyE7SDT.s 			page 2


  32:Drivers/CMSIS/DSP/Source/FilteringFunctions/arm_biquad_cascade_df2T_init_f32.c ****  * @ingroup groupFilters
  33:Drivers/CMSIS/DSP/Source/FilteringFunctions/arm_biquad_cascade_df2T_init_f32.c ****  */
  34:Drivers/CMSIS/DSP/Source/FilteringFunctions/arm_biquad_cascade_df2T_init_f32.c **** 
  35:Drivers/CMSIS/DSP/Source/FilteringFunctions/arm_biquad_cascade_df2T_init_f32.c **** /**
  36:Drivers/CMSIS/DSP/Source/FilteringFunctions/arm_biquad_cascade_df2T_init_f32.c ****  * @addtogroup BiquadCascadeDF2T
  37:Drivers/CMSIS/DSP/Source/FilteringFunctions/arm_biquad_cascade_df2T_init_f32.c ****  * @{
  38:Drivers/CMSIS/DSP/Source/FilteringFunctions/arm_biquad_cascade_df2T_init_f32.c ****  */
  39:Drivers/CMSIS/DSP/Source/FilteringFunctions/arm_biquad_cascade_df2T_init_f32.c **** 
  40:Drivers/CMSIS/DSP/Source/FilteringFunctions/arm_biquad_cascade_df2T_init_f32.c **** /**
  41:Drivers/CMSIS/DSP/Source/FilteringFunctions/arm_biquad_cascade_df2T_init_f32.c ****  * @brief  Initialization function for the floating-point transposed direct form II Biquad cascade 
  42:Drivers/CMSIS/DSP/Source/FilteringFunctions/arm_biquad_cascade_df2T_init_f32.c ****  * @param[in,out] *S           points to an instance of the filter data structure.
  43:Drivers/CMSIS/DSP/Source/FilteringFunctions/arm_biquad_cascade_df2T_init_f32.c ****  * @param[in]     numStages    number of 2nd order stages in the filter.
  44:Drivers/CMSIS/DSP/Source/FilteringFunctions/arm_biquad_cascade_df2T_init_f32.c ****  * @param[in]     *pCoeffs     points to the filter coefficients.
  45:Drivers/CMSIS/DSP/Source/FilteringFunctions/arm_biquad_cascade_df2T_init_f32.c ****  * @param[in]     *pState      points to the state buffer.
  46:Drivers/CMSIS/DSP/Source/FilteringFunctions/arm_biquad_cascade_df2T_init_f32.c ****  * @return        none
  47:Drivers/CMSIS/DSP/Source/FilteringFunctions/arm_biquad_cascade_df2T_init_f32.c ****  *
  48:Drivers/CMSIS/DSP/Source/FilteringFunctions/arm_biquad_cascade_df2T_init_f32.c ****  * <b>Coefficient and State Ordering:</b>
  49:Drivers/CMSIS/DSP/Source/FilteringFunctions/arm_biquad_cascade_df2T_init_f32.c ****  * \par
  50:Drivers/CMSIS/DSP/Source/FilteringFunctions/arm_biquad_cascade_df2T_init_f32.c ****  * The coefficients are stored in the array <code>pCoeffs</code> in the following order:
  51:Drivers/CMSIS/DSP/Source/FilteringFunctions/arm_biquad_cascade_df2T_init_f32.c ****  * <pre>
  52:Drivers/CMSIS/DSP/Source/FilteringFunctions/arm_biquad_cascade_df2T_init_f32.c ****  *     {b10, b11, b12, a11, a12, b20, b21, b22, a21, a22, ...}
  53:Drivers/CMSIS/DSP/Source/FilteringFunctions/arm_biquad_cascade_df2T_init_f32.c ****  * </pre>
  54:Drivers/CMSIS/DSP/Source/FilteringFunctions/arm_biquad_cascade_df2T_init_f32.c ****  *
  55:Drivers/CMSIS/DSP/Source/FilteringFunctions/arm_biquad_cascade_df2T_init_f32.c ****  * \par
  56:Drivers/CMSIS/DSP/Source/FilteringFunctions/arm_biquad_cascade_df2T_init_f32.c ****  * where <code>b1x</code> and <code>a1x</code> are the coefficients for the first stage,
  57:Drivers/CMSIS/DSP/Source/FilteringFunctions/arm_biquad_cascade_df2T_init_f32.c ****  * <code>b2x</code> and <code>a2x</code> are the coefficients for the second stage,
  58:Drivers/CMSIS/DSP/Source/FilteringFunctions/arm_biquad_cascade_df2T_init_f32.c ****  * and so on.  The <code>pCoeffs</code> array contains a total of <code>5*numStages</code> values.
  59:Drivers/CMSIS/DSP/Source/FilteringFunctions/arm_biquad_cascade_df2T_init_f32.c ****  *
  60:Drivers/CMSIS/DSP/Source/FilteringFunctions/arm_biquad_cascade_df2T_init_f32.c ****  * \par
  61:Drivers/CMSIS/DSP/Source/FilteringFunctions/arm_biquad_cascade_df2T_init_f32.c ****  * The <code>pState</code> is a pointer to state array.
  62:Drivers/CMSIS/DSP/Source/FilteringFunctions/arm_biquad_cascade_df2T_init_f32.c ****  * Each Biquad stage has 2 state variables <code>d1,</code> and <code>d2</code>.
  63:Drivers/CMSIS/DSP/Source/FilteringFunctions/arm_biquad_cascade_df2T_init_f32.c ****  * The 2 state variables for stage 1 are first, then the 2 state variables for stage 2, and so on.
  64:Drivers/CMSIS/DSP/Source/FilteringFunctions/arm_biquad_cascade_df2T_init_f32.c ****  * The state array has a total length of <code>2*numStages</code> values.
  65:Drivers/CMSIS/DSP/Source/FilteringFunctions/arm_biquad_cascade_df2T_init_f32.c ****  * The state variables are updated after each block of data is processed; the coefficients are unto
  66:Drivers/CMSIS/DSP/Source/FilteringFunctions/arm_biquad_cascade_df2T_init_f32.c ****  */
  67:Drivers/CMSIS/DSP/Source/FilteringFunctions/arm_biquad_cascade_df2T_init_f32.c **** 
  68:Drivers/CMSIS/DSP/Source/FilteringFunctions/arm_biquad_cascade_df2T_init_f32.c **** void arm_biquad_cascade_df2T_init_f32(
  69:Drivers/CMSIS/DSP/Source/FilteringFunctions/arm_biquad_cascade_df2T_init_f32.c ****   arm_biquad_cascade_df2T_instance_f32 * S,
  70:Drivers/CMSIS/DSP/Source/FilteringFunctions/arm_biquad_cascade_df2T_init_f32.c ****   uint8_t numStages,
  71:Drivers/CMSIS/DSP/Source/FilteringFunctions/arm_biquad_cascade_df2T_init_f32.c ****   float32_t * pCoeffs,
  72:Drivers/CMSIS/DSP/Source/FilteringFunctions/arm_biquad_cascade_df2T_init_f32.c ****   float32_t * pState)
  73:Drivers/CMSIS/DSP/Source/FilteringFunctions/arm_biquad_cascade_df2T_init_f32.c **** {
  28              		.loc 1 73 1 view -0
  29              		.cfi_startproc
  30              		@ args = 0, pretend = 0, frame = 0
  31              		@ frame_needed = 0, uses_anonymous_args = 0
  32              		.loc 1 73 1 is_stmt 0 view .LVU1
  33 0000 38B5     		push	{r3, r4, r5, lr}
  34              	.LCFI0:
  35              		.cfi_def_cfa_offset 16
  36              		.cfi_offset 3, -16
  37              		.cfi_offset 4, -12
  38              		.cfi_offset 5, -8
  39              		.cfi_offset 14, -4
  40 0002 0446     		mov	r4, r0
  41 0004 1D46     		mov	r5, r3
  74:Drivers/CMSIS/DSP/Source/FilteringFunctions/arm_biquad_cascade_df2T_init_f32.c ****   /* Assign filter stages */
ARM GAS  C:\Users\Lamp\AppData\Local\Temp\ccyE7SDT.s 			page 3


  75:Drivers/CMSIS/DSP/Source/FilteringFunctions/arm_biquad_cascade_df2T_init_f32.c ****   S->numStages = numStages;
  42              		.loc 1 75 3 is_stmt 1 view .LVU2
  43              		.loc 1 75 16 is_stmt 0 view .LVU3
  44 0006 0170     		strb	r1, [r0]
  76:Drivers/CMSIS/DSP/Source/FilteringFunctions/arm_biquad_cascade_df2T_init_f32.c **** 
  77:Drivers/CMSIS/DSP/Source/FilteringFunctions/arm_biquad_cascade_df2T_init_f32.c ****   /* Assign coefficient pointer */
  78:Drivers/CMSIS/DSP/Source/FilteringFunctions/arm_biquad_cascade_df2T_init_f32.c ****   S->pCoeffs = pCoeffs;
  45              		.loc 1 78 3 is_stmt 1 view .LVU4
  46              		.loc 1 78 14 is_stmt 0 view .LVU5
  47 0008 8260     		str	r2, [r0, #8]
  79:Drivers/CMSIS/DSP/Source/FilteringFunctions/arm_biquad_cascade_df2T_init_f32.c **** 
  80:Drivers/CMSIS/DSP/Source/FilteringFunctions/arm_biquad_cascade_df2T_init_f32.c ****   /* Clear state buffer and size is always 2 * numStages */
  81:Drivers/CMSIS/DSP/Source/FilteringFunctions/arm_biquad_cascade_df2T_init_f32.c ****   memset(pState, 0, (2U * (uint32_t) numStages) * sizeof(float32_t));
  48              		.loc 1 81 3 is_stmt 1 view .LVU6
  49 000a CA00     		lsls	r2, r1, #3
  50              	.LVL1:
  51              		.loc 1 81 3 is_stmt 0 view .LVU7
  52 000c 0021     		movs	r1, #0
  53              	.LVL2:
  54              		.loc 1 81 3 view .LVU8
  55 000e 1846     		mov	r0, r3
  56              	.LVL3:
  57              		.loc 1 81 3 view .LVU9
  58 0010 FFF7FEFF 		bl	memset
  59              	.LVL4:
  82:Drivers/CMSIS/DSP/Source/FilteringFunctions/arm_biquad_cascade_df2T_init_f32.c **** 
  83:Drivers/CMSIS/DSP/Source/FilteringFunctions/arm_biquad_cascade_df2T_init_f32.c ****   /* Assign state pointer */
  84:Drivers/CMSIS/DSP/Source/FilteringFunctions/arm_biquad_cascade_df2T_init_f32.c ****   S->pState = pState;
  60              		.loc 1 84 3 is_stmt 1 view .LVU10
  61              		.loc 1 84 13 is_stmt 0 view .LVU11
  62 0014 6560     		str	r5, [r4, #4]
  85:Drivers/CMSIS/DSP/Source/FilteringFunctions/arm_biquad_cascade_df2T_init_f32.c **** }
  63              		.loc 1 85 1 view .LVU12
  64 0016 38BD     		pop	{r3, r4, r5, pc}
  65              		.loc 1 85 1 view .LVU13
  66              		.cfi_endproc
  67              	.LFE100:
  69              		.text
  70              	.Letext0:
  71              		.file 2 "C:/ARM GNU Toolchain/arm-none-eabi/include/machine/_default_types.h"
  72              		.file 3 "C:/ARM GNU Toolchain/arm-none-eabi/include/sys/_stdint.h"
  73              		.file 4 "C:/ARM GNU Toolchain/lib/gcc/arm-none-eabi/13.3.1/include/stddef.h"
  74              		.file 5 "Drivers/CMSIS/DSP/Include/arm_math.h"
  75              		.file 6 "C:/ARM GNU Toolchain/arm-none-eabi/include/string.h"
  76              		.file 7 "<built-in>"
ARM GAS  C:\Users\Lamp\AppData\Local\Temp\ccyE7SDT.s 			page 4


DEFINED SYMBOLS
                            *ABS*:00000000 arm_biquad_cascade_df2T_init_f32.c
C:\Users\Lamp\AppData\Local\Temp\ccyE7SDT.s:19     .text.arm_biquad_cascade_df2T_init_f32:00000000 $t
C:\Users\Lamp\AppData\Local\Temp\ccyE7SDT.s:25     .text.arm_biquad_cascade_df2T_init_f32:00000000 arm_biquad_cascade_df2T_init_f32

UNDEFINED SYMBOLS
memset
