ARM GAS  C:\Users\Lamp\AppData\Local\Temp\ccS0GpVs.s 			page 1


   1              		.cpu cortex-m3
   2              		.arch armv7-m
   3              		.fpu softvfp
   4              		.eabi_attribute 20, 1
   5              		.eabi_attribute 21, 1
   6              		.eabi_attribute 23, 3
   7              		.eabi_attribute 24, 1
   8              		.eabi_attribute 25, 1
   9              		.eabi_attribute 26, 1
  10              		.eabi_attribute 30, 1
  11              		.eabi_attribute 34, 1
  12              		.eabi_attribute 18, 4
  13              		.file	"arm_fir_decimate_init_q15.c"
  14              		.text
  15              	.Ltext0:
  16              		.cfi_sections	.debug_frame
  17              		.file 1 "Drivers/CMSIS/DSP/Source/FilteringFunctions/arm_fir_decimate_init_q15.c"
  18              		.section	.text.arm_fir_decimate_init_q15,"ax",%progbits
  19              		.align	1
  20              		.global	arm_fir_decimate_init_q15
  21              		.syntax unified
  22              		.thumb
  23              		.thumb_func
  25              	arm_fir_decimate_init_q15:
  26              	.LVL0:
  27              	.LFB100:
   1:Drivers/CMSIS/DSP/Source/FilteringFunctions/arm_fir_decimate_init_q15.c **** /* ----------------------------------------------------------------------
   2:Drivers/CMSIS/DSP/Source/FilteringFunctions/arm_fir_decimate_init_q15.c ****  * Project:      CMSIS DSP Library
   3:Drivers/CMSIS/DSP/Source/FilteringFunctions/arm_fir_decimate_init_q15.c ****  * Title:        arm_fir_decimate_init_q15.c
   4:Drivers/CMSIS/DSP/Source/FilteringFunctions/arm_fir_decimate_init_q15.c ****  * Description:  Initialization function for the Q15 FIR Decimator
   5:Drivers/CMSIS/DSP/Source/FilteringFunctions/arm_fir_decimate_init_q15.c ****  *
   6:Drivers/CMSIS/DSP/Source/FilteringFunctions/arm_fir_decimate_init_q15.c ****  * $Date:        27. January 2017
   7:Drivers/CMSIS/DSP/Source/FilteringFunctions/arm_fir_decimate_init_q15.c ****  * $Revision:    V.1.5.1
   8:Drivers/CMSIS/DSP/Source/FilteringFunctions/arm_fir_decimate_init_q15.c ****  *
   9:Drivers/CMSIS/DSP/Source/FilteringFunctions/arm_fir_decimate_init_q15.c ****  * Target Processor: Cortex-M cores
  10:Drivers/CMSIS/DSP/Source/FilteringFunctions/arm_fir_decimate_init_q15.c ****  * -------------------------------------------------------------------- */
  11:Drivers/CMSIS/DSP/Source/FilteringFunctions/arm_fir_decimate_init_q15.c **** /*
  12:Drivers/CMSIS/DSP/Source/FilteringFunctions/arm_fir_decimate_init_q15.c ****  * Copyright (C) 2010-2017 ARM Limited or its affiliates. All rights reserved.
  13:Drivers/CMSIS/DSP/Source/FilteringFunctions/arm_fir_decimate_init_q15.c ****  *
  14:Drivers/CMSIS/DSP/Source/FilteringFunctions/arm_fir_decimate_init_q15.c ****  * SPDX-License-Identifier: Apache-2.0
  15:Drivers/CMSIS/DSP/Source/FilteringFunctions/arm_fir_decimate_init_q15.c ****  *
  16:Drivers/CMSIS/DSP/Source/FilteringFunctions/arm_fir_decimate_init_q15.c ****  * Licensed under the Apache License, Version 2.0 (the License); you may
  17:Drivers/CMSIS/DSP/Source/FilteringFunctions/arm_fir_decimate_init_q15.c ****  * not use this file except in compliance with the License.
  18:Drivers/CMSIS/DSP/Source/FilteringFunctions/arm_fir_decimate_init_q15.c ****  * You may obtain a copy of the License at
  19:Drivers/CMSIS/DSP/Source/FilteringFunctions/arm_fir_decimate_init_q15.c ****  *
  20:Drivers/CMSIS/DSP/Source/FilteringFunctions/arm_fir_decimate_init_q15.c ****  * www.apache.org/licenses/LICENSE-2.0
  21:Drivers/CMSIS/DSP/Source/FilteringFunctions/arm_fir_decimate_init_q15.c ****  *
  22:Drivers/CMSIS/DSP/Source/FilteringFunctions/arm_fir_decimate_init_q15.c ****  * Unless required by applicable law or agreed to in writing, software
  23:Drivers/CMSIS/DSP/Source/FilteringFunctions/arm_fir_decimate_init_q15.c ****  * distributed under the License is distributed on an AS IS BASIS, WITHOUT
  24:Drivers/CMSIS/DSP/Source/FilteringFunctions/arm_fir_decimate_init_q15.c ****  * WARRANTIES OR CONDITIONS OF ANY KIND, either express or implied.
  25:Drivers/CMSIS/DSP/Source/FilteringFunctions/arm_fir_decimate_init_q15.c ****  * See the License for the specific language governing permissions and
  26:Drivers/CMSIS/DSP/Source/FilteringFunctions/arm_fir_decimate_init_q15.c ****  * limitations under the License.
  27:Drivers/CMSIS/DSP/Source/FilteringFunctions/arm_fir_decimate_init_q15.c ****  */
  28:Drivers/CMSIS/DSP/Source/FilteringFunctions/arm_fir_decimate_init_q15.c **** 
  29:Drivers/CMSIS/DSP/Source/FilteringFunctions/arm_fir_decimate_init_q15.c **** #include "arm_math.h"
  30:Drivers/CMSIS/DSP/Source/FilteringFunctions/arm_fir_decimate_init_q15.c **** 
  31:Drivers/CMSIS/DSP/Source/FilteringFunctions/arm_fir_decimate_init_q15.c **** /**
ARM GAS  C:\Users\Lamp\AppData\Local\Temp\ccS0GpVs.s 			page 2


  32:Drivers/CMSIS/DSP/Source/FilteringFunctions/arm_fir_decimate_init_q15.c ****  * @ingroup groupFilters
  33:Drivers/CMSIS/DSP/Source/FilteringFunctions/arm_fir_decimate_init_q15.c ****  */
  34:Drivers/CMSIS/DSP/Source/FilteringFunctions/arm_fir_decimate_init_q15.c **** 
  35:Drivers/CMSIS/DSP/Source/FilteringFunctions/arm_fir_decimate_init_q15.c **** /**
  36:Drivers/CMSIS/DSP/Source/FilteringFunctions/arm_fir_decimate_init_q15.c ****  * @addtogroup FIR_decimate
  37:Drivers/CMSIS/DSP/Source/FilteringFunctions/arm_fir_decimate_init_q15.c ****  * @{
  38:Drivers/CMSIS/DSP/Source/FilteringFunctions/arm_fir_decimate_init_q15.c ****  */
  39:Drivers/CMSIS/DSP/Source/FilteringFunctions/arm_fir_decimate_init_q15.c **** 
  40:Drivers/CMSIS/DSP/Source/FilteringFunctions/arm_fir_decimate_init_q15.c **** /**
  41:Drivers/CMSIS/DSP/Source/FilteringFunctions/arm_fir_decimate_init_q15.c ****  * @brief  Initialization function for the Q15 FIR decimator.
  42:Drivers/CMSIS/DSP/Source/FilteringFunctions/arm_fir_decimate_init_q15.c ****  * @param[in,out] *S points to an instance of the Q15 FIR decimator structure.
  43:Drivers/CMSIS/DSP/Source/FilteringFunctions/arm_fir_decimate_init_q15.c ****  * @param[in] numTaps  number of coefficients in the filter.
  44:Drivers/CMSIS/DSP/Source/FilteringFunctions/arm_fir_decimate_init_q15.c ****  * @param[in] M  decimation factor.
  45:Drivers/CMSIS/DSP/Source/FilteringFunctions/arm_fir_decimate_init_q15.c ****  * @param[in] *pCoeffs points to the filter coefficients.
  46:Drivers/CMSIS/DSP/Source/FilteringFunctions/arm_fir_decimate_init_q15.c ****  * @param[in] *pState points to the state buffer.
  47:Drivers/CMSIS/DSP/Source/FilteringFunctions/arm_fir_decimate_init_q15.c ****  * @param[in] blockSize number of input samples to process per call.
  48:Drivers/CMSIS/DSP/Source/FilteringFunctions/arm_fir_decimate_init_q15.c ****  * @return    The function returns ARM_MATH_SUCCESS if initialization was successful or ARM_MATH_LE
  49:Drivers/CMSIS/DSP/Source/FilteringFunctions/arm_fir_decimate_init_q15.c ****  * <code>blockSize</code> is not a multiple of <code>M</code>.
  50:Drivers/CMSIS/DSP/Source/FilteringFunctions/arm_fir_decimate_init_q15.c ****  *
  51:Drivers/CMSIS/DSP/Source/FilteringFunctions/arm_fir_decimate_init_q15.c ****  * <b>Description:</b>
  52:Drivers/CMSIS/DSP/Source/FilteringFunctions/arm_fir_decimate_init_q15.c ****  * \par
  53:Drivers/CMSIS/DSP/Source/FilteringFunctions/arm_fir_decimate_init_q15.c ****  * <code>pCoeffs</code> points to the array of filter coefficients stored in time reversed order:
  54:Drivers/CMSIS/DSP/Source/FilteringFunctions/arm_fir_decimate_init_q15.c ****  * <pre>
  55:Drivers/CMSIS/DSP/Source/FilteringFunctions/arm_fir_decimate_init_q15.c ****  *    {b[numTaps-1], b[numTaps-2], b[N-2], ..., b[1], b[0]}
  56:Drivers/CMSIS/DSP/Source/FilteringFunctions/arm_fir_decimate_init_q15.c ****  * </pre>
  57:Drivers/CMSIS/DSP/Source/FilteringFunctions/arm_fir_decimate_init_q15.c ****  * \par
  58:Drivers/CMSIS/DSP/Source/FilteringFunctions/arm_fir_decimate_init_q15.c ****  * <code>pState</code> points to the array of state variables.
  59:Drivers/CMSIS/DSP/Source/FilteringFunctions/arm_fir_decimate_init_q15.c ****  * <code>pState</code> is of length <code>numTaps+blockSize-1</code> words where <code>blockSize</c
  60:Drivers/CMSIS/DSP/Source/FilteringFunctions/arm_fir_decimate_init_q15.c ****  * to the call <code>arm_fir_decimate_q15()</code>.
  61:Drivers/CMSIS/DSP/Source/FilteringFunctions/arm_fir_decimate_init_q15.c ****  * <code>M</code> is the decimation factor.
  62:Drivers/CMSIS/DSP/Source/FilteringFunctions/arm_fir_decimate_init_q15.c ****  */
  63:Drivers/CMSIS/DSP/Source/FilteringFunctions/arm_fir_decimate_init_q15.c **** 
  64:Drivers/CMSIS/DSP/Source/FilteringFunctions/arm_fir_decimate_init_q15.c **** arm_status arm_fir_decimate_init_q15(
  65:Drivers/CMSIS/DSP/Source/FilteringFunctions/arm_fir_decimate_init_q15.c ****   arm_fir_decimate_instance_q15 * S,
  66:Drivers/CMSIS/DSP/Source/FilteringFunctions/arm_fir_decimate_init_q15.c ****   uint16_t numTaps,
  67:Drivers/CMSIS/DSP/Source/FilteringFunctions/arm_fir_decimate_init_q15.c ****   uint8_t M,
  68:Drivers/CMSIS/DSP/Source/FilteringFunctions/arm_fir_decimate_init_q15.c ****   q15_t * pCoeffs,
  69:Drivers/CMSIS/DSP/Source/FilteringFunctions/arm_fir_decimate_init_q15.c ****   q15_t * pState,
  70:Drivers/CMSIS/DSP/Source/FilteringFunctions/arm_fir_decimate_init_q15.c ****   uint32_t blockSize)
  71:Drivers/CMSIS/DSP/Source/FilteringFunctions/arm_fir_decimate_init_q15.c **** {
  28              		.loc 1 71 1 view -0
  29              		.cfi_startproc
  30              		@ args = 8, pretend = 0, frame = 0
  31              		@ frame_needed = 0, uses_anonymous_args = 0
  32              		.loc 1 71 1 is_stmt 0 view .LVU1
  33 0000 70B5     		push	{r4, r5, r6, lr}
  34              	.LCFI0:
  35              		.cfi_def_cfa_offset 16
  36              		.cfi_offset 4, -16
  37              		.cfi_offset 5, -12
  38              		.cfi_offset 6, -8
  39              		.cfi_offset 14, -4
  40 0002 0446     		mov	r4, r0
  41 0004 1546     		mov	r5, r2
  42 0006 049E     		ldr	r6, [sp, #16]
  43 0008 0598     		ldr	r0, [sp, #20]
  44              	.LVL1:
ARM GAS  C:\Users\Lamp\AppData\Local\Temp\ccS0GpVs.s 			page 3


  72:Drivers/CMSIS/DSP/Source/FilteringFunctions/arm_fir_decimate_init_q15.c **** 
  73:Drivers/CMSIS/DSP/Source/FilteringFunctions/arm_fir_decimate_init_q15.c ****   arm_status status;
  45              		.loc 1 73 3 is_stmt 1 view .LVU2
  74:Drivers/CMSIS/DSP/Source/FilteringFunctions/arm_fir_decimate_init_q15.c **** 
  75:Drivers/CMSIS/DSP/Source/FilteringFunctions/arm_fir_decimate_init_q15.c ****   /* The size of the input block must be a multiple of the decimation factor */
  76:Drivers/CMSIS/DSP/Source/FilteringFunctions/arm_fir_decimate_init_q15.c ****   if ((blockSize % M) != 0U)
  46              		.loc 1 76 3 view .LVU3
  47              		.loc 1 76 18 is_stmt 0 view .LVU4
  48 000a B0FBF2F2 		udiv	r2, r0, r2
  49              	.LVL2:
  50              		.loc 1 76 18 view .LVU5
  51 000e 05FB1202 		mls	r2, r5, r2, r0
  52              		.loc 1 76 6 view .LVU6
  53 0012 62B9     		cbnz	r2, .L3
  77:Drivers/CMSIS/DSP/Source/FilteringFunctions/arm_fir_decimate_init_q15.c ****   {
  78:Drivers/CMSIS/DSP/Source/FilteringFunctions/arm_fir_decimate_init_q15.c ****     /* Set status as ARM_MATH_LENGTH_ERROR */
  79:Drivers/CMSIS/DSP/Source/FilteringFunctions/arm_fir_decimate_init_q15.c ****     status = ARM_MATH_LENGTH_ERROR;
  80:Drivers/CMSIS/DSP/Source/FilteringFunctions/arm_fir_decimate_init_q15.c ****   }
  81:Drivers/CMSIS/DSP/Source/FilteringFunctions/arm_fir_decimate_init_q15.c ****   else
  82:Drivers/CMSIS/DSP/Source/FilteringFunctions/arm_fir_decimate_init_q15.c ****   {
  83:Drivers/CMSIS/DSP/Source/FilteringFunctions/arm_fir_decimate_init_q15.c ****     /* Assign filter taps */
  84:Drivers/CMSIS/DSP/Source/FilteringFunctions/arm_fir_decimate_init_q15.c ****     S->numTaps = numTaps;
  54              		.loc 1 84 5 is_stmt 1 view .LVU7
  55              		.loc 1 84 16 is_stmt 0 view .LVU8
  56 0014 6180     		strh	r1, [r4, #2]	@ movhi
  85:Drivers/CMSIS/DSP/Source/FilteringFunctions/arm_fir_decimate_init_q15.c **** 
  86:Drivers/CMSIS/DSP/Source/FilteringFunctions/arm_fir_decimate_init_q15.c ****     /* Assign coefficient pointer */
  87:Drivers/CMSIS/DSP/Source/FilteringFunctions/arm_fir_decimate_init_q15.c ****     S->pCoeffs = pCoeffs;
  57              		.loc 1 87 5 is_stmt 1 view .LVU9
  58              		.loc 1 87 16 is_stmt 0 view .LVU10
  59 0016 6360     		str	r3, [r4, #4]
  88:Drivers/CMSIS/DSP/Source/FilteringFunctions/arm_fir_decimate_init_q15.c **** 
  89:Drivers/CMSIS/DSP/Source/FilteringFunctions/arm_fir_decimate_init_q15.c ****     /* Clear the state buffer.  The size of buffer is always (blockSize + numTaps - 1) */
  90:Drivers/CMSIS/DSP/Source/FilteringFunctions/arm_fir_decimate_init_q15.c ****     memset(pState, 0, (numTaps + (blockSize - 1U)) * sizeof(q15_t));
  60              		.loc 1 90 5 is_stmt 1 view .LVU11
  61              		.loc 1 90 32 is_stmt 0 view .LVU12
  62 0018 0144     		add	r1, r1, r0
  63              	.LVL3:
  64              		.loc 1 90 32 view .LVU13
  65 001a 0139     		subs	r1, r1, #1
  66              		.loc 1 90 5 view .LVU14
  67 001c 4A00     		lsls	r2, r1, #1
  68 001e 0021     		movs	r1, #0
  69 0020 3046     		mov	r0, r6
  70 0022 FFF7FEFF 		bl	memset
  71              	.LVL4:
  91:Drivers/CMSIS/DSP/Source/FilteringFunctions/arm_fir_decimate_init_q15.c **** 
  92:Drivers/CMSIS/DSP/Source/FilteringFunctions/arm_fir_decimate_init_q15.c ****     /* Assign state pointer */
  93:Drivers/CMSIS/DSP/Source/FilteringFunctions/arm_fir_decimate_init_q15.c ****     S->pState = pState;
  72              		.loc 1 93 5 is_stmt 1 view .LVU15
  73              		.loc 1 93 15 is_stmt 0 view .LVU16
  74 0026 A660     		str	r6, [r4, #8]
  94:Drivers/CMSIS/DSP/Source/FilteringFunctions/arm_fir_decimate_init_q15.c **** 
  95:Drivers/CMSIS/DSP/Source/FilteringFunctions/arm_fir_decimate_init_q15.c ****     /* Assign Decimation factor */
  96:Drivers/CMSIS/DSP/Source/FilteringFunctions/arm_fir_decimate_init_q15.c ****     S->M = M;
  75              		.loc 1 96 5 is_stmt 1 view .LVU17
  76              		.loc 1 96 10 is_stmt 0 view .LVU18
ARM GAS  C:\Users\Lamp\AppData\Local\Temp\ccS0GpVs.s 			page 4


  77 0028 2570     		strb	r5, [r4]
  97:Drivers/CMSIS/DSP/Source/FilteringFunctions/arm_fir_decimate_init_q15.c **** 
  98:Drivers/CMSIS/DSP/Source/FilteringFunctions/arm_fir_decimate_init_q15.c ****     status = ARM_MATH_SUCCESS;
  78              		.loc 1 98 5 is_stmt 1 view .LVU19
  79              	.LVL5:
  80              		.loc 1 98 12 is_stmt 0 view .LVU20
  81 002a 0020     		movs	r0, #0
  82              	.LVL6:
  83              	.L2:
  99:Drivers/CMSIS/DSP/Source/FilteringFunctions/arm_fir_decimate_init_q15.c ****   }
 100:Drivers/CMSIS/DSP/Source/FilteringFunctions/arm_fir_decimate_init_q15.c **** 
 101:Drivers/CMSIS/DSP/Source/FilteringFunctions/arm_fir_decimate_init_q15.c ****   return (status);
  84              		.loc 1 101 3 is_stmt 1 view .LVU21
 102:Drivers/CMSIS/DSP/Source/FilteringFunctions/arm_fir_decimate_init_q15.c **** 
 103:Drivers/CMSIS/DSP/Source/FilteringFunctions/arm_fir_decimate_init_q15.c **** }
  85              		.loc 1 103 1 is_stmt 0 view .LVU22
  86 002c 70BD     		pop	{r4, r5, r6, pc}
  87              	.LVL7:
  88              	.L3:
  79:Drivers/CMSIS/DSP/Source/FilteringFunctions/arm_fir_decimate_init_q15.c ****   }
  89              		.loc 1 79 12 view .LVU23
  90 002e 6FF00100 		mvn	r0, #1
  91 0032 FBE7     		b	.L2
  92              		.cfi_endproc
  93              	.LFE100:
  95              		.text
  96              	.Letext0:
  97              		.file 2 "C:/ARM GNU Toolchain/arm-none-eabi/include/machine/_default_types.h"
  98              		.file 3 "C:/ARM GNU Toolchain/arm-none-eabi/include/sys/_stdint.h"
  99              		.file 4 "C:/ARM GNU Toolchain/lib/gcc/arm-none-eabi/13.3.1/include/stddef.h"
 100              		.file 5 "Drivers/CMSIS/DSP/Include/arm_math.h"
 101              		.file 6 "C:/ARM GNU Toolchain/arm-none-eabi/include/string.h"
 102              		.file 7 "<built-in>"
ARM GAS  C:\Users\Lamp\AppData\Local\Temp\ccS0GpVs.s 			page 5


DEFINED SYMBOLS
                            *ABS*:00000000 arm_fir_decimate_init_q15.c
C:\Users\Lamp\AppData\Local\Temp\ccS0GpVs.s:19     .text.arm_fir_decimate_init_q15:00000000 $t
C:\Users\Lamp\AppData\Local\Temp\ccS0GpVs.s:25     .text.arm_fir_decimate_init_q15:00000000 arm_fir_decimate_init_q15

UNDEFINED SYMBOLS
memset
