ARM GAS  C:\Users\Lamp\AppData\Local\Temp\ccthSAth.s 			page 1


   1              		.cpu cortex-m3
   2              		.arch armv7-m
   3              		.fpu softvfp
   4              		.eabi_attribute 20, 1
   5              		.eabi_attribute 21, 1
   6              		.eabi_attribute 23, 3
   7              		.eabi_attribute 24, 1
   8              		.eabi_attribute 25, 1
   9              		.eabi_attribute 26, 1
  10              		.eabi_attribute 30, 1
  11              		.eabi_attribute 34, 1
  12              		.eabi_attribute 18, 4
  13              		.file	"arm_copy_q15.c"
  14              		.text
  15              	.Ltext0:
  16              		.cfi_sections	.debug_frame
  17              		.file 1 "Drivers/CMSIS/DSP/Source/SupportFunctions/arm_copy_q15.c"
  18              		.section	.text.arm_copy_q15,"ax",%progbits
  19              		.align	1
  20              		.global	arm_copy_q15
  21              		.syntax unified
  22              		.thumb
  23              		.thumb_func
  25              	arm_copy_q15:
  26              	.LVL0:
  27              	.LFB100:
   1:Drivers/CMSIS/DSP/Source/SupportFunctions/arm_copy_q15.c **** /* ----------------------------------------------------------------------
   2:Drivers/CMSIS/DSP/Source/SupportFunctions/arm_copy_q15.c ****  * Project:      CMSIS DSP Library
   3:Drivers/CMSIS/DSP/Source/SupportFunctions/arm_copy_q15.c ****  * Title:        arm_copy_q15.c
   4:Drivers/CMSIS/DSP/Source/SupportFunctions/arm_copy_q15.c ****  * Description:  Copies the elements of a Q15 vector
   5:Drivers/CMSIS/DSP/Source/SupportFunctions/arm_copy_q15.c ****  *
   6:Drivers/CMSIS/DSP/Source/SupportFunctions/arm_copy_q15.c ****  * $Date:        27. January 2017
   7:Drivers/CMSIS/DSP/Source/SupportFunctions/arm_copy_q15.c ****  * $Revision:    V.1.5.1
   8:Drivers/CMSIS/DSP/Source/SupportFunctions/arm_copy_q15.c ****  *
   9:Drivers/CMSIS/DSP/Source/SupportFunctions/arm_copy_q15.c ****  * Target Processor: Cortex-M cores
  10:Drivers/CMSIS/DSP/Source/SupportFunctions/arm_copy_q15.c ****  * -------------------------------------------------------------------- */
  11:Drivers/CMSIS/DSP/Source/SupportFunctions/arm_copy_q15.c **** /*
  12:Drivers/CMSIS/DSP/Source/SupportFunctions/arm_copy_q15.c ****  * Copyright (C) 2010-2017 ARM Limited or its affiliates. All rights reserved.
  13:Drivers/CMSIS/DSP/Source/SupportFunctions/arm_copy_q15.c ****  *
  14:Drivers/CMSIS/DSP/Source/SupportFunctions/arm_copy_q15.c ****  * SPDX-License-Identifier: Apache-2.0
  15:Drivers/CMSIS/DSP/Source/SupportFunctions/arm_copy_q15.c ****  *
  16:Drivers/CMSIS/DSP/Source/SupportFunctions/arm_copy_q15.c ****  * Licensed under the Apache License, Version 2.0 (the License); you may
  17:Drivers/CMSIS/DSP/Source/SupportFunctions/arm_copy_q15.c ****  * not use this file except in compliance with the License.
  18:Drivers/CMSIS/DSP/Source/SupportFunctions/arm_copy_q15.c ****  * You may obtain a copy of the License at
  19:Drivers/CMSIS/DSP/Source/SupportFunctions/arm_copy_q15.c ****  *
  20:Drivers/CMSIS/DSP/Source/SupportFunctions/arm_copy_q15.c ****  * www.apache.org/licenses/LICENSE-2.0
  21:Drivers/CMSIS/DSP/Source/SupportFunctions/arm_copy_q15.c ****  *
  22:Drivers/CMSIS/DSP/Source/SupportFunctions/arm_copy_q15.c ****  * Unless required by applicable law or agreed to in writing, software
  23:Drivers/CMSIS/DSP/Source/SupportFunctions/arm_copy_q15.c ****  * distributed under the License is distributed on an AS IS BASIS, WITHOUT
  24:Drivers/CMSIS/DSP/Source/SupportFunctions/arm_copy_q15.c ****  * WARRANTIES OR CONDITIONS OF ANY KIND, either express or implied.
  25:Drivers/CMSIS/DSP/Source/SupportFunctions/arm_copy_q15.c ****  * See the License for the specific language governing permissions and
  26:Drivers/CMSIS/DSP/Source/SupportFunctions/arm_copy_q15.c ****  * limitations under the License.
  27:Drivers/CMSIS/DSP/Source/SupportFunctions/arm_copy_q15.c ****  */
  28:Drivers/CMSIS/DSP/Source/SupportFunctions/arm_copy_q15.c **** 
  29:Drivers/CMSIS/DSP/Source/SupportFunctions/arm_copy_q15.c **** #include "arm_math.h"
  30:Drivers/CMSIS/DSP/Source/SupportFunctions/arm_copy_q15.c **** 
  31:Drivers/CMSIS/DSP/Source/SupportFunctions/arm_copy_q15.c **** /**
ARM GAS  C:\Users\Lamp\AppData\Local\Temp\ccthSAth.s 			page 2


  32:Drivers/CMSIS/DSP/Source/SupportFunctions/arm_copy_q15.c ****  * @ingroup groupSupport
  33:Drivers/CMSIS/DSP/Source/SupportFunctions/arm_copy_q15.c ****  */
  34:Drivers/CMSIS/DSP/Source/SupportFunctions/arm_copy_q15.c **** 
  35:Drivers/CMSIS/DSP/Source/SupportFunctions/arm_copy_q15.c **** /**
  36:Drivers/CMSIS/DSP/Source/SupportFunctions/arm_copy_q15.c ****  * @addtogroup copy
  37:Drivers/CMSIS/DSP/Source/SupportFunctions/arm_copy_q15.c ****  * @{
  38:Drivers/CMSIS/DSP/Source/SupportFunctions/arm_copy_q15.c ****  */
  39:Drivers/CMSIS/DSP/Source/SupportFunctions/arm_copy_q15.c **** /**
  40:Drivers/CMSIS/DSP/Source/SupportFunctions/arm_copy_q15.c ****  * @brief Copies the elements of a Q15 vector.
  41:Drivers/CMSIS/DSP/Source/SupportFunctions/arm_copy_q15.c ****  * @param[in]       *pSrc points to input vector
  42:Drivers/CMSIS/DSP/Source/SupportFunctions/arm_copy_q15.c ****  * @param[out]      *pDst points to output vector
  43:Drivers/CMSIS/DSP/Source/SupportFunctions/arm_copy_q15.c ****  * @param[in]       blockSize length of the input vector
  44:Drivers/CMSIS/DSP/Source/SupportFunctions/arm_copy_q15.c ****  * @return none.
  45:Drivers/CMSIS/DSP/Source/SupportFunctions/arm_copy_q15.c ****  *
  46:Drivers/CMSIS/DSP/Source/SupportFunctions/arm_copy_q15.c ****  */
  47:Drivers/CMSIS/DSP/Source/SupportFunctions/arm_copy_q15.c **** 
  48:Drivers/CMSIS/DSP/Source/SupportFunctions/arm_copy_q15.c **** void arm_copy_q15(
  49:Drivers/CMSIS/DSP/Source/SupportFunctions/arm_copy_q15.c ****   q15_t * pSrc,
  50:Drivers/CMSIS/DSP/Source/SupportFunctions/arm_copy_q15.c ****   q15_t * pDst,
  51:Drivers/CMSIS/DSP/Source/SupportFunctions/arm_copy_q15.c ****   uint32_t blockSize)
  52:Drivers/CMSIS/DSP/Source/SupportFunctions/arm_copy_q15.c **** {
  28              		.loc 1 52 1 view -0
  29              		.cfi_startproc
  30              		@ args = 0, pretend = 0, frame = 0
  31              		@ frame_needed = 0, uses_anonymous_args = 0
  32              		@ link register save eliminated.
  53:Drivers/CMSIS/DSP/Source/SupportFunctions/arm_copy_q15.c ****   uint32_t blkCnt;                               /* loop counter */
  33              		.loc 1 53 3 view .LVU1
  54:Drivers/CMSIS/DSP/Source/SupportFunctions/arm_copy_q15.c **** 
  55:Drivers/CMSIS/DSP/Source/SupportFunctions/arm_copy_q15.c **** #if defined (ARM_MATH_DSP)
  56:Drivers/CMSIS/DSP/Source/SupportFunctions/arm_copy_q15.c **** 
  57:Drivers/CMSIS/DSP/Source/SupportFunctions/arm_copy_q15.c ****   /* Run the below code for Cortex-M4 and Cortex-M3 */
  58:Drivers/CMSIS/DSP/Source/SupportFunctions/arm_copy_q15.c **** 
  59:Drivers/CMSIS/DSP/Source/SupportFunctions/arm_copy_q15.c ****   /*loop Unrolling */
  60:Drivers/CMSIS/DSP/Source/SupportFunctions/arm_copy_q15.c ****   blkCnt = blockSize >> 2U;
  61:Drivers/CMSIS/DSP/Source/SupportFunctions/arm_copy_q15.c **** 
  62:Drivers/CMSIS/DSP/Source/SupportFunctions/arm_copy_q15.c ****   /* First part of the processing with loop unrolling.  Compute 4 outputs at a time.
  63:Drivers/CMSIS/DSP/Source/SupportFunctions/arm_copy_q15.c ****    ** a second loop below computes the remaining 1 to 3 samples. */
  64:Drivers/CMSIS/DSP/Source/SupportFunctions/arm_copy_q15.c ****   while (blkCnt > 0U)
  65:Drivers/CMSIS/DSP/Source/SupportFunctions/arm_copy_q15.c ****   {
  66:Drivers/CMSIS/DSP/Source/SupportFunctions/arm_copy_q15.c ****     /* C = A */
  67:Drivers/CMSIS/DSP/Source/SupportFunctions/arm_copy_q15.c ****     /* Read two inputs */
  68:Drivers/CMSIS/DSP/Source/SupportFunctions/arm_copy_q15.c ****     *__SIMD32(pDst)++ = *__SIMD32(pSrc)++;
  69:Drivers/CMSIS/DSP/Source/SupportFunctions/arm_copy_q15.c ****     *__SIMD32(pDst)++ = *__SIMD32(pSrc)++;
  70:Drivers/CMSIS/DSP/Source/SupportFunctions/arm_copy_q15.c **** 
  71:Drivers/CMSIS/DSP/Source/SupportFunctions/arm_copy_q15.c ****     /* Decrement the loop counter */
  72:Drivers/CMSIS/DSP/Source/SupportFunctions/arm_copy_q15.c ****     blkCnt--;
  73:Drivers/CMSIS/DSP/Source/SupportFunctions/arm_copy_q15.c ****   }
  74:Drivers/CMSIS/DSP/Source/SupportFunctions/arm_copy_q15.c **** 
  75:Drivers/CMSIS/DSP/Source/SupportFunctions/arm_copy_q15.c ****   /* If the blockSize is not a multiple of 4, compute any remaining output samples here.
  76:Drivers/CMSIS/DSP/Source/SupportFunctions/arm_copy_q15.c ****    ** No loop unrolling is used. */
  77:Drivers/CMSIS/DSP/Source/SupportFunctions/arm_copy_q15.c ****   blkCnt = blockSize % 0x4U;
  78:Drivers/CMSIS/DSP/Source/SupportFunctions/arm_copy_q15.c **** 
  79:Drivers/CMSIS/DSP/Source/SupportFunctions/arm_copy_q15.c **** 
  80:Drivers/CMSIS/DSP/Source/SupportFunctions/arm_copy_q15.c **** #else
  81:Drivers/CMSIS/DSP/Source/SupportFunctions/arm_copy_q15.c **** 
  82:Drivers/CMSIS/DSP/Source/SupportFunctions/arm_copy_q15.c ****   /* Run the below code for Cortex-M0 */
ARM GAS  C:\Users\Lamp\AppData\Local\Temp\ccthSAth.s 			page 3


  83:Drivers/CMSIS/DSP/Source/SupportFunctions/arm_copy_q15.c **** 
  84:Drivers/CMSIS/DSP/Source/SupportFunctions/arm_copy_q15.c ****   /* Loop over blockSize number of values */
  85:Drivers/CMSIS/DSP/Source/SupportFunctions/arm_copy_q15.c ****   blkCnt = blockSize;
  34              		.loc 1 85 3 view .LVU2
  86:Drivers/CMSIS/DSP/Source/SupportFunctions/arm_copy_q15.c **** 
  87:Drivers/CMSIS/DSP/Source/SupportFunctions/arm_copy_q15.c **** #endif /* #if defined (ARM_MATH_DSP) */
  88:Drivers/CMSIS/DSP/Source/SupportFunctions/arm_copy_q15.c **** 
  89:Drivers/CMSIS/DSP/Source/SupportFunctions/arm_copy_q15.c ****   while (blkCnt > 0U)
  35              		.loc 1 89 3 view .LVU3
  36              		.loc 1 89 9 is_stmt 0 view .LVU4
  37 0000 04E0     		b	.L2
  38              	.LVL1:
  39              	.L3:
  90:Drivers/CMSIS/DSP/Source/SupportFunctions/arm_copy_q15.c ****   {
  91:Drivers/CMSIS/DSP/Source/SupportFunctions/arm_copy_q15.c ****     /* C = A */
  92:Drivers/CMSIS/DSP/Source/SupportFunctions/arm_copy_q15.c ****     /* Copy and then store the value in the destination buffer */
  93:Drivers/CMSIS/DSP/Source/SupportFunctions/arm_copy_q15.c ****     *pDst++ = *pSrc++;
  40              		.loc 1 93 5 is_stmt 1 view .LVU5
  41              		.loc 1 93 15 is_stmt 0 view .LVU6
  42 0002 30F9023B 		ldrsh	r3, [r0], #2
  43              	.LVL2:
  44              		.loc 1 93 13 view .LVU7
  45 0006 21F8023B 		strh	r3, [r1], #2	@ movhi
  46              	.LVL3:
  94:Drivers/CMSIS/DSP/Source/SupportFunctions/arm_copy_q15.c **** 
  95:Drivers/CMSIS/DSP/Source/SupportFunctions/arm_copy_q15.c ****     /* Decrement the loop counter */
  96:Drivers/CMSIS/DSP/Source/SupportFunctions/arm_copy_q15.c ****     blkCnt--;
  47              		.loc 1 96 5 is_stmt 1 view .LVU8
  48              		.loc 1 96 11 is_stmt 0 view .LVU9
  49 000a 013A     		subs	r2, r2, #1
  50              	.LVL4:
  51              	.L2:
  89:Drivers/CMSIS/DSP/Source/SupportFunctions/arm_copy_q15.c ****   {
  52              		.loc 1 89 17 is_stmt 1 view .LVU10
  53 000c 002A     		cmp	r2, #0
  54 000e F8D1     		bne	.L3
  97:Drivers/CMSIS/DSP/Source/SupportFunctions/arm_copy_q15.c ****   }
  98:Drivers/CMSIS/DSP/Source/SupportFunctions/arm_copy_q15.c **** }
  55              		.loc 1 98 1 is_stmt 0 view .LVU11
  56 0010 7047     		bx	lr
  57              		.cfi_endproc
  58              	.LFE100:
  60              		.text
  61              	.Letext0:
  62              		.file 2 "C:/ARM GNU Toolchain/arm-none-eabi/include/machine/_default_types.h"
  63              		.file 3 "C:/ARM GNU Toolchain/arm-none-eabi/include/sys/_stdint.h"
  64              		.file 4 "Drivers/CMSIS/DSP/Include/arm_math.h"
ARM GAS  C:\Users\Lamp\AppData\Local\Temp\ccthSAth.s 			page 4


DEFINED SYMBOLS
                            *ABS*:00000000 arm_copy_q15.c
C:\Users\Lamp\AppData\Local\Temp\ccthSAth.s:19     .text.arm_copy_q15:00000000 $t
C:\Users\Lamp\AppData\Local\Temp\ccthSAth.s:25     .text.arm_copy_q15:00000000 arm_copy_q15

NO UNDEFINED SYMBOLS
