ARM GAS  C:\Users\Lamp\AppData\Local\Temp\ccYW7hYp.s 			page 1


   1              		.cpu cortex-m3
   2              		.arch armv7-m
   3              		.fpu softvfp
   4              		.eabi_attribute 20, 1
   5              		.eabi_attribute 21, 1
   6              		.eabi_attribute 23, 3
   7              		.eabi_attribute 24, 1
   8              		.eabi_attribute 25, 1
   9              		.eabi_attribute 26, 1
  10              		.eabi_attribute 30, 1
  11              		.eabi_attribute 34, 1
  12              		.eabi_attribute 18, 4
  13              		.file	"arm_pid_init_f32.c"
  14              		.text
  15              	.Ltext0:
  16              		.cfi_sections	.debug_frame
  17              		.file 1 "Drivers/CMSIS/DSP/Source/ControllerFunctions/arm_pid_init_f32.c"
  18              		.global	__aeabi_fadd
  19              		.global	__aeabi_fsub
  20              		.section	.text.arm_pid_init_f32,"ax",%progbits
  21              		.align	1
  22              		.global	arm_pid_init_f32
  23              		.syntax unified
  24              		.thumb
  25              		.thumb_func
  27              	arm_pid_init_f32:
  28              	.LVL0:
  29              	.LFB100:
   1:Drivers/CMSIS/DSP/Source/ControllerFunctions/arm_pid_init_f32.c **** /* ----------------------------------------------------------------------
   2:Drivers/CMSIS/DSP/Source/ControllerFunctions/arm_pid_init_f32.c ****  * Project:      CMSIS DSP Library
   3:Drivers/CMSIS/DSP/Source/ControllerFunctions/arm_pid_init_f32.c ****  * Title:        arm_pid_init_f32.c
   4:Drivers/CMSIS/DSP/Source/ControllerFunctions/arm_pid_init_f32.c ****  * Description:  Floating-point PID Control initialization function
   5:Drivers/CMSIS/DSP/Source/ControllerFunctions/arm_pid_init_f32.c ****  *
   6:Drivers/CMSIS/DSP/Source/ControllerFunctions/arm_pid_init_f32.c ****  * $Date:        27. January 2017
   7:Drivers/CMSIS/DSP/Source/ControllerFunctions/arm_pid_init_f32.c ****  * $Revision:    V.1.5.1
   8:Drivers/CMSIS/DSP/Source/ControllerFunctions/arm_pid_init_f32.c ****  *
   9:Drivers/CMSIS/DSP/Source/ControllerFunctions/arm_pid_init_f32.c ****  * Target Processor: Cortex-M cores
  10:Drivers/CMSIS/DSP/Source/ControllerFunctions/arm_pid_init_f32.c ****  * -------------------------------------------------------------------- */
  11:Drivers/CMSIS/DSP/Source/ControllerFunctions/arm_pid_init_f32.c **** /*
  12:Drivers/CMSIS/DSP/Source/ControllerFunctions/arm_pid_init_f32.c ****  * Copyright (C) 2010-2017 ARM Limited or its affiliates. All rights reserved.
  13:Drivers/CMSIS/DSP/Source/ControllerFunctions/arm_pid_init_f32.c ****  *
  14:Drivers/CMSIS/DSP/Source/ControllerFunctions/arm_pid_init_f32.c ****  * SPDX-License-Identifier: Apache-2.0
  15:Drivers/CMSIS/DSP/Source/ControllerFunctions/arm_pid_init_f32.c ****  *
  16:Drivers/CMSIS/DSP/Source/ControllerFunctions/arm_pid_init_f32.c ****  * Licensed under the Apache License, Version 2.0 (the License); you may
  17:Drivers/CMSIS/DSP/Source/ControllerFunctions/arm_pid_init_f32.c ****  * not use this file except in compliance with the License.
  18:Drivers/CMSIS/DSP/Source/ControllerFunctions/arm_pid_init_f32.c ****  * You may obtain a copy of the License at
  19:Drivers/CMSIS/DSP/Source/ControllerFunctions/arm_pid_init_f32.c ****  *
  20:Drivers/CMSIS/DSP/Source/ControllerFunctions/arm_pid_init_f32.c ****  * www.apache.org/licenses/LICENSE-2.0
  21:Drivers/CMSIS/DSP/Source/ControllerFunctions/arm_pid_init_f32.c ****  *
  22:Drivers/CMSIS/DSP/Source/ControllerFunctions/arm_pid_init_f32.c ****  * Unless required by applicable law or agreed to in writing, software
  23:Drivers/CMSIS/DSP/Source/ControllerFunctions/arm_pid_init_f32.c ****  * distributed under the License is distributed on an AS IS BASIS, WITHOUT
  24:Drivers/CMSIS/DSP/Source/ControllerFunctions/arm_pid_init_f32.c ****  * WARRANTIES OR CONDITIONS OF ANY KIND, either express or implied.
  25:Drivers/CMSIS/DSP/Source/ControllerFunctions/arm_pid_init_f32.c ****  * See the License for the specific language governing permissions and
  26:Drivers/CMSIS/DSP/Source/ControllerFunctions/arm_pid_init_f32.c ****  * limitations under the License.
  27:Drivers/CMSIS/DSP/Source/ControllerFunctions/arm_pid_init_f32.c ****  */
  28:Drivers/CMSIS/DSP/Source/ControllerFunctions/arm_pid_init_f32.c **** 
  29:Drivers/CMSIS/DSP/Source/ControllerFunctions/arm_pid_init_f32.c **** #include "arm_math.h"
ARM GAS  C:\Users\Lamp\AppData\Local\Temp\ccYW7hYp.s 			page 2


  30:Drivers/CMSIS/DSP/Source/ControllerFunctions/arm_pid_init_f32.c **** 
  31:Drivers/CMSIS/DSP/Source/ControllerFunctions/arm_pid_init_f32.c ****  /**
  32:Drivers/CMSIS/DSP/Source/ControllerFunctions/arm_pid_init_f32.c ****  * @addtogroup PID
  33:Drivers/CMSIS/DSP/Source/ControllerFunctions/arm_pid_init_f32.c ****  * @{
  34:Drivers/CMSIS/DSP/Source/ControllerFunctions/arm_pid_init_f32.c ****  */
  35:Drivers/CMSIS/DSP/Source/ControllerFunctions/arm_pid_init_f32.c **** 
  36:Drivers/CMSIS/DSP/Source/ControllerFunctions/arm_pid_init_f32.c **** /**
  37:Drivers/CMSIS/DSP/Source/ControllerFunctions/arm_pid_init_f32.c ****  * @brief  Initialization function for the floating-point PID Control.
  38:Drivers/CMSIS/DSP/Source/ControllerFunctions/arm_pid_init_f32.c ****  * @param[in,out] *S points to an instance of the PID structure.
  39:Drivers/CMSIS/DSP/Source/ControllerFunctions/arm_pid_init_f32.c ****  * @param[in]     resetStateFlag  flag to reset the state. 0 = no change in state & 1 = reset the s
  40:Drivers/CMSIS/DSP/Source/ControllerFunctions/arm_pid_init_f32.c ****  * @return none.
  41:Drivers/CMSIS/DSP/Source/ControllerFunctions/arm_pid_init_f32.c ****  * \par Description:
  42:Drivers/CMSIS/DSP/Source/ControllerFunctions/arm_pid_init_f32.c ****  * \par
  43:Drivers/CMSIS/DSP/Source/ControllerFunctions/arm_pid_init_f32.c ****  * The <code>resetStateFlag</code> specifies whether to set state to zero or not. \n
  44:Drivers/CMSIS/DSP/Source/ControllerFunctions/arm_pid_init_f32.c ****  * The function computes the structure fields: <code>A0</code>, <code>A1</code> <code>A2</code>
  45:Drivers/CMSIS/DSP/Source/ControllerFunctions/arm_pid_init_f32.c ****  * using the proportional gain( \c Kp), integral gain( \c Ki) and derivative gain( \c Kd)
  46:Drivers/CMSIS/DSP/Source/ControllerFunctions/arm_pid_init_f32.c ****  * also sets the state variables to all zeros.
  47:Drivers/CMSIS/DSP/Source/ControllerFunctions/arm_pid_init_f32.c ****  */
  48:Drivers/CMSIS/DSP/Source/ControllerFunctions/arm_pid_init_f32.c **** 
  49:Drivers/CMSIS/DSP/Source/ControllerFunctions/arm_pid_init_f32.c **** void arm_pid_init_f32(
  50:Drivers/CMSIS/DSP/Source/ControllerFunctions/arm_pid_init_f32.c ****   arm_pid_instance_f32 * S,
  51:Drivers/CMSIS/DSP/Source/ControllerFunctions/arm_pid_init_f32.c ****   int32_t resetStateFlag)
  52:Drivers/CMSIS/DSP/Source/ControllerFunctions/arm_pid_init_f32.c **** {
  30              		.loc 1 52 1 view -0
  31              		.cfi_startproc
  32              		@ args = 0, pretend = 0, frame = 0
  33              		@ frame_needed = 0, uses_anonymous_args = 0
  34              		.loc 1 52 1 is_stmt 0 view .LVU1
  35 0000 F8B5     		push	{r3, r4, r5, r6, r7, lr}
  36              	.LCFI0:
  37              		.cfi_def_cfa_offset 24
  38              		.cfi_offset 3, -24
  39              		.cfi_offset 4, -20
  40              		.cfi_offset 5, -16
  41              		.cfi_offset 6, -12
  42              		.cfi_offset 7, -8
  43              		.cfi_offset 14, -4
  44 0002 0446     		mov	r4, r0
  45 0004 0F46     		mov	r7, r1
  53:Drivers/CMSIS/DSP/Source/ControllerFunctions/arm_pid_init_f32.c **** 
  54:Drivers/CMSIS/DSP/Source/ControllerFunctions/arm_pid_init_f32.c ****   /* Derived coefficient A0 */
  55:Drivers/CMSIS/DSP/Source/ControllerFunctions/arm_pid_init_f32.c ****   S->A0 = S->Kp + S->Ki + S->Kd;
  46              		.loc 1 55 3 is_stmt 1 view .LVU2
  47              		.loc 1 55 12 is_stmt 0 view .LVU3
  48 0006 8669     		ldr	r6, [r0, #24]	@ float
  49              		.loc 1 55 17 view .LVU4
  50 0008 C169     		ldr	r1, [r0, #28]	@ float
  51              	.LVL1:
  52              		.loc 1 55 17 view .LVU5
  53 000a 3046     		mov	r0, r6
  54              	.LVL2:
  55              		.loc 1 55 17 view .LVU6
  56 000c FFF7FEFF 		bl	__aeabi_fadd
  57              	.LVL3:
  58              		.loc 1 55 28 view .LVU7
  59 0010 256A     		ldr	r5, [r4, #32]	@ float
  60              		.loc 1 55 25 view .LVU8
ARM GAS  C:\Users\Lamp\AppData\Local\Temp\ccYW7hYp.s 			page 3


  61 0012 2946     		mov	r1, r5
  62 0014 FFF7FEFF 		bl	__aeabi_fadd
  63              	.LVL4:
  64              		.loc 1 55 9 view .LVU9
  65 0018 2060     		str	r0, [r4]	@ float
  56:Drivers/CMSIS/DSP/Source/ControllerFunctions/arm_pid_init_f32.c **** 
  57:Drivers/CMSIS/DSP/Source/ControllerFunctions/arm_pid_init_f32.c ****   /* Derived coefficient A1 */
  58:Drivers/CMSIS/DSP/Source/ControllerFunctions/arm_pid_init_f32.c ****   S->A1 = (-S->Kp) - ((float32_t) 2.0 * S->Kd);
  66              		.loc 1 58 3 is_stmt 1 view .LVU10
  67              		.loc 1 58 12 is_stmt 0 view .LVU11
  68 001a 06F10046 		add	r6, r6, #-2147483648
  69              		.loc 1 58 39 view .LVU12
  70 001e 2946     		mov	r1, r5
  71 0020 2846     		mov	r0, r5
  72 0022 FFF7FEFF 		bl	__aeabi_fadd
  73              	.LVL5:
  74 0026 0146     		mov	r1, r0
  75              		.loc 1 58 20 view .LVU13
  76 0028 3046     		mov	r0, r6
  77 002a FFF7FEFF 		bl	__aeabi_fsub
  78              	.LVL6:
  79              		.loc 1 58 9 view .LVU14
  80 002e 6060     		str	r0, [r4, #4]	@ float
  59:Drivers/CMSIS/DSP/Source/ControllerFunctions/arm_pid_init_f32.c **** 
  60:Drivers/CMSIS/DSP/Source/ControllerFunctions/arm_pid_init_f32.c ****   /* Derived coefficient A2 */
  61:Drivers/CMSIS/DSP/Source/ControllerFunctions/arm_pid_init_f32.c ****   S->A2 = S->Kd;
  81              		.loc 1 61 3 is_stmt 1 view .LVU15
  82              		.loc 1 61 9 is_stmt 0 view .LVU16
  83 0030 A560     		str	r5, [r4, #8]	@ float
  62:Drivers/CMSIS/DSP/Source/ControllerFunctions/arm_pid_init_f32.c **** 
  63:Drivers/CMSIS/DSP/Source/ControllerFunctions/arm_pid_init_f32.c ****   /* Check whether state needs reset or not */
  64:Drivers/CMSIS/DSP/Source/ControllerFunctions/arm_pid_init_f32.c ****   if (resetStateFlag)
  84              		.loc 1 64 3 is_stmt 1 view .LVU17
  85              		.loc 1 64 6 is_stmt 0 view .LVU18
  86 0032 07B9     		cbnz	r7, .L4
  87              	.L1:
  65:Drivers/CMSIS/DSP/Source/ControllerFunctions/arm_pid_init_f32.c ****   {
  66:Drivers/CMSIS/DSP/Source/ControllerFunctions/arm_pid_init_f32.c ****     /* Clear the state buffer.  The size will be always 3 samples */
  67:Drivers/CMSIS/DSP/Source/ControllerFunctions/arm_pid_init_f32.c ****     memset(S->state, 0, 3U * sizeof(float32_t));
  68:Drivers/CMSIS/DSP/Source/ControllerFunctions/arm_pid_init_f32.c ****   }
  69:Drivers/CMSIS/DSP/Source/ControllerFunctions/arm_pid_init_f32.c **** 
  70:Drivers/CMSIS/DSP/Source/ControllerFunctions/arm_pid_init_f32.c **** }
  88              		.loc 1 70 1 view .LVU19
  89 0034 F8BD     		pop	{r3, r4, r5, r6, r7, pc}
  90              	.LVL7:
  91              	.L4:
  67:Drivers/CMSIS/DSP/Source/ControllerFunctions/arm_pid_init_f32.c ****   }
  92              		.loc 1 67 5 is_stmt 1 view .LVU20
  93 0036 0023     		movs	r3, #0
  94 0038 E360     		str	r3, [r4, #12]	@ unaligned
  95 003a 2361     		str	r3, [r4, #16]	@ unaligned
  96 003c 6361     		str	r3, [r4, #20]	@ unaligned
  97              		.loc 1 70 1 is_stmt 0 view .LVU21
  98 003e F9E7     		b	.L1
  99              		.cfi_endproc
 100              	.LFE100:
 102              		.text
ARM GAS  C:\Users\Lamp\AppData\Local\Temp\ccYW7hYp.s 			page 4


 103              	.Letext0:
 104              		.file 2 "C:/ARM GNU Toolchain/arm-none-eabi/include/machine/_default_types.h"
 105              		.file 3 "C:/ARM GNU Toolchain/arm-none-eabi/include/sys/_stdint.h"
 106              		.file 4 "C:/ARM GNU Toolchain/lib/gcc/arm-none-eabi/13.3.1/include/stddef.h"
 107              		.file 5 "Drivers/CMSIS/DSP/Include/arm_math.h"
 108              		.file 6 "C:/ARM GNU Toolchain/arm-none-eabi/include/string.h"
ARM GAS  C:\Users\Lamp\AppData\Local\Temp\ccYW7hYp.s 			page 5


DEFINED SYMBOLS
                            *ABS*:00000000 arm_pid_init_f32.c
C:\Users\Lamp\AppData\Local\Temp\ccYW7hYp.s:21     .text.arm_pid_init_f32:00000000 $t
C:\Users\Lamp\AppData\Local\Temp\ccYW7hYp.s:27     .text.arm_pid_init_f32:00000000 arm_pid_init_f32

UNDEFINED SYMBOLS
__aeabi_fadd
__aeabi_fsub
