ARM GAS  C:\Users\Lamp\AppData\Local\Temp\ccyqfEw2.s 			page 1


   1              		.cpu cortex-m3
   2              		.arch armv7-m
   3              		.fpu softvfp
   4              		.eabi_attribute 20, 1
   5              		.eabi_attribute 21, 1
   6              		.eabi_attribute 23, 3
   7              		.eabi_attribute 24, 1
   8              		.eabi_attribute 25, 1
   9              		.eabi_attribute 26, 1
  10              		.eabi_attribute 30, 1
  11              		.eabi_attribute 34, 1
  12              		.eabi_attribute 18, 4
  13              		.file	"arm_cmplx_conj_q31.c"
  14              		.text
  15              	.Ltext0:
  16              		.cfi_sections	.debug_frame
  17              		.file 1 "Drivers/CMSIS/DSP/Source/ComplexMathFunctions/arm_cmplx_conj_q31.c"
  18              		.section	.text.arm_cmplx_conj_q31,"ax",%progbits
  19              		.align	1
  20              		.global	arm_cmplx_conj_q31
  21              		.syntax unified
  22              		.thumb
  23              		.thumb_func
  25              	arm_cmplx_conj_q31:
  26              	.LVL0:
  27              	.LFB100:
   1:Drivers/CMSIS/DSP/Source/ComplexMathFunctions/arm_cmplx_conj_q31.c **** /* ----------------------------------------------------------------------
   2:Drivers/CMSIS/DSP/Source/ComplexMathFunctions/arm_cmplx_conj_q31.c ****  * Project:      CMSIS DSP Library
   3:Drivers/CMSIS/DSP/Source/ComplexMathFunctions/arm_cmplx_conj_q31.c ****  * Title:        arm_cmplx_conj_q31.c
   4:Drivers/CMSIS/DSP/Source/ComplexMathFunctions/arm_cmplx_conj_q31.c ****  * Description:  Q31 complex conjugate
   5:Drivers/CMSIS/DSP/Source/ComplexMathFunctions/arm_cmplx_conj_q31.c ****  *
   6:Drivers/CMSIS/DSP/Source/ComplexMathFunctions/arm_cmplx_conj_q31.c ****  * $Date:        27. January 2017
   7:Drivers/CMSIS/DSP/Source/ComplexMathFunctions/arm_cmplx_conj_q31.c ****  * $Revision:    V.1.5.1
   8:Drivers/CMSIS/DSP/Source/ComplexMathFunctions/arm_cmplx_conj_q31.c ****  *
   9:Drivers/CMSIS/DSP/Source/ComplexMathFunctions/arm_cmplx_conj_q31.c ****  * Target Processor: Cortex-M cores
  10:Drivers/CMSIS/DSP/Source/ComplexMathFunctions/arm_cmplx_conj_q31.c ****  * -------------------------------------------------------------------- */
  11:Drivers/CMSIS/DSP/Source/ComplexMathFunctions/arm_cmplx_conj_q31.c **** /*
  12:Drivers/CMSIS/DSP/Source/ComplexMathFunctions/arm_cmplx_conj_q31.c ****  * Copyright (C) 2010-2017 ARM Limited or its affiliates. All rights reserved.
  13:Drivers/CMSIS/DSP/Source/ComplexMathFunctions/arm_cmplx_conj_q31.c ****  *
  14:Drivers/CMSIS/DSP/Source/ComplexMathFunctions/arm_cmplx_conj_q31.c ****  * SPDX-License-Identifier: Apache-2.0
  15:Drivers/CMSIS/DSP/Source/ComplexMathFunctions/arm_cmplx_conj_q31.c ****  *
  16:Drivers/CMSIS/DSP/Source/ComplexMathFunctions/arm_cmplx_conj_q31.c ****  * Licensed under the Apache License, Version 2.0 (the License); you may
  17:Drivers/CMSIS/DSP/Source/ComplexMathFunctions/arm_cmplx_conj_q31.c ****  * not use this file except in compliance with the License.
  18:Drivers/CMSIS/DSP/Source/ComplexMathFunctions/arm_cmplx_conj_q31.c ****  * You may obtain a copy of the License at
  19:Drivers/CMSIS/DSP/Source/ComplexMathFunctions/arm_cmplx_conj_q31.c ****  *
  20:Drivers/CMSIS/DSP/Source/ComplexMathFunctions/arm_cmplx_conj_q31.c ****  * www.apache.org/licenses/LICENSE-2.0
  21:Drivers/CMSIS/DSP/Source/ComplexMathFunctions/arm_cmplx_conj_q31.c ****  *
  22:Drivers/CMSIS/DSP/Source/ComplexMathFunctions/arm_cmplx_conj_q31.c ****  * Unless required by applicable law or agreed to in writing, software
  23:Drivers/CMSIS/DSP/Source/ComplexMathFunctions/arm_cmplx_conj_q31.c ****  * distributed under the License is distributed on an AS IS BASIS, WITHOUT
  24:Drivers/CMSIS/DSP/Source/ComplexMathFunctions/arm_cmplx_conj_q31.c ****  * WARRANTIES OR CONDITIONS OF ANY KIND, either express or implied.
  25:Drivers/CMSIS/DSP/Source/ComplexMathFunctions/arm_cmplx_conj_q31.c ****  * See the License for the specific language governing permissions and
  26:Drivers/CMSIS/DSP/Source/ComplexMathFunctions/arm_cmplx_conj_q31.c ****  * limitations under the License.
  27:Drivers/CMSIS/DSP/Source/ComplexMathFunctions/arm_cmplx_conj_q31.c ****  */
  28:Drivers/CMSIS/DSP/Source/ComplexMathFunctions/arm_cmplx_conj_q31.c **** 
  29:Drivers/CMSIS/DSP/Source/ComplexMathFunctions/arm_cmplx_conj_q31.c **** #include "arm_math.h"
  30:Drivers/CMSIS/DSP/Source/ComplexMathFunctions/arm_cmplx_conj_q31.c **** 
  31:Drivers/CMSIS/DSP/Source/ComplexMathFunctions/arm_cmplx_conj_q31.c **** /**
ARM GAS  C:\Users\Lamp\AppData\Local\Temp\ccyqfEw2.s 			page 2


  32:Drivers/CMSIS/DSP/Source/ComplexMathFunctions/arm_cmplx_conj_q31.c ****  * @ingroup groupCmplxMath
  33:Drivers/CMSIS/DSP/Source/ComplexMathFunctions/arm_cmplx_conj_q31.c ****  */
  34:Drivers/CMSIS/DSP/Source/ComplexMathFunctions/arm_cmplx_conj_q31.c **** 
  35:Drivers/CMSIS/DSP/Source/ComplexMathFunctions/arm_cmplx_conj_q31.c **** /**
  36:Drivers/CMSIS/DSP/Source/ComplexMathFunctions/arm_cmplx_conj_q31.c ****  * @addtogroup cmplx_conj
  37:Drivers/CMSIS/DSP/Source/ComplexMathFunctions/arm_cmplx_conj_q31.c ****  * @{
  38:Drivers/CMSIS/DSP/Source/ComplexMathFunctions/arm_cmplx_conj_q31.c ****  */
  39:Drivers/CMSIS/DSP/Source/ComplexMathFunctions/arm_cmplx_conj_q31.c **** 
  40:Drivers/CMSIS/DSP/Source/ComplexMathFunctions/arm_cmplx_conj_q31.c **** /**
  41:Drivers/CMSIS/DSP/Source/ComplexMathFunctions/arm_cmplx_conj_q31.c ****  * @brief  Q31 complex conjugate.
  42:Drivers/CMSIS/DSP/Source/ComplexMathFunctions/arm_cmplx_conj_q31.c ****  * @param  *pSrc points to the input vector
  43:Drivers/CMSIS/DSP/Source/ComplexMathFunctions/arm_cmplx_conj_q31.c ****  * @param  *pDst points to the output vector
  44:Drivers/CMSIS/DSP/Source/ComplexMathFunctions/arm_cmplx_conj_q31.c ****  * @param  numSamples number of complex samples in each vector
  45:Drivers/CMSIS/DSP/Source/ComplexMathFunctions/arm_cmplx_conj_q31.c ****  * @return none.
  46:Drivers/CMSIS/DSP/Source/ComplexMathFunctions/arm_cmplx_conj_q31.c ****  *
  47:Drivers/CMSIS/DSP/Source/ComplexMathFunctions/arm_cmplx_conj_q31.c ****  * <b>Scaling and Overflow Behavior:</b>
  48:Drivers/CMSIS/DSP/Source/ComplexMathFunctions/arm_cmplx_conj_q31.c ****  * \par
  49:Drivers/CMSIS/DSP/Source/ComplexMathFunctions/arm_cmplx_conj_q31.c ****  * The function uses saturating arithmetic.
  50:Drivers/CMSIS/DSP/Source/ComplexMathFunctions/arm_cmplx_conj_q31.c ****  * The Q31 value -1 (0x80000000) will be saturated to the maximum allowable positive value 0x7FFFFF
  51:Drivers/CMSIS/DSP/Source/ComplexMathFunctions/arm_cmplx_conj_q31.c ****  */
  52:Drivers/CMSIS/DSP/Source/ComplexMathFunctions/arm_cmplx_conj_q31.c **** 
  53:Drivers/CMSIS/DSP/Source/ComplexMathFunctions/arm_cmplx_conj_q31.c **** void arm_cmplx_conj_q31(
  54:Drivers/CMSIS/DSP/Source/ComplexMathFunctions/arm_cmplx_conj_q31.c ****   q31_t * pSrc,
  55:Drivers/CMSIS/DSP/Source/ComplexMathFunctions/arm_cmplx_conj_q31.c ****   q31_t * pDst,
  56:Drivers/CMSIS/DSP/Source/ComplexMathFunctions/arm_cmplx_conj_q31.c ****   uint32_t numSamples)
  57:Drivers/CMSIS/DSP/Source/ComplexMathFunctions/arm_cmplx_conj_q31.c **** {
  28              		.loc 1 57 1 view -0
  29              		.cfi_startproc
  30              		@ args = 0, pretend = 0, frame = 0
  31              		@ frame_needed = 0, uses_anonymous_args = 0
  32              		@ link register save eliminated.
  58:Drivers/CMSIS/DSP/Source/ComplexMathFunctions/arm_cmplx_conj_q31.c ****   uint32_t blkCnt;                               /* loop counter */
  33              		.loc 1 58 3 view .LVU1
  59:Drivers/CMSIS/DSP/Source/ComplexMathFunctions/arm_cmplx_conj_q31.c ****   q31_t in;                                      /* Input value */
  34              		.loc 1 59 3 view .LVU2
  60:Drivers/CMSIS/DSP/Source/ComplexMathFunctions/arm_cmplx_conj_q31.c **** 
  61:Drivers/CMSIS/DSP/Source/ComplexMathFunctions/arm_cmplx_conj_q31.c **** #if defined (ARM_MATH_DSP)
  62:Drivers/CMSIS/DSP/Source/ComplexMathFunctions/arm_cmplx_conj_q31.c **** 
  63:Drivers/CMSIS/DSP/Source/ComplexMathFunctions/arm_cmplx_conj_q31.c ****   /* Run the below code for Cortex-M4 and Cortex-M3 */
  64:Drivers/CMSIS/DSP/Source/ComplexMathFunctions/arm_cmplx_conj_q31.c ****   q31_t inR1, inR2, inR3, inR4;                  /* Temporary real variables */
  65:Drivers/CMSIS/DSP/Source/ComplexMathFunctions/arm_cmplx_conj_q31.c ****   q31_t inI1, inI2, inI3, inI4;                  /* Temporary imaginary variables */
  66:Drivers/CMSIS/DSP/Source/ComplexMathFunctions/arm_cmplx_conj_q31.c **** 
  67:Drivers/CMSIS/DSP/Source/ComplexMathFunctions/arm_cmplx_conj_q31.c ****   /*loop Unrolling */
  68:Drivers/CMSIS/DSP/Source/ComplexMathFunctions/arm_cmplx_conj_q31.c ****   blkCnt = numSamples >> 2U;
  69:Drivers/CMSIS/DSP/Source/ComplexMathFunctions/arm_cmplx_conj_q31.c **** 
  70:Drivers/CMSIS/DSP/Source/ComplexMathFunctions/arm_cmplx_conj_q31.c ****   /* First part of the processing with loop unrolling.  Compute 4 outputs at a time.
  71:Drivers/CMSIS/DSP/Source/ComplexMathFunctions/arm_cmplx_conj_q31.c ****    ** a second loop below computes the remaining 1 to 3 samples. */
  72:Drivers/CMSIS/DSP/Source/ComplexMathFunctions/arm_cmplx_conj_q31.c ****   while (blkCnt > 0U)
  73:Drivers/CMSIS/DSP/Source/ComplexMathFunctions/arm_cmplx_conj_q31.c ****   {
  74:Drivers/CMSIS/DSP/Source/ComplexMathFunctions/arm_cmplx_conj_q31.c ****     /* C[0]+jC[1] = A[0]+ j (-1) A[1] */
  75:Drivers/CMSIS/DSP/Source/ComplexMathFunctions/arm_cmplx_conj_q31.c ****     /* Calculate Complex Conjugate and then store the results in the destination buffer. */
  76:Drivers/CMSIS/DSP/Source/ComplexMathFunctions/arm_cmplx_conj_q31.c ****     /* Saturated to 0x7fffffff if the input is -1(0x80000000) */
  77:Drivers/CMSIS/DSP/Source/ComplexMathFunctions/arm_cmplx_conj_q31.c ****     /* read real input sample */
  78:Drivers/CMSIS/DSP/Source/ComplexMathFunctions/arm_cmplx_conj_q31.c ****     inR1 = pSrc[0];
  79:Drivers/CMSIS/DSP/Source/ComplexMathFunctions/arm_cmplx_conj_q31.c ****     /* store real input sample */
  80:Drivers/CMSIS/DSP/Source/ComplexMathFunctions/arm_cmplx_conj_q31.c ****     pDst[0] = inR1;
  81:Drivers/CMSIS/DSP/Source/ComplexMathFunctions/arm_cmplx_conj_q31.c **** 
ARM GAS  C:\Users\Lamp\AppData\Local\Temp\ccyqfEw2.s 			page 3


  82:Drivers/CMSIS/DSP/Source/ComplexMathFunctions/arm_cmplx_conj_q31.c ****     /* read imaginary input sample */
  83:Drivers/CMSIS/DSP/Source/ComplexMathFunctions/arm_cmplx_conj_q31.c ****     inI1 = pSrc[1];
  84:Drivers/CMSIS/DSP/Source/ComplexMathFunctions/arm_cmplx_conj_q31.c **** 
  85:Drivers/CMSIS/DSP/Source/ComplexMathFunctions/arm_cmplx_conj_q31.c ****     /* read real input sample */
  86:Drivers/CMSIS/DSP/Source/ComplexMathFunctions/arm_cmplx_conj_q31.c ****     inR2 = pSrc[2];
  87:Drivers/CMSIS/DSP/Source/ComplexMathFunctions/arm_cmplx_conj_q31.c ****     /* store real input sample */
  88:Drivers/CMSIS/DSP/Source/ComplexMathFunctions/arm_cmplx_conj_q31.c ****     pDst[2] = inR2;
  89:Drivers/CMSIS/DSP/Source/ComplexMathFunctions/arm_cmplx_conj_q31.c **** 
  90:Drivers/CMSIS/DSP/Source/ComplexMathFunctions/arm_cmplx_conj_q31.c ****     /* read imaginary input sample */
  91:Drivers/CMSIS/DSP/Source/ComplexMathFunctions/arm_cmplx_conj_q31.c ****     inI2 = pSrc[3];
  92:Drivers/CMSIS/DSP/Source/ComplexMathFunctions/arm_cmplx_conj_q31.c **** 
  93:Drivers/CMSIS/DSP/Source/ComplexMathFunctions/arm_cmplx_conj_q31.c ****     /* negate imaginary input sample */
  94:Drivers/CMSIS/DSP/Source/ComplexMathFunctions/arm_cmplx_conj_q31.c ****     inI1 = __QSUB(0, inI1);
  95:Drivers/CMSIS/DSP/Source/ComplexMathFunctions/arm_cmplx_conj_q31.c **** 
  96:Drivers/CMSIS/DSP/Source/ComplexMathFunctions/arm_cmplx_conj_q31.c ****     /* read real input sample */
  97:Drivers/CMSIS/DSP/Source/ComplexMathFunctions/arm_cmplx_conj_q31.c ****     inR3 = pSrc[4];
  98:Drivers/CMSIS/DSP/Source/ComplexMathFunctions/arm_cmplx_conj_q31.c ****     /* store real input sample */
  99:Drivers/CMSIS/DSP/Source/ComplexMathFunctions/arm_cmplx_conj_q31.c ****     pDst[4] = inR3;
 100:Drivers/CMSIS/DSP/Source/ComplexMathFunctions/arm_cmplx_conj_q31.c **** 
 101:Drivers/CMSIS/DSP/Source/ComplexMathFunctions/arm_cmplx_conj_q31.c ****     /* read imaginary input sample */
 102:Drivers/CMSIS/DSP/Source/ComplexMathFunctions/arm_cmplx_conj_q31.c ****     inI3 = pSrc[5];
 103:Drivers/CMSIS/DSP/Source/ComplexMathFunctions/arm_cmplx_conj_q31.c **** 
 104:Drivers/CMSIS/DSP/Source/ComplexMathFunctions/arm_cmplx_conj_q31.c ****     /* negate imaginary input sample */
 105:Drivers/CMSIS/DSP/Source/ComplexMathFunctions/arm_cmplx_conj_q31.c ****     inI2 = __QSUB(0, inI2);
 106:Drivers/CMSIS/DSP/Source/ComplexMathFunctions/arm_cmplx_conj_q31.c **** 
 107:Drivers/CMSIS/DSP/Source/ComplexMathFunctions/arm_cmplx_conj_q31.c ****     /* read real input sample */
 108:Drivers/CMSIS/DSP/Source/ComplexMathFunctions/arm_cmplx_conj_q31.c ****     inR4 = pSrc[6];
 109:Drivers/CMSIS/DSP/Source/ComplexMathFunctions/arm_cmplx_conj_q31.c ****     /* store real input sample */
 110:Drivers/CMSIS/DSP/Source/ComplexMathFunctions/arm_cmplx_conj_q31.c ****     pDst[6] = inR4;
 111:Drivers/CMSIS/DSP/Source/ComplexMathFunctions/arm_cmplx_conj_q31.c **** 
 112:Drivers/CMSIS/DSP/Source/ComplexMathFunctions/arm_cmplx_conj_q31.c ****     /* negate imaginary input sample */
 113:Drivers/CMSIS/DSP/Source/ComplexMathFunctions/arm_cmplx_conj_q31.c ****     inI3 = __QSUB(0, inI3);
 114:Drivers/CMSIS/DSP/Source/ComplexMathFunctions/arm_cmplx_conj_q31.c **** 
 115:Drivers/CMSIS/DSP/Source/ComplexMathFunctions/arm_cmplx_conj_q31.c ****     /* store imaginary input sample */
 116:Drivers/CMSIS/DSP/Source/ComplexMathFunctions/arm_cmplx_conj_q31.c ****     inI4 = pSrc[7];
 117:Drivers/CMSIS/DSP/Source/ComplexMathFunctions/arm_cmplx_conj_q31.c **** 
 118:Drivers/CMSIS/DSP/Source/ComplexMathFunctions/arm_cmplx_conj_q31.c ****     /* store imaginary input samples */
 119:Drivers/CMSIS/DSP/Source/ComplexMathFunctions/arm_cmplx_conj_q31.c ****     pDst[1] = inI1;
 120:Drivers/CMSIS/DSP/Source/ComplexMathFunctions/arm_cmplx_conj_q31.c **** 
 121:Drivers/CMSIS/DSP/Source/ComplexMathFunctions/arm_cmplx_conj_q31.c ****     /* negate imaginary input sample */
 122:Drivers/CMSIS/DSP/Source/ComplexMathFunctions/arm_cmplx_conj_q31.c ****     inI4 = __QSUB(0, inI4);
 123:Drivers/CMSIS/DSP/Source/ComplexMathFunctions/arm_cmplx_conj_q31.c **** 
 124:Drivers/CMSIS/DSP/Source/ComplexMathFunctions/arm_cmplx_conj_q31.c ****     /* store imaginary input samples */
 125:Drivers/CMSIS/DSP/Source/ComplexMathFunctions/arm_cmplx_conj_q31.c ****     pDst[3] = inI2;
 126:Drivers/CMSIS/DSP/Source/ComplexMathFunctions/arm_cmplx_conj_q31.c **** 
 127:Drivers/CMSIS/DSP/Source/ComplexMathFunctions/arm_cmplx_conj_q31.c ****     /* increment source pointer by 8 to proecess next samples */
 128:Drivers/CMSIS/DSP/Source/ComplexMathFunctions/arm_cmplx_conj_q31.c ****     pSrc += 8U;
 129:Drivers/CMSIS/DSP/Source/ComplexMathFunctions/arm_cmplx_conj_q31.c **** 
 130:Drivers/CMSIS/DSP/Source/ComplexMathFunctions/arm_cmplx_conj_q31.c ****     /* store imaginary input samples */
 131:Drivers/CMSIS/DSP/Source/ComplexMathFunctions/arm_cmplx_conj_q31.c ****     pDst[5] = inI3;
 132:Drivers/CMSIS/DSP/Source/ComplexMathFunctions/arm_cmplx_conj_q31.c ****     pDst[7] = inI4;
 133:Drivers/CMSIS/DSP/Source/ComplexMathFunctions/arm_cmplx_conj_q31.c **** 
 134:Drivers/CMSIS/DSP/Source/ComplexMathFunctions/arm_cmplx_conj_q31.c ****     /* increment destination pointer by 8 to process next samples */
 135:Drivers/CMSIS/DSP/Source/ComplexMathFunctions/arm_cmplx_conj_q31.c ****     pDst += 8U;
 136:Drivers/CMSIS/DSP/Source/ComplexMathFunctions/arm_cmplx_conj_q31.c **** 
 137:Drivers/CMSIS/DSP/Source/ComplexMathFunctions/arm_cmplx_conj_q31.c ****     /* Decrement the loop counter */
 138:Drivers/CMSIS/DSP/Source/ComplexMathFunctions/arm_cmplx_conj_q31.c ****     blkCnt--;
ARM GAS  C:\Users\Lamp\AppData\Local\Temp\ccyqfEw2.s 			page 4


 139:Drivers/CMSIS/DSP/Source/ComplexMathFunctions/arm_cmplx_conj_q31.c ****   }
 140:Drivers/CMSIS/DSP/Source/ComplexMathFunctions/arm_cmplx_conj_q31.c **** 
 141:Drivers/CMSIS/DSP/Source/ComplexMathFunctions/arm_cmplx_conj_q31.c ****   /* If the numSamples is not a multiple of 4, compute any remaining output samples here.
 142:Drivers/CMSIS/DSP/Source/ComplexMathFunctions/arm_cmplx_conj_q31.c ****    ** No loop unrolling is used. */
 143:Drivers/CMSIS/DSP/Source/ComplexMathFunctions/arm_cmplx_conj_q31.c ****   blkCnt = numSamples % 0x4U;
 144:Drivers/CMSIS/DSP/Source/ComplexMathFunctions/arm_cmplx_conj_q31.c **** 
 145:Drivers/CMSIS/DSP/Source/ComplexMathFunctions/arm_cmplx_conj_q31.c **** #else
 146:Drivers/CMSIS/DSP/Source/ComplexMathFunctions/arm_cmplx_conj_q31.c **** 
 147:Drivers/CMSIS/DSP/Source/ComplexMathFunctions/arm_cmplx_conj_q31.c ****   /* Run the below code for Cortex-M0 */
 148:Drivers/CMSIS/DSP/Source/ComplexMathFunctions/arm_cmplx_conj_q31.c ****   blkCnt = numSamples;
  35              		.loc 1 148 3 view .LVU3
 149:Drivers/CMSIS/DSP/Source/ComplexMathFunctions/arm_cmplx_conj_q31.c **** 
 150:Drivers/CMSIS/DSP/Source/ComplexMathFunctions/arm_cmplx_conj_q31.c **** 
 151:Drivers/CMSIS/DSP/Source/ComplexMathFunctions/arm_cmplx_conj_q31.c **** #endif /* #if defined (ARM_MATH_DSP) */
 152:Drivers/CMSIS/DSP/Source/ComplexMathFunctions/arm_cmplx_conj_q31.c **** 
 153:Drivers/CMSIS/DSP/Source/ComplexMathFunctions/arm_cmplx_conj_q31.c ****   while (blkCnt > 0U)
  36              		.loc 1 153 3 view .LVU4
  37              		.loc 1 153 9 is_stmt 0 view .LVU5
  38 0000 05E0     		b	.L2
  39              	.LVL1:
  40              	.L5:
 154:Drivers/CMSIS/DSP/Source/ComplexMathFunctions/arm_cmplx_conj_q31.c ****   {
 155:Drivers/CMSIS/DSP/Source/ComplexMathFunctions/arm_cmplx_conj_q31.c ****     /* C[0]+jC[1] = A[0]+ j (-1) A[1] */
 156:Drivers/CMSIS/DSP/Source/ComplexMathFunctions/arm_cmplx_conj_q31.c ****     /* Calculate Complex Conjugate and then store the results in the destination buffer. */
 157:Drivers/CMSIS/DSP/Source/ComplexMathFunctions/arm_cmplx_conj_q31.c ****     /* Saturated to 0x7fffffff if the input is -1(0x80000000) */
 158:Drivers/CMSIS/DSP/Source/ComplexMathFunctions/arm_cmplx_conj_q31.c ****     *pDst++ = *pSrc++;
 159:Drivers/CMSIS/DSP/Source/ComplexMathFunctions/arm_cmplx_conj_q31.c ****     in = *pSrc++;
 160:Drivers/CMSIS/DSP/Source/ComplexMathFunctions/arm_cmplx_conj_q31.c ****     *pDst++ = (in == INT32_MIN) ? INT32_MAX : -in;
  41              		.loc 1 160 45 discriminator 2 view .LVU6
  42 0002 6FF00043 		mvn	r3, #-2147483648
  43              	.LVL2:
  44              	.L3:
  45              		.loc 1 160 13 discriminator 4 view .LVU7
  46 0006 4B60     		str	r3, [r1, #4]
  47              	.LVL3:
 161:Drivers/CMSIS/DSP/Source/ComplexMathFunctions/arm_cmplx_conj_q31.c **** 
 162:Drivers/CMSIS/DSP/Source/ComplexMathFunctions/arm_cmplx_conj_q31.c ****     /* Decrement the loop counter */
 163:Drivers/CMSIS/DSP/Source/ComplexMathFunctions/arm_cmplx_conj_q31.c ****     blkCnt--;
  48              		.loc 1 163 5 is_stmt 1 view .LVU8
  49              		.loc 1 163 11 is_stmt 0 view .LVU9
  50 0008 013A     		subs	r2, r2, #1
  51              	.LVL4:
 160:Drivers/CMSIS/DSP/Source/ComplexMathFunctions/arm_cmplx_conj_q31.c **** 
  52              		.loc 1 160 10 discriminator 4 view .LVU10
  53 000a 0831     		adds	r1, r1, #8
  54              	.LVL5:
 159:Drivers/CMSIS/DSP/Source/ComplexMathFunctions/arm_cmplx_conj_q31.c ****     *pDst++ = (in == INT32_MIN) ? INT32_MAX : -in;
  55              		.loc 1 159 15 view .LVU11
  56 000c 6046     		mov	r0, ip
  57              	.LVL6:
  58              	.L2:
 153:Drivers/CMSIS/DSP/Source/ComplexMathFunctions/arm_cmplx_conj_q31.c ****   {
  59              		.loc 1 153 17 is_stmt 1 view .LVU12
  60 000e 4AB1     		cbz	r2, .L6
 158:Drivers/CMSIS/DSP/Source/ComplexMathFunctions/arm_cmplx_conj_q31.c ****     in = *pSrc++;
  61              		.loc 1 158 5 view .LVU13
  62              	.LVL7:
ARM GAS  C:\Users\Lamp\AppData\Local\Temp\ccyqfEw2.s 			page 5


 158:Drivers/CMSIS/DSP/Source/ComplexMathFunctions/arm_cmplx_conj_q31.c ****     in = *pSrc++;
  63              		.loc 1 158 15 is_stmt 0 view .LVU14
  64 0010 8446     		mov	ip, r0
  65 0012 5CF8083B 		ldr	r3, [ip], #8
 158:Drivers/CMSIS/DSP/Source/ComplexMathFunctions/arm_cmplx_conj_q31.c ****     in = *pSrc++;
  66              		.loc 1 158 13 view .LVU15
  67 0016 0B60     		str	r3, [r1]
 159:Drivers/CMSIS/DSP/Source/ComplexMathFunctions/arm_cmplx_conj_q31.c ****     *pDst++ = (in == INT32_MIN) ? INT32_MAX : -in;
  68              		.loc 1 159 5 is_stmt 1 view .LVU16
  69              	.LVL8:
 159:Drivers/CMSIS/DSP/Source/ComplexMathFunctions/arm_cmplx_conj_q31.c ****     *pDst++ = (in == INT32_MIN) ? INT32_MAX : -in;
  70              		.loc 1 159 8 is_stmt 0 view .LVU17
  71 0018 4368     		ldr	r3, [r0, #4]
  72              	.LVL9:
 160:Drivers/CMSIS/DSP/Source/ComplexMathFunctions/arm_cmplx_conj_q31.c **** 
  73              		.loc 1 160 5 is_stmt 1 view .LVU18
 160:Drivers/CMSIS/DSP/Source/ComplexMathFunctions/arm_cmplx_conj_q31.c **** 
  74              		.loc 1 160 45 is_stmt 0 view .LVU19
  75 001a B3F1004F 		cmp	r3, #-2147483648
  76 001e F0D0     		beq	.L5
 160:Drivers/CMSIS/DSP/Source/ComplexMathFunctions/arm_cmplx_conj_q31.c **** 
  77              		.loc 1 160 45 discriminator 1 view .LVU20
  78 0020 5B42     		rsbs	r3, r3, #0
  79              	.LVL10:
 160:Drivers/CMSIS/DSP/Source/ComplexMathFunctions/arm_cmplx_conj_q31.c **** 
  80              		.loc 1 160 45 discriminator 1 view .LVU21
  81 0022 F0E7     		b	.L3
  82              	.LVL11:
  83              	.L6:
 164:Drivers/CMSIS/DSP/Source/ComplexMathFunctions/arm_cmplx_conj_q31.c ****   }
 165:Drivers/CMSIS/DSP/Source/ComplexMathFunctions/arm_cmplx_conj_q31.c **** }
  84              		.loc 1 165 1 view .LVU22
  85 0024 7047     		bx	lr
  86              		.cfi_endproc
  87              	.LFE100:
  89              		.text
  90              	.Letext0:
  91              		.file 2 "C:/ARM GNU Toolchain/arm-none-eabi/include/machine/_default_types.h"
  92              		.file 3 "C:/ARM GNU Toolchain/arm-none-eabi/include/sys/_stdint.h"
  93              		.file 4 "Drivers/CMSIS/DSP/Include/arm_math.h"
ARM GAS  C:\Users\Lamp\AppData\Local\Temp\ccyqfEw2.s 			page 6


DEFINED SYMBOLS
                            *ABS*:00000000 arm_cmplx_conj_q31.c
C:\Users\Lamp\AppData\Local\Temp\ccyqfEw2.s:19     .text.arm_cmplx_conj_q31:00000000 $t
C:\Users\Lamp\AppData\Local\Temp\ccyqfEw2.s:25     .text.arm_cmplx_conj_q31:00000000 arm_cmplx_conj_q31

NO UNDEFINED SYMBOLS
