Archive member included to satisfy reference by file (symbol)

C:/ARM GNU Toolchain/bin/../lib/gcc/arm-none-eabi/13.3.1/thumb/v7-m/nofp\libc_nano.a(libc_a-exit.o)
                              C:/ARM GNU Toolchain/bin/../lib/gcc/arm-none-eabi/13.3.1/thumb/v7-m/nofp/crt0.o (exit)
C:/ARM GNU Toolchain/bin/../lib/gcc/arm-none-eabi/13.3.1/thumb/v7-m/nofp\libc_nano.a(libc_a-findfp.o)
                              C:/ARM GNU Toolchain/bin/../lib/gcc/arm-none-eabi/13.3.1/thumb/v7-m/nofp\libc_nano.a(libc_a-exit.o) (__stdio_exit_handler)
C:/ARM GNU Toolchain/bin/../lib/gcc/arm-none-eabi/13.3.1/thumb/v7-m/nofp\libc_nano.a(libc_a-fwalk.o)
                              C:/ARM GNU Toolchain/bin/../lib/gcc/arm-none-eabi/13.3.1/thumb/v7-m/nofp\libc_nano.a(libc_a-findfp.o) (_fwalk_sglue)
C:/ARM GNU Toolchain/bin/../lib/gcc/arm-none-eabi/13.3.1/thumb/v7-m/nofp\libc_nano.a(libc_a-stdio.o)
                              C:/ARM GNU Toolchain/bin/../lib/gcc/arm-none-eabi/13.3.1/thumb/v7-m/nofp\libc_nano.a(libc_a-findfp.o) (__sread)
C:/ARM GNU Toolchain/bin/../lib/gcc/arm-none-eabi/13.3.1/thumb/v7-m/nofp\libc_nano.a(libc_a-memset.o)
                              C:/ARM GNU Toolchain/bin/../lib/gcc/arm-none-eabi/13.3.1/thumb/v7-m/nofp/crt0.o (memset)
C:/ARM GNU Toolchain/bin/../lib/gcc/arm-none-eabi/13.3.1/thumb/v7-m/nofp\libc_nano.a(libc_a-closer.o)
                              C:/ARM GNU Toolchain/bin/../lib/gcc/arm-none-eabi/13.3.1/thumb/v7-m/nofp\libc_nano.a(libc_a-stdio.o) (_close_r)
C:/ARM GNU Toolchain/bin/../lib/gcc/arm-none-eabi/13.3.1/thumb/v7-m/nofp\libc_nano.a(libc_a-reent.o)
                              C:/ARM GNU Toolchain/bin/../lib/gcc/arm-none-eabi/13.3.1/thumb/v7-m/nofp\libc_nano.a(libc_a-closer.o) (errno)
C:/ARM GNU Toolchain/bin/../lib/gcc/arm-none-eabi/13.3.1/thumb/v7-m/nofp\libc_nano.a(libc_a-impure.o)
                              C:/ARM GNU Toolchain/bin/../lib/gcc/arm-none-eabi/13.3.1/thumb/v7-m/nofp\libc_nano.a(libc_a-reent.o) (_impure_ptr)
C:/ARM GNU Toolchain/bin/../lib/gcc/arm-none-eabi/13.3.1/thumb/v7-m/nofp\libc_nano.a(libc_a-lseekr.o)
                              C:/ARM GNU Toolchain/bin/../lib/gcc/arm-none-eabi/13.3.1/thumb/v7-m/nofp\libc_nano.a(libc_a-stdio.o) (_lseek_r)
C:/ARM GNU Toolchain/bin/../lib/gcc/arm-none-eabi/13.3.1/thumb/v7-m/nofp\libc_nano.a(libc_a-readr.o)
                              C:/ARM GNU Toolchain/bin/../lib/gcc/arm-none-eabi/13.3.1/thumb/v7-m/nofp\libc_nano.a(libc_a-stdio.o) (_read_r)
C:/ARM GNU Toolchain/bin/../lib/gcc/arm-none-eabi/13.3.1/thumb/v7-m/nofp\libc_nano.a(libc_a-writer.o)
                              C:/ARM GNU Toolchain/bin/../lib/gcc/arm-none-eabi/13.3.1/thumb/v7-m/nofp\libc_nano.a(libc_a-stdio.o) (_write_r)
C:/ARM GNU Toolchain/bin/../lib/gcc/arm-none-eabi/13.3.1/thumb/v7-m/nofp\libc_nano.a(libc_a-errno.o)
                              build/syscalls.o (__errno)
C:/ARM GNU Toolchain/bin/../lib/gcc/arm-none-eabi/13.3.1/thumb/v7-m/nofp\libc_nano.a(libc_a-init.o)
                              C:/ARM GNU Toolchain/bin/../lib/gcc/arm-none-eabi/13.3.1/thumb/v7-m/nofp/crt0.o (__libc_init_array)
C:/ARM GNU Toolchain/bin/../lib/gcc/arm-none-eabi/13.3.1/thumb/v7-m/nofp\libc_nano.a(libc_a-lock.o)
                              C:/ARM GNU Toolchain/bin/../lib/gcc/arm-none-eabi/13.3.1/thumb/v7-m/nofp\libc_nano.a(libc_a-findfp.o) (__retarget_lock_init_recursive)
C:/ARM GNU Toolchain/bin/../lib/gcc/arm-none-eabi/13.3.1/thumb/v7-m/nofp\libc_nano.a(libc_a-memcpy-stub.o)
                              build/queue.o (memcpy)
C:/ARM GNU Toolchain/bin/../lib/gcc/arm-none-eabi/13.3.1/thumb/v7-m/nofp\libc_nano.a(libc_a-strlen.o)
                              build/usart.o (strlen)
C:/ARM GNU Toolchain/bin/../lib/gcc/arm-none-eabi/13.3.1/thumb/v7-m/nofp\libc_nano.a(libc_a-freer.o)
                              C:/ARM GNU Toolchain/bin/../lib/gcc/arm-none-eabi/13.3.1/thumb/v7-m/nofp\libc_nano.a(libc_a-reent.o) (_free_r)
C:/ARM GNU Toolchain/bin/../lib/gcc/arm-none-eabi/13.3.1/thumb/v7-m/nofp\libc_nano.a(libc_a-mallocr.o)
                              C:/ARM GNU Toolchain/bin/../lib/gcc/arm-none-eabi/13.3.1/thumb/v7-m/nofp\libc_nano.a(libc_a-findfp.o) (_malloc_r)
C:/ARM GNU Toolchain/bin/../lib/gcc/arm-none-eabi/13.3.1/thumb/v7-m/nofp\libc_nano.a(libc_a-mlock.o)
                              C:/ARM GNU Toolchain/bin/../lib/gcc/arm-none-eabi/13.3.1/thumb/v7-m/nofp\libc_nano.a(libc_a-freer.o) (__malloc_lock)
C:/ARM GNU Toolchain/bin/../lib/gcc/arm-none-eabi/13.3.1/thumb/v7-m/nofp\libc_nano.a(libc_a-fflush.o)
                              C:/ARM GNU Toolchain/bin/../lib/gcc/arm-none-eabi/13.3.1/thumb/v7-m/nofp\libc_nano.a(libc_a-findfp.o) (_fflush_r)
C:/ARM GNU Toolchain/bin/../lib/gcc/arm-none-eabi/13.3.1/thumb/v7-m/nofp\libc_nano.a(libc_a-sbrkr.o)
                              C:/ARM GNU Toolchain/bin/../lib/gcc/arm-none-eabi/13.3.1/thumb/v7-m/nofp\libc_nano.a(libc_a-mallocr.o) (_sbrk_r)
[...]
Memory Configuration

Name             Origin             Length             Attributes
RAM              0x20000000         0x00005000         xrw
FLASH            0x08000000         0x00010000         xr
*default*        0x00000000         0xffffffff

Linker script and memory map

LOAD C:/ARM GNU Toolchain/bin/../lib/gcc/arm-none-eabi/13.3.1/thumb/v7-m/nofp/crti.o
LOAD C:/ARM GNU Toolchain/bin/../lib/gcc/arm-none-eabi/13.3.1/thumb/v7-m/nofp/crtbegin.o
LOAD C:/ARM GNU Toolchain/bin/../lib/gcc/arm-none-eabi/13.3.1/thumb/v7-m/nofp/crt0.o
LOAD build/main.o
LOAD build/printf.o
LOAD build/stm32f1xx_hal_msp.o
LOAD build/stm32f1xx_it.o
LOAD build/syscalls.o
LOAD build/sysmem.o
LOAD build/system_stm32f1xx.o
LOAD build/stm32f1xx_hal.o
LOAD build/stm32f1xx_hal_cortex.o
LOAD build/stm32f1xx_hal_dma.o
LOAD build/stm32f1xx_hal_exti.o
LOAD build/stm32f1xx_hal_flash.o
LOAD build/stm32f1xx_hal_flash_ex.o
LOAD build/stm32f1xx_hal_gpio.o
LOAD build/stm32f1xx_hal_gpio_ex.o
LOAD build/stm32f1xx_hal_pwr.o
LOAD build/stm32f1xx_hal_rcc.o
LOAD build/stm32f1xx_hal_rcc_ex.o
LOAD build/stm32f1xx_hal_tim.o
LOAD build/stm32f1xx_hal_tim_ex.o
LOAD build/stm32f1xx_hal_uart.o
LOAD build/croutine.o
LOAD build/event_groups.o
LOAD build/list.o
LOAD build/queue.o
LOAD build/stream_buffer.o
LOAD build/tasks.o
LOAD build/timers.o
LOAD build/port.o
LOAD build/heap_4.o
LOAD build/Controller.o
LOAD build/SysConfig.o
LOAD build/timer.o
LOAD build/usart.o
LOAD build/startup_stm32f103xb.o
LOAD C:/ARM GNU Toolchain/bin/../lib/gcc/arm-none-eabi/13.3.1/thumb/v7-m/nofp\libc_nano.a
LOAD C:/ARM GNU Toolchain/bin/../lib/gcc/arm-none-eabi/13.3.1/thumb/v7-m/nofp\libm.a
LOAD C:/ARM GNU Toolchain/bin/../lib/gcc/arm-none-eabi/13.3.1/thumb/v7-m/nofp\libnosys.a
START GROUP
LOAD C:/ARM GNU Toolchain/bin/../lib/gcc/arm-none-eabi/13.3.1/thumb/v7-m/nofp\libgcc.a
LOAD C:/ARM GNU Toolchain/bin/../lib/gcc/arm-none-eabi/13.3.1/thumb/v7-m/nofp\libc_nano.a
END GROUP
START GROUP
LOAD C:/ARM GNU Toolchain/bin/../lib/gcc/arm-none-eabi/13.3.1/thumb/v7-m/nofp\libgcc.a
LOAD C:/ARM GNU Toolchain/bin/../lib/gcc/arm-none-eabi/13.3.1/thumb/v7-m/nofp\libc_nano.a
END GROUP
LOAD C:/ARM GNU Toolchain/bin/../lib/gcc/arm-none-eabi/13.3.1/thumb/v7-m/nofp/crtend.o
LOAD C:/ARM GNU Toolchain/bin/../lib/gcc/arm-none-eabi/13.3.1/thumb/v7-m/nofp/crtn.o
                0x20005000                        _estack = (ORIGIN (RAM) + LENGTH (RAM))
                0x00000200                        _Min_Heap_Size = 0x200
                0x00000400                        _Min_Stack_Size = 0x400

.isr_vector     0x08000000      0x10c
                0x08000000                        . = ALIGN (0x4)
 *(.isr_vector)
 .isr_vector    0x08000000      0x10c build/startup_stm32f103xb.o
                0x08000000                g_pfnVectors
                0x0800010c                        . = ALIGN (0x4)

.text           0x08000110     0x4df4
                0x08000110                        . = ALIGN (0x4)
 *(.text)
 .text          0x08000110       0x10 C:/ARM GNU Toolchain/bin/../lib/gcc/arm-none-eabi/13.3.1/thumb/v7-m/nofp\libc_nano.a(libc_a-strlen.o)
                0x08000110                strlen
 .text          0x08000120      0x378 C:/ARM GNU Toolchain/bin/../lib/gcc/arm-none-eabi/13.3.1/thumb/v7-m/nofp\libgcc.a(_arm_addsubdf3.o)
                0x08000120                __aeabi_drsub
                0x08000128                __aeabi_dsub
                0x08000128                __subdf3
                0x0800012c                __aeabi_dadd
                0x0800012c                __adddf3
                0x080003a4                __floatunsidf
                0x080003a4                __aeabi_ui2d
                0x080003c4                __floatsidf
                0x080003c4                __aeabi_i2d
                0x080003e8                __aeabi_f2d
                0x080003e8                __extendsfdf2
                0x0800042c                __floatundidf
                0x0800042c                __aeabi_ul2d
                0x0800043c                __floatdidf
                0x0800043c                __aeabi_l2d
 .text          0x08000498      0x424 C:/ARM GNU Toolchain/bin/../lib/gcc/arm-none-eabi/13.3.1/thumb/v7-m/nofp\libgcc.a(_arm_muldivdf3.o)
                0x08000498                __aeabi_dmul
                0x08000498                __muldf3
                0x080006ec                __divdf3
                0x080006ec                __aeabi_ddiv
 .text          0x080008bc      0x110 C:/ARM GNU Toolchain/bin/../lib/gcc/arm-none-eabi/13.3.1/thumb/v7-m/nofp\libgcc.a(_arm_cmpdf2.o)
                0x080008bc                __gtdf2
                0x080008bc                __gedf2
                0x080008c4                __ltdf2
                0x080008c4                __ledf2
                0x080008cc                __nedf2
                0x080008cc                __eqdf2
                0x080008cc                __cmpdf2
                0x08000948                __aeabi_cdrcmple
                0x08000958                __aeabi_cdcmpeq
                0x08000958                __aeabi_cdcmple
                0x08000968                __aeabi_dcmpeq
                0x0800097c                __aeabi_dcmplt
                0x08000990                __aeabi_dcmple
                0x080009a4                __aeabi_dcmpge
                0x080009b8                __aeabi_dcmpgt
 .text          0x080009cc       0x50 C:/ARM GNU Toolchain/bin/../lib/gcc/arm-none-eabi/13.3.1/thumb/v7-m/nofp\libgcc.a(_arm_fixdfsi.o)
                0x080009cc                __aeabi_d2iz
                0x080009cc                __fixdfsi
 .text          0x08000a1c       0x40 C:/ARM GNU Toolchain/bin/../lib/gcc/arm-none-eabi/13.3.1/thumb/v7-m/nofp\libgcc.a(_arm_fixunsdfsi.o)
                0x08000a1c                __aeabi_d2uiz
                0x08000a1c                __fixunsdfsi
 .text          0x08000a5c       0xa0 C:/ARM GNU Toolchain/bin/../lib/gcc/arm-none-eabi/13.3.1/thumb/v7-m/nofp\libgcc.a(_arm_truncdfsf2.o)
                0x08000a5c                __truncdfsf2
                0x08000a5c                __aeabi_d2f
 .text          0x08000afc      0x21c C:/ARM GNU Toolchain/bin/../lib/gcc/arm-none-eabi/13.3.1/thumb/v7-m/nofp\libgcc.a(_arm_addsubsf3.o)
                0x08000afc                __aeabi_frsub
                0x08000b04                __subsf3
                0x08000b04                __aeabi_fsub
                0x08000b08                __aeabi_fadd
                0x08000b08                __addsf3
                0x08000c68                __aeabi_ui2f
                0x08000c68                __floatunsisf
                0x08000c70                __aeabi_i2f
                0x08000c70                __floatsisf
                0x08000c8c                __aeabi_ul2f
                0x08000c8c                __floatundisf
                0x08000c9c                __aeabi_l2f
                0x08000c9c                __floatdisf
 .text          0x08000d18      0x2a0 C:/ARM GNU Toolchain/bin/../lib/gcc/arm-none-eabi/13.3.1/thumb/v7-m/nofp\libgcc.a(_arm_muldivsf3.o)
                0x08000d18                __mulsf3
                0x08000d18                __aeabi_fmul
                0x08000e80                __aeabi_fdiv
                0x08000e80                __divsf3
 .text          0x08000fb8       0x30 C:/ARM GNU Toolchain/bin/../lib/gcc/arm-none-eabi/13.3.1/thumb/v7-m/nofp\libgcc.a(_aeabi_uldivmod.o)
                0x08000fb8                __aeabi_uldivmod
 .text          0x08000fe8        0x4 C:/ARM GNU Toolchain/bin/../lib/gcc/arm-none-eabi/13.3.1/thumb/v7-m/nofp\libgcc.a(_dvmd_tls.o)
                0x08000fe8                __aeabi_idiv0
                0x08000fe8                __aeabi_ldiv0
 .text          0x08000fec       0xec C:/ARM GNU Toolchain/bin/../lib/gcc/arm-none-eabi/13.3.1/thumb/v7-m/nofp\libgcc.a(_arm_cmpsf2.o)
                0x08000fec                __gesf2
                0x08000fec                __gtsf2
                0x08000ff4                __lesf2
                0x08000ff4                __ltsf2
                0x08000ffc                __nesf2
                0x08000ffc                __eqsf2
                0x08000ffc                __cmpsf2
                0x0800105c                __aeabi_cfrcmple
                0x08001064                __aeabi_cfcmpeq
                0x08001064                __aeabi_cfcmple
                0x08001074                __aeabi_fcmpeq
                0x08001088                __aeabi_fcmplt
                0x0800109c                __aeabi_fcmple
                0x080010b0                __aeabi_fcmpge
                0x080010c4                __aeabi_fcmpgt
 *(.text*)
 .text.deregister_tm_clones
                0x080010d8       0x1c C:/ARM GNU Toolchain/bin/../lib/gcc/arm-none-eabi/13.3.1/thumb/v7-m/nofp/crtbegin.o
 .text.register_tm_clones
                0x080010f4       0x24 C:/ARM GNU Toolchain/bin/../lib/gcc/arm-none-eabi/13.3.1/thumb/v7-m/nofp/crtbegin.o
 .text.__do_global_dtors_aux
                0x08001118       0x28 C:/ARM GNU Toolchain/bin/../lib/gcc/arm-none-eabi/13.3.1/thumb/v7-m/nofp/crtbegin.o
 .text.frame_dummy
                0x08001140       0x24 C:/ARM GNU Toolchain/bin/../lib/gcc/arm-none-eabi/13.3.1/thumb/v7-m/nofp/crtbegin.o
 *fill*         0x08001164        0x4 
 .text.MainTask
                0x08001168       0xdc build/main.o
                0x08001168                MainTask
 .text.CommunicationTask
                0x08001244       0x60 build/main.o
                0x08001244                CommunicationTask
 .text.main     0x080012a4       0x80 build/main.o
                0x080012a4                main
 .text._out_buffer
                0x08001324        0x8 build/printf.o
 .text._out_null
                0x0800132c        0x2 build/printf.o
 .text._atoi    0x0800132e       0x26 build/printf.o
 .text._out_rev
                0x08001354       0x7e build/printf.o
 .text._ntoa_format
                0x080013d2      0x136 build/printf.o
 .text._ntoa_long
                0x08001508       0x94 build/printf.o
 .text._ntoa_long_long
                0x0800159c       0xc2 build/printf.o
 *fill*         0x0800165e        0x2 
 .text._etoa    0x08001660      0x3dc build/printf.o
 *fill*         0x08001a3c        0x4 
 .text._ftoa    0x08001a40      0x380 build/printf.o
 .text._vsnprintf
                0x08001dc0      0x6cc build/printf.o
 .text.sprintf_
                0x0800248c       0x2c build/printf.o
                0x0800248c                sprintf_
 .text.HAL_MspInit
                0x080024b8       0x44 build/stm32f1xx_hal_msp.o
                0x080024b8                HAL_MspInit
 .text.NMI_Handler
                0x080024fc        0x2 build/stm32f1xx_it.o
                0x080024fc                NMI_Handler
 .text.HardFault_Handler
                0x080024fe        0x2 build/stm32f1xx_it.o
                0x080024fe                HardFault_Handler
 .text.MemManage_Handler
                0x08002500        0x2 build/stm32f1xx_it.o
                0x08002500                MemManage_Handler
 .text.BusFault_Handler
                0x08002502        0x2 build/stm32f1xx_it.o
                0x08002502                BusFault_Handler
 .text.UsageFault_Handler
                0x08002504        0x2 build/stm32f1xx_it.o
                0x08002504                UsageFault_Handler
 .text.DebugMon_Handler
                0x08002506        0x2 build/stm32f1xx_it.o
                0x08002506                DebugMon_Handler
 .text.SystemInit
                0x08002508        0x2 build/system_stm32f1xx.o
                0x08002508                SystemInit
 *fill*         0x0800250a        0x2 
 .text.HAL_InitTick
                0x0800250c       0x4c build/stm32f1xx_hal.o
                0x0800250c                HAL_InitTick
 .text.HAL_Init
                0x08002558       0x24 build/stm32f1xx_hal.o
                0x08002558                HAL_Init
 .text.HAL_GetTick
                0x0800257c        0xc build/stm32f1xx_hal.o
                0x0800257c                HAL_GetTick
 .text.__NVIC_SetPriority
                0x08002588       0x28 build/stm32f1xx_hal_cortex.o
 .text.NVIC_EncodePriority
                0x080025b0       0x3e build/stm32f1xx_hal_cortex.o
 *fill*         0x080025ee        0x2 
 .text.HAL_NVIC_SetPriorityGrouping
                0x080025f0       0x24 build/stm32f1xx_hal_cortex.o
                0x080025f0                HAL_NVIC_SetPriorityGrouping
 .text.HAL_NVIC_SetPriority
                0x08002614       0x20 build/stm32f1xx_hal_cortex.o
                0x08002614                HAL_NVIC_SetPriority
 .text.HAL_SYSTICK_Config
                0x08002634       0x28 build/stm32f1xx_hal_cortex.o
                0x08002634                HAL_SYSTICK_Config
 .text.HAL_GPIO_Init
                0x0800265c      0x21c build/stm32f1xx_hal_gpio.o
                0x0800265c                HAL_GPIO_Init
 .text.HAL_GPIO_WritePin
                0x08002878        0xc build/stm32f1xx_hal_gpio.o
                0x08002878                HAL_GPIO_WritePin
 .text.RCC_Delay
                0x08002884       0x2c build/stm32f1xx_hal_rcc.o
 .text.HAL_RCC_OscConfig
                0x080028b0      0x410 build/stm32f1xx_hal_rcc.o
                0x080028b0                HAL_RCC_OscConfig
 .text.HAL_RCC_GetSysClockFreq
                0x08002cc0       0x54 build/stm32f1xx_hal_rcc.o
                0x08002cc0                HAL_RCC_GetSysClockFreq
 .text.HAL_RCC_ClockConfig
                0x08002d14      0x16c build/stm32f1xx_hal_rcc.o
                0x08002d14                HAL_RCC_ClockConfig
 .text.HAL_RCC_GetHCLKFreq
                0x08002e80        0xc build/stm32f1xx_hal_rcc.o
                0x08002e80                HAL_RCC_GetHCLKFreq
 .text.HAL_RCC_GetPCLK1Freq
                0x08002e8c       0x20 build/stm32f1xx_hal_rcc.o
                0x08002e8c                HAL_RCC_GetPCLK1Freq
 .text.HAL_RCC_GetPCLK2Freq
                0x08002eac       0x20 build/stm32f1xx_hal_rcc.o
                0x08002eac                HAL_RCC_GetPCLK2Freq
 .text.UART_EndRxTransfer
                0x08002ecc       0x5c build/stm32f1xx_hal_uart.o
 .text.UART_SetConfig
                0x08002f28       0x94 build/stm32f1xx_hal_uart.o
 .text.UART_WaitOnFlagUntilTimeout
                0x08002fbc       0x86 build/stm32f1xx_hal_uart.o
 .text.HAL_UART_MspInit
                0x08003042        0x2 build/stm32f1xx_hal_uart.o
                0x08003042                HAL_UART_MspInit
 .text.HAL_UART_Init
                0x08003044       0x60 build/stm32f1xx_hal_uart.o
                0x08003044                HAL_UART_Init
 .text.HAL_UART_Transmit
                0x080030a4       0xcc build/stm32f1xx_hal_uart.o
                0x080030a4                HAL_UART_Transmit
 .text.vListInitialise
                0x08003170       0x16 build/list.o
                0x08003170                vListInitialise
 .text.vListInitialiseItem
                0x08003186        0x6 build/list.o
                0x08003186                vListInitialiseItem
 .text.vListInsert
                0x0800318c       0x32 build/list.o
                0x0800318c                vListInsert
 .text.uxListRemove
                0x080031be       0x26 build/list.o
                0x080031be                uxListRemove
 .text.prvIsQueueFull
                0x080031e4       0x1e build/queue.o
 .text.prvIsQueueEmpty
                0x08003202       0x1a build/queue.o
 .text.prvCopyDataToQueue
                0x0800321c       0x58 build/queue.o
 .text.prvCopyDataFromQueue
                0x08003274       0x24 build/queue.o
 .text.prvUnlockQueue
                0x08003298       0x6e build/queue.o
 .text.xQueueGenericReset
                0x08003306       0xaa build/queue.o
                0x08003306                xQueueGenericReset
 .text.prvInitialiseNewQueue
                0x080033b0       0x1c build/queue.o
 .text.xQueueGenericCreate
                0x080033cc       0x56 build/queue.o
                0x080033cc                xQueueGenericCreate
 .text.xQueueGenericSend
                0x08003422      0x16c build/queue.o
                0x08003422                xQueueGenericSend
 .text.xQueueReceive
                0x0800358e      0x140 build/queue.o
                0x0800358e                xQueueReceive
 .text.xQueueSemaphoreTake
                0x080036ce      0x130 build/queue.o
                0x080036ce                xQueueSemaphoreTake
 *fill*         0x080037fe        0x2 
 .text.prvResetNextTaskUnblockTime
                0x08003800       0x28 build/tasks.o
 .text.prvDeleteTCB
                0x08003828       0x12 build/tasks.o
 .text.prvInitialiseNewTask
                0x0800383a       0x82 build/tasks.o
 .text.prvInitialiseTaskLists
                0x080038bc       0x68 build/tasks.o
 .text.prvAddNewTaskToReadyList
                0x08003924       0xc4 build/tasks.o
 .text.prvCheckTasksWaitingTermination
                0x080039e8       0x4c build/tasks.o
 .text.prvIdleTask
                0x08003a34       0x28 build/tasks.o
 .text.prvAddCurrentTaskToDelayedList
                0x08003a5c       0xb0 build/tasks.o
 .text.xTaskCreate
                0x08003b0c       0x68 build/tasks.o
                0x08003b0c                xTaskCreate
 .text.vTaskStartScheduler
                0x08003b74       0x84 build/tasks.o
                0x08003b74                vTaskStartScheduler
 .text.vTaskSuspendAll
                0x08003bf8       0x10 build/tasks.o
                0x08003bf8                vTaskSuspendAll
 .text.xTaskIncrementTick
                0x08003c08      0x178 build/tasks.o
                0x08003c08                xTaskIncrementTick
 .text.xTaskResumeAll
                0x08003d80      0x14c build/tasks.o
                0x08003d80                xTaskResumeAll
 .text.vTaskDelay
                0x08003ecc       0x4c build/tasks.o
                0x08003ecc                vTaskDelay
 .text.vTaskSwitchContext
                0x08003f18       0x98 build/tasks.o
                0x08003f18                vTaskSwitchContext
 .text.vTaskPlaceOnEventList
                0x08003fb0       0x30 build/tasks.o
                0x08003fb0                vTaskPlaceOnEventList
 .text.xTaskRemoveFromEventList
                0x08003fe0       0xf0 build/tasks.o
                0x08003fe0                xTaskRemoveFromEventList
 .text.vTaskInternalSetTimeOutState
                0x080040d0       0x18 build/tasks.o
                0x080040d0                vTaskInternalSetTimeOutState
 .text.xTaskCheckForTimeOut
                0x080040e8       0x88 build/tasks.o
                0x080040e8                xTaskCheckForTimeOut
 .text.vTaskMissedYield
                0x08004170        0xc build/tasks.o
                0x08004170                vTaskMissedYield
 .text.prvTaskExitError
                0x0800417c       0x40 build/port.o
 .text.prvPortStartFirstTask
                0x080041bc       0x20 build/port.o
 .text.pxPortInitialiseStack
                0x080041dc       0x24 build/port.o
                0x080041dc                pxPortInitialiseStack
 .text.SVC_Handler
                0x08004200       0x24 build/port.o
                0x08004200                SVC_Handler
 .text.vPortEnterCritical
                0x08004224       0x44 build/port.o
                0x08004224                vPortEnterCritical
 .text.vPortExitCritical
                0x08004268       0x2c build/port.o
                0x08004268                vPortExitCritical
 *fill*         0x08004294        0xc 
 .text.PendSV_Handler
                0x080042a0       0x44 build/port.o
                0x080042a0                PendSV_Handler
 .text.SysTick_Handler
                0x080042e4       0x2c build/port.o
                0x080042e4                SysTick_Handler
 .text.vPortSetupTimerInterrupt
                0x08004310       0x28 build/port.o
                0x08004310                vPortSetupTimerInterrupt
 .text.xPortStartScheduler
                0x08004338       0xc0 build/port.o
                0x08004338                xPortStartScheduler
 .text.prvHeapInit
                0x080043f8       0x58 build/heap_4.o
 .text.prvInsertBlockIntoFreeList
                0x08004450       0x60 build/heap_4.o
 .text.pvPortMalloc
                0x080044b0       0xf4 build/heap_4.o
                0x080044b0                pvPortMalloc
 .text.vPortFree
                0x080045a4       0x74 build/heap_4.o
                0x080045a4                vPortFree
 .text.PID_Vel  0x08004618      0x1a0 build/Controller.o
                0x08004618                PID_Vel
 .text.MX_GPIO_Init
                0x080047b8       0xc4 build/SysConfig.o
                0x080047b8                MX_GPIO_Init
 .text.Error_Handler
                0x0800487c        0x4 build/SysConfig.o
                0x0800487c                Error_Handler
 .text.SystemClock_Config
                0x08004880       0x64 build/SysConfig.o
                0x08004880                SystemClock_Config
 .text.TIM4_IRQHandler
                0x080048e4       0x40 build/timer.o
                0x080048e4                TIM4_IRQHandler
 .text.Encoder_Init
                0x08004924       0xac build/timer.o
                0x08004924                Encoder_Init
 .text.PWM_init
                0x080049d0       0x94 build/timer.o
                0x080049d0                PWM_init
 .text.SendString
                0x08004a64       0x1c build/usart.o
                0x08004a64                SendString
 .text.USART1_Init
                0x08004a80       0x90 build/usart.o
                0x08004a80                USART1_Init
 .text.Reset_Handler
                0x08004b10       0x48 build/startup_stm32f103xb.o
                0x08004b10                Reset_Handler
 .text.Default_Handler
                0x08004b58        0x2 build/startup_stm32f103xb.o
                0x08004b58                RTC_Alarm_IRQHandler
                0x08004b58                EXTI2_IRQHandler
                0x08004b58                TIM1_CC_IRQHandler
                0x08004b58                PVD_IRQHandler
                0x08004b58                EXTI3_IRQHandler
                0x08004b58                EXTI0_IRQHandler
                0x08004b58                I2C2_EV_IRQHandler
                0x08004b58                ADC1_2_IRQHandler
                0x08004b58                SPI1_IRQHandler
                0x08004b58                TAMPER_IRQHandler
                0x08004b58                DMA1_Channel4_IRQHandler
                0x08004b58                USART3_IRQHandler
                0x08004b58                RTC_IRQHandler
                0x08004b58                DMA1_Channel7_IRQHandler
                0x08004b58                CAN1_RX1_IRQHandler
                0x08004b58                I2C1_EV_IRQHandler
                0x08004b58                DMA1_Channel6_IRQHandler
                0x08004b58                TIM3_IRQHandler
                0x08004b58                RCC_IRQHandler
                0x08004b58                TIM1_TRG_COM_IRQHandler
                0x08004b58                DMA1_Channel1_IRQHandler
                0x08004b58                Default_Handler
                0x08004b58                EXTI15_10_IRQHandler
                0x08004b58                EXTI9_5_IRQHandler
                0x08004b58                SPI2_IRQHandler
                0x08004b58                DMA1_Channel5_IRQHandler
                0x08004b58                EXTI4_IRQHandler
                0x08004b58                USB_LP_CAN1_RX0_IRQHandler
                0x08004b58                USB_HP_CAN1_TX_IRQHandler
                0x08004b58                DMA1_Channel3_IRQHandler
                0x08004b58                TIM1_UP_IRQHandler
                0x08004b58                WWDG_IRQHandler
                0x08004b58                TIM2_IRQHandler
                0x08004b58                TIM1_BRK_IRQHandler
                0x08004b58                EXTI1_IRQHandler
                0x08004b58                USART2_IRQHandler
                0x08004b58                I2C2_ER_IRQHandler
                0x08004b58                DMA1_Channel2_IRQHandler
                0x08004b58                CAN1_SCE_IRQHandler
                0x08004b58                FLASH_IRQHandler
                0x08004b58                USART1_IRQHandler
                0x08004b58                I2C1_ER_IRQHandler
                0x08004b58                USBWakeUp_IRQHandler
 .text.memset   0x08004b5a       0x10 C:/ARM GNU Toolchain/bin/../lib/gcc/arm-none-eabi/13.3.1/thumb/v7-m/nofp\libc_nano.a(libc_a-memset.o)
                0x08004b5a                memset
 *fill*         0x08004b6a        0x2 
 .text.__libc_init_array
                0x08004b6c       0x48 C:/ARM GNU Toolchain/bin/../lib/gcc/arm-none-eabi/13.3.1/thumb/v7-m/nofp\libc_nano.a(libc_a-init.o)
                0x08004b6c                __libc_init_array
 .text.memcpy   0x08004bb4       0x1c C:/ARM GNU Toolchain/bin/../lib/gcc/arm-none-eabi/13.3.1/thumb/v7-m/nofp\libc_nano.a(libc_a-memcpy-stub.o)
                0x08004bb4                memcpy
 .text.__fixsfdi
                0x08004bd0       0x28 C:/ARM GNU Toolchain/bin/../lib/gcc/arm-none-eabi/13.3.1/thumb/v7-m/nofp\libgcc.a(_fixsfdi.o)
                0x08004bd0                __fixsfdi
                0x08004bd0                __aeabi_f2lz
 .text.__fixunssfdi
                0x08004bf8       0x40 C:/ARM GNU Toolchain/bin/../lib/gcc/arm-none-eabi/13.3.1/thumb/v7-m/nofp\libgcc.a(_fixunssfdi.o)
                0x08004bf8                __fixunssfdi
                0x08004bf8                __aeabi_f2ulz
 .text.__udivmoddi4
                0x08004c38      0x2b4 C:/ARM GNU Toolchain/bin/../lib/gcc/arm-none-eabi/13.3.1/thumb/v7-m/nofp\libgcc.a(_udivmoddi4.o)
                0x08004c38                __udivmoddi4
 *(.glue_7)
 .glue_7        0x08004eec        0x0 linker stubs
 *(.glue_7t)
 .glue_7t       0x08004eec        0x0 linker stubs
 *(.eh_frame)
 .eh_frame      0x08004eec        0x0 C:/ARM GNU Toolchain/bin/../lib/gcc/arm-none-eabi/13.3.1/thumb/v7-m/nofp/crtbegin.o
 *(.init)
 .init          0x08004eec        0x4 C:/ARM GNU Toolchain/bin/../lib/gcc/arm-none-eabi/13.3.1/thumb/v7-m/nofp/crti.o
                0x08004eec                _init
 .init          0x08004ef0        0x8 C:/ARM GNU Toolchain/bin/../lib/gcc/arm-none-eabi/13.3.1/thumb/v7-m/nofp/crtn.o
 *(.fini)
 .fini          0x08004ef8        0x4 C:/ARM GNU Toolchain/bin/../lib/gcc/arm-none-eabi/13.3.1/thumb/v7-m/nofp/crti.o
                0x08004ef8                _fini
 .fini          0x08004efc        0x8 C:/ARM GNU Toolchain/bin/../lib/gcc/arm-none-eabi/13.3.1/thumb/v7-m/nofp/crtn.o
                0x08004f04                        . = ALIGN (0x4)
                0x08004f04                        _etext = .

.vfp11_veneer   0x08004f04        0x0
 .vfp11_veneer  0x08004f04        0x0 linker stubs

.v4_bx          0x08004f04        0x0
 .v4_bx         0x08004f04        0x0 linker stubs

.iplt           0x08004f04        0x0
 .iplt          0x08004f04        0x0 C:/ARM GNU Toolchain/bin/../lib/gcc/arm-none-eabi/13.3.1/thumb/v7-m/nofp/crtbegin.o

.rodata         0x08004f08       0xb0
                0x08004f08                        . = ALIGN (0x4)
 *(.rodata)
 *(.rodata*)
 .rodata.CommunicationTask.str1.4
                0x08004f08       0x2d build/main.o
                                  0xd (size before relaxing)
 .rodata._ftoa.str1.4
                0x08004f35       0x15 build/printf.o
 *fill*         0x08004f35        0x3 
 .rodata.pow10.0
                0x08004f38       0x50 build/printf.o
 .rodata.APBPrescTable
                0x08004f88        0x8 build/system_stm32f1xx.o
                0x08004f88                APBPrescTable
 .rodata.AHBPrescTable
                0x08004f90       0x10 build/system_stm32f1xx.o
                0x08004f90                AHBPrescTable
 .rodata.aPredivFactorTable.0
                0x08004fa0        0x2 build/stm32f1xx_hal_rcc.o
 *fill*         0x08004fa2        0x2 
 .rodata.aPLLMULFactorTable.1
                0x08004fa4       0x10 build/stm32f1xx_hal_rcc.o
 .rodata.vTaskStartScheduler.str1.4
                0x08004fb4        0x5 build/tasks.o
 .rodata.uxTopUsedPriority
                0x08004fb4        0x4 build/tasks.o
                0x08004fb4                uxTopUsedPriority
                0x08004fbc                        . = ALIGN (0x4)

.ARM.extab
 *(.ARM.extab* .gnu.linkonce.armextab.*)

.ARM            0x08004fb8        0x8
                0x08004fb8                        __exidx_start = .
 *(.ARM.exidx*)
 .ARM.exidx     0x08004fb8        0x8 C:/ARM GNU Toolchain/bin/../lib/gcc/arm-none-eabi/13.3.1/thumb/v7-m/nofp\libc_nano.a(libc_a-strlen.o)
 .ARM.exidx.text.__udivmoddi4
                0x08004fc0        0x0 C:/ARM GNU Toolchain/bin/../lib/gcc/arm-none-eabi/13.3.1/thumb/v7-m/nofp\libgcc.a(_udivmoddi4.o)
                                  0x8 (size before relaxing)
                0x08004fc0                        __exidx_end = .

.rel.dyn        0x08004fc0        0x0
 .rel.iplt      0x08004fc0        0x0 C:/ARM GNU Toolchain/bin/../lib/gcc/arm-none-eabi/13.3.1/thumb/v7-m/nofp/crtbegin.o

.preinit_array  0x08004fc0        0x0
                0x08004fc0                        PROVIDE (__preinit_array_start = .)
 *(.preinit_array*)
                0x08004fc0                        PROVIDE (__preinit_array_end = .)

.init_array     0x08004fc0        0x4
                0x08004fc0                        PROVIDE (__init_array_start = .)
 *(SORT_BY_NAME(.init_array.*))
 *(.init_array*)
 .init_array    0x08004fc0        0x4 C:/ARM GNU Toolchain/bin/../lib/gcc/arm-none-eabi/13.3.1/thumb/v7-m/nofp/crtbegin.o
                0x08004fc4                        PROVIDE (__init_array_end = .)

.fini_array     0x08004fc4        0x4
                [!provide]                        PROVIDE (__fini_array_start = .)
 *(SORT_BY_NAME(.fini_array.*))
 *(.fini_array*)
 .fini_array    0x08004fc4        0x4 C:/ARM GNU Toolchain/bin/../lib/gcc/arm-none-eabi/13.3.1/thumb/v7-m/nofp/crtbegin.o
                [!provide]                        PROVIDE (__fini_array_end = .)
                0x08004fc8                        _sidata = LOADADDR (.data)

.data           0x20000000       0x14 load address 0x08004fc8
                0x20000000                        . = ALIGN (0x4)
                0x20000000                        _sdata = .
 *(.data)
 *(.data*)
 .data.Ts       0x20000000        0x1 build/main.o
                0x20000000                Ts
 *fill*         0x20000001        0x3 
 .data.SystemCoreClock
                0x20000004        0x4 build/system_stm32f1xx.o
                0x20000004                SystemCoreClock
 .data.uwTickFreq
                0x20000008        0x1 build/stm32f1xx_hal.o
                0x20000008                uwTickFreq
 *fill*         0x20000009        0x3 
 .data.uwTickPrio
                0x2000000c        0x4 build/stm32f1xx_hal.o
                0x2000000c                uwTickPrio
 .data.uxCriticalNesting
                0x20000010        0x4 build/port.o
                0x20000014                        . = ALIGN (0x4)
                0x20000014                        _edata = .

.tm_clone_table
                0x20000014        0x0 load address 0x08004fdc
 .tm_clone_table
                0x20000014        0x0 C:/ARM GNU Toolchain/bin/../lib/gcc/arm-none-eabi/13.3.1/thumb/v7-m/nofp/crtbegin.o
 .tm_clone_table
                0x20000014        0x0 C:/ARM GNU Toolchain/bin/../lib/gcc/arm-none-eabi/13.3.1/thumb/v7-m/nofp/crtend.o

.igot.plt       0x20000014        0x0 load address 0x08004fdc
 .igot.plt      0x20000014        0x0 C:/ARM GNU Toolchain/bin/../lib/gcc/arm-none-eabi/13.3.1/thumb/v7-m/nofp/crtbegin.o
                0x20000014                        . = ALIGN (0x4)

.bss            0x20000014     0x4614 load address 0x08004fdc
                0x20000014                        _sbss = .
                0x20000014                        __bss_start__ = _sbss
 *(.bss)
 *(.bss*)
 .bss.completed.1
                0x20000014        0x1 C:/ARM GNU Toolchain/bin/../lib/gcc/arm-none-eabi/13.3.1/thumb/v7-m/nofp/crtbegin.o
 *fill*         0x20000015        0x3 
 .bss.object.0  0x20000018       0x18 C:/ARM GNU Toolchain/bin/../lib/gcc/arm-none-eabi/13.3.1/thumb/v7-m/nofp/crtbegin.o
 .bss.buffer    0x20000030       0x64 build/main.o
                0x20000030                buffer
 .bss.Setpoint  0x20000094        0x4 build/main.o
                0x20000094                Setpoint
 .bss.CommuniSemaphore
                0x20000098        0x4 build/main.o
                0x20000098                CommuniSemaphore
 .bss.CommuniQueue
                0x2000009c        0x4 build/main.o
                0x2000009c                CommuniQueue
 .bss.uwTick    0x200000a0        0x4 build/stm32f1xx_hal.o
                0x200000a0                uwTick
 .bss.uxSchedulerSuspended
                0x200000a4        0x4 build/tasks.o
 .bss.xIdleTaskHandle
                0x200000a8        0x4 build/tasks.o
 .bss.xNextTaskUnblockTime
                0x200000ac        0x4 build/tasks.o
 .bss.uxTaskNumber
                0x200000b0        0x4 build/tasks.o
 .bss.xNumOfOverflows
                0x200000b4        0x4 build/tasks.o
 .bss.xYieldPending
                0x200000b8        0x4 build/tasks.o
 .bss.xPendedTicks
                0x200000bc        0x4 build/tasks.o
 .bss.xSchedulerRunning
                0x200000c0        0x4 build/tasks.o
 .bss.uxTopReadyPriority
                0x200000c4        0x4 build/tasks.o
 .bss.xTickCount
                0x200000c8        0x4 build/tasks.o
 .bss.uxCurrentNumberOfTasks
                0x200000cc        0x4 build/tasks.o
 .bss.xSuspendedTaskList
                0x200000d0       0x14 build/tasks.o
 .bss.uxDeletedTasksWaitingCleanUp
                0x200000e4        0x4 build/tasks.o
 .bss.xTasksWaitingTermination
                0x200000e8       0x14 build/tasks.o
 .bss.xPendingReadyList
                0x200000fc       0x14 build/tasks.o
 .bss.pxOverflowDelayedTaskList
                0x20000110        0x4 build/tasks.o
 .bss.pxDelayedTaskList
                0x20000114        0x4 build/tasks.o
 .bss.xDelayedTaskList2
                0x20000118       0x14 build/tasks.o
 .bss.xDelayedTaskList1
                0x2000012c       0x14 build/tasks.o
 .bss.pxReadyTasksLists
                0x20000140       0x64 build/tasks.o
 .bss.pxCurrentTCB
                0x200001a4        0x4 build/tasks.o
                0x200001a4                pxCurrentTCB
 .bss.ulMaxPRIGROUPValue
                0x200001a8        0x4 build/port.o
 .bss.ucMaxSysCallPriority
                0x200001ac        0x1 build/port.o
 *fill*         0x200001ad        0x3 
 .bss.xNumberOfSuccessfulFrees
                0x200001b0        0x4 build/heap_4.o
 .bss.xNumberOfSuccessfulAllocations
                0x200001b4        0x4 build/heap_4.o
 .bss.xMinimumEverFreeBytesRemaining
                0x200001b8        0x4 build/heap_4.o
 .bss.xFreeBytesRemaining
                0x200001bc        0x4 build/heap_4.o
 .bss.pxEnd     0x200001c0        0x4 build/heap_4.o
 .bss.xStart    0x200001c4        0x8 build/heap_4.o
 .bss.ucHeap    0x200001cc     0x4400 build/heap_4.o
 .bss.pre_error.0
                0x200045cc        0x4 build/Controller.o
 .bss.errorReset.1
                0x200045d0        0x4 build/Controller.o
 .bss.ui.2      0x200045d4        0x4 build/Controller.o
 .bss.delta_encoder
                0x200045d8        0x2 build/timer.o
                0x200045d8                delta_encoder
 .bss.pre_encoder
                0x200045da        0x2 build/timer.o
                0x200045da                pre_encoder
 .bss.encoder   0x200045dc        0x2 build/timer.o
                0x200045dc                encoder
 *fill*         0x200045de        0x2 
 .bss.huart1    0x200045e0       0x48 build/usart.o
                0x200045e0                huart1
 *(COMMON)
                0x20004628                        . = ALIGN (0x4)
                0x20004628                        _ebss = .
                0x20004628                        __bss_end__ = _ebss

._user_heap_stack
                0x20004628      0x600 load address 0x08004fdc
                0x20004628                        . = ALIGN (0x8)
                [!provide]                        PROVIDE (end = .)
                0x20004628                        PROVIDE (_end = .)
                0x20004828                        . = (. + _Min_Heap_Size)
 *fill*         0x20004628      0x200 
                0x20004c28                        . = (. + _Min_Stack_Size)
 *fill*         0x20004828      0x400 
                0x20004c28                        . = ALIGN (0x8)

/DISCARD/
 libc.a(*)
 libm.a(*)
 libgcc.a(*)

.ARM.attributes
                0x00000000       0x29
 *(.ARM.attributes)
 .ARM.attributes
                0x00000000       0x1d C:/ARM GNU Toolchain/bin/../lib/gcc/arm-none-eabi/13.3.1/thumb/v7-m/nofp/crti.o
 .ARM.attributes
                0x0000001d       0x2d C:/ARM GNU Toolchain/bin/../lib/gcc/arm-none-eabi/13.3.1/thumb/v7-m/nofp/crtbegin.o
 .ARM.attributes
                0x0000004a       0x2d build/main.o
 .ARM.attributes
                0x00000077       0x2d build/printf.o
 .ARM.attributes
                0x000000a4       0x2d build/stm32f1xx_hal_msp.o
 .ARM.attributes
                0x000000d1       0x2d build/stm32f1xx_it.o
 .ARM.attributes
                0x000000fe       0x2d build/system_stm32f1xx.o
 .ARM.attributes
                0x0000012b       0x2d build/stm32f1xx_hal.o
 .ARM.attributes
                0x00000158       0x2d build/stm32f1xx_hal_cortex.o
 .ARM.attributes
                0x00000185       0x2d build/stm32f1xx_hal_gpio.o
 .ARM.attributes
                0x000001b2       0x2d build/stm32f1xx_hal_rcc.o
 .ARM.attributes
                0x000001df       0x2d build/stm32f1xx_hal_uart.o
 .ARM.attributes
                0x0000020c       0x2d build/list.o
 .ARM.attributes
                0x00000239       0x2d build/queue.o
 .ARM.attributes
                0x00000266       0x2d build/tasks.o
 .ARM.attributes
                0x00000293       0x2d build/port.o
 .ARM.attributes
                0x000002c0       0x2d build/heap_4.o
 .ARM.attributes
                0x000002ed       0x2d build/Controller.o
 .ARM.attributes
                0x0000031a       0x2d build/SysConfig.o
 .ARM.attributes
                0x00000347       0x2d build/timer.o
 .ARM.attributes
                0x00000374       0x2d build/usart.o
 .ARM.attributes
                0x000003a1       0x21 build/startup_stm32f103xb.o
 .ARM.attributes
                0x000003c2       0x2d C:/ARM GNU Toolchain/bin/../lib/gcc/arm-none-eabi/13.3.1/thumb/v7-m/nofp\libc_nano.a(libc_a-memset.o)
 .ARM.attributes
                0x000003ef       0x2d C:/ARM GNU Toolchain/bin/../lib/gcc/arm-none-eabi/13.3.1/thumb/v7-m/nofp\libc_nano.a(libc_a-init.o)
 .ARM.attributes
                0x0000041c       0x2d C:/ARM GNU Toolchain/bin/../lib/gcc/arm-none-eabi/13.3.1/thumb/v7-m/nofp\libc_nano.a(libc_a-memcpy-stub.o)
 .ARM.attributes
                0x00000449       0x17 C:/ARM GNU Toolchain/bin/../lib/gcc/arm-none-eabi/13.3.1/thumb/v7-m/nofp\libc_nano.a(libc_a-strlen.o)
 .ARM.attributes
                0x00000460       0x1d C:/ARM GNU Toolchain/bin/../lib/gcc/arm-none-eabi/13.3.1/thumb/v7-m/nofp\libgcc.a(_arm_addsubdf3.o)
 .ARM.attributes
                0x0000047d       0x1d C:/ARM GNU Toolchain/bin/../lib/gcc/arm-none-eabi/13.3.1/thumb/v7-m/nofp\libgcc.a(_arm_muldivdf3.o)
 .ARM.attributes
                0x0000049a       0x1d C:/ARM GNU Toolchain/bin/../lib/gcc/arm-none-eabi/13.3.1/thumb/v7-m/nofp\libgcc.a(_arm_cmpdf2.o)
 .ARM.attributes
                0x000004b7       0x1d C:/ARM GNU Toolchain/bin/../lib/gcc/arm-none-eabi/13.3.1/thumb/v7-m/nofp\libgcc.a(_arm_fixdfsi.o)
 .ARM.attributes
                0x000004d4       0x1d C:/ARM GNU Toolchain/bin/../lib/gcc/arm-none-eabi/13.3.1/thumb/v7-m/nofp\libgcc.a(_arm_fixunsdfsi.o)
 .ARM.attributes
                0x000004f1       0x1d C:/ARM GNU Toolchain/bin/../lib/gcc/arm-none-eabi/13.3.1/thumb/v7-m/nofp\libgcc.a(_arm_truncdfsf2.o)
 .ARM.attributes
                0x0000050e       0x1d C:/ARM GNU Toolchain/bin/../lib/gcc/arm-none-eabi/13.3.1/thumb/v7-m/nofp\libgcc.a(_arm_addsubsf3.o)
 .ARM.attributes
                0x0000052b       0x1d C:/ARM GNU Toolchain/bin/../lib/gcc/arm-none-eabi/13.3.1/thumb/v7-m/nofp\libgcc.a(_arm_muldivsf3.o)
 .ARM.attributes
                0x00000548       0x1d C:/ARM GNU Toolchain/bin/../lib/gcc/arm-none-eabi/13.3.1/thumb/v7-m/nofp\libgcc.a(_aeabi_uldivmod.o)
 .ARM.attributes
                0x00000565       0x2d C:/ARM GNU Toolchain/bin/../lib/gcc/arm-none-eabi/13.3.1/thumb/v7-m/nofp\libgcc.a(_fixsfdi.o)
 .ARM.attributes
                0x00000592       0x2d C:/ARM GNU Toolchain/bin/../lib/gcc/arm-none-eabi/13.3.1/thumb/v7-m/nofp\libgcc.a(_fixunssfdi.o)
 .ARM.attributes
                0x000005bf       0x2d C:/ARM GNU Toolchain/bin/../lib/gcc/arm-none-eabi/13.3.1/thumb/v7-m/nofp\libgcc.a(_udivmoddi4.o)
 .ARM.attributes
                0x000005ec       0x1d C:/ARM GNU Toolchain/bin/../lib/gcc/arm-none-eabi/13.3.1/thumb/v7-m/nofp\libgcc.a(_dvmd_tls.o)
 .ARM.attributes
                0x00000609       0x1d C:/ARM GNU Toolchain/bin/../lib/gcc/arm-none-eabi/13.3.1/thumb/v7-m/nofp\libgcc.a(_arm_cmpsf2.o)
 .ARM.attributes
                0x00000626       0x2d C:/ARM GNU Toolchain/bin/../lib/gcc/arm-none-eabi/13.3.1/thumb/v7-m/nofp/crtend.o
 .ARM.attributes
                0x00000653       0x1d C:/ARM GNU Toolchain/bin/../lib/gcc/arm-none-eabi/13.3.1/thumb/v7-m/nofp/crtn.o
OUTPUT(build/FreeRTOS.elf elf32-littlearm)
LOAD linker stubs
LOAD C:/ARM GNU Toolchain/bin/../lib/gcc/arm-none-eabi/13.3.1/thumb/v7-m/nofp\libc.a
LOAD C:/ARM GNU Toolchain/bin/../lib/gcc/arm-none-eabi/13.3.1/thumb/v7-m/nofp\libm.a
LOAD C:/ARM GNU Toolchain/bin/../lib/gcc/arm-none-eabi/13.3.1/thumb/v7-m/nofp\libgcc.a

.debug_info     0x00000000    0x10c36
 .debug_info    0x00000000      0x778 build/main.o
 .debug_info    0x00000778     0x1bfb build/printf.o
 .debug_info    0x00002373      0x24d build/stm32f1xx_hal_msp.o
 .debug_info    0x000025c0      0x110 build/stm32f1xx_it.o
 .debug_info    0x000026d0      0x26e build/system_stm32f1xx.o
 .debug_info    0x0000293e      0x880 build/stm32f1xx_hal.o
 .debug_info    0x000031be      0xe3f build/stm32f1xx_hal_cortex.o
 .debug_info    0x00003ffd      0x6d7 build/stm32f1xx_hal_gpio.o
 .debug_info    0x000046d4      0xb10 build/stm32f1xx_hal_rcc.o
 .debug_info    0x000051e4     0x430f build/stm32f1xx_hal_uart.o
 .debug_info    0x000094f3      0x30f build/list.o
 .debug_info    0x00009802     0x1db8 build/queue.o
 .debug_info    0x0000b5ba     0x29ad build/tasks.o
 .debug_info    0x0000df67      0x563 build/port.o
 .debug_info    0x0000e4ca      0x6de build/heap_4.o
 .debug_info    0x0000eba8      0x6af build/Controller.o
 .debug_info    0x0000f257      0x67e build/SysConfig.o
 .debug_info    0x0000f8d5      0x9c6 build/timer.o
 .debug_info    0x0001029b      0x96b build/usart.o
 .debug_info    0x00010c06       0x30 build/startup_stm32f103xb.o

.debug_abbrev   0x00000000     0x2bf7
 .debug_abbrev  0x00000000      0x23c build/main.o
 .debug_abbrev  0x0000023c      0x3b8 build/printf.o
 .debug_abbrev  0x000005f4       0xe7 build/stm32f1xx_hal_msp.o
 .debug_abbrev  0x000006db       0x46 build/stm32f1xx_it.o
 .debug_abbrev  0x00000721      0x140 build/system_stm32f1xx.o
 .debug_abbrev  0x00000861      0x232 build/stm32f1xx_hal.o
 .debug_abbrev  0x00000a93      0x3aa build/stm32f1xx_hal_cortex.o
 .debug_abbrev  0x00000e3d      0x222 build/stm32f1xx_hal_gpio.o
 .debug_abbrev  0x0000105f      0x2d6 build/stm32f1xx_hal_rcc.o
 .debug_abbrev  0x00001335      0x35f build/stm32f1xx_hal_uart.o
 .debug_abbrev  0x00001694      0x124 build/list.o
 .debug_abbrev  0x000017b8      0x31d build/queue.o
 .debug_abbrev  0x00001ad5      0x3d2 build/tasks.o
 .debug_abbrev  0x00001ea7      0x2c2 build/port.o
 .debug_abbrev  0x00002169      0x2d5 build/heap_4.o
 .debug_abbrev  0x0000243e      0x1e7 build/Controller.o
 .debug_abbrev  0x00002625      0x1c7 build/SysConfig.o
 .debug_abbrev  0x000027ec      0x1f3 build/timer.o
 .debug_abbrev  0x000029df      0x1fb build/usart.o
 .debug_abbrev  0x00002bda       0x1d build/startup_stm32f103xb.o

.debug_loc      0x00000000     0xd303
 .debug_loc     0x00000000       0xda build/main.o
 .debug_loc     0x000000da     0x22d0 build/printf.o
 .debug_loc     0x000023aa       0x41 build/stm32f1xx_hal_msp.o
 .debug_loc     0x000023eb      0x11b build/system_stm32f1xx.o
 .debug_loc     0x00002506      0x1f9 build/stm32f1xx_hal.o
 .debug_loc     0x000026ff      0x8b4 build/stm32f1xx_hal_cortex.o
 .debug_loc     0x00002fb3      0x56c build/stm32f1xx_hal_gpio.o
 .debug_loc     0x0000351f      0x7c6 build/stm32f1xx_hal_rcc.o
 .debug_loc     0x00003ce5     0x4ff4 build/stm32f1xx_hal_uart.o
 .debug_loc     0x00008cd9       0xeb build/list.o
 .debug_loc     0x00008dc4     0x15a8 build/queue.o
 .debug_loc     0x0000a36c     0x2502 build/tasks.o
 .debug_loc     0x0000c86e      0x172 build/port.o
 .debug_loc     0x0000c9e0      0x574 build/heap_4.o
 .debug_loc     0x0000cf54      0x21d build/Controller.o
 .debug_loc     0x0000d171       0x7e build/SysConfig.o
 .debug_loc     0x0000d1ef       0x62 build/timer.o
 .debug_loc     0x0000d251       0xb2 build/usart.o

.debug_aranges  0x00000000      0xa38
 .debug_aranges
                0x00000000       0x30 build/main.o
 .debug_aranges
                0x00000030       0xa8 build/printf.o
 .debug_aranges
                0x000000d8       0x20 build/stm32f1xx_hal_msp.o
 .debug_aranges
                0x000000f8       0x48 build/stm32f1xx_it.o
 .debug_aranges
                0x00000140       0x28 build/system_stm32f1xx.o
 .debug_aranges
                0x00000168       0xe0 build/stm32f1xx_hal.o
 .debug_aranges
                0x00000248       0xc0 build/stm32f1xx_hal_cortex.o
 .debug_aranges
                0x00000308       0x58 build/stm32f1xx_hal_gpio.o
 .debug_aranges
                0x00000360       0x90 build/stm32f1xx_hal_rcc.o
 .debug_aranges
                0x000003f0      0x208 build/stm32f1xx_hal_uart.o
 .debug_aranges
                0x000005f8       0x40 build/list.o
 .debug_aranges
                0x00000638       0xc8 build/queue.o
 .debug_aranges
                0x00000700      0x190 build/tasks.o
 .debug_aranges
                0x00000890       0x78 build/port.o
 .debug_aranges
                0x00000908       0x60 build/heap_4.o
 .debug_aranges
                0x00000968       0x20 build/Controller.o
 .debug_aranges
                0x00000988       0x30 build/SysConfig.o
 .debug_aranges
                0x000009b8       0x30 build/timer.o
 .debug_aranges
                0x000009e8       0x28 build/usart.o
 .debug_aranges
                0x00000a10       0x28 build/startup_stm32f103xb.o

.debug_ranges   0x00000000      0xd28
 .debug_ranges  0x00000000       0x20 build/main.o
 .debug_ranges  0x00000020      0x190 build/printf.o
 .debug_ranges  0x000001b0       0x10 build/stm32f1xx_hal_msp.o
 .debug_ranges  0x000001c0       0x38 build/stm32f1xx_it.o
 .debug_ranges  0x000001f8       0x18 build/system_stm32f1xx.o
 .debug_ranges  0x00000210       0xd0 build/stm32f1xx_hal.o
 .debug_ranges  0x000002e0       0xb0 build/stm32f1xx_hal_cortex.o
 .debug_ranges  0x00000390       0x48 build/stm32f1xx_hal_gpio.o
 .debug_ranges  0x000003d8       0xa0 build/stm32f1xx_hal_rcc.o
 .debug_ranges  0x00000478      0x210 build/stm32f1xx_hal_uart.o
 .debug_ranges  0x00000688       0x30 build/list.o
 .debug_ranges  0x000006b8      0x1b8 build/queue.o
 .debug_ranges  0x00000870      0x378 build/tasks.o
 .debug_ranges  0x00000be8       0x68 build/port.o
 .debug_ranges  0x00000c50       0x50 build/heap_4.o
 .debug_ranges  0x00000ca0       0x10 build/Controller.o
 .debug_ranges  0x00000cb0       0x20 build/SysConfig.o
 .debug_ranges  0x00000cd0       0x20 build/timer.o
 .debug_ranges  0x00000cf0       0x18 build/usart.o
 .debug_ranges  0x00000d08       0x20 build/startup_stm32f103xb.o

.debug_line     0x00000000     0xb911
 .debug_line    0x00000000      0x2bf build/main.o
 .debug_line    0x000002bf     0x11bb build/printf.o
 .debug_line    0x0000147a      0x125 build/stm32f1xx_hal_msp.o
 .debug_line    0x0000159f       0xca build/stm32f1xx_it.o
 .debug_line    0x00001669      0x1ed build/system_stm32f1xx.o
 .debug_line    0x00001856      0x4d6 build/stm32f1xx_hal.o
 .debug_line    0x00001d2c      0x64f build/stm32f1xx_hal_cortex.o
 .debug_line    0x0000237b      0x578 build/stm32f1xx_hal_gpio.o
 .debug_line    0x000028f3      0xc52 build/stm32f1xx_hal_rcc.o
 .debug_line    0x00003545     0x3447 build/stm32f1xx_hal_uart.o
 .debug_line    0x0000698c      0x2ec build/list.o
 .debug_line    0x00006c78     0x1462 build/queue.o
 .debug_line    0x000080da     0x203f build/tasks.o
 .debug_line    0x0000a119      0x513 build/port.o
 .debug_line    0x0000a62c      0x6ef build/heap_4.o
 .debug_line    0x0000ad1b      0x25e build/Controller.o
 .debug_line    0x0000af79      0x31b build/SysConfig.o
 .debug_line    0x0000b294      0x354 build/timer.o
 .debug_line    0x0000b5e8      0x2b8 build/usart.o
 .debug_line    0x0000b8a0       0x71 build/startup_stm32f103xb.o

.debug_str      0x00000000     0x3602
 .debug_str     0x00000000     0x3602 build/main.o
                                0x430 (size before relaxing)
 .debug_str     0x00003602      0x418 build/printf.o
 .debug_str     0x00003602      0x1f9 build/stm32f1xx_hal_msp.o
 .debug_str     0x00003602      0x1c5 build/stm32f1xx_it.o
 .debug_str     0x00003602      0x21c build/system_stm32f1xx.o
 .debug_str     0x00003602      0x7f6 build/stm32f1xx_hal.o
 .debug_str     0x00003602      0x89b build/stm32f1xx_hal_cortex.o
 .debug_str     0x00003602      0x3c8 build/stm32f1xx_hal_gpio.o
 .debug_str     0x00003602      0x5f3 build/stm32f1xx_hal_rcc.o
 .debug_str     0x00003602      0xcbc build/stm32f1xx_hal_uart.o
 .debug_str     0x00003602      0x2a9 build/list.o
 .debug_str     0x00003602      0x84c build/queue.o
 .debug_str     0x00003602      0xe48 build/tasks.o
 .debug_str     0x00003602      0x415 build/port.o
 .debug_str     0x00003602      0x4f7 build/heap_4.o
 .debug_str     0x00003602      0x325 build/Controller.o
 .debug_str     0x00003602      0x419 build/SysConfig.o
 .debug_str     0x00003602      0x698 build/timer.o
 .debug_str     0x00003602      0x688 build/usart.o
 .debug_str     0x00003602       0x53 build/startup_stm32f103xb.o

.comment        0x00000000       0x45
 .comment       0x00000000       0x45 build/main.o
                                 0x46 (size before relaxing)
 .comment       0x00000045       0x46 build/printf.o
 .comment       0x00000045       0x46 build/stm32f1xx_hal_msp.o
 .comment       0x00000045       0x46 build/stm32f1xx_it.o
 .comment       0x00000045       0x46 build/system_stm32f1xx.o
 .comment       0x00000045       0x46 build/stm32f1xx_hal.o
 .comment       0x00000045       0x46 build/stm32f1xx_hal_cortex.o
 .comment       0x00000045       0x46 build/stm32f1xx_hal_gpio.o
 .comment       0x00000045       0x46 build/stm32f1xx_hal_rcc.o
 .comment       0x00000045       0x46 build/stm32f1xx_hal_uart.o
 .comment       0x00000045       0x46 build/list.o
 .comment       0x00000045       0x46 build/queue.o
 .comment       0x00000045       0x46 build/tasks.o
 .comment       0x00000045       0x46 build/port.o
 .comment       0x00000045       0x46 build/heap_4.o
 .comment       0x00000045       0x46 build/Controller.o
 .comment       0x00000045       0x46 build/SysConfig.o
 .comment       0x00000045       0x46 build/timer.o
 .comment       0x00000045       0x46 build/usart.o

.debug_frame    0x00000000     0x1f08
 .debug_frame   0x00000000       0x5c build/main.o
 .debug_frame   0x0000005c      0x2ac build/printf.o
 .debug_frame   0x00000308       0x28 build/stm32f1xx_hal_msp.o
 .debug_frame   0x00000330       0x70 build/stm32f1xx_it.o
 .debug_frame   0x000003a0       0x30 build/system_stm32f1xx.o
 .debug_frame   0x000003d0      0x1cc build/stm32f1xx_hal.o
 .debug_frame   0x0000059c      0x19c build/stm32f1xx_hal_cortex.o
 .debug_frame   0x00000738       0xe4 build/stm32f1xx_hal_gpio.o
 .debug_frame   0x0000081c      0x184 build/stm32f1xx_hal_rcc.o
 .debug_frame   0x000009a0      0x5dc build/stm32f1xx_hal_uart.o
 .debug_frame   0x00000f7c       0x70 build/list.o
 .debug_frame   0x00000fec      0x288 build/queue.o
 .debug_frame   0x00001274      0x4e0 build/tasks.o
 .debug_frame   0x00001754       0xf0 build/port.o
 .debug_frame   0x00001844       0xec build/heap_4.o
 .debug_frame   0x00001930       0x34 build/Controller.o
 .debug_frame   0x00001964       0x64 build/SysConfig.o
 .debug_frame   0x000019c8       0x4c build/timer.o
 .debug_frame   0x00001a14       0x4c build/usart.o
 .debug_frame   0x00001a60       0x20 C:/ARM GNU Toolchain/bin/../lib/gcc/arm-none-eabi/13.3.1/thumb/v7-m/nofp\libc_nano.a(libc_a-memset.o)
 .debug_frame   0x00001a80       0x2c C:/ARM GNU Toolchain/bin/../lib/gcc/arm-none-eabi/13.3.1/thumb/v7-m/nofp\libc_nano.a(libc_a-init.o)
 .debug_frame   0x00001aac       0x28 C:/ARM GNU Toolchain/bin/../lib/gcc/arm-none-eabi/13.3.1/thumb/v7-m/nofp\libc_nano.a(libc_a-memcpy-stub.o)
 .debug_frame   0x00001ad4       0xac C:/ARM GNU Toolchain/bin/../lib/gcc/arm-none-eabi/13.3.1/thumb/v7-m/nofp\libgcc.a(_arm_addsubdf3.o)
 .debug_frame   0x00001b80       0x50 C:/ARM GNU Toolchain/bin/../lib/gcc/arm-none-eabi/13.3.1/thumb/v7-m/nofp\libgcc.a(_arm_muldivdf3.o)
 .debug_frame   0x00001bd0       0xc4 C:/ARM GNU Toolchain/bin/../lib/gcc/arm-none-eabi/13.3.1/thumb/v7-m/nofp\libgcc.a(_arm_cmpdf2.o)
 .debug_frame   0x00001c94       0x24 C:/ARM GNU Toolchain/bin/../lib/gcc/arm-none-eabi/13.3.1/thumb/v7-m/nofp\libgcc.a(_arm_fixdfsi.o)
 .debug_frame   0x00001cb8       0x24 C:/ARM GNU Toolchain/bin/../lib/gcc/arm-none-eabi/13.3.1/thumb/v7-m/nofp\libgcc.a(_arm_fixunsdfsi.o)
 .debug_frame   0x00001cdc       0x24 C:/ARM GNU Toolchain/bin/../lib/gcc/arm-none-eabi/13.3.1/thumb/v7-m/nofp\libgcc.a(_arm_truncdfsf2.o)
 .debug_frame   0x00001d00       0x4c C:/ARM GNU Toolchain/bin/../lib/gcc/arm-none-eabi/13.3.1/thumb/v7-m/nofp\libgcc.a(_arm_addsubsf3.o)
 .debug_frame   0x00001d4c       0x38 C:/ARM GNU Toolchain/bin/../lib/gcc/arm-none-eabi/13.3.1/thumb/v7-m/nofp\libgcc.a(_arm_muldivsf3.o)
 .debug_frame   0x00001d84       0x2c C:/ARM GNU Toolchain/bin/../lib/gcc/arm-none-eabi/13.3.1/thumb/v7-m/nofp\libgcc.a(_aeabi_uldivmod.o)
 .debug_frame   0x00001db0       0x30 C:/ARM GNU Toolchain/bin/../lib/gcc/arm-none-eabi/13.3.1/thumb/v7-m/nofp\libgcc.a(_fixsfdi.o)
 .debug_frame   0x00001de0       0x2c C:/ARM GNU Toolchain/bin/../lib/gcc/arm-none-eabi/13.3.1/thumb/v7-m/nofp\libgcc.a(_fixunssfdi.o)
 .debug_frame   0x00001e0c       0x34 C:/ARM GNU Toolchain/bin/../lib/gcc/arm-none-eabi/13.3.1/thumb/v7-m/nofp\libgcc.a(_udivmoddi4.o)
 .debug_frame   0x00001e40       0xc8 C:/ARM GNU Toolchain/bin/../lib/gcc/arm-none-eabi/13.3.1/thumb/v7-m/nofp\libgcc.a(_arm_cmpsf2.o)

.debug_line_str
                0x00000000      0x1d2
 .debug_line_str
                0x00000000      0x1d2 C:/ARM GNU Toolchain/bin/../lib/gcc/arm-none-eabi/13.3.1/thumb/v7-m/nofp\libc_nano.a(libc_a-strlen.o)
                                 0xe7 (size before relaxing)
 .debug_line_str
                0x000001d2       0xca C:/ARM GNU Toolchain/bin/../lib/gcc/arm-none-eabi/13.3.1/thumb/v7-m/nofp\libgcc.a(_arm_addsubdf3.o)
 .debug_line_str
                0x000001d2       0xca C:/ARM GNU Toolchain/bin/../lib/gcc/arm-none-eabi/13.3.1/thumb/v7-m/nofp\libgcc.a(_arm_muldivdf3.o)
 .debug_line_str
                0x000001d2       0xca C:/ARM GNU Toolchain/bin/../lib/gcc/arm-none-eabi/13.3.1/thumb/v7-m/nofp\libgcc.a(_arm_cmpdf2.o)
 .debug_line_str
                0x000001d2       0xca C:/ARM GNU Toolchain/bin/../lib/gcc/arm-none-eabi/13.3.1/thumb/v7-m/nofp\libgcc.a(_arm_fixdfsi.o)
 .debug_line_str
                0x000001d2       0xca C:/ARM GNU Toolchain/bin/../lib/gcc/arm-none-eabi/13.3.1/thumb/v7-m/nofp\libgcc.a(_arm_fixunsdfsi.o)
 .debug_line_str
                0x000001d2       0xca C:/ARM GNU Toolchain/bin/../lib/gcc/arm-none-eabi/13.3.1/thumb/v7-m/nofp\libgcc.a(_arm_truncdfsf2.o)
 .debug_line_str
                0x000001d2       0xca C:/ARM GNU Toolchain/bin/../lib/gcc/arm-none-eabi/13.3.1/thumb/v7-m/nofp\libgcc.a(_arm_addsubsf3.o)
 .debug_line_str
                0x000001d2       0xca C:/ARM GNU Toolchain/bin/../lib/gcc/arm-none-eabi/13.3.1/thumb/v7-m/nofp\libgcc.a(_arm_muldivsf3.o)
 .debug_line_str
                0x000001d2       0xc5 C:/ARM GNU Toolchain/bin/../lib/gcc/arm-none-eabi/13.3.1/thumb/v7-m/nofp\libgcc.a(_aeabi_uldivmod.o)
 .debug_line_str
                0x000001d2       0xc9 C:/ARM GNU Toolchain/bin/../lib/gcc/arm-none-eabi/13.3.1/thumb/v7-m/nofp\libgcc.a(_dvmd_tls.o)
 .debug_line_str
                0x000001d2       0xca C:/ARM GNU Toolchain/bin/../lib/gcc/arm-none-eabi/13.3.1/thumb/v7-m/nofp\libgcc.a(_arm_cmpsf2.o)

Cross Reference Table

Symbol                                            File
ADC1_2_IRQHandler                                 build/startup_stm32f103xb.o
AHBPrescTable                                     build/system_stm32f1xx.o
                                                  build/stm32f1xx_hal_rcc.o
APBPrescTable                                     build/system_stm32f1xx.o
                                                  build/stm32f1xx_hal_rcc.o
BusFault_Handler                                  build/stm32f1xx_it.o
CAN1_RX1_IRQHandler                               build/startup_stm32f103xb.o
CAN1_SCE_IRQHandler                               build/startup_stm32f103xb.o
CommuniQueue                                      build/main.o
CommuniSemaphore                                  build/main.o
CommunicationTask                                 build/main.o
DMA1_Channel1_IRQHandler                          build/startup_stm32f103xb.o
DMA1_Channel2_IRQHandler                          build/startup_stm32f103xb.o
DMA1_Channel3_IRQHandler                          build/startup_stm32f103xb.o
DMA1_Channel4_IRQHandler                          build/startup_stm32f103xb.o
DMA1_Channel5_IRQHandler                          build/startup_stm32f103xb.o
DMA1_Channel6_IRQHandler                          build/startup_stm32f103xb.o
DMA1_Channel7_IRQHandler                          build/startup_stm32f103xb.o
DebugMon_Handler                                  build/stm32f1xx_it.o
Default_Handler                                   build/startup_stm32f103xb.o
EXTI0_IRQHandler                                  build/startup_stm32f103xb.o
EXTI15_10_IRQHandler                              build/startup_stm32f103xb.o
EXTI1_IRQHandler                                  build/startup_stm32f103xb.o
EXTI2_IRQHandler                                  build/startup_stm32f103xb.o
EXTI3_IRQHandler                                  build/startup_stm32f103xb.o
EXTI4_IRQHandler                                  build/startup_stm32f103xb.o
EXTI9_5_IRQHandler                                build/startup_stm32f103xb.o
Encoder_Init                                      build/timer.o
                                                  build/main.o
Error_Handler                                     build/SysConfig.o
FLASH_IRQHandler                                  build/startup_stm32f103xb.o
FLASH_PageErase                                   build/stm32f1xx_hal_flash_ex.o
                                                  build/stm32f1xx_hal_flash.o
FLASH_WaitForLastOperation                        build/stm32f1xx_hal_flash.o
                                                  build/stm32f1xx_hal_flash_ex.o
HAL_DBGMCU_DisableDBGSleepMode                    build/stm32f1xx_hal.o
HAL_DBGMCU_DisableDBGStandbyMode                  build/stm32f1xx_hal.o
HAL_DBGMCU_DisableDBGStopMode                     build/stm32f1xx_hal.o
HAL_DBGMCU_EnableDBGSleepMode                     build/stm32f1xx_hal.o
HAL_DBGMCU_EnableDBGStandbyMode                   build/stm32f1xx_hal.o
HAL_DBGMCU_EnableDBGStopMode                      build/stm32f1xx_hal.o
HAL_DMA_Abort                                     build/stm32f1xx_hal_dma.o
                                                  build/stm32f1xx_hal_uart.o
HAL_DMA_Abort_IT                                  build/stm32f1xx_hal_dma.o
                                                  build/stm32f1xx_hal_uart.o
                                                  build/stm32f1xx_hal_tim_ex.o
                                                  build/stm32f1xx_hal_tim.o
HAL_DMA_DeInit                                    build/stm32f1xx_hal_dma.o
HAL_DMA_GetError                                  build/stm32f1xx_hal_dma.o
                                                  build/stm32f1xx_hal_uart.o
HAL_DMA_GetState                                  build/stm32f1xx_hal_dma.o
HAL_DMA_IRQHandler                                build/stm32f1xx_hal_dma.o
HAL_DMA_Init                                      build/stm32f1xx_hal_dma.o
HAL_DMA_PollForTransfer                           build/stm32f1xx_hal_dma.o
HAL_DMA_RegisterCallback                          build/stm32f1xx_hal_dma.o
HAL_DMA_Start                                     build/stm32f1xx_hal_dma.o
HAL_DMA_Start_IT                                  build/stm32f1xx_hal_dma.o
                                                  build/stm32f1xx_hal_uart.o
                                                  build/stm32f1xx_hal_tim_ex.o
                                                  build/stm32f1xx_hal_tim.o
HAL_DMA_UnRegisterCallback                        build/stm32f1xx_hal_dma.o
HAL_DeInit                                        build/stm32f1xx_hal.o
HAL_Delay                                         build/stm32f1xx_hal.o
HAL_EXTI_ClearConfigLine                          build/stm32f1xx_hal_exti.o
HAL_EXTI_ClearPending                             build/stm32f1xx_hal_exti.o
HAL_EXTI_GenerateSWI                              build/stm32f1xx_hal_exti.o
HAL_EXTI_GetConfigLine                            build/stm32f1xx_hal_exti.o
HAL_EXTI_GetHandle                                build/stm32f1xx_hal_exti.o
HAL_EXTI_GetPending                               build/stm32f1xx_hal_exti.o
HAL_EXTI_IRQHandler                               build/stm32f1xx_hal_exti.o
HAL_EXTI_RegisterCallback                         build/stm32f1xx_hal_exti.o
HAL_EXTI_SetConfigLine                            build/stm32f1xx_hal_exti.o
HAL_FLASHEx_Erase                                 build/stm32f1xx_hal_flash_ex.o
HAL_FLASHEx_Erase_IT                              build/stm32f1xx_hal_flash_ex.o
HAL_FLASHEx_OBErase                               build/stm32f1xx_hal_flash_ex.o
HAL_FLASHEx_OBGetConfig                           build/stm32f1xx_hal_flash_ex.o
HAL_FLASHEx_OBGetUserData                         build/stm32f1xx_hal_flash_ex.o
HAL_FLASHEx_OBProgram                             build/stm32f1xx_hal_flash_ex.o
HAL_FLASH_EndOfOperationCallback                  build/stm32f1xx_hal_flash.o
HAL_FLASH_GetError                                build/stm32f1xx_hal_flash.o
HAL_FLASH_IRQHandler                              build/stm32f1xx_hal_flash.o
HAL_FLASH_Lock                                    build/stm32f1xx_hal_flash.o
HAL_FLASH_OB_Launch                               build/stm32f1xx_hal_flash.o
HAL_FLASH_OB_Lock                                 build/stm32f1xx_hal_flash.o
HAL_FLASH_OB_Unlock                               build/stm32f1xx_hal_flash.o
HAL_FLASH_OperationErrorCallback                  build/stm32f1xx_hal_flash.o
HAL_FLASH_Program                                 build/stm32f1xx_hal_flash.o
HAL_FLASH_Program_IT                              build/stm32f1xx_hal_flash.o
HAL_FLASH_Unlock                                  build/stm32f1xx_hal_flash.o
HAL_GPIOEx_ConfigEventout                         build/stm32f1xx_hal_gpio_ex.o
HAL_GPIOEx_DisableEventout                        build/stm32f1xx_hal_gpio_ex.o
HAL_GPIOEx_EnableEventout                         build/stm32f1xx_hal_gpio_ex.o
HAL_GPIO_DeInit                                   build/stm32f1xx_hal_gpio.o
HAL_GPIO_EXTI_Callback                            build/stm32f1xx_hal_gpio.o
HAL_GPIO_EXTI_IRQHandler                          build/stm32f1xx_hal_gpio.o
HAL_GPIO_Init                                     build/stm32f1xx_hal_gpio.o
                                                  build/usart.o
                                                  build/SysConfig.o
                                                  build/stm32f1xx_hal_rcc.o
HAL_GPIO_LockPin                                  build/stm32f1xx_hal_gpio.o
HAL_GPIO_ReadPin                                  build/stm32f1xx_hal_gpio.o
HAL_GPIO_TogglePin                                build/stm32f1xx_hal_gpio.o
HAL_GPIO_WritePin                                 build/stm32f1xx_hal_gpio.o
                                                  build/timer.o
                                                  build/SysConfig.o
                                                  build/Controller.o
HAL_GetDEVID                                      build/stm32f1xx_hal.o
HAL_GetHalVersion                                 build/stm32f1xx_hal.o
HAL_GetREVID                                      build/stm32f1xx_hal.o
HAL_GetTick                                       build/stm32f1xx_hal.o
                                                  build/stm32f1xx_hal_uart.o
                                                  build/stm32f1xx_hal_rcc_ex.o
                                                  build/stm32f1xx_hal_rcc.o
                                                  build/stm32f1xx_hal_flash.o
                                                  build/stm32f1xx_hal_dma.o
HAL_GetTickFreq                                   build/stm32f1xx_hal.o
HAL_GetTickPrio                                   build/stm32f1xx_hal.o
HAL_GetUIDw0                                      build/stm32f1xx_hal.o
HAL_GetUIDw1                                      build/stm32f1xx_hal.o
HAL_GetUIDw2                                      build/stm32f1xx_hal.o
HAL_HalfDuplex_EnableReceiver                     build/stm32f1xx_hal_uart.o
HAL_HalfDuplex_EnableTransmitter                  build/stm32f1xx_hal_uart.o
HAL_HalfDuplex_Init                               build/stm32f1xx_hal_uart.o
HAL_IncTick                                       build/stm32f1xx_hal.o
HAL_Init                                          build/stm32f1xx_hal.o
                                                  build/main.o
HAL_InitTick                                      build/stm32f1xx_hal.o
                                                  build/stm32f1xx_hal_rcc.o
HAL_LIN_Init                                      build/stm32f1xx_hal_uart.o
HAL_LIN_SendBreak                                 build/stm32f1xx_hal_uart.o
HAL_MspDeInit                                     build/stm32f1xx_hal.o
HAL_MspInit                                       build/stm32f1xx_hal_msp.o
HAL_MultiProcessor_EnterMuteMode                  build/stm32f1xx_hal_uart.o
HAL_MultiProcessor_ExitMuteMode                   build/stm32f1xx_hal_uart.o
HAL_MultiProcessor_Init                           build/stm32f1xx_hal_uart.o
HAL_NVIC_ClearPendingIRQ                          build/stm32f1xx_hal_cortex.o
HAL_NVIC_DisableIRQ                               build/stm32f1xx_hal_cortex.o
HAL_NVIC_EnableIRQ                                build/stm32f1xx_hal_cortex.o
HAL_NVIC_GetActive                                build/stm32f1xx_hal_cortex.o
HAL_NVIC_GetPendingIRQ                            build/stm32f1xx_hal_cortex.o
HAL_NVIC_GetPriority                              build/stm32f1xx_hal_cortex.o
HAL_NVIC_GetPriorityGrouping                      build/stm32f1xx_hal_cortex.o
HAL_NVIC_SetPendingIRQ                            build/stm32f1xx_hal_cortex.o
HAL_NVIC_SetPriority                              build/stm32f1xx_hal_cortex.o
                                                  build/stm32f1xx_hal.o
HAL_NVIC_SetPriorityGrouping                      build/stm32f1xx_hal_cortex.o
                                                  build/stm32f1xx_hal.o
HAL_NVIC_SystemReset                              build/stm32f1xx_hal_cortex.o
                                                  build/stm32f1xx_hal_flash.o
HAL_PWR_ConfigPVD                                 build/stm32f1xx_hal_pwr.o
HAL_PWR_DeInit                                    build/stm32f1xx_hal_pwr.o
HAL_PWR_DisableBkUpAccess                         build/stm32f1xx_hal_pwr.o
HAL_PWR_DisablePVD                                build/stm32f1xx_hal_pwr.o
HAL_PWR_DisableSEVOnPend                          build/stm32f1xx_hal_pwr.o
HAL_PWR_DisableSleepOnExit                        build/stm32f1xx_hal_pwr.o
HAL_PWR_DisableWakeUpPin                          build/stm32f1xx_hal_pwr.o
HAL_PWR_EnableBkUpAccess                          build/stm32f1xx_hal_pwr.o
HAL_PWR_EnablePVD                                 build/stm32f1xx_hal_pwr.o
HAL_PWR_EnableSEVOnPend                           build/stm32f1xx_hal_pwr.o
HAL_PWR_EnableSleepOnExit                         build/stm32f1xx_hal_pwr.o
HAL_PWR_EnableWakeUpPin                           build/stm32f1xx_hal_pwr.o
HAL_PWR_EnterSLEEPMode                            build/stm32f1xx_hal_pwr.o
HAL_PWR_EnterSTANDBYMode                          build/stm32f1xx_hal_pwr.o
HAL_PWR_EnterSTOPMode                             build/stm32f1xx_hal_pwr.o
HAL_PWR_PVDCallback                               build/stm32f1xx_hal_pwr.o
HAL_PWR_PVD_IRQHandler                            build/stm32f1xx_hal_pwr.o
HAL_RCCEx_GetPeriphCLKConfig                      build/stm32f1xx_hal_rcc_ex.o
HAL_RCCEx_GetPeriphCLKFreq                        build/stm32f1xx_hal_rcc_ex.o
HAL_RCCEx_PeriphCLKConfig                         build/stm32f1xx_hal_rcc_ex.o
HAL_RCC_CSSCallback                               build/stm32f1xx_hal_rcc.o
HAL_RCC_ClockConfig                               build/stm32f1xx_hal_rcc.o
                                                  build/SysConfig.o
HAL_RCC_DeInit                                    build/stm32f1xx_hal_rcc.o
HAL_RCC_DisableCSS                                build/stm32f1xx_hal_rcc.o
HAL_RCC_EnableCSS                                 build/stm32f1xx_hal_rcc.o
HAL_RCC_GetClockConfig                            build/stm32f1xx_hal_rcc.o
HAL_RCC_GetHCLKFreq                               build/stm32f1xx_hal_rcc.o
HAL_RCC_GetOscConfig                              build/stm32f1xx_hal_rcc.o
HAL_RCC_GetPCLK1Freq                              build/stm32f1xx_hal_rcc.o
                                                  build/stm32f1xx_hal_uart.o
HAL_RCC_GetPCLK2Freq                              build/stm32f1xx_hal_rcc.o
                                                  build/stm32f1xx_hal_uart.o
                                                  build/stm32f1xx_hal_rcc_ex.o
HAL_RCC_GetSysClockFreq                           build/stm32f1xx_hal_rcc.o
HAL_RCC_MCOConfig                                 build/stm32f1xx_hal_rcc.o
HAL_RCC_NMI_IRQHandler                            build/stm32f1xx_hal_rcc.o
HAL_RCC_OscConfig                                 build/stm32f1xx_hal_rcc.o
                                                  build/SysConfig.o
HAL_ResumeTick                                    build/stm32f1xx_hal.o
HAL_SYSTICK_CLKSourceConfig                       build/stm32f1xx_hal_cortex.o
HAL_SYSTICK_Callback                              build/stm32f1xx_hal_cortex.o
HAL_SYSTICK_Config                                build/stm32f1xx_hal_cortex.o
                                                  build/stm32f1xx_hal.o
HAL_SYSTICK_IRQHandler                            build/stm32f1xx_hal_cortex.o
HAL_SetTickFreq                                   build/stm32f1xx_hal.o
HAL_SuspendTick                                   build/stm32f1xx_hal.o
HAL_TIMEx_BreakCallback                           build/stm32f1xx_hal_tim_ex.o
                                                  build/stm32f1xx_hal_tim.o
HAL_TIMEx_CommutCallback                          build/stm32f1xx_hal_tim_ex.o
                                                  build/stm32f1xx_hal_tim.o
HAL_TIMEx_CommutHalfCpltCallback                  build/stm32f1xx_hal_tim_ex.o
HAL_TIMEx_ConfigBreakDeadTime                     build/stm32f1xx_hal_tim_ex.o
HAL_TIMEx_ConfigCommutEvent                       build/stm32f1xx_hal_tim_ex.o
HAL_TIMEx_ConfigCommutEvent_DMA                   build/stm32f1xx_hal_tim_ex.o
HAL_TIMEx_ConfigCommutEvent_IT                    build/stm32f1xx_hal_tim_ex.o
HAL_TIMEx_GetChannelNState                        build/stm32f1xx_hal_tim_ex.o
HAL_TIMEx_HallSensor_DeInit                       build/stm32f1xx_hal_tim_ex.o
HAL_TIMEx_HallSensor_GetState                     build/stm32f1xx_hal_tim_ex.o
HAL_TIMEx_HallSensor_Init                         build/stm32f1xx_hal_tim_ex.o
HAL_TIMEx_HallSensor_MspDeInit                    build/stm32f1xx_hal_tim_ex.o
HAL_TIMEx_HallSensor_MspInit                      build/stm32f1xx_hal_tim_ex.o
HAL_TIMEx_HallSensor_Start                        build/stm32f1xx_hal_tim_ex.o
HAL_TIMEx_HallSensor_Start_DMA                    build/stm32f1xx_hal_tim_ex.o
HAL_TIMEx_HallSensor_Start_IT                     build/stm32f1xx_hal_tim_ex.o
HAL_TIMEx_HallSensor_Stop                         build/stm32f1xx_hal_tim_ex.o
HAL_TIMEx_HallSensor_Stop_DMA                     build/stm32f1xx_hal_tim_ex.o
HAL_TIMEx_HallSensor_Stop_IT                      build/stm32f1xx_hal_tim_ex.o
HAL_TIMEx_MasterConfigSynchronization             build/stm32f1xx_hal_tim_ex.o
HAL_TIMEx_OCN_Start                               build/stm32f1xx_hal_tim_ex.o
HAL_TIMEx_OCN_Start_DMA                           build/stm32f1xx_hal_tim_ex.o
HAL_TIMEx_OCN_Start_IT                            build/stm32f1xx_hal_tim_ex.o
HAL_TIMEx_OCN_Stop                                build/stm32f1xx_hal_tim_ex.o
HAL_TIMEx_OCN_Stop_DMA                            build/stm32f1xx_hal_tim_ex.o
HAL_TIMEx_OCN_Stop_IT                             build/stm32f1xx_hal_tim_ex.o
HAL_TIMEx_OnePulseN_Start                         build/stm32f1xx_hal_tim_ex.o
HAL_TIMEx_OnePulseN_Start_IT                      build/stm32f1xx_hal_tim_ex.o
HAL_TIMEx_OnePulseN_Stop                          build/stm32f1xx_hal_tim_ex.o
HAL_TIMEx_OnePulseN_Stop_IT                       build/stm32f1xx_hal_tim_ex.o
HAL_TIMEx_PWMN_Start                              build/stm32f1xx_hal_tim_ex.o
HAL_TIMEx_PWMN_Start_DMA                          build/stm32f1xx_hal_tim_ex.o
HAL_TIMEx_PWMN_Start_IT                           build/stm32f1xx_hal_tim_ex.o
HAL_TIMEx_PWMN_Stop                               build/stm32f1xx_hal_tim_ex.o
HAL_TIMEx_PWMN_Stop_DMA                           build/stm32f1xx_hal_tim_ex.o
HAL_TIMEx_PWMN_Stop_IT                            build/stm32f1xx_hal_tim_ex.o
HAL_TIMEx_RemapConfig                             build/stm32f1xx_hal_tim_ex.o
HAL_TIM_Base_DeInit                               build/stm32f1xx_hal_tim.o
HAL_TIM_Base_GetState                             build/stm32f1xx_hal_tim.o
HAL_TIM_Base_Init                                 build/stm32f1xx_hal_tim.o
HAL_TIM_Base_MspDeInit                            build/stm32f1xx_hal_tim.o
HAL_TIM_Base_MspInit                              build/stm32f1xx_hal_tim.o
HAL_TIM_Base_Start                                build/stm32f1xx_hal_tim.o
HAL_TIM_Base_Start_DMA                            build/stm32f1xx_hal_tim.o
HAL_TIM_Base_Start_IT                             build/stm32f1xx_hal_tim.o
HAL_TIM_Base_Stop                                 build/stm32f1xx_hal_tim.o
HAL_TIM_Base_Stop_DMA                             build/stm32f1xx_hal_tim.o
HAL_TIM_Base_Stop_IT                              build/stm32f1xx_hal_tim.o
HAL_TIM_ConfigClockSource                         build/stm32f1xx_hal_tim.o
HAL_TIM_ConfigOCrefClear                          build/stm32f1xx_hal_tim.o
HAL_TIM_ConfigTI1Input                            build/stm32f1xx_hal_tim.o
HAL_TIM_DMABurstState                             build/stm32f1xx_hal_tim.o
HAL_TIM_DMABurst_MultiReadStart                   build/stm32f1xx_hal_tim.o
HAL_TIM_DMABurst_MultiWriteStart                  build/stm32f1xx_hal_tim.o
HAL_TIM_DMABurst_ReadStart                        build/stm32f1xx_hal_tim.o
HAL_TIM_DMABurst_ReadStop                         build/stm32f1xx_hal_tim.o
HAL_TIM_DMABurst_WriteStart                       build/stm32f1xx_hal_tim.o
HAL_TIM_DMABurst_WriteStop                        build/stm32f1xx_hal_tim.o
HAL_TIM_Encoder_DeInit                            build/stm32f1xx_hal_tim.o
HAL_TIM_Encoder_GetState                          build/stm32f1xx_hal_tim.o
HAL_TIM_Encoder_Init                              build/stm32f1xx_hal_tim.o
HAL_TIM_Encoder_MspDeInit                         build/stm32f1xx_hal_tim.o
HAL_TIM_Encoder_MspInit                           build/stm32f1xx_hal_tim.o
HAL_TIM_Encoder_Start                             build/stm32f1xx_hal_tim.o
HAL_TIM_Encoder_Start_DMA                         build/stm32f1xx_hal_tim.o
HAL_TIM_Encoder_Start_IT                          build/stm32f1xx_hal_tim.o
HAL_TIM_Encoder_Stop                              build/stm32f1xx_hal_tim.o
HAL_TIM_Encoder_Stop_DMA                          build/stm32f1xx_hal_tim.o
HAL_TIM_Encoder_Stop_IT                           build/stm32f1xx_hal_tim.o
HAL_TIM_ErrorCallback                             build/stm32f1xx_hal_tim.o
                                                  build/stm32f1xx_hal_tim_ex.o
HAL_TIM_GenerateEvent                             build/stm32f1xx_hal_tim.o
HAL_TIM_GetActiveChannel                          build/stm32f1xx_hal_tim.o
HAL_TIM_GetChannelState                           build/stm32f1xx_hal_tim.o
HAL_TIM_IC_CaptureCallback                        build/stm32f1xx_hal_tim.o
HAL_TIM_IC_CaptureHalfCpltCallback                build/stm32f1xx_hal_tim.o
HAL_TIM_IC_ConfigChannel                          build/stm32f1xx_hal_tim.o
HAL_TIM_IC_DeInit                                 build/stm32f1xx_hal_tim.o
HAL_TIM_IC_GetState                               build/stm32f1xx_hal_tim.o
HAL_TIM_IC_Init                                   build/stm32f1xx_hal_tim.o
HAL_TIM_IC_MspDeInit                              build/stm32f1xx_hal_tim.o
HAL_TIM_IC_MspInit                                build/stm32f1xx_hal_tim.o
HAL_TIM_IC_Start                                  build/stm32f1xx_hal_tim.o
HAL_TIM_IC_Start_DMA                              build/stm32f1xx_hal_tim.o
HAL_TIM_IC_Start_IT                               build/stm32f1xx_hal_tim.o
HAL_TIM_IC_Stop                                   build/stm32f1xx_hal_tim.o
HAL_TIM_IC_Stop_DMA                               build/stm32f1xx_hal_tim.o
HAL_TIM_IC_Stop_IT                                build/stm32f1xx_hal_tim.o
HAL_TIM_IRQHandler                                build/stm32f1xx_hal_tim.o
HAL_TIM_OC_ConfigChannel                          build/stm32f1xx_hal_tim.o
HAL_TIM_OC_DeInit                                 build/stm32f1xx_hal_tim.o
HAL_TIM_OC_DelayElapsedCallback                   build/stm32f1xx_hal_tim.o
HAL_TIM_OC_GetState                               build/stm32f1xx_hal_tim.o
HAL_TIM_OC_Init                                   build/stm32f1xx_hal_tim.o
HAL_TIM_OC_MspDeInit                              build/stm32f1xx_hal_tim.o
HAL_TIM_OC_MspInit                                build/stm32f1xx_hal_tim.o
HAL_TIM_OC_Start                                  build/stm32f1xx_hal_tim.o
HAL_TIM_OC_Start_DMA                              build/stm32f1xx_hal_tim.o
HAL_TIM_OC_Start_IT                               build/stm32f1xx_hal_tim.o
HAL_TIM_OC_Stop                                   build/stm32f1xx_hal_tim.o
HAL_TIM_OC_Stop_DMA                               build/stm32f1xx_hal_tim.o
HAL_TIM_OC_Stop_IT                                build/stm32f1xx_hal_tim.o
HAL_TIM_OnePulse_ConfigChannel                    build/stm32f1xx_hal_tim.o
HAL_TIM_OnePulse_DeInit                           build/stm32f1xx_hal_tim.o
HAL_TIM_OnePulse_GetState                         build/stm32f1xx_hal_tim.o
HAL_TIM_OnePulse_Init                             build/stm32f1xx_hal_tim.o
HAL_TIM_OnePulse_MspDeInit                        build/stm32f1xx_hal_tim.o
HAL_TIM_OnePulse_MspInit                          build/stm32f1xx_hal_tim.o
HAL_TIM_OnePulse_Start                            build/stm32f1xx_hal_tim.o
HAL_TIM_OnePulse_Start_IT                         build/stm32f1xx_hal_tim.o
HAL_TIM_OnePulse_Stop                             build/stm32f1xx_hal_tim.o
HAL_TIM_OnePulse_Stop_IT                          build/stm32f1xx_hal_tim.o
HAL_TIM_PWM_ConfigChannel                         build/stm32f1xx_hal_tim.o
HAL_TIM_PWM_DeInit                                build/stm32f1xx_hal_tim.o
HAL_TIM_PWM_GetState                              build/stm32f1xx_hal_tim.o
HAL_TIM_PWM_Init                                  build/stm32f1xx_hal_tim.o
HAL_TIM_PWM_MspDeInit                             build/stm32f1xx_hal_tim.o
HAL_TIM_PWM_MspInit                               build/stm32f1xx_hal_tim.o
HAL_TIM_PWM_PulseFinishedCallback                 build/stm32f1xx_hal_tim.o
                                                  build/stm32f1xx_hal_tim_ex.o
HAL_TIM_PWM_PulseFinishedHalfCpltCallback         build/stm32f1xx_hal_tim.o
HAL_TIM_PWM_Start                                 build/stm32f1xx_hal_tim.o
HAL_TIM_PWM_Start_DMA                             build/stm32f1xx_hal_tim.o
HAL_TIM_PWM_Start_IT                              build/stm32f1xx_hal_tim.o
HAL_TIM_PWM_Stop                                  build/stm32f1xx_hal_tim.o
HAL_TIM_PWM_Stop_DMA                              build/stm32f1xx_hal_tim.o
HAL_TIM_PWM_Stop_IT                               build/stm32f1xx_hal_tim.o
HAL_TIM_PeriodElapsedCallback                     build/stm32f1xx_hal_tim.o
HAL_TIM_PeriodElapsedHalfCpltCallback             build/stm32f1xx_hal_tim.o
HAL_TIM_ReadCapturedValue                         build/stm32f1xx_hal_tim.o
HAL_TIM_SlaveConfigSynchro                        build/stm32f1xx_hal_tim.o
HAL_TIM_SlaveConfigSynchro_IT                     build/stm32f1xx_hal_tim.o
HAL_TIM_TriggerCallback                           build/stm32f1xx_hal_tim.o
HAL_TIM_TriggerHalfCpltCallback                   build/stm32f1xx_hal_tim.o
HAL_UARTEx_GetRxEventType                         build/stm32f1xx_hal_uart.o
HAL_UARTEx_ReceiveToIdle                          build/stm32f1xx_hal_uart.o
HAL_UARTEx_ReceiveToIdle_DMA                      build/stm32f1xx_hal_uart.o
HAL_UARTEx_ReceiveToIdle_IT                       build/stm32f1xx_hal_uart.o
HAL_UARTEx_RxEventCallback                        build/stm32f1xx_hal_uart.o
HAL_UART_Abort                                    build/stm32f1xx_hal_uart.o
HAL_UART_AbortCpltCallback                        build/stm32f1xx_hal_uart.o
HAL_UART_AbortReceive                             build/stm32f1xx_hal_uart.o
HAL_UART_AbortReceiveCpltCallback                 build/stm32f1xx_hal_uart.o
HAL_UART_AbortReceive_IT                          build/stm32f1xx_hal_uart.o
HAL_UART_AbortTransmit                            build/stm32f1xx_hal_uart.o
HAL_UART_AbortTransmitCpltCallback                build/stm32f1xx_hal_uart.o
HAL_UART_AbortTransmit_IT                         build/stm32f1xx_hal_uart.o
HAL_UART_Abort_IT                                 build/stm32f1xx_hal_uart.o
HAL_UART_DMAPause                                 build/stm32f1xx_hal_uart.o
HAL_UART_DMAResume                                build/stm32f1xx_hal_uart.o
HAL_UART_DMAStop                                  build/stm32f1xx_hal_uart.o
HAL_UART_DeInit                                   build/stm32f1xx_hal_uart.o
HAL_UART_ErrorCallback                            build/stm32f1xx_hal_uart.o
HAL_UART_GetError                                 build/stm32f1xx_hal_uart.o
HAL_UART_GetState                                 build/stm32f1xx_hal_uart.o
HAL_UART_IRQHandler                               build/stm32f1xx_hal_uart.o
HAL_UART_Init                                     build/stm32f1xx_hal_uart.o
                                                  build/usart.o
HAL_UART_MspDeInit                                build/stm32f1xx_hal_uart.o
HAL_UART_MspInit                                  build/stm32f1xx_hal_uart.o
HAL_UART_Receive                                  build/stm32f1xx_hal_uart.o
HAL_UART_Receive_DMA                              build/stm32f1xx_hal_uart.o
HAL_UART_Receive_IT                               build/stm32f1xx_hal_uart.o
HAL_UART_RxCpltCallback                           build/stm32f1xx_hal_uart.o
HAL_UART_RxHalfCpltCallback                       build/stm32f1xx_hal_uart.o
HAL_UART_Transmit                                 build/stm32f1xx_hal_uart.o
                                                  build/usart.o
HAL_UART_Transmit_DMA                             build/stm32f1xx_hal_uart.o
HAL_UART_Transmit_IT                              build/stm32f1xx_hal_uart.o
HAL_UART_TxCpltCallback                           build/stm32f1xx_hal_uart.o
HAL_UART_TxHalfCpltCallback                       build/stm32f1xx_hal_uart.o
HardFault_Handler                                 build/stm32f1xx_it.o
I2C1_ER_IRQHandler                                build/startup_stm32f103xb.o
I2C1_EV_IRQHandler                                build/startup_stm32f103xb.o
I2C2_ER_IRQHandler                                build/startup_stm32f103xb.o
I2C2_EV_IRQHandler                                build/startup_stm32f103xb.o
MX_GPIO_Init                                      build/SysConfig.o
                                                  build/main.o
MainTask                                          build/main.o
MemManage_Handler                                 build/stm32f1xx_it.o
NMI_Handler                                       build/stm32f1xx_it.o
PID_Vel                                           build/Controller.o
                                                  build/main.o
PVD_IRQHandler                                    build/startup_stm32f103xb.o
PWM_init                                          build/timer.o
                                                  build/main.o
PendSV_Handler                                    build/port.o
RCC_IRQHandler                                    build/startup_stm32f103xb.o
RTC_Alarm_IRQHandler                              build/startup_stm32f103xb.o
RTC_IRQHandler                                    build/startup_stm32f103xb.o
Reset_Handler                                     build/startup_stm32f103xb.o
SPI1_IRQHandler                                   build/startup_stm32f103xb.o
SPI2_IRQHandler                                   build/startup_stm32f103xb.o
SVC_Handler                                       build/port.o
SendString                                        build/usart.o
                                                  build/main.o
Setpoint                                          build/main.o
SysTick_Handler                                   build/port.o
SystemClock_Config                                build/SysConfig.o
                                                  build/main.o
SystemCoreClock                                   build/system_stm32f1xx.o
                                                  build/port.o
                                                  build/stm32f1xx_hal_rcc.o
                                                  build/stm32f1xx_hal.o
SystemCoreClockUpdate                             build/system_stm32f1xx.o
SystemInit                                        build/system_stm32f1xx.o
                                                  build/startup_stm32f103xb.o
TAMPER_IRQHandler                                 build/startup_stm32f103xb.o
TIM1_BRK_IRQHandler                               build/startup_stm32f103xb.o
TIM1_CC_IRQHandler                                build/startup_stm32f103xb.o
TIM1_TRG_COM_IRQHandler                           build/startup_stm32f103xb.o
TIM1_UP_IRQHandler                                build/startup_stm32f103xb.o
TIM2_IRQHandler                                   build/startup_stm32f103xb.o
TIM3_IRQHandler                                   build/startup_stm32f103xb.o
TIM4_IRQHandler                                   build/timer.o
TIMEx_DMACommutationCplt                          build/stm32f1xx_hal_tim_ex.o
                                                  build/stm32f1xx_hal_tim.o
TIMEx_DMACommutationHalfCplt                      build/stm32f1xx_hal_tim_ex.o
                                                  build/stm32f1xx_hal_tim.o
TIM_Base_SetConfig                                build/stm32f1xx_hal_tim.o
                                                  build/stm32f1xx_hal_tim_ex.o
TIM_CCxChannelCmd                                 build/stm32f1xx_hal_tim.o
                                                  build/stm32f1xx_hal_tim_ex.o
TIM_DMACaptureCplt                                build/stm32f1xx_hal_tim.o
                                                  build/stm32f1xx_hal_tim_ex.o
TIM_DMACaptureHalfCplt                            build/stm32f1xx_hal_tim.o
                                                  build/stm32f1xx_hal_tim_ex.o
TIM_DMADelayPulseHalfCplt                         build/stm32f1xx_hal_tim.o
                                                  build/stm32f1xx_hal_tim_ex.o
TIM_DMAError                                      build/stm32f1xx_hal_tim.o
                                                  build/stm32f1xx_hal_tim_ex.o
TIM_ETR_SetConfig                                 build/stm32f1xx_hal_tim.o
TIM_OC2_SetConfig                                 build/stm32f1xx_hal_tim.o
                                                  build/stm32f1xx_hal_tim_ex.o
TIM_TI1_SetConfig                                 build/stm32f1xx_hal_tim.o
                                                  build/stm32f1xx_hal_tim_ex.o
Ts                                                build/main.o
UART_Start_Receive_DMA                            build/stm32f1xx_hal_uart.o
UART_Start_Receive_IT                             build/stm32f1xx_hal_uart.o
USART1_IRQHandler                                 build/startup_stm32f103xb.o
USART1_Init                                       build/usart.o
                                                  build/main.o
USART2_IRQHandler                                 build/startup_stm32f103xb.o
USART3_IRQHandler                                 build/startup_stm32f103xb.o
USBWakeUp_IRQHandler                              build/startup_stm32f103xb.o
USB_HP_CAN1_TX_IRQHandler                         build/startup_stm32f103xb.o
USB_LP_CAN1_RX0_IRQHandler                        build/startup_stm32f103xb.o
UsageFault_Handler                                build/stm32f1xx_it.o
WWDG_IRQHandler                                   build/startup_stm32f103xb.o
_ITM_deregisterTMCloneTable                       C:/ARM GNU Toolchain/bin/../lib/gcc/arm-none-eabi/13.3.1/thumb/v7-m/nofp/crtbegin.o
_ITM_registerTMCloneTable                         C:/ARM GNU Toolchain/bin/../lib/gcc/arm-none-eabi/13.3.1/thumb/v7-m/nofp/crtbegin.o
_Min_Stack_Size                                   build/sysmem.o
__TMC_END__                                       C:/ARM GNU Toolchain/bin/../lib/gcc/arm-none-eabi/13.3.1/thumb/v7-m/nofp/crtend.o
                                                  C:/ARM GNU Toolchain/bin/../lib/gcc/arm-none-eabi/13.3.1/thumb/v7-m/nofp/crtbegin.o
__adddf3                                          C:/ARM GNU Toolchain/bin/../lib/gcc/arm-none-eabi/13.3.1/thumb/v7-m/nofp\libgcc.a(_arm_addsubdf3.o)
__addsf3                                          C:/ARM GNU Toolchain/bin/../lib/gcc/arm-none-eabi/13.3.1/thumb/v7-m/nofp\libgcc.a(_arm_addsubsf3.o)
__aeabi_cdcmpeq                                   C:/ARM GNU Toolchain/bin/../lib/gcc/arm-none-eabi/13.3.1/thumb/v7-m/nofp\libgcc.a(_arm_cmpdf2.o)
__aeabi_cdcmple                                   C:/ARM GNU Toolchain/bin/../lib/gcc/arm-none-eabi/13.3.1/thumb/v7-m/nofp\libgcc.a(_arm_cmpdf2.o)
__aeabi_cdrcmple                                  C:/ARM GNU Toolchain/bin/../lib/gcc/arm-none-eabi/13.3.1/thumb/v7-m/nofp\libgcc.a(_arm_cmpdf2.o)
__aeabi_cfcmpeq                                   C:/ARM GNU Toolchain/bin/../lib/gcc/arm-none-eabi/13.3.1/thumb/v7-m/nofp\libgcc.a(_arm_cmpsf2.o)
__aeabi_cfcmple                                   C:/ARM GNU Toolchain/bin/../lib/gcc/arm-none-eabi/13.3.1/thumb/v7-m/nofp\libgcc.a(_arm_cmpsf2.o)
__aeabi_cfrcmple                                  C:/ARM GNU Toolchain/bin/../lib/gcc/arm-none-eabi/13.3.1/thumb/v7-m/nofp\libgcc.a(_arm_cmpsf2.o)
__aeabi_d2f                                       C:/ARM GNU Toolchain/bin/../lib/gcc/arm-none-eabi/13.3.1/thumb/v7-m/nofp\libgcc.a(_arm_truncdfsf2.o)
                                                  build/Controller.o
                                                  build/main.o
__aeabi_d2iz                                      C:/ARM GNU Toolchain/bin/../lib/gcc/arm-none-eabi/13.3.1/thumb/v7-m/nofp\libgcc.a(_arm_fixdfsi.o)
                                                  build/printf.o
__aeabi_d2uiz                                     C:/ARM GNU Toolchain/bin/../lib/gcc/arm-none-eabi/13.3.1/thumb/v7-m/nofp\libgcc.a(_arm_fixunsdfsi.o)
                                                  C:/ARM GNU Toolchain/bin/../lib/gcc/arm-none-eabi/13.3.1/thumb/v7-m/nofp\libgcc.a(_fixunssfdi.o)
                                                  build/printf.o
__aeabi_dadd                                      C:/ARM GNU Toolchain/bin/../lib/gcc/arm-none-eabi/13.3.1/thumb/v7-m/nofp\libgcc.a(_arm_addsubdf3.o)
                                                  build/Controller.o
                                                  build/printf.o
__aeabi_dcmpeq                                    C:/ARM GNU Toolchain/bin/../lib/gcc/arm-none-eabi/13.3.1/thumb/v7-m/nofp\libgcc.a(_arm_cmpdf2.o)
                                                  build/printf.o
__aeabi_dcmpge                                    C:/ARM GNU Toolchain/bin/../lib/gcc/arm-none-eabi/13.3.1/thumb/v7-m/nofp\libgcc.a(_arm_cmpdf2.o)
                                                  build/printf.o
__aeabi_dcmpgt                                    C:/ARM GNU Toolchain/bin/../lib/gcc/arm-none-eabi/13.3.1/thumb/v7-m/nofp\libgcc.a(_arm_cmpdf2.o)
                                                  build/printf.o
__aeabi_dcmple                                    C:/ARM GNU Toolchain/bin/../lib/gcc/arm-none-eabi/13.3.1/thumb/v7-m/nofp\libgcc.a(_arm_cmpdf2.o)
                                                  build/printf.o