Archive member included to satisfy reference by file (symbol)

C:/ARM GNU Toolchain/bin/../lib/gcc/arm-none-eabi/13.3.1/thumb/v7-m/nofp\libc_nano.a(libc_a-exit.o)
                              C:/ARM GNU Toolchain/bin/../lib/gcc/arm-none-eabi/13.3.1/thumb/v7-m/nofp/crt0.o (exit)
C:/ARM GNU Toolchain/bin/../lib/gcc/arm-none-eabi/13.3.1/thumb/v7-m/nofp\libc_nano.a(libc_a-findfp.o)
                              C:/ARM GNU Toolchain/bin/../lib/gcc/arm-none-eabi/13.3.1/thumb/v7-m/nofp\libc_nano.a(libc_a-exit.o) (__stdio_exit_handler)
C:/ARM GNU Toolchain/bin/../lib/gcc/arm-none-eabi/13.3.1/thumb/v7-m/nofp\libc_nano.a(libc_a-fwalk.o)
                              C:/ARM GNU Toolchain/bin/../lib/gcc/arm-none-eabi/13.3.1/thumb/v7-m/nofp\libc_nano.a(libc_a-findfp.o) (_fwalk_sglue)
C:/ARM GNU Toolchain/bin/../lib/gcc/arm-none-eabi/13.3.1/thumb/v7-m/nofp\libc_nano.a(libc_a-stdio.o)
                              C:/ARM GNU Toolchain/bin/../lib/gcc/arm-none-eabi/13.3.1/thumb/v7-m/nofp\libc_nano.a(libc_a-findfp.o) (__sread)
C:/ARM GNU Toolchain/bin/../lib/gcc/arm-none-eabi/13.3.1/thumb/v7-m/nofp\libc_nano.a(libc_a-memset.o)
                              C:/ARM GNU Toolchain/bin/../lib/gcc/arm-none-eabi/13.3.1/thumb/v7-m/nofp/crt0.o (memset)
C:/ARM GNU Toolchain/bin/../lib/gcc/arm-none-eabi/13.3.1/thumb/v7-m/nofp\libc_nano.a(libc_a-closer.o)
                              C:/ARM GNU Toolchain/bin/../lib/gcc/arm-none-eabi/13.3.1/thumb/v7-m/nofp\libc_nano.a(libc_a-stdio.o) (_close_r)
C:/ARM GNU Toolchain/bin/../lib/gcc/arm-none-eabi/13.3.1/thumb/v7-m/nofp\libc_nano.a(libc_a-reent.o)
                              C:/ARM GNU Toolchain/bin/../lib/gcc/arm-none-eabi/13.3.1/thumb/v7-m/nofp\libc_nano.a(libc_a-closer.o) (errno)
C:/ARM GNU Toolchain/bin/../lib/gcc/arm-none-eabi/13.3.1/thumb/v7-m/nofp\libc_nano.a(libc_a-impure.o)
                              C:/ARM GNU Toolchain/bin/../lib/gcc/arm-none-eabi/13.3.1/thumb/v7-m/nofp\libc_nano.a(libc_a-reent.o) (_impure_ptr)
C:/ARM GNU Toolchain/bin/../lib/gcc/arm-none-eabi/13.3.1/thumb/v7-m/nofp\libc_nano.a(libc_a-lseekr.o)
                              C:/ARM GNU Toolchain/bin/../lib/gcc/arm-none-eabi/13.3.1/thumb/v7-m/nofp\libc_nano.a(libc_a-stdio.o) (_lseek_r)
C:/ARM GNU Toolchain/bin/../lib/gcc/arm-none-eabi/13.3.1/thumb/v7-m/nofp\libc_nano.a(libc_a-readr.o)
                              C:/ARM GNU Toolchain/bin/../lib/gcc/arm-none-eabi/13.3.1/thumb/v7-m/nofp\libc_nano.a(libc_a-stdio.o) (_read_r)
C:/ARM GNU Toolchain/bin/../lib/gcc/arm-none-eabi/13.3.1/thumb/v7-m/nofp\libc_nano.a(libc_a-writer.o)
                              C:/ARM GNU Toolchain/bin/../lib/gcc/arm-none-eabi/13.3.1/thumb/v7-m/nofp\libc_nano.a(libc_a-stdio.o) (_write_r)
C:/ARM GNU Toolchain/bin/../lib/gcc/arm-none-eabi/13.3.1/thumb/v7-m/nofp\libc_nano.a(libc_a-errno.o)
                              build/syscalls.o (__errno)
C:/ARM GNU Toolchain/bin/../lib/gcc/arm-none-eabi/13.3.1/thumb/v7-m/nofp\libc_nano.a(libc_a-init.o)
                              C:/ARM GNU Toolchain/bin/../lib/gcc/arm-none-eabi/13.3.1/thumb/v7-m/nofp/crt0.o (__libc_init_array)
C:/ARM GNU Toolchain/bin/../lib/gcc/arm-none-eabi/13.3.1/thumb/v7-m/nofp\libc_nano.a(libc_a-lock.o)
                              C:/ARM GNU Toolchain/bin/../lib/gcc/arm-none-eabi/13.3.1/thumb/v7-m/nofp\libc_nano.a(libc_a-findfp.o) (__retarget_lock_init_recursive)
C:/ARM GNU Toolchain/bin/../lib/gcc/arm-none-eabi/13.3.1/thumb/v7-m/nofp\libc_nano.a(libc_a-memcpy-stub.o)
                              build/queue.o (memcpy)
C:/ARM GNU Toolchain/bin/../lib/gcc/arm-none-eabi/13.3.1/thumb/v7-m/nofp\libc_nano.a(libc_a-strlen.o)
                              build/usart.o (strlen)
C:/ARM GNU Toolchain/bin/../lib/gcc/arm-none-eabi/13.3.1/thumb/v7-m/nofp\libc_nano.a(libc_a-freer.o)
                              C:/ARM GNU Toolchain/bin/../lib/gcc/arm-none-eabi/13.3.1/thumb/v7-m/nofp\libc_nano.a(libc_a-reent.o) (_free_r)
C:/ARM GNU Toolchain/bin/../lib/gcc/arm-none-eabi/13.3.1/thumb/v7-m/nofp\libc_nano.a(libc_a-mallocr.o)
                              C:/ARM GNU Toolchain/bin/../lib/gcc/arm-none-eabi/13.3.1/thumb/v7-m/nofp\libc_nano.a(libc_a-findfp.o) (_malloc_r)
C:/ARM GNU Toolchain/bin/../lib/gcc/arm-none-eabi/13.3.1/thumb/v7-m/nofp\libc_nano.a(libc_a-mlock.o)
                              C:/ARM GNU Toolchain/bin/../lib/gcc/arm-none-eabi/13.3.1/thumb/v7-m/nofp\libc_nano.a(libc_a-freer.o) (__malloc_lock)
C:/ARM GNU Toolchain/bin/../lib/gcc/arm-none-eabi/13.3.1/thumb/v7-m/nofp\libc_nano.a(libc_a-fflush.o)
                              C:/ARM GNU Toolchain/bin/../lib/gcc/arm-none-eabi/13.3.1/thumb/v7-m/nofp\libc_nano.a(libc_a-findfp.o) (_fflush_r)
C:/ARM GNU Toolchain/bin/../lib/gcc/arm-none-eabi/13.3.1/thumb/v7-m/nofp\libc_nano.a(libc_a-sbrkr.o)
                              C:/ARM GNU Toolchain/bin/../lib/gcc/arm-none-eabi/13.3.1/thumb/v7-m/nofp\libc_nano.a(libc_a-mallocr.o) (_sbrk_r)
[...]
Memory Configuration

Name             Origin             Length             Attributes
RAM              0x20000000         0x00005000         xrw
FLASH            0x08000000         0x00010000         xr
*default*        0x00000000         0xffffffff

Linker script and memory map

LOAD C:/ARM GNU Toolchain/bin/../lib/gcc/arm-none-eabi/13.3.1/thumb/v7-m/nofp/crti.o
LOAD C:/ARM GNU Toolchain/bin/../lib/gcc/arm-none-eabi/13.3.1/thumb/v7-m/nofp/crtbegin.o
LOAD C:/ARM GNU Toolchain/bin/../lib/gcc/arm-none-eabi/13.3.1/thumb/v7-m/nofp/crt0.o
LOAD build/main.o
LOAD build/printf.o
LOAD build/stm32f1xx_hal_msp.o
LOAD build/stm32f1xx_it.o
LOAD build/syscalls.o
LOAD build/sysmem.o
LOAD build/system_stm32f1xx.o
LOAD build/stm32f1xx_hal.o
LOAD build/stm32f1xx_hal_cortex.o
LOAD build/stm32f1xx_hal_dma.o
LOAD build/stm32f1xx_hal_exti.o
LOAD build/stm32f1xx_hal_flash.o
LOAD build/stm32f1xx_hal_flash_ex.o
LOAD build/stm32f1xx_hal_gpio.o
LOAD build/stm32f1xx_hal_gpio_ex.o
LOAD build/stm32f1xx_hal_pwr.o
LOAD build/stm32f1xx_hal_rcc.o
LOAD build/stm32f1xx_hal_rcc_ex.o
LOAD build/stm32f1xx_hal_tim.o
LOAD build/stm32f1xx_hal_tim_ex.o
LOAD build/stm32f1xx_hal_uart.o
LOAD build/croutine.o
LOAD build/event_groups.o
LOAD build/list.o
LOAD build/queue.o
LOAD build/stream_buffer.o
LOAD build/tasks.o
LOAD build/timers.o
LOAD build/port.o
LOAD build/heap_4.o
LOAD build/SysConfig.o
LOAD build/timer.o
LOAD build/usart.o
LOAD build/arm_abs_f32.o
LOAD build/arm_abs_q15.o
LOAD build/arm_abs_q31.o
LOAD build/arm_abs_q7.o
LOAD build/arm_add_f32.o
LOAD build/arm_add_q15.o
LOAD build/arm_add_q31.o
LOAD build/arm_add_q7.o
LOAD build/arm_dot_prod_f32.o
LOAD build/arm_dot_prod_q15.o
LOAD build/arm_dot_prod_q31.o
LOAD build/arm_dot_prod_q7.o
LOAD build/arm_mult_f32.o
LOAD build/arm_mult_q15.o
LOAD build/arm_mult_q31.o
LOAD build/arm_mult_q7.o
LOAD build/arm_negate_f32.o
LOAD build/arm_negate_q15.o
LOAD build/arm_negate_q31.o
LOAD build/arm_negate_q7.o
LOAD build/arm_offset_f32.o
LOAD build/arm_offset_q15.o
LOAD build/arm_offset_q31.o
LOAD build/arm_offset_q7.o
LOAD build/arm_scale_f32.o
LOAD build/arm_scale_q15.o
LOAD build/arm_scale_q31.o
LOAD build/arm_scale_q7.o
LOAD build/arm_shift_q15.o
LOAD build/arm_shift_q31.o
LOAD build/arm_shift_q7.o
LOAD build/arm_sub_f32.o
LOAD build/arm_sub_q15.o
LOAD build/arm_sub_q31.o
LOAD build/arm_sub_q7.o
LOAD build/arm_common_tables.o
LOAD build/arm_const_structs.o
LOAD build/arm_cmplx_conj_f32.o
LOAD build/arm_cmplx_conj_q15.o
LOAD build/arm_cmplx_conj_q31.o
LOAD build/arm_cmplx_dot_prod_f32.o
LOAD build/arm_cmplx_dot_prod_q15.o
LOAD build/arm_cmplx_dot_prod_q31.o
LOAD build/arm_cmplx_mag_f32.o
LOAD build/arm_cmplx_mag_q15.o
LOAD build/arm_cmplx_mag_q31.o
LOAD build/arm_cmplx_mag_squared_f32.o
LOAD build/arm_cmplx_mag_squared_q15.o
LOAD build/arm_cmplx_mag_squared_q31.o
LOAD build/arm_cmplx_mult_cmplx_f32.o
LOAD build/arm_cmplx_mult_cmplx_q15.o
LOAD build/arm_cmplx_mult_cmplx_q31.o
LOAD build/arm_cmplx_mult_real_f32.o
LOAD build/arm_cmplx_mult_real_q15.o
LOAD build/arm_cmplx_mult_real_q31.o
LOAD build/arm_pid_init_f32.o
LOAD build/arm_pid_init_q15.o
LOAD build/arm_pid_init_q31.o
LOAD build/arm_pid_reset_f32.o
LOAD build/arm_pid_reset_q15.o
LOAD build/arm_pid_reset_q31.o
LOAD build/arm_sin_cos_f32.o
LOAD build/arm_sin_cos_q31.o
LOAD build/arm_cos_f32.o
LOAD build/arm_cos_q15.o
LOAD build/arm_cos_q31.o
LOAD build/arm_sin_f32.o
LOAD build/arm_sin_q15.o
LOAD build/arm_sin_q31.o
LOAD build/arm_sqrt_q15.o
LOAD build/arm_sqrt_q31.o
LOAD build/arm_biquad_cascade_df1_32x64_init_q31.o
LOAD build/arm_biquad_cascade_df1_32x64_q31.o
LOAD build/arm_biquad_cascade_df1_f32.o
LOAD build/arm_biquad_cascade_df1_fast_q15.o
LOAD build/arm_biquad_cascade_df1_fast_q31.o
LOAD build/arm_biquad_cascade_df1_init_f32.o
LOAD build/arm_biquad_cascade_df1_init_q15.o
LOAD build/arm_biquad_cascade_df1_init_q31.o
LOAD build/arm_biquad_cascade_df1_q15.o
LOAD build/arm_biquad_cascade_df1_q31.o
LOAD build/arm_biquad_cascade_df2T_f32.o
LOAD build/arm_biquad_cascade_df2T_f64.o
LOAD build/arm_biquad_cascade_df2T_init_f32.o
LOAD build/arm_biquad_cascade_df2T_init_f64.o
LOAD build/arm_biquad_cascade_stereo_df2T_f32.o
LOAD build/arm_biquad_cascade_stereo_df2T_init_f32.o
LOAD build/arm_conv_f32.o
LOAD build/arm_conv_fast_opt_q15.o
LOAD build/arm_conv_fast_q15.o
LOAD build/arm_conv_fast_q31.o
LOAD build/arm_conv_opt_q15.o
LOAD build/arm_conv_opt_q7.o
LOAD build/arm_conv_partial_f32.o
LOAD build/arm_conv_partial_fast_opt_q15.o
LOAD build/arm_conv_partial_fast_q15.o
LOAD build/arm_conv_partial_fast_q31.o
LOAD build/arm_conv_partial_opt_q15.o
LOAD build/arm_conv_partial_opt_q7.o
LOAD build/arm_conv_partial_q15.o
LOAD build/arm_conv_partial_q31.o
LOAD build/arm_conv_partial_q7.o
LOAD build/arm_conv_q15.o
LOAD build/arm_conv_q31.o
LOAD build/arm_conv_q7.o
LOAD build/arm_correlate_f32.o
LOAD build/arm_correlate_fast_opt_q15.o
LOAD build/arm_correlate_fast_q15.o
LOAD build/arm_correlate_fast_q31.o
LOAD build/arm_correlate_opt_q15.o
LOAD build/arm_correlate_opt_q7.o
LOAD build/arm_correlate_q15.o
LOAD build/arm_correlate_q31.o
LOAD build/arm_correlate_q7.o
LOAD build/arm_fir_decimate_f32.o
LOAD build/arm_fir_decimate_fast_q15.o
LOAD build/arm_fir_decimate_fast_q31.o
LOAD build/arm_fir_decimate_init_f32.o
LOAD build/arm_fir_decimate_init_q15.o
LOAD build/arm_fir_decimate_init_q31.o
LOAD build/arm_fir_decimate_q15.o
LOAD build/arm_fir_decimate_q31.o
LOAD build/arm_fir_f32.o
LOAD build/arm_fir_fast_q15.o
LOAD build/arm_fir_fast_q31.o
LOAD build/arm_fir_init_f32.o
LOAD build/arm_fir_init_q15.o
LOAD build/arm_fir_init_q31.o
LOAD build/arm_fir_init_q7.o
LOAD build/arm_fir_interpolate_f32.o
LOAD build/arm_fir_interpolate_init_f32.o
LOAD build/arm_fir_interpolate_init_q15.o
LOAD build/arm_fir_interpolate_init_q31.o
LOAD build/arm_fir_interpolate_q15.o
LOAD build/arm_fir_interpolate_q31.o
LOAD build/arm_fir_lattice_f32.o
LOAD build/arm_fir_lattice_init_f32.o
LOAD build/arm_fir_lattice_init_q15.o
LOAD build/arm_fir_lattice_init_q31.o
LOAD build/arm_fir_lattice_q15.o
LOAD build/arm_fir_lattice_q31.o
LOAD build/arm_fir_q15.o
LOAD build/arm_fir_q31.o
LOAD build/arm_fir_q7.o
LOAD build/arm_fir_sparse_f32.o
LOAD build/arm_fir_sparse_init_f32.o
LOAD build/arm_fir_sparse_init_q15.o
LOAD build/arm_fir_sparse_init_q31.o
LOAD build/arm_fir_sparse_init_q7.o
LOAD build/arm_fir_sparse_q15.o
LOAD build/arm_fir_sparse_q31.o
LOAD build/arm_fir_sparse_q7.o
LOAD build/arm_iir_lattice_f32.o
LOAD build/arm_iir_lattice_init_f32.o
LOAD build/arm_iir_lattice_init_q15.o
LOAD build/arm_iir_lattice_init_q31.o
LOAD build/arm_iir_lattice_q15.o
LOAD build/arm_iir_lattice_q31.o
LOAD build/arm_lms_f32.o
LOAD build/arm_lms_init_f32.o
LOAD build/arm_lms_init_q15.o
LOAD build/arm_lms_init_q31.o
LOAD build/arm_lms_norm_f32.o
LOAD build/arm_lms_norm_init_f32.o
LOAD build/arm_lms_norm_init_q15.o
LOAD build/arm_lms_norm_init_q31.o
LOAD build/arm_lms_norm_q15.o
LOAD build/arm_lms_norm_q31.o
LOAD build/arm_lms_q15.o
LOAD build/arm_lms_q31.o
LOAD build/arm_mat_add_f32.o
LOAD build/arm_mat_add_q15.o
LOAD build/arm_mat_add_q31.o
LOAD build/arm_mat_cmplx_mult_f32.o
LOAD build/arm_mat_cmplx_mult_q15.o
LOAD build/arm_mat_cmplx_mult_q31.o
LOAD build/arm_mat_init_f32.o
LOAD build/arm_mat_init_q15.o
LOAD build/arm_mat_init_q31.o
LOAD build/arm_mat_inverse_f32.o
LOAD build/arm_mat_inverse_f64.o
LOAD build/arm_mat_mult_f32.o
LOAD build/arm_mat_mult_fast_q15.o
LOAD build/arm_mat_mult_fast_q31.o
LOAD build/arm_mat_mult_q15.o
LOAD build/arm_mat_mult_q31.o
LOAD build/arm_mat_scale_f32.o
LOAD build/arm_mat_scale_q15.o
LOAD build/arm_mat_scale_q31.o
LOAD build/arm_mat_sub_f32.o
LOAD build/arm_mat_sub_q15.o
LOAD build/arm_mat_sub_q31.o
LOAD build/arm_mat_trans_f32.o
LOAD build/arm_mat_trans_q15.o
LOAD build/arm_mat_trans_q31.o
LOAD build/arm_max_f32.o
LOAD build/arm_max_q15.o
LOAD build/arm_max_q31.o
LOAD build/arm_max_q7.o
LOAD build/arm_mean_f32.o
LOAD build/arm_mean_q15.o
LOAD build/arm_mean_q31.o
LOAD build/arm_mean_q7.o
LOAD build/arm_min_f32.o
LOAD build/arm_min_q15.o
LOAD build/arm_min_q31.o
LOAD build/arm_min_q7.o
LOAD build/arm_power_f32.o
LOAD build/arm_power_q15.o
LOAD build/arm_power_q31.o
LOAD build/arm_power_q7.o
LOAD build/arm_rms_f32.o
LOAD build/arm_rms_q15.o
LOAD build/arm_rms_q31.o
LOAD build/arm_std_f32.o
LOAD build/arm_std_q15.o
LOAD build/arm_std_q31.o
LOAD build/arm_var_f32.o
LOAD build/arm_var_q15.o
LOAD build/arm_var_q31.o
LOAD build/arm_copy_f32.o
LOAD build/arm_copy_q15.o
LOAD build/arm_copy_q31.o
LOAD build/arm_copy_q7.o
LOAD build/arm_fill_f32.o
LOAD build/arm_fill_q15.o
LOAD build/arm_fill_q31.o
LOAD build/arm_fill_q7.o
LOAD build/arm_float_to_q15.o
LOAD build/arm_float_to_q31.o
LOAD build/arm_float_to_q7.o
LOAD build/arm_q15_to_float.o
LOAD build/arm_q15_to_q31.o
LOAD build/arm_q15_to_q7.o
LOAD build/arm_q31_to_float.o
LOAD build/arm_q31_to_q15.o
LOAD build/arm_q31_to_q7.o
LOAD build/arm_q7_to_float.o
LOAD build/arm_q7_to_q15.o
LOAD build/arm_q7_to_q31.o
LOAD build/arm_bitreversal.o
LOAD build/arm_cfft_f32.o
LOAD build/arm_cfft_q15.o
LOAD build/arm_cfft_q31.o
LOAD build/arm_cfft_radix2_f32.o
LOAD build/arm_cfft_radix2_init_f32.o
LOAD build/arm_cfft_radix2_init_q15.o
LOAD build/arm_cfft_radix2_init_q31.o
LOAD build/arm_cfft_radix2_q15.o
LOAD build/arm_cfft_radix2_q31.o
LOAD build/arm_cfft_radix4_f32.o
LOAD build/arm_cfft_radix4_init_f32.o
LOAD build/arm_cfft_radix4_init_q15.o
LOAD build/arm_cfft_radix4_init_q31.o
LOAD build/arm_cfft_radix4_q15.o
LOAD build/arm_cfft_radix4_q31.o
LOAD build/arm_cfft_radix8_f32.o
LOAD build/arm_dct4_f32.o
LOAD build/arm_dct4_init_f32.o
LOAD build/arm_dct4_init_q15.o
LOAD build/arm_dct4_init_q31.o
LOAD build/arm_dct4_q15.o
LOAD build/arm_dct4_q31.o
LOAD build/arm_rfft_f32.o
LOAD build/arm_rfft_fast_f32.o
LOAD build/arm_rfft_fast_init_f32.o
LOAD build/arm_rfft_init_f32.o
LOAD build/arm_rfft_init_q15.o
LOAD build/arm_rfft_init_q31.o
LOAD build/arm_rfft_q15.o
LOAD build/arm_rfft_q31.o
LOAD build/ActiveObject.o
LOAD build/Estimator.o
LOAD build/startup_stm32f103xb.o
LOAD C:/ARM GNU Toolchain/bin/../lib/gcc/arm-none-eabi/13.3.1/thumb/v7-m/nofp\libc_nano.a
LOAD C:/ARM GNU Toolchain/bin/../lib/gcc/arm-none-eabi/13.3.1/thumb/v7-m/nofp\libm.a
LOAD C:/ARM GNU Toolchain/bin/../lib/gcc/arm-none-eabi/13.3.1/thumb/v7-m/nofp\libnosys.a
START GROUP
LOAD C:/ARM GNU Toolchain/bin/../lib/gcc/arm-none-eabi/13.3.1/thumb/v7-m/nofp\libgcc.a
LOAD C:/ARM GNU Toolchain/bin/../lib/gcc/arm-none-eabi/13.3.1/thumb/v7-m/nofp\libc_nano.a
END GROUP
START GROUP
LOAD C:/ARM GNU Toolchain/bin/../lib/gcc/arm-none-eabi/13.3.1/thumb/v7-m/nofp\libgcc.a
LOAD C:/ARM GNU Toolchain/bin/../lib/gcc/arm-none-eabi/13.3.1/thumb/v7-m/nofp\libc_nano.a
END GROUP
LOAD C:/ARM GNU Toolchain/bin/../lib/gcc/arm-none-eabi/13.3.1/thumb/v7-m/nofp/crtend.o
LOAD C:/ARM GNU Toolchain/bin/../lib/gcc/arm-none-eabi/13.3.1/thumb/v7-m/nofp/crtn.o
                0x20005000                        _estack = (ORIGIN (RAM) + LENGTH (RAM))
                0x00000200                        _Min_Heap_Size = 0x200
                0x00000400                        _Min_Stack_Size = 0x400

.isr_vector     0x08000000      0x10c
                0x08000000                        . = ALIGN (0x4)
 *(.isr_vector)
 .isr_vector    0x08000000      0x10c build/startup_stm32f103xb.o
                0x08000000                g_pfnVectors
                0x0800010c                        . = ALIGN (0x4)

.text           0x08000110     0x4db8
                0x08000110                        . = ALIGN (0x4)
 *(.text)
 .text          0x08000110       0x10 C:/ARM GNU Toolchain/bin/../lib/gcc/arm-none-eabi/13.3.1/thumb/v7-m/nofp\libc_nano.a(libc_a-strlen.o)
                0x08000110                strlen
 .text          0x08000120      0x378 C:/ARM GNU Toolchain/bin/../lib/gcc/arm-none-eabi/13.3.1/thumb/v7-m/nofp\libgcc.a(_arm_addsubdf3.o)
                0x08000120                __aeabi_drsub
                0x08000128                __aeabi_dsub
                0x08000128                __subdf3
                0x0800012c                __aeabi_dadd
                0x0800012c                __adddf3
                0x080003a4                __floatunsidf
                0x080003a4                __aeabi_ui2d
                0x080003c4                __floatsidf
                0x080003c4                __aeabi_i2d
                0x080003e8                __aeabi_f2d
                0x080003e8                __extendsfdf2
                0x0800042c                __floatundidf
                0x0800042c                __aeabi_ul2d
                0x0800043c                __floatdidf
                0x0800043c                __aeabi_l2d
 .text          0x08000498      0x424 C:/ARM GNU Toolchain/bin/../lib/gcc/arm-none-eabi/13.3.1/thumb/v7-m/nofp\libgcc.a(_arm_muldivdf3.o)
                0x08000498                __aeabi_dmul
                0x08000498                __muldf3
                0x080006ec                __divdf3
                0x080006ec                __aeabi_ddiv
 .text          0x080008bc      0x110 C:/ARM GNU Toolchain/bin/../lib/gcc/arm-none-eabi/13.3.1/thumb/v7-m/nofp\libgcc.a(_arm_cmpdf2.o)
                0x080008bc                __gtdf2
                0x080008bc                __gedf2
                0x080008c4                __ltdf2
                0x080008c4                __ledf2
                0x080008cc                __nedf2
                0x080008cc                __eqdf2
                0x080008cc                __cmpdf2
                0x08000948                __aeabi_cdrcmple
                0x08000958                __aeabi_cdcmpeq
                0x08000958                __aeabi_cdcmple
                0x08000968                __aeabi_dcmpeq
                0x0800097c                __aeabi_dcmplt
                0x08000990                __aeabi_dcmple
                0x080009a4                __aeabi_dcmpge
                0x080009b8                __aeabi_dcmpgt
 .text          0x080009cc       0x50 C:/ARM GNU Toolchain/bin/../lib/gcc/arm-none-eabi/13.3.1/thumb/v7-m/nofp\libgcc.a(_arm_fixdfsi.o)
                0x080009cc                __aeabi_d2iz
                0x080009cc                __fixdfsi
 .text          0x08000a1c       0x40 C:/ARM GNU Toolchain/bin/../lib/gcc/arm-none-eabi/13.3.1/thumb/v7-m/nofp\libgcc.a(_arm_fixunsdfsi.o)
                0x08000a1c                __aeabi_d2uiz
                0x08000a1c                __fixunsdfsi
 .text          0x08000a5c       0xa0 C:/ARM GNU Toolchain/bin/../lib/gcc/arm-none-eabi/13.3.1/thumb/v7-m/nofp\libgcc.a(_arm_truncdfsf2.o)
                0x08000a5c                __truncdfsf2
                0x08000a5c                __aeabi_d2f
 .text          0x08000afc      0x21c C:/ARM GNU Toolchain/bin/../lib/gcc/arm-none-eabi/13.3.1/thumb/v7-m/nofp\libgcc.a(_arm_addsubsf3.o)
                0x08000afc                __aeabi_frsub
                0x08000b04                __subsf3
                0x08000b04                __aeabi_fsub
                0x08000b08                __aeabi_fadd
                0x08000b08                __addsf3
                0x08000c68                __aeabi_ui2f
                0x08000c68                __floatunsisf
                0x08000c70                __aeabi_i2f
                0x08000c70                __floatsisf
                0x08000c8c                __aeabi_ul2f
                0x08000c8c                __floatundisf
                0x08000c9c                __aeabi_l2f
                0x08000c9c                __floatdisf
 .text          0x08000d18      0x2a0 C:/ARM GNU Toolchain/bin/../lib/gcc/arm-none-eabi/13.3.1/thumb/v7-m/nofp\libgcc.a(_arm_muldivsf3.o)
                0x08000d18                __mulsf3
                0x08000d18                __aeabi_fmul
                0x08000e80                __aeabi_fdiv
                0x08000e80                __divsf3
 .text          0x08000fb8       0xec C:/ARM GNU Toolchain/bin/../lib/gcc/arm-none-eabi/13.3.1/thumb/v7-m/nofp\libgcc.a(_arm_cmpsf2.o)
                0x08000fb8                __gesf2
                0x08000fb8                __gtsf2
                0x08000fc0                __lesf2
                0x08000fc0                __ltsf2
                0x08000fc8                __nesf2
                0x08000fc8                __eqsf2
                0x08000fc8                __cmpsf2
                0x08001028                __aeabi_cfrcmple
                0x08001030                __aeabi_cfcmpeq
                0x08001030                __aeabi_cfcmple
                0x08001040                __aeabi_fcmpeq
                0x08001054                __aeabi_fcmplt
                0x08001068                __aeabi_fcmple
                0x0800107c                __aeabi_fcmpge
                0x08001090                __aeabi_fcmpgt
 .text          0x080010a4       0x30 C:/ARM GNU Toolchain/bin/../lib/gcc/arm-none-eabi/13.3.1/thumb/v7-m/nofp\libgcc.a(_aeabi_uldivmod.o)
                0x080010a4                __aeabi_uldivmod
 .text          0x080010d4        0x4 C:/ARM GNU Toolchain/bin/../lib/gcc/arm-none-eabi/13.3.1/thumb/v7-m/nofp\libgcc.a(_dvmd_tls.o)
                0x080010d4                __aeabi_idiv0
                0x080010d4                __aeabi_ldiv0
 *(.text*)
 .text.deregister_tm_clones
                0x080010d8       0x1c C:/ARM GNU Toolchain/bin/../lib/gcc/arm-none-eabi/13.3.1/thumb/v7-m/nofp/crtbegin.o
 .text.register_tm_clones
                0x080010f4       0x24 C:/ARM GNU Toolchain/bin/../lib/gcc/arm-none-eabi/13.3.1/thumb/v7-m/nofp/crtbegin.o
 .text.__do_global_dtors_aux
                0x08001118       0x28 C:/ARM GNU Toolchain/bin/../lib/gcc/arm-none-eabi/13.3.1/thumb/v7-m/nofp/crtbegin.o
 .text.frame_dummy
                0x08001140       0x24 C:/ARM GNU Toolchain/bin/../lib/gcc/arm-none-eabi/13.3.1/thumb/v7-m/nofp/crtbegin.o
 .text.CommunicationTask
                0x08001164       0x60 build/main.o
                0x08001164                CommunicationTask
 .text.main     0x080011c4       0x9c build/main.o
                0x080011c4                main
 .text.PID_Vel  0x08001260      0x168 build/main.o
                0x08001260                PID_Vel
 .text.MainTask
                0x080013c8       0xd4 build/main.o
                0x080013c8                MainTask
 .text._out_buffer
                0x0800149c        0x8 build/printf.o
 .text._out_null
                0x080014a4        0x2 build/printf.o
 .text._atoi    0x080014a6       0x26 build/printf.o
 .text._out_rev
                0x080014cc       0x7e build/printf.o
 .text._ntoa_format
                0x0800154a      0x136 build/printf.o
 .text._ntoa_long
                0x08001680       0x94 build/printf.o
 .text._ntoa_long_long
                0x08001714       0xc2 build/printf.o
 *fill*         0x080017d6        0x2 
 .text._etoa    0x080017d8      0x3dc build/printf.o
 *fill*         0x08001bb4        0x4 
 .text._ftoa    0x08001bb8      0x380 build/printf.o
 .text._vsnprintf
                0x08001f38      0x6cc build/printf.o
 .text.sprintf_
                0x08002604       0x2c build/printf.o
                0x08002604                sprintf_
 .text.HAL_MspInit
                0x08002630       0x44 build/stm32f1xx_hal_msp.o
                0x08002630                HAL_MspInit
 .text.NMI_Handler
                0x08002674        0x2 build/stm32f1xx_it.o
                0x08002674                NMI_Handler
 .text.HardFault_Handler
                0x08002676        0x2 build/stm32f1xx_it.o
                0x08002676                HardFault_Handler
 .text.MemManage_Handler
                0x08002678        0x2 build/stm32f1xx_it.o
                0x08002678                MemManage_Handler
 .text.BusFault_Handler
                0x0800267a        0x2 build/stm32f1xx_it.o
                0x0800267a                BusFault_Handler
 .text.UsageFault_Handler
                0x0800267c        0x2 build/stm32f1xx_it.o
                0x0800267c                UsageFault_Handler
 .text.DebugMon_Handler
                0x0800267e        0x2 build/stm32f1xx_it.o
                0x0800267e                DebugMon_Handler
 .text.SystemInit
                0x08002680        0x2 build/system_stm32f1xx.o
                0x08002680                SystemInit
 *fill*         0x08002682        0x2 
 .text.HAL_InitTick
                0x08002684       0x4c build/stm32f1xx_hal.o
                0x08002684                HAL_InitTick
 .text.HAL_Init
                0x080026d0       0x24 build/stm32f1xx_hal.o
                0x080026d0                HAL_Init
 .text.HAL_GetTick
                0x080026f4        0xc build/stm32f1xx_hal.o
                0x080026f4                HAL_GetTick
 .text.__NVIC_SetPriority
                0x08002700       0x28 build/stm32f1xx_hal_cortex.o
 .text.NVIC_EncodePriority
                0x08002728       0x3e build/stm32f1xx_hal_cortex.o
 *fill*         0x08002766        0x2 
 .text.HAL_NVIC_SetPriorityGrouping
                0x08002768       0x24 build/stm32f1xx_hal_cortex.o
                0x08002768                HAL_NVIC_SetPriorityGrouping
 .text.HAL_NVIC_SetPriority
                0x0800278c       0x20 build/stm32f1xx_hal_cortex.o
                0x0800278c                HAL_NVIC_SetPriority
 .text.HAL_SYSTICK_Config
                0x080027ac       0x28 build/stm32f1xx_hal_cortex.o
                0x080027ac                HAL_SYSTICK_Config
 .text.HAL_GPIO_Init
                0x080027d4      0x21c build/stm32f1xx_hal_gpio.o
                0x080027d4                HAL_GPIO_Init
 .text.HAL_GPIO_WritePin
                0x080029f0        0xc build/stm32f1xx_hal_gpio.o
                0x080029f0                HAL_GPIO_WritePin
 .text.RCC_Delay
                0x080029fc       0x2c build/stm32f1xx_hal_rcc.o
 .text.HAL_RCC_OscConfig
                0x08002a28      0x410 build/stm32f1xx_hal_rcc.o
                0x08002a28                HAL_RCC_OscConfig
 .text.HAL_RCC_GetSysClockFreq
                0x08002e38       0x54 build/stm32f1xx_hal_rcc.o
                0x08002e38                HAL_RCC_GetSysClockFreq
 .text.HAL_RCC_ClockConfig
                0x08002e8c      0x16c build/stm32f1xx_hal_rcc.o
                0x08002e8c                HAL_RCC_ClockConfig
 .text.HAL_RCC_GetHCLKFreq
                0x08002ff8        0xc build/stm32f1xx_hal_rcc.o
                0x08002ff8                HAL_RCC_GetHCLKFreq
 .text.HAL_RCC_GetPCLK1Freq
                0x08003004       0x20 build/stm32f1xx_hal_rcc.o
                0x08003004                HAL_RCC_GetPCLK1Freq
 .text.HAL_RCC_GetPCLK2Freq
                0x08003024       0x20 build/stm32f1xx_hal_rcc.o
                0x08003024                HAL_RCC_GetPCLK2Freq
 .text.UART_EndRxTransfer
                0x08003044       0x5c build/stm32f1xx_hal_uart.o
 .text.UART_SetConfig
                0x080030a0       0x94 build/stm32f1xx_hal_uart.o
 .text.UART_WaitOnFlagUntilTimeout
                0x08003134       0x86 build/stm32f1xx_hal_uart.o
 .text.HAL_UART_MspInit
                0x080031ba        0x2 build/stm32f1xx_hal_uart.o
                0x080031ba                HAL_UART_MspInit
 .text.HAL_UART_Init
                0x080031bc       0x60 build/stm32f1xx_hal_uart.o
                0x080031bc                HAL_UART_Init
 .text.HAL_UART_Transmit
                0x0800321c       0xcc build/stm32f1xx_hal_uart.o
                0x0800321c                HAL_UART_Transmit
 .text.vListInitialise
                0x080032e8       0x16 build/list.o
                0x080032e8                vListInitialise
 .text.vListInitialiseItem
                0x080032fe        0x6 build/list.o
                0x080032fe                vListInitialiseItem
 .text.vListInsert
                0x08003304       0x32 build/list.o
                0x08003304                vListInsert
 .text.uxListRemove
                0x08003336       0x26 build/list.o
                0x08003336                uxListRemove
 .text.prvIsQueueFull
                0x0800335c       0x1e build/queue.o
 .text.prvIsQueueEmpty
                0x0800337a       0x1a build/queue.o
 .text.prvCopyDataToQueue
                0x08003394       0x58 build/queue.o
 .text.prvCopyDataFromQueue
                0x080033ec       0x24 build/queue.o
 .text.prvUnlockQueue
                0x08003410       0x6e build/queue.o
 .text.xQueueGenericReset
                0x0800347e       0xaa build/queue.o
                0x0800347e                xQueueGenericReset
 .text.prvInitialiseNewQueue
                0x08003528       0x1c build/queue.o
 .text.xQueueGenericCreate
                0x08003544       0x56 build/queue.o
                0x08003544                xQueueGenericCreate
 .text.xQueueGenericSend
                0x0800359a      0x16c build/queue.o
                0x0800359a                xQueueGenericSend
 .text.xQueueReceive
                0x08003706      0x140 build/queue.o
                0x08003706                xQueueReceive
 .text.xQueueSemaphoreTake
                0x08003846      0x130 build/queue.o
                0x08003846                xQueueSemaphoreTake
 *fill*         0x08003976        0x2 
 .text.prvResetNextTaskUnblockTime
                0x08003978       0x28 build/tasks.o
 .text.prvDeleteTCB
                0x080039a0       0x12 build/tasks.o
 .text.prvInitialiseNewTask
                0x080039b2       0x82 build/tasks.o
 .text.prvInitialiseTaskLists
                0x08003a34       0x68 build/tasks.o
 .text.prvAddNewTaskToReadyList
                0x08003a9c       0xc4 build/tasks.o
 .text.prvCheckTasksWaitingTermination
                0x08003b60       0x4c build/tasks.o
 .text.prvIdleTask
                0x08003bac       0x28 build/tasks.o
 .text.prvAddCurrentTaskToDelayedList
                0x08003bd4       0xb0 build/tasks.o
 .text.xTaskCreate
                0x08003c84       0x68 build/tasks.o
                0x08003c84                xTaskCreate
 .text.vTaskStartScheduler
                0x08003cec       0x84 build/tasks.o
                0x08003cec                vTaskStartScheduler
 .text.vTaskSuspendAll
                0x08003d70       0x10 build/tasks.o
                0x08003d70                vTaskSuspendAll
 .text.xTaskIncrementTick
                0x08003d80      0x178 build/tasks.o
                0x08003d80                xTaskIncrementTick
 .text.xTaskResumeAll
                0x08003ef8      0x14c build/tasks.o
                0x08003ef8                xTaskResumeAll
 .text.vTaskDelay
                0x08004044       0x4c build/tasks.o
                0x08004044                vTaskDelay
 .text.vTaskSwitchContext
                0x08004090       0x98 build/tasks.o
                0x08004090                vTaskSwitchContext
 .text.vTaskPlaceOnEventList
                0x08004128       0x30 build/tasks.o
                0x08004128                vTaskPlaceOnEventList
 .text.xTaskRemoveFromEventList
                0x08004158       0xf0 build/tasks.o
                0x08004158                xTaskRemoveFromEventList
 .text.vTaskInternalSetTimeOutState
                0x08004248       0x18 build/tasks.o
                0x08004248                vTaskInternalSetTimeOutState
 .text.xTaskCheckForTimeOut
                0x08004260       0x88 build/tasks.o
                0x08004260                xTaskCheckForTimeOut
 .text.vTaskMissedYield
                0x080042e8        0xc build/tasks.o
                0x080042e8                vTaskMissedYield
 .text.prvTaskExitError
                0x080042f4       0x40 build/port.o
 .text.prvPortStartFirstTask
                0x08004334       0x20 build/port.o
 .text.pxPortInitialiseStack
                0x08004354       0x24 build/port.o
                0x08004354                pxPortInitialiseStack
 *fill*         0x08004378        0x8 
 .text.SVC_Handler
                0x08004380       0x24 build/port.o
                0x08004380                SVC_Handler
 .text.vPortEnterCritical
                0x080043a4       0x44 build/port.o
                0x080043a4                vPortEnterCritical
 .text.vPortExitCritical
                0x080043e8       0x2c build/port.o
                0x080043e8                vPortExitCritical
 *fill*         0x08004414        0xc 
 .text.PendSV_Handler
                0x08004420       0x44 build/port.o
                0x08004420                PendSV_Handler
 .text.SysTick_Handler
                0x08004464       0x2c build/port.o
                0x08004464                SysTick_Handler
 .text.vPortSetupTimerInterrupt
                0x08004490       0x28 build/port.o
                0x08004490                vPortSetupTimerInterrupt
 .text.xPortStartScheduler
                0x080044b8       0xc0 build/port.o
                0x080044b8                xPortStartScheduler
 .text.prvHeapInit
                0x08004578       0x58 build/heap_4.o
 .text.prvInsertBlockIntoFreeList
                0x080045d0       0x60 build/heap_4.o
 .text.pvPortMalloc
                0x08004630       0xf4 build/heap_4.o
                0x08004630                pvPortMalloc
 .text.vPortFree
                0x08004724       0x74 build/heap_4.o
                0x08004724                vPortFree
 .text.MX_GPIO_Init
                0x08004798       0xc4 build/SysConfig.o
                0x08004798                MX_GPIO_Init
 .text.Error_Handler
                0x0800485c        0x4 build/SysConfig.o
                0x0800485c                Error_Handler
 .text.SystemClock_Config
                0x08004860       0x64 build/SysConfig.o
                0x08004860                SystemClock_Config
 .text.TIM4_IRQHandler
                0x080048c4       0x40 build/timer.o
                0x080048c4                TIM4_IRQHandler
 .text.Encoder_Init
                0x08004904       0xac build/timer.o
                0x08004904                Encoder_Init
 .text.PWM_init
                0x080049b0       0x78 build/timer.o
                0x080049b0                PWM_init
 .text.SendString
                0x08004a28       0x1c build/usart.o
                0x08004a28                SendString
 .text.USART1_Init
                0x08004a44       0x90 build/usart.o
                0x08004a44                USART1_Init
 .text.Reset_Handler
                0x08004ad4       0x48 build/startup_stm32f103xb.o
                0x08004ad4                Reset_Handler
 .text.Default_Handler
                0x08004b1c        0x2 build/startup_stm32f103xb.o
                0x08004b1c                RTC_Alarm_IRQHandler
                0x08004b1c                EXTI2_IRQHandler
                0x08004b1c                TIM1_CC_IRQHandler
                0x08004b1c                PVD_IRQHandler
                0x08004b1c                EXTI3_IRQHandler
                0x08004b1c                EXTI0_IRQHandler
                0x08004b1c                I2C2_EV_IRQHandler
                0x08004b1c                ADC1_2_IRQHandler
                0x08004b1c                SPI1_IRQHandler
                0x08004b1c                TAMPER_IRQHandler
                0x08004b1c                DMA1_Channel4_IRQHandler
                0x08004b1c                USART3_IRQHandler
                0x08004b1c                RTC_IRQHandler
                0x08004b1c                DMA1_Channel7_IRQHandler
                0x08004b1c                CAN1_RX1_IRQHandler
                0x08004b1c                I2C1_EV_IRQHandler
                0x08004b1c                DMA1_Channel6_IRQHandler
                0x08004b1c                TIM3_IRQHandler
                0x08004b1c                RCC_IRQHandler
                0x08004b1c                TIM1_TRG_COM_IRQHandler
                0x08004b1c                DMA1_Channel1_IRQHandler
                0x08004b1c                Default_Handler
                0x08004b1c                EXTI15_10_IRQHandler
                0x08004b1c                EXTI9_5_IRQHandler
                0x08004b1c                SPI2_IRQHandler
                0x08004b1c                DMA1_Channel5_IRQHandler
                0x08004b1c                EXTI4_IRQHandler
                0x08004b1c                USB_LP_CAN1_RX0_IRQHandler
                0x08004b1c                USB_HP_CAN1_TX_IRQHandler
                0x08004b1c                DMA1_Channel3_IRQHandler
                0x08004b1c                TIM1_UP_IRQHandler
                0x08004b1c                WWDG_IRQHandler
                0x08004b1c                TIM2_IRQHandler
                0x08004b1c                TIM1_BRK_IRQHandler
                0x08004b1c                EXTI1_IRQHandler
                0x08004b1c                USART2_IRQHandler
                0x08004b1c                I2C2_ER_IRQHandler
                0x08004b1c                DMA1_Channel2_IRQHandler
                0x08004b1c                CAN1_SCE_IRQHandler
                0x08004b1c                FLASH_IRQHandler
                0x08004b1c                USART1_IRQHandler
                0x08004b1c                I2C1_ER_IRQHandler
                0x08004b1c                USBWakeUp_IRQHandler
 .text.memset   0x08004b1e       0x10 C:/ARM GNU Toolchain/bin/../lib/gcc/arm-none-eabi/13.3.1/thumb/v7-m/nofp\libc_nano.a(libc_a-memset.o)
                0x08004b1e                memset
 *fill*         0x08004b2e        0x2 
 .text.__libc_init_array
                0x08004b30       0x48 C:/ARM GNU Toolchain/bin/../lib/gcc/arm-none-eabi/13.3.1/thumb/v7-m/nofp\libc_nano.a(libc_a-init.o)
                0x08004b30                __libc_init_array
 .text.memcpy   0x08004b78       0x1c C:/ARM GNU Toolchain/bin/../lib/gcc/arm-none-eabi/13.3.1/thumb/v7-m/nofp\libc_nano.a(libc_a-memcpy-stub.o)
                0x08004b78                memcpy
 .text.__fixsfdi
                0x08004b94       0x28 C:/ARM GNU Toolchain/bin/../lib/gcc/arm-none-eabi/13.3.1/thumb/v7-m/nofp\libgcc.a(_fixsfdi.o)
                0x08004b94                __fixsfdi
                0x08004b94                __aeabi_f2lz
 .text.__fixunssfdi
                0x08004bbc       0x40 C:/ARM GNU Toolchain/bin/../lib/gcc/arm-none-eabi/13.3.1/thumb/v7-m/nofp\libgcc.a(_fixunssfdi.o)
                0x08004bbc                __fixunssfdi
                0x08004bbc                __aeabi_f2ulz
 .text.__udivmoddi4
                0x08004bfc      0x2b4 C:/ARM GNU Toolchain/bin/../lib/gcc/arm-none-eabi/13.3.1/thumb/v7-m/nofp\libgcc.a(_udivmoddi4.o)
                0x08004bfc                __udivmoddi4
 *(.glue_7)
 .glue_7        0x08004eb0        0x0 linker stubs
 *(.glue_7t)
 .glue_7t       0x08004eb0        0x0 linker stubs
 *(.eh_frame)
 .eh_frame      0x08004eb0        0x0 C:/ARM GNU Toolchain/bin/../lib/gcc/arm-none-eabi/13.3.1/thumb/v7-m/nofp/crtbegin.o
 *(.init)
 .init          0x08004eb0        0x4 C:/ARM GNU Toolchain/bin/../lib/gcc/arm-none-eabi/13.3.1/thumb/v7-m/nofp/crti.o
                0x08004eb0                _init
 .init          0x08004eb4        0x8 C:/ARM GNU Toolchain/bin/../lib/gcc/arm-none-eabi/13.3.1/thumb/v7-m/nofp/crtn.o
 *(.fini)
 .fini          0x08004ebc        0x4 C:/ARM GNU Toolchain/bin/../lib/gcc/arm-none-eabi/13.3.1/thumb/v7-m/nofp/crti.o
                0x08004ebc                _fini
 .fini          0x08004ec0        0x8 C:/ARM GNU Toolchain/bin/../lib/gcc/arm-none-eabi/13.3.1/thumb/v7-m/nofp/crtn.o
                0x08004ec8                        . = ALIGN (0x4)
                0x08004ec8                        _etext = .

.vfp11_veneer   0x08004ec8        0x0
 .vfp11_veneer  0x08004ec8        0x0 linker stubs

.v4_bx          0x08004ec8        0x0
 .v4_bx         0x08004ec8        0x0 linker stubs

.iplt           0x08004ec8        0x0
 .iplt          0x08004ec8        0x0 C:/ARM GNU Toolchain/bin/../lib/gcc/arm-none-eabi/13.3.1/thumb/v7-m/nofp/crtbegin.o

.rodata         0x08004ec8       0xb0
                0x08004ec8                        . = ALIGN (0x4)
 *(.rodata)
 *(.rodata*)
 .rodata.CommunicationTask.str1.4
                0x08004ec8       0x2d build/main.o
                                  0xd (size before relaxing)
 .rodata._ftoa.str1.4
                0x08004ef5       0x15 build/printf.o
 *fill*         0x08004ef5        0x3 
 .rodata.pow10.0
                0x08004ef8       0x50 build/printf.o
 .rodata.APBPrescTable
                0x08004f48        0x8 build/system_stm32f1xx.o
                0x08004f48                APBPrescTable
 .rodata.AHBPrescTable
                0x08004f50       0x10 build/system_stm32f1xx.o
                0x08004f50                AHBPrescTable
 .rodata.aPredivFactorTable.0
                0x08004f60        0x2 build/stm32f1xx_hal_rcc.o
 *fill*         0x08004f62        0x2 
 .rodata.aPLLMULFactorTable.1
                0x08004f64       0x10 build/stm32f1xx_hal_rcc.o
 .rodata.vTaskStartScheduler.str1.4
                0x08004f74        0x5 build/tasks.o
 .rodata.uxTopUsedPriority
                0x08004f74        0x4 build/tasks.o
                0x08004f74                uxTopUsedPriority
                0x08004f7c                        . = ALIGN (0x4)

.ARM.extab
 *(.ARM.extab* .gnu.linkonce.armextab.*)

.ARM            0x08004f78        0x8
                0x08004f78                        __exidx_start = .
 *(.ARM.exidx*)
 .ARM.exidx     0x08004f78        0x8 C:/ARM GNU Toolchain/bin/../lib/gcc/arm-none-eabi/13.3.1/thumb/v7-m/nofp\libc_nano.a(libc_a-strlen.o)
 .ARM.exidx.text.__udivmoddi4
                0x08004f80        0x0 C:/ARM GNU Toolchain/bin/../lib/gcc/arm-none-eabi/13.3.1/thumb/v7-m/nofp\libgcc.a(_udivmoddi4.o)
                                  0x8 (size before relaxing)
                0x08004f80                        __exidx_end = .

.rel.dyn        0x08004f80        0x0
 .rel.iplt      0x08004f80        0x0 C:/ARM GNU Toolchain/bin/../lib/gcc/arm-none-eabi/13.3.1/thumb/v7-m/nofp/crtbegin.o

.preinit_array  0x08004f80        0x0
                0x08004f80                        PROVIDE (__preinit_array_start = .)
 *(.preinit_array*)
                0x08004f80                        PROVIDE (__preinit_array_end = .)

.init_array     0x08004f80        0x4
                0x08004f80                        PROVIDE (__init_array_start = .)
 *(SORT_BY_NAME(.init_array.*))
 *(.init_array*)
 .init_array    0x08004f80        0x4 C:/ARM GNU Toolchain/bin/../lib/gcc/arm-none-eabi/13.3.1/thumb/v7-m/nofp/crtbegin.o
                0x08004f84                        PROVIDE (__init_array_end = .)

.fini_array     0x08004f84        0x4
                [!provide]                        PROVIDE (__fini_array_start = .)
 *(SORT_BY_NAME(.fini_array.*))
 *(.fini_array*)
 .fini_array    0x08004f84        0x4 C:/ARM GNU Toolchain/bin/../lib/gcc/arm-none-eabi/13.3.1/thumb/v7-m/nofp/crtbegin.o
                [!provide]                        PROVIDE (__fini_array_end = .)
                0x08004f88                        _sidata = LOADADDR (.data)

.data           0x20000000       0x14 load address 0x08004f88
                0x20000000                        . = ALIGN (0x4)
                0x20000000                        _sdata = .
 *(.data)
 *(.data*)
 .data.Ts       0x20000000        0x1 build/main.o
                0x20000000                Ts
 *fill*         0x20000001        0x3 
 .data.SystemCoreClock
                0x20000004        0x4 build/system_stm32f1xx.o
                0x20000004                SystemCoreClock
 .data.uwTickFreq
                0x20000008        0x1 build/stm32f1xx_hal.o
                0x20000008                uwTickFreq
 *fill*         0x20000009        0x3 
 .data.uwTickPrio
                0x2000000c        0x4 build/stm32f1xx_hal.o
                0x2000000c                uwTickPrio
 .data.uxCriticalNesting
                0x20000010        0x4 build/port.o
                0x20000014                        . = ALIGN (0x4)
                0x20000014                        _edata = .

.tm_clone_table
                0x20000014        0x0 load address 0x08004f9c
 .tm_clone_table
                0x20000014        0x0 C:/ARM GNU Toolchain/bin/../lib/gcc/arm-none-eabi/13.3.1/thumb/v7-m/nofp/crtbegin.o
 .tm_clone_table
                0x20000014        0x0 C:/ARM GNU Toolchain/bin/../lib/gcc/arm-none-eabi/13.3.1/thumb/v7-m/nofp/crtend.o

.igot.plt       0x20000014        0x0 load address 0x08004f9c
 .igot.plt      0x20000014        0x0 C:/ARM GNU Toolchain/bin/../lib/gcc/arm-none-eabi/13.3.1/thumb/v7-m/nofp/crtbegin.o
                0x20000014                        . = ALIGN (0x4)

.bss            0x20000014     0x4614 load address 0x08004f9c
                0x20000014                        _sbss = .
                0x20000014                        __bss_start__ = _sbss
 *(.bss)
 *(.bss*)
 .bss.completed.1
                0x20000014        0x1 C:/ARM GNU Toolchain/bin/../lib/gcc/arm-none-eabi/13.3.1/thumb/v7-m/nofp/crtbegin.o
 *fill*         0x20000015        0x3 
 .bss.object.0  0x20000018       0x18 C:/ARM GNU Toolchain/bin/../lib/gcc/arm-none-eabi/13.3.1/thumb/v7-m/nofp/crtbegin.o
 .bss.errorReset.0
                0x20000030        0x4 build/main.o
 .bss.ui.1      0x20000034        0x4 build/main.o
 .bss.up.2      0x20000038        0x4 build/main.o
 .bss.buffer    0x2000003c       0x64 build/main.o
                0x2000003c                buffer
 .bss.Setpoint  0x200000a0        0x4 build/main.o
                0x200000a0                Setpoint
 .bss.CommuniSemaphore
                0x200000a4        0x4 build/main.o
                0x200000a4                CommuniSemaphore
 .bss.CommuniQueue
                0x200000a8        0x4 build/main.o
                0x200000a8                CommuniQueue
 .bss.uwTick    0x200000ac        0x4 build/stm32f1xx_hal.o
                0x200000ac                uwTick
 .bss.uxSchedulerSuspended
                0x200000b0        0x4 build/tasks.o
 .bss.xIdleTaskHandle
                0x200000b4        0x4 build/tasks.o
 .bss.xNextTaskUnblockTime
                0x200000b8        0x4 build/tasks.o
 .bss.uxTaskNumber
                0x200000bc        0x4 build/tasks.o
 .bss.xNumOfOverflows
                0x200000c0        0x4 build/tasks.o
 .bss.xYieldPending
                0x200000c4        0x4 build/tasks.o
 .bss.xPendedTicks
                0x200000c8        0x4 build/tasks.o
 .bss.xSchedulerRunning
                0x200000cc        0x4 build/tasks.o
 .bss.uxTopReadyPriority
                0x200000d0        0x4 build/tasks.o
 .bss.xTickCount
                0x200000d4        0x4 build/tasks.o
 .bss.uxCurrentNumberOfTasks
                0x200000d8        0x4 build/tasks.o
 .bss.xSuspendedTaskList
                0x200000dc       0x14 build/tasks.o
 .bss.uxDeletedTasksWaitingCleanUp
                0x200000f0        0x4 build/tasks.o
 .bss.xTasksWaitingTermination
                0x200000f4       0x14 build/tasks.o
 .bss.xPendingReadyList
                0x20000108       0x14 build/tasks.o
 .bss.pxOverflowDelayedTaskList
                0x2000011c        0x4 build/tasks.o
 .bss.pxDelayedTaskList
                0x20000120        0x4 build/tasks.o
 .bss.xDelayedTaskList2
                0x20000124       0x14 build/tasks.o
 .bss.xDelayedTaskList1
                0x20000138       0x14 build/tasks.o
 .bss.pxReadyTasksLists
                0x2000014c       0x64 build/tasks.o
 .bss.pxCurrentTCB
                0x200001b0        0x4 build/tasks.o
                0x200001b0                pxCurrentTCB
 .bss.ulMaxPRIGROUPValue
                0x200001b4        0x4 build/port.o
 .bss.ucMaxSysCallPriority
                0x200001b8        0x1 build/port.o
 *fill*         0x200001b9        0x3 
 .bss.xNumberOfSuccessfulFrees
                0x200001bc        0x4 build/heap_4.o
 .bss.xNumberOfSuccessfulAllocations
                0x200001c0        0x4 build/heap_4.o
 .bss.xMinimumEverFreeBytesRemaining
                0x200001c4        0x4 build/heap_4.o
 .bss.xFreeBytesRemaining
                0x200001c8        0x4 build/heap_4.o
 .bss.pxEnd     0x200001cc        0x4 build/heap_4.o
 .bss.xStart    0x200001d0        0x8 build/heap_4.o
 .bss.ucHeap    0x200001d8     0x4400 build/heap_4.o
 .bss.delta_encoder
                0x200045d8        0x2 build/timer.o
                0x200045d8                delta_encoder
 .bss.pre_encoder
                0x200045da        0x2 build/timer.o
                0x200045da                pre_encoder
 .bss.encoder   0x200045dc        0x2 build/timer.o
                0x200045dc                encoder
 *fill*         0x200045de        0x2 
 .bss.huart1    0x200045e0       0x48 build/usart.o
                0x200045e0                huart1
 *(COMMON)
                0x20004628                        . = ALIGN (0x4)
                0x20004628                        _ebss = .
                0x20004628                        __bss_end__ = _ebss

._user_heap_stack
                0x20004628      0x600 load address 0x08004f9c
                0x20004628                        . = ALIGN (0x8)
                [!provide]                        PROVIDE (end = .)
                0x20004628                        PROVIDE (_end = .)
                0x20004828                        . = (. + _Min_Heap_Size)
 *fill*         0x20004628      0x200 
                0x20004c28                        . = (. + _Min_Stack_Size)
 *fill*         0x20004828      0x400 
                0x20004c28                        . = ALIGN (0x8)

/DISCARD/
 libc.a(*)
 libm.a(*)
 libgcc.a(*)

.ARM.attributes
                0x00000000       0x29
 *(.ARM.attributes)
 .ARM.attributes
                0x00000000       0x1d C:/ARM GNU Toolchain/bin/../lib/gcc/arm-none-eabi/13.3.1/thumb/v7-m/nofp/crti.o
 .ARM.attributes
                0x0000001d       0x2d C:/ARM GNU Toolchain/bin/../lib/gcc/arm-none-eabi/13.3.1/thumb/v7-m/nofp/crtbegin.o
 .ARM.attributes
                0x0000004a       0x2d build/main.o
 .ARM.attributes
                0x00000077       0x2d build/printf.o
 .ARM.attributes
                0x000000a4       0x2d build/stm32f1xx_hal_msp.o
 .ARM.attributes
                0x000000d1       0x2d build/stm32f1xx_it.o
 .ARM.attributes
                0x000000fe       0x2d build/system_stm32f1xx.o
 .ARM.attributes
                0x0000012b       0x2d build/stm32f1xx_hal.o
 .ARM.attributes
                0x00000158       0x2d build/stm32f1xx_hal_cortex.o
 .ARM.attributes
                0x00000185       0x2d build/stm32f1xx_hal_gpio.o
 .ARM.attributes
                0x000001b2       0x2d build/stm32f1xx_hal_rcc.o
 .ARM.attributes
                0x000001df       0x2d build/stm32f1xx_hal_uart.o
 .ARM.attributes
                0x0000020c       0x2d build/list.o
 .ARM.attributes
                0x00000239       0x2d build/queue.o
 .ARM.attributes
                0x00000266       0x2d build/tasks.o
 .ARM.attributes
                0x00000293       0x2d build/port.o
 .ARM.attributes
                0x000002c0       0x2d build/heap_4.o
 .ARM.attributes
                0x000002ed       0x2d build/SysConfig.o
 .ARM.attributes
                0x0000031a       0x2d build/timer.o
 .ARM.attributes
                0x00000347       0x2d build/usart.o
 .ARM.attributes
                0x00000374       0x21 build/startup_stm32f103xb.o
 .ARM.attributes
                0x00000395       0x2d C:/ARM GNU Toolchain/bin/../lib/gcc/arm-none-eabi/13.3.1/thumb/v7-m/nofp\libc_nano.a(libc_a-memset.o)
 .ARM.attributes
                0x000003c2       0x2d C:/ARM GNU Toolchain/bin/../lib/gcc/arm-none-eabi/13.3.1/thumb/v7-m/nofp\libc_nano.a(libc_a-init.o)
 .ARM.attributes
                0x000003ef       0x2d C:/ARM GNU Toolchain/bin/../lib/gcc/arm-none-eabi/13.3.1/thumb/v7-m/nofp\libc_nano.a(libc_a-memcpy-stub.o)
 .ARM.attributes
                0x0000041c       0x17 C:/ARM GNU Toolchain/bin/../lib/gcc/arm-none-eabi/13.3.1/thumb/v7-m/nofp\libc_nano.a(libc_a-strlen.o)
 .ARM.attributes
                0x00000433       0x1d C:/ARM GNU Toolchain/bin/../lib/gcc/arm-none-eabi/13.3.1/thumb/v7-m/nofp\libgcc.a(_arm_addsubdf3.o)
 .ARM.attributes
                0x00000450       0x1d C:/ARM GNU Toolchain/bin/../lib/gcc/arm-none-eabi/13.3.1/thumb/v7-m/nofp\libgcc.a(_arm_muldivdf3.o)
 .ARM.attributes
                0x0000046d       0x1d C:/ARM GNU Toolchain/bin/../lib/gcc/arm-none-eabi/13.3.1/thumb/v7-m/nofp\libgcc.a(_arm_cmpdf2.o)
 .ARM.attributes
                0x0000048a       0x1d C:/ARM GNU Toolchain/bin/../lib/gcc/arm-none-eabi/13.3.1/thumb/v7-m/nofp\libgcc.a(_arm_fixdfsi.o)
 .ARM.attributes
                0x000004a7       0x1d C:/ARM GNU Toolchain/bin/../lib/gcc/arm-none-eabi/13.3.1/thumb/v7-m/nofp\libgcc.a(_arm_fixunsdfsi.o)
 .ARM.attributes
                0x000004c4       0x1d C:/ARM GNU Toolchain/bin/../lib/gcc/arm-none-eabi/13.3.1/thumb/v7-m/nofp\libgcc.a(_arm_truncdfsf2.o)
 .ARM.attributes
                0x000004e1       0x1d C:/ARM GNU Toolchain/bin/../lib/gcc/arm-none-eabi/13.3.1/thumb/v7-m/nofp\libgcc.a(_arm_addsubsf3.o)
 .ARM.attributes
                0x000004fe       0x1d C:/ARM GNU Toolchain/bin/../lib/gcc/arm-none-eabi/13.3.1/thumb/v7-m/nofp\libgcc.a(_arm_muldivsf3.o)
 .ARM.attributes
                0x0000051b       0x1d C:/ARM GNU Toolchain/bin/../lib/gcc/arm-none-eabi/13.3.1/thumb/v7-m/nofp\libgcc.a(_arm_cmpsf2.o)
 .ARM.attributes
                0x00000538       0x1d C:/ARM GNU Toolchain/bin/../lib/gcc/arm-none-eabi/13.3.1/thumb/v7-m/nofp\libgcc.a(_aeabi_uldivmod.o)
 .ARM.attributes
                0x00000555       0x2d C:/ARM GNU Toolchain/bin/../lib/gcc/arm-none-eabi/13.3.1/thumb/v7-m/nofp\libgcc.a(_fixsfdi.o)
 .ARM.attributes
                0x00000582       0x2d C:/ARM GNU Toolchain/bin/../lib/gcc/arm-none-eabi/13.3.1/thumb/v7-m/nofp\libgcc.a(_fixunssfdi.o)
 .ARM.attributes
                0x000005af       0x2d C:/ARM GNU Toolchain/bin/../lib/gcc/arm-none-eabi/13.3.1/thumb/v7-m/nofp\libgcc.a(_udivmoddi4.o)
 .ARM.attributes
                0x000005dc       0x1d C:/ARM GNU Toolchain/bin/../lib/gcc/arm-none-eabi/13.3.1/thumb/v7-m/nofp\libgcc.a(_dvmd_tls.o)
 .ARM.attributes
                0x000005f9       0x2d C:/ARM GNU Toolchain/bin/../lib/gcc/arm-none-eabi/13.3.1/thumb/v7-m/nofp/crtend.o
 .ARM.attributes
                0x00000626       0x1d C:/ARM GNU Toolchain/bin/../lib/gcc/arm-none-eabi/13.3.1/thumb/v7-m/nofp/crtn.o
OUTPUT(build/FreeRTOS.elf elf32-littlearm)
LOAD linker stubs
LOAD C:/ARM GNU Toolchain/bin/../lib/gcc/arm-none-eabi/13.3.1/thumb/v7-m/nofp\libc.a
LOAD C:/ARM GNU Toolchain/bin/../lib/gcc/arm-none-eabi/13.3.1/thumb/v7-m/nofp\libm.a
LOAD C:/ARM GNU Toolchain/bin/../lib/gcc/arm-none-eabi/13.3.1/thumb/v7-m/nofp\libgcc.a

.debug_info     0x00000000    0x109cf
 .debug_info    0x00000000      0xc64 build/main.o
 .debug_info    0x00000c64     0x1bfb build/printf.o
 .debug_info    0x0000285f      0x24d build/stm32f1xx_hal_msp.o
 .debug_info    0x00002aac      0x110 build/stm32f1xx_it.o
 .debug_info    0x00002bbc      0x26e build/system_stm32f1xx.o
 .debug_info    0x00002e2a      0x880 build/stm32f1xx_hal.o
 .debug_info    0x000036aa      0xe3f build/stm32f1xx_hal_cortex.o
 .debug_info    0x000044e9      0x6d7 build/stm32f1xx_hal_gpio.o
 .debug_info    0x00004bc0      0xb10 build/stm32f1xx_hal_rcc.o
 .debug_info    0x000056d0     0x430f build/stm32f1xx_hal_uart.o
 .debug_info    0x000099df      0x30f build/list.o
 .debug_info    0x00009cee     0x1db8 build/queue.o
 .debug_info    0x0000baa6     0x29ad build/tasks.o
 .debug_info    0x0000e453      0x563 build/port.o
 .debug_info    0x0000e9b6      0x6de build/heap_4.o
 .debug_info    0x0000f094      0x67e build/SysConfig.o
 .debug_info    0x0000f712      0x922 build/timer.o
 .debug_info    0x00010034      0x96b build/usart.o
 .debug_info    0x0001099f       0x30 build/startup_stm32f103xb.o

.debug_abbrev   0x00000000     0x2a4d
 .debug_abbrev  0x00000000      0x2de build/main.o
 .debug_abbrev  0x000002de      0x3b8 build/printf.o
 .debug_abbrev  0x00000696       0xe7 build/stm32f1xx_hal_msp.o
 .debug_abbrev  0x0000077d       0x46 build/stm32f1xx_it.o
 .debug_abbrev  0x000007c3      0x140 build/system_stm32f1xx.o
 .debug_abbrev  0x00000903      0x232 build/stm32f1xx_hal.o
 .debug_abbrev  0x00000b35      0x3aa build/stm32f1xx_hal_cortex.o
 .debug_abbrev  0x00000edf      0x222 build/stm32f1xx_hal_gpio.o
 .debug_abbrev  0x00001101      0x2d6 build/stm32f1xx_hal_rcc.o
 .debug_abbrev  0x000013d7      0x35f build/stm32f1xx_hal_uart.o
 .debug_abbrev  0x00001736      0x124 build/list.o
 .debug_abbrev  0x0000185a      0x31d build/queue.o
 .debug_abbrev  0x00001b77      0x3d2 build/tasks.o
 .debug_abbrev  0x00001f49      0x2c2 build/port.o
 .debug_abbrev  0x0000220b      0x2d5 build/heap_4.o
 .debug_abbrev  0x000024e0      0x1c7 build/SysConfig.o
 .debug_abbrev  0x000026a7      0x18e build/timer.o
 .debug_abbrev  0x00002835      0x1fb build/usart.o
 .debug_abbrev  0x00002a30       0x1d build/startup_stm32f103xb.o

.debug_loc      0x00000000     0xd243
 .debug_loc     0x00000000      0x257 build/main.o
 .debug_loc     0x00000257     0x22d0 build/printf.o
 .debug_loc     0x00002527       0x41 build/stm32f1xx_hal_msp.o
 .debug_loc     0x00002568      0x11b build/system_stm32f1xx.o
 .debug_loc     0x00002683      0x1f9 build/stm32f1xx_hal.o
 .debug_loc     0x0000287c      0x8b4 build/stm32f1xx_hal_cortex.o
 .debug_loc     0x00003130      0x56c build/stm32f1xx_hal_gpio.o
 .debug_loc     0x0000369c      0x7c6 build/stm32f1xx_hal_rcc.o
 .debug_loc     0x00003e62     0x4ff4 build/stm32f1xx_hal_uart.o
 .debug_loc     0x00008e56       0xeb build/list.o
 .debug_loc     0x00008f41     0x15a8 build/queue.o
 .debug_loc     0x0000a4e9     0x2502 build/tasks.o
 .debug_loc     0x0000c9eb      0x172 build/port.o
 .debug_loc     0x0000cb5d      0x574 build/heap_4.o
 .debug_loc     0x0000d0d1       0x7e build/SysConfig.o
 .debug_loc     0x0000d14f       0x42 build/timer.o
 .debug_loc     0x0000d191       0xb2 build/usart.o

.debug_aranges  0x00000000      0xa20
 .debug_aranges
                0x00000000       0x38 build/main.o
 .debug_aranges
                0x00000038       0xa8 build/printf.o
 .debug_aranges
                0x000000e0       0x20 build/stm32f1xx_hal_msp.o
 .debug_aranges
                0x00000100       0x48 build/stm32f1xx_it.o
 .debug_aranges
                0x00000148       0x28 build/system_stm32f1xx.o
 .debug_aranges
                0x00000170       0xe0 build/stm32f1xx_hal.o
 .debug_aranges
                0x00000250       0xc0 build/stm32f1xx_hal_cortex.o
 .debug_aranges
                0x00000310       0x58 build/stm32f1xx_hal_gpio.o
 .debug_aranges
                0x00000368       0x90 build/stm32f1xx_hal_rcc.o
 .debug_aranges
                0x000003f8      0x208 build/stm32f1xx_hal_uart.o
 .debug_aranges
                0x00000600       0x40 build/list.o
 .debug_aranges
                0x00000640       0xc8 build/queue.o
 .debug_aranges
                0x00000708      0x190 build/tasks.o
 .debug_aranges
                0x00000898       0x78 build/port.o
 .debug_aranges
                0x00000910       0x60 build/heap_4.o
 .debug_aranges
                0x00000970       0x30 build/SysConfig.o
 .debug_aranges
                0x000009a0       0x30 build/timer.o
 .debug_aranges
                0x000009d0       0x28 build/usart.o
 .debug_aranges
                0x000009f8       0x28 build/startup_stm32f103xb.o

.debug_ranges   0x00000000      0xd20
 .debug_ranges  0x00000000       0x28 build/main.o
 .debug_ranges  0x00000028      0x190 build/printf.o
 .debug_ranges  0x000001b8       0x10 build/stm32f1xx_hal_msp.o
 .debug_ranges  0x000001c8       0x38 build/stm32f1xx_it.o
 .debug_ranges  0x00000200       0x18 build/system_stm32f1xx.o
 .debug_ranges  0x00000218       0xd0 build/stm32f1xx_hal.o
 .debug_ranges  0x000002e8       0xb0 build/stm32f1xx_hal_cortex.o
 .debug_ranges  0x00000398       0x48 build/stm32f1xx_hal_gpio.o
 .debug_ranges  0x000003e0       0xa0 build/stm32f1xx_hal_rcc.o
 .debug_ranges  0x00000480      0x210 build/stm32f1xx_hal_uart.o
 .debug_ranges  0x00000690       0x30 build/list.o
 .debug_ranges  0x000006c0      0x1b8 build/queue.o
 .debug_ranges  0x00000878      0x378 build/tasks.o
 .debug_ranges  0x00000bf0       0x68 build/port.o
 .debug_ranges  0x00000c58       0x50 build/heap_4.o
 .debug_ranges  0x00000ca8       0x20 build/SysConfig.o
 .debug_ranges  0x00000cc8       0x20 build/timer.o
 .debug_ranges  0x00000ce8       0x18 build/usart.o
 .debug_ranges  0x00000d00       0x20 build/startup_stm32f103xb.o

.debug_line     0x00000000     0xb79a
 .debug_line    0x00000000      0x3e7 build/main.o
 .debug_line    0x000003e7     0x11bb build/printf.o
 .debug_line    0x000015a2      0x125 build/stm32f1xx_hal_msp.o
 .debug_line    0x000016c7       0xca build/stm32f1xx_it.o
 .debug_line    0x00001791      0x1ed build/system_stm32f1xx.o
 .debug_line    0x0000197e      0x4d6 build/stm32f1xx_hal.o
 .debug_line    0x00001e54      0x64f build/stm32f1xx_hal_cortex.o
 .debug_line    0x000024a3      0x578 build/stm32f1xx_hal_gpio.o
 .debug_line    0x00002a1b      0xc52 build/stm32f1xx_hal_rcc.o
 .debug_line    0x0000366d     0x3447 build/stm32f1xx_hal_uart.o
 .debug_line    0x00006ab4      0x2ec build/list.o
 .debug_line    0x00006da0     0x1462 build/queue.o
 .debug_line    0x00008202     0x203f build/tasks.o
 .debug_line    0x0000a241      0x513 build/port.o
 .debug_line    0x0000a754      0x6ef build/heap_4.o
 .debug_line    0x0000ae43      0x31b build/SysConfig.o
 .debug_line    0x0000b15e      0x313 build/timer.o
 .debug_line    0x0000b471      0x2b8 build/usart.o
 .debug_line    0x0000b729       0x71 build/startup_stm32f103xb.o

.debug_str      0x00000000     0x35cf
 .debug_str     0x00000000     0x35cf build/main.o
                                0x559 (size before relaxing)
 .debug_str     0x000035cf      0x418 build/printf.o
 .debug_str     0x000035cf      0x1f9 build/stm32f1xx_hal_msp.o
 .debug_str     0x000035cf      0x1c5 build/stm32f1xx_it.o
 .debug_str     0x000035cf      0x21c build/system_stm32f1xx.o
 .debug_str     0x000035cf      0x7f6 build/stm32f1xx_hal.o
 .debug_str     0x000035cf      0x89b build/stm32f1xx_hal_cortex.o
 .debug_str     0x000035cf      0x3c8 build/stm32f1xx_hal_gpio.o
 .debug_str     0x000035cf      0x5f3 build/stm32f1xx_hal_rcc.o
 .debug_str     0x000035cf      0xcbc build/stm32f1xx_hal_uart.o
 .debug_str     0x000035cf      0x2a9 build/list.o
 .debug_str     0x000035cf      0x84c build/queue.o
 .debug_str     0x000035cf      0xe48 build/tasks.o
 .debug_str     0x000035cf      0x415 build/port.o
 .debug_str     0x000035cf      0x4f7 build/heap_4.o
 .debug_str     0x000035cf      0x419 build/SysConfig.o
 .debug_str     0x000035cf      0x648 build/timer.o
 .debug_str     0x000035cf      0x688 build/usart.o
 .debug_str     0x000035cf       0x53 build/startup_stm32f103xb.o

.comment        0x00000000       0x45
 .comment       0x00000000       0x45 build/main.o
                                 0x46 (size before relaxing)
 .comment       0x00000045       0x46 build/printf.o
 .comment       0x00000045       0x46 build/stm32f1xx_hal_msp.o
 .comment       0x00000045       0x46 build/stm32f1xx_it.o
 .comment       0x00000045       0x46 build/system_stm32f1xx.o
 .comment       0x00000045       0x46 build/stm32f1xx_hal.o
 .comment       0x00000045       0x46 build/stm32f1xx_hal_cortex.o
 .comment       0x00000045       0x46 build/stm32f1xx_hal_gpio.o
 .comment       0x00000045       0x46 build/stm32f1xx_hal_rcc.o
 .comment       0x00000045       0x46 build/stm32f1xx_hal_uart.o
 .comment       0x00000045       0x46 build/list.o
 .comment       0x00000045       0x46 build/queue.o
 .comment       0x00000045       0x46 build/tasks.o
 .comment       0x00000045       0x46 build/port.o
 .comment       0x00000045       0x46 build/heap_4.o
 .comment       0x00000045       0x46 build/SysConfig.o
 .comment       0x00000045       0x46 build/timer.o
 .comment       0x00000045       0x46 build/usart.o

.debug_frame    0x00000000     0x1ee8
 .debug_frame   0x00000000       0x7c build/main.o
 .debug_frame   0x0000007c      0x2ac build/printf.o
 .debug_frame   0x00000328       0x28 build/stm32f1xx_hal_msp.o
 .debug_frame   0x00000350       0x70 build/stm32f1xx_it.o
 .debug_frame   0x000003c0       0x30 build/system_stm32f1xx.o
 .debug_frame   0x000003f0      0x1cc build/stm32f1xx_hal.o
 .debug_frame   0x000005bc      0x19c build/stm32f1xx_hal_cortex.o
 .debug_frame   0x00000758       0xe4 build/stm32f1xx_hal_gpio.o
 .debug_frame   0x0000083c      0x184 build/stm32f1xx_hal_rcc.o
 .debug_frame   0x000009c0      0x5dc build/stm32f1xx_hal_uart.o
 .debug_frame   0x00000f9c       0x70 build/list.o
 .debug_frame   0x0000100c      0x288 build/queue.o
 .debug_frame   0x00001294      0x4e0 build/tasks.o
 .debug_frame   0x00001774       0xf0 build/port.o
 .debug_frame   0x00001864       0xec build/heap_4.o
 .debug_frame   0x00001950       0x64 build/SysConfig.o
 .debug_frame   0x000019b4       0x40 build/timer.o
 .debug_frame   0x000019f4       0x4c build/usart.o
 .debug_frame   0x00001a40       0x20 C:/ARM GNU Toolchain/bin/../lib/gcc/arm-none-eabi/13.3.1/thumb/v7-m/nofp\libc_nano.a(libc_a-memset.o)
 .debug_frame   0x00001a60       0x2c C:/ARM GNU Toolchain/bin/../lib/gcc/arm-none-eabi/13.3.1/thumb/v7-m/nofp\libc_nano.a(libc_a-init.o)
 .debug_frame   0x00001a8c       0x28 C:/ARM GNU Toolchain/bin/../lib/gcc/arm-none-eabi/13.3.1/thumb/v7-m/nofp\libc_nano.a(libc_a-memcpy-stub.o)
 .debug_frame   0x00001ab4       0xac C:/ARM GNU Toolchain/bin/../lib/gcc/arm-none-eabi/13.3.1/thumb/v7-m/nofp\libgcc.a(_arm_addsubdf3.o)
 .debug_frame   0x00001b60       0x50 C:/ARM GNU Toolchain/bin/../lib/gcc/arm-none-eabi/13.3.1/thumb/v7-m/nofp\libgcc.a(_arm_muldivdf3.o)
 .debug_frame   0x00001bb0       0xc4 C:/ARM GNU Toolchain/bin/../lib/gcc/arm-none-eabi/13.3.1/thumb/v7-m/nofp\libgcc.a(_arm_cmpdf2.o)
 .debug_frame   0x00001c74       0x24 C:/ARM GNU Toolchain/bin/../lib/gcc/arm-none-eabi/13.3.1/thumb/v7-m/nofp\libgcc.a(_arm_fixdfsi.o)
 .debug_frame   0x00001c98       0x24 C:/ARM GNU Toolchain/bin/../lib/gcc/arm-none-eabi/13.3.1/thumb/v7-m/nofp\libgcc.a(_arm_fixunsdfsi.o)
 .debug_frame   0x00001cbc       0x24 C:/ARM GNU Toolchain/bin/../lib/gcc/arm-none-eabi/13.3.1/thumb/v7-m/nofp\libgcc.a(_arm_truncdfsf2.o)
 .debug_frame   0x00001ce0       0x4c C:/ARM GNU Toolchain/bin/../lib/gcc/arm-none-eabi/13.3.1/thumb/v7-m/nofp\libgcc.a(_arm_addsubsf3.o)
 .debug_frame   0x00001d2c       0x38 C:/ARM GNU Toolchain/bin/../lib/gcc/arm-none-eabi/13.3.1/thumb/v7-m/nofp\libgcc.a(_arm_muldivsf3.o)
 .debug_frame   0x00001d64       0xc8 C:/ARM GNU Toolchain/bin/../lib/gcc/arm-none-eabi/13.3.1/thumb/v7-m/nofp\libgcc.a(_arm_cmpsf2.o)
 .debug_frame   0x00001e2c       0x2c C:/ARM GNU Toolchain/bin/../lib/gcc/arm-none-eabi/13.3.1/thumb/v7-m/nofp\libgcc.a(_aeabi_uldivmod.o)
 .debug_frame   0x00001e58       0x30 C:/ARM GNU Toolchain/bin/../lib/gcc/arm-none-eabi/13.3.1/thumb/v7-m/nofp\libgcc.a(_fixsfdi.o)
 .debug_frame   0x00001e88       0x2c C:/ARM GNU Toolchain/bin/../lib/gcc/arm-none-eabi/13.3.1/thumb/v7-m/nofp\libgcc.a(_fixunssfdi.o)
 .debug_frame   0x00001eb4       0x34 C:/ARM GNU Toolchain/bin/../lib/gcc/arm-none-eabi/13.3.1/thumb/v7-m/nofp\libgcc.a(_udivmoddi4.o)

.debug_line_str
                0x00000000      0x1d2
 .debug_line_str
                0x00000000      0x1d2 C:/ARM GNU Toolchain/bin/../lib/gcc/arm-none-eabi/13.3.1/thumb/v7-m/nofp\libc_nano.a(libc_a-strlen.o)
                                 0xe7 (size before relaxing)
 .debug_line_str
                0x000001d2       0xca C:/ARM GNU Toolchain/bin/../lib/gcc/arm-none-eabi/13.3.1/thumb/v7-m/nofp\libgcc.a(_arm_addsubdf3.o)
 .debug_line_str
                0x000001d2       0xca C:/ARM GNU Toolchain/bin/../lib/gcc/arm-none-eabi/13.3.1/thumb/v7-m/nofp\libgcc.a(_arm_muldivdf3.o)
 .debug_line_str
                0x000001d2       0xca C:/ARM GNU Toolchain/bin/../lib/gcc/arm-none-eabi/13.3.1/thumb/v7-m/nofp\libgcc.a(_arm_cmpdf2.o)
 .debug_line_str
                0x000001d2       0xca C:/ARM GNU Toolchain/bin/../lib/gcc/arm-none-eabi/13.3.1/thumb/v7-m/nofp\libgcc.a(_arm_fixdfsi.o)
 .debug_line_str
                0x000001d2       0xca C:/ARM GNU Toolchain/bin/../lib/gcc/arm-none-eabi/13.3.1/thumb/v7-m/nofp\libgcc.a(_arm_fixunsdfsi.o)
 .debug_line_str
                0x000001d2       0xca C:/ARM GNU Toolchain/bin/../lib/gcc/arm-none-eabi/13.3.1/thumb/v7-m/nofp\libgcc.a(_arm_truncdfsf2.o)
 .debug_line_str
                0x000001d2       0xca C:/ARM GNU Toolchain/bin/../lib/gcc/arm-none-eabi/13.3.1/thumb/v7-m/nofp\libgcc.a(_arm_addsubsf3.o)
 .debug_line_str
                0x000001d2       0xca C:/ARM GNU Toolchain/bin/../lib/gcc/arm-none-eabi/13.3.1/thumb/v7-m/nofp\libgcc.a(_arm_muldivsf3.o)
 .debug_line_str
                0x000001d2       0xca C:/ARM GNU Toolchain/bin/../lib/gcc/arm-none-eabi/13.3.1/thumb/v7-m/nofp\libgcc.a(_arm_cmpsf2.o)
 .debug_line_str
                0x000001d2       0xc5 C:/ARM GNU Toolchain/bin/../lib/gcc/arm-none-eabi/13.3.1/thumb/v7-m/nofp\libgcc.a(_aeabi_uldivmod.o)
 .debug_line_str
                0x000001d2       0xc9 C:/ARM GNU Toolchain/bin/../lib/gcc/arm-none-eabi/13.3.1/thumb/v7-m/nofp\libgcc.a(_dvmd_tls.o)

Cross Reference Table

Symbol                                            File
ADC1_2_IRQHandler                                 build/startup_stm32f103xb.o
AHBPrescTable                                     build/system_stm32f1xx.o
                                                  build/stm32f1xx_hal_rcc.o
AO_Init                                           build/ActiveObject.o
APBPrescTable                                     build/system_stm32f1xx.o
                                                  build/stm32f1xx_hal_rcc.o
BusFault_Handler                                  build/stm32f1xx_it.o
CAN1_RX1_IRQHandler                               build/startup_stm32f103xb.o
CAN1_SCE_IRQHandler                               build/startup_stm32f103xb.o
CommuniQueue                                      build/main.o
CommuniSemaphore                                  build/main.o
CommunicationTask                                 build/main.o
DMA1_Channel1_IRQHandler                          build/startup_stm32f103xb.o
DMA1_Channel2_IRQHandler                          build/startup_stm32f103xb.o
DMA1_Channel3_IRQHandler                          build/startup_stm32f103xb.o
DMA1_Channel4_IRQHandler                          build/startup_stm32f103xb.o
DMA1_Channel5_IRQHandler                          build/startup_stm32f103xb.o
DMA1_Channel6_IRQHandler                          build/startup_stm32f103xb.o
DMA1_Channel7_IRQHandler                          build/startup_stm32f103xb.o
DebugMon_Handler                                  build/stm32f1xx_it.o
Default_Handler                                   build/startup_stm32f103xb.o
EXTI0_IRQHandler                                  build/startup_stm32f103xb.o
EXTI15_10_IRQHandler                              build/startup_stm32f103xb.o
EXTI1_IRQHandler                                  build/startup_stm32f103xb.o
EXTI2_IRQHandler                                  build/startup_stm32f103xb.o
EXTI3_IRQHandler                                  build/startup_stm32f103xb.o
EXTI4_IRQHandler                                  build/startup_stm32f103xb.o
EXTI9_5_IRQHandler                                build/startup_stm32f103xb.o
Encoder_Init                                      build/timer.o
                                                  build/main.o
Error_Handler                                     build/SysConfig.o
FLASH_IRQHandler                                  build/startup_stm32f103xb.o
FLASH_PageErase                                   build/stm32f1xx_hal_flash_ex.o
                                                  build/stm32f1xx_hal_flash.o
FLASH_WaitForLastOperation                        build/stm32f1xx_hal_flash.o
                                                  build/stm32f1xx_hal_flash_ex.o
HAL_DBGMCU_DisableDBGSleepMode                    build/stm32f1xx_hal.o
HAL_DBGMCU_DisableDBGStandbyMode                  build/stm32f1xx_hal.o
HAL_DBGMCU_DisableDBGStopMode                     build/stm32f1xx_hal.o
HAL_DBGMCU_EnableDBGSleepMode                     build/stm32f1xx_hal.o
HAL_DBGMCU_EnableDBGStandbyMode                   build/stm32f1xx_hal.o
HAL_DBGMCU_EnableDBGStopMode                      build/stm32f1xx_hal.o
HAL_DMA_Abort                                     build/stm32f1xx_hal_dma.o
                                                  build/stm32f1xx_hal_uart.o
HAL_DMA_Abort_IT                                  build/stm32f1xx_hal_dma.o
                                                  build/stm32f1xx_hal_uart.o
                                                  build/stm32f1xx_hal_tim_ex.o
                                                  build/stm32f1xx_hal_tim.o
HAL_DMA_DeInit                                    build/stm32f1xx_hal_dma.o
HAL_DMA_GetError                                  build/stm32f1xx_hal_dma.o
                                                  build/stm32f1xx_hal_uart.o
HAL_DMA_GetState                                  build/stm32f1xx_hal_dma.o
HAL_DMA_IRQHandler                                build/stm32f1xx_hal_dma.o
HAL_DMA_Init                                      build/stm32f1xx_hal_dma.o
HAL_DMA_PollForTransfer                           build/stm32f1xx_hal_dma.o
HAL_DMA_RegisterCallback                          build/stm32f1xx_hal_dma.o
HAL_DMA_Start                                     build/stm32f1xx_hal_dma.o
HAL_DMA_Start_IT                                  build/stm32f1xx_hal_dma.o
                                                  build/stm32f1xx_hal_uart.o
                                                  build/stm32f1xx_hal_tim_ex.o
                                                  build/stm32f1xx_hal_tim.o
HAL_DMA_UnRegisterCallback                        build/stm32f1xx_hal_dma.o
HAL_DeInit                                        build/stm32f1xx_hal.o
HAL_Delay                                         build/stm32f1xx_hal.o
HAL_EXTI_ClearConfigLine                          build/stm32f1xx_hal_exti.o
HAL_EXTI_ClearPending                             build/stm32f1xx_hal_exti.o
HAL_EXTI_GenerateSWI                              build/stm32f1xx_hal_exti.o
HAL_EXTI_GetConfigLine                            build/stm32f1xx_hal_exti.o
HAL_EXTI_GetHandle                                build/stm32f1xx_hal_exti.o
HAL_EXTI_GetPending                               build/stm32f1xx_hal_exti.o
HAL_EXTI_IRQHandler                               build/stm32f1xx_hal_exti.o
HAL_EXTI_RegisterCallback                         build/stm32f1xx_hal_exti.o
HAL_EXTI_SetConfigLine                            build/stm32f1xx_hal_exti.o
HAL_FLASHEx_Erase                                 build/stm32f1xx_hal_flash_ex.o
HAL_FLASHEx_Erase_IT                              build/stm32f1xx_hal_flash_ex.o
HAL_FLASHEx_OBErase                               build/stm32f1xx_hal_flash_ex.o
HAL_FLASHEx_OBGetConfig                           build/stm32f1xx_hal_flash_ex.o
HAL_FLASHEx_OBGetUserData                         build/stm32f1xx_hal_flash_ex.o
HAL_FLASHEx_OBProgram                             build/stm32f1xx_hal_flash_ex.o
HAL_FLASH_EndOfOperationCallback                  build/stm32f1xx_hal_flash.o
HAL_FLASH_GetError                                build/stm32f1xx_hal_flash.o
HAL_FLASH_IRQHandler                              build/stm32f1xx_hal_flash.o
HAL_FLASH_Lock                                    build/stm32f1xx_hal_flash.o
HAL_FLASH_OB_Launch                               build/stm32f1xx_hal_flash.o
HAL_FLASH_OB_Lock                                 build/stm32f1xx_hal_flash.o
HAL_FLASH_OB_Unlock                               build/stm32f1xx_hal_flash.o
HAL_FLASH_OperationErrorCallback                  build/stm32f1xx_hal_flash.o
HAL_FLASH_Program                                 build/stm32f1xx_hal_flash.o
HAL_FLASH_Program_IT                              build/stm32f1xx_hal_flash.o
HAL_FLASH_Unlock                                  build/stm32f1xx_hal_flash.o
HAL_GPIOEx_ConfigEventout                         build/stm32f1xx_hal_gpio_ex.o
HAL_GPIOEx_DisableEventout                        build/stm32f1xx_hal_gpio_ex.o
HAL_GPIOEx_EnableEventout                         build/stm32f1xx_hal_gpio_ex.o
HAL_GPIO_DeInit                                   build/stm32f1xx_hal_gpio.o
HAL_GPIO_EXTI_Callback                            build/stm32f1xx_hal_gpio.o
HAL_GPIO_EXTI_IRQHandler                          build/stm32f1xx_hal_gpio.o
HAL_GPIO_Init                                     build/stm32f1xx_hal_gpio.o
                                                  build/usart.o
                                                  build/SysConfig.o
                                                  build/stm32f1xx_hal_rcc.o
HAL_GPIO_LockPin                                  build/stm32f1xx_hal_gpio.o
HAL_GPIO_ReadPin                                  build/stm32f1xx_hal_gpio.o
HAL_GPIO_TogglePin                                build/stm32f1xx_hal_gpio.o
HAL_GPIO_WritePin                                 build/stm32f1xx_hal_gpio.o
                                                  build/SysConfig.o
                                                  build/main.o
HAL_GetDEVID                                      build/stm32f1xx_hal.o
HAL_GetHalVersion                                 build/stm32f1xx_hal.o
HAL_GetREVID                                      build/stm32f1xx_hal.o
HAL_GetTick                                       build/stm32f1xx_hal.o
                                                  build/stm32f1xx_hal_uart.o
                                                  build/stm32f1xx_hal_rcc_ex.o
                                                  build/stm32f1xx_hal_rcc.o
                                                  build/stm32f1xx_hal_flash.o
                                                  build/stm32f1xx_hal_dma.o
HAL_GetTickFreq                                   build/stm32f1xx_hal.o
HAL_GetTickPrio                                   build/stm32f1xx_hal.o
HAL_GetUIDw0                                      build/stm32f1xx_hal.o
HAL_GetUIDw1                                      build/stm32f1xx_hal.o
HAL_GetUIDw2                                      build/stm32f1xx_hal.o
HAL_HalfDuplex_EnableReceiver                     build/stm32f1xx_hal_uart.o
HAL_HalfDuplex_EnableTransmitter                  build/stm32f1xx_hal_uart.o
HAL_HalfDuplex_Init                               build/stm32f1xx_hal_uart.o
HAL_IncTick                                       build/stm32f1xx_hal.o
HAL_Init                                          build/stm32f1xx_hal.o
                                                  build/main.o
HAL_InitTick                                      build/stm32f1xx_hal.o
                                                  build/stm32f1xx_hal_rcc.o
HAL_LIN_Init                                      build/stm32f1xx_hal_uart.o
HAL_LIN_SendBreak                                 build/stm32f1xx_hal_uart.o
HAL_MspDeInit                                     build/stm32f1xx_hal.o
HAL_MspInit                                       build/stm32f1xx_hal_msp.o
HAL_MultiProcessor_EnterMuteMode                  build/stm32f1xx_hal_uart.o
HAL_MultiProcessor_ExitMuteMode                   build/stm32f1xx_hal_uart.o
HAL_MultiProcessor_Init                           build/stm32f1xx_hal_uart.o
HAL_NVIC_ClearPendingIRQ                          build/stm32f1xx_hal_cortex.o
HAL_NVIC_DisableIRQ                               build/stm32f1xx_hal_cortex.o
HAL_NVIC_EnableIRQ                                build/stm32f1xx_hal_cortex.o
HAL_NVIC_GetActive                                build/stm32f1xx_hal_cortex.o
HAL_NVIC_GetPendingIRQ                            build/stm32f1xx_hal_cortex.o
HAL_NVIC_GetPriority                              build/stm32f1xx_hal_cortex.o
HAL_NVIC_GetPriorityGrouping                      build/stm32f1xx_hal_cortex.o
HAL_NVIC_SetPendingIRQ                            build/stm32f1xx_hal_cortex.o
HAL_NVIC_SetPriority                              build/stm32f1xx_hal_cortex.o
                                                  build/stm32f1xx_hal.o
HAL_NVIC_SetPriorityGrouping                      build/stm32f1xx_hal_cortex.o
                                                  build/stm32f1xx_hal.o
HAL_NVIC_SystemReset                              build/stm32f1xx_hal_cortex.o
                                                  build/stm32f1xx_hal_flash.o
HAL_PWR_ConfigPVD                                 build/stm32f1xx_hal_pwr.o
HAL_PWR_DeInit                                    build/stm32f1xx_hal_pwr.o
HAL_PWR_DisableBkUpAccess                         build/stm32f1xx_hal_pwr.o
HAL_PWR_DisablePVD                                build/stm32f1xx_hal_pwr.o
HAL_PWR_DisableSEVOnPend                          build/stm32f1xx_hal_pwr.o
HAL_PWR_DisableSleepOnExit                        build/stm32f1xx_hal_pwr.o
HAL_PWR_DisableWakeUpPin                          build/stm32f1xx_hal_pwr.o
HAL_PWR_EnableBkUpAccess                          build/stm32f1xx_hal_pwr.o
HAL_PWR_EnablePVD                                 build/stm32f1xx_hal_pwr.o
HAL_PWR_EnableSEVOnPend                           build/stm32f1xx_hal_pwr.o
HAL_PWR_EnableSleepOnExit                         build/stm32f1xx_hal_pwr.o
HAL_PWR_EnableWakeUpPin                           build/stm32f1xx_hal_pwr.o
HAL_PWR_EnterSLEEPMode                            build/stm32f1xx_hal_pwr.o
HAL_PWR_EnterSTANDBYMode                          build/stm32f1xx_hal_pwr.o
HAL_PWR_EnterSTOPMode                             build/stm32f1xx_hal_pwr.o
HAL_PWR_PVDCallback                               build/stm32f1xx_hal_pwr.o
HAL_PWR_PVD_IRQHandler                            build/stm32f1xx_hal_pwr.o
HAL_RCCEx_GetPeriphCLKConfig                      build/stm32f1xx_hal_rcc_ex.o
HAL_RCCEx_GetPeriphCLKFreq                        build/stm32f1xx_hal_rcc_ex.o
HAL_RCCEx_PeriphCLKConfig                         build/stm32f1xx_hal_rcc_ex.o
HAL_RCC_CSSCallback                               build/stm32f1xx_hal_rcc.o
HAL_RCC_ClockConfig                               build/stm32f1xx_hal_rcc.o
                                                  build/SysConfig.o
HAL_RCC_DeInit                                    build/stm32f1xx_hal_rcc.o
HAL_RCC_DisableCSS                                build/stm32f1xx_hal_rcc.o
HAL_RCC_EnableCSS                                 build/stm32f1xx_hal_rcc.o
HAL_RCC_GetClockConfig                            build/stm32f1xx_hal_rcc.o
HAL_RCC_GetHCLKFreq                               build/stm32f1xx_hal_rcc.o
HAL_RCC_GetOscConfig                              build/stm32f1xx_hal_rcc.o
HAL_RCC_GetPCLK1Freq                              build/stm32f1xx_hal_rcc.o
                                                  build/stm32f1xx_hal_uart.o
HAL_RCC_GetPCLK2Freq                              build/stm32f1xx_hal_rcc.o
                                                  build/stm32f1xx_hal_uart.o
                                                  build/stm32f1xx_hal_rcc_ex.o
HAL_RCC_GetSysClockFreq                           build/stm32f1xx_hal_rcc.o
HAL_RCC_MCOConfig                                 build/stm32f1xx_hal_rcc.o
HAL_RCC_NMI_IRQHandler                            build/stm32f1xx_hal_rcc.o
HAL_RCC_OscConfig                                 build/stm32f1xx_hal_rcc.o
                                                  build/SysConfig.o
HAL_ResumeTick                                    build/stm32f1xx_hal.o
HAL_SYSTICK_CLKSourceConfig                       build/stm32f1xx_hal_cortex.o
HAL_SYSTICK_Callback                              build/stm32f1xx_hal_cortex.o
HAL_SYSTICK_Config                                build/stm32f1xx_hal_cortex.o
                                                  build/stm32f1xx_hal.o
HAL_SYSTICK_IRQHandler                            build/stm32f1xx_hal_cortex.o
HAL_SetTickFreq                                   build/stm32f1xx_hal.o
HAL_SuspendTick                                   build/stm32f1xx_hal.o
HAL_TIMEx_BreakCallback                           build/stm32f1xx_hal_tim_ex.o
                                                  build/stm32f1xx_hal_tim.o
HAL_TIMEx_CommutCallback                          build/stm32f1xx_hal_tim_ex.o
                                                  build/stm32f1xx_hal_tim.o
HAL_TIMEx_CommutHalfCpltCallback                  build/stm32f1xx_hal_tim_ex.o
HAL_TIMEx_ConfigBreakDeadTime                     build/stm32f1xx_hal_tim_ex.o
HAL_TIMEx_ConfigCommutEvent                       build/stm32f1xx_hal_tim_ex.o
HAL_TIMEx_ConfigCommutEvent_DMA                   build/stm32f1xx_hal_tim_ex.o
HAL_TIMEx_ConfigCommutEvent_IT                    build/stm32f1xx_hal_tim_ex.o
HAL_TIMEx_GetChannelNState                        build/stm32f1xx_hal_tim_ex.o
HAL_TIMEx_HallSensor_DeInit                       build/stm32f1xx_hal_tim_ex.o
HAL_TIMEx_HallSensor_GetState                     build/stm32f1xx_hal_tim_ex.o
HAL_TIMEx_HallSensor_Init                         build/stm32f1xx_hal_tim_ex.o
HAL_TIMEx_HallSensor_MspDeInit                    build/stm32f1xx_hal_tim_ex.o
HAL_TIMEx_HallSensor_MspInit                      build/stm32f1xx_hal_tim_ex.o
HAL_TIMEx_HallSensor_Start                        build/stm32f1xx_hal_tim_ex.o
HAL_TIMEx_HallSensor_Start_DMA                    build/stm32f1xx_hal_tim_ex.o
HAL_TIMEx_HallSensor_Start_IT                     build/stm32f1xx_hal_tim_ex.o
HAL_TIMEx_HallSensor_Stop                         build/stm32f1xx_hal_tim_ex.o
HAL_TIMEx_HallSensor_Stop_DMA                     build/stm32f1xx_hal_tim_ex.o
HAL_TIMEx_HallSensor_Stop_IT                      build/stm32f1xx_hal_tim_ex.o
HAL_TIMEx_MasterConfigSynchronization             build/stm32f1xx_hal_tim_ex.o
HAL_TIMEx_OCN_Start                               build/stm32f1xx_hal_tim_ex.o
HAL_TIMEx_OCN_Start_DMA                           build/stm32f1xx_hal_tim_ex.o
HAL_TIMEx_OCN_Start_IT                            build/stm32f1xx_hal_tim_ex.o
HAL_TIMEx_OCN_Stop                                build/stm32f1xx_hal_tim_ex.o
HAL_TIMEx_OCN_Stop_DMA                            build/stm32f1xx_hal_tim_ex.o
HAL_TIMEx_OCN_Stop_IT                             build/stm32f1xx_hal_tim_ex.o
HAL_TIMEx_OnePulseN_Start                         build/stm32f1xx_hal_tim_ex.o
HAL_TIMEx_OnePulseN_Start_IT                      build/stm32f1xx_hal_tim_ex.o
HAL_TIMEx_OnePulseN_Stop                          build/stm32f1xx_hal_tim_ex.o
HAL_TIMEx_OnePulseN_Stop_IT                       build/stm32f1xx_hal_tim_ex.o
HAL_TIMEx_PWMN_Start                              build/stm32f1xx_hal_tim_ex.o
HAL_TIMEx_PWMN_Start_DMA                          build/stm32f1xx_hal_tim_ex.o
HAL_TIMEx_PWMN_Start_IT                           build/stm32f1xx_hal_tim_ex.o
HAL_TIMEx_PWMN_Stop                               build/stm32f1xx_hal_tim_ex.o
HAL_TIMEx_PWMN_Stop_DMA                           build/stm32f1xx_hal_tim_ex.o
HAL_TIMEx_PWMN_Stop_IT                            build/stm32f1xx_hal_tim_ex.o
HAL_TIMEx_RemapConfig                             build/stm32f1xx_hal_tim_ex.o
HAL_TIM_Base_DeInit                               build/stm32f1xx_hal_tim.o
HAL_TIM_Base_GetState                             build/stm32f1xx_hal_tim.o
HAL_TIM_Base_Init                                 build/stm32f1xx_hal_tim.o
HAL_TIM_Base_MspDeInit                            build/stm32f1xx_hal_tim.o
HAL_TIM_Base_MspInit                              build/stm32f1xx_hal_tim.o
HAL_TIM_Base_Start                                build/stm32f1xx_hal_tim.o
HAL_TIM_Base_Start_DMA                            build/stm32f1xx_hal_tim.o
HAL_TIM_Base_Start_IT                             build/stm32f1xx_hal_tim.o
HAL_TIM_Base_Stop                                 build/stm32f1xx_hal_tim.o
HAL_TIM_Base_Stop_DMA                             build/stm32f1xx_hal_tim.o
HAL_TIM_Base_Stop_IT                              build/stm32f1xx_hal_tim.o
HAL_TIM_ConfigClockSource                         build/stm32f1xx_hal_tim.o
HAL_TIM_ConfigOCrefClear                          build/stm32f1xx_hal_tim.o
HAL_TIM_ConfigTI1Input                            build/stm32f1xx_hal_tim.o
HAL_TIM_DMABurstState                             build/stm32f1xx_hal_tim.o
HAL_TIM_DMABurst_MultiReadStart                   build/stm32f1xx_hal_tim.o
HAL_TIM_DMABurst_MultiWriteStart                  build/stm32f1xx_hal_tim.o
HAL_TIM_DMABurst_ReadStart                        build/stm32f1xx_hal_tim.o
HAL_TIM_DMABurst_ReadStop                         build/stm32f1xx_hal_tim.o
HAL_TIM_DMABurst_WriteStart                       build/stm32f1xx_hal_tim.o
HAL_TIM_DMABurst_WriteStop                        build/stm32f1xx_hal_tim.o
HAL_TIM_Encoder_DeInit                            build/stm32f1xx_hal_tim.o
HAL_TIM_Encoder_GetState                          build/stm32f1xx_hal_tim.o
HAL_TIM_Encoder_Init                              build/stm32f1xx_hal_tim.o
HAL_TIM_Encoder_MspDeInit                         build/stm32f1xx_hal_tim.o
HAL_TIM_Encoder_MspInit                           build/stm32f1xx_hal_tim.o
HAL_TIM_Encoder_Start                             build/stm32f1xx_hal_tim.o
HAL_TIM_Encoder_Start_DMA                         build/stm32f1xx_hal_tim.o
HAL_TIM_Encoder_Start_IT                          build/stm32f1xx_hal_tim.o
HAL_TIM_Encoder_Stop                              build/stm32f1xx_hal_tim.o
HAL_TIM_Encoder_Stop_DMA                          build/stm32f1xx_hal_tim.o
HAL_TIM_Encoder_Stop_IT                           build/stm32f1xx_hal_tim.o
HAL_TIM_ErrorCallback                             build/stm32f1xx_hal_tim.o
                                                  build/stm32f1xx_hal_tim_ex.o
HAL_TIM_GenerateEvent                             build/stm32f1xx_hal_tim.o
HAL_TIM_GetActiveChannel                          build/stm32f1xx_hal_tim.o
HAL_TIM_GetChannelState                           build/stm32f1xx_hal_tim.o
HAL_TIM_IC_CaptureCallback                        build/stm32f1xx_hal_tim.o
HAL_TIM_IC_CaptureHalfCpltCallback                build/stm32f1xx_hal_tim.o
HAL_TIM_IC_ConfigChannel                          build/stm32f1xx_hal_tim.o
HAL_TIM_IC_DeInit                                 build/stm32f1xx_hal_tim.o
HAL_TIM_IC_GetState                               build/stm32f1xx_hal_tim.o
HAL_TIM_IC_Init                                   build/stm32f1xx_hal_tim.o
HAL_TIM_IC_MspDeInit                              build/stm32f1xx_hal_tim.o
HAL_TIM_IC_MspInit                                build/stm32f1xx_hal_tim.o
HAL_TIM_IC_Start                                  build/stm32f1xx_hal_tim.o
HAL_TIM_IC_Start_DMA                              build/stm32f1xx_hal_tim.o
HAL_TIM_IC_Start_IT                               build/stm32f1xx_hal_tim.o
HAL_TIM_IC_Stop                                   build/stm32f1xx_hal_tim.o
HAL_TIM_IC_Stop_DMA                               build/stm32f1xx_hal_tim.o
HAL_TIM_IC_Stop_IT                                build/stm32f1xx_hal_tim.o
HAL_TIM_IRQHandler                                build/stm32f1xx_hal_tim.o
HAL_TIM_OC_ConfigChannel                          build/stm32f1xx_hal_tim.o
HAL_TIM_OC_DeInit                                 build/stm32f1xx_hal_tim.o
HAL_TIM_OC_DelayElapsedCallback                   build/stm32f1xx_hal_tim.o
HAL_TIM_OC_GetState                               build/stm32f1xx_hal_tim.o
HAL_TIM_OC_Init                                   build/stm32f1xx_hal_tim.o
HAL_TIM_OC_MspDeInit                              build/stm32f1xx_hal_tim.o
HAL_TIM_OC_MspInit                                build/stm32f1xx_hal_tim.o
HAL_TIM_OC_Start                                  build/stm32f1xx_hal_tim.o
HAL_TIM_OC_Start_DMA                              build/stm32f1xx_hal_tim.o
HAL_TIM_OC_Start_IT                               build/stm32f1xx_hal_tim.o
HAL_TIM_OC_Stop                                   build/stm32f1xx_hal_tim.o
HAL_TIM_OC_Stop_DMA                               build/stm32f1xx_hal_tim.o
HAL_TIM_OC_Stop_IT                                build/stm32f1xx_hal_tim.o
HAL_TIM_OnePulse_ConfigChannel                    build/stm32f1xx_hal_tim.o
HAL_TIM_OnePulse_DeInit                           build/stm32f1xx_hal_tim.o
HAL_TIM_OnePulse_GetState                         build/stm32f1xx_hal_tim.o
HAL_TIM_OnePulse_Init                             build/stm32f1xx_hal_tim.o
HAL_TIM_OnePulse_MspDeInit                        build/stm32f1xx_hal_tim.o
HAL_TIM_OnePulse_MspInit                          build/stm32f1xx_hal_tim.o
HAL_TIM_OnePulse_Start                            build/stm32f1xx_hal_tim.o
HAL_TIM_OnePulse_Start_IT                         build/stm32f1xx_hal_tim.o
HAL_TIM_OnePulse_Stop                             build/stm32f1xx_hal_tim.o
HAL_TIM_OnePulse_Stop_IT                          build/stm32f1xx_hal_tim.o
HAL_TIM_PWM_ConfigChannel                         build/stm32f1xx_hal_tim.o
HAL_TIM_PWM_DeInit                                build/stm32f1xx_hal_tim.o
HAL_TIM_PWM_GetState                              build/stm32f1xx_hal_tim.o
HAL_TIM_PWM_Init                                  build/stm32f1xx_hal_tim.o
HAL_TIM_PWM_MspDeInit                             build/stm32f1xx_hal_tim.o
HAL_TIM_PWM_MspInit                               build/stm32f1xx_hal_tim.o
HAL_TIM_PWM_PulseFinishedCallback                 build/stm32f1xx_hal_tim.o
                                                  build/stm32f1xx_hal_tim_ex.o
HAL_TIM_PWM_PulseFinishedHalfCpltCallback         build/stm32f1xx_hal_tim.o
HAL_TIM_PWM_Start                                 build/stm32f1xx_hal_tim.o
HAL_TIM_PWM_Start_DMA                             build/stm32f1xx_hal_tim.o
HAL_TIM_PWM_Start_IT                              build/stm32f1xx_hal_tim.o
HAL_TIM_PWM_Stop                                  build/stm32f1xx_hal_tim.o
HAL_TIM_PWM_Stop_DMA                              build/stm32f1xx_hal_tim.o
HAL_TIM_PWM_Stop_IT                               build/stm32f1xx_hal_tim.o
HAL_TIM_PeriodElapsedCallback                     build/stm32f1xx_hal_tim.o
HAL_TIM_PeriodElapsedHalfCpltCallback             build/stm32f1xx_hal_tim.o
HAL_TIM_ReadCapturedValue                         build/stm32f1xx_hal_tim.o
HAL_TIM_SlaveConfigSynchro                        build/stm32f1xx_hal_tim.o
HAL_TIM_SlaveConfigSynchro_IT                     build/stm32f1xx_hal_tim.o
HAL_TIM_TriggerCallback                           build/stm32f1xx_hal_tim.o
HAL_TIM_TriggerHalfCpltCallback                   build/stm32f1xx_hal_tim.o
HAL_UARTEx_GetRxEventType                         build/stm32f1xx_hal_uart.o
HAL_UARTEx_ReceiveToIdle                          build/stm32f1xx_hal_uart.o
HAL_UARTEx_ReceiveToIdle_DMA                      build/stm32f1xx_hal_uart.o
HAL_UARTEx_ReceiveToIdle_IT                       build/stm32f1xx_hal_uart.o
HAL_UARTEx_RxEventCallback                        build/stm32f1xx_hal_uart.o
HAL_UART_Abort                                    build/stm32f1xx_hal_uart.o
HAL_UART_AbortCpltCallback                        build/stm32f1xx_hal_uart.o
HAL_UART_AbortReceive                             build/stm32f1xx_hal_uart.o
HAL_UART_AbortReceiveCpltCallback                 build/stm32f1xx_hal_uart.o
HAL_UART_AbortReceive_IT                          build/stm32f1xx_hal_uart.o
HAL_UART_AbortTransmit                            build/stm32f1xx_hal_uart.o
HAL_UART_AbortTransmitCpltCallback                build/stm32f1xx_hal_uart.o
HAL_UART_AbortTransmit_IT                         build/stm32f1xx_hal_uart.o
HAL_UART_Abort_IT                                 build/stm32f1xx_hal_uart.o
HAL_UART_DMAPause                                 build/stm32f1xx_hal_uart.o
HAL_UART_DMAResume                                build/stm32f1xx_hal_uart.o
HAL_UART_DMAStop                                  build/stm32f1xx_hal_uart.o
HAL_UART_DeInit                                   build/stm32f1xx_hal_uart.o
HAL_UART_ErrorCallback                            build/stm32f1xx_hal_uart.o
HAL_UART_GetError                                 build/stm32f1xx_hal_uart.o
HAL_UART_GetState                                 build/stm32f1xx_hal_uart.o
HAL_UART_IRQHandler                               build/stm32f1xx_hal_uart.o
HAL_UART_Init                                     build/stm32f1xx_hal_uart.o
                                                  build/usart.o
HAL_UART_MspDeInit                                build/stm32f1xx_hal_uart.o
HAL_UART_MspInit                                  build/stm32f1xx_hal_uart.o
HAL_UART_Receive                                  build/stm32f1xx_hal_uart.o
HAL_UART_Receive_DMA                              build/stm32f1xx_hal_uart.o
HAL_UART_Receive_IT                               build/stm32f1xx_hal_uart.o
HAL_UART_RxCpltCallback                           build/stm32f1xx_hal_uart.o
HAL_UART_RxHalfCpltCallback                       build/stm32f1xx_hal_uart.o
HAL_UART_Transmit                                 build/stm32f1xx_hal_uart.o
                                                  build/usart.o
HAL_UART_Transmit_DMA                             build/stm32f1xx_hal_uart.o
HAL_UART_Transmit_IT                              build/stm32f1xx_hal_uart.o
HAL_UART_TxCpltCallback                           build/stm32f1xx_hal_uart.o
HAL_UART_TxHalfCpltCallback                       build/stm32f1xx_hal_uart.o
HardFault_Handler                                 build/stm32f1xx_it.o
I2C1_ER_IRQHandler                                build/startup_stm32f103xb.o
I2C1_EV_IRQHandler                                build/startup_stm32f103xb.o
I2C2_ER_IRQHandler                                build/startup_stm32f103xb.o
I2C2_EV_IRQHandler                                build/startup_stm32f103xb.o
MX_GPIO_Init                                      build/SysConfig.o
                                                  build/main.o
MainTask                                          build/main.o
MemManage_Handler                                 build/stm32f1xx_it.o
NMI_Handler                                       build/stm32f1xx_it.o
PID_Vel                                           build/main.o
PVD_IRQHandler                                    build/startup_stm32f103xb.o
PWM_init                                          build/timer.o
                                                  build/main.o
PendSV_Handler                                    build/port.o
RCC_IRQHandler                                    build/startup_stm32f103xb.o
RTC_Alarm_IRQHandler                              build/startup_stm32f103xb.o
RTC_IRQHandler                                    build/startup_stm32f103xb.o
Reset_Handler                                     build/startup_stm32f103xb.o
SPI1_IRQHandler                                   build/startup_stm32f103xb.o
SPI2_IRQHandler                                   build/startup_stm32f103xb.o
SVC_Handler                                       build/port.o
SendString                                        build/usart.o