ARM GAS  C:\Users\Lamp\AppData\Local\Temp\ccpxhZ9O.s 			page 1


   1              		.cpu cortex-m3
   2              		.arch armv7-m
   3              		.fpu softvfp
   4              		.eabi_attribute 20, 1
   5              		.eabi_attribute 21, 1
   6              		.eabi_attribute 23, 3
   7              		.eabi_attribute 24, 1
   8              		.eabi_attribute 25, 1
   9              		.eabi_attribute 26, 1
  10              		.eabi_attribute 30, 1
  11              		.eabi_attribute 34, 1
  12              		.eabi_attribute 18, 4
  13              		.file	"main.c"
  14              		.text
  15              	.Ltext0:
  16              		.cfi_sections	.debug_frame
  17              		.file 1 "Core/Src/main.c"
  18              		.section	.rodata.CommunicationTask.str1.4,"aMS",%progbits,1
  19              		.align	2
  20              	.LC0:
  21 0000 25642C25 		.ascii	"%d,%0.2f\012\000"
  21      302E3266 
  21      0A00
  22              		.global	__aeabi_f2d
  23              		.section	.text.CommunicationTask,"ax",%progbits
  24              		.align	1
  25              		.global	CommunicationTask
  26              		.syntax unified
  27              		.thumb
  28              		.thumb_func
  30              	CommunicationTask:
  31              	.LFB74:
   1:Core/Src/main.c **** #include "main.h"
   2:Core/Src/main.c **** #include "FreeRTOS.h"
   3:Core/Src/main.c **** #include "task.h"
   4:Core/Src/main.c **** #include "queue.h"
   5:Core/Src/main.c **** #include "semphr.h"
   6:Core/Src/main.c **** 
   7:Core/Src/main.c **** QueueHandle_t CommuniQueue;
   8:Core/Src/main.c **** SemaphoreHandle_t CommuniSemaphore;
   9:Core/Src/main.c **** 
  10:Core/Src/main.c **** uint8_t pwm;
  11:Core/Src/main.c **** extern int16_t encoder, pre_encoder;
  12:Core/Src/main.c **** extern int16_t delta_encoder;
  13:Core/Src/main.c **** float Setpoint, velocity, position;
  14:Core/Src/main.c **** uint8_t Ts = 100;
  15:Core/Src/main.c **** 
  16:Core/Src/main.c **** typedef struct {
  17:Core/Src/main.c ****   float setpoint;
  18:Core/Src/main.c ****   float velocity;
  19:Core/Src/main.c **** } data;
  20:Core/Src/main.c **** 
  21:Core/Src/main.c **** void PID_Vel(data* value);
  22:Core/Src/main.c **** 
  23:Core/Src/main.c **** /**
  24:Core/Src/main.c ****  * 
  25:Core/Src/main.c ****  */
ARM GAS  C:\Users\Lamp\AppData\Local\Temp\ccpxhZ9O.s 			page 2


  26:Core/Src/main.c **** void MainTask(void * xTaskParameters) {
  27:Core/Src/main.c ****   data dataToSend;
  28:Core/Src/main.c ****   for(;;) {
  29:Core/Src/main.c ****     dataToSend.setpoint = Setpoint;
  30:Core/Src/main.c ****     dataToSend.velocity = delta_encoder * 60 / (Ts * 0.001 * 4.0 * 11 * 45);
  31:Core/Src/main.c ****     pre_encoder = encoder;
  32:Core/Src/main.c ****     // position = encoder * 360.0 / (4.0 * 11 * 45);
  33:Core/Src/main.c ****     PID_Vel(&dataToSend);
  34:Core/Src/main.c **** 
  35:Core/Src/main.c ****     xQueueSend(CommuniQueue, (void *)&dataToSend, portMAX_DELAY);
  36:Core/Src/main.c **** 
  37:Core/Src/main.c ****     vTaskDelay(pdMS_TO_TICKS(Ts));
  38:Core/Src/main.c ****   }
  39:Core/Src/main.c **** }
  40:Core/Src/main.c **** 
  41:Core/Src/main.c **** /**
  42:Core/Src/main.c ****  * 
  43:Core/Src/main.c ****  */
  44:Core/Src/main.c **** char buffer[50];
  45:Core/Src/main.c **** void CommunicationTask(void * xTaskParameters) {
  32              		.loc 1 45 48 view -0
  33              		.cfi_startproc
  34              		@ Volatile: function does not return.
  35              		@ args = 0, pretend = 0, frame = 0
  36              		@ frame_needed = 0, uses_anonymous_args = 0
  37              	.LVL0:
  38              		.loc 1 45 48 is_stmt 0 view .LVU1
  39 0000 00B5     		push	{lr}
  40              	.LCFI0:
  41              		.cfi_def_cfa_offset 4
  42              		.cfi_offset 14, -4
  43 0002 83B0     		sub	sp, sp, #12
  44              	.LCFI1:
  45              		.cfi_def_cfa_offset 16
  46              	.LVL1:
  47              	.L2:
  46:Core/Src/main.c ****   for(;;) {
  48              		.loc 1 46 3 is_stmt 1 view .LVU2
  47:Core/Src/main.c ****     sprintf(buffer, "%d,%0.2f\n", pwm, velocity);
  49              		.loc 1 47 5 view .LVU3
  50 0004 084B     		ldr	r3, .L4
  51 0006 1D78     		ldrb	r5, [r3]	@ zero_extendqisi2
  52 0008 084C     		ldr	r4, .L4+4
  53 000a 094B     		ldr	r3, .L4+8
  54 000c 1868     		ldr	r0, [r3]	@ float
  55 000e FFF7FEFF 		bl	__aeabi_f2d
  56              	.LVL2:
  57 0012 CDE90001 		strd	r0, [sp]
  58 0016 2A46     		mov	r2, r5
  59 0018 0649     		ldr	r1, .L4+12
  60 001a 2046     		mov	r0, r4
  61 001c FFF7FEFF 		bl	sprintf_
  62              	.LVL3:
  48:Core/Src/main.c ****     SendString(buffer);
  63              		.loc 1 48 5 discriminator 1 view .LVU4
  64 0020 2046     		mov	r0, r4
  65 0022 FFF7FEFF 		bl	SendString
ARM GAS  C:\Users\Lamp\AppData\Local\Temp\ccpxhZ9O.s 			page 3


  66              	.LVL4:
  46:Core/Src/main.c ****   for(;;) {
  67              		.loc 1 46 3 view .LVU5
  68 0026 EDE7     		b	.L2
  69              	.L5:
  70              		.align	2
  71              	.L4:
  72 0028 00000000 		.word	pwm
  73 002c 00000000 		.word	buffer
  74 0030 00000000 		.word	velocity
  75 0034 00000000 		.word	.LC0
  76              		.cfi_endproc
  77              	.LFE74:
  79              		.section	.text.main,"ax",%progbits
  80              		.align	1
  81              		.global	main
  82              		.syntax unified
  83              		.thumb
  84              		.thumb_func
  86              	main:
  87              	.LFB75:
  49:Core/Src/main.c ****   }
  50:Core/Src/main.c **** }
  51:Core/Src/main.c **** 
  52:Core/Src/main.c **** int main(void)
  53:Core/Src/main.c **** {
  88              		.loc 1 53 1 view -0
  89              		.cfi_startproc
  90              		@ Volatile: function does not return.
  91              		@ args = 0, pretend = 0, frame = 0
  92              		@ frame_needed = 0, uses_anonymous_args = 0
  93 0000 00B5     		push	{lr}
  94              	.LCFI2:
  95              		.cfi_def_cfa_offset 4
  96              		.cfi_offset 14, -4
  97 0002 83B0     		sub	sp, sp, #12
  98              	.LCFI3:
  99              		.cfi_def_cfa_offset 16
  54:Core/Src/main.c ****   HAL_Init();
 100              		.loc 1 54 3 view .LVU7
 101 0004 FFF7FEFF 		bl	HAL_Init
 102              	.LVL5:
  55:Core/Src/main.c ****   SystemClock_Config();
 103              		.loc 1 55 3 view .LVU8
 104 0008 FFF7FEFF 		bl	SystemClock_Config
 105              	.LVL6:
  56:Core/Src/main.c ****   MX_GPIO_Init();
 106              		.loc 1 56 3 view .LVU9
 107 000c FFF7FEFF 		bl	MX_GPIO_Init
 108              	.LVL7:
  57:Core/Src/main.c **** 
  58:Core/Src/main.c ****   Encoder_Init();
 109              		.loc 1 58 3 view .LVU10
 110 0010 FFF7FEFF 		bl	Encoder_Init
 111              	.LVL8:
  59:Core/Src/main.c ****   PWM_init();
 112              		.loc 1 59 3 view .LVU11
ARM GAS  C:\Users\Lamp\AppData\Local\Temp\ccpxhZ9O.s 			page 4


 113 0014 FFF7FEFF 		bl	PWM_init
 114              	.LVL9:
  60:Core/Src/main.c ****   USART1_Init();
 115              		.loc 1 60 3 view .LVU12
 116 0018 FFF7FEFF 		bl	USART1_Init
 117              	.LVL10:
  61:Core/Src/main.c **** 
  62:Core/Src/main.c ****   HAL_GPIO_WritePin(GPIOB, GPIO_PIN_0, GPIO_PIN_RESET);
 118              		.loc 1 62 3 view .LVU13
 119 001c 1A4C     		ldr	r4, .L10
 120 001e 0022     		movs	r2, #0
 121 0020 0121     		movs	r1, #1
 122 0022 2046     		mov	r0, r4
 123 0024 FFF7FEFF 		bl	HAL_GPIO_WritePin
 124              	.LVL11:
  63:Core/Src/main.c **** 	HAL_GPIO_WritePin(GPIOB, GPIO_PIN_1, GPIO_PIN_SET);	
 125              		.loc 1 63 2 view .LVU14
 126 0028 0122     		movs	r2, #1
 127 002a 0221     		movs	r1, #2
 128 002c 2046     		mov	r0, r4
 129 002e FFF7FEFF 		bl	HAL_GPIO_WritePin
 130              	.LVL12:
  64:Core/Src/main.c ****   /* USER CODE BEGIN 2 */
  65:Core/Src/main.c **** 
  66:Core/Src/main.c ****   CommuniQueue = xQueueCreate(10, sizeof(data));
 131              		.loc 1 66 3 view .LVU15
 132              		.loc 1 66 18 is_stmt 0 view .LVU16
 133 0032 0022     		movs	r2, #0
 134 0034 0821     		movs	r1, #8
 135 0036 0A20     		movs	r0, #10
 136 0038 FFF7FEFF 		bl	xQueueGenericCreate
 137              	.LVL13:
 138              		.loc 1 66 16 discriminator 1 view .LVU17
 139 003c 134B     		ldr	r3, .L10+4
 140 003e 1860     		str	r0, [r3]
  67:Core/Src/main.c ****   vSemaphoreCreateBinary(CommuniSemaphore);
 141              		.loc 1 67 3 is_stmt 1 view .LVU18
 142 0040 0322     		movs	r2, #3
 143 0042 0021     		movs	r1, #0
 144 0044 0120     		movs	r0, #1
 145 0046 FFF7FEFF 		bl	xQueueGenericCreate
 146              	.LVL14:
 147              		.loc 1 67 3 is_stmt 0 discriminator 1 view .LVU19
 148 004a 114B     		ldr	r3, .L10+8
 149 004c 1860     		str	r0, [r3]
 150              		.loc 1 67 3 is_stmt 1 discriminator 1 view .LVU20
 151 004e 20B1     		cbz	r0, .L7
 152              		.loc 1 67 3 discriminator 1 view .LVU21
 153 0050 0023     		movs	r3, #0
 154 0052 1A46     		mov	r2, r3
 155 0054 1946     		mov	r1, r3
 156 0056 FFF7FEFF 		bl	xQueueGenericSend
 157              	.LVL15:
 158              	.L7:
 159              		.loc 1 67 43 discriminator 3 view .LVU22
  68:Core/Src/main.c **** 
  69:Core/Src/main.c ****   xTaskCreate(MainTask, NULL, configMINIMAL_STACK_SIZE, NULL, 3, NULL);
ARM GAS  C:\Users\Lamp\AppData\Local\Temp\ccpxhZ9O.s 			page 5


 160              		.loc 1 69 3 view .LVU23
 161 005a 0024     		movs	r4, #0
 162 005c 0194     		str	r4, [sp, #4]
 163 005e 0323     		movs	r3, #3
 164 0060 0093     		str	r3, [sp]
 165 0062 2346     		mov	r3, r4
 166 0064 8022     		movs	r2, #128
 167 0066 2146     		mov	r1, r4
 168 0068 0A48     		ldr	r0, .L10+12
 169 006a FFF7FEFF 		bl	xTaskCreate
 170              	.LVL16:
  70:Core/Src/main.c ****   xTaskCreate(CommunicationTask, NULL, configMINIMAL_STACK_SIZE, NULL, 2, NULL);
 171              		.loc 1 70 3 view .LVU24
 172 006e 0194     		str	r4, [sp, #4]
 173 0070 0223     		movs	r3, #2
 174 0072 0093     		str	r3, [sp]
 175 0074 2346     		mov	r3, r4
 176 0076 8022     		movs	r2, #128
 177 0078 2146     		mov	r1, r4
 178 007a 0748     		ldr	r0, .L10+16
 179 007c FFF7FEFF 		bl	xTaskCreate
 180              	.LVL17:
  71:Core/Src/main.c **** 
  72:Core/Src/main.c ****   vTaskStartScheduler();
 181              		.loc 1 72 3 view .LVU25
 182 0080 FFF7FEFF 		bl	vTaskStartScheduler
 183              	.LVL18:
 184              	.L8:
  73:Core/Src/main.c **** 
  74:Core/Src/main.c ****   /* USER CODE END 2 */
  75:Core/Src/main.c **** 
  76:Core/Src/main.c ****   /* Infinite loop */
  77:Core/Src/main.c ****   while (1) {}
 185              		.loc 1 77 3 view .LVU26
 186              		.loc 1 77 14 view .LVU27
 187              		.loc 1 77 9 view .LVU28
 188 0084 FEE7     		b	.L8
 189              	.L11:
 190 0086 00BF     		.align	2
 191              	.L10:
 192 0088 000C0140 		.word	1073810432
 193 008c 00000000 		.word	CommuniQueue
 194 0090 00000000 		.word	CommuniSemaphore
 195 0094 00000000 		.word	MainTask
 196 0098 00000000 		.word	CommunicationTask
 197              		.cfi_endproc
 198              	.LFE75:
 200              		.global	__aeabi_fsub
 201              		.global	__aeabi_fmul
 202              		.global	__aeabi_i2f
 203              		.global	__aeabi_dmul
 204              		.global	__aeabi_dadd
 205              		.global	__aeabi_d2f
 206              		.global	__aeabi_fadd
 207              		.global	__aeabi_f2lz
 208              		.global	__aeabi_l2f
 209              		.section	.text.PID_Vel,"ax",%progbits
ARM GAS  C:\Users\Lamp\AppData\Local\Temp\ccpxhZ9O.s 			page 6


 210              		.align	1
 211              		.global	PID_Vel
 212              		.syntax unified
 213              		.thumb
 214              		.thumb_func
 216              	PID_Vel:
 217              	.LVL19:
 218              	.LFB76:
  78:Core/Src/main.c **** }
  79:Core/Src/main.c **** 
  80:Core/Src/main.c **** void PID_Vel(data* value) {
 219              		.loc 1 80 27 view -0
 220              		.cfi_startproc
 221              		@ args = 0, pretend = 0, frame = 0
 222              		@ frame_needed = 0, uses_anonymous_args = 0
 223              		.loc 1 80 27 is_stmt 0 view .LVU30
 224 0000 2DE9F041 		push	{r4, r5, r6, r7, r8, lr}
 225              	.LCFI4:
 226              		.cfi_def_cfa_offset 24
 227              		.cfi_offset 4, -24
 228              		.cfi_offset 5, -20
 229              		.cfi_offset 6, -16
 230              		.cfi_offset 7, -12
 231              		.cfi_offset 8, -8
 232              		.cfi_offset 14, -4
  81:Core/Src/main.c ****   float error = value->setpoint - value->velocity;
 233              		.loc 1 81 3 is_stmt 1 view .LVU31
 234              		.loc 1 81 9 is_stmt 0 view .LVU32
 235 0004 4168     		ldr	r1, [r0, #4]	@ float
 236 0006 0068     		ldr	r0, [r0]	@ float
 237              	.LVL20:
 238              		.loc 1 81 9 view .LVU33
 239 0008 FFF7FEFF 		bl	__aeabi_fsub
 240              	.LVL21:
 241 000c 0646     		mov	r6, r0
 242              	.LVL22:
  82:Core/Src/main.c ****   static float up, ui, errorReset;
 243              		.loc 1 82 3 is_stmt 1 view .LVU34
  83:Core/Src/main.c ****   int64_t pwm;
 244              		.loc 1 83 3 view .LVU35
  84:Core/Src/main.c **** 
  85:Core/Src/main.c ****   int64_t Hlim = 100;
 245              		.loc 1 85 3 view .LVU36
  86:Core/Src/main.c ****   int64_t Llim = -100;
 246              		.loc 1 86 3 view .LVU37
  87:Core/Src/main.c **** 
  88:Core/Src/main.c ****   float Kp = 0.7397;
 247              		.loc 1 88 3 view .LVU38
  89:Core/Src/main.c ****   float Ki = 8.0296;
 248              		.loc 1 89 3 view .LVU39
  90:Core/Src/main.c ****   float Kb = 0;
 249              		.loc 1 90 3 view .LVU40
  91:Core/Src/main.c ****   
  92:Core/Src/main.c ****   up = Kp * error;
 250              		.loc 1 92 3 view .LVU41
 251              		.loc 1 92 11 is_stmt 0 view .LVU42
 252 000e 4E49     		ldr	r1, .L23+8
ARM GAS  C:\Users\Lamp\AppData\Local\Temp\ccpxhZ9O.s 			page 7


 253 0010 FFF7FEFF 		bl	__aeabi_fmul
 254              	.LVL23:
 255              		.loc 1 92 11 view .LVU43
 256 0014 0446     		mov	r4, r0
 257              		.loc 1 92 6 view .LVU44
 258 0016 4D4B     		ldr	r3, .L23+12
 259 0018 1860     		str	r0, [r3]	@ float
  93:Core/Src/main.c ****   ui += Ki * error * Ts * 0.001 + Kb * errorReset * Ts;
 260              		.loc 1 93 3 is_stmt 1 view .LVU45
 261              		.loc 1 93 12 is_stmt 0 view .LVU46
 262 001a 4D49     		ldr	r1, .L23+16
 263 001c 3046     		mov	r0, r6
 264 001e FFF7FEFF 		bl	__aeabi_fmul
 265              	.LVL24:
 266 0022 0646     		mov	r6, r0
 267              	.LVL25:
 268              		.loc 1 93 20 view .LVU47
 269 0024 4B4B     		ldr	r3, .L23+20
 270 0026 1878     		ldrb	r0, [r3]	@ zero_extendqisi2
 271 0028 FFF7FEFF 		bl	__aeabi_i2f
 272              	.LVL26:
 273 002c 0546     		mov	r5, r0
 274 002e 0146     		mov	r1, r0
 275 0030 3046     		mov	r0, r6
 276 0032 FFF7FEFF 		bl	__aeabi_fmul
 277              	.LVL27:
 278 0036 FFF7FEFF 		bl	__aeabi_f2d
 279              	.LVL28:
 280              		.loc 1 93 25 view .LVU48
 281 003a 41A3     		adr	r3, .L23
 282 003c D3E90023 		ldrd	r2, [r3]
 283 0040 FFF7FEFF 		bl	__aeabi_dmul
 284              	.LVL29:
 285 0044 0646     		mov	r6, r0
 286 0046 0F46     		mov	r7, r1
 287              		.loc 1 93 38 view .LVU49
 288 0048 0021     		movs	r1, #0
 289 004a 434B     		ldr	r3, .L23+24
 290 004c 1868     		ldr	r0, [r3]	@ float
 291 004e FFF7FEFF 		bl	__aeabi_fmul
 292              	.LVL30:
 293 0052 0146     		mov	r1, r0
 294              		.loc 1 93 51 view .LVU50
 295 0054 2846     		mov	r0, r5
 296 0056 FFF7FEFF 		bl	__aeabi_fmul
 297              	.LVL31:
 298 005a FFF7FEFF 		bl	__aeabi_f2d
 299              	.LVL32:
 300 005e 0246     		mov	r2, r0
 301 0060 0B46     		mov	r3, r1
 302              		.loc 1 93 33 view .LVU51
 303 0062 3046     		mov	r0, r6
 304 0064 3946     		mov	r1, r7
 305 0066 FFF7FEFF 		bl	__aeabi_dadd
 306              	.LVL33:
 307 006a 0646     		mov	r6, r0
 308 006c 0F46     		mov	r7, r1
ARM GAS  C:\Users\Lamp\AppData\Local\Temp\ccpxhZ9O.s 			page 8


 309              		.loc 1 93 6 view .LVU52
 310 006e 3B4D     		ldr	r5, .L23+28
 311 0070 2868     		ldr	r0, [r5]	@ float
 312 0072 FFF7FEFF 		bl	__aeabi_f2d
 313              	.LVL34:
 314 0076 3246     		mov	r2, r6
 315 0078 3B46     		mov	r3, r7
 316 007a FFF7FEFF 		bl	__aeabi_dadd
 317              	.LVL35:
 318 007e FFF7FEFF 		bl	__aeabi_d2f
 319              	.LVL36:
 320 0082 0146     		mov	r1, r0
 321 0084 2860     		str	r0, [r5]	@ float
  94:Core/Src/main.c **** 
  95:Core/Src/main.c ****   int64_t uout = (int64_t)(up + ui);
 322              		.loc 1 95 3 is_stmt 1 view .LVU53
 323              		.loc 1 95 31 is_stmt 0 view .LVU54
 324 0086 2046     		mov	r0, r4
 325 0088 FFF7FEFF 		bl	__aeabi_fadd
 326              	.LVL37:
 327              		.loc 1 95 11 view .LVU55
 328 008c FFF7FEFF 		bl	__aeabi_f2lz
 329              	.LVL38:
 330 0090 0446     		mov	r4, r0
 331 0092 0D46     		mov	r5, r1
 332 0094 0746     		mov	r7, r0
 333 0096 0E46     		mov	r6, r1
 334              	.LVL39:
  96:Core/Src/main.c **** 
  97:Core/Src/main.c ****   if (uout > 0) {
 335              		.loc 1 97 3 is_stmt 1 view .LVU56
 336              		.loc 1 97 6 is_stmt 0 view .LVU57
 337 0098 0128     		cmp	r0, #1
 338 009a 71F10003 		sbcs	r3, r1, #0
 339 009e 15DA     		bge	.L21
  98:Core/Src/main.c ****     HAL_GPIO_WritePin(GPIOB, GPIO_PIN_0, GPIO_PIN_RESET);
  99:Core/Src/main.c ****     HAL_GPIO_WritePin(GPIOB, GPIO_PIN_1, GPIO_PIN_SET);
 100:Core/Src/main.c **** 
 101:Core/Src/main.c ****     if (uout > Hlim) pwm = Hlim;
 102:Core/Src/main.c ****     else pwm = uout;
 103:Core/Src/main.c **** 
 104:Core/Src/main.c ****     errorReset = pwm - uout;
 105:Core/Src/main.c ****   }
 106:Core/Src/main.c ****   else if (uout < 0) {
 340              		.loc 1 106 8 is_stmt 1 view .LVU58
 341              		.loc 1 106 11 is_stmt 0 view .LVU59
 342 00a0 0029     		cmp	r1, #0
 343 00a2 30DB     		blt	.L22
 107:Core/Src/main.c ****     HAL_GPIO_WritePin(GPIOB, GPIO_PIN_0, GPIO_PIN_SET);
 108:Core/Src/main.c ****     HAL_GPIO_WritePin(GPIOB, GPIO_PIN_1, GPIO_PIN_RESET);
 109:Core/Src/main.c **** 
 110:Core/Src/main.c ****     if (uout < Hlim) pwm = Llim;
 111:Core/Src/main.c ****     else pwm = uout;
 112:Core/Src/main.c **** 
 113:Core/Src/main.c ****     errorReset = pwm - uout;
 114:Core/Src/main.c **** 
 115:Core/Src/main.c ****     uout *= -1;
ARM GAS  C:\Users\Lamp\AppData\Local\Temp\ccpxhZ9O.s 			page 9


 116:Core/Src/main.c ****   }
 117:Core/Src/main.c ****   else {
 118:Core/Src/main.c ****     HAL_GPIO_WritePin(GPIOB, GPIO_PIN_0, GPIO_PIN_RESET);
 344              		.loc 1 118 5 is_stmt 1 view .LVU60
 345 00a4 2E4C     		ldr	r4, .L23+32
 346 00a6 0022     		movs	r2, #0
 347 00a8 0121     		movs	r1, #1
 348              	.LVL40:
 349              		.loc 1 118 5 is_stmt 0 view .LVU61
 350 00aa 2046     		mov	r0, r4
 351              	.LVL41:
 352              		.loc 1 118 5 view .LVU62
 353 00ac FFF7FEFF 		bl	HAL_GPIO_WritePin
 354              	.LVL42:
 119:Core/Src/main.c ****     HAL_GPIO_WritePin(GPIOB, GPIO_PIN_1, GPIO_PIN_RESET);    
 355              		.loc 1 119 5 is_stmt 1 view .LVU63
 356 00b0 0022     		movs	r2, #0
 357 00b2 0221     		movs	r1, #2
 358 00b4 2046     		mov	r0, r4
 359 00b6 FFF7FEFF 		bl	HAL_GPIO_WritePin
 360              	.LVL43:
 120:Core/Src/main.c ****     pwm = 0;
 361              		.loc 1 120 5 view .LVU64
 121:Core/Src/main.c **** 
 122:Core/Src/main.c ****     errorReset = pwm - uout;
 362              		.loc 1 122 5 view .LVU65
 363              		.loc 1 122 22 is_stmt 0 view .LVU66
 364 00ba 7842     		negs	r0, r7
 365              		.loc 1 122 16 view .LVU67
 366 00bc 65EB4501 		sbc	r1, r5, r5, lsl #1
 367 00c0 FFF7FEFF 		bl	__aeabi_l2f
 368              	.LVL44:
 369 00c4 244B     		ldr	r3, .L23+24
 370 00c6 1860     		str	r0, [r3]	@ float
 120:Core/Src/main.c ****     pwm = 0;
 371              		.loc 1 120 9 view .LVU68
 372 00c8 0024     		movs	r4, #0
 373 00ca 18E0     		b	.L15
 374              	.LVL45:
 375              	.L21:
  98:Core/Src/main.c ****     HAL_GPIO_WritePin(GPIOB, GPIO_PIN_1, GPIO_PIN_SET);
 376              		.loc 1 98 5 is_stmt 1 view .LVU69
 377 00cc DFF89080 		ldr	r8, .L23+32
 378 00d0 0022     		movs	r2, #0
 379 00d2 0121     		movs	r1, #1
 380              	.LVL46:
  98:Core/Src/main.c ****     HAL_GPIO_WritePin(GPIOB, GPIO_PIN_1, GPIO_PIN_SET);
 381              		.loc 1 98 5 is_stmt 0 view .LVU70
 382 00d4 4046     		mov	r0, r8
 383              	.LVL47:
  98:Core/Src/main.c ****     HAL_GPIO_WritePin(GPIOB, GPIO_PIN_1, GPIO_PIN_SET);
 384              		.loc 1 98 5 view .LVU71
 385 00d6 FFF7FEFF 		bl	HAL_GPIO_WritePin
 386              	.LVL48:
  99:Core/Src/main.c **** 
 387              		.loc 1 99 5 is_stmt 1 view .LVU72
 388 00da 0122     		movs	r2, #1
ARM GAS  C:\Users\Lamp\AppData\Local\Temp\ccpxhZ9O.s 			page 10


 389 00dc 0221     		movs	r1, #2
 390 00de 4046     		mov	r0, r8
 391 00e0 FFF7FEFF 		bl	HAL_GPIO_WritePin
 392              	.LVL49:
 101:Core/Src/main.c ****     else pwm = uout;
 393              		.loc 1 101 5 view .LVU73
 101:Core/Src/main.c ****     else pwm = uout;
 394              		.loc 1 101 8 is_stmt 0 view .LVU74
 395 00e4 652C     		cmp	r4, #101
 396 00e6 75F10003 		sbcs	r3, r5, #0
 397 00ea 01DB     		blt	.L14
 101:Core/Src/main.c ****     else pwm = uout;
 398              		.loc 1 101 26 discriminator 1 view .LVU75
 399 00ec 6424     		movs	r4, #100
 400              	.LVL50:
 101:Core/Src/main.c ****     else pwm = uout;
 401              		.loc 1 101 26 discriminator 1 view .LVU76
 402 00ee 0025     		movs	r5, #0
 403              	.LVL51:
 404              	.L14:
 104:Core/Src/main.c ****   }
 405              		.loc 1 104 5 is_stmt 1 view .LVU77
 104:Core/Src/main.c ****   }
 406              		.loc 1 104 22 is_stmt 0 view .LVU78
 407 00f0 E01B     		subs	r0, r4, r7
 104:Core/Src/main.c ****   }
 408              		.loc 1 104 16 view .LVU79
 409 00f2 65EB0601 		sbc	r1, r5, r6
 410 00f6 FFF7FEFF 		bl	__aeabi_l2f
 411              	.LVL52:
 412 00fa 174B     		ldr	r3, .L23+24
 413 00fc 1860     		str	r0, [r3]	@ float
 414              	.LVL53:
 415              	.L15:
 123:Core/Src/main.c ****   }
 124:Core/Src/main.c **** 
 125:Core/Src/main.c ****   TIM3->CCR1 = pwm;
 416              		.loc 1 125 3 is_stmt 1 view .LVU80
 417              		.loc 1 125 14 is_stmt 0 view .LVU81
 418 00fe 194B     		ldr	r3, .L23+36
 419 0100 5C63     		str	r4, [r3, #52]
 126:Core/Src/main.c **** }
 420              		.loc 1 126 1 view .LVU82
 421 0102 BDE8F081 		pop	{r4, r5, r6, r7, r8, pc}
 422              	.LVL54:
 423              	.L22:
 107:Core/Src/main.c ****     HAL_GPIO_WritePin(GPIOB, GPIO_PIN_1, GPIO_PIN_RESET);
 424              		.loc 1 107 5 is_stmt 1 view .LVU83
 425 0106 DFF85880 		ldr	r8, .L23+32
 426 010a 0122     		movs	r2, #1
 427 010c 1146     		mov	r1, r2
 428              	.LVL55:
 107:Core/Src/main.c ****     HAL_GPIO_WritePin(GPIOB, GPIO_PIN_1, GPIO_PIN_RESET);
 429              		.loc 1 107 5 is_stmt 0 view .LVU84
 430 010e 4046     		mov	r0, r8
 431              	.LVL56:
 107:Core/Src/main.c ****     HAL_GPIO_WritePin(GPIOB, GPIO_PIN_1, GPIO_PIN_RESET);
ARM GAS  C:\Users\Lamp\AppData\Local\Temp\ccpxhZ9O.s 			page 11


 432              		.loc 1 107 5 view .LVU85
 433 0110 FFF7FEFF 		bl	HAL_GPIO_WritePin
 434              	.LVL57:
 108:Core/Src/main.c **** 
 435              		.loc 1 108 5 is_stmt 1 view .LVU86
 436 0114 0022     		movs	r2, #0
 437 0116 0221     		movs	r1, #2
 438 0118 4046     		mov	r0, r8
 439 011a FFF7FEFF 		bl	HAL_GPIO_WritePin
 440              	.LVL58:
 110:Core/Src/main.c ****     else pwm = uout;
 441              		.loc 1 110 5 view .LVU87
 110:Core/Src/main.c ****     else pwm = uout;
 442              		.loc 1 110 8 is_stmt 0 view .LVU88
 443 011e 642C     		cmp	r4, #100
 444 0120 75F10003 		sbcs	r3, r5, #0
 445 0124 03DA     		bge	.L17
 110:Core/Src/main.c ****     else pwm = uout;
 446              		.loc 1 110 26 discriminator 1 view .LVU89
 447 0126 6FF06304 		mvn	r4, #99
 448              	.LVL59:
 110:Core/Src/main.c ****     else pwm = uout;
 449              		.loc 1 110 26 discriminator 1 view .LVU90
 450 012a 4FF0FF35 		mov	r5, #-1
 451              	.LVL60:
 452              	.L17:
 113:Core/Src/main.c **** 
 453              		.loc 1 113 5 is_stmt 1 view .LVU91
 113:Core/Src/main.c **** 
 454              		.loc 1 113 22 is_stmt 0 view .LVU92
 455 012e E01B     		subs	r0, r4, r7
 113:Core/Src/main.c **** 
 456              		.loc 1 113 16 view .LVU93
 457 0130 65EB0601 		sbc	r1, r5, r6
 458 0134 FFF7FEFF 		bl	__aeabi_l2f
 459              	.LVL61:
 460 0138 074B     		ldr	r3, .L23+24
 461 013a 1860     		str	r0, [r3]	@ float
 115:Core/Src/main.c ****   }
 462              		.loc 1 115 5 is_stmt 1 view .LVU94
 463              	.LVL62:
 115:Core/Src/main.c ****   }
 464              		.loc 1 115 5 is_stmt 0 view .LVU95
 465 013c DFE7     		b	.L15
 466              	.L24:
 467 013e 00BF     		.align	3
 468              	.L23:
 469 0140 FCA9F1D2 		.word	-755914244
 470 0144 4D62503F 		.word	1062232653
 471 0148 FB5C3D3F 		.word	1060986107
 472 014c 00000000 		.word	up.2
 473 0150 3E790041 		.word	1090550078
 474 0154 00000000 		.word	Ts
 475 0158 00000000 		.word	errorReset.0
 476 015c 00000000 		.word	ui.1
 477 0160 000C0140 		.word	1073810432
 478 0164 00040040 		.word	1073742848
ARM GAS  C:\Users\Lamp\AppData\Local\Temp\ccpxhZ9O.s 			page 12


 479              		.cfi_endproc
 480              	.LFE76:
 482              		.global	__aeabi_i2d
 483              		.global	__aeabi_ddiv
 484              		.section	.text.MainTask,"ax",%progbits
 485              		.align	1
 486              		.global	MainTask
 487              		.syntax unified
 488              		.thumb
 489              		.thumb_func
 491              	MainTask:
 492              	.LFB73:
  26:Core/Src/main.c ****   data dataToSend;
 493              		.loc 1 26 39 is_stmt 1 view -0
 494              		.cfi_startproc
 495              		@ Volatile: function does not return.
 496              		@ args = 0, pretend = 0, frame = 8
 497              		@ frame_needed = 0, uses_anonymous_args = 0
 498              	.LVL63:
  26:Core/Src/main.c ****   data dataToSend;
 499              		.loc 1 26 39 is_stmt 0 view .LVU97
 500 0000 80B5     		push	{r7, lr}
 501              	.LCFI5:
 502              		.cfi_def_cfa_offset 8
 503              		.cfi_offset 7, -8
 504              		.cfi_offset 14, -4
 505 0002 82B0     		sub	sp, sp, #8
 506              	.LCFI6:
 507              		.cfi_def_cfa_offset 16
 508              	.LVL64:
 509              	.L26:
  27:Core/Src/main.c ****   for(;;) {
 510              		.loc 1 27 3 is_stmt 1 view .LVU98
  28:Core/Src/main.c ****     dataToSend.setpoint = Setpoint;
 511              		.loc 1 28 3 view .LVU99
  29:Core/Src/main.c ****     dataToSend.velocity = delta_encoder * 60 / (Ts * 0.001 * 4.0 * 11 * 45);
 512              		.loc 1 29 5 view .LVU100
  29:Core/Src/main.c ****     dataToSend.velocity = delta_encoder * 60 / (Ts * 0.001 * 4.0 * 11 * 45);
 513              		.loc 1 29 25 is_stmt 0 view .LVU101
 514 0004 244B     		ldr	r3, .L28+8
 515 0006 1B68     		ldr	r3, [r3]	@ float
 516 0008 0093     		str	r3, [sp]	@ float
  30:Core/Src/main.c ****     pre_encoder = encoder;
 517              		.loc 1 30 5 is_stmt 1 view .LVU102
  30:Core/Src/main.c ****     pre_encoder = encoder;
 518              		.loc 1 30 41 is_stmt 0 view .LVU103
 519 000a 244B     		ldr	r3, .L28+12
 520 000c B3F90000 		ldrsh	r0, [r3]
 521 0010 C0EB0010 		rsb	r0, r0, r0, lsl #4
 522 0014 8400     		lsls	r4, r0, #2
  30:Core/Src/main.c ****     pre_encoder = encoder;
 523              		.loc 1 30 52 view .LVU104
 524 0016 224D     		ldr	r5, .L28+16
 525 0018 2878     		ldrb	r0, [r5]	@ zero_extendqisi2
 526 001a FFF7FEFF 		bl	__aeabi_i2d
 527              	.LVL65:
 528 001e 1CA3     		adr	r3, .L28
ARM GAS  C:\Users\Lamp\AppData\Local\Temp\ccpxhZ9O.s 			page 13


 529 0020 D3E90023 		ldrd	r2, [r3]
 530 0024 FFF7FEFF 		bl	__aeabi_dmul
 531              	.LVL66:
  30:Core/Src/main.c ****     pre_encoder = encoder;
 532              		.loc 1 30 60 view .LVU105
 533 0028 0022     		movs	r2, #0
 534 002a 1E4B     		ldr	r3, .L28+20
 535 002c FFF7FEFF 		bl	__aeabi_dmul
 536              	.LVL67:
  30:Core/Src/main.c ****     pre_encoder = encoder;
 537              		.loc 1 30 66 view .LVU106
 538 0030 0022     		movs	r2, #0
 539 0032 1D4B     		ldr	r3, .L28+24
 540 0034 FFF7FEFF 		bl	__aeabi_dmul
 541              	.LVL68:
  30:Core/Src/main.c ****     pre_encoder = encoder;
 542              		.loc 1 30 71 view .LVU107
 543 0038 0022     		movs	r2, #0
 544 003a 1C4B     		ldr	r3, .L28+28
 545 003c FFF7FEFF 		bl	__aeabi_dmul
 546              	.LVL69:
 547 0040 0646     		mov	r6, r0
 548 0042 0F46     		mov	r7, r1
  30:Core/Src/main.c ****     pre_encoder = encoder;
 549              		.loc 1 30 46 view .LVU108
 550 0044 2046     		mov	r0, r4
 551 0046 FFF7FEFF 		bl	__aeabi_i2d
 552              	.LVL70:
 553 004a 3246     		mov	r2, r6
 554 004c 3B46     		mov	r3, r7
 555 004e FFF7FEFF 		bl	__aeabi_ddiv
 556              	.LVL71:
 557 0052 FFF7FEFF 		bl	__aeabi_d2f
 558              	.LVL72:
  30:Core/Src/main.c ****     pre_encoder = encoder;
 559              		.loc 1 30 25 view .LVU109
 560 0056 0190     		str	r0, [sp, #4]	@ float
  31:Core/Src/main.c ****     // position = encoder * 360.0 / (4.0 * 11 * 45);
 561              		.loc 1 31 5 is_stmt 1 view .LVU110
  31:Core/Src/main.c ****     // position = encoder * 360.0 / (4.0 * 11 * 45);
 562              		.loc 1 31 17 is_stmt 0 view .LVU111
 563 0058 154B     		ldr	r3, .L28+32
 564 005a 1A88     		ldrh	r2, [r3]
 565 005c 154B     		ldr	r3, .L28+36
 566 005e 1A80     		strh	r2, [r3]	@ movhi
  33:Core/Src/main.c **** 
 567              		.loc 1 33 5 is_stmt 1 view .LVU112
 568 0060 6846     		mov	r0, sp
 569 0062 FFF7FEFF 		bl	PID_Vel
 570              	.LVL73:
  35:Core/Src/main.c **** 
 571              		.loc 1 35 5 view .LVU113
 572 0066 0023     		movs	r3, #0
 573 0068 4FF0FF32 		mov	r2, #-1
 574 006c 6946     		mov	r1, sp
 575 006e 1248     		ldr	r0, .L28+40
 576 0070 0068     		ldr	r0, [r0]
ARM GAS  C:\Users\Lamp\AppData\Local\Temp\ccpxhZ9O.s 			page 14


 577 0072 FFF7FEFF 		bl	xQueueGenericSend
 578              	.LVL74:
  37:Core/Src/main.c ****   }
 579              		.loc 1 37 5 discriminator 1 view .LVU114
  37:Core/Src/main.c ****   }
 580              		.loc 1 37 16 is_stmt 0 discriminator 1 view .LVU115
 581 0076 2878     		ldrb	r0, [r5]	@ zero_extendqisi2
 582 0078 4FF47A73 		mov	r3, #1000
 583 007c 03FB00F0 		mul	r0, r3, r0
  37:Core/Src/main.c ****   }
 584              		.loc 1 37 5 discriminator 1 view .LVU116
 585 0080 0E4B     		ldr	r3, .L28+44
 586 0082 A3FB0030 		umull	r3, r0, r3, r0
 587 0086 8009     		lsrs	r0, r0, #6
 588 0088 FFF7FEFF 		bl	vTaskDelay
 589              	.LVL75:
  28:Core/Src/main.c ****     dataToSend.setpoint = Setpoint;
 590              		.loc 1 28 3 is_stmt 1 view .LVU117
 591 008c BAE7     		b	.L26
 592              	.L29:
 593 008e 00BF     		.align	3
 594              	.L28:
 595 0090 FCA9F1D2 		.word	-755914244
 596 0094 4D62503F 		.word	1062232653
 597 0098 00000000 		.word	Setpoint
 598 009c 00000000 		.word	delta_encoder
 599 00a0 00000000 		.word	Ts
 600 00a4 00001040 		.word	1074790400
 601 00a8 00002640 		.word	1076232192
 602 00ac 00804640 		.word	1078362112
 603 00b0 00000000 		.word	encoder
 604 00b4 00000000 		.word	pre_encoder
 605 00b8 00000000 		.word	CommuniQueue
 606 00bc D34D6210 		.word	274877907
 607              		.cfi_endproc
 608              	.LFE73:
 610              		.section	.bss.errorReset.0,"aw",%nobits
 611              		.align	2
 614              	errorReset.0:
 615 0000 00000000 		.space	4
 616              		.section	.bss.ui.1,"aw",%nobits
 617              		.align	2
 620              	ui.1:
 621 0000 00000000 		.space	4
 622              		.section	.bss.up.2,"aw",%nobits
 623              		.align	2
 626              	up.2:
 627 0000 00000000 		.space	4
 628              		.global	buffer
 629              		.section	.bss.buffer,"aw",%nobits
 630              		.align	2
 633              	buffer:
 634 0000 00000000 		.space	50
 634      00000000 
 634      00000000 
 634      00000000 
 634      00000000 
ARM GAS  C:\Users\Lamp\AppData\Local\Temp\ccpxhZ9O.s 			page 15


 635              		.global	Ts
 636              		.section	.data.Ts,"aw"
 639              	Ts:
 640 0000 64       		.byte	100
 641              		.global	position
 642              		.section	.bss.position,"aw",%nobits
 643              		.align	2
 646              	position:
 647 0000 00000000 		.space	4
 648              		.global	velocity
 649              		.section	.bss.velocity,"aw",%nobits
 650              		.align	2
 653              	velocity:
 654 0000 00000000 		.space	4
 655              		.global	Setpoint
 656              		.section	.bss.Setpoint,"aw",%nobits
 657              		.align	2
 660              	Setpoint:
 661 0000 00000000 		.space	4
 662              		.global	pwm
 663              		.section	.bss.pwm,"aw",%nobits
 666              	pwm:
 667 0000 00       		.space	1
 668              		.global	CommuniSemaphore
 669              		.section	.bss.CommuniSemaphore,"aw",%nobits
 670              		.align	2
 673              	CommuniSemaphore:
 674 0000 00000000 		.space	4
 675              		.global	CommuniQueue
 676              		.section	.bss.CommuniQueue,"aw",%nobits
 677              		.align	2
 680              	CommuniQueue:
 681 0000 00000000 		.space	4
 682              		.text
 683              	.Letext0:
 684              		.file 2 "C:/ARM GNU Toolchain/arm-none-eabi/include/machine/_default_types.h"
 685              		.file 3 "C:/ARM GNU Toolchain/arm-none-eabi/include/sys/_stdint.h"
 686              		.file 4 "Drivers/CMSIS/Device/ST/STM32F1xx/Include/stm32f103xb.h"
 687              		.file 5 "Drivers/STM32F1xx_HAL_Driver/Inc/stm32f1xx_hal_def.h"
 688              		.file 6 "Drivers/STM32F1xx_HAL_Driver/Inc/stm32f1xx_hal_gpio.h"
 689              		.file 7 "ThirdParty/FreeRTOS/include/projdefs.h"
 690              		.file 8 "ThirdParty/FreeRTOS/portable/GCC/ARM_CM3/portmacro.h"
 691              		.file 9 "ThirdParty/FreeRTOS/include/task.h"
 692              		.file 10 "ThirdParty/FreeRTOS/include/queue.h"
 693              		.file 11 "ThirdParty/FreeRTOS/include/semphr.h"
 694              		.file 12 "Core/Src/Drivers/Inc/usart.h"
 695              		.file 13 "Core/Src/Drivers/Inc/timer.h"
 696              		.file 14 "Core/Src/Drivers/Inc/SysConfig.h"
 697              		.file 15 "Core/Inc/printf.h"
 698              		.file 16 "Drivers/STM32F1xx_HAL_Driver/Inc/stm32f1xx_hal.h"
ARM GAS  C:\Users\Lamp\AppData\Local\Temp\ccpxhZ9O.s 			page 16


DEFINED SYMBOLS
                            *ABS*:00000000 main.c
C:\Users\Lamp\AppData\Local\Temp\ccpxhZ9O.s:19     .rodata.CommunicationTask.str1.4:00000000 $d
C:\Users\Lamp\AppData\Local\Temp\ccpxhZ9O.s:24     .text.CommunicationTask:00000000 $t
C:\Users\Lamp\AppData\Local\Temp\ccpxhZ9O.s:30     .text.CommunicationTask:00000000 CommunicationTask
C:\Users\Lamp\AppData\Local\Temp\ccpxhZ9O.s:72     .text.CommunicationTask:00000028 $d
C:\Users\Lamp\AppData\Local\Temp\ccpxhZ9O.s:666    .bss.pwm:00000000 pwm
C:\Users\Lamp\AppData\Local\Temp\ccpxhZ9O.s:633    .bss.buffer:00000000 buffer
C:\Users\Lamp\AppData\Local\Temp\ccpxhZ9O.s:653    .bss.velocity:00000000 velocity
C:\Users\Lamp\AppData\Local\Temp\ccpxhZ9O.s:80     .text.main:00000000 $t
C:\Users\Lamp\AppData\Local\Temp\ccpxhZ9O.s:86     .text.main:00000000 main
C:\Users\Lamp\AppData\Local\Temp\ccpxhZ9O.s:192    .text.main:00000088 $d
C:\Users\Lamp\AppData\Local\Temp\ccpxhZ9O.s:680    .bss.CommuniQueue:00000000 CommuniQueue
C:\Users\Lamp\AppData\Local\Temp\ccpxhZ9O.s:673    .bss.CommuniSemaphore:00000000 CommuniSemaphore
C:\Users\Lamp\AppData\Local\Temp\ccpxhZ9O.s:491    .text.MainTask:00000000 MainTask
C:\Users\Lamp\AppData\Local\Temp\ccpxhZ9O.s:210    .text.PID_Vel:00000000 $t
C:\Users\Lamp\AppData\Local\Temp\ccpxhZ9O.s:216    .text.PID_Vel:00000000 PID_Vel
C:\Users\Lamp\AppData\Local\Temp\ccpxhZ9O.s:469    .text.PID_Vel:00000140 $d
C:\Users\Lamp\AppData\Local\Temp\ccpxhZ9O.s:626    .bss.up.2:00000000 up.2
C:\Users\Lamp\AppData\Local\Temp\ccpxhZ9O.s:639    .data.Ts:00000000 Ts
C:\Users\Lamp\AppData\Local\Temp\ccpxhZ9O.s:614    .bss.errorReset.0:00000000 errorReset.0
C:\Users\Lamp\AppData\Local\Temp\ccpxhZ9O.s:620    .bss.ui.1:00000000 ui.1
C:\Users\Lamp\AppData\Local\Temp\ccpxhZ9O.s:485    .text.MainTask:00000000 $t
C:\Users\Lamp\AppData\Local\Temp\ccpxhZ9O.s:595    .text.MainTask:00000090 $d
C:\Users\Lamp\AppData\Local\Temp\ccpxhZ9O.s:660    .bss.Setpoint:00000000 Setpoint
C:\Users\Lamp\AppData\Local\Temp\ccpxhZ9O.s:611    .bss.errorReset.0:00000000 $d
C:\Users\Lamp\AppData\Local\Temp\ccpxhZ9O.s:617    .bss.ui.1:00000000 $d
C:\Users\Lamp\AppData\Local\Temp\ccpxhZ9O.s:623    .bss.up.2:00000000 $d
C:\Users\Lamp\AppData\Local\Temp\ccpxhZ9O.s:630    .bss.buffer:00000000 $d
C:\Users\Lamp\AppData\Local\Temp\ccpxhZ9O.s:646    .bss.position:00000000 position
C:\Users\Lamp\AppData\Local\Temp\ccpxhZ9O.s:643    .bss.position:00000000 $d
C:\Users\Lamp\AppData\Local\Temp\ccpxhZ9O.s:650    .bss.velocity:00000000 $d
C:\Users\Lamp\AppData\Local\Temp\ccpxhZ9O.s:657    .bss.Setpoint:00000000 $d
C:\Users\Lamp\AppData\Local\Temp\ccpxhZ9O.s:667    .bss.pwm:00000000 $d
C:\Users\Lamp\AppData\Local\Temp\ccpxhZ9O.s:670    .bss.CommuniSemaphore:00000000 $d
C:\Users\Lamp\AppData\Local\Temp\ccpxhZ9O.s:677    .bss.CommuniQueue:00000000 $d

UNDEFINED SYMBOLS
__aeabi_f2d
sprintf_
SendString
HAL_Init
SystemClock_Config
MX_GPIO_Init
Encoder_Init
PWM_init
USART1_Init
HAL_GPIO_WritePin
xQueueGenericCreate
xQueueGenericSend
xTaskCreate
vTaskStartScheduler
__aeabi_fsub
__aeabi_fmul
__aeabi_i2f
__aeabi_dmul
__aeabi_dadd
ARM GAS  C:\Users\Lamp\AppData\Local\Temp\ccpxhZ9O.s 			page 17


__aeabi_d2f
__aeabi_fadd
__aeabi_f2lz
__aeabi_l2f
__aeabi_i2d
__aeabi_ddiv
vTaskDelay
delta_encoder
encoder
pre_encoder
