ARM GAS  C:\Users\Lamp\AppData\Local\Temp\ccjjoMwc.s 			page 1


   1              		.cpu cortex-m3
   2              		.arch armv7-m
   3              		.fpu softvfp
   4              		.eabi_attribute 20, 1
   5              		.eabi_attribute 21, 1
   6              		.eabi_attribute 23, 3
   7              		.eabi_attribute 24, 1
   8              		.eabi_attribute 25, 1
   9              		.eabi_attribute 26, 1
  10              		.eabi_attribute 30, 1
  11              		.eabi_attribute 34, 1
  12              		.eabi_attribute 18, 4
  13              		.file	"usart.c"
  14              		.text
  15              	.Ltext0:
  16              		.cfi_sections	.debug_frame
  17              		.file 1 "Core/Src/Drivers/Src/usart.c"
  18              		.section	.text.SendString,"ax",%progbits
  19              		.align	1
  20              		.global	SendString
  21              		.syntax unified
  22              		.thumb
  23              		.thumb_func
  25              	SendString:
  26              	.LVL0:
  27              	.LFB65:
   1:Core/Src/Drivers/Src/usart.c **** #include "usart.h"
   2:Core/Src/Drivers/Src/usart.c **** 
   3:Core/Src/Drivers/Src/usart.c **** UART_HandleTypeDef huart1;
   4:Core/Src/Drivers/Src/usart.c **** 
   5:Core/Src/Drivers/Src/usart.c **** void SendString(char* str)
   6:Core/Src/Drivers/Src/usart.c **** {
  28              		.loc 1 6 1 view -0
  29              		.cfi_startproc
  30              		@ args = 0, pretend = 0, frame = 0
  31              		@ frame_needed = 0, uses_anonymous_args = 0
  32              		.loc 1 6 1 is_stmt 0 view .LVU1
  33 0000 10B5     		push	{r4, lr}
  34              	.LCFI0:
  35              		.cfi_def_cfa_offset 8
  36              		.cfi_offset 4, -8
  37              		.cfi_offset 14, -4
  38 0002 0446     		mov	r4, r0
   7:Core/Src/Drivers/Src/usart.c ****     uint16_t length = strlen(str);
  39              		.loc 1 7 5 is_stmt 1 view .LVU2
  40              		.loc 1 7 23 is_stmt 0 view .LVU3
  41 0004 FFF7FEFF 		bl	strlen
  42              	.LVL1:
   8:Core/Src/Drivers/Src/usart.c **** 
   9:Core/Src/Drivers/Src/usart.c ****     HAL_UART_Transmit(&huart1, (uint8_t*)str, length, HAL_MAX_DELAY);
  43              		.loc 1 9 5 is_stmt 1 view .LVU4
  44 0008 4FF0FF33 		mov	r3, #-1
  45 000c 82B2     		uxth	r2, r0
  46 000e 2146     		mov	r1, r4
  47 0010 0148     		ldr	r0, .L3
  48              	.LVL2:
  49              		.loc 1 9 5 is_stmt 0 view .LVU5
ARM GAS  C:\Users\Lamp\AppData\Local\Temp\ccjjoMwc.s 			page 2


  50 0012 FFF7FEFF 		bl	HAL_UART_Transmit
  51              	.LVL3:
  10:Core/Src/Drivers/Src/usart.c **** }
  52              		.loc 1 10 1 view .LVU6
  53 0016 10BD     		pop	{r4, pc}
  54              	.LVL4:
  55              	.L4:
  56              		.loc 1 10 1 view .LVU7
  57              		.align	2
  58              	.L3:
  59 0018 00000000 		.word	huart1
  60              		.cfi_endproc
  61              	.LFE65:
  63              		.section	.text.USART1_Init,"ax",%progbits
  64              		.align	1
  65              		.global	USART1_Init
  66              		.syntax unified
  67              		.thumb
  68              		.thumb_func
  70              	USART1_Init:
  71              	.LFB66:
  11:Core/Src/Drivers/Src/usart.c **** 
  12:Core/Src/Drivers/Src/usart.c **** void USART1_Init(void)
  13:Core/Src/Drivers/Src/usart.c **** {
  72              		.loc 1 13 1 is_stmt 1 view -0
  73              		.cfi_startproc
  74              		@ args = 0, pretend = 0, frame = 24
  75              		@ frame_needed = 0, uses_anonymous_args = 0
  76 0000 70B5     		push	{r4, r5, r6, lr}
  77              	.LCFI1:
  78              		.cfi_def_cfa_offset 16
  79              		.cfi_offset 4, -16
  80              		.cfi_offset 5, -12
  81              		.cfi_offset 6, -8
  82              		.cfi_offset 14, -4
  83 0002 86B0     		sub	sp, sp, #24
  84              	.LCFI2:
  85              		.cfi_def_cfa_offset 40
  14:Core/Src/Drivers/Src/usart.c **** 	__HAL_RCC_GPIOA_CLK_ENABLE();
  86              		.loc 1 14 2 view .LVU9
  87              	.LBB2:
  88              		.loc 1 14 2 view .LVU10
  89              		.loc 1 14 2 view .LVU11
  90 0004 1E4D     		ldr	r5, .L7
  91 0006 AB69     		ldr	r3, [r5, #24]
  92 0008 43F00403 		orr	r3, r3, #4
  93 000c AB61     		str	r3, [r5, #24]
  94              		.loc 1 14 2 view .LVU12
  95 000e AB69     		ldr	r3, [r5, #24]
  96 0010 03F00403 		and	r3, r3, #4
  97 0014 0093     		str	r3, [sp]
  98              		.loc 1 14 2 view .LVU13
  99 0016 009B     		ldr	r3, [sp]
 100              	.LBE2:
 101              		.loc 1 14 2 view .LVU14
  15:Core/Src/Drivers/Src/usart.c **** 	GPIO_InitTypeDef GPIO_InitStruct = {0};
 102              		.loc 1 15 2 view .LVU15
ARM GAS  C:\Users\Lamp\AppData\Local\Temp\ccjjoMwc.s 			page 3


 103              		.loc 1 15 19 is_stmt 0 view .LVU16
 104 0018 0024     		movs	r4, #0
 105 001a 0294     		str	r4, [sp, #8]
 106 001c 0394     		str	r4, [sp, #12]
 107 001e 0494     		str	r4, [sp, #16]
 108 0020 0594     		str	r4, [sp, #20]
  16:Core/Src/Drivers/Src/usart.c **** 
  17:Core/Src/Drivers/Src/usart.c **** 	// Cấu hình PA9 (USART1_TX)
  18:Core/Src/Drivers/Src/usart.c **** 	GPIO_InitStruct.Pin = GPIO_PIN_9;
 109              		.loc 1 18 2 is_stmt 1 view .LVU17
 110              		.loc 1 18 22 is_stmt 0 view .LVU18
 111 0022 4FF40073 		mov	r3, #512
 112 0026 0293     		str	r3, [sp, #8]
  19:Core/Src/Drivers/Src/usart.c **** 	GPIO_InitStruct.Mode = GPIO_MODE_AF_PP;
 113              		.loc 1 19 2 is_stmt 1 view .LVU19
 114              		.loc 1 19 23 is_stmt 0 view .LVU20
 115 0028 0223     		movs	r3, #2
 116 002a 0393     		str	r3, [sp, #12]
  20:Core/Src/Drivers/Src/usart.c **** 	GPIO_InitStruct.Speed = GPIO_SPEED_FREQ_HIGH;
 117              		.loc 1 20 2 is_stmt 1 view .LVU21
 118              		.loc 1 20 24 is_stmt 0 view .LVU22
 119 002c 0323     		movs	r3, #3
 120 002e 0593     		str	r3, [sp, #20]
  21:Core/Src/Drivers/Src/usart.c **** 	HAL_GPIO_Init(GPIOA, &GPIO_InitStruct);
 121              		.loc 1 21 2 is_stmt 1 view .LVU23
 122 0030 144E     		ldr	r6, .L7+4
 123 0032 02A9     		add	r1, sp, #8
 124 0034 3046     		mov	r0, r6
 125 0036 FFF7FEFF 		bl	HAL_GPIO_Init
 126              	.LVL5:
  22:Core/Src/Drivers/Src/usart.c **** 
  23:Core/Src/Drivers/Src/usart.c **** 	// Cấu hình PA10 (USART1_RX)
  24:Core/Src/Drivers/Src/usart.c **** 	GPIO_InitStruct.Pin = GPIO_PIN_10;
 127              		.loc 1 24 2 view .LVU24
 128              		.loc 1 24 22 is_stmt 0 view .LVU25
 129 003a 4FF48063 		mov	r3, #1024
 130 003e 0293     		str	r3, [sp, #8]
  25:Core/Src/Drivers/Src/usart.c **** 	GPIO_InitStruct.Mode = GPIO_MODE_INPUT;
 131              		.loc 1 25 2 is_stmt 1 view .LVU26
 132              		.loc 1 25 23 is_stmt 0 view .LVU27
 133 0040 0394     		str	r4, [sp, #12]
  26:Core/Src/Drivers/Src/usart.c **** 	GPIO_InitStruct.Pull = GPIO_NOPULL;
 134              		.loc 1 26 2 is_stmt 1 view .LVU28
 135              		.loc 1 26 23 is_stmt 0 view .LVU29
 136 0042 0494     		str	r4, [sp, #16]
  27:Core/Src/Drivers/Src/usart.c **** 	HAL_GPIO_Init(GPIOA, &GPIO_InitStruct);
 137              		.loc 1 27 2 is_stmt 1 view .LVU30
 138 0044 02A9     		add	r1, sp, #8
 139 0046 3046     		mov	r0, r6
 140 0048 FFF7FEFF 		bl	HAL_GPIO_Init
 141              	.LVL6:
  28:Core/Src/Drivers/Src/usart.c **** 
  29:Core/Src/Drivers/Src/usart.c **** 	__HAL_RCC_USART1_CLK_ENABLE();
 142              		.loc 1 29 2 view .LVU31
 143              	.LBB3:
 144              		.loc 1 29 2 view .LVU32
 145              		.loc 1 29 2 view .LVU33
ARM GAS  C:\Users\Lamp\AppData\Local\Temp\ccjjoMwc.s 			page 4


 146 004c AB69     		ldr	r3, [r5, #24]
 147 004e 43F48043 		orr	r3, r3, #16384
 148 0052 AB61     		str	r3, [r5, #24]
 149              		.loc 1 29 2 view .LVU34
 150 0054 AB69     		ldr	r3, [r5, #24]
 151 0056 03F48043 		and	r3, r3, #16384
 152 005a 0193     		str	r3, [sp, #4]
 153              		.loc 1 29 2 view .LVU35
 154 005c 019B     		ldr	r3, [sp, #4]
 155              	.LBE3:
 156              		.loc 1 29 2 view .LVU36
  30:Core/Src/Drivers/Src/usart.c **** 
  31:Core/Src/Drivers/Src/usart.c **** 	huart1.Instance = USART1;
 157              		.loc 1 31 2 view .LVU37
 158              		.loc 1 31 18 is_stmt 0 view .LVU38
 159 005e 0A48     		ldr	r0, .L7+8
 160 0060 0A4B     		ldr	r3, .L7+12
 161 0062 0360     		str	r3, [r0]
  32:Core/Src/Drivers/Src/usart.c ****     huart1.Init.BaudRate = 115200;                       // Tốc độ baud
 162              		.loc 1 32 5 is_stmt 1 view .LVU39
 163              		.loc 1 32 26 is_stmt 0 view .LVU40
 164 0064 4FF4E133 		mov	r3, #115200
 165 0068 4360     		str	r3, [r0, #4]
  33:Core/Src/Drivers/Src/usart.c ****     huart1.Init.WordLength = UART_WORDLENGTH_8B;         // Độ dài 8 bit
 166              		.loc 1 33 5 is_stmt 1 view .LVU41
 167              		.loc 1 33 28 is_stmt 0 view .LVU42
 168 006a 8460     		str	r4, [r0, #8]
  34:Core/Src/Drivers/Src/usart.c ****     huart1.Init.StopBits = UART_STOPBITS_1;              // 1 bit stop
 169              		.loc 1 34 5 is_stmt 1 view .LVU43
 170              		.loc 1 34 26 is_stmt 0 view .LVU44
 171 006c C460     		str	r4, [r0, #12]
  35:Core/Src/Drivers/Src/usart.c ****     huart1.Init.Parity = UART_PARITY_NONE;               // Không có parity
 172              		.loc 1 35 5 is_stmt 1 view .LVU45
 173              		.loc 1 35 24 is_stmt 0 view .LVU46
 174 006e 0461     		str	r4, [r0, #16]
  36:Core/Src/Drivers/Src/usart.c ****     huart1.Init.Mode = UART_MODE_TX_RX;                  // Chế độ truyền và nhận
 175              		.loc 1 36 5 is_stmt 1 view .LVU47
 176              		.loc 1 36 22 is_stmt 0 view .LVU48
 177 0070 0C23     		movs	r3, #12
 178 0072 4361     		str	r3, [r0, #20]
  37:Core/Src/Drivers/Src/usart.c ****     huart1.Init.HwFlowCtl = UART_HWCONTROL_NONE;
 179              		.loc 1 37 5 is_stmt 1 view .LVU49
 180              		.loc 1 37 27 is_stmt 0 view .LVU50
 181 0074 8461     		str	r4, [r0, #24]
  38:Core/Src/Drivers/Src/usart.c ****     huart1.Init.OverSampling = UART_OVERSAMPLING_16;     // Lấy mẫu quá mức
 182              		.loc 1 38 5 is_stmt 1 view .LVU51
 183              		.loc 1 38 30 is_stmt 0 view .LVU52
 184 0076 C461     		str	r4, [r0, #28]
  39:Core/Src/Drivers/Src/usart.c **** 
  40:Core/Src/Drivers/Src/usart.c **** 	HAL_UART_Init(&huart1);
 185              		.loc 1 40 2 is_stmt 1 view .LVU53
 186 0078 FFF7FEFF 		bl	HAL_UART_Init
 187              	.LVL7:
  41:Core/Src/Drivers/Src/usart.c **** }...
 188              		.loc 1 41 1 is_stmt 0 view .LVU54
 189 007c 06B0     		add	sp, sp, #24
 190              	.LCFI3:
ARM GAS  C:\Users\Lamp\AppData\Local\Temp\ccjjoMwc.s 			page 5


 191              		.cfi_def_cfa_offset 16
 192              		@ sp needed
 193 007e 70BD     		pop	{r4, r5, r6, pc}
 194              	.L8:
 195              		.align	2
 196              	.L7:
 197 0080 00100240 		.word	1073876992
 198 0084 00080140 		.word	1073809408
 199 0088 00000000 		.word	huart1
 200 008c 00380140 		.word	1073821696
 201              		.cfi_endproc
 202              	.LFE66:
 204              		.global	huart1
 205              		.section	.bss.huart1,"aw",%nobits
 206              		.align	2
 209              	huart1:
 210 0000 00000000 		.space	72
 210      00000000 
 210      00000000 
 210      00000000 
 210      00000000 
 211              		.text
 212              	.Letext0:
 213              		.file 2 "C:/ARM GNU Toolchain/arm-none-eabi/include/machine/_default_types.h"
 214              		.file 3 "C:/ARM GNU Toolchain/arm-none-eabi/include/sys/_stdint.h"
 215              		.file 4 "Drivers/CMSIS/Device/ST/STM32F1xx/Include/stm32f103xb.h"
 216              		.file 5 "C:/ARM GNU Toolchain/lib/gcc/arm-none-eabi/13.3.1/include/stddef.h"
 217              		.file 6 "Drivers/STM32F1xx_HAL_Driver/Inc/stm32f1xx_hal_def.h"
 218              		.file 7 "Drivers/STM32F1xx_HAL_Driver/Inc/stm32f1xx_hal_gpio.h"
 219              		.file 8 "Drivers/STM32F1xx_HAL_Driver/Inc/stm32f1xx_hal_dma.h"
 220              		.file 9 "Drivers/STM32F1xx_HAL_Driver/Inc/stm32f1xx_hal_uart.h"
 221              		.file 10 "C:/ARM GNU Toolchain/arm-none-eabi/include/string.h"
ARM GAS  C:\Users\Lamp\AppData\Local\Temp\ccjjoMwc.s 			page 6


DEFINED SYMBOLS
                            *ABS*:00000000 usart.c
C:\Users\Lamp\AppData\Local\Temp\ccjjoMwc.s:19     .text.SendString:00000000 $t
C:\Users\Lamp\AppData\Local\Temp\ccjjoMwc.s:25     .text.SendString:00000000 SendString
C:\Users\Lamp\AppData\Local\Temp\ccjjoMwc.s:59     .text.SendString:00000018 $d
C:\Users\Lamp\AppData\Local\Temp\ccjjoMwc.s:209    .bss.huart1:00000000 huart1
C:\Users\Lamp\AppData\Local\Temp\ccjjoMwc.s:64     .text.USART1_Init:00000000 $t
C:\Users\Lamp\AppData\Local\Temp\ccjjoMwc.s:70     .text.USART1_Init:00000000 USART1_Init
C:\Users\Lamp\AppData\Local\Temp\ccjjoMwc.s:197    .text.USART1_Init:00000080 $d
C:\Users\Lamp\AppData\Local\Temp\ccjjoMwc.s:206    .bss.huart1:00000000 $d

UNDEFINED SYMBOLS
strlen
HAL_UART_Transmit
HAL_GPIO_Init
HAL_UART_Init
