Archive member included to satisfy reference by file (symbol)

C:/Arm-gnu-toolchain/bin/../lib/gcc/arm-none-eabi/13.3.1/thumb/v7-m/nofp\libc_nano.a(libc_a-exit.o)
                              C:/Arm-gnu-toolchain/bin/../lib/gcc/arm-none-eabi/13.3.1/thumb/v7-m/nofp/crt0.o (exit)
C:/Arm-gnu-toolchain/bin/../lib/gcc/arm-none-eabi/13.3.1/thumb/v7-m/nofp\libc_nano.a(libc_a-findfp.o)
                              C:/Arm-gnu-toolchain/bin/../lib/gcc/arm-none-eabi/13.3.1/thumb/v7-m/nofp\libc_nano.a(libc_a-exit.o) (__stdio_exit_handler)
C:/Arm-gnu-toolchain/bin/../lib/gcc/arm-none-eabi/13.3.1/thumb/v7-m/nofp\libc_nano.a(libc_a-fwalk.o)
                              C:/Arm-gnu-toolchain/bin/../lib/gcc/arm-none-eabi/13.3.1/thumb/v7-m/nofp\libc_nano.a(libc_a-findfp.o) (_fwalk_sglue)
C:/Arm-gnu-toolchain/bin/../lib/gcc/arm-none-eabi/13.3.1/thumb/v7-m/nofp\libc_nano.a(libc_a-stdio.o)
                              C:/Arm-gnu-toolchain/bin/../lib/gcc/arm-none-eabi/13.3.1/thumb/v7-m/nofp\libc_nano.a(libc_a-findfp.o) (__sread)
C:/Arm-gnu-toolchain/bin/../lib/gcc/arm-none-eabi/13.3.1/thumb/v7-m/nofp\libc_nano.a(libc_a-memset.o)
                              C:/Arm-gnu-toolchain/bin/../lib/gcc/arm-none-eabi/13.3.1/thumb/v7-m/nofp/crt0.o (memset)
C:/Arm-gnu-toolchain/bin/../lib/gcc/arm-none-eabi/13.3.1/thumb/v7-m/nofp\libc_nano.a(libc_a-closer.o)
                              C:/Arm-gnu-toolchain/bin/../lib/gcc/arm-none-eabi/13.3.1/thumb/v7-m/nofp\libc_nano.a(libc_a-stdio.o) (_close_r)
C:/Arm-gnu-toolchain/bin/../lib/gcc/arm-none-eabi/13.3.1/thumb/v7-m/nofp\libc_nano.a(libc_a-reent.o)
                              C:/Arm-gnu-toolchain/bin/../lib/gcc/arm-none-eabi/13.3.1/thumb/v7-m/nofp\libc_nano.a(libc_a-closer.o) (errno)
C:/Arm-gnu-toolchain/bin/../lib/gcc/arm-none-eabi/13.3.1/thumb/v7-m/nofp\libc_nano.a(libc_a-impure.o)
                              C:/Arm-gnu-toolchain/bin/../lib/gcc/arm-none-eabi/13.3.1/thumb/v7-m/nofp\libc_nano.a(libc_a-reent.o) (_impure_ptr)
C:/Arm-gnu-toolchain/bin/../lib/gcc/arm-none-eabi/13.3.1/thumb/v7-m/nofp\libc_nano.a(libc_a-lseekr.o)
                              C:/Arm-gnu-toolchain/bin/../lib/gcc/arm-none-eabi/13.3.1/thumb/v7-m/nofp\libc_nano.a(libc_a-stdio.o) (_lseek_r)
C:/Arm-gnu-toolchain/bin/../lib/gcc/arm-none-eabi/13.3.1/thumb/v7-m/nofp\libc_nano.a(libc_a-readr.o)
                              C:/Arm-gnu-toolchain/bin/../lib/gcc/arm-none-eabi/13.3.1/thumb/v7-m/nofp\libc_nano.a(libc_a-stdio.o) (_read_r)
C:/Arm-gnu-toolchain/bin/../lib/gcc/arm-none-eabi/13.3.1/thumb/v7-m/nofp\libc_nano.a(libc_a-writer.o)
                              C:/Arm-gnu-toolchain/bin/../lib/gcc/arm-none-eabi/13.3.1/thumb/v7-m/nofp\libc_nano.a(libc_a-stdio.o) (_write_r)
C:/Arm-gnu-toolchain/bin/../lib/gcc/arm-none-eabi/13.3.1/thumb/v7-m/nofp\libc_nano.a(libc_a-errno.o)
                              build/syscalls.o (__errno)
C:/Arm-gnu-toolchain/bin/../lib/gcc/arm-none-eabi/13.3.1/thumb/v7-m/nofp\libc_nano.a(libc_a-init.o)
                              C:/Arm-gnu-toolchain/bin/../lib/gcc/arm-none-eabi/13.3.1/thumb/v7-m/nofp/crt0.o (__libc_init_array)
C:/Arm-gnu-toolchain/bin/../lib/gcc/arm-none-eabi/13.3.1/thumb/v7-m/nofp\libc_nano.a(libc_a-lock.o)
                              C:/Arm-gnu-toolchain/bin/../lib/gcc/arm-none-eabi/13.3.1/thumb/v7-m/nofp\libc_nano.a(libc_a-findfp.o) (__retarget_lock_init_recursive)
C:/Arm-gnu-toolchain/bin/../lib/gcc/arm-none-eabi/13.3.1/thumb/v7-m/nofp\libc_nano.a(libc_a-memcpy-stub.o)
                              build/queue.o (memcpy)
C:/Arm-gnu-toolchain/bin/../lib/gcc/arm-none-eabi/13.3.1/thumb/v7-m/nofp\libc_nano.a(libc_a-strlen.o)
                              build/usart_Driver.o (strlen)
C:/Arm-gnu-toolchain/bin/../lib/gcc/arm-none-eabi/13.3.1/thumb/v7-m/nofp\libc_nano.a(libc_a-freer.o)
                              C:/Arm-gnu-toolchain/bin/../lib/gcc/arm-none-eabi/13.3.1/thumb/v7-m/nofp\libc_nano.a(libc_a-reent.o) (_free_r)
C:/Arm-gnu-toolchain/bin/../lib/gcc/arm-none-eabi/13.3.1/thumb/v7-m/nofp\libc_nano.a(libc_a-mallocr.o)
                              C:/Arm-gnu-toolchain/bin/../lib/gcc/arm-none-eabi/13.3.1/thumb/v7-m/nofp\libc_nano.a(libc_a-findfp.o) (_malloc_r)
C:/Arm-gnu-toolchain/bin/../lib/gcc/arm-none-eabi/13.3.1/thumb/v7-m/nofp\libc_nano.a(libc_a-mlock.o)
                              C:/Arm-gnu-toolchain/bin/../lib/gcc/arm-none-eabi/13.3.1/thumb/v7-m/nofp\libc_nano.a(libc_a-freer.o) (__malloc_lock)
C:/Arm-gnu-toolchain/bin/../lib/gcc/arm-none-eabi/13.3.1/thumb/v7-m/nofp\libc_nano.a(libc_a-fflush.o)
                              C:/Arm-gnu-toolchain/bin/../lib/gcc/arm-none-eabi/13.3.1/thumb/v7-m/nofp\libc_nano.a(libc_a-findfp.o) (_fflush_r)
C:/Arm-gnu-toolchain/bin/../lib/gcc/arm-none-eabi/13.3.1/thumb/v7-m/nofp\libc_nano.a(libc_a-sbrkr.o)
                              C:/Arm-gnu-toolchain/bin/../lib/gcc/arm-none-eabi/13.3.1/thumb/v7-m/nofp\libc_nano.a(libc_a-mallocr.o) (_sbrk_r)
[...]
Memory Configuration

Name             Origin             Length             Attributes
RAM              0x20000000         0x00005000         xrw
FLASH            0x08000000         0x00010000         xr
*default*        0x00000000         0xffffffff

Linker script and memory map

LOAD C:/Arm-gnu-toolchain/bin/../lib/gcc/arm-none-eabi/13.3.1/thumb/v7-m/nofp/crti.o
LOAD C:/Arm-gnu-toolchain/bin/../lib/gcc/arm-none-eabi/13.3.1/thumb/v7-m/nofp/crtbegin.o
LOAD C:/Arm-gnu-toolchain/bin/../lib/gcc/arm-none-eabi/13.3.1/thumb/v7-m/nofp/crt0.o
LOAD build/main.o
LOAD build/printf.o
LOAD build/stm32f1xx_hal_msp.o
LOAD build/stm32f1xx_it.o
LOAD build/syscalls.o
LOAD build/sysmem.o
LOAD build/system_stm32f1xx.o
LOAD build/stm32f1xx_hal.o
LOAD build/stm32f1xx_hal_cortex.o
LOAD build/stm32f1xx_hal_dma.o
LOAD build/stm32f1xx_hal_exti.o
LOAD build/stm32f1xx_hal_flash.o
LOAD build/stm32f1xx_hal_flash_ex.o
LOAD build/stm32f1xx_hal_gpio.o
LOAD build/stm32f1xx_hal_gpio_ex.o
LOAD build/stm32f1xx_hal_pwr.o
LOAD build/stm32f1xx_hal_rcc.o
LOAD build/stm32f1xx_hal_rcc_ex.o
LOAD build/stm32f1xx_hal_tim.o
LOAD build/stm32f1xx_hal_tim_ex.o
LOAD build/stm32f1xx_hal_uart.o
LOAD build/croutine.o
LOAD build/event_groups.o
LOAD build/list.o
LOAD build/queue.o
LOAD build/stream_buffer.o
LOAD build/tasks.o
LOAD build/timers.o
LOAD build/gpio_Driver.o
LOAD build/SysConfig.o
LOAD build/timer_Driver.o
LOAD build/usart_Driver.o
LOAD build/port.o
LOAD build/heap_4.o
LOAD build/startup_stm32f103xb.o
LOAD C:/Arm-gnu-toolchain/bin/../lib/gcc/arm-none-eabi/13.3.1/thumb/v7-m/nofp\libc_nano.a
LOAD C:/Arm-gnu-toolchain/bin/../lib/gcc/arm-none-eabi/13.3.1/thumb/v7-m/nofp\libm.a
LOAD C:/Arm-gnu-toolchain/bin/../lib/gcc/arm-none-eabi/13.3.1/thumb/v7-m/nofp\libnosys.a
START GROUP
LOAD C:/Arm-gnu-toolchain/bin/../lib/gcc/arm-none-eabi/13.3.1/thumb/v7-m/nofp\libgcc.a
LOAD C:/Arm-gnu-toolchain/bin/../lib/gcc/arm-none-eabi/13.3.1/thumb/v7-m/nofp\libc_nano.a
END GROUP
START GROUP
LOAD C:/Arm-gnu-toolchain/bin/../lib/gcc/arm-none-eabi/13.3.1/thumb/v7-m/nofp\libgcc.a
LOAD C:/Arm-gnu-toolchain/bin/../lib/gcc/arm-none-eabi/13.3.1/thumb/v7-m/nofp\libc_nano.a
END GROUP
LOAD C:/Arm-gnu-toolchain/bin/../lib/gcc/arm-none-eabi/13.3.1/thumb/v7-m/nofp/crtend.o
LOAD C:/Arm-gnu-toolchain/bin/../lib/gcc/arm-none-eabi/13.3.1/thumb/v7-m/nofp/crtn.o
                0x20005000                        _estack = (ORIGIN (RAM) + LENGTH (RAM))
                0x00000200                        _Min_Heap_Size = 0x200
                0x00000400                        _Min_Stack_Size = 0x400

.isr_vector     0x08000000      0x10c
                0x08000000                        . = ALIGN (0x4)
 *(.isr_vector)
 .isr_vector    0x08000000      0x10c build/startup_stm32f103xb.o
                0x08000000                g_pfnVectors
                0x0800010c                        . = ALIGN (0x4)

.text           0x08000110     0x3f5c
                0x08000110                        . = ALIGN (0x4)
 *(.text)
 .text          0x08000110      0x378 C:/Arm-gnu-toolchain/bin/../lib/gcc/arm-none-eabi/13.3.1/thumb/v7-m/nofp\libgcc.a(_arm_addsubdf3.o)
                0x08000110                __aeabi_drsub
                0x08000118                __aeabi_dsub
                0x08000118                __subdf3
                0x0800011c                __aeabi_dadd
                0x0800011c                __adddf3
                0x08000394                __floatunsidf
                0x08000394                __aeabi_ui2d
                0x080003b4                __floatsidf
                0x080003b4                __aeabi_i2d
                0x080003d8                __aeabi_f2d
                0x080003d8                __extendsfdf2
                0x0800041c                __floatundidf
                0x0800041c                __aeabi_ul2d
                0x0800042c                __floatdidf
                0x0800042c                __aeabi_l2d
 .text          0x08000488      0x424 C:/Arm-gnu-toolchain/bin/../lib/gcc/arm-none-eabi/13.3.1/thumb/v7-m/nofp\libgcc.a(_arm_muldivdf3.o)
                0x08000488                __aeabi_dmul
                0x08000488                __muldf3
                0x080006dc                __divdf3
                0x080006dc                __aeabi_ddiv
 .text          0x080008ac       0xa0 C:/Arm-gnu-toolchain/bin/../lib/gcc/arm-none-eabi/13.3.1/thumb/v7-m/nofp\libgcc.a(_arm_truncdfsf2.o)
                0x080008ac                __truncdfsf2
                0x080008ac                __aeabi_d2f
 .text          0x0800094c      0x21c C:/Arm-gnu-toolchain/bin/../lib/gcc/arm-none-eabi/13.3.1/thumb/v7-m/nofp\libgcc.a(_arm_addsubsf3.o)
                0x0800094c                __aeabi_frsub
                0x08000954                __subsf3
                0x08000954                __aeabi_fsub
                0x08000958                __aeabi_fadd
                0x08000958                __addsf3
                0x08000ab8                __aeabi_ui2f
                0x08000ab8                __floatunsisf
                0x08000ac0                __aeabi_i2f
                0x08000ac0                __floatsisf
                0x08000adc                __aeabi_ul2f
                0x08000adc                __floatundisf
                0x08000aec                __aeabi_l2f
                0x08000aec                __floatdisf
 .text          0x08000b68      0x2a0 C:/Arm-gnu-toolchain/bin/../lib/gcc/arm-none-eabi/13.3.1/thumb/v7-m/nofp\libgcc.a(_arm_muldivsf3.o)
                0x08000b68                __mulsf3
                0x08000b68                __aeabi_fmul
                0x08000cd0                __aeabi_fdiv
                0x08000cd0                __divsf3
 .text          0x08000e08       0xec C:/Arm-gnu-toolchain/bin/../lib/gcc/arm-none-eabi/13.3.1/thumb/v7-m/nofp\libgcc.a(_arm_cmpsf2.o)
                0x08000e08                __gesf2
                0x08000e08                __gtsf2
                0x08000e10                __lesf2
                0x08000e10                __ltsf2
                0x08000e18                __nesf2
                0x08000e18                __eqsf2
                0x08000e18                __cmpsf2
                0x08000e78                __aeabi_cfrcmple
                0x08000e80                __aeabi_cfcmpeq
                0x08000e80                __aeabi_cfcmple
                0x08000e90                __aeabi_fcmpeq
                0x08000ea4                __aeabi_fcmplt
                0x08000eb8                __aeabi_fcmple
                0x08000ecc                __aeabi_fcmpge
                0x08000ee0                __aeabi_fcmpgt
 .text          0x08000ef4       0x4c C:/Arm-gnu-toolchain/bin/../lib/gcc/arm-none-eabi/13.3.1/thumb/v7-m/nofp\libgcc.a(_arm_fixsfsi.o)
                0x08000ef4                __aeabi_f2iz
                0x08000ef4                __fixsfsi
 *(.text*)
 .text.deregister_tm_clones
                0x08000f40       0x1c C:/Arm-gnu-toolchain/bin/../lib/gcc/arm-none-eabi/13.3.1/thumb/v7-m/nofp/crtbegin.o
 .text.register_tm_clones
                0x08000f5c       0x24 C:/Arm-gnu-toolchain/bin/../lib/gcc/arm-none-eabi/13.3.1/thumb/v7-m/nofp/crtbegin.o
 .text.__do_global_dtors_aux
                0x08000f80       0x28 C:/Arm-gnu-toolchain/bin/../lib/gcc/arm-none-eabi/13.3.1/thumb/v7-m/nofp/crtbegin.o
 .text.frame_dummy
                0x08000fa8       0x24 C:/Arm-gnu-toolchain/bin/../lib/gcc/arm-none-eabi/13.3.1/thumb/v7-m/nofp/crtbegin.o
 .text.TIM4_IRQHandler
                0x08000fcc       0x34 build/main.o
                0x08000fcc                TIM4_IRQHandler
 .text.TIM2_IRQHandler
                0x08001000       0x64 build/main.o
                0x08001000                TIM2_IRQHandler
 .text.main     0x08001064       0x84 build/main.o
                0x08001064                main
 .text.PID      0x080010e8      0x19c build/main.o
                0x080010e8                PID
 *fill*         0x08001284        0x4 
 .text.ControllerTask
                0x08001288       0x6c build/main.o
                0x08001288                ControllerTask
 .text.HAL_MspInit
                0x080012f4       0x44 build/stm32f1xx_hal_msp.o
                0x080012f4                HAL_MspInit
 .text.NMI_Handler
                0x08001338        0x2 build/stm32f1xx_it.o
                0x08001338                NMI_Handler
 .text.HardFault_Handler
                0x0800133a        0x2 build/stm32f1xx_it.o
                0x0800133a                HardFault_Handler
 .text.MemManage_Handler
                0x0800133c        0x2 build/stm32f1xx_it.o
                0x0800133c                MemManage_Handler
 .text.BusFault_Handler
                0x0800133e        0x2 build/stm32f1xx_it.o
                0x0800133e                BusFault_Handler
 .text.UsageFault_Handler
                0x08001340        0x2 build/stm32f1xx_it.o
                0x08001340                UsageFault_Handler
 .text.DebugMon_Handler
                0x08001342        0x2 build/stm32f1xx_it.o
                0x08001342                DebugMon_Handler
 .text.SystemInit
                0x08001344        0x2 build/system_stm32f1xx.o
                0x08001344                SystemInit
 *fill*         0x08001346        0x2 
 .text.HAL_InitTick
                0x08001348       0x4c build/stm32f1xx_hal.o
                0x08001348                HAL_InitTick
 .text.HAL_Init
                0x08001394       0x24 build/stm32f1xx_hal.o
                0x08001394                HAL_Init
 .text.HAL_GetTick
                0x080013b8        0xc build/stm32f1xx_hal.o
                0x080013b8                HAL_GetTick
 .text.__NVIC_SetPriority
                0x080013c4       0x28 build/stm32f1xx_hal_cortex.o
 .text.NVIC_EncodePriority
                0x080013ec       0x3e build/stm32f1xx_hal_cortex.o
 *fill*         0x0800142a        0x2 
 .text.HAL_NVIC_SetPriorityGrouping
                0x0800142c       0x24 build/stm32f1xx_hal_cortex.o
                0x0800142c                HAL_NVIC_SetPriorityGrouping
 .text.HAL_NVIC_SetPriority
                0x08001450       0x20 build/stm32f1xx_hal_cortex.o
                0x08001450                HAL_NVIC_SetPriority
 .text.HAL_NVIC_EnableIRQ
                0x08001470       0x1c build/stm32f1xx_hal_cortex.o
                0x08001470                HAL_NVIC_EnableIRQ
 .text.HAL_SYSTICK_Config
                0x0800148c       0x28 build/stm32f1xx_hal_cortex.o
                0x0800148c                HAL_SYSTICK_Config
 .text.HAL_GPIO_Init
                0x080014b4      0x21c build/stm32f1xx_hal_gpio.o
                0x080014b4                HAL_GPIO_Init
 .text.HAL_GPIO_WritePin
                0x080016d0        0xc build/stm32f1xx_hal_gpio.o
                0x080016d0                HAL_GPIO_WritePin
 .text.RCC_Delay
                0x080016dc       0x2c build/stm32f1xx_hal_rcc.o
 .text.HAL_RCC_OscConfig
                0x08001708      0x410 build/stm32f1xx_hal_rcc.o
                0x08001708                HAL_RCC_OscConfig
 .text.HAL_RCC_GetSysClockFreq
                0x08001b18       0x54 build/stm32f1xx_hal_rcc.o
                0x08001b18                HAL_RCC_GetSysClockFreq
 .text.HAL_RCC_ClockConfig
                0x08001b6c      0x16c build/stm32f1xx_hal_rcc.o
                0x08001b6c                HAL_RCC_ClockConfig
 .text.HAL_RCC_GetHCLKFreq
                0x08001cd8        0xc build/stm32f1xx_hal_rcc.o
                0x08001cd8                HAL_RCC_GetHCLKFreq
 .text.HAL_RCC_GetPCLK1Freq
                0x08001ce4       0x20 build/stm32f1xx_hal_rcc.o
                0x08001ce4                HAL_RCC_GetPCLK1Freq
 .text.HAL_RCC_GetPCLK2Freq
                0x08001d04       0x20 build/stm32f1xx_hal_rcc.o
                0x08001d04                HAL_RCC_GetPCLK2Freq
 .text.TIM_OC1_SetConfig
                0x08001d24       0x54 build/stm32f1xx_hal_tim.o
 .text.TIM_OC3_SetConfig
                0x08001d78       0x5c build/stm32f1xx_hal_tim.o
 .text.TIM_OC4_SetConfig
                0x08001dd4       0x48 build/stm32f1xx_hal_tim.o
 .text.HAL_TIM_PWM_MspInit
                0x08001e1c        0x2 build/stm32f1xx_hal_tim.o
                0x08001e1c                HAL_TIM_PWM_MspInit
 *fill*         0x08001e1e        0x2 
 .text.TIM_Base_SetConfig
                0x08001e20       0x84 build/stm32f1xx_hal_tim.o
                0x08001e20                TIM_Base_SetConfig
 .text.HAL_TIM_PWM_Init
                0x08001ea4       0x58 build/stm32f1xx_hal_tim.o
                0x08001ea4                HAL_TIM_PWM_Init
 .text.TIM_OC2_SetConfig
                0x08001efc       0x5c build/stm32f1xx_hal_tim.o
                0x08001efc                TIM_OC2_SetConfig
 .text.HAL_TIM_PWM_ConfigChannel
                0x08001f58       0xdc build/stm32f1xx_hal_tim.o
                0x08001f58                HAL_TIM_PWM_ConfigChannel
 .text.TIM_CCxChannelCmd
                0x08002034       0x1e build/stm32f1xx_hal_tim.o
                0x08002034                TIM_CCxChannelCmd
 *fill*         0x08002052        0x2 
 .text.HAL_TIM_PWM_Start
                0x08002054       0xdc build/stm32f1xx_hal_tim.o
                0x08002054                HAL_TIM_PWM_Start
 .text.HAL_TIMEx_MasterConfigSynchronization
                0x08002130       0x6c build/stm32f1xx_hal_tim_ex.o
                0x08002130                HAL_TIMEx_MasterConfigSynchronization
 .text.UART_EndRxTransfer
                0x0800219c       0x5c build/stm32f1xx_hal_uart.o
 .text.UART_SetConfig
                0x080021f8       0x94 build/stm32f1xx_hal_uart.o
 .text.UART_WaitOnFlagUntilTimeout
                0x0800228c       0x86 build/stm32f1xx_hal_uart.o
 .text.HAL_UART_MspInit
                0x08002312        0x2 build/stm32f1xx_hal_uart.o
                0x08002312                HAL_UART_MspInit
 .text.HAL_UART_Init
                0x08002314       0x60 build/stm32f1xx_hal_uart.o
                0x08002314                HAL_UART_Init
 .text.HAL_UART_Receive
                0x08002374       0xd2 build/stm32f1xx_hal_uart.o
                0x08002374                HAL_UART_Receive
 .text.vListInitialise
                0x08002446       0x16 build/list.o
                0x08002446                vListInitialise
 .text.vListInitialiseItem
                0x0800245c        0x6 build/list.o
                0x0800245c                vListInitialiseItem
 .text.vListInsert
                0x08002462       0x32 build/list.o
                0x08002462                vListInsert
 .text.uxListRemove
                0x08002494       0x26 build/list.o
                0x08002494                uxListRemove
 .text.prvIsQueueFull
                0x080024ba       0x1e build/queue.o
 .text.prvIsQueueEmpty
                0x080024d8       0x1a build/queue.o
 .text.prvCopyDataToQueue
                0x080024f2       0x58 build/queue.o
 .text.prvCopyDataFromQueue
                0x0800254a       0x24 build/queue.o
 .text.prvUnlockQueue
                0x0800256e       0x6e build/queue.o
 .text.xQueueGenericReset
                0x080025dc       0xaa build/queue.o
                0x080025dc                xQueueGenericReset
 .text.prvInitialiseNewQueue
                0x08002686       0x1c build/queue.o
 .text.xQueueGenericCreate
                0x080026a2       0x56 build/queue.o
                0x080026a2                xQueueGenericCreate
 .text.xQueueGenericSend
                0x080026f8      0x16c build/queue.o
                0x080026f8                xQueueGenericSend
 .text.xQueueGenericSendFromISR
                0x08002864       0xf2 build/queue.o
                0x08002864                xQueueGenericSendFromISR
 .text.xQueueGiveFromISR
                0x08002956       0xd4 build/queue.o
                0x08002956                xQueueGiveFromISR
 .text.xQueueReceive
                0x08002a2a      0x140 build/queue.o
                0x08002a2a                xQueueReceive
 .text.xQueueSemaphoreTake
                0x08002b6a      0x130 build/queue.o
                0x08002b6a                xQueueSemaphoreTake
 *fill*         0x08002c9a        0x2 
 .text.prvResetNextTaskUnblockTime
                0x08002c9c       0x28 build/tasks.o
 .text.prvDeleteTCB
                0x08002cc4       0x12 build/tasks.o
 .text.prvInitialiseNewTask
                0x08002cd6       0x82 build/tasks.o
 .text.prvInitialiseTaskLists
                0x08002d58       0x68 build/tasks.o
 .text.prvAddNewTaskToReadyList
                0x08002dc0       0xc4 build/tasks.o
 .text.prvCheckTasksWaitingTermination
                0x08002e84       0x4c build/tasks.o
 .text.prvIdleTask
                0x08002ed0       0x28 build/tasks.o
 .text.prvAddCurrentTaskToDelayedList
                0x08002ef8       0xb0 build/tasks.o
 .text.xTaskCreate
                0x08002fa8       0x68 build/tasks.o
                0x08002fa8                xTaskCreate
 .text.vTaskStartScheduler
                0x08003010       0x84 build/tasks.o
                0x08003010                vTaskStartScheduler
 .text.vTaskSuspendAll
                0x08003094       0x10 build/tasks.o
                0x08003094                vTaskSuspendAll
 .text.uxTaskGetNumberOfTasks
                0x080030a4        0xc build/tasks.o
                0x080030a4                uxTaskGetNumberOfTasks
 .text.xTaskIncrementTick
                0x080030b0      0x178 build/tasks.o
                0x080030b0                xTaskIncrementTick
 .text.xTaskResumeAll
                0x08003228      0x14c build/tasks.o
                0x08003228                xTaskResumeAll
 .text.vTaskSwitchContext
                0x08003374       0x98 build/tasks.o
                0x08003374                vTaskSwitchContext
 .text.vTaskPlaceOnEventList
                0x0800340c       0x30 build/tasks.o
                0x0800340c                vTaskPlaceOnEventList
 .text.xTaskRemoveFromEventList
                0x0800343c       0xf0 build/tasks.o
                0x0800343c                xTaskRemoveFromEventList
 .text.vTaskInternalSetTimeOutState
                0x0800352c       0x18 build/tasks.o
                0x0800352c                vTaskInternalSetTimeOutState
 .text.xTaskCheckForTimeOut
                0x08003544       0x88 build/tasks.o
                0x08003544                xTaskCheckForTimeOut
 .text.vTaskMissedYield
                0x080035cc        0xc build/tasks.o
                0x080035cc                vTaskMissedYield
 .text.LED_PC13
                0x080035d8       0x54 build/gpio_Driver.o
                0x080035d8                LED_PC13
 .text.Rotation_Init
                0x0800362c       0x68 build/gpio_Driver.o
                0x0800362c                Rotation_Init
 .text.RotationMode
                0x08003694       0x64 build/gpio_Driver.o
                0x08003694                RotationMode
 .text.MX_GPIO_Init
                0x080036f8       0x30 build/SysConfig.o
                0x080036f8                MX_GPIO_Init
 .text.Error_Handler
                0x08003728        0x4 build/SysConfig.o
                0x08003728                Error_Handler
 .text.SystemClock_Config
                0x0800372c       0x64 build/SysConfig.o
                0x0800372c                SystemClock_Config
 .text.Base_Init
                0x08003790       0x44 build/timer_Driver.o
                0x08003790                Base_Init
 .text.Encoder_Init
                0x080037d4       0xac build/timer_Driver.o
                0x080037d4                Encoder_Init
 .text.Get_Encoder
                0x08003880        0xc build/timer_Driver.o
                0x08003880                Get_Encoder
 .text.PWM_init
                0x0800388c       0xcc build/timer_Driver.o
                0x0800388c                PWM_init
 .text.PWM_Set  0x08003958        0xc build/timer_Driver.o
                0x08003958                PWM_Set
 .text.USART1_IRQHandler
                0x08003964       0x80 build/usart_Driver.o
                0x08003964                USART1_IRQHandler
 .text.USART1_Init
                0x080039e4       0xb4 build/usart_Driver.o
                0x080039e4                USART1_Init
 .text.prvTaskExitError
                0x08003a98       0x40 build/port.o
 .text.prvPortStartFirstTask
                0x08003ad8       0x20 build/port.o
 .text.pxPortInitialiseStack
                0x08003af8       0x24 build/port.o
                0x08003af8                pxPortInitialiseStack
 *fill*         0x08003b1c        0x4 
 .text.SVC_Handler
                0x08003b20       0x24 build/port.o
                0x08003b20                SVC_Handler
 .text.vPortEnterCritical
                0x08003b44       0x44 build/port.o
                0x08003b44                vPortEnterCritical
 .text.vPortExitCritical
                0x08003b88       0x2c build/port.o
                0x08003b88                vPortExitCritical
 *fill*         0x08003bb4        0xc 
 .text.PendSV_Handler
                0x08003bc0       0x44 build/port.o
                0x08003bc0                PendSV_Handler
 .text.SysTick_Handler
                0x08003c04       0x2c build/port.o
                0x08003c04                SysTick_Handler
 .text.vPortSetupTimerInterrupt
                0x08003c30       0x28 build/port.o
                0x08003c30                vPortSetupTimerInterrupt
 .text.xPortStartScheduler
                0x08003c58       0xc0 build/port.o
                0x08003c58                xPortStartScheduler
 .text.vPortValidateInterruptPriority
                0x08003d18       0x5c build/port.o
                0x08003d18                vPortValidateInterruptPriority
 .text.prvHeapInit
                0x08003d74       0x58 build/heap_4.o
 .text.prvInsertBlockIntoFreeList
                0x08003dcc       0x60 build/heap_4.o
 .text.pvPortMalloc
                0x08003e2c       0xf4 build/heap_4.o
                0x08003e2c                pvPortMalloc
 .text.vPortFree
                0x08003f20       0x74 build/heap_4.o
                0x08003f20                vPortFree
 .text.Reset_Handler
                0x08003f94       0x48 build/startup_stm32f103xb.o
                0x08003f94                Reset_Handler
 .text.Default_Handler
                0x08003fdc        0x2 build/startup_stm32f103xb.o
                0x08003fdc                RTC_Alarm_IRQHandler
                0x08003fdc                EXTI2_IRQHandler
                0x08003fdc                TIM1_CC_IRQHandler
                0x08003fdc                PVD_IRQHandler
                0x08003fdc                EXTI3_IRQHandler
                0x08003fdc                EXTI0_IRQHandler
                0x08003fdc                I2C2_EV_IRQHandler
                0x08003fdc                ADC1_2_IRQHandler
                0x08003fdc                SPI1_IRQHandler
                0x08003fdc                TAMPER_IRQHandler
                0x08003fdc                DMA1_Channel4_IRQHandler
                0x08003fdc                USART3_IRQHandler
                0x08003fdc                RTC_IRQHandler
                0x08003fdc                DMA1_Channel7_IRQHandler
                0x08003fdc                CAN1_RX1_IRQHandler
                0x08003fdc                I2C1_EV_IRQHandler
                0x08003fdc                DMA1_Channel6_IRQHandler
                0x08003fdc                TIM3_IRQHandler
                0x08003fdc                RCC_IRQHandler
                0x08003fdc                TIM1_TRG_COM_IRQHandler
                0x08003fdc                DMA1_Channel1_IRQHandler
                0x08003fdc                Default_Handler
                0x08003fdc                EXTI15_10_IRQHandler
                0x08003fdc                EXTI9_5_IRQHandler
                0x08003fdc                SPI2_IRQHandler
                0x08003fdc                DMA1_Channel5_IRQHandler
                0x08003fdc                EXTI4_IRQHandler
                0x08003fdc                USB_LP_CAN1_RX0_IRQHandler
                0x08003fdc                USB_HP_CAN1_TX_IRQHandler
                0x08003fdc                DMA1_Channel3_IRQHandler
                0x08003fdc                TIM1_UP_IRQHandler
                0x08003fdc                WWDG_IRQHandler
                0x08003fdc                TIM1_BRK_IRQHandler
                0x08003fdc                EXTI1_IRQHandler
                0x08003fdc                USART2_IRQHandler
                0x08003fdc                I2C2_ER_IRQHandler
                0x08003fdc                DMA1_Channel2_IRQHandler
                0x08003fdc                CAN1_SCE_IRQHandler
                0x08003fdc                FLASH_IRQHandler
                0x08003fdc                I2C1_ER_IRQHandler
                0x08003fdc                USBWakeUp_IRQHandler
 .text.memset   0x08003fde       0x10 C:/Arm-gnu-toolchain/bin/../lib/gcc/arm-none-eabi/13.3.1/thumb/v7-m/nofp\libc_nano.a(libc_a-memset.o)
                0x08003fde                memset
 *fill*         0x08003fee        0x2 
 .text.__libc_init_array
                0x08003ff0       0x48 C:/Arm-gnu-toolchain/bin/../lib/gcc/arm-none-eabi/13.3.1/thumb/v7-m/nofp\libc_nano.a(libc_a-init.o)
                0x08003ff0                __libc_init_array
 .text.memcpy   0x08004038       0x1c C:/Arm-gnu-toolchain/bin/../lib/gcc/arm-none-eabi/13.3.1/thumb/v7-m/nofp\libc_nano.a(libc_a-memcpy-stub.o)
                0x08004038                memcpy
 *(.glue_7)
 .glue_7        0x08004054        0x0 linker stubs
 *(.glue_7t)
 .glue_7t       0x08004054        0x0 linker stubs
 *(.eh_frame)
 .eh_frame      0x08004054        0x0 C:/Arm-gnu-toolchain/bin/../lib/gcc/arm-none-eabi/13.3.1/thumb/v7-m/nofp/crtbegin.o
 *(.init)
 .init          0x08004054        0x4 C:/Arm-gnu-toolchain/bin/../lib/gcc/arm-none-eabi/13.3.1/thumb/v7-m/nofp/crti.o
                0x08004054                _init
 .init          0x08004058        0x8 C:/Arm-gnu-toolchain/bin/../lib/gcc/arm-none-eabi/13.3.1/thumb/v7-m/nofp/crtn.o
 *(.fini)
 .fini          0x08004060        0x4 C:/Arm-gnu-toolchain/bin/../lib/gcc/arm-none-eabi/13.3.1/thumb/v7-m/nofp/crti.o
                0x08004060                _fini
 .fini          0x08004064        0x8 C:/Arm-gnu-toolchain/bin/../lib/gcc/arm-none-eabi/13.3.1/thumb/v7-m/nofp/crtn.o
                0x0800406c                        . = ALIGN (0x4)
                0x0800406c                        _etext = .

.vfp11_veneer   0x0800406c        0x0
 .vfp11_veneer  0x0800406c        0x0 linker stubs

.v4_bx          0x0800406c        0x0
 .v4_bx         0x0800406c        0x0 linker stubs

.iplt           0x0800406c        0x0
 .iplt          0x0800406c        0x0 C:/Arm-gnu-toolchain/bin/../lib/gcc/arm-none-eabi/13.3.1/thumb/v7-m/nofp/crtbegin.o

.rodata         0x0800406c       0x38
                0x0800406c                        . = ALIGN (0x4)
 *(.rodata)
 *(.rodata*)
 .rodata.APBPrescTable
                0x0800406c        0x8 build/system_stm32f1xx.o
                0x0800406c                APBPrescTable
 .rodata.AHBPrescTable
                0x08004074       0x10 build/system_stm32f1xx.o
                0x08004074                AHBPrescTable
 .rodata.aPredivFactorTable.0
                0x08004084        0x2 build/stm32f1xx_hal_rcc.o
 *fill*         0x08004086        0x2 
 .rodata.aPLLMULFactorTable.1
                0x08004088       0x10 build/stm32f1xx_hal_rcc.o
 .rodata.vTaskStartScheduler.str1.4
                0x08004098        0x5 build/tasks.o
 *fill*         0x0800409d        0x3 
 .rodata.uxTopUsedPriority
                0x080040a0        0x4 build/tasks.o
                0x080040a0                uxTopUsedPriority
                0x080040a4                        . = ALIGN (0x4)

.rel.dyn        0x080040a4        0x0
 .rel.iplt      0x080040a4        0x0 C:/Arm-gnu-toolchain/bin/../lib/gcc/arm-none-eabi/13.3.1/thumb/v7-m/nofp/crtbegin.o

.ARM.extab
 *(.ARM.extab* .gnu.linkonce.armextab.*)

.ARM            0x080040a4        0x0
                0x080040a4                        __exidx_start = .
 *(.ARM.exidx*)
                0x080040a4                        __exidx_end = .

.preinit_array  0x080040a4        0x0
                0x080040a4                        PROVIDE (__preinit_array_start = .)
 *(.preinit_array*)
                0x080040a4                        PROVIDE (__preinit_array_end = .)

.init_array     0x080040a4        0x4
                0x080040a4                        PROVIDE (__init_array_start = .)
 *(SORT_BY_NAME(.init_array.*))
 *(.init_array*)
 .init_array    0x080040a4        0x4 C:/Arm-gnu-toolchain/bin/../lib/gcc/arm-none-eabi/13.3.1/thumb/v7-m/nofp/crtbegin.o
                0x080040a8                        PROVIDE (__init_array_end = .)

.fini_array     0x080040a8        0x4
                [!provide]                        PROVIDE (__fini_array_start = .)
 *(SORT_BY_NAME(.fini_array.*))
 *(.fini_array*)
 .fini_array    0x080040a8        0x4 C:/Arm-gnu-toolchain/bin/../lib/gcc/arm-none-eabi/13.3.1/thumb/v7-m/nofp/crtbegin.o
                [!provide]                        PROVIDE (__fini_array_end = .)
                0x080040ac                        _sidata = LOADADDR (.data)

.data           0x20000000       0x10 load address 0x080040ac
                0x20000000                        . = ALIGN (0x4)
                0x20000000                        _sdata = .
 *(.data)
 *(.data*)
 .data.SystemCoreClock
                0x20000000        0x4 build/system_stm32f1xx.o
                0x20000000                SystemCoreClock
 .data.uwTickFreq
                0x20000004        0x1 build/stm32f1xx_hal.o
                0x20000004                uwTickFreq
 *fill*         0x20000005        0x3 
 .data.uwTickPrio
                0x20000008        0x4 build/stm32f1xx_hal.o
                0x20000008                uwTickPrio
 .data.uxCriticalNesting
                0x2000000c        0x4 build/port.o
                0x20000010                        . = ALIGN (0x4)
                0x20000010                        _edata = .

.tm_clone_table
                0x20000010        0x0 load address 0x080040bc
 .tm_clone_table
                0x20000010        0x0 C:/Arm-gnu-toolchain/bin/../lib/gcc/arm-none-eabi/13.3.1/thumb/v7-m/nofp/crtbegin.o
 .tm_clone_table
                0x20000010        0x0 C:/Arm-gnu-toolchain/bin/../lib/gcc/arm-none-eabi/13.3.1/thumb/v7-m/nofp/crtend.o

.igot.plt       0x20000010        0x0 load address 0x080040bc
 .igot.plt      0x20000010        0x0 C:/Arm-gnu-toolchain/bin/../lib/gcc/arm-none-eabi/13.3.1/thumb/v7-m/nofp/crtbegin.o
                0x20000010                        . = ALIGN (0x4)

.bss            0x20000010     0x4684 load address 0x080040bc
                0x20000010                        _sbss = .
                0x20000010                        __bss_start__ = _sbss
 *(.bss)
 *(.bss*)
 .bss.completed.1
                0x20000010        0x1 C:/Arm-gnu-toolchain/bin/../lib/gcc/arm-none-eabi/13.3.1/thumb/v7-m/nofp/crtbegin.o
 *fill*         0x20000011        0x3 
 .bss.object.0  0x20000014       0x18 C:/Arm-gnu-toolchain/bin/../lib/gcc/arm-none-eabi/13.3.1/thumb/v7-m/nofp/crtbegin.o
 .bss.Ud_f_pre.0
                0x2000002c        0x4 build/main.o
 .bss.e_pre.1   0x20000030        0x4 build/main.o
 .bss.e_reset.2
                0x20000034        0x4 build/main.o
 .bss.Ui_pre.3  0x20000038        0x4 build/main.o
 .bss.CurrentValue
                0x2000003c        0x4 build/main.o
                0x2000003c                CurrentValue
 .bss.SetPoint  0x20000040        0x4 build/main.o
                0x20000040                SetPoint
 .bss.Counter   0x20000044        0x2 build/main.o
                0x20000044                Counter
 *fill*         0x20000046        0x2 
 .bss.EncoderSemaphore
                0x20000048        0x4 build/main.o
                0x20000048                EncoderSemaphore
 .bss.UARTQueue
                0x2000004c        0x4 build/main.o
                0x2000004c                UARTQueue
 .bss.EncoderQueue
                0x20000050        0x4 build/main.o
                0x20000050                EncoderQueue
 .bss.alpha     0x20000054        0x4 build/main.o
                0x20000054                alpha
 .bss.Ts        0x20000058        0x4 build/main.o
                0x20000058                Ts
 .bss.Kb        0x2000005c        0x4 build/main.o
                0x2000005c                Kb
 .bss.Kd        0x20000060        0x4 build/main.o
                0x20000060                Kd
 .bss.Ki        0x20000064        0x4 build/main.o
                0x20000064                Ki
 .bss.Kp        0x20000068        0x4 build/main.o
                0x20000068                Kp
 .bss.Low_lim   0x2000006c        0x2 build/main.o
                0x2000006c                Low_lim
 .bss.High_lim  0x2000006e        0x2 build/main.o
                0x2000006e                High_lim
 .bss.uwTick    0x20000070        0x4 build/stm32f1xx_hal.o
                0x20000070                uwTick
 .bss.uxSchedulerSuspended
                0x20000074        0x4 build/tasks.o
 .bss.xIdleTaskHandle
                0x20000078        0x4 build/tasks.o
 .bss.xNextTaskUnblockTime
                0x2000007c        0x4 build/tasks.o
 .bss.uxTaskNumber
                0x20000080        0x4 build/tasks.o
 .bss.xNumOfOverflows
                0x20000084        0x4 build/tasks.o
 .bss.xYieldPending
                0x20000088        0x4 build/tasks.o
 .bss.xPendedTicks
                0x2000008c        0x4 build/tasks.o
 .bss.xSchedulerRunning
                0x20000090        0x4 build/tasks.o
 .bss.uxTopReadyPriority
                0x20000094        0x4 build/tasks.o
 .bss.xTickCount
                0x20000098        0x4 build/tasks.o
 .bss.uxCurrentNumberOfTasks
                0x2000009c        0x4 build/tasks.o
 .bss.xSuspendedTaskList
                0x200000a0       0x14 build/tasks.o
 .bss.uxDeletedTasksWaitingCleanUp
                0x200000b4        0x4 build/tasks.o
 .bss.xTasksWaitingTermination
                0x200000b8       0x14 build/tasks.o
 .bss.xPendingReadyList
                0x200000cc       0x14 build/tasks.o
 .bss.pxOverflowDelayedTaskList
                0x200000e0        0x4 build/tasks.o
 .bss.pxDelayedTaskList
                0x200000e4        0x4 build/tasks.o
 .bss.xDelayedTaskList2
                0x200000e8       0x14 build/tasks.o
 .bss.xDelayedTaskList1
                0x200000fc       0x14 build/tasks.o
 .bss.pxReadyTasksLists
                0x20000110       0x64 build/tasks.o
 .bss.pxCurrentTCB
                0x20000174        0x4 build/tasks.o
                0x20000174                pxCurrentTCB
 .bss.htim3     0x20000178       0x48 build/timer_Driver.o
                0x20000178                htim3
 .bss.BufferIndex
                0x200001c0        0x1 build/usart_Driver.o
                0x200001c0                BufferIndex
 *fill*         0x200001c1        0x3 
 .bss.Buffer    0x200001c4       0x64 build/usart_Driver.o
                0x200001c4                Buffer
 .bss.huart1    0x20000228       0x48 build/usart_Driver.o
                0x20000228                huart1
 .bss.ulMaxPRIGROUPValue
                0x20000270        0x4 build/port.o
 .bss.ucMaxSysCallPriority
                0x20000274        0x1 build/port.o
 *fill*         0x20000275        0x3 
 .bss.xNumberOfSuccessfulFrees
                0x20000278        0x4 build/heap_4.o
 .bss.xNumberOfSuccessfulAllocations
                0x2000027c        0x4 build/heap_4.o
 .bss.xMinimumEverFreeBytesRemaining
                0x20000280        0x4 build/heap_4.o
 .bss.xFreeBytesRemaining
                0x20000284        0x4 build/heap_4.o
 .bss.pxEnd     0x20000288        0x4 build/heap_4.o
 .bss.xStart    0x2000028c        0x8 build/heap_4.o
 .bss.ucHeap    0x20000294     0x4400 build/heap_4.o
 *(COMMON)
                0x20004694                        . = ALIGN (0x4)
                0x20004694                        _ebss = .
                0x20004694                        __bss_end__ = _ebss

._user_heap_stack
                0x20004694      0x604 load address 0x080040bc
                0x20004698                        . = ALIGN (0x8)
 *fill*         0x20004694        0x4 
                [!provide]                        PROVIDE (end = .)
                0x20004698                        PROVIDE (_end = .)
                0x20004898                        . = (. + _Min_Heap_Size)
 *fill*         0x20004698      0x200 
                0x20004c98                        . = (. + _Min_Stack_Size)
 *fill*         0x20004898      0x400 
                0x20004c98                        . = ALIGN (0x8)

/DISCARD/
 libc.a(*)
 libm.a(*)
 libgcc.a(*)

.ARM.attributes
                0x00000000       0x29
 *(.ARM.attributes)
 .ARM.attributes
                0x00000000       0x1d C:/Arm-gnu-toolchain/bin/../lib/gcc/arm-none-eabi/13.3.1/thumb/v7-m/nofp/crti.o
 .ARM.attributes
                0x0000001d       0x2d C:/Arm-gnu-toolchain/bin/../lib/gcc/arm-none-eabi/13.3.1/thumb/v7-m/nofp/crtbegin.o
 .ARM.attributes
                0x0000004a       0x2d build/main.o
 .ARM.attributes
                0x00000077       0x2d build/stm32f1xx_hal_msp.o
 .ARM.attributes
                0x000000a4       0x2d build/stm32f1xx_it.o
 .ARM.attributes
                0x000000d1       0x2d build/system_stm32f1xx.o
 .ARM.attributes
                0x000000fe       0x2d build/stm32f1xx_hal.o
 .ARM.attributes
                0x0000012b       0x2d build/stm32f1xx_hal_cortex.o
 .ARM.attributes
                0x00000158       0x2d build/stm32f1xx_hal_gpio.o
 .ARM.attributes
                0x00000185       0x2d build/stm32f1xx_hal_rcc.o
 .ARM.attributes
                0x000001b2       0x2d build/stm32f1xx_hal_tim.o
 .ARM.attributes
                0x000001df       0x2d build/stm32f1xx_hal_tim_ex.o
 .ARM.attributes
                0x0000020c       0x2d build/stm32f1xx_hal_uart.o
 .ARM.attributes
                0x00000239       0x2d build/list.o
 .ARM.attributes
                0x00000266       0x2d build/queue.o
 .ARM.attributes
                0x00000293       0x2d build/tasks.o
 .ARM.attributes
                0x000002c0       0x2d build/gpio_Driver.o
 .ARM.attributes
                0x000002ed       0x2d build/SysConfig.o
 .ARM.attributes
                0x0000031a       0x2d build/timer_Driver.o
 .ARM.attributes
                0x00000347       0x2d build/usart_Driver.o
 .ARM.attributes
                0x00000374       0x2d build/port.o
 .ARM.attributes
                0x000003a1       0x2d build/heap_4.o
 .ARM.attributes
                0x000003ce       0x21 build/startup_stm32f103xb.o
 .ARM.attributes
                0x000003ef       0x2d C:/Arm-gnu-toolchain/bin/../lib/gcc/arm-none-eabi/13.3.1/thumb/v7-m/nofp\libc_nano.a(libc_a-memset.o)
 .ARM.attributes
                0x0000041c       0x2d C:/Arm-gnu-toolchain/bin/../lib/gcc/arm-none-eabi/13.3.1/thumb/v7-m/nofp\libc_nano.a(libc_a-init.o)
 .ARM.attributes
                0x00000449       0x2d C:/Arm-gnu-toolchain/bin/../lib/gcc/arm-none-eabi/13.3.1/thumb/v7-m/nofp\libc_nano.a(libc_a-memcpy-stub.o)
 .ARM.attributes
                0x00000476       0x1d C:/Arm-gnu-toolchain/bin/../lib/gcc/arm-none-eabi/13.3.1/thumb/v7-m/nofp\libgcc.a(_arm_addsubdf3.o)
 .ARM.attributes
                0x00000493       0x1d C:/Arm-gnu-toolchain/bin/../lib/gcc/arm-none-eabi/13.3.1/thumb/v7-m/nofp\libgcc.a(_arm_muldivdf3.o)
 .ARM.attributes
                0x000004b0       0x1d C:/Arm-gnu-toolchain/bin/../lib/gcc/arm-none-eabi/13.3.1/thumb/v7-m/nofp\libgcc.a(_arm_truncdfsf2.o)
 .ARM.attributes
                0x000004cd       0x1d C:/Arm-gnu-toolchain/bin/../lib/gcc/arm-none-eabi/13.3.1/thumb/v7-m/nofp\libgcc.a(_arm_addsubsf3.o)
 .ARM.attributes
                0x000004ea       0x1d C:/Arm-gnu-toolchain/bin/../lib/gcc/arm-none-eabi/13.3.1/thumb/v7-m/nofp\libgcc.a(_arm_muldivsf3.o)
 .ARM.attributes
                0x00000507       0x1d C:/Arm-gnu-toolchain/bin/../lib/gcc/arm-none-eabi/13.3.1/thumb/v7-m/nofp\libgcc.a(_arm_cmpsf2.o)
 .ARM.attributes
                0x00000524       0x1d C:/Arm-gnu-toolchain/bin/../lib/gcc/arm-none-eabi/13.3.1/thumb/v7-m/nofp\libgcc.a(_arm_fixsfsi.o)
 .ARM.attributes
                0x00000541       0x2d C:/Arm-gnu-toolchain/bin/../lib/gcc/arm-none-eabi/13.3.1/thumb/v7-m/nofp/crtend.o
 .ARM.attributes
                0x0000056e       0x1d C:/Arm-gnu-toolchain/bin/../lib/gcc/arm-none-eabi/13.3.1/thumb/v7-m/nofp/crtn.o
OUTPUT(build/DCServo.elf elf32-littlearm)
LOAD linker stubs
LOAD C:/Arm-gnu-toolchain/bin/../lib/gcc/arm-none-eabi/13.3.1/thumb/v7-m/nofp\libc.a
LOAD C:/Arm-gnu-toolchain/bin/../lib/gcc/arm-none-eabi/13.3.1/thumb/v7-m/nofp\libm.a
LOAD C:/Arm-gnu-toolchain/bin/../lib/gcc/arm-none-eabi/13.3.1/thumb/v7-m/nofp\libgcc.a

.debug_info     0x00000000    0x1597e
 .debug_info    0x00000000      0xaf8 build/main.o
 .debug_info    0x00000af8      0x23f build/stm32f1xx_hal_msp.o
 .debug_info    0x00000d37      0x102 build/stm32f1xx_it.o
 .debug_info    0x00000e39      0x26e build/system_stm32f1xx.o
 .debug_info    0x000010a7      0x880 build/stm32f1xx_hal.o
 .debug_info    0x00001927      0xe3f build/stm32f1xx_hal_cortex.o
 .debug_info    0x00002766      0x6d7 build/stm32f1xx_hal_gpio.o
 .debug_info    0x00002e3d      0xb10 build/stm32f1xx_hal_rcc.o
 .debug_info    0x0000394d     0x4146 build/stm32f1xx_hal_tim.o
 .debug_info    0x00007a93     0x1d4f build/stm32f1xx_hal_tim_ex.o
 .debug_info    0x000097e2     0x430f build/stm32f1xx_hal_uart.o
 .debug_info    0x0000daf1      0x30f build/list.o
 .debug_info    0x0000de00     0x1db8 build/queue.o
 .debug_info    0x0000fbb8     0x29ad build/tasks.o
 .debug_info    0x00012565      0x4ef build/gpio_Driver.o
 .debug_info    0x00012a54      0x429 build/SysConfig.o
 .debug_info    0x00012e7d     0x119f build/timer_Driver.o
 .debug_info    0x0001401c      0xcf1 build/usart_Driver.o
 .debug_info    0x00014d0d      0x563 build/port.o
 .debug_info    0x00015270      0x6de build/heap_4.o
 .debug_info    0x0001594e       0x30 build/startup_stm32f103xb.o

.debug_abbrev   0x00000000     0x2eb1
 .debug_abbrev  0x00000000      0x27f build/main.o
 .debug_abbrev  0x0000027f       0xe7 build/stm32f1xx_hal_msp.o
 .debug_abbrev  0x00000366       0x46 build/stm32f1xx_it.o
 .debug_abbrev  0x000003ac      0x140 build/system_stm32f1xx.o
 .debug_abbrev  0x000004ec      0x232 build/stm32f1xx_hal.o
 .debug_abbrev  0x0000071e      0x3aa build/stm32f1xx_hal_cortex.o
 .debug_abbrev  0x00000ac8      0x222 build/stm32f1xx_hal_gpio.o
 .debug_abbrev  0x00000cea      0x2d6 build/stm32f1xx_hal_rcc.o
 .debug_abbrev  0x00000fc0      0x2bd build/stm32f1xx_hal_tim.o
 .debug_abbrev  0x0000127d      0x2b7 build/stm32f1xx_hal_tim_ex.o
 .debug_abbrev  0x00001534      0x35f build/stm32f1xx_hal_uart.o
 .debug_abbrev  0x00001893      0x124 build/list.o
 .debug_abbrev  0x000019b7      0x31d build/queue.o
 .debug_abbrev  0x00001cd4      0x3d2 build/tasks.o
 .debug_abbrev  0x000020a6      0x17d build/gpio_Driver.o
 .debug_abbrev  0x00002223      0x1b0 build/SysConfig.o
 .debug_abbrev  0x000023d3      0x2c8 build/timer_Driver.o
 .debug_abbrev  0x0000269b      0x262 build/usart_Driver.o
 .debug_abbrev  0x000028fd      0x2c2 build/port.o
 .debug_abbrev  0x00002bbf      0x2d5 build/heap_4.o
 .debug_abbrev  0x00002e94       0x1d build/startup_stm32f103xb.o

.debug_loc      0x00000000    0x13575
 .debug_loc     0x00000000      0x2a8 build/main.o
 .debug_loc     0x000002a8       0x41 build/stm32f1xx_hal_msp.o
 .debug_loc     0x000002e9      0x11b build/system_stm32f1xx.o
 .debug_loc     0x00000404      0x1f9 build/stm32f1xx_hal.o
 .debug_loc     0x000005fd      0x8b4 build/stm32f1xx_hal_cortex.o
 .debug_loc     0x00000eb1      0x56c build/stm32f1xx_hal_gpio.o
 .debug_loc     0x0000141d      0x7c6 build/stm32f1xx_hal_rcc.o
 .debug_loc     0x00001be3     0x6168 build/stm32f1xx_hal_tim.o
 .debug_loc     0x00007d4b     0x227b build/stm32f1xx_hal_tim_ex.o
 .debug_loc     0x00009fc6     0x4ff4 build/stm32f1xx_hal_uart.o
 .debug_loc     0x0000efba       0xeb build/list.o
 .debug_loc     0x0000f0a5     0x15a8 build/queue.o
 .debug_loc     0x0001064d     0x2502 build/tasks.o
 .debug_loc     0x00012b4f      0x102 build/gpio_Driver.o
 .debug_loc     0x00012c51       0x72 build/SysConfig.o
 .debug_loc     0x00012cc3       0xca build/timer_Driver.o
 .debug_loc     0x00012d8d      0x102 build/usart_Driver.o
 .debug_loc     0x00012e8f      0x172 build/port.o
 .debug_loc     0x00013001      0x574 build/heap_4.o

.debug_aranges  0x00000000      0xf00
 .debug_aranges
                0x00000000       0x40 build/main.o
 .debug_aranges
                0x00000040       0x20 build/stm32f1xx_hal_msp.o
 .debug_aranges
                0x00000060       0x48 build/stm32f1xx_it.o
 .debug_aranges
                0x000000a8       0x28 build/system_stm32f1xx.o
 .debug_aranges
                0x000000d0       0xe0 build/stm32f1xx_hal.o
 .debug_aranges
                0x000001b0       0xc0 build/stm32f1xx_hal_cortex.o
 .debug_aranges
                0x00000270       0x58 build/stm32f1xx_hal_gpio.o
 .debug_aranges
                0x000002c8       0x90 build/stm32f1xx_hal_rcc.o
 .debug_aranges
                0x00000358      0x3d0 build/stm32f1xx_hal_tim.o
 .debug_aranges
                0x00000728      0x168 build/stm32f1xx_hal_tim_ex.o
 .debug_aranges
                0x00000890      0x208 build/stm32f1xx_hal_uart.o
 .debug_aranges
                0x00000a98       0x40 build/list.o
 .debug_aranges
                0x00000ad8       0xc8 build/queue.o
 .debug_aranges
                0x00000ba0      0x190 build/tasks.o
 .debug_aranges
                0x00000d30       0x30 build/gpio_Driver.o
 .debug_aranges
                0x00000d60       0x30 build/SysConfig.o
 .debug_aranges
                0x00000d90       0x40 build/timer_Driver.o
 .debug_aranges
                0x00000dd0       0x30 build/usart_Driver.o
 .debug_aranges
                0x00000e00       0x78 build/port.o
 .debug_aranges
                0x00000e78       0x60 build/heap_4.o
 .debug_aranges
                0x00000ed8       0x28 build/startup_stm32f103xb.o

.debug_ranges   0x00000000     0x10e8
 .debug_ranges  0x00000000       0x30 build/main.o
 .debug_ranges  0x00000030       0x10 build/stm32f1xx_hal_msp.o
 .debug_ranges  0x00000040       0x38 build/stm32f1xx_it.o
 .debug_ranges  0x00000078       0x18 build/system_stm32f1xx.o
 .debug_ranges  0x00000090       0xd0 build/stm32f1xx_hal.o
 .debug_ranges  0x00000160       0xb0 build/stm32f1xx_hal_cortex.o
 .debug_ranges  0x00000210       0x48 build/stm32f1xx_hal_gpio.o
 .debug_ranges  0x00000258       0xa0 build/stm32f1xx_hal_rcc.o
 .debug_ranges  0x000002f8      0x3c0 build/stm32f1xx_hal_tim.o
 .debug_ranges  0x000006b8      0x158 build/stm32f1xx_hal_tim_ex.o
 .debug_ranges  0x00000810      0x210 build/stm32f1xx_hal_uart.o
 .debug_ranges  0x00000a20       0x30 build/list.o
 .debug_ranges  0x00000a50      0x1b8 build/queue.o
 .debug_ranges  0x00000c08      0x378 build/tasks.o
 .debug_ranges  0x00000f80       0x20 build/gpio_Driver.o
 .debug_ranges  0x00000fa0       0x20 build/SysConfig.o
 .debug_ranges  0x00000fc0       0x30 build/timer_Driver.o
 .debug_ranges  0x00000ff0       0x20 build/usart_Driver.o
 .debug_ranges  0x00001010       0x68 build/port.o
 .debug_ranges  0x00001078       0x50 build/heap_4.o
 .debug_ranges  0x000010c8       0x20 build/startup_stm32f103xb.o

.debug_line     0x00000000    0x1099c
 .debug_line    0x00000000      0x43c build/main.o
 .debug_line    0x0000043c      0x125 build/stm32f1xx_hal_msp.o
 .debug_line    0x00000561       0xca build/stm32f1xx_it.o
 .debug_line    0x0000062b      0x1ed build/system_stm32f1xx.o
 .debug_line    0x00000818      0x4d6 build/stm32f1xx_hal.o
 .debug_line    0x00000cee      0x64f build/stm32f1xx_hal_cortex.o
 .debug_line    0x0000133d      0x578 build/stm32f1xx_hal_gpio.o
 .debug_line    0x000018b5      0xc52 build/stm32f1xx_hal_rcc.o
 .debug_line    0x00002507     0x4597 build/stm32f1xx_hal_tim.o
 .debug_line    0x00006a9e     0x1994 build/stm32f1xx_hal_tim_ex.o
 .debug_line    0x00008432     0x3447 build/stm32f1xx_hal_uart.o
 .debug_line    0x0000b879      0x2ec build/list.o
 .debug_line    0x0000bb65     0x1462 build/queue.o
 .debug_line    0x0000cfc7     0x203f build/tasks.o
 .debug_line    0x0000f006      0x22b build/gpio_Driver.o
 .debug_line    0x0000f231      0x289 build/SysConfig.o
 .debug_line    0x0000f4ba      0x493 build/timer_Driver.o
 .debug_line    0x0000f94d      0x3dc build/usart_Driver.o
 .debug_line    0x0000fd29      0x513 build/port.o
 .debug_line    0x0001023c      0x6ef build/heap_4.o
 .debug_line    0x0001092b       0x71 build/startup_stm32f103xb.o

.debug_str      0x00000000     0x4b56
 .debug_str     0x00000000     0x4b56 build/main.o
                                0x55d (size before relaxing)
 .debug_str     0x00004b56      0x206 build/stm32f1xx_hal_msp.o
 .debug_str     0x00004b56      0x1d2 build/stm32f1xx_it.o
 .debug_str     0x00004b56      0x236 build/system_stm32f1xx.o
 .debug_str     0x00004b56      0x810 build/stm32f1xx_hal.o
 .debug_str     0x00004b56      0x8b5 build/stm32f1xx_hal_cortex.o
 .debug_str     0x00004b56      0x3e2 build/stm32f1xx_hal_gpio.o
 .debug_str     0x00004b56      0x60d build/stm32f1xx_hal_rcc.o
 .debug_str     0x00004b56     0x1667 build/stm32f1xx_hal_tim.o
 .debug_str     0x00004b56      0xe73 build/stm32f1xx_hal_tim_ex.o
 .debug_str     0x00004b56      0xcd6 build/stm32f1xx_hal_uart.o
 .debug_str     0x00004b56      0x2c3 build/list.o
 .debug_str     0x00004b56      0x866 build/queue.o
 .debug_str     0x00004b56      0xe62 build/tasks.o
 .debug_str     0x00004b56      0x2c0 build/gpio_Driver.o
 .debug_str     0x00004b56      0x38d build/SysConfig.o
 .debug_str     0x00004b56      0xca0 build/timer_Driver.o
 .debug_str     0x00004b56      0xa7e build/usart_Driver.o
 .debug_str     0x00004b56      0x42f build/port.o
 .debug_str     0x00004b56      0x511 build/heap_4.o
 .debug_str     0x00004b56       0x6d build/startup_stm32f103xb.o

.comment        0x00000000       0x45
 .comment       0x00000000       0x45 build/main.o
                                 0x46 (size before relaxing)
 .comment       0x00000045       0x46 build/stm32f1xx_hal_msp.o
 .comment       0x00000045       0x46 build/stm32f1xx_it.o
 .comment       0x00000045       0x46 build/system_stm32f1xx.o
 .comment       0x00000045       0x46 build/stm32f1xx_hal.o
 .comment       0x00000045       0x46 build/stm32f1xx_hal_cortex.o
 .comment       0x00000045       0x46 build/stm32f1xx_hal_gpio.o
 .comment       0x00000045       0x46 build/stm32f1xx_hal_rcc.o
 .comment       0x00000045       0x46 build/stm32f1xx_hal_tim.o
 .comment       0x00000045       0x46 build/stm32f1xx_hal_tim_ex.o
 .comment       0x00000045       0x46 build/stm32f1xx_hal_uart.o
 .comment       0x00000045       0x46 build/list.o
 .comment       0x00000045       0x46 build/queue.o
 .comment       0x00000045       0x46 build/tasks.o
 .comment       0x00000045       0x46 build/gpio_Driver.o
 .comment       0x00000045       0x46 build/SysConfig.o
 .comment       0x00000045       0x46 build/timer_Driver.o
 .comment       0x00000045       0x46 build/usart_Driver.o
 .comment       0x00000045       0x46 build/port.o
 .comment       0x00000045       0x46 build/heap_4.o

.debug_frame    0x00000000     0x2aa4
 .debug_frame   0x00000000       0xa0 build/main.o
 .debug_frame   0x000000a0       0x28 build/stm32f1xx_hal_msp.o
 .debug_frame   0x000000c8       0x70 build/stm32f1xx_it.o
 .debug_frame   0x00000138       0x30 build/system_stm32f1xx.o
 .debug_frame   0x00000168      0x1cc build/stm32f1xx_hal.o
 .debug_frame   0x00000334      0x19c build/stm32f1xx_hal_cortex.o
 .debug_frame   0x000004d0       0xe4 build/stm32f1xx_hal_gpio.o
 .debug_frame   0x000005b4      0x184 build/stm32f1xx_hal_rcc.o
 .debug_frame   0x00000738      0xb18 build/stm32f1xx_hal_tim.o
 .debug_frame   0x00001250      0x418 build/stm32f1xx_hal_tim_ex.o
 .debug_frame   0x00001668      0x5dc build/stm32f1xx_hal_uart.o
 .debug_frame   0x00001c44       0x70 build/list.o
 .debug_frame   0x00001cb4      0x288 build/queue.o
 .debug_frame   0x00001f3c      0x4e0 build/tasks.o
 .debug_frame   0x0000241c       0x6c build/gpio_Driver.o
 .debug_frame   0x00002488       0x58 build/SysConfig.o
 .debug_frame   0x000024e0       0x74 build/timer_Driver.o
 .debug_frame   0x00002554       0x70 build/usart_Driver.o
 .debug_frame   0x000025c4       0xf0 build/port.o
 .debug_frame   0x000026b4       0xec build/heap_4.o
 .debug_frame   0x000027a0       0x20 C:/Arm-gnu-toolchain/bin/../lib/gcc/arm-none-eabi/13.3.1/thumb/v7-m/nofp\libc_nano.a(libc_a-memset.o)
 .debug_frame   0x000027c0       0x2c C:/Arm-gnu-toolchain/bin/../lib/gcc/arm-none-eabi/13.3.1/thumb/v7-m/nofp\libc_nano.a(libc_a-init.o)
 .debug_frame   0x000027ec       0x28 C:/Arm-gnu-toolchain/bin/../lib/gcc/arm-none-eabi/13.3.1/thumb/v7-m/nofp\libc_nano.a(libc_a-memcpy-stub.o)
 .debug_frame   0x00002814       0xac C:/Arm-gnu-toolchain/bin/../lib/gcc/arm-none-eabi/13.3.1/thumb/v7-m/nofp\libgcc.a(_arm_addsubdf3.o)
 .debug_frame   0x000028c0       0x50 C:/Arm-gnu-toolchain/bin/../lib/gcc/arm-none-eabi/13.3.1/thumb/v7-m/nofp\libgcc.a(_arm_muldivdf3.o)
 .debug_frame   0x00002910       0x24 C:/Arm-gnu-toolchain/bin/../lib/gcc/arm-none-eabi/13.3.1/thumb/v7-m/nofp\libgcc.a(_arm_truncdfsf2.o)
 .debug_frame   0x00002934       0x4c C:/Arm-gnu-toolchain/bin/../lib/gcc/arm-none-eabi/13.3.1/thumb/v7-m/nofp\libgcc.a(_arm_addsubsf3.o)
 .debug_frame   0x00002980       0x38 C:/Arm-gnu-toolchain/bin/../lib/gcc/arm-none-eabi/13.3.1/thumb/v7-m/nofp\libgcc.a(_arm_muldivsf3.o)
 .debug_frame   0x000029b8       0xc8 C:/Arm-gnu-toolchain/bin/../lib/gcc/arm-none-eabi/13.3.1/thumb/v7-m/nofp\libgcc.a(_arm_cmpsf2.o)
 .debug_frame   0x00002a80       0x24 C:/Arm-gnu-toolchain/bin/../lib/gcc/arm-none-eabi/13.3.1/thumb/v7-m/nofp\libgcc.a(_arm_fixsfsi.o)

.debug_line_str
                0x00000000       0xd7
 .debug_line_str
                0x00000000       0xd7 C:/Arm-gnu-toolchain/bin/../lib/gcc/arm-none-eabi/13.3.1/thumb/v7-m/nofp\libgcc.a(_arm_addsubdf3.o)
                                 0xca (size before relaxing)
 .debug_line_str
                0x000000d7       0xca C:/Arm-gnu-toolchain/bin/../lib/gcc/arm-none-eabi/13.3.1/thumb/v7-m/nofp\libgcc.a(_arm_muldivdf3.o)
 .debug_line_str
                0x000000d7       0xca C:/Arm-gnu-toolchain/bin/../lib/gcc/arm-none-eabi/13.3.1/thumb/v7-m/nofp\libgcc.a(_arm_truncdfsf2.o)
 .debug_line_str
                0x000000d7       0xca C:/Arm-gnu-toolchain/bin/../lib/gcc/arm-none-eabi/13.3.1/thumb/v7-m/nofp\libgcc.a(_arm_addsubsf3.o)
 .debug_line_str
                0x000000d7       0xca C:/Arm-gnu-toolchain/bin/../lib/gcc/arm-none-eabi/13.3.1/thumb/v7-m/nofp\libgcc.a(_arm_muldivsf3.o)
 .debug_line_str
                0x000000d7       0xca C:/Arm-gnu-toolchain/bin/../lib/gcc/arm-none-eabi/13.3.1/thumb/v7-m/nofp\libgcc.a(_arm_cmpsf2.o)
 .debug_line_str
                0x000000d7       0xca C:/Arm-gnu-toolchain/bin/../lib/gcc/arm-none-eabi/13.3.1/thumb/v7-m/nofp\libgcc.a(_arm_fixsfsi.o)

Cross Reference Table

Symbol                                            File
ADC1_2_IRQHandler                                 build/startup_stm32f103xb.o
AHBPrescTable                                     build/system_stm32f1xx.o
                                                  build/stm32f1xx_hal_rcc.o
APBPrescTable                                     build/system_stm32f1xx.o
                                                  build/stm32f1xx_hal_rcc.o
Base_Init                                         build/timer_Driver.o
                                                  build/main.o
Buffer                                            build/usart_Driver.o
BufferIndex                                       build/usart_Driver.o
BusFault_Handler                                  build/stm32f1xx_it.o
CAN1_RX1_IRQHandler                               build/startup_stm32f103xb.o
CAN1_SCE_IRQHandler                               build/startup_stm32f103xb.o
ControllerTask                                    build/main.o
Counter                                           build/main.o
CurrentValue                                      build/main.o
DMA1_Channel1_IRQHandler                          build/startup_stm32f103xb.o
DMA1_Channel2_IRQHandler                          build/startup_stm32f103xb.o
DMA1_Channel3_IRQHandler                          build/startup_stm32f103xb.o
DMA1_Channel4_IRQHandler                          build/startup_stm32f103xb.o
DMA1_Channel5_IRQHandler                          build/startup_stm32f103xb.o
DMA1_Channel6_IRQHandler                          build/startup_stm32f103xb.o
DMA1_Channel7_IRQHandler                          build/startup_stm32f103xb.o
DebugMon_Handler                                  build/stm32f1xx_it.o
Default_Handler                                   build/startup_stm32f103xb.o
EXTI0_IRQHandler                                  build/startup_stm32f103xb.o
EXTI15_10_IRQHandler                              build/startup_stm32f103xb.o
EXTI1_IRQHandler                                  build/startup_stm32f103xb.o
EXTI2_IRQHandler                                  build/startup_stm32f103xb.o
EXTI3_IRQHandler                                  build/startup_stm32f103xb.o
EXTI4_IRQHandler                                  build/startup_stm32f103xb.o
EXTI9_5_IRQHandler                                build/startup_stm32f103xb.o
EncoderQueue                                      build/main.o
EncoderSemaphore                                  build/main.o
Encoder_Init                                      build/timer_Driver.o
                                                  build/main.o
Error_Handler                                     build/SysConfig.o
                                                  build/usart_Driver.o
                                                  build/timer_Driver.o
FLASH_IRQHandler                                  build/startup_stm32f103xb.o
FLASH_PageErase                                   build/stm32f1xx_hal_flash_ex.o
                                                  build/stm32f1xx_hal_flash.o
FLASH_WaitForLastOperation                        build/stm32f1xx_hal_flash.o
                                                  build/stm32f1xx_hal_flash_ex.o
Get_Encoder                                       build/timer_Driver.o
                                                  build/main.o
HAL_DBGMCU_DisableDBGSleepMode                    build/stm32f1xx_hal.o
HAL_DBGMCU_DisableDBGStandbyMode                  build/stm32f1xx_hal.o
HAL_DBGMCU_DisableDBGStopMode                     build/stm32f1xx_hal.o
HAL_DBGMCU_EnableDBGSleepMode                     build/stm32f1xx_hal.o
HAL_DBGMCU_EnableDBGStandbyMode                   build/stm32f1xx_hal.o
HAL_DBGMCU_EnableDBGStopMode                      build/stm32f1xx_hal.o
HAL_DMA_Abort                                     build/stm32f1xx_hal_dma.o
                                                  build/stm32f1xx_hal_uart.o
HAL_DMA_Abort_IT                                  build/stm32f1xx_hal_dma.o
                                                  build/stm32f1xx_hal_uart.o
                                                  build/stm32f1xx_hal_tim_ex.o
                                                  build/stm32f1xx_hal_tim.o
HAL_DMA_DeInit                                    build/stm32f1xx_hal_dma.o
HAL_DMA_GetError                                  build/stm32f1xx_hal_dma.o
                                                  build/stm32f1xx_hal_uart.o
HAL_DMA_GetState                                  build/stm32f1xx_hal_dma.o
HAL_DMA_IRQHandler                                build/stm32f1xx_hal_dma.o
HAL_DMA_Init                                      build/stm32f1xx_hal_dma.o
HAL_DMA_PollForTransfer                           build/stm32f1xx_hal_dma.o
HAL_DMA_RegisterCallback                          build/stm32f1xx_hal_dma.o
HAL_DMA_Start                                     build/stm32f1xx_hal_dma.o
HAL_DMA_Start_IT                                  build/stm32f1xx_hal_dma.o
                                                  build/stm32f1xx_hal_uart.o
                                                  build/stm32f1xx_hal_tim_ex.o
                                                  build/stm32f1xx_hal_tim.o
HAL_DMA_UnRegisterCallback                        build/stm32f1xx_hal_dma.o
HAL_DeInit                                        build/stm32f1xx_hal.o
HAL_Delay                                         build/stm32f1xx_hal.o
HAL_EXTI_ClearConfigLine                          build/stm32f1xx_hal_exti.o
HAL_EXTI_ClearPending                             build/stm32f1xx_hal_exti.o
HAL_EXTI_GenerateSWI                              build/stm32f1xx_hal_exti.o
HAL_EXTI_GetConfigLine                            build/stm32f1xx_hal_exti.o
HAL_EXTI_GetHandle                                build/stm32f1xx_hal_exti.o
HAL_EXTI_GetPending                               build/stm32f1xx_hal_exti.o
HAL_EXTI_IRQHandler                               build/stm32f1xx_hal_exti.o
HAL_EXTI_RegisterCallback                         build/stm32f1xx_hal_exti.o
HAL_EXTI_SetConfigLine                            build/stm32f1xx_hal_exti.o
HAL_FLASHEx_Erase                                 build/stm32f1xx_hal_flash_ex.o
HAL_FLASHEx_Erase_IT                              build/stm32f1xx_hal_flash_ex.o
HAL_FLASHEx_OBErase                               build/stm32f1xx_hal_flash_ex.o
HAL_FLASHEx_OBGetConfig                           build/stm32f1xx_hal_flash_ex.o
HAL_FLASHEx_OBGetUserData                         build/stm32f1xx_hal_flash_ex.o
HAL_FLASHEx_OBProgram                             build/stm32f1xx_hal_flash_ex.o
HAL_FLASH_EndOfOperationCallback                  build/stm32f1xx_hal_flash.o
HAL_FLASH_GetError                                build/stm32f1xx_hal_flash.o
HAL_FLASH_IRQHandler                              build/stm32f1xx_hal_flash.o
HAL_FLASH_Lock                                    build/stm32f1xx_hal_flash.o
HAL_FLASH_OB_Launch                               build/stm32f1xx_hal_flash.o
HAL_FLASH_OB_Lock                                 build/stm32f1xx_hal_flash.o
HAL_FLASH_OB_Unlock                               build/stm32f1xx_hal_flash.o
HAL_FLASH_OperationErrorCallback                  build/stm32f1xx_hal_flash.o
HAL_FLASH_Program                                 build/stm32f1xx_hal_flash.o
HAL_FLASH_Program_IT                              build/stm32f1xx_hal_flash.o
HAL_FLASH_Unlock                                  build/stm32f1xx_hal_flash.o
HAL_GPIOEx_ConfigEventout                         build/stm32f1xx_hal_gpio_ex.o
HAL_GPIOEx_DisableEventout                        build/stm32f1xx_hal_gpio_ex.o
HAL_GPIOEx_EnableEventout                         build/stm32f1xx_hal_gpio_ex.o
HAL_GPIO_DeInit                                   build/stm32f1xx_hal_gpio.o
HAL_GPIO_EXTI_Callback                            build/stm32f1xx_hal_gpio.o
HAL_GPIO_EXTI_IRQHandler                          build/stm32f1xx_hal_gpio.o
HAL_GPIO_Init                                     build/stm32f1xx_hal_gpio.o
                                                  build/usart_Driver.o
                                                  build/timer_Driver.o
                                                  build/gpio_Driver.o
                                                  build/stm32f1xx_hal_rcc.o
HAL_GPIO_LockPin                                  build/stm32f1xx_hal_gpio.o
HAL_GPIO_ReadPin                                  build/stm32f1xx_hal_gpio.o
HAL_GPIO_TogglePin                                build/stm32f1xx_hal_gpio.o
HAL_GPIO_WritePin                                 build/stm32f1xx_hal_gpio.o
                                                  build/gpio_Driver.o
HAL_GetDEVID                                      build/stm32f1xx_hal.o
HAL_GetHalVersion                                 build/stm32f1xx_hal.o
HAL_GetREVID                                      build/stm32f1xx_hal.o
HAL_GetTick                                       build/stm32f1xx_hal.o
                                                  build/stm32f1xx_hal_uart.o
                                                  build/stm32f1xx_hal_rcc_ex.o
                                                  build/stm32f1xx_hal_rcc.o
                                                  build/stm32f1xx_hal_flash.o
                                                  build/stm32f1xx_hal_dma.o
HAL_GetTickFreq                                   build/stm32f1xx_hal.o
HAL_GetTickPrio                                   build/stm32f1xx_hal.o
HAL_GetUIDw0                                      build/stm32f1xx_hal.o
HAL_GetUIDw1                                      build/stm32f1xx_hal.o
HAL_GetUIDw2                                      build/stm32f1xx_hal.o
HAL_HalfDuplex_EnableReceiver                     build/stm32f1xx_hal_uart.o
HAL_HalfDuplex_EnableTransmitter                  build/stm32f1xx_hal_uart.o
HAL_HalfDuplex_Init                               build/stm32f1xx_hal_uart.o
HAL_IncTick                                       build/stm32f1xx_hal.o
HAL_Init                                          build/stm32f1xx_hal.o
                                                  build/main.o
HAL_InitTick                                      build/stm32f1xx_hal.o
                                                  build/stm32f1xx_hal_rcc.o
HAL_LIN_Init                                      build/stm32f1xx_hal_uart.o
HAL_LIN_SendBreak                                 build/stm32f1xx_hal_uart.o
HAL_MspDeInit                                     build/stm32f1xx_hal.o
HAL_MspInit                                       build/stm32f1xx_hal_msp.o
HAL_MultiProcessor_EnterMuteMode                  build/stm32f1xx_hal_uart.o
HAL_MultiProcessor_ExitMuteMode                   build/stm32f1xx_hal_uart.o
HAL_MultiProcessor_Init                           build/stm32f1xx_hal_uart.o
HAL_NVIC_ClearPendingIRQ                          build/stm32f1xx_hal_cortex.o
HAL_NVIC_DisableIRQ                               build/stm32f1xx_hal_cortex.o
HAL_NVIC_EnableIRQ                                build/stm32f1xx_hal_cortex.o
                                                  build/usart_Driver.o
HAL_NVIC_GetActive                                build/stm32f1xx_hal_cortex.o
HAL_NVIC_GetPendingIRQ                            build/stm32f1xx_hal_cortex.o
HAL_NVIC_GetPriority                              build/stm32f1xx_hal_cortex.o
HAL_NVIC_GetPriorityGrouping                      build/stm32f1xx_hal_cortex.o
HAL_NVIC_SetPendingIRQ                            build/stm32f1xx_hal_cortex.o
HAL_NVIC_SetPriority                              build/stm32f1xx_hal_cortex.o
                                                  build/usart_Driver.o
                                                  build/stm32f1xx_hal.o
HAL_NVIC_SetPriorityGrouping                      build/stm32f1xx_hal_cortex.o
                                                  build/stm32f1xx_hal.o
HAL_NVIC_SystemReset                              build/stm32f1xx_hal_cortex.o
                                                  build/stm32f1xx_hal_flash.o
HAL_PWR_ConfigPVD                                 build/stm32f1xx_hal_pwr.o
HAL_PWR_DeInit                                    build/stm32f1xx_hal_pwr.o
HAL_PWR_DisableBkUpAccess                         build/stm32f1xx_hal_pwr.o
HAL_PWR_DisablePVD                                build/stm32f1xx_hal_pwr.o
HAL_PWR_DisableSEVOnPend                          build/stm32f1xx_hal_pwr.o
HAL_PWR_DisableSleepOnExit                        build/stm32f1xx_hal_pwr.o
HAL_PWR_DisableWakeUpPin                          build/stm32f1xx_hal_pwr.o
HAL_PWR_EnableBkUpAccess                          build/stm32f1xx_hal_pwr.o
HAL_PWR_EnablePVD                                 build/stm32f1xx_hal_pwr.o
HAL_PWR_EnableSEVOnPend                           build/stm32f1xx_hal_pwr.o
HAL_PWR_EnableSleepOnExit                         build/stm32f1xx_hal_pwr.o
HAL_PWR_EnableWakeUpPin                           build/stm32f1xx_hal_pwr.o
HAL_PWR_EnterSLEEPMode                            build/stm32f1xx_hal_pwr.o
HAL_PWR_EnterSTANDBYMode                          build/stm32f1xx_hal_pwr.o
HAL_PWR_EnterSTOPMode                             build/stm32f1xx_hal_pwr.o
HAL_PWR_PVDCallback                               build/stm32f1xx_hal_pwr.o
HAL_PWR_PVD_IRQHandler                            build/stm32f1xx_hal_pwr.o
HAL_RCCEx_GetPeriphCLKConfig                      build/stm32f1xx_hal_rcc_ex.o
HAL_RCCEx_GetPeriphCLKFreq                        build/stm32f1xx_hal_rcc_ex.o
HAL_RCCEx_PeriphCLKConfig                         build/stm32f1xx_hal_rcc_ex.o
HAL_RCC_CSSCallback                               build/stm32f1xx_hal_rcc.o
HAL_RCC_ClockConfig                               build/stm32f1xx_hal_rcc.o
                                                  build/SysConfig.o
HAL_RCC_DeInit                                    build/stm32f1xx_hal_rcc.o
HAL_RCC_DisableCSS                                build/stm32f1xx_hal_rcc.o
HAL_RCC_EnableCSS                                 build/stm32f1xx_hal_rcc.o
HAL_RCC_GetClockConfig                            build/stm32f1xx_hal_rcc.o
HAL_RCC_GetHCLKFreq                               build/stm32f1xx_hal_rcc.o
HAL_RCC_GetOscConfig                              build/stm32f1xx_hal_rcc.o
HAL_RCC_GetPCLK1Freq                              build/stm32f1xx_hal_rcc.o
                                                  build/stm32f1xx_hal_uart.o
HAL_RCC_GetPCLK2Freq                              build/stm32f1xx_hal_rcc.o
                                                  build/stm32f1xx_hal_uart.o
                                                  build/stm32f1xx_hal_rcc_ex.o
HAL_RCC_GetSysClockFreq                           build/stm32f1xx_hal_rcc.o
HAL_RCC_MCOConfig                                 build/stm32f1xx_hal_rcc.o
HAL_RCC_NMI_IRQHandler                            build/stm32f1xx_hal_rcc.o
HAL_RCC_OscConfig                                 build/stm32f1xx_hal_rcc.o
                                                  build/SysConfig.o
HAL_ResumeTick                                    build/stm32f1xx_hal.o
HAL_SYSTICK_CLKSourceConfig                       build/stm32f1xx_hal_cortex.o
HAL_SYSTICK_Callback                              build/stm32f1xx_hal_cortex.o
HAL_SYSTICK_Config                                build/stm32f1xx_hal_cortex.o
                                                  build/stm32f1xx_hal.o
HAL_SYSTICK_IRQHandler                            build/stm32f1xx_hal_cortex.o
HAL_SetTickFreq                                   build/stm32f1xx_hal.o
HAL_SuspendTick                                   build/stm32f1xx_hal.o
HAL_TIMEx_BreakCallback                           build/stm32f1xx_hal_tim_ex.o
                                                  build/stm32f1xx_hal_tim.o
HAL_TIMEx_CommutCallback                          build/stm32f1xx_hal_tim_ex.o
                                                  build/stm32f1xx_hal_tim.o
HAL_TIMEx_CommutHalfCpltCallback                  build/stm32f1xx_hal_tim_ex.o
HAL_TIMEx_ConfigBreakDeadTime                     build/stm32f1xx_hal_tim_ex.o
HAL_TIMEx_ConfigCommutEvent                       build/stm32f1xx_hal_tim_ex.o
HAL_TIMEx_ConfigCommutEvent_DMA                   build/stm32f1xx_hal_tim_ex.o
HAL_TIMEx_ConfigCommutEvent_IT                    build/stm32f1xx_hal_tim_ex.o
HAL_TIMEx_GetChannelNState                        build/stm32f1xx_hal_tim_ex.o
HAL_TIMEx_HallSensor_DeInit                       build/stm32f1xx_hal_tim_ex.o
HAL_TIMEx_HallSensor_GetState                     build/stm32f1xx_hal_tim_ex.o
HAL_TIMEx_HallSensor_Init                         build/stm32f1xx_hal_tim_ex.o
HAL_TIMEx_HallSensor_MspDeInit                    build/stm32f1xx_hal_tim_ex.o
HAL_TIMEx_HallSensor_MspInit                      build/stm32f1xx_hal_tim_ex.o
HAL_TIMEx_HallSensor_Start                        build/stm32f1xx_hal_tim_ex.o
HAL_TIMEx_HallSensor_Start_DMA                    build/stm32f1xx_hal_tim_ex.o
HAL_TIMEx_HallSensor_Start_IT                     build/stm32f1xx_hal_tim_ex.o
HAL_TIMEx_HallSensor_Stop                         build/stm32f1xx_hal_tim_ex.o
HAL_TIMEx_HallSensor_Stop_DMA                     build/stm32f1xx_hal_tim_ex.o
HAL_TIMEx_HallSensor_Stop_IT                      build/stm32f1xx_hal_tim_ex.o
HAL_TIMEx_MasterConfigSynchronization             build/stm32f1xx_hal_tim_ex.o
                                                  build/timer_Driver.o
HAL_TIMEx_OCN_Start                               build/stm32f1xx_hal_tim_ex.o
HAL_TIMEx_OCN_Start_DMA                           build/stm32f1xx_hal_tim_ex.o
HAL_TIMEx_OCN_Start_IT                            build/stm32f1xx_hal_tim_ex.o
HAL_TIMEx_OCN_Stop                                build/stm32f1xx_hal_tim_ex.o
HAL_TIMEx_OCN_Stop_DMA                            build/stm32f1xx_hal_tim_ex.o
HAL_TIMEx_OCN_Stop_IT                             build/stm32f1xx_hal_tim_ex.o
HAL_TIMEx_OnePulseN_Start                         build/stm32f1xx_hal_tim_ex.o
HAL_TIMEx_OnePulseN_Start_IT                      build/stm32f1xx_hal_tim_ex.o
HAL_TIMEx_OnePulseN_Stop                          build/stm32f1xx_hal_tim_ex.o
HAL_TIMEx_OnePulseN_Stop_IT                       build/stm32f1xx_hal_tim_ex.o
HAL_TIMEx_PWMN_Start                              build/stm32f1xx_hal_tim_ex.o
HAL_TIMEx_PWMN_Start_DMA                          build/stm32f1xx_hal_tim_ex.o
HAL_TIMEx_PWMN_Start_IT                           build/stm32f1xx_hal_tim_ex.o
HAL_TIMEx_PWMN_Stop                               build/stm32f1xx_hal_tim_ex.o
HAL_TIMEx_PWMN_Stop_DMA                           build/stm32f1xx_hal_tim_ex.o
HAL_TIMEx_PWMN_Stop_IT                            build/stm32f1xx_hal_tim_ex.o
HAL_TIMEx_RemapConfig                             build/stm32f1xx_hal_tim_ex.o
HAL_TIM_Base_DeInit                               build/stm32f1xx_hal_tim.o
HAL_TIM_Base_GetState                             build/stm32f1xx_hal_tim.o
HAL_TIM_Base_Init                                 build/stm32f1xx_hal_tim.o
HAL_TIM_Base_MspDeInit                            build/stm32f1xx_hal_tim.o
HAL_TIM_Base_MspInit                              build/stm32f1xx_hal_tim.o
HAL_TIM_Base_Start                                build/stm32f1xx_hal_tim.o
HAL_TIM_Base_Start_DMA                            build/stm32f1xx_hal_tim.o
HAL_TIM_Base_Start_IT                             build/stm32f1xx_hal_tim.o
HAL_TIM_Base_Stop                                 build/stm32f1xx_hal_tim.o
HAL_TIM_Base_Stop_DMA                             build/stm32f1xx_hal_tim.o
HAL_TIM_Base_Stop_IT                              build/stm32f1xx_hal_tim.o
HAL_TIM_ConfigClockSource                         build/stm32f1xx_hal_tim.o
HAL_TIM_ConfigOCrefClear                          build/stm32f1xx_hal_tim.o
HAL_TIM_ConfigTI1Input                            build/stm32f1xx_hal_tim.o
HAL_TIM_DMABurstState                             build/stm32f1xx_hal_tim.o
HAL_TIM_DMABurst_MultiReadStart                   build/stm32f1xx_hal_tim.o
HAL_TIM_DMABurst_MultiWriteStart                  build/stm32f1xx_hal_tim.o
HAL_TIM_DMABurst_ReadStart                        build/stm32f1xx_hal_tim.o
HAL_TIM_DMABurst_ReadStop                         build/stm32f1xx_hal_tim.o
HAL_TIM_DMABurst_WriteStart                       build/stm32f1xx_hal_tim.o
HAL_TIM_DMABurst_WriteStop                        build/stm32f1xx_hal_tim.o
HAL_TIM_Encoder_DeInit                            build/stm32f1xx_hal_tim.o
HAL_TIM_Encoder_GetState                          build/stm32f1xx_hal_tim.o
HAL_TIM_Encoder_Init                              build/stm32f1xx_hal_tim.o
HAL_TIM_Encoder_MspDeInit                         build/stm32f1xx_hal_tim.o
HAL_TIM_Encoder_MspInit                           build/stm32f1xx_hal_tim.o
HAL_TIM_Encoder_Start                             build/stm32f1xx_hal_tim.o
HAL_TIM_Encoder_Start_DMA                         build/stm32f1xx_hal_tim.o
HAL_TIM_Encoder_Start_IT                          build/stm32f1xx_hal_tim.o
HAL_TIM_Encoder_Stop                              build/stm32f1xx_hal_tim.o
HAL_TIM_Encoder_Stop_DMA                          build/stm32f1xx_hal_tim.o
HAL_TIM_Encoder_Stop_IT                           build/stm32f1xx_hal_tim.o
HAL_TIM_ErrorCallback                             build/stm32f1xx_hal_tim.o
                                                  build/stm32f1xx_hal_tim_ex.o
HAL_TIM_GenerateEvent                             build/stm32f1xx_hal_tim.o
HAL_TIM_GetActiveChannel                          build/stm32f1xx_hal_tim.o
HAL_TIM_GetChannelState                           build/stm32f1xx_hal_tim.o
HAL_TIM_IC_CaptureCallback                        build/stm32f1xx_hal_tim.o
HAL_TIM_IC_CaptureHalfCpltCallback                build/stm32f1xx_hal_tim.o
HAL_TIM_IC_ConfigChannel                          build/stm32f1xx_hal_tim.o
HAL_TIM_IC_DeInit                                 build/stm32f1xx_hal_tim.o
HAL_TIM_IC_GetState                               build/stm32f1xx_hal_tim.o
HAL_TIM_IC_Init                                   build/stm32f1xx_hal_tim.o
HAL_TIM_IC_MspDeInit                              build/stm32f1xx_hal_tim.o
HAL_TIM_IC_MspInit                                build/stm32f1xx_hal_tim.o
HAL_TIM_IC_Start                                  build/stm32f1xx_hal_tim.o
HAL_TIM_IC_Start_DMA                              build/stm32f1xx_hal_tim.o
HAL_TIM_IC_Start_IT                               build/stm32f1xx_hal_tim.o
HAL_TIM_IC_Stop                                   build/stm32f1xx_hal_tim.o
HAL_TIM_IC_Stop_DMA                               build/stm32f1xx_hal_tim.o
HAL_TIM_IC_Stop_IT                                build/stm32f1xx_hal_tim.o
HAL_TIM_IRQHandler                                build/stm32f1xx_hal_tim.o
HAL_TIM_OC_ConfigChannel                          build/stm32f1xx_hal_tim.o
HAL_TIM_OC_DeInit                                 build/stm32f1xx_hal_tim.o
HAL_TIM_OC_DelayElapsedCallback                   build/stm32f1xx_hal_tim.o
HAL_TIM_OC_GetState                               build/stm32f1xx_hal_tim.o
HAL_TIM_OC_Init                                   build/stm32f1xx_hal_tim.o
HAL_TIM_OC_MspDeInit                              build/stm32f1xx_hal_tim.o
HAL_TIM_OC_MspInit                                build/stm32f1xx_hal_tim.o
HAL_TIM_OC_Start                                  build/stm32f1xx_hal_tim.o
HAL_TIM_OC_Start_DMA                              build/stm32f1xx_hal_tim.o
HAL_TIM_OC_Start_IT                               build/stm32f1xx_hal_tim.o
HAL_TIM_OC_Stop                                   build/stm32f1xx_hal_tim.o
HAL_TIM_OC_Stop_DMA                               build/stm32f1xx_hal_tim.o
HAL_TIM_OC_Stop_IT                                build/stm32f1xx_hal_tim.o
HAL_TIM_OnePulse_ConfigChannel                    build/stm32f1xx_hal_tim.o
HAL_TIM_OnePulse_DeInit                           build/stm32f1xx_hal_tim.o
HAL_TIM_OnePulse_GetState                         build/stm32f1xx_hal_tim.o
HAL_TIM_OnePulse_Init                             build/stm32f1xx_hal_tim.o
HAL_TIM_OnePulse_MspDeInit                        build/stm32f1xx_hal_tim.o
HAL_TIM_OnePulse_MspInit                          build/stm32f1xx_hal_tim.o
HAL_TIM_OnePulse_Start                            build/stm32f1xx_hal_tim.o
HAL_TIM_OnePulse_Start_IT                         build/stm32f1xx_hal_tim.o
HAL_TIM_OnePulse_Stop                             build/stm32f1xx_hal_tim.o
HAL_TIM_OnePulse_Stop_IT                          build/stm32f1xx_hal_tim.o
HAL_TIM_PWM_ConfigChannel                         build/stm32f1xx_hal_tim.o
                                                  build/timer_Driver.o
HAL_TIM_PWM_DeInit                                build/stm32f1xx_hal_tim.o
HAL_TIM_PWM_GetState                              build/stm32f1xx_hal_tim.o
HAL_TIM_PWM_Init                                  build/stm32f1xx_hal_tim.o
                                                  build/timer_Driver.o
HAL_TIM_PWM_MspDeInit                             build/stm32f1xx_hal_tim.o
HAL_TIM_PWM_MspInit                               build/stm32f1xx_hal_tim.o
HAL_TIM_PWM_PulseFinishedCallback                 build/stm32f1xx_hal_tim.o
                                                  build/stm32f1xx_hal_tim_ex.o
HAL_TIM_PWM_PulseFinishedHalfCpltCallback         build/stm32f1xx_hal_tim.o
HAL_TIM_PWM_Start                                 build/stm32f1xx_hal_tim.o
                                                  build/timer_Driver.o
HAL_TIM_PWM_Start_DMA                             build/stm32f1xx_hal_tim.o
HAL_TIM_PWM_Start_IT                              build/stm32f1xx_hal_tim.o
HAL_TIM_PWM_Stop                                  build/stm32f1xx_hal_tim.o
HAL_TIM_PWM_Stop_DMA                              build/stm32f1xx_hal_tim.o
HAL_TIM_PWM_Stop_IT                               build/stm32f1xx_hal_tim.o
HAL_TIM_PeriodElapsedCallback                     build/stm32f1xx_hal_tim.o
HAL_TIM_PeriodElapsedHalfCpltCallback             build/stm32f1xx_hal_tim.o
HAL_TIM_ReadCapturedValue                         build/stm32f1xx_hal_tim.o
HAL_TIM_SlaveConfigSynchro                        build/stm32f1xx_hal_tim.o
HAL_TIM_SlaveConfigSynchro_IT                     build/stm32f1xx_hal_tim.o
HAL_TIM_TriggerCallback                           build/stm32f1xx_hal_tim.o
HAL_TIM_TriggerHalfCpltCallback                   build/stm32f1xx_hal_tim.o
HAL_UARTEx_GetRxEventType                         build/stm32f1xx_hal_uart.o
HAL_UARTEx_ReceiveToIdle                          build/stm32f1xx_hal_uart.o
HAL_UARTEx_ReceiveToIdle_DMA                      build/stm32f1xx_hal_uart.o
HAL_UARTEx_ReceiveToIdle_IT                       build/stm32f1xx_hal_uart.o
HAL_UARTEx_RxEventCallback                        build/stm32f1xx_hal_uart.o
HAL_UART_Abort                                    build/stm32f1xx_hal_uart.o
HAL_UART_AbortCpltCallback                        build/stm32f1xx_hal_uart.o
HAL_UART_AbortReceive                             build/stm32f1xx_hal_uart.o
HAL_UART_AbortReceiveCpltCallback                 build/stm32f1xx_hal_uart.o
HAL_UART_AbortReceive_IT                          build/stm32f1xx_hal_uart.o
HAL_UART_AbortTransmit                            build/stm32f1xx_hal_uart.o
HAL_UART_AbortTransmitCpltCallback                build/stm32f1xx_hal_uart.o
HAL_UART_AbortTransmit_IT                         build/stm32f1xx_hal_uart.o
HAL_UART_Abort_IT                                 build/stm32f1xx_hal_uart.o
HAL_UART_DMAPause                                 build/stm32f1xx_hal_uart.o
HAL_UART_DMAResume                                build/stm32f1xx_hal_uart.o
HAL_UART_DMAStop                                  build/stm32f1xx_hal_uart.o
HAL_UART_DeInit                                   build/stm32f1xx_hal_uart.o
HAL_UART_ErrorCallback                            build/stm32f1xx_hal_uart.o
HAL_UART_GetError                                 build/stm32f1xx_hal_uart.o
HAL_UART_GetState                                 build/stm32f1xx_hal_uart.o
HAL_UART_IRQHandler                               build/stm32f1xx_hal_uart.o
HAL_UART_Init                                     build/stm32f1xx_hal_uart.o
                                                  build/usart_Driver.o
HAL_UART_MspDeInit                                build/stm32f1xx_hal_uart.o
HAL_UART_MspInit                                  build/stm32f1xx_hal_uart.o
HAL_UART_Receive                                  build/stm32f1xx_hal_uart.o
                                                  build/usart_Driver.o
HAL_UART_Receive_DMA                              build/stm32f1xx_hal_uart.o
HAL_UART_Receive_IT                               build/stm32f1xx_hal_uart.o
HAL_UART_RxCpltCallback                           build/stm32f1xx_hal_uart.o
HAL_UART_RxHalfCpltCallback                       build/stm32f1xx_hal_uart.o
HAL_UART_Transmit                                 build/stm32f1xx_hal_uart.o
                                                  build/usart_Driver.o
HAL_UART_Transmit_DMA                             build/stm32f1xx_hal_uart.o
HAL_UART_Transmit_IT                              build/stm32f1xx_hal_uart.o
HAL_UART_TxCpltCallback                           build/stm32f1xx_hal_uart.o
HAL_UART_TxHalfCpltCallback                       build/stm32f1xx_hal_uart.o
HardFault_Handler                                 build/stm32f1xx_it.o
High_lim                                          build/main.o
I2C1_ER_IRQHandler                                build/startup_stm32f103xb.o
I2C1_EV_IRQHandler                                build/startup_stm32f103xb.o
I2C2_ER_IRQHandler                                build/startup_stm32f103xb.o
I2C2_EV_IRQHandler                                build/startup_stm32f103xb.o
Kb                                                build/main.o
Kd                                                build/main.o
Ki                                                build/main.o
Kp                                                build/main.o
LED_PC13                                          build/gpio_Driver.o
                                                  build/main.o
Low_lim                                           build/main.o
MX_GPIO_Init                                      build/SysConfig.o
                                                  build/main.o
MemManage_Handler                                 build/stm32f1xx_it.o
NMI_Handler                                       build/stm32f1xx_it.o
PID                                               build/main.o
PVD_IRQHandler                                    build/startup_stm32f103xb.o
PWM_Set                                           build/timer_Driver.o
                                                  build/main.o
PWM_init                                          build/timer_Driver.o
                                                  build/main.o
PendSV_Handler                                    build/port.o
RCC_IRQHandler                                    build/startup_stm32f103xb.o
RTC_Alarm_IRQHandler                              build/startup_stm32f103xb.o
RTC_IRQHandler                                    build/startup_stm32f103xb.o
Reset_Handler                                     build/startup_stm32f103xb.o
RotationMode                                      build/gpio_Driver.o
                                                  build/main.o
Rotation_Init                                     build/gpio_Driver.o
                                                  build/timer_Driver.o
SPI1_IRQHandler                                   build/startup_stm32f103xb.o
SPI2_IRQHandler                                   build/startup_stm32f103xb.o
SVC_Handler                                       build/port.o
SendString                                        build/usart_Driver.o
SetPoint                                          build/main.o
SysTick_Handler                                   build/port.o
SystemClock_Config                                build/SysConfig.o
                                                  build/main.o
SystemCoreClock                                   build/system_stm32f1xx.o
                                                  build/port.o
                                                  build/stm32f1xx_hal_rcc.o
                                                  build/stm32f1xx_hal.o
SystemCoreClockUpdate                             build/system_stm32f1xx.o
SystemInit                                        build/system_stm32f1xx.o
                                                  build/startup_stm32f103xb.o
TAMPER_IRQHandler                                 build/startup_stm32f103xb.o
TIM1_BRK_IRQHandler                               build/startup_stm32f103xb.o
TIM1_CC_IRQHandler                                build/startup_stm32f103xb.o
TIM1_TRG_COM_IRQHandler                           build/startup_stm32f103xb.o
TIM1_UP_IRQHandler                                build/startup_stm32f103xb.o
TIM2_IRQHandler                                   build/main.o
TIM3_IRQHandler                                   build/startup_stm32f103xb.o
TIM4_IRQHandler                                   build/main.o
TIMEx_DMACommutationCplt                          build/stm32f1xx_hal_tim_ex.o
                                                  build/stm32f1xx_hal_tim.o
TIMEx_DMACommutationHalfCplt                      build/stm32f1xx_hal_tim_ex.o
                                                  build/stm32f1xx_hal_tim.o
TIM_Base_SetConfig                                build/stm32f1xx_hal_tim.o
                                                  build/stm32f1xx_hal_tim_ex.o
TIM_CCxChannelCmd                                 build/stm32f1xx_hal_tim.o
                                                  build/stm32f1xx_hal_tim_ex.o
TIM_DMACaptureCplt                                build/stm32f1xx_hal_tim.o
                                                  build/stm32f1xx_hal_tim_ex.o
TIM_DMACaptureHalfCplt                            build/stm32f1xx_hal_tim.o
                                                  build/stm32f1xx_hal_tim_ex.o
TIM_DMADelayPulseHalfCplt                         build/stm32f1xx_hal_tim.o
                                                  build/stm32f1xx_hal_tim_ex.o
TIM_DMAError                                      build/stm32f1xx_hal_tim.o
                                                  build/stm32f1xx_hal_tim_ex.o
TIM_ETR_SetConfig                                 build/stm32f1xx_hal_tim.o
TIM_OC2_SetConfig                                 build/stm32f1xx_hal_tim.o
                                                  build/stm32f1xx_hal_tim_ex.o
TIM_TI1_SetConfig                                 build/stm32f1xx_hal_tim.o
                                                  build/stm32f1xx_hal_tim_ex.o
Ts                                                build/main.o
UARTQueue                                         build/main.o
                                                  build/usart_Driver.o
UART_Start_Receive_DMA                            build/stm32f1xx_hal_uart.o
UART_Start_Receive_IT                             build/stm32f1xx_hal_uart.o
USART1_IRQHandler                                 build/usart_Driver.o
USART1_Init                                       build/usart_Driver.o
                                                  build/main.o
USART2_IRQHandler                                 build/startup_stm32f103xb.o
USART3_IRQHandler                                 build/startup_stm32f103xb.o
USBWakeUp_IRQHandler                              build/startup_stm32f103xb.o
USB_HP_CAN1_TX_IRQHandler                         build/startup_stm32f103xb.o
USB_LP_CAN1_RX0_IRQHandler                        build/startup_stm32f103xb.o
UsageFault_Handler                                build/stm32f1xx_it.o
WWDG_IRQHandler                                   build/startup_stm32f103xb.o
_ITM_deregisterTMCloneTable                       C:/Arm-gnu-toolchain/bin/../lib/gcc/arm-none-eabi/13.3.1/thumb/v7-m/nofp/crtbegin.o
_ITM_registerTMCloneTable                         C:/Arm-gnu-toolchain/bin/../lib/gcc/arm-none-eabi/13.3.1/thumb/v7-m/nofp/crtbegin.o
_Min_Stack_Size                                   build/sysmem.o
__TMC_END__                                       C:/Arm-gnu-toolchain/bin/../lib/gcc/arm-none-eabi/13.3.1/thumb/v7-m/nofp/crtend.o
                                                  C:/Arm-gnu-toolchain/bin/../lib/gcc/arm-none-eabi/13.3.1/thumb/v7-m/nofp/crtbegin.o
__adddf3                                          C:/Arm-gnu-toolchain/bin/../lib/gcc/arm-none-eabi/13.3.1/thumb/v7-m/nofp\libgcc.a(_arm_addsubdf3.o)
__addsf3                                          C:/Arm-gnu-toolchain/bin/../lib/gcc/arm-none-eabi/13.3.1/thumb/v7-m/nofp\libgcc.a(_arm_addsubsf3.o)
__aeabi_cdcmpeq                                   C:/Arm-gnu-toolchain/bin/../lib/gcc/arm-none-eabi/13.3.1/thumb/v7-m/nofp\libgcc.a(_arm_cmpdf2.o)
__aeabi_cdcmple                                   C:/Arm-gnu-toolchain/bin/../lib/gcc/arm-none-eabi/13.3.1/thumb/v7-m/nofp\libgcc.a(_arm_cmpdf2.o)
__aeabi_cdrcmple                                  C:/Arm-gnu-toolchain/bin/../lib/gcc/arm-none-eabi/13.3.1/thumb/v7-m/nofp\libgcc.a(_arm_cmpdf2.o)
__aeabi_cfcmpeq                                   C:/Arm-gnu-toolchain/bin/../lib/gcc/arm-none-eabi/13.3.1/thumb/v7-m/nofp\libgcc.a(_arm_cmpsf2.o)
__aeabi_cfcmple                                   C:/Arm-gnu-toolchain/bin/../lib/gcc/arm-none-eabi/13.3.1/thumb/v7-m/nofp\libgcc.a(_arm_cmpsf2.o)
__aeabi_cfrcmple                                  C:/Arm-gnu-toolchain/bin/../lib/gcc/arm-none-eabi/13.3.1/thumb/v7-m/nofp\libgcc.a(_arm_cmpsf2.o)
__aeabi_d2f                                       C:/Arm-gnu-toolchain/bin/../lib/gcc/arm-none-eabi/13.3.1/thumb/v7-m/nofp\libgcc.a(_arm_truncdfsf2.o)
                                                  build/main.o
__aeabi_d2iz                                      C:/Arm-gnu-toolchain/bin/../lib/gcc/arm-none-eabi/13.3.1/thumb/v7-m/nofp\libgcc.a(_arm_fixdfsi.o)
                                                  build/printf.o
__aeabi_d2uiz                                     C:/Arm-gnu-toolchain/bin/../lib/gcc/arm-none-eabi/13.3.1/thumb/v7-m/nofp\libgcc.a(_arm_fixunsdfsi.o)
                                                  build/printf.o
__aeabi_dadd                                      C:/Arm-gnu-toolchain/bin/../lib/gcc/arm-none-eabi/13.3.1/thumb/v7-m/nofp\libgcc.a(_arm_addsubdf3.o)
                                                  build/printf.o
                                                  build/main.o
__aeabi_dcmpeq                                    C:/Arm-gnu-toolchain/bin/../lib/gcc/arm-none-eabi/13.3.1/thumb/v7-m/nofp\libgcc.a(_arm_cmpdf2.o)
                                                  build/printf.o
__aeabi_dcmpge                                    C:/Arm-gnu-toolchain/bin/../lib/gcc/arm-none-eabi/13.3.1/thumb/v7-m/nofp\libgcc.a(_arm_cmpdf2.o)
                                                  build/printf.o
__aeabi_dcmpgt                                    C:/Arm-gnu-toolchain/bin/../lib/gcc/arm-none-eabi/13.3.1/thumb/v7-m/nofp\libgcc.a(_arm_cmpdf2.o)
                                                  build/printf.o
__aeabi_dcmple                                    C:/Arm-gnu-toolchain/bin/../lib/gcc/arm-none-eabi/13.3.1/thumb/v7-m/nofp\libgcc.a(_arm_cmpdf2.o)
                                                  build/printf.o
__aeabi_dcmplt                                    C:/Arm-gnu-toolchain/bin/../lib/gcc/arm-none-eabi/13.3.1/thumb/v7-m/nofp\libgcc.a(_arm_cmpdf2.o)